Archive member included because of file (symbol)

lib/STM32F10x_StdPeriph_Driver/libstm32fw.a(misc.o)
                              Util/USB/hw_config.o (NVIC_PriorityGroupConfig)
lib/STM32F10x_StdPeriph_Driver/libstm32fw.a(stm32f10x_adc.o)
                              adc.o (ADC_DeInit)
lib/STM32F10x_StdPeriph_Driver/libstm32fw.a(stm32f10x_bkp.o)
                              Util/fat_fs/src/rtc.o (BKP_DeInit)
lib/STM32F10x_StdPeriph_Driver/libstm32fw.a(stm32f10x_dbgmcu.o)
                              main.o (DBGMCU_Config)
lib/STM32F10x_StdPeriph_Driver/libstm32fw.a(stm32f10x_dma.o)
                              Util/fat_fs/src/sd_spi_stm32.o (DMA_DeInit)
lib/STM32F10x_StdPeriph_Driver/libstm32fw.a(stm32f10x_exti.o)
                              interrupts.o (EXTI_DeInit)
lib/STM32F10x_StdPeriph_Driver/libstm32fw.a(stm32f10x_gpio.o)
                              Util/fat_fs/src/sd_spi_stm32.o (GPIO_Init)
lib/STM32F10x_StdPeriph_Driver/libstm32fw.a(stm32f10x_i2c.o)
                              i2c_int.o (I2C_DeInit)
lib/STM32F10x_StdPeriph_Driver/libstm32fw.a(stm32f10x_iwdg.o)
                              watchdog.o (IWDG_WriteAccessCmd)
lib/STM32F10x_StdPeriph_Driver/libstm32fw.a(stm32f10x_pwr.o)
                              pwr.o (PWR_DeInit)
lib/STM32F10x_StdPeriph_Driver/libstm32fw.a(stm32f10x_rcc.o)
                              interrupts.o (RCC_HCLKConfig)
lib/STM32F10x_StdPeriph_Driver/libstm32fw.a(stm32f10x_rtc.o)
                              Util/fat_fs/src/rtc.o (RTC_GetCounter)
lib/STM32F10x_StdPeriph_Driver/libstm32fw.a(stm32f10x_spi.o)
                              Util/fat_fs/src/sd_spi_stm32.o (SPI_I2S_DeInit)
lib/STM32F10x_StdPeriph_Driver/libstm32fw.a(stm32f10x_tim.o)
                              timer.o (TIM_DeInit)
lib/STM32F10x_StdPeriph_Driver/libstm32fw.a(stm32f10x_usart.o)
                              usart.o (USART_Init)
lib/STM32_USB-FS-Device_Driver/libstm32usb.a(usb_core.o)
                              Util/USB/usb_prop.o (Standard_GetDescriptorData)
lib/STM32_USB-FS-Device_Driver/libstm32usb.a(usb_init.o)
                              main.o (USB_Init)
lib/STM32_USB-FS-Device_Driver/libstm32usb.a(usb_int.o)
                              Util/USB/usb_istr.o (CTR_LP)
lib/STM32_USB-FS-Device_Driver/libstm32usb.a(usb_mem.o)
                              lib/STM32_USB-FS-Device_Driver/libstm32usb.a(usb_core.o) (UserToPMABufferCopy)
lib/STM32_USB-FS-Device_Driver/libstm32usb.a(usb_regs.o)
                              Util/USB/usb_prop.o (SetBTABLE)
lib/STM32_USB-FS-Device_Driver/libstm32usb.a(usb_sil.o)
                              Util/USB/usb_prop.o (USB_SIL_Init)
/home/laurence/CodeSourcery/Sourcery_G++_Lite/bin/../lib/gcc/arm-none-eabi/4.5.2/../../../../arm-none-eabi/lib/thumb2/libm.a(lib_a-sf_sin.o)
                              Sensors/ppg.o (sinf)
/home/laurence/CodeSourcery/Sourcery_G++_Lite/bin/../lib/gcc/arm-none-eabi/4.5.2/../../../../arm-none-eabi/lib/thumb2/libm.a(lib_a-w_sqrt.o)
                              Sensors/ppg.o (sqrt)
/home/laurence/CodeSourcery/Sourcery_G++_Lite/bin/../lib/gcc/arm-none-eabi/4.5.2/../../../../arm-none-eabi/lib/thumb2/libm.a(lib_a-wf_asin.o)
                              Sensors/ppg.o (asinf)
/home/laurence/CodeSourcery/Sourcery_G++_Lite/bin/../lib/gcc/arm-none-eabi/4.5.2/../../../../arm-none-eabi/lib/thumb2/libm.a(lib_a-e_sqrt.o)
                              /home/laurence/CodeSourcery/Sourcery_G++_Lite/bin/../lib/gcc/arm-none-eabi/4.5.2/../../../../arm-none-eabi/lib/thumb2/libm.a(lib_a-w_sqrt.o) (__ieee754_sqrt)
/home/laurence/CodeSourcery/Sourcery_G++_Lite/bin/../lib/gcc/arm-none-eabi/4.5.2/../../../../arm-none-eabi/lib/thumb2/libm.a(lib_a-ef_asin.o)
                              /home/laurence/CodeSourcery/Sourcery_G++_Lite/bin/../lib/gcc/arm-none-eabi/4.5.2/../../../../arm-none-eabi/lib/thumb2/libm.a(lib_a-wf_asin.o) (__ieee754_asinf)
/home/laurence/CodeSourcery/Sourcery_G++_Lite/bin/../lib/gcc/arm-none-eabi/4.5.2/../../../../arm-none-eabi/lib/thumb2/libm.a(lib_a-ef_rem_pio2.o)
                              /home/laurence/CodeSourcery/Sourcery_G++_Lite/bin/../lib/gcc/arm-none-eabi/4.5.2/../../../../arm-none-eabi/lib/thumb2/libm.a(lib_a-sf_sin.o) (__ieee754_rem_pio2f)
/home/laurence/CodeSourcery/Sourcery_G++_Lite/bin/../lib/gcc/arm-none-eabi/4.5.2/../../../../arm-none-eabi/lib/thumb2/libm.a(lib_a-ef_sqrt.o)
                              /home/laurence/CodeSourcery/Sourcery_G++_Lite/bin/../lib/gcc/arm-none-eabi/4.5.2/../../../../arm-none-eabi/lib/thumb2/libm.a(lib_a-ef_asin.o) (__ieee754_sqrtf)
/home/laurence/CodeSourcery/Sourcery_G++_Lite/bin/../lib/gcc/arm-none-eabi/4.5.2/../../../../arm-none-eabi/lib/thumb2/libm.a(lib_a-kf_cos.o)
                              /home/laurence/CodeSourcery/Sourcery_G++_Lite/bin/../lib/gcc/arm-none-eabi/4.5.2/../../../../arm-none-eabi/lib/thumb2/libm.a(lib_a-sf_sin.o) (__kernel_cosf)
[...]
Memory Configuration

Name             Origin             Length             Attributes
ram              0x20000000         0x00005000         xrw
rom              0x08000000         0x00020000         xr
*default*        0x00000000         0xffffffff

Linker script and memory map

LOAD /home/laurence/CodeSourcery/Sourcery_G++_Lite/bin/../lib/gcc/arm-none-eabi/4.5.2/thumb2/crti.o
LOAD /home/laurence/CodeSourcery/Sourcery_G++_Lite/bin/../lib/gcc/arm-none-eabi/4.5.2/thumb2/crtbegin.o
LOAD Sensors/ppg.o
LOAD Sensors/pressure.o
LOAD Sensors/temperature.o
LOAD Util/USB/hw_config.o
LOAD Util/USB/mass_mal.o
LOAD Util/USB/memory.o
LOAD Util/USB/scsi_data.o
LOAD Util/USB/usb_bot.o
LOAD Util/USB/usb_desc.o
LOAD Util/USB/usb_endp.o
LOAD Util/USB/usb_istr.o
LOAD Util/USB/usb_prop.o
LOAD Util/USB/usb_pwr.o
LOAD Util/USB/usb_scsi.o
LOAD Util/buffer.o
LOAD Util/delay.o
LOAD Util/fat_fs/option/cc932.o
LOAD Util/fat_fs/option/syscall.o
LOAD Util/fat_fs/src/fattime.o
LOAD Util/fat_fs/src/ff.o
LOAD Util/fat_fs/src/rtc.o
LOAD Util/fat_fs/src/sd_spi_stm32.o
LOAD Util/rprintf.o
LOAD Util/stm32_eval_spi_sd.o
LOAD adc.o
LOAD gpio.o
LOAD i2c_int.o
LOAD interrupts.o
LOAD lib/CMSIS_CM3/core_cm3.o
LOAD lib/CMSIS_CM3/startup/gcc/startup_stm32f10x_md.o
LOAD lib/CMSIS_CM3/system_stm32f10x.o
LOAD main.o
LOAD pwr.o
LOAD timer.o
LOAD usart.o
LOAD watchdog.o
LOAD lib/STM32F10x_StdPeriph_Driver/libstm32fw.a
LOAD lib/STM32_USB-FS-Device_Driver/libstm32usb.a
LOAD /home/laurence/CodeSourcery/Sourcery_G++_Lite/bin/../lib/gcc/arm-none-eabi/4.5.2/../../../../arm-none-eabi/lib/thumb2/libm.a
START GROUP
LOAD /home/laurence/CodeSourcery/Sourcery_G++_Lite/bin/../lib/gcc/arm-none-eabi/4.5.2/thumb2/libgcc.a
LOAD /home/laurence/CodeSourcery/Sourcery_G++_Lite/bin/../lib/gcc/arm-none-eabi/4.5.2/../../../../arm-none-eabi/lib/thumb2/libc.a
END GROUP
LOAD /home/laurence/CodeSourcery/Sourcery_G++_Lite/bin/../lib/gcc/arm-none-eabi/4.5.2/thumb2/crtend.o
LOAD /home/laurence/CodeSourcery/Sourcery_G++_Lite/bin/../lib/gcc/arm-none-eabi/4.5.2/thumb2/crtn.o
START GROUP
LOAD /home/laurence/CodeSourcery/Sourcery_G++_Lite/bin/../lib/gcc/arm-none-eabi/4.5.2/thumb2/libgcc.a
LOAD /home/laurence/CodeSourcery/Sourcery_G++_Lite/bin/../lib/gcc/arm-none-eabi/4.5.2/../../../../arm-none-eabi/lib/thumb2/libc.a
LOAD /home/laurence/CodeSourcery/Sourcery_G++_Lite/bin/../lib/gcc/arm-none-eabi/4.5.2/../../../../arm-none-eabi/lib/thumb2/libcs3.a
LOAD /home/laurence/CodeSourcery/Sourcery_G++_Lite/bin/../lib/gcc/arm-none-eabi/4.5.2/../../../../arm-none-eabi/lib/thumb2/libcs3unhosted.a
LOAD lib/libcs3-lanchon-stm32.a
END GROUP
                0x20005000                PROVIDE (__cs3_stack, (__cs3_region_start_ram + __cs3_region_size_ram))
                0x20001500                PROVIDE (__cs3_heap_start, _end)
                0x20005000                PROVIDE (__cs3_heap_end, (__cs3_region_start_ram + __cs3_region_size_ram))

.text           0x08000000    0x1ba78
 CREATE_OBJECT_SYMBOLS
                0x08000000                __cs3_region_start_rom = .
 *(.cs3.region-head.rom)
                0x08000000                __cs3_interrupt_vector = __cs3_interrupt_vector_lanchon_stm32
 *(.cs3.interrupt_vector)
 .cs3.interrupt_vector
                0x08000000       0xec lib/libcs3-lanchon-stm32.a(lanchon-stm32-vector.o)
                0x08000000                __cs3_interrupt_vector_lanchon_stm32
                0x08000001                ASSERT ((. != __cs3_interrupt_vector_lanchon_stm32), No interrupt vector)
 *(.rom)
 *(.rom.b)
                0x08013cbc                PROVIDE (__cs3_reset_lanchon_stm32, _start)
                0x08013cbc                __cs3_reset = __cs3_reset_lanchon_stm32
 *(.cs3.reset)
 *(.text .text.* .gnu.linkonce.t.*)
 .text          0x080000ec       0x30 /home/laurence/CodeSourcery/Sourcery_G++_Lite/bin/../lib/gcc/arm-none-eabi/4.5.2/thumb2/crtbegin.o
 *fill*         0x0800011c        0x4 00
 .text          0x08000120      0x560 Sensors/ppg.o
                0x08000120                PPG_LO_Filter
                0x0800043c                PPG_Automatic_Brightness_Control
                0x080005bc                PPG_correct_brightness
                0x08000648                PWM_Linear
 .text          0x08000680      0x258 Sensors/pressure.o
                0x08000680                calibrate_sensor
                0x080006cc                conv_adc_diff
                0x08000704                conv_diff
                0x08000734                filterloop
 .text          0x080008d8       0x50 Sensors/temperature.o
                0x080008d8                convert_die_temp
                0x080008f4                convert_tmp102_temp
 .text          0x08000928      0x2a0 Util/USB/hw_config.o
                0x08000928                Set_System
                0x08000930                Set_USBClock
                0x08000948                Enter_LowPowerMode
                0x08000954                Leave_LowPowerMode
                0x08000974                USB_Interrupts_Config
                0x080009b8                Led_RW_ON
                0x080009c8                Led_RW_OFF
                0x080009d8                USB_Configured_LED
                0x080009e8                USB_NotConfigured_LED
                0x080009f8                USB_Cable_Config
                0x080009fc                Get_SerialNum
                0x08000bc0                MAL_Config
 .text          0x08000bc8       0xe4 Util/USB/mass_mal.o
                0x08000bc8                MAL_Init
                0x08000c14                MAL_Write
                0x08000c38                MAL_Read
                0x08000c5c                MAL_GetStatus
 .text          0x08000cac      0x1d8 Util/USB/memory.o
                0x08000cac                Read_Memory
                0x08000d90                Write_Memory
 .text          0x08000e84      0x628 Util/USB/usb_bot.o
                0x08000e84                Mass_Storage_In
                0x08000f0c                CBW_Decode
                0x0800136c                Mass_Storage_Out
                0x080013fc                Transfer_Data_Request
                0x08001430                Set_CSW
                0x0800146c                Bot_Abort
 .text          0x080014ac        0x8 Util/USB/usb_endp.o
                0x080014ac                EP1_IN_Callback
                0x080014b0                EP2_OUT_Callback
 .text          0x080014b4       0xf0 Util/USB/usb_istr.o
                0x080014b4                USB_Istr
 .text          0x080015a4      0x268 Util/USB/usb_prop.o
                0x080015a4                Mass_Storage_SetDeviceAddress
                0x080015b0                MASS_Status_In
                0x080015b4                MASS_Status_Out
                0x080015b8                MASS_Get_Interface_Setting
                0x080015c8                Get_Max_Lun
                0x080015e0                MASS_Data_Setup
                0x08001624                MASS_GetStringDescriptor
                0x08001644                MASS_GetConfigDescriptor
                0x08001650                MASS_GetDeviceDescriptor
                0x0800165c                MASS_NoData_Setup
                0x080016ac                Mass_Storage_SetConfiguration
                0x080016dc                Mass_Storage_ClearFeature
                0x080016f8                MASS_Reset
                0x080017e8                MASS_init
 .text          0x0800180c      0x1c4 Util/USB/usb_pwr.o
                0x0800180c                PowerOn
                0x0800183c                PowerOff
                0x08001860                Suspend
                0x080018a4                Resume_Init
                0x080018e4                Resume
 .text          0x080019d0      0x460 Util/USB/usb_scsi.o
                0x080019d0                SCSI_Inquiry_Cmd
                0x08001a08                SCSI_ReadFormatCapacity_Cmd
                0x08001a7c                SCSI_ReadCapacity10_Cmd
                0x08001af8                SCSI_ModeSense6_Cmd
                0x08001b04                SCSI_ModeSense10_Cmd
                0x08001b10                SCSI_RequestSense_Cmd
                0x08001b28                Set_Scsi_Sense_Data
                0x08001b34                SCSI_Start_Stop_Unit_Cmd
                0x08001b3c                SCSI_Read10_Cmd
                0x08001bec                SCSI_Write10_Cmd
                0x08001c98                SCSI_Verify10_Cmd
                0x08001cd8                SCSI_Valid_Cmd
                0x08001d10                SCSI_TestUnitReady_Cmd
                0x08001d44                SCSI_Format_Cmd
                0x08001d70                SCSI_Invalid_Cmd
                0x08001dac                SCSI_Address_Management
 .text          0x08001e30       0x78 Util/buffer.o
                0x08001e30                Add_To_Buffer
                0x08001e64                Get_From_Buffer
                0x08001e94                init_buffer
 .text          0x08001ea8       0x34 Util/delay.o
                0x08001ea8                Delay
 .text          0x08001edc      0x25c Util/fat_fs/option/cc932.o
                0x08001edc                ff_convert
                0x08002108                ff_wtoupper
 .text          0x08002138       0x48 Util/fat_fs/src/fattime.o
                0x08002138                get_fattime
 .text          0x08002180     0x643c Util/fat_fs/src/ff.o
                0x08002a68                clust2sect
                0x08002a84                get_fat
                0x08003028                put_fat
                0x08004dcc                gen_numname
                0x08005a64                f_mount
                0x08005a84                f_open
                0x08005ef0                f_read
                0x080062d8                f_write
                0x0800670c                f_sync
                0x080068e4                f_close
                0x080068f4                f_lseek
                0x08006ac0                f_opendir
                0x08006b2c                f_readdir
                0x08006ba0                f_stat
                0x08006be8                f_getfree
                0x08006e4c                f_truncate
                0x08006fbc                f_unlink
                0x080070d4                f_mkdir
                0x080074fc                f_chmod
                0x08007558                f_utime
                0x080075b8                f_rename
                0x08007878                f_gets
                0x08007994                f_putc
                0x080079b8                f_puts
                0x080079f4                f_printf
 .text          0x080085bc      0x484 Util/fat_fs/src/rtc.o
                0x080085bc                rtc_gettime
                0x0800873c                my_RTC_SetCounter
                0x08008760                rtc_settime
                0x08008994                rtc_init
 .text          0x08008a40      0xf98 Util/fat_fs/src/sd_spi_stm32.o
                0x08008e68                disk_initialize
                0x08009014                disk_status
                0x08009024                disk_read
                0x080091a0                disk_write
                0x08009340                disk_ioctl
                0x0800999c                disk_timerproc
 .text          0x080099d8     0x182c Util/rprintf.o
                0x080099d8                rprintfInit
                0x080099e4                rprintfChar
                0x08009a0c                rprintfStr
                0x08009a44                rprintfStrLen
                0x08009c08                rprintfCRLF
                0x08009c20                rprintfu04
                0x08009c4c                rprintfu08
                0x08009c94                rprintfu16
                0x08009d30                rprintfu32
                0x08009e7c                rprintfNum
                0x0800a0ec                rprintfFloat
                0x0800a3b0                rprintf2RamRom
                0x0800b1ac                Isdigit
                0x0800b1bc                atoiRamRom
                0x0800b1f4                rStrLen
 .text          0x0800b204      0x23c adc.o
                0x0800b204                ADC_Configuration
                0x0800b3c0                readADC2
                0x0800b3f8                setADC2
                0x0800b418                getADC2
 .text          0x0800b440      0x240 gpio.o
                0x0800b440                setup_gpio
                0x0800b5f4                switch_leds_on
                0x0800b61c                switch_leds_off
                0x0800b644                red_flash
                0x0800b674                get_wkup
 .text          0x0800b680      0x86c i2c_int.o
                0x0800b680                I2C1_EV_IRQHandler
                0x0800bc00                I2C1_Request_Job
                0x0800bc54                I2C1_Setup_Job
                0x0800bc68                I2C_Config
                0x0800bdf0                I2C1_ER_IRQHandler
 *fill*         0x0800beec        0x4 00
 .text          0x0800bef0      0x608 interrupts.o
                0x0800bef0                ISR_Config
                0x0800bf64                EXTI_ONOFF_EN
                0x0800bfc4                DMA_ISR_Config
                0x0800bfe8                SysTick_Configuration
                0x0800c020                EXTI0_IRQHandler
                0x0800c0ac                DMAChannel1_IRQHandler
                0x0800c164                ADC1_2_IRQHandler
                0x0800c1f8                SysTickHandler
                0x0800c4ec                USB_HP_CAN_TX_IRQHandler
                0x0800c4f0                USB_LP_CAN_RX0_IRQHandler
 .text.Default_Handler
                0x0800c4f8        0x2 lib/CMSIS_CM3/startup/gcc/startup_stm32f10x_md.o
                0x0800c4f8                EXTI2_IRQHandler
                0x0800c4f8                DebugMon_Handler
                0x0800c4f8                TIM1_CC_IRQHandler
                0x0800c4f8                HardFault_Handler
                0x0800c4f8                SysTick_Handler
                0x0800c4f8                PVD_IRQHandler
                0x0800c4f8                PendSV_Handler
                0x0800c4f8                NMI_Handler
                0x0800c4f8                EXTI3_IRQHandler
                0x0800c4f8                I2C2_EV_IRQHandler
                0x0800c4f8                UsageFault_Handler
                0x0800c4f8                SPI1_IRQHandler
                0x0800c4f8                TAMPER_IRQHandler
                0x0800c4f8                DMA1_Channel4_IRQHandler
                0x0800c4f8                USART3_IRQHandler
                0x0800c4f8                RTC_IRQHandler
                0x0800c4f8                DMA1_Channel7_IRQHandler
                0x0800c4f8                CAN1_RX1_IRQHandler
                0x0800c4f8                TIM4_IRQHandler
                0x0800c4f8                DMA1_Channel6_IRQHandler
                0x0800c4f8                TIM3_IRQHandler
                0x0800c4f8                RCC_IRQHandler
                0x0800c4f8                TIM1_TRG_COM_IRQHandler
                0x0800c4f8                DMA1_Channel1_IRQHandler
                0x0800c4f8                Default_Handler
                0x0800c4f8                EXTI15_10_IRQHandler
                0x0800c4f8                EXTI9_5_IRQHandler
                0x0800c4f8                SPI2_IRQHandler
                0x0800c4f8                MemManage_Handler
                0x0800c4f8                SVC_Handler
                0x0800c4f8                DMA1_Channel5_IRQHandler
                0x0800c4f8                EXTI4_IRQHandler
                0x0800c4f8                USB_LP_CAN1_RX0_IRQHandler
                0x0800c4f8                USB_HP_CAN1_TX_IRQHandler
                0x0800c4f8                DMA1_Channel3_IRQHandler
                0x0800c4f8                TIM1_UP_IRQHandler
                0x0800c4f8                WWDG_IRQHandler
                0x0800c4f8                TIM2_IRQHandler
                0x0800c4f8                TIM1_BRK_IRQHandler
                0x0800c4f8                EXTI1_IRQHandler
                0x0800c4f8                RTCAlarm_IRQHandler
                0x0800c4f8                USART2_IRQHandler
                0x0800c4f8                I2C2_ER_IRQHandler
                0x0800c4f8                DMA1_Channel2_IRQHandler
                0x0800c4f8                CAN1_SCE_IRQHandler
                0x0800c4f8                FLASH_IRQHandler
                0x0800c4f8                BusFault_Handler
                0x0800c4f8                USART1_IRQHandler
                0x0800c4f8                USBWakeUp_IRQHandler
 *fill*         0x0800c4fa        0x2 00
 .text          0x0800c4fc       0xfc lib/CMSIS_CM3/system_stm32f10x.o
                0x0800c4fc                SystemInit
 .text          0x0800c5f8      0x6c4 main.o
                0x0800c5f8                __str_print_char
                0x0800c624                __fat_print_char
                0x0800c644                main
                0x0800cc18                detect_sensors
 .text          0x0800ccbc       0x70 pwr.o
                0x0800ccbc                setuppwr
                0x0800ccd0                shutdown
                0x0800cce0                disable_pin
                0x0800cce8                shutdown_filesystem
 .text          0x0800cd2c      0x1dc timer.o
                0x0800cd2c                setup_pwm
                0x0800ce74                Tryfudge
                0x0800cec0                Set_Motor
 .text          0x0800cf08      0x110 usart.o
                0x0800cf08                Usarts_Init
                0x0800cfb4                Default_Usart_Config
                0x0800cfd0                Usart_Send_Str
                0x0800cffc                __usart_send_char
 .text          0x0800d018       0x40 watchdog.o
                0x0800d018                Watchdog_Config
                0x0800d044                Watchdog_Reset_Detect
 .text          0x0800d058       0xb8 lib/STM32F10x_StdPeriph_Driver/libstm32fw.a(misc.o)
                0x0800d058                NVIC_PriorityGroupConfig
                0x0800d06c                NVIC_Init
                0x0800d0cc                NVIC_SetVectorTable
                0x0800d0e0                NVIC_SystemLPConfig
                0x0800d0f8                SysTick_CLKSourceConfig
 .text          0x0800d110      0x380 lib/STM32F10x_StdPeriph_Driver/libstm32fw.a(stm32f10x_adc.o)
                0x0800d110                ADC_DeInit
                0x0800d16c                ADC_Init
                0x0800d1b8                ADC_StructInit
                0x0800d1ca                ADC_Cmd
                0x0800d1de                ADC_DMACmd
                0x0800d1f2                ADC_ITConfig
                0x0800d206                ADC_ResetCalibration
                0x0800d210                ADC_GetResetCalibrationStatus
                0x0800d218                ADC_StartCalibration
                0x0800d222                ADC_GetCalibrationStatus
                0x0800d22a                ADC_SoftwareStartConvCmd
                0x0800d23e                ADC_GetSoftwareStartConvStatus
                0x0800d246                ADC_DiscModeChannelCountConfig
                0x0800d256                ADC_DiscModeCmd
                0x0800d26a                ADC_RegularChannelConfig
                0x0800d2f8                ADC_ExternalTrigConvCmd
                0x0800d30c                ADC_GetConversionValue
                0x0800d312                ADC_GetDualModeConversionValue
                0x0800d31c                ADC_AutoInjectedConvCmd
                0x0800d330                ADC_InjectedDiscModeCmd
                0x0800d344                ADC_ExternalTrigInjectedConvConfig
                0x0800d352                ADC_ExternalTrigInjectedConvCmd
                0x0800d366                ADC_SoftwareStartInjectedConvCmd
                0x0800d37a                ADC_GetSoftwareStartInjectedConvCmdStatus
                0x0800d382                ADC_InjectedChannelConfig
                0x0800d3de                ADC_InjectedSequencerLengthConfig
                0x0800d3ee                ADC_SetInjectedOffset
                0x0800d404                ADC_GetInjectedConversionValue
                0x0800d41e                ADC_AnalogWatchdogCmd
                0x0800d430                ADC_AnalogWatchdogThresholdsConfig
                0x0800d436                ADC_AnalogWatchdogSingleChannelConfig
                0x0800d444                ADC_TempSensorVrefintCmd
                0x0800d460                ADC_GetFlagStatus
                0x0800d46c                ADC_ClearFlag
                0x0800d472                ADC_GetITStatus
                0x0800d488                ADC_ClearITPendingBit
 .text          0x0800d490       0xe0 lib/STM32F10x_StdPeriph_Driver/libstm32fw.a(stm32f10x_bkp.o)
                0x0800d490                BKP_DeInit
                0x0800d4a2                BKP_TamperPinLevelConfig
                0x0800d4ac                BKP_TamperPinCmd
                0x0800d4b8                BKP_ITConfig
                0x0800d4c4                BKP_RTCOutputConfig
                0x0800d4dc                BKP_SetRTCCalibrationValue
                0x0800d4f4                BKP_WriteBackupRegister
                0x0800d510                BKP_ReadBackupRegister
                0x0800d530                BKP_GetFlagStatus
                0x0800d53c                BKP_ClearFlag
                0x0800d550                BKP_GetITStatus
                0x0800d55c                BKP_ClearITPendingBit
 .text          0x0800d570       0x34 lib/STM32F10x_StdPeriph_Driver/libstm32fw.a(stm32f10x_dbgmcu.o)
                0x0800d570                DBGMCU_GetREVID
                0x0800d57c                DBGMCU_GetDEVID
                0x0800d58c                DBGMCU_Config
 .text          0x0800d5a4      0x1f0 lib/STM32F10x_StdPeriph_Driver/libstm32fw.a(stm32f10x_dma.o)
                0x0800d5a4                DMA_DeInit
                0x0800d6a0                DMA_Init
                0x0800d6e0                DMA_StructInit
                0x0800d6fa                DMA_Cmd
                0x0800d70e                DMA_ITConfig
                0x0800d720                DMA_GetCurrDataCounter
                0x0800d726                DMA_GetFlagStatus
                0x0800d744                DMA_ClearFlag
                0x0800d75c                DMA_GetITStatus
                0x0800d77c                DMA_ClearITPendingBit
 .text          0x0800d794      0x108 lib/STM32F10x_StdPeriph_Driver/libstm32fw.a(stm32f10x_exti.o)
                0x0800d794                EXTI_DeInit
                0x0800d7b0                EXTI_Init
                0x0800d834                EXTI_StructInit
                0x0800d842                EXTI_GenerateSWInterrupt
                0x0800d854                EXTI_GetFlagStatus
                0x0800d868                EXTI_ClearFlag
                0x0800d874                EXTI_GetITStatus
                0x0800d890                EXTI_ClearITPendingBit
 .text          0x0800d89c      0x278 lib/STM32F10x_StdPeriph_Driver/libstm32fw.a(stm32f10x_gpio.o)
                0x0800d89c                GPIO_DeInit
                0x0800d948                GPIO_AFIODeInit
                0x0800d95e                GPIO_Init
                0x0800d9f6                GPIO_StructInit
                0x0800da06                GPIO_ReadInputDataBit
                0x0800da12                GPIO_ReadInputData
                0x0800da18                GPIO_ReadOutputDataBit
                0x0800da24                GPIO_ReadOutputData
                0x0800da2a                GPIO_SetBits
                0x0800da2e                GPIO_ResetBits
                0x0800da32                GPIO_WriteBit
                0x0800da3c                GPIO_Write
                0x0800da40                GPIO_PinLockConfig
                0x0800da50                GPIO_EventOutputConfig
                0x0800da70                GPIO_EventOutputCmd
                0x0800da7c                GPIO_PinRemapConfig
                0x0800dad4                GPIO_EXTILineConfig
                0x0800db08                GPIO_ETH_MediaInterfaceConfig
 .text          0x0800db14      0x3b4 lib/STM32F10x_StdPeriph_Driver/libstm32fw.a(stm32f10x_i2c.o)
                0x0800db14                I2C_DeInit
                0x0800db48                I2C_Init
                0x0800dc18                I2C_StructInit
                0x0800dc34                I2C_Cmd
                0x0800dc4e                I2C_DMACmd
                0x0800dc68                I2C_DMALastTransferCmd
                0x0800dc82                I2C_GenerateSTART
                0x0800dc9c                I2C_GenerateSTOP
                0x0800dcb6                I2C_AcknowledgeConfig
                0x0800dcd0                I2C_OwnAddress2Config
                0x0800dce6                I2C_DualAddressCmd
                0x0800dd00                I2C_GeneralCallCmd
                0x0800dd1a                I2C_ITConfig
                0x0800dd30                I2C_SendData
                0x0800dd34                I2C_ReceiveData
                0x0800dd3a                I2C_Send7bitAddress
                0x0800dd4a                I2C_ReadRegister
                0x0800dd62                I2C_SoftwareResetCmd
                0x0800dd7a                I2C_SMBusAlertConfig
                0x0800dd98                I2C_TransmitPEC
                0x0800ddb2                I2C_PECPositionConfig
                0x0800ddd0                I2C_CalculatePEC
                0x0800ddea                I2C_GetPEC
                0x0800ddf2                I2C_ARPCmd
                0x0800de0c                I2C_StretchClockCmd
                0x0800de26                I2C_FastModeDutyCycleConfig
                0x0800de44                I2C_GetLastEvent
                0x0800de54                I2C_CheckEvent
                0x0800de6c                I2C_GetFlagStatus
                0x0800dea0                I2C_ClearFlag
                0x0800dea6                I2C_GetITStatus
                0x0800dec2                I2C_ClearITPendingBit
 .text          0x0800dec8       0x58 lib/STM32F10x_StdPeriph_Driver/libstm32fw.a(stm32f10x_iwdg.o)
                0x0800dec8                IWDG_WriteAccessCmd
                0x0800ded4                IWDG_SetPrescaler
                0x0800dee0                IWDG_SetReload
                0x0800deec                IWDG_ReloadCounter
                0x0800defc                IWDG_Enable
                0x0800df0c                IWDG_GetFlagStatus
 .text          0x0800df20       0xcc lib/STM32F10x_StdPeriph_Driver/libstm32fw.a(stm32f10x_pwr.o)
                0x0800df24                PWR_DeInit
                0x0800df3e                PWR_BackupAccessCmd
                0x0800df48                PWR_PVDCmd
                0x0800df54                PWR_PVDLevelConfig
                0x0800df68                PWR_WakeUpPinCmd
                0x0800df74                PWR_EnterSTOPMode
                0x0800dfa0                PWR_EnterSTANDBYMode
                0x0800dfc8                PWR_GetFlagStatus
                0x0800dfdc                PWR_ClearFlag
 .text          0x0800dfec      0x360 lib/STM32F10x_StdPeriph_Driver/libstm32fw.a(stm32f10x_rcc.o)
                0x0800dfec                RCC_DeInit
                0x0800e02c                RCC_HSEConfig
                0x0800e064                RCC_AdjustHSICalibrationValue
                0x0800e078                RCC_HSICmd
                0x0800e084                RCC_PLLConfig
                0x0800e09c                RCC_PLLCmd
                0x0800e0a8                RCC_SYSCLKConfig
                0x0800e0bc                RCC_GetSYSCLKSource
                0x0800e0cc                RCC_HCLKConfig
                0x0800e0e0                RCC_PCLK1Config
                0x0800e0f4                RCC_PCLK2Config
                0x0800e108                RCC_ITConfig
                0x0800e120                RCC_USBCLKConfig
                0x0800e12c                RCC_ADCCLKConfig
                0x0800e140                RCC_LSEConfig
                0x0800e160                RCC_LSICmd
                0x0800e16c                RCC_RTCCLKConfig
                0x0800e17c                RCC_RTCCLKCmd
                0x0800e188                RCC_GetClocksFreq
                0x0800e22c                RCC_AHBPeriphClockCmd
                0x0800e244                RCC_APB2PeriphClockCmd
                0x0800e25c                RCC_APB1PeriphClockCmd
                0x0800e274                RCC_APB2PeriphResetCmd
                0x0800e28c                RCC_APB1PeriphResetCmd
                0x0800e2a4                RCC_BackupResetCmd
                0x0800e2b0                RCC_ClockSecuritySystemCmd
                0x0800e2bc                RCC_MCOConfig
                0x0800e2c8                RCC_GetFlagStatus
                0x0800e2f0                RCC_WaitForHSEStartUp
                0x0800e31c                RCC_ClearFlag
                0x0800e32c                RCC_GetITStatus
                0x0800e340                RCC_ClearITPendingBit
 .text          0x0800e34c      0x158 lib/STM32F10x_StdPeriph_Driver/libstm32fw.a(stm32f10x_rtc.o)
                0x0800e34c                RTC_ITConfig
                0x0800e368                RTC_EnterConfigMode
                0x0800e37c                RTC_ExitConfigMode
                0x0800e390                RTC_GetCounter
                0x0800e3a4                RTC_SetCounter
                0x0800e3c0                RTC_SetPrescaler
                0x0800e3e0                RTC_SetAlarm
                0x0800e3fc                RTC_GetDivider
                0x0800e414                RTC_WaitForLastTask
                0x0800e424                RTC_WaitForSynchro
                0x0800e444                RTC_GetFlagStatus
                0x0800e458                RTC_ClearFlag
                0x0800e46c                RTC_GetITStatus
                0x0800e490                RTC_ClearITPendingBit
 .text          0x0800e4a4      0x2d4 lib/STM32F10x_StdPeriph_Driver/libstm32fw.a(stm32f10x_spi.o)
                0x0800e4a4                SPI_I2S_DeInit
                0x0800e508                SPI_Init
                0x0800e548                I2S_Init
                0x0800e5e8                SPI_StructInit
                0x0800e600                I2S_StructInit
                0x0800e612                SPI_Cmd
                0x0800e62c                I2S_Cmd
                0x0800e646                SPI_I2S_ITConfig
                0x0800e664                SPI_I2S_DMACmd
                0x0800e67a                SPI_I2S_SendData
                0x0800e67e                SPI_I2S_ReceiveData
                0x0800e684                SPI_NSSInternalSoftwareConfig
                0x0800e6a4                SPI_SSOutputCmd
                0x0800e6be                SPI_DataSizeConfig
                0x0800e6d6                SPI_TransmitCRC
                0x0800e6e2                SPI_CalculateCRC
                0x0800e6fc                SPI_GetCRC
                0x0800e70c                SPI_GetCRCPolynomial
                0x0800e712                SPI_BiDirectionalLineConfig
                0x0800e730                SPI_I2S_GetFlagStatus
                0x0800e73c                SPI_I2S_ClearFlag
                0x0800e742                SPI_I2S_GetITStatus
                0x0800e768                SPI_I2S_ClearITPendingBit
 .text          0x0800e778      0xa80 lib/STM32F10x_StdPeriph_Driver/libstm32fw.a(stm32f10x_tim.o)
                0x0800e7e6                TIM_DeInit
                0x0800e8b0                TIM_TimeBaseInit
                0x0800e8ec                TIM_OC1Init
                0x0800e96c                TIM_OC2Init
                0x0800e9f4                TIM_OC3Init
                0x0800ea78                TIM_OC4Init
                0x0800eadc                TIM_BDTRConfig
                0x0800eafe                TIM_TimeBaseStructInit
                0x0800eb10                TIM_OCStructInit
                0x0800eb24                TIM_ICStructInit
                0x0800eb34                TIM_BDTRStructInit
                0x0800eb46                TIM_Cmd
                0x0800eb60                TIM_CtrlPWMOutputs
                0x0800eb7e                TIM_ITConfig
                0x0800eb94                TIM_GenerateEvent
                0x0800eb98                TIM_DMAConfig
                0x0800eba0                TIM_DMACmd
                0x0800ebb6                TIM_InternalClockConfig
                0x0800ebc4                TIM_ETRConfig
                0x0800ebda                TIM_ETRClockMode2Config
                0x0800ebee                TIM_ETRClockMode1Config
                0x0800ec08                TIM_PrescalerConfig
                0x0800ec0e                TIM_CounterModeConfig
                0x0800ec20                TIM_SelectInputTrigger
                0x0800ec32                TIM_TIxExternalClockConfig
                0x0800ec60                TIM_ITRxExternalClockConfig
                0x0800ec74                TIM_EncoderInterfaceConfig
                0x0800ecb2                TIM_ForcedOC1Config
                0x0800ecc4                TIM_ForcedOC2Config
                0x0800ecd6                TIM_ForcedOC3Config
                0x0800ece8                TIM_ForcedOC4Config
                0x0800ecfa                TIM_ARRPreloadConfig
                0x0800ed14                TIM_SelectCOM
                0x0800ed2e                TIM_SelectCCDMA
                0x0800ed48                TIM_CCPreloadControl
                0x0800ed62                TIM_OC1PreloadConfig
                0x0800ed74                TIM_OC2PreloadConfig
                0x0800ed86                TIM_OC3PreloadConfig
                0x0800ed98                TIM_OC4PreloadConfig
                0x0800edaa                TIM_OC1FastConfig
                0x0800edbc                TIM_OC2FastConfig
                0x0800edce                TIM_OC3FastConfig
                0x0800ede0                TIM_OC4FastConfig
                0x0800edf2                TIM_ClearOC1Ref
                0x0800ee04                TIM_ClearOC2Ref
                0x0800ee12                TIM_ClearOC3Ref
                0x0800ee24                TIM_ClearOC4Ref
                0x0800ee32                TIM_OC1PolarityConfig
                0x0800ee44                TIM_OC1NPolarityConfig
                0x0800ee56                TIM_OC2PolarityConfig
                0x0800ee68                TIM_OC2NPolarityConfig
                0x0800ee7a                TIM_OC3PolarityConfig
                0x0800ee8c                TIM_OC3NPolarityConfig
                0x0800ee9e                TIM_OC4PolarityConfig
                0x0800eeb0                TIM_CCxCmd
                0x0800eece                TIM_CCxNCmd
                0x0800eeec                TIM_SelectOCxM
                0x0800ef38                TIM_UpdateDisableConfig
                0x0800ef52                TIM_UpdateRequestConfig
                0x0800ef6c                TIM_SelectHallSensor
                0x0800ef86                TIM_SelectOnePulseMode
                0x0800ef9e                TIM_SelectOutputTrigger
                0x0800efb6                TIM_SelectSlaveMode
                0x0800efce                TIM_SelectMasterSlaveMode
                0x0800efe6                TIM_SetCounter
                0x0800efea                TIM_SetAutoreload
                0x0800efee                TIM_SetCompare1
                0x0800eff2                TIM_SetCompare2
                0x0800eff6                TIM_SetCompare3
                0x0800effa                TIM_SetCompare4
                0x0800f000                TIM_SetIC1Prescaler
                0x0800f018                TIM_SetIC2Prescaler
                0x0800f030                TIM_PWMIConfig
                0x0800f09c                TIM_SetIC3Prescaler
                0x0800f0b4                TIM_SetIC4Prescaler
                0x0800f0cc                TIM_ICInit
                0x0800f190                TIM_SetClockDivision
                0x0800f1a2                TIM_GetCapture1
                0x0800f1a8                TIM_GetCapture2
                0x0800f1ae                TIM_GetCapture3
                0x0800f1b4                TIM_GetCapture4
                0x0800f1bc                TIM_GetCounter
                0x0800f1c2                TIM_GetPrescaler
                0x0800f1c8                TIM_GetFlagStatus
                0x0800f1d4                TIM_ClearFlag
                0x0800f1da                TIM_GetITStatus
                0x0800f1f0                TIM_ClearITPendingBit
 .text          0x0800f1f8      0x374 lib/STM32F10x_StdPeriph_Driver/libstm32fw.a(stm32f10x_usart.o)
                0x0800f1f8                USART_DeInit
                0x0800f290                USART_Init
                0x0800f320                USART_StructInit
                0x0800f336                USART_ClockInit
                0x0800f35c                USART_ClockStructInit
                0x0800f368                USART_Cmd
                0x0800f382                USART_ITConfig
                0x0800f3b8                USART_DMACmd
                0x0800f3ce                USART_SetAddress
                0x0800f3e6                USART_WakeUpConfig
                0x0800f3fe                USART_ReceiverWakeUpCmd
                0x0800f418                USART_LINBreakDetectLengthConfig
                0x0800f430                USART_LINCmd
                0x0800f44a                USART_SendData
                0x0800f452                USART_ReceiveData
                0x0800f45a                USART_SendBreak
                0x0800f466                USART_SetGuardTime
                0x0800f478                USART_SetPrescaler
                0x0800f48c                USART_SmartCardCmd
                0x0800f4a6                USART_SmartCardNACKCmd
                0x0800f4c0                USART_HalfDuplexCmd
                0x0800f4da                USART_IrDAConfig
                0x0800f4f2                USART_IrDACmd
                0x0800f50c                USART_GetFlagStatus
                0x0800f518                USART_ClearFlag
                0x0800f51e                USART_GetITStatus
                0x0800f55e                USART_ClearITPendingBit
 .text          0x0800f56c      0xa54 lib/STM32_USB-FS-Device_Driver/libstm32usb.a(usb_core.o)
                0x0800f56c                Standard_GetConfiguration
                0x0800f594                Standard_GetInterface
                0x0800f5bc                Standard_GetStatus
                0x0800f730                Standard_SetConfiguration
                0x0800f76c                Standard_SetInterface
                0x0800f7bc                Standard_ClearFeature
                0x0800f8b8                Standard_SetEndPointFeature
                0x0800f96c                Standard_SetDeviceFeature
                0x0800f990                Standard_GetDescriptorData
                0x0800f9ac                Post0_Process
                0x0800f9f4                Out0_Process
                0x0800fad0                Setup0_Process
                0x0800fea0                SetDeviceAddress
                0x0800ff5c                In0_Process
                0x0800ffbc                NOP_Process
 .text          0x0800ffc0       0x38 lib/STM32_USB-FS-Device_Driver/libstm32usb.a(usb_init.o)
                0x0800ffc0                USB_Init
 .text          0x0800fff8      0x25c lib/STM32_USB-FS-Device_Driver/libstm32usb.a(usb_int.o)
                0x0800fff8                CTR_LP
                0x080101c0                CTR_HP
 .text          0x08010254       0xb8 lib/STM32_USB-FS-Device_Driver/libstm32usb.a(usb_mem.o)
                0x08010254                UserToPMABufferCopy
                0x080102bc                PMAToUserBufferCopy
 .text          0x0801030c      0x880 lib/STM32_USB-FS-Device_Driver/libstm32usb.a(usb_regs.o)
                0x0801030c                SetCNTR
                0x08010318                GetCNTR
                0x08010324                SetISTR
                0x08010330                GetISTR
                0x0801033c                GetFNR
                0x08010348                SetDADDR
                0x08010354                GetDADDR
                0x08010360                SetBTABLE
                0x08010374                GetBTABLE
                0x08010380                SetENDPOINT
                0x08010390                GetENDPOINT
                0x080103a0                SetEPType
                0x080103bc                GetEPType
                0x080103d0                SetEPTxStatus
                0x08010410                SetEPRxStatus
                0x08010450                SetDouBleBuffEPStall
                0x08010478                GetEPTxStatus
                0x0801048c                GetEPRxStatus
                0x080104a0                SetEPTxValid
                0x080104c4                SetEPRxValid
                0x080104e8                SetEP_KIND
                0x08010508                ClearEP_KIND
                0x08010528                Clear_Status_Out
                0x08010548                Set_Status_Out
                0x08010568                SetEPDoubleBuff
                0x08010588                ClearEPDoubleBuff
                0x080105a8                GetTxStallStatus
                0x080105c8                GetRxStallStatus
                0x080105e8                ClearEP_CTR_RX
                0x08010600                ClearEP_CTR_TX
                0x08010618                ToggleDTOG_RX
                0x08010638                ToggleDTOG_TX
                0x08010658                ClearDTOG_RX
                0x08010680                ClearDTOG_TX
                0x080106a8                SetEPAddress
                0x080106cc                GetEPAddress
                0x080106e0                SetEPTxAddr
                0x08010704                SetEPRxAddr
                0x0801072c                GetEPTxAddr
                0x0801074c                GetEPRxAddr
                0x0801076c                SetEPTxCount
                0x0801078c                SetEPCountRxReg
                0x080107b8                SetEPRxCount
                0x08010800                GetEPTxCount
                0x08010824                GetEPRxCount
                0x08010848                SetEPDblBuffAddr
                0x08010890                SetEPDblBuf0Addr
                0x080108b4                SetEPDblBuf1Addr
                0x080108dc                GetEPDblBuf0Addr
                0x080108fc                GetEPDblBuf1Addr
                0x0801091c                SetEPDblBuffCount
                0x080109c8                SetEPDblBuf0Count
                0x08010a30                SetEPDblBuf1Count
                0x08010a98                GetEPDblBuf0Count
                0x08010abc                GetEPDblBuf1Count
                0x08010ae0                GetEPDblBufDir
                0x08010b28                FreeUserBuffer
                0x08010b78                ToWord
                0x08010b80                ByteSwap
 .text          0x08010b8c       0x6c lib/STM32_USB-FS-Device_Driver/libstm32usb.a(usb_sil.o)
                0x08010b8c                USB_SIL_Init
                0x08010bac                USB_SIL_Write
                0x08010bd4                USB_SIL_Read
 .text          0x08010bf8       0x78 /home/laurence/CodeSourcery/Sourcery_G++_Lite/bin/../lib/gcc/arm-none-eabi/4.5.2/../../../../arm-none-eabi/lib/thumb2/libm.a(lib_a-sf_sin.o)
                0x08010bf8                sinf
 .text          0x08010c70       0xac /home/laurence/CodeSourcery/Sourcery_G++_Lite/bin/../lib/gcc/arm-none-eabi/4.5.2/../../../../arm-none-eabi/lib/thumb2/libm.a(lib_a-w_sqrt.o)
                0x08010c70                sqrt
 .text          0x08010d1c       0xa8 /home/laurence/CodeSourcery/Sourcery_G++_Lite/bin/../lib/gcc/arm-none-eabi/4.5.2/../../../../arm-none-eabi/lib/thumb2/libm.a(lib_a-wf_asin.o)
                0x08010d1c                asinf
 .text          0x08010dc4      0x1c0 /home/laurence/CodeSourcery/Sourcery_G++_Lite/bin/../lib/gcc/arm-none-eabi/4.5.2/../../../../arm-none-eabi/lib/thumb2/libm.a(lib_a-e_sqrt.o)
                0x08010dc4                __ieee754_sqrt
 .text          0x08010f84      0x318 /home/laurence/CodeSourcery/Sourcery_G++_Lite/bin/../lib/gcc/arm-none-eabi/4.5.2/../../../../arm-none-eabi/lib/thumb2/libm.a(lib_a-ef_asin.o)
                0x08010f84                __ieee754_asinf
 .text          0x0801129c      0x358 /home/laurence/CodeSourcery/Sourcery_G++_Lite/bin/../lib/gcc/arm-none-eabi/4.5.2/../../../../arm-none-eabi/lib/thumb2/libm.a(lib_a-ef_rem_pio2.o)
                0x0801129c                __ieee754_rem_pio2f
 .text          0x080115f4       0xb0 /home/laurence/CodeSourcery/Sourcery_G++_Lite/bin/../lib/gcc/arm-none-eabi/4.5.2/../../../../arm-none-eabi/lib/thumb2/libm.a(lib_a-ef_sqrt.o)
                0x080115f4                __ieee754_sqrtf
 .text          0x080116a4      0x1b8 /home/laurence/CodeSourcery/Sourcery_G++_Lite/bin/../lib/gcc/arm-none-eabi/4.5.2/../../../../arm-none-eabi/lib/thumb2/libm.a(lib_a-kf_cos.o)
                0x080116a4                __kernel_cosf
 .text          0x0801185c      0x63c /home/laurence/CodeSourcery/Sourcery_G++_Lite/bin/../lib/gcc/arm-none-eabi/4.5.2/../../../../arm-none-eabi/lib/thumb2/libm.a(lib_a-kf_rem_pio2.o)
                0x0801185c                __kernel_rem_pio2f
 .text          0x08011e98      0x100 /home/laurence/CodeSourcery/Sourcery_G++_Lite/bin/../lib/gcc/arm-none-eabi/4.5.2/../../../../arm-none-eabi/lib/thumb2/libm.a(lib_a-kf_sin.o)
                0x08011e98                __kernel_sinf
 .text          0x08011f98       0x90 /home/laurence/CodeSourcery/Sourcery_G++_Lite/bin/../lib/gcc/arm-none-eabi/4.5.2/../../../../arm-none-eabi/lib/thumb2/libm.a(lib_a-s_fpclassify.o)
                0x08011f98                __fpclassifyd
 .text          0x08012028        0x4 /home/laurence/CodeSourcery/Sourcery_G++_Lite/bin/../lib/gcc/arm-none-eabi/4.5.2/../../../../arm-none-eabi/lib/thumb2/libm.a(lib_a-s_matherr.o)
                0x08012028                matherr
 .text          0x0801202c        0xc /home/laurence/CodeSourcery/Sourcery_G++_Lite/bin/../lib/gcc/arm-none-eabi/4.5.2/../../../../arm-none-eabi/lib/thumb2/libm.a(lib_a-s_nan.o)
                0x0801202c                nan
 .text          0x08012038        0x8 /home/laurence/CodeSourcery/Sourcery_G++_Lite/bin/../lib/gcc/arm-none-eabi/4.5.2/../../../../arm-none-eabi/lib/thumb2/libm.a(lib_a-sf_fabs.o)
                0x08012038                fabsf
 .text          0x08012040       0xa0 /home/laurence/CodeSourcery/Sourcery_G++_Lite/bin/../lib/gcc/arm-none-eabi/4.5.2/../../../../arm-none-eabi/lib/thumb2/libm.a(lib_a-sf_floor.o)
                0x08012040                floorf
 .text          0x080120e0       0x7c /home/laurence/CodeSourcery/Sourcery_G++_Lite/bin/../lib/gcc/arm-none-eabi/4.5.2/../../../../arm-none-eabi/lib/thumb2/libm.a(lib_a-sf_fpclassify.o)
                0x080120e0                __fpclassifyf
 .text          0x0801215c       0xc0 /home/laurence/CodeSourcery/Sourcery_G++_Lite/bin/../lib/gcc/arm-none-eabi/4.5.2/../../../../arm-none-eabi/lib/thumb2/libm.a(lib_a-sf_scalbn.o)
                0x0801215c                scalbnf
 .text          0x0801221c       0x10 /home/laurence/CodeSourcery/Sourcery_G++_Lite/bin/../lib/gcc/arm-none-eabi/4.5.2/../../../../arm-none-eabi/lib/thumb2/libm.a(lib_a-sf_copysign.o)
                0x0801221c                copysignf
 .text          0x0801222c      0x370 /home/laurence/CodeSourcery/Sourcery_G++_Lite/bin/../lib/gcc/arm-none-eabi/4.5.2/thumb2/libgcc.a(_arm_addsubdf3.o)
                0x0801222c                __aeabi_drsub
                0x08012234                __aeabi_dsub
                0x08012234                __subdf3
                0x08012238                __adddf3
                0x08012238                __aeabi_dadd
                0x080124b0                __aeabi_ui2d
                0x080124b0                __floatunsidf
                0x080124d0                __floatsidf
                0x080124d0                __aeabi_i2d
                0x080124f4                __extendsfdf2
                0x080124f4                __aeabi_f2d
                0x08012530                __aeabi_ul2d
                0x08012530                __floatundidf
                0x08012540                __floatdidf
                0x08012540                __aeabi_l2d
 .text          0x0801259c      0x424 /home/laurence/CodeSourcery/Sourcery_G++_Lite/bin/../lib/gcc/arm-none-eabi/4.5.2/thumb2/libgcc.a(_arm_muldivdf3.o)
                0x0801259c                __aeabi_dmul
                0x0801259c                __muldf3
                0x080127f0                __aeabi_ddiv
                0x080127f0                __divdf3
 .text          0x080129c0      0x110 /home/laurence/CodeSourcery/Sourcery_G++_Lite/bin/../lib/gcc/arm-none-eabi/4.5.2/thumb2/libgcc.a(_arm_cmpdf2.o)
                0x080129c0                __gtdf2
                0x080129c0                __gedf2
                0x080129c8                __ltdf2
                0x080129c8                __ledf2
                0x080129d0                __cmpdf2
                0x080129d0                __eqdf2
                0x080129d0                __nedf2
                0x08012a4c                __aeabi_cdrcmple
                0x08012a5c                __aeabi_cdcmple
                0x08012a5c                __aeabi_cdcmpeq
                0x08012a6c                __aeabi_dcmpeq
                0x08012a80                __aeabi_dcmplt
                0x08012a94                __aeabi_dcmple
                0x08012aa8                __aeabi_dcmpge
                0x08012abc                __aeabi_dcmpgt
 .text          0x08012ad0       0x50 /home/laurence/CodeSourcery/Sourcery_G++_Lite/bin/../lib/gcc/arm-none-eabi/4.5.2/thumb2/libgcc.a(_arm_fixdfsi.o)
                0x08012ad0                __fixdfsi
                0x08012ad0                __aeabi_d2iz
 .text          0x08012b20       0x40 /home/laurence/CodeSourcery/Sourcery_G++_Lite/bin/../lib/gcc/arm-none-eabi/4.5.2/thumb2/libgcc.a(_arm_fixunsdfsi.o)
                0x08012b20                __fixunsdfsi
                0x08012b20                __aeabi_d2uiz
 .text          0x08012b60       0xa0 /home/laurence/CodeSourcery/Sourcery_G++_Lite/bin/../lib/gcc/arm-none-eabi/4.5.2/thumb2/libgcc.a(_arm_truncdfsf2.o)
                0x08012b60                __aeabi_d2f
                0x08012b60                __truncdfsf2
 .text          0x08012c00      0x21c /home/laurence/CodeSourcery/Sourcery_G++_Lite/bin/../lib/gcc/arm-none-eabi/4.5.2/thumb2/libgcc.a(_arm_addsubsf3.o)
                0x08012c00                __aeabi_frsub
                0x08012c08                __subsf3
                0x08012c08                __aeabi_fsub
                0x08012c0c                __aeabi_fadd
                0x08012c0c                __addsf3
                0x08012d6c                __aeabi_ui2f
                0x08012d6c                __floatunsisf
                0x08012d74                __aeabi_i2f
                0x08012d74                __floatsisf
                0x08012d90                __floatundisf
                0x08012d90                __aeabi_ul2f
                0x08012da0                __floatdisf
                0x08012da0                __aeabi_l2f
 .text          0x08012e1c      0x2a0 /home/laurence/CodeSourcery/Sourcery_G++_Lite/bin/../lib/gcc/arm-none-eabi/4.5.2/thumb2/libgcc.a(_arm_muldivsf3.o)
                0x08012e1c                __mulsf3
                0x08012e1c                __aeabi_fmul
                0x08012f84                __divsf3
                0x08012f84                __aeabi_fdiv
 .text          0x080130bc       0xec /home/laurence/CodeSourcery/Sourcery_G++_Lite/bin/../lib/gcc/arm-none-eabi/4.5.2/thumb2/libgcc.a(_arm_cmpsf2.o)
                0x080130bc                __gtsf2
                0x080130bc                __gesf2
                0x080130c4                __lesf2
                0x080130c4                __ltsf2
                0x080130cc                __nesf2
                0x080130cc                __eqsf2
                0x080130cc                __cmpsf2
                0x0801312c                __aeabi_cfrcmple
                0x08013134                __aeabi_cfcmple
                0x08013134                __aeabi_cfcmpeq
                0x08013144                __aeabi_fcmpeq
                0x08013158                __aeabi_fcmplt
                0x0801316c                __aeabi_fcmple
                0x08013180                __aeabi_fcmpge
                0x08013194                __aeabi_fcmpgt
 .text          0x080131a8       0x4c /home/laurence/CodeSourcery/Sourcery_G++_Lite/bin/../lib/gcc/arm-none-eabi/4.5.2/thumb2/libgcc.a(_arm_fixsfsi.o)
                0x080131a8                __fixsfsi
                0x080131a8                __aeabi_f2iz
 .text          0x080131f4       0x40 /home/laurence/CodeSourcery/Sourcery_G++_Lite/bin/../lib/gcc/arm-none-eabi/4.5.2/thumb2/libgcc.a(_arm_fixunssfsi.o)
                0x080131f4                __aeabi_f2uiz
                0x080131f4                __fixunssfsi
 .text          0x08013234        0xc /home/laurence/CodeSourcery/Sourcery_G++_Lite/bin/../lib/gcc/arm-none-eabi/4.5.2/../../../../arm-none-eabi/lib/thumb2/libc.a(lib_a-errno.o)
                0x08013234                __errno
 .text          0x08013240       0x20 /home/laurence/CodeSourcery/Sourcery_G++_Lite/bin/../lib/gcc/arm-none-eabi/4.5.2/../../../../arm-none-eabi/lib/thumb2/libc.a(lib_a-malloc.o)
                0x08013240                malloc
                0x08013250                free
 .text          0x08013260      0x57c /home/laurence/CodeSourcery/Sourcery_G++_Lite/bin/../lib/gcc/arm-none-eabi/4.5.2/../../../../arm-none-eabi/lib/thumb2/libc.a(lib_a-mallocr.o)
                0x08013260                _malloc_r
 .text          0x080137dc      0x150 /home/laurence/CodeSourcery/Sourcery_G++_Lite/bin/../lib/gcc/arm-none-eabi/4.5.2/../../../../arm-none-eabi/lib/thumb2/libc.a(lib_a-memcpy.o)
                0x080137dc                memcpy
 .text          0x0801392c        0x8 /home/laurence/CodeSourcery/Sourcery_G++_Lite/bin/../lib/gcc/arm-none-eabi/4.5.2/../../../../arm-none-eabi/lib/thumb2/libc.a(lib_a-mlock.o)
                0x0801392c                __malloc_lock
                0x08013930                __malloc_unlock
 .text          0x08013934       0x28 /home/laurence/CodeSourcery/Sourcery_G++_Lite/bin/../lib/gcc/arm-none-eabi/4.5.2/../../../../arm-none-eabi/lib/thumb2/libc.a(lib_a-sbrkr.o)
                0x08013934                _sbrk_r
 .text          0x0801395c       0x60 /home/laurence/CodeSourcery/Sourcery_G++_Lite/bin/../lib/gcc/arm-none-eabi/4.5.2/../../../../arm-none-eabi/lib/thumb2/libc.a(lib_a-strlen.o)
                0x0801395c                strlen
 .text          0x080139bc      0x240 /home/laurence/CodeSourcery/Sourcery_G++_Lite/bin/../lib/gcc/arm-none-eabi/4.5.2/../../../../arm-none-eabi/lib/thumb2/libc.a(lib_a-freer.o)
                0x080139bc                _malloc_trim_r
                0x08013a64                _free_r
 .text          0x08013bfc       0x30 /home/laurence/CodeSourcery/Sourcery_G++_Lite/bin/../lib/gcc/arm-none-eabi/4.5.2/../../../../arm-none-eabi/lib/thumb2/libcs3.a(start_c.o)
                0x08013bfc                __cs3_premain
 .text.cs3.init
                0x08013c2c       0x50 /home/laurence/CodeSourcery/Sourcery_G++_Lite/bin/../lib/gcc/arm-none-eabi/4.5.2/../../../../arm-none-eabi/lib/thumb2/libcs3.a(start_c.o)
                0x08013c2c                __cs3_start_c
 .text          0x08013c7c       0x40 /home/laurence/CodeSourcery/Sourcery_G++_Lite/bin/../lib/gcc/arm-none-eabi/4.5.2/../../../../arm-none-eabi/lib/thumb2/libcs3unhosted.a(unhosted-sbrk.o)
                0x08013c7c                _sbrk
 .text.cs3.init
                0x08013cbc       0x10 /home/laurence/CodeSourcery/Sourcery_G++_Lite/bin/../lib/gcc/arm-none-eabi/4.5.2/../../../../arm-none-eabi/lib/thumb2/libcs3unhosted.a(unhosted-start.o)
                0x08013cbc                _start
 .text          0x08013ccc        0x2 lib/libcs3-lanchon-stm32.a(lanchon_stm32_isr_interrupt.o)
                0x08013ccc                MemManageException
                0x08013ccc                BusFaultException
                0x08013ccc                DMAChannel7_IRQHandler
                0x08013ccc                DebugMonitor
                0x08013ccc                SVCHandler
                0x08013ccc                HardFaultException
                0x08013ccc                __STM32ReservedException8
                0x08013ccc                __STM32DefaultExceptionHandler
                0x08013ccc                CAN_SCE_IRQHandler
                0x08013ccc                __STM32ReservedException10
                0x08013ccc                __STM32ReservedException13
                0x08013ccc                NMIException
                0x08013ccc                DMAChannel4_IRQHandler
                0x08013ccc                PendSVC
                0x08013ccc                CAN_RX1_IRQHandler
                0x08013ccc                ADC_IRQHandler
                0x08013ccc                DMAChannel5_IRQHandler
                0x08013ccc                DMAChannel2_IRQHandler
                0x08013ccc                __STM32ReservedException7
                0x08013ccc                UsageFaultException
                0x08013ccc                DMAChannel6_IRQHandler
                0x08013ccc                DMAChannel3_IRQHandler
                0x08013ccc                __STM32ReservedException9
 *fill*         0x08013cce        0x2 00
 .text          0x08013cd0       0x50 /home/laurence/CodeSourcery/Sourcery_G++_Lite/bin/../lib/gcc/arm-none-eabi/4.5.2/../../../../arm-none-eabi/lib/thumb2/libc.a(lib_a-init.o)
                0x08013cd0                __libc_init_array
 *(.plt)
 *(.gnu.warning)
 *(.glue_7t)
 .glue_7t       0x00000000        0x0 linker stubs
 *(.glue_7)
 .glue_7        0x00000000        0x0 linker stubs
 *(.vfp11_veneer)
 .vfp11_veneer  0x00000000        0x0 linker stubs
 *(.rodata .rodata.* .gnu.linkonce.r.*)
 .rodata        0x08013d20       0xac Util/USB/usb_desc.o
                0x08013d20                MASS_DeviceDescriptor
                0x08013d34                MASS_ConfigDescriptor
                0x08013d54                MASS_StringLangID
                0x08013d58                MASS_StringVendor
                0x08013d8c                MASS_StringProduct
                0x08013dbc                MASS_StringInterface
 .rodata        0x08013dcc     0x7738 Util/fat_fs/option/cc932.o
 .rodata.str1.4
                0x0801b504       0x13 Util/fat_fs/src/ff.o
                                 0x14 (size before relaxing)
 *fill*         0x0801b517        0x1 00
 .rodata        0x0801b518        0xc Util/fat_fs/src/rtc.o
 .rodata        0x0801b524       0x14 Util/rprintf.o
 .rodata.str1.4
                0x0801b538       0x1a Util/rprintf.o
                                 0x1c (size before relaxing)
 *fill*         0x0801b552        0x2 00
 .rodata        0x0801b554        0x4 i2c_int.o
                0x0801b554                TMP102_setup
 .rodata.str1.4
                0x0801b558       0x10 interrupts.o
 .rodata        0x0801b568       0x14 lib/CMSIS_CM3/system_stm32f10x.o
                0x0801b568                SystemFrequency
                0x0801b56c                SystemFrequency_SysClk
                0x0801b570                SystemFrequency_AHBClk
                0x0801b574                SystemFrequency_APB1Clk
                0x0801b578                SystemFrequency_APB2Clk
 .rodata.str1.4
                0x0801b57c       0xc9 main.o
                                 0xd0 (size before relaxing)
 *fill*         0x0801b645        0x3 00
 .rodata.str1.4
                0x0801b648       0x16 pwr.o
                                 0x18 (size before relaxing)
 *fill*         0x0801b65e        0x2 00
 .rodata.str1.4
                0x0801b660        0x5 /home/laurence/CodeSourcery/Sourcery_G++_Lite/bin/../lib/gcc/arm-none-eabi/4.5.2/../../../../arm-none-eabi/lib/thumb2/libm.a(lib_a-w_sqrt.o)
                                  0x8 (size before relaxing)
 *fill*         0x0801b665        0x3 00
 .rodata.str1.4
                0x0801b668        0x6 /home/laurence/CodeSourcery/Sourcery_G++_Lite/bin/../lib/gcc/arm-none-eabi/4.5.2/../../../../arm-none-eabi/lib/thumb2/libm.a(lib_a-wf_asin.o)
                                  0xc (size before relaxing)
 *fill*         0x0801b66e        0x2 00
 .rodata        0x0801b670      0x398 /home/laurence/CodeSourcery/Sourcery_G++_Lite/bin/../lib/gcc/arm-none-eabi/4.5.2/../../../../arm-none-eabi/lib/thumb2/libm.a(lib_a-ef_rem_pio2.o)
 .rodata        0x0801ba08       0x38 /home/laurence/CodeSourcery/Sourcery_G++_Lite/bin/../lib/gcc/arm-none-eabi/4.5.2/../../../../arm-none-eabi/lib/thumb2/libm.a(lib_a-kf_rem_pio2.o)
 .rodata.str1.4
                0x0801ba40        0x4 /home/laurence/CodeSourcery/Sourcery_G++_Lite/bin/../lib/gcc/arm-none-eabi/4.5.2/../../../../arm-none-eabi/lib/thumb2/libc.a(lib_a-impure.o)
 *(.ARM.extab* .gnu.linkonce.armextab.*)
 *(.gcc_except_table)
 *(.eh_frame_hdr)
 *(.eh_frame)
                0x0801ba44                . = ALIGN (0x4)
 *(.init)
 .init          0x0801ba44        0x4 /home/laurence/CodeSourcery/Sourcery_G++_Lite/bin/../lib/gcc/arm-none-eabi/4.5.2/thumb2/crti.o
                0x0801ba44                _init
 .init          0x0801ba48        0x8 /home/laurence/CodeSourcery/Sourcery_G++_Lite/bin/../lib/gcc/arm-none-eabi/4.5.2/thumb2/crtn.o
                0x0801ba50                . = ALIGN (0x4)
                0x0801ba50                __preinit_array_start = .
 *(.preinit_array)
                0x0801ba50                __preinit_array_end = .
                0x0801ba50                . = ALIGN (0x4)
                0x0801ba50                __init_array_start = .
 *(SORT(.init_array.*))
 *(.init_array)
 .init_array    0x0801ba50        0x4 /home/laurence/CodeSourcery/Sourcery_G++_Lite/bin/../lib/gcc/arm-none-eabi/4.5.2/thumb2/crtbegin.o
                0x0801ba54                __init_array_end = .
                0x0801ba54                . = ALIGN (0x4)
 *crtbegin.o(.ctors)
 *(EXCLUDE_FILE(*crtend.o) .ctors)
 *(SORT(.ctors.*))
 *crtend.o(.ctors)
                0x0801ba54                . = ALIGN (0x4)
 *(.fini)
 .fini          0x0801ba54        0x4 /home/laurence/CodeSourcery/Sourcery_G++_Lite/bin/../lib/gcc/arm-none-eabi/4.5.2/thumb2/crti.o
                0x0801ba54                _fini
 .fini          0x0801ba58        0x8 /home/laurence/CodeSourcery/Sourcery_G++_Lite/bin/../lib/gcc/arm-none-eabi/4.5.2/thumb2/crtn.o
                0x0801ba60                . = ALIGN (0x4)
                0x0801ba60                __fini_array_start = .
 *(.fini_array)
 .fini_array    0x0801ba60        0x4 /home/laurence/CodeSourcery/Sourcery_G++_Lite/bin/../lib/gcc/arm-none-eabi/4.5.2/thumb2/crtbegin.o
 *(SORT(.fini_array.*))
                0x0801ba64                __fini_array_end = .
 *crtbegin.o(.dtors)
 *(EXCLUDE_FILE(*crtend.o) .dtors)
 *(SORT(.dtors.*))
 *crtend.o(.dtors)
                0x0801ba64                . = ALIGN (0x4)
                0x0801ba64                __cs3_regions = .
                0x0801ba64        0x4 LONG 0x0
                0x0801ba68        0x4 LONG 0x801ba78 __cs3_region_init_ram
                0x0801ba6c        0x4 LONG 0x20000000 __cs3_region_start_ram
                0x0801ba70        0x4 LONG 0x698 __cs3_region_init_size_ram
                0x0801ba74        0x4 LONG 0xe68 __cs3_region_zero_size_ram
                0x0801ba78                __exidx_start = .

.v4_bx          0x0801ba78        0x0
 .v4_bx         0x00000000        0x0 linker stubs

.ARM.exidx
 *(.ARM.exidx* .gnu.linkonce.armexidx.*)
                0x0801ba78                __exidx_end = .

.text.align     0x0801ba78        0x0
                0x0801ba78                . = ALIGN (0x8)
                0x0801ba78                _etext = .
                0x08020000                __cs3_region_end_rom = (__cs3_region_start_rom + 0x20000)
                0x00020000                __cs3_region_size_rom = 0x20000
                0x00000001                __cs3_region_num = 0x1

.data           0x20000000      0x698 load address 0x0801ba78
                0x20000000                __cs3_region_start_ram = .
 *(.cs3.region-head.ram)
 *(.jcr)
 .jcr           0x20000000        0x0 /home/laurence/CodeSourcery/Sourcery_G++_Lite/bin/../lib/gcc/arm-none-eabi/4.5.2/thumb2/crtbegin.o
 .jcr           0x20000000        0x4 /home/laurence/CodeSourcery/Sourcery_G++_Lite/bin/../lib/gcc/arm-none-eabi/4.5.2/thumb2/crtend.o
 *(.got.plt)
 *(.got)
 *(.shdata)
 *(.data .data.* .gnu.linkonce.d.*)
 .data          0x20000004       0x74 Util/USB/scsi_data.o
                0x20000004                Standard_Inquiry_Data
                0x20000028                Standard_Inquiry_Data2
                0x2000004c                Mode_Sense6_data
                0x20000050                Mode_Sense10_data
                0x20000058                Scsi_Sense_Data
                0x2000006c                ReadFormatCapacity_Data
 .data          0x20000078       0x1c Util/USB/usb_desc.o
                0x20000078                MASS_StringSerial
 .data          0x20000094       0x38 Util/USB/usb_istr.o
                0x20000094                pEpInt_IN
                0x200000b0                pEpInt_OUT
 .data          0x200000cc       0x90 Util/USB/usb_prop.o
                0x200000cc                String_Descriptor
                0x200000f4                Config_Descriptor
                0x200000fc                Device_Descriptor
                0x20000104                Device_Property
                0x20000134                Device_Table
                0x20000138                User_Standard_Requests
 .data          0x2000015c        0x1 Util/USB/usb_pwr.o
                0x2000015c                fSuspendEnabled
 .data          0x2000015d        0x1 Util/fat_fs/src/sd_spi_stm32.o
 *fill*         0x2000015e        0x2 00
 .data          0x20000160       0x10 i2c_int.o
                0x20000160                I2C_jobs
 .data          0x20000170       0x14 lib/STM32F10x_StdPeriph_Driver/libstm32fw.a(stm32f10x_rcc.o)
 .data          0x20000184        0x1 /home/laurence/CodeSourcery/Sourcery_G++_Lite/bin/../lib/gcc/arm-none-eabi/4.5.2/../../../../arm-none-eabi/lib/thumb2/libm.a(lib_a-s_lib_ver.o)
                0x20000184                __fdlib_version
 *fill*         0x20000185        0x3 00
 .data          0x20000188       0xf4 /home/laurence/CodeSourcery/Sourcery_G++_Lite/bin/../lib/gcc/arm-none-eabi/4.5.2/../../../../arm-none-eabi/lib/thumb2/libc.a(lib_a-impure.o)
                0x20000188                _impure_ptr
 .data          0x2000027c      0x410 /home/laurence/CodeSourcery/Sourcery_G++_Lite/bin/../lib/gcc/arm-none-eabi/4.5.2/../../../../arm-none-eabi/lib/thumb2/libc.a(lib_a-mallocr.o)
                0x2000027c                __malloc_av_
                0x20000684                __malloc_sbrk_base
                0x20000688                __malloc_trim_threshold
 .data          0x2000068c        0x4 /home/laurence/CodeSourcery/Sourcery_G++_Lite/bin/../lib/gcc/arm-none-eabi/4.5.2/../../../../arm-none-eabi/lib/thumb2/libcs3unhosted.a(unhosted-sbrk.o)
 .data          0x20000690        0x4 /home/laurence/CodeSourcery/Sourcery_G++_Lite/bin/../lib/gcc/arm-none-eabi/4.5.2/../../../../arm-none-eabi/lib/thumb2/libcs3.a(heap.o)
                0x20000690                __cs3_heap_limit
 *(.ram)
                0x20000698                . = ALIGN (0x8)
 *fill*         0x20000694        0x4 00
                0x20000698                _edata = .

.bss            0x20000698      0xe68 load address 0x0801c110
 *(.shbss)
 *(.bss .bss.* .gnu.linkonce.b.*)
 .bss           0x20000698        0x1 /home/laurence/CodeSourcery/Sourcery_G++_Lite/bin/../lib/gcc/arm-none-eabi/4.5.2/thumb2/crtbegin.o
 *fill*         0x20000699        0x3 00
 .bss           0x2000069c      0x61c Sensors/ppg.o
 .bss           0x20000cb8       0x34 Sensors/pressure.o
 .bss           0x20000cec        0x4 Util/USB/mass_mal.o
                0x20000cec                Status
 .bss           0x20000cf0       0x1c Util/USB/memory.o
                0x20000cf0                TransferState
                0x20000cfc                Block_Read_count
                0x20000d00                Counter
 .bss           0x20000d0c       0x10 Util/USB/scsi_data.o
                0x20000d0c                Page00_Inquiry_Data
                0x20000d14                ReadCapacity10_Data
 .bss           0x20000d1c        0x1 Util/USB/usb_istr.o
                0x20000d1c                bIntPackSOF
 *fill*         0x20000d1d        0x3 00
 .bss           0x20000d20        0x4 Util/USB/usb_prop.o
                0x20000d20                Max_Lun
 .bss           0x20000d24        0x4 Util/USB/usb_pwr.o
                0x20000d24                bDeviceState
 .bss           0x20000d28        0x8 Util/fat_fs/src/ff.o
 .bss           0x20000d30       0x10 Util/fat_fs/src/sd_spi_stm32.o
 .bss           0x20000d40       0x84 Util/rprintf.o
 .bss           0x20000dc4        0x3 i2c_int.o
 *fill*         0x20000dc7        0x1 00
 .bss           0x20000dc8       0x18 interrupts.o
 .bss           0x20000de0      0x234 main.o
                0x20001010                file_opened
 .bss           0x20001014        0x1 lib/STM32_USB-FS-Device_Driver/libstm32usb.a(usb_core.o)
                0x20001014                Data_Mul_MaxPacketSize
 *fill*         0x20001015        0x3 00
 .bss           0x20001018       0x34 /home/laurence/CodeSourcery/Sourcery_G++_Lite/bin/../lib/gcc/arm-none-eabi/4.5.2/../../../../arm-none-eabi/lib/thumb2/libc.a(lib_a-mallocr.o)
                0x20001018                __malloc_top_pad
                0x2000101c                __malloc_current_mallinfo
                0x20001044                __malloc_max_sbrked_mem
                0x20001048                __malloc_max_total_mem
 *(COMMON)
 COMMON         0x2000104c       0x10 Sensors/ppg.o
                0x2000104c                a_
                0x20001050                Last_PPG_Values
 COMMON         0x2000105c        0x8 Sensors/pressure.o
                0x2000105c                Reported_Pressure
                0x20001060                Pressure_Offset
 COMMON         0x20001064        0xa Sensors/temperature.o
                0x20001064                Device_Temperature
                0x20001068                TMP102_Reported_Temperature
                0x2000106c                TMP102_Data_Buffer
 *fill*         0x2000106e        0x2 00
 COMMON         0x20001070       0x1c Util/USB/mass_mal.o
                0x20001070                Mass_Memory_Size
                0x20001078                Mass_Block_Size
                0x20001080                Mass_Block_Count
                0x20001088                Data_Buffer
 COMMON         0x2000108c        0x8 Util/USB/memory.o
                0x2000108c                Block_offset
                0x20001090                Idx
 COMMON         0x20001094       0x7c Util/USB/usb_bot.o
                0x20001094                CBW
                0x200010b4                Data_Len
                0x200010b6                Bot_State
                0x200010b8                SCSI_LBA
                0x200010bc                CSW
                0x200010cc                SCSI_BlkLen
                0x200010d0                Bulk_Data_Buff
 COMMON         0x20001110        0x2 Util/USB/usb_istr.o
                0x20001110                wIstr
 *fill*         0x20001112        0x2 00
 COMMON         0x20001114        0x2 Util/USB/usb_pwr.o
                0x20001114                ResumeS
 *fill*         0x20001116        0x2 00
 COMMON         0x20001118        0x4 adc.o
                0x20001118                ADC1_Convertion_buff
 COMMON         0x2000111c        0x1 gpio.o
                0x2000111c                bootsource
 *fill*         0x2000111d        0x3 00
 COMMON         0x20001120        0xd i2c_int.o
                0x20001120                I2C1error
                0x20001124                Jobs
                0x20001128                Completed_Jobs
                0x2000112c                job
 COMMON         0x2000112d        0x1 interrupts.o
                0x2000112d                Button_hold_tim
 *fill*         0x2000112e        0x2 00
 COMMON         0x20001130      0x390 main.o
                0x20001130                Pressure_control
                0x20001134                Temperatures_Buffer
                0x20001140                f_err_code
                0x20001144                Buff
                0x2000115c                System_state_Global
                0x20001160                Millis
                0x20001164                Sensors
                0x20001168                FATFS_info
                0x20001188                Pressures_Buffer
                0x20001194                Pressure_Setpoint
                0x20001198                print_string
                0x20001298                a
                0x2000129c                FATFS_logfile
 COMMON         0x200014c0        0x2 lib/STM32_USB-FS-Device_Driver/libstm32usb.a(usb_core.o)
                0x200014c0                StatusInfo
 *fill*         0x200014c2        0x2 00
 COMMON         0x200014c4       0x32 lib/STM32_USB-FS-Device_Driver/libstm32usb.a(usb_init.o)
                0x200014c4                SaveState
                0x200014c8                pProperty
                0x200014cc                EPindex
                0x200014d0                Device_Info
                0x200014ec                pUser_Standard_Requests
                0x200014f0                pInformation
                0x200014f4                wInterrupt_Mask
 COMMON         0x200014f6        0x4 lib/STM32_USB-FS-Device_Driver/libstm32usb.a(usb_int.o)
                0x200014f6                SaveRState
                0x200014f8                SaveTState
 *fill*         0x200014fa        0x2 00
 COMMON         0x200014fc        0x4 /home/laurence/CodeSourcery/Sourcery_G++_Lite/bin/../lib/gcc/arm-none-eabi/4.5.2/../../../../arm-none-eabi/lib/thumb2/libc.a(lib_a-reent.o)
                0x200014fc                errno
 *(.ram.b)
                0x20001500                . = ALIGN (0x8)
                0x20001500                _end = .
                0x20001500                __end = .

.noinit         0x20001500        0x0 load address 0x0801c110
 *(.noinit)
                0x20001500                . = ALIGN (0x8)
                0x20005000                __cs3_region_end_ram = (__cs3_region_start_ram + 0x5000)
                0x00005000                __cs3_region_size_ram = 0x5000
                0x0801ba78                __cs3_region_init_ram = LOADADDR (.data)
                0x00000698                __cs3_region_init_size_ram = (_edata - ADDR (.data))
                0x00000e68                __cs3_region_zero_size_ram = (_end - _edata)
                0x00000001                __cs3_region_num = 0x1

.stab
 *(.stab)

.stabstr
 *(.stabstr)

.debug
 *(.debug)

.line
 *(.line)

.debug_srcinfo
 *(.debug_srcinfo)

.debug_sfnames
 *(.debug_sfnames)

.comment        0x00000000       0x2a
 .comment       0x00000000       0x2a Sensors/ppg.o
                                 0x2b (size before relaxing)
 .comment       0x00000000       0x2b Sensors/pressure.o
 .comment       0x00000000       0x2b Sensors/temperature.o
 .comment       0x00000000       0x2b Util/USB/hw_config.o
 .comment       0x00000000       0x2b Util/USB/mass_mal.o
 .comment       0x00000000       0x2b Util/USB/memory.o
 .comment       0x00000000       0x2b Util/USB/scsi_data.o
 .comment       0x00000000       0x2b Util/USB/usb_bot.o
 .comment       0x00000000       0x2b Util/USB/usb_desc.o
 .comment       0x00000000       0x2b Util/USB/usb_endp.o
 .comment       0x00000000       0x2b Util/USB/usb_istr.o
 .comment       0x00000000       0x2b Util/USB/usb_prop.o
 .comment       0x00000000       0x2b Util/USB/usb_pwr.o
 .comment       0x00000000       0x2b Util/USB/usb_scsi.o
 .comment       0x00000000       0x2b Util/buffer.o
 .comment       0x00000000       0x2b Util/delay.o
 .comment       0x00000000       0x2b Util/fat_fs/option/cc932.o
 .comment       0x00000000       0x2b Util/fat_fs/option/syscall.o
 .comment       0x00000000       0x2b Util/fat_fs/src/fattime.o
 .comment       0x00000000       0x2b Util/fat_fs/src/ff.o
 .comment       0x00000000       0x2b Util/fat_fs/src/rtc.o
 .comment       0x00000000       0x2b Util/fat_fs/src/sd_spi_stm32.o
 .comment       0x00000000       0x2b Util/rprintf.o
 .comment       0x00000000       0x2b Util/stm32_eval_spi_sd.o
 .comment       0x00000000       0x2b adc.o
 .comment       0x00000000       0x2b gpio.o
 .comment       0x00000000       0x2b i2c_int.o
 .comment       0x00000000       0x2b interrupts.o
 .comment       0x00000000       0x2b lib/CMSIS_CM3/core_cm3.o
 .comment       0x00000000       0x2b lib/CMSIS_CM3/system_stm32f10x.o
 .comment       0x00000000       0x2b main.o
 .comment       0x00000000       0x2b pwr.o
 .comment       0x00000000       0x2b timer.o
 .comment       0x00000000       0x2b usart.o
 .comment       0x00000000       0x2b watchdog.o
 .comment       0x00000000       0x2b lib/STM32F10x_StdPeriph_Driver/libstm32fw.a(misc.o)
 .comment       0x00000000       0x2b lib/STM32F10x_StdPeriph_Driver/libstm32fw.a(stm32f10x_adc.o)
 .comment       0x00000000       0x2b lib/STM32F10x_StdPeriph_Driver/libstm32fw.a(stm32f10x_bkp.o)
 .comment       0x00000000       0x2b lib/STM32F10x_StdPeriph_Driver/libstm32fw.a(stm32f10x_dbgmcu.o)
 .comment       0x00000000       0x2b lib/STM32F10x_StdPeriph_Driver/libstm32fw.a(stm32f10x_dma.o)
 .comment       0x00000000       0x2b lib/STM32F10x_StdPeriph_Driver/libstm32fw.a(stm32f10x_exti.o)
 .comment       0x00000000       0x2b lib/STM32F10x_StdPeriph_Driver/libstm32fw.a(stm32f10x_gpio.o)
 .comment       0x00000000       0x2b lib/STM32F10x_StdPeriph_Driver/libstm32fw.a(stm32f10x_i2c.o)
 .comment       0x00000000       0x2b lib/STM32F10x_StdPeriph_Driver/libstm32fw.a(stm32f10x_iwdg.o)
 .comment       0x00000000       0x2b lib/STM32F10x_StdPeriph_Driver/libstm32fw.a(stm32f10x_pwr.o)
 .comment       0x00000000       0x2b lib/STM32F10x_StdPeriph_Driver/libstm32fw.a(stm32f10x_rcc.o)
 .comment       0x00000000       0x2b lib/STM32F10x_StdPeriph_Driver/libstm32fw.a(stm32f10x_rtc.o)
 .comment       0x00000000       0x2b lib/STM32F10x_StdPeriph_Driver/libstm32fw.a(stm32f10x_spi.o)
 .comment       0x00000000       0x2b lib/STM32F10x_StdPeriph_Driver/libstm32fw.a(stm32f10x_tim.o)
 .comment       0x00000000       0x2b lib/STM32F10x_StdPeriph_Driver/libstm32fw.a(stm32f10x_usart.o)
 .comment       0x00000000       0x2b lib/STM32_USB-FS-Device_Driver/libstm32usb.a(usb_core.o)
 .comment       0x00000000       0x2b lib/STM32_USB-FS-Device_Driver/libstm32usb.a(usb_init.o)
 .comment       0x00000000       0x2b lib/STM32_USB-FS-Device_Driver/libstm32usb.a(usb_int.o)
 .comment       0x00000000       0x2b lib/STM32_USB-FS-Device_Driver/libstm32usb.a(usb_mem.o)
 .comment       0x00000000       0x2b lib/STM32_USB-FS-Device_Driver/libstm32usb.a(usb_regs.o)
 .comment       0x00000000       0x2b lib/STM32_USB-FS-Device_Driver/libstm32usb.a(usb_sil.o)

.debug_aranges  0x00000000      0x428
 *(.debug_aranges)
 .debug_aranges
                0x00000000       0x20 Sensors/ppg.o
 .debug_aranges
                0x00000020       0x20 Sensors/pressure.o
 .debug_aranges
                0x00000040       0x20 Sensors/temperature.o
 .debug_aranges
                0x00000060       0x20 Util/USB/hw_config.o
 .debug_aranges
                0x00000080       0x20 Util/USB/mass_mal.o
 .debug_aranges
                0x000000a0       0x20 Util/USB/memory.o
 .debug_aranges
                0x000000c0       0x20 Util/USB/usb_bot.o
 .debug_aranges
                0x000000e0       0x20 Util/USB/usb_endp.o
 .debug_aranges
                0x00000100       0x20 Util/USB/usb_istr.o
 .debug_aranges
                0x00000120       0x20 Util/USB/usb_prop.o
 .debug_aranges
                0x00000140       0x20 Util/USB/usb_pwr.o
 .debug_aranges
                0x00000160       0x20 Util/USB/usb_scsi.o
 .debug_aranges
                0x00000180       0x20 Util/buffer.o
 .debug_aranges
                0x000001a0       0x20 Util/delay.o
 .debug_aranges
                0x000001c0       0x20 Util/fat_fs/option/cc932.o
 .debug_aranges
                0x000001e0       0x20 Util/fat_fs/src/fattime.o
 .debug_aranges
                0x00000200       0x20 Util/fat_fs/src/ff.o
 .debug_aranges
                0x00000220       0x20 Util/fat_fs/src/rtc.o
 .debug_aranges
                0x00000240       0x20 Util/fat_fs/src/sd_spi_stm32.o
 .debug_aranges
                0x00000260       0x20 Util/rprintf.o
 .debug_aranges
                0x00000280       0x20 Util/stm32_eval_spi_sd.o
 .debug_aranges
                0x000002a0       0x20 adc.o
 .debug_aranges
                0x000002c0       0x20 gpio.o
 .debug_aranges
                0x000002e0       0x20 i2c_int.o
 .debug_aranges
                0x00000300       0x20 interrupts.o
 .debug_aranges
                0x00000320       0x20 lib/CMSIS_CM3/core_cm3.o
 .debug_aranges
                0x00000340       0x28 lib/CMSIS_CM3/startup/gcc/startup_stm32f10x_md.o
 .debug_aranges
                0x00000368       0x20 lib/CMSIS_CM3/system_stm32f10x.o
 .debug_aranges
                0x00000388       0x20 main.o
 .debug_aranges
                0x000003a8       0x20 pwr.o
 .debug_aranges
                0x000003c8       0x20 timer.o
 .debug_aranges
                0x000003e8       0x20 usart.o
 .debug_aranges
                0x00000408       0x20 watchdog.o

.debug_pubnames
                0x00000000     0x172b
 *(.debug_pubnames)
 .debug_pubnames
                0x00000000       0x8e Sensors/ppg.o
 .debug_pubnames
                0x0000008e       0x80 Sensors/pressure.o
 .debug_pubnames
                0x0000010e       0x8d Sensors/temperature.o
 .debug_pubnames
                0x0000019b      0x113 Util/USB/hw_config.o
 .debug_pubnames
                0x000002ae       0xa5 Util/USB/mass_mal.o
 .debug_pubnames
                0x00000353       0x7f Util/USB/memory.o
 .debug_pubnames
                0x000003d2       0xd2 Util/USB/scsi_data.o
 .debug_pubnames
                0x000004a4       0xd9 Util/USB/usb_bot.o
 .debug_pubnames
                0x0000057d       0xb8 Util/USB/usb_desc.o
 .debug_pubnames
                0x00000635       0x3b Util/USB/usb_endp.o
 .debug_pubnames
                0x00000670       0x56 Util/USB/usb_istr.o
 .debug_pubnames
                0x000006c6      0x1f6 Util/USB/usb_prop.o
 .debug_pubnames
                0x000008bc       0x83 Util/USB/usb_pwr.o
 .debug_pubnames
                0x0000093f      0x195 Util/USB/usb_scsi.o
 .debug_pubnames
                0x00000ad4       0x48 Util/buffer.o
 .debug_pubnames
                0x00000b1c       0x1c Util/delay.o
 .debug_pubnames
                0x00000b38       0x31 Util/fat_fs/option/cc932.o
 .debug_pubnames
                0x00000b69       0x22 Util/fat_fs/src/fattime.o
 .debug_pubnames
                0x00000b8b      0x14a Util/fat_fs/src/ff.o
 .debug_pubnames
                0x00000cd5       0x55 Util/fat_fs/src/rtc.o
 .debug_pubnames
                0x00000d2a       0x75 Util/fat_fs/src/sd_spi_stm32.o
 .debug_pubnames
                0x00000d9f       0xf9 Util/rprintf.o
 .debug_pubnames
                0x00000e98      0x167 Util/stm32_eval_spi_sd.o
 .debug_pubnames
                0x00000fff       0x66 adc.o
 .debug_pubnames
                0x00001065       0x72 gpio.o
 .debug_pubnames
                0x000010d7       0xc7 i2c_int.o
 .debug_pubnames
                0x0000119e      0x108 interrupts.o
 .debug_pubnames
                0x000012a6      0x159 lib/CMSIS_CM3/core_cm3.o
 .debug_pubnames
                0x000013ff       0xa3 lib/CMSIS_CM3/system_stm32f10x.o
 .debug_pubnames
                0x000014a2      0x156 main.o
 .debug_pubnames
                0x000015f8       0x54 pwr.o
 .debug_pubnames
                0x0000164c       0x3b timer.o
 .debug_pubnames
                0x00001687       0x64 usart.o
 .debug_pubnames
                0x000016eb       0x40 watchdog.o

.debug_info     0x00000000     0xf355
 *(.debug_info .gnu.linkonce.wi.*)
 .debug_info    0x00000000      0x68c Sensors/ppg.o
 .debug_info    0x0000068c      0x1ed Sensors/pressure.o
 .debug_info    0x00000879      0x123 Sensors/temperature.o
 .debug_info    0x0000099c      0x731 Util/USB/hw_config.o
 .debug_info    0x000010cd      0x302 Util/USB/mass_mal.o
 .debug_info    0x000013cf      0x333 Util/USB/memory.o
 .debug_info    0x00001702      0x16b Util/USB/scsi_data.o
 .debug_info    0x0000186d      0x49d Util/USB/usb_bot.o
 .debug_info    0x00001d0a      0x187 Util/USB/usb_desc.o
 .debug_info    0x00001e91       0x98 Util/USB/usb_endp.o
 .debug_info    0x00001f29      0x311 Util/USB/usb_istr.o
 .debug_info    0x0000223a      0x9b4 Util/USB/usb_prop.o
 .debug_info    0x00002bee      0x3c3 Util/USB/usb_pwr.o
 .debug_info    0x00002fb1      0x899 Util/USB/usb_scsi.o
 .debug_info    0x0000384a      0x194 Util/buffer.o
 .debug_info    0x000039de       0xc8 Util/delay.o
 .debug_info    0x00003aa6      0x1b9 Util/fat_fs/option/cc932.o
 .debug_info    0x00003c5f       0x77 Util/fat_fs/option/syscall.o
 .debug_info    0x00003cd6      0x15a Util/fat_fs/src/fattime.o
 .debug_info    0x00003e30     0x325b Util/fat_fs/src/ff.o
 .debug_info    0x0000708b      0x532 Util/fat_fs/src/rtc.o
 .debug_info    0x000075bd     0x183f Util/fat_fs/src/sd_spi_stm32.o
 .debug_info    0x00008dfc      0xe1f Util/rprintf.o
 .debug_info    0x00009c1b     0x1a18 Util/stm32_eval_spi_sd.o
 .debug_info    0x0000b633      0x448 adc.o
 .debug_info    0x0000ba7b      0x2a3 gpio.o
 .debug_info    0x0000bd1e      0x6af i2c_int.o
 .debug_info    0x0000c3cd      0xed5 interrupts.o
 .debug_info    0x0000d2a2      0x547 lib/CMSIS_CM3/core_cm3.o
 .debug_info    0x0000d7e9       0x82 lib/CMSIS_CM3/startup/gcc/startup_stm32f10x_md.o
 .debug_info    0x0000d86b      0x2d0 lib/CMSIS_CM3/system_stm32f10x.o
 .debug_info    0x0000db3b      0xa71 main.o
 .debug_info    0x0000e5ac      0x346 pwr.o
 .debug_info    0x0000e8f2      0x53c timer.o
 .debug_info    0x0000ee2e      0x449 usart.o
 .debug_info    0x0000f277       0xde watchdog.o

.debug_abbrev   0x00000000     0x3264
 *(.debug_abbrev)
 .debug_abbrev  0x00000000      0x1d8 Sensors/ppg.o
 .debug_abbrev  0x000001d8      0x10a Sensors/pressure.o
 .debug_abbrev  0x000002e2       0x79 Sensors/temperature.o
 .debug_abbrev  0x0000035b      0x2d3 Util/USB/hw_config.o
 .debug_abbrev  0x0000062e      0x111 Util/USB/mass_mal.o
 .debug_abbrev  0x0000073f      0x110 Util/USB/memory.o
 .debug_abbrev  0x0000084f       0x5c Util/USB/scsi_data.o
 .debug_abbrev  0x000008ab      0x198 Util/USB/usb_bot.o
 .debug_abbrev  0x00000a43       0x63 Util/USB/usb_desc.o
 .debug_abbrev  0x00000aa6       0x41 Util/USB/usb_endp.o
 .debug_abbrev  0x00000ae7      0x113 Util/USB/usb_istr.o
 .debug_abbrev  0x00000bfa      0x1d0 Util/USB/usb_prop.o
 .debug_abbrev  0x00000dca      0x1bd Util/USB/usb_pwr.o
 .debug_abbrev  0x00000f87      0x253 Util/USB/usb_scsi.o
 .debug_abbrev  0x000011da       0xc1 Util/buffer.o
 .debug_abbrev  0x0000129b       0x7e Util/delay.o
 .debug_abbrev  0x00001319       0xd2 Util/fat_fs/option/cc932.o
 .debug_abbrev  0x000013eb       0x2c Util/fat_fs/option/syscall.o
 .debug_abbrev  0x00001417       0x97 Util/fat_fs/src/fattime.o
 .debug_abbrev  0x000014ae      0x2f7 Util/fat_fs/src/ff.o
 .debug_abbrev  0x000017a5      0x213 Util/fat_fs/src/rtc.o
 .debug_abbrev  0x000019b8      0x34b Util/fat_fs/src/sd_spi_stm32.o
 .debug_abbrev  0x00001d03      0x2e4 Util/rprintf.o
 .debug_abbrev  0x00001fe7      0x2e8 Util/stm32_eval_spi_sd.o
 .debug_abbrev  0x000022cf      0x143 adc.o
 .debug_abbrev  0x00002412      0x158 gpio.o
 .debug_abbrev  0x0000256a      0x1f5 i2c_int.o
 .debug_abbrev  0x0000275f      0x25f interrupts.o
 .debug_abbrev  0x000029be       0xc1 lib/CMSIS_CM3/core_cm3.o
 .debug_abbrev  0x00002a7f       0x12 lib/CMSIS_CM3/startup/gcc/startup_stm32f10x_md.o
 .debug_abbrev  0x00002a91      0x112 lib/CMSIS_CM3/system_stm32f10x.o
 .debug_abbrev  0x00002ba3      0x25b main.o
 .debug_abbrev  0x00002dfe      0x10c pwr.o
 .debug_abbrev  0x00002f0a      0x13f timer.o
 .debug_abbrev  0x00003049      0x186 usart.o
 .debug_abbrev  0x000031cf       0x95 watchdog.o

.debug_line     0x00000000     0xc4e1
 *(.debug_line)
 .debug_line    0x00000000      0x6e2 Sensors/ppg.o
 .debug_line    0x000006e2      0x336 Sensors/pressure.o
 .debug_line    0x00000a18      0x502 Sensors/temperature.o
 .debug_line    0x00000f1a      0x5fc Util/USB/hw_config.o
 .debug_line    0x00001516      0x56e Util/USB/mass_mal.o
 .debug_line    0x00001a84      0x46a Util/USB/memory.o
 .debug_line    0x00001eee      0x339 Util/USB/scsi_data.o
 .debug_line    0x00002227      0x55c Util/USB/usb_bot.o
 .debug_line    0x00002783      0x2ed Util/USB/usb_desc.o
 .debug_line    0x00002a70      0x3ba Util/USB/usb_endp.o
 .debug_line    0x00002e2a      0x3f5 Util/USB/usb_istr.o
 .debug_line    0x0000321f      0x4a9 Util/USB/usb_prop.o
 .debug_line    0x000036c8      0x452 Util/USB/usb_pwr.o
 .debug_line    0x00003b1a      0x653 Util/USB/usb_scsi.o
 .debug_line    0x0000416d      0x4ba Util/buffer.o
 .debug_line    0x00004627      0x2fd Util/delay.o
 .debug_line    0x00004924       0xd8 Util/fat_fs/option/cc932.o
 .debug_line    0x000049fc      0x2fc Util/fat_fs/option/syscall.o
 .debug_line    0x00004cf8      0x179 Util/fat_fs/src/fattime.o
 .debug_line    0x00004e71     0x1c86 Util/fat_fs/src/ff.o
 .debug_line    0x00006af7      0x47f Util/fat_fs/src/rtc.o
 .debug_line    0x00006f76      0x83f Util/fat_fs/src/sd_spi_stm32.o
 .debug_line    0x000077b5      0xcfd Util/rprintf.o
 .debug_line    0x000084b2      0x9a5 Util/stm32_eval_spi_sd.o
 .debug_line    0x00008e57      0x6fc adc.o
 .debug_line    0x00009553      0x41f gpio.o
 .debug_line    0x00009972      0x6bb i2c_int.o
 .debug_line    0x0000a02d      0x7bb interrupts.o
 .debug_line    0x0000a7e8      0x198 lib/CMSIS_CM3/core_cm3.o
 .debug_line    0x0000a980       0x84 lib/CMSIS_CM3/startup/gcc/startup_stm32f10x_md.o
 .debug_line    0x0000aa04      0x336 lib/CMSIS_CM3/system_stm32f10x.o
 .debug_line    0x0000ad3a      0x81c main.o
 .debug_line    0x0000b556      0x393 pwr.o
 .debug_line    0x0000b8e9      0x361 timer.o
 .debug_line    0x0000bc4a      0x58f usart.o
 .debug_line    0x0000c1d9      0x308 watchdog.o

.debug_frame    0x00000000     0x1f94
 *(.debug_frame)
 .debug_frame   0x00000000       0x94 Sensors/ppg.o
 .debug_frame   0x00000094       0x8c Sensors/pressure.o
 .debug_frame   0x00000120       0x40 Sensors/temperature.o
 .debug_frame   0x00000160       0xec Util/USB/hw_config.o
 .debug_frame   0x0000024c       0x80 Util/USB/mass_mal.o
 .debug_frame   0x000002cc       0x50 Util/USB/memory.o
 .debug_frame   0x0000031c       0xc0 Util/USB/usb_bot.o
 .debug_frame   0x000003dc       0x30 Util/USB/usb_endp.o
 .debug_frame   0x0000040c       0x2c Util/USB/usb_istr.o
 .debug_frame   0x00000438      0x11c Util/USB/usb_prop.o
 .debug_frame   0x00000554       0x94 Util/USB/usb_pwr.o
 .debug_frame   0x000005e8      0x180 Util/USB/usb_scsi.o
 .debug_frame   0x00000768       0x64 Util/buffer.o
 .debug_frame   0x000007cc       0x24 Util/delay.o
 .debug_frame   0x000007f0       0x3c Util/fat_fs/option/cc932.o
 .debug_frame   0x0000082c       0x2c Util/fat_fs/src/fattime.o
 .debug_frame   0x00000858      0x564 Util/fat_fs/src/ff.o
 .debug_frame   0x00000dbc       0x84 Util/fat_fs/src/rtc.o
 .debug_frame   0x00000e40      0x12c Util/fat_fs/src/sd_spi_stm32.o
 .debug_frame   0x00000f6c      0x1d4 Util/rprintf.o
 .debug_frame   0x00001140      0x25c Util/stm32_eval_spi_sd.o
 .debug_frame   0x0000139c       0x78 adc.o
 .debug_frame   0x00001414       0x78 gpio.o
 .debug_frame   0x0000148c       0xa0 i2c_int.o
 .debug_frame   0x0000152c      0x114 interrupts.o
 .debug_frame   0x00001640      0x170 lib/CMSIS_CM3/core_cm3.o
 .debug_frame   0x000017b0       0x24 lib/CMSIS_CM3/system_stm32f10x.o
 .debug_frame   0x000017d4       0x90 main.o
 .debug_frame   0x00001864       0x70 pwr.o
 .debug_frame   0x000018d4       0x5c timer.o
 .debug_frame   0x00001930       0x78 usart.o
 .debug_frame   0x000019a8       0x40 watchdog.o
 .debug_frame   0x000019e8       0x2c /home/laurence/CodeSourcery/Sourcery_G++_Lite/bin/../lib/gcc/arm-none-eabi/4.5.2/../../../../arm-none-eabi/lib/thumb2/libm.a(lib_a-sf_sin.o)
 .debug_frame   0x00001a14       0x38 /home/laurence/CodeSourcery/Sourcery_G++_Lite/bin/../lib/gcc/arm-none-eabi/4.5.2/../../../../arm-none-eabi/lib/thumb2/libm.a(lib_a-w_sqrt.o)
 .debug_frame   0x00001a4c       0x30 /home/laurence/CodeSourcery/Sourcery_G++_Lite/bin/../lib/gcc/arm-none-eabi/4.5.2/../../../../arm-none-eabi/lib/thumb2/libm.a(lib_a-wf_asin.o)
 .debug_frame   0x00001a7c       0x34 /home/laurence/CodeSourcery/Sourcery_G++_Lite/bin/../lib/gcc/arm-none-eabi/4.5.2/../../../../arm-none-eabi/lib/thumb2/libm.a(lib_a-e_sqrt.o)
 .debug_frame   0x00001ab0       0x34 /home/laurence/CodeSourcery/Sourcery_G++_Lite/bin/../lib/gcc/arm-none-eabi/4.5.2/../../../../arm-none-eabi/lib/thumb2/libm.a(lib_a-ef_asin.o)