Archive member included because of file (symbol)

lib/STM32F10x_StdPeriph_Driver/libstm32fw.a(misc.o)
                              Util/USB/hw_config.o (NVIC_PriorityGroupConfig)
lib/STM32F10x_StdPeriph_Driver/libstm32fw.a(stm32f10x_adc.o)
                              adc.o (ADC_DeInit)
lib/STM32F10x_StdPeriph_Driver/libstm32fw.a(stm32f10x_bkp.o)
                              Util/fat_fs/src/rtc.o (BKP_DeInit)
lib/STM32F10x_StdPeriph_Driver/libstm32fw.a(stm32f10x_dma.o)
                              Util/fat_fs/src/sd_spi_stm32.o (DMA_DeInit)
lib/STM32F10x_StdPeriph_Driver/libstm32fw.a(stm32f10x_exti.o)
                              interrupts.o (EXTI_DeInit)
lib/STM32F10x_StdPeriph_Driver/libstm32fw.a(stm32f10x_gpio.o)
                              Util/fat_fs/src/sd_spi_stm32.o (GPIO_Init)
lib/STM32F10x_StdPeriph_Driver/libstm32fw.a(stm32f10x_pwr.o)
                              pwr.o (PWR_DeInit)
lib/STM32F10x_StdPeriph_Driver/libstm32fw.a(stm32f10x_rcc.o)
                              interrupts.o (RCC_HCLKConfig)
lib/STM32F10x_StdPeriph_Driver/libstm32fw.a(stm32f10x_rtc.o)
                              Util/fat_fs/src/rtc.o (RTC_GetCounter)
lib/STM32F10x_StdPeriph_Driver/libstm32fw.a(stm32f10x_spi.o)
                              Util/fat_fs/src/sd_spi_stm32.o (SPI_I2S_DeInit)
lib/STM32F10x_StdPeriph_Driver/libstm32fw.a(stm32f10x_tim.o)
                              timer.o (TIM_DeInit)
lib/STM32F10x_StdPeriph_Driver/libstm32fw.a(stm32f10x_usart.o)
                              usart.o (USART_Init)
lib/STM32_USB-FS-Device_Driver/libstm32usb.a(usb_core.o)
                              Util/USB/usb_prop.o (Standard_GetDescriptorData)
lib/STM32_USB-FS-Device_Driver/libstm32usb.a(usb_init.o)
                              main.o (USB_Init)
lib/STM32_USB-FS-Device_Driver/libstm32usb.a(usb_int.o)
                              Util/USB/usb_istr.o (CTR_LP)
lib/STM32_USB-FS-Device_Driver/libstm32usb.a(usb_mem.o)
                              lib/STM32_USB-FS-Device_Driver/libstm32usb.a(usb_core.o) (UserToPMABufferCopy)
lib/STM32_USB-FS-Device_Driver/libstm32usb.a(usb_regs.o)
                              Util/USB/usb_prop.o (SetBTABLE)
lib/STM32_USB-FS-Device_Driver/libstm32usb.a(usb_sil.o)
                              Util/USB/usb_prop.o (USB_SIL_Init)
/home/laurence/CodeSourcery/Sourcery_G++_Lite/bin/../lib/gcc/arm-none-eabi/4.5.2/../../../../arm-none-eabi/lib/thumb2/libm.a(lib_a-s_sin.o)
                              Sensors/ppg.o (sin)
/home/laurence/CodeSourcery/Sourcery_G++_Lite/bin/../lib/gcc/arm-none-eabi/4.5.2/../../../../arm-none-eabi/lib/thumb2/libm.a(lib_a-w_asin.o)
                              Sensors/ppg.o (asin)
/home/laurence/CodeSourcery/Sourcery_G++_Lite/bin/../lib/gcc/arm-none-eabi/4.5.2/../../../../arm-none-eabi/lib/thumb2/libm.a(lib_a-w_sqrt.o)
                              Sensors/ppg.o (sqrt)
/home/laurence/CodeSourcery/Sourcery_G++_Lite/bin/../lib/gcc/arm-none-eabi/4.5.2/../../../../arm-none-eabi/lib/thumb2/libm.a(lib_a-e_asin.o)
                              /home/laurence/CodeSourcery/Sourcery_G++_Lite/bin/../lib/gcc/arm-none-eabi/4.5.2/../../../../arm-none-eabi/lib/thumb2/libm.a(lib_a-w_asin.o) (__ieee754_asin)
/home/laurence/CodeSourcery/Sourcery_G++_Lite/bin/../lib/gcc/arm-none-eabi/4.5.2/../../../../arm-none-eabi/lib/thumb2/libm.a(lib_a-e_rem_pio2.o)
                              /home/laurence/CodeSourcery/Sourcery_G++_Lite/bin/../lib/gcc/arm-none-eabi/4.5.2/../../../../arm-none-eabi/lib/thumb2/libm.a(lib_a-s_sin.o) (__ieee754_rem_pio2)
/home/laurence/CodeSourcery/Sourcery_G++_Lite/bin/../lib/gcc/arm-none-eabi/4.5.2/../../../../arm-none-eabi/lib/thumb2/libm.a(lib_a-e_sqrt.o)
                              /home/laurence/CodeSourcery/Sourcery_G++_Lite/bin/../lib/gcc/arm-none-eabi/4.5.2/../../../../arm-none-eabi/lib/thumb2/libm.a(lib_a-w_sqrt.o) (__ieee754_sqrt)
/home/laurence/CodeSourcery/Sourcery_G++_Lite/bin/../lib/gcc/arm-none-eabi/4.5.2/../../../../arm-none-eabi/lib/thumb2/libm.a(lib_a-k_cos.o)
                              /home/laurence/CodeSourcery/Sourcery_G++_Lite/bin/../lib/gcc/arm-none-eabi/4.5.2/../../../../arm-none-eabi/lib/thumb2/libm.a(lib_a-s_sin.o) (__kernel_cos)
/home/laurence/CodeSourcery/Sourcery_G++_Lite/bin/../lib/gcc/arm-none-eabi/4.5.2/../../../../arm-none-eabi/lib/thumb2/libm.a(lib_a-k_rem_pio2.o)
                              /home/laurence/CodeSourcery/Sourcery_G++_Lite/bin/../lib/gcc/arm-none-eabi/4.5.2/../../../../arm-none-eabi/lib/thumb2/libm.a(lib_a-e_rem_pio2.o) (__kernel_rem_pio2)
/home/laurence/CodeSourcery/Sourcery_G++_Lite/bin/../lib/gcc/arm-none-eabi/4.5.2/../../../../arm-none-eabi/lib/thumb2/libm.a(lib_a-k_sin.o)
                              /home/laurence/CodeSourcery/Sourcery_G++_Lite/bin/../lib/gcc/arm-none-eabi/4.5.2/../../../../arm-none-eabi/lib/thumb2/libm.a(lib_a-s_sin.o) (__kernel_sin)
/home/laurence/CodeSourcery/Sourcery_G++_Lite/bin/../lib/gcc/arm-none-eabi/4.5.2/../../../../arm-none-eabi/lib/thumb2/libm.a(lib_a-s_fabs.o)
[...]
Memory Configuration

Name             Origin             Length             Attributes
ram              0x20000000         0x00005000         xrw
rom              0x08000000         0x00020000         xr
*default*        0x00000000         0xffffffff

Linker script and memory map

LOAD /home/laurence/CodeSourcery/Sourcery_G++_Lite/bin/../lib/gcc/arm-none-eabi/4.5.2/thumb2/crti.o
LOAD /home/laurence/CodeSourcery/Sourcery_G++_Lite/bin/../lib/gcc/arm-none-eabi/4.5.2/thumb2/crtbegin.o
LOAD Sensors/ppg.o
LOAD Sensors/pressure.o
LOAD Util/USB/hw_config.o
LOAD Util/USB/mass_mal.o
LOAD Util/USB/memory.o
LOAD Util/USB/scsi_data.o
LOAD Util/USB/usb_bot.o
LOAD Util/USB/usb_desc.o
LOAD Util/USB/usb_endp.o
LOAD Util/USB/usb_istr.o
LOAD Util/USB/usb_prop.o
LOAD Util/USB/usb_pwr.o
LOAD Util/USB/usb_scsi.o
LOAD Util/buffer.o
LOAD Util/fat_fs/option/cc932.o
LOAD Util/fat_fs/option/syscall.o
LOAD Util/fat_fs/src/fattime.o
LOAD Util/fat_fs/src/ff.o
LOAD Util/fat_fs/src/rtc.o
LOAD Util/fat_fs/src/sd_spi_stm32.o
LOAD Util/rprintf.o
LOAD Util/stm32_eval_spi_sd.o
LOAD adc.o
LOAD gpio.o
LOAD interrupts.o
LOAD lib/CMSIS_CM3/core_cm3.o
LOAD lib/CMSIS_CM3/startup/gcc/startup_stm32f10x_md.o
LOAD lib/CMSIS_CM3/system_stm32f10x.o
LOAD main.o
LOAD pwr.o
LOAD timer.o
LOAD usart.o
LOAD lib/STM32F10x_StdPeriph_Driver/libstm32fw.a
LOAD lib/STM32_USB-FS-Device_Driver/libstm32usb.a
LOAD /home/laurence/CodeSourcery/Sourcery_G++_Lite/bin/../lib/gcc/arm-none-eabi/4.5.2/../../../../arm-none-eabi/lib/thumb2/libm.a
START GROUP
LOAD /home/laurence/CodeSourcery/Sourcery_G++_Lite/bin/../lib/gcc/arm-none-eabi/4.5.2/thumb2/libgcc.a
LOAD /home/laurence/CodeSourcery/Sourcery_G++_Lite/bin/../lib/gcc/arm-none-eabi/4.5.2/../../../../arm-none-eabi/lib/thumb2/libc.a
END GROUP
LOAD /home/laurence/CodeSourcery/Sourcery_G++_Lite/bin/../lib/gcc/arm-none-eabi/4.5.2/thumb2/crtend.o
LOAD /home/laurence/CodeSourcery/Sourcery_G++_Lite/bin/../lib/gcc/arm-none-eabi/4.5.2/thumb2/crtn.o
START GROUP
LOAD /home/laurence/CodeSourcery/Sourcery_G++_Lite/bin/../lib/gcc/arm-none-eabi/4.5.2/thumb2/libgcc.a
LOAD /home/laurence/CodeSourcery/Sourcery_G++_Lite/bin/../lib/gcc/arm-none-eabi/4.5.2/../../../../arm-none-eabi/lib/thumb2/libc.a
LOAD /home/laurence/CodeSourcery/Sourcery_G++_Lite/bin/../lib/gcc/arm-none-eabi/4.5.2/../../../../arm-none-eabi/lib/thumb2/libcs3.a
LOAD /home/laurence/CodeSourcery/Sourcery_G++_Lite/bin/../lib/gcc/arm-none-eabi/4.5.2/../../../../arm-none-eabi/lib/thumb2/libcs3unhosted.a
LOAD lib/libcs3-lanchon-stm32.a
END GROUP
                0x20005000                PROVIDE (__cs3_stack, (__cs3_region_start_ram + __cs3_region_size_ram))
                0x20000e30                PROVIDE (__cs3_heap_start, _end)
                0x20005000                PROVIDE (__cs3_heap_end, (__cs3_region_start_ram + __cs3_region_size_ram))

.text           0x08000000    0x13d80
 CREATE_OBJECT_SYMBOLS
                0x08000000                __cs3_region_start_rom = .
 *(.cs3.region-head.rom)
                0x08000000                __cs3_interrupt_vector = __cs3_interrupt_vector_lanchon_stm32
 *(.cs3.interrupt_vector)
 .cs3.interrupt_vector
                0x08000000       0xec lib/libcs3-lanchon-stm32.a(lanchon-stm32-vector.o)
                0x08000000                __cs3_interrupt_vector_lanchon_stm32
                0x08000001                ASSERT ((. != __cs3_interrupt_vector_lanchon_stm32), No interrupt vector)
 *(.rom)
 *(.rom.b)
                0x0800c220                PROVIDE (__cs3_reset_lanchon_stm32, _start)
                0x0800c220                __cs3_reset = __cs3_reset_lanchon_stm32
 *(.cs3.reset)
 *(.text .text.* .gnu.linkonce.t.*)
 .text          0x080000ec       0x30 /home/laurence/CodeSourcery/Sourcery_G++_Lite/bin/../lib/gcc/arm-none-eabi/4.5.2/thumb2/crtbegin.o
 *fill*         0x0800011c        0x4 00
 .text          0x08000120      0x130 Sensors/ppg.o
                0x08000120                PPG_LO_Filter
                0x080001a4                PWM_Linear
                0x080001e4                PPG_correct_brightness
 .text          0x08000250       0x98 Sensors/pressure.o
                0x08000250                calibrate_sensor
                0x08000280                conv_adc_diff
                0x080002b4                conv_diff
 .text          0x080002e8      0x124 Util/USB/hw_config.o
                0x0800030c                Set_USBClock
                0x08000322                Enter_LowPowerMode
                0x08000330                Leave_LowPowerMode
                0x0800034c                USB_Interrupts_Config
                0x0800038c                Led_RW_ON
                0x0800039c                Led_RW_OFF
                0x080003ac                USB_Configured_LED
                0x080003bc                USB_NotConfigured_LED
                0x080003cc                USB_Cable_Config
                0x080003ce                Get_SerialNum
                0x08000404                MAL_Config
                0x0800040a                Set_System
 .text          0x0800040c       0xcc Util/USB/mass_mal.o
                0x0800040c                MAL_Init
                0x08000448                MAL_Write
                0x0800046c                MAL_Read
                0x08000490                MAL_GetStatus
 .text          0x080004d8      0x1b0 Util/USB/memory.o
                0x080004d8                Read_Memory
                0x080005a0                Write_Memory
 .text          0x08000688      0x31c Util/USB/usb_bot.o
                0x08000688                Transfer_Data_Request
                0x080006b8                Set_CSW
                0x080006f0                Mass_Storage_In
                0x08000740                Bot_Abort
                0x08000778                CBW_Decode
                0x0800094c                Mass_Storage_Out
 .text          0x080009a4        0x8 Util/USB/usb_endp.o
                0x080009a4                EP1_IN_Callback
                0x080009a8                EP2_OUT_Callback
 .text          0x080009ac       0xd0 Util/USB/usb_istr.o
                0x080009ac                USB_Istr
 .text          0x08000a7c      0x25c Util/USB/usb_prop.o
                0x08000a7c                Mass_Storage_SetDeviceAddress
                0x08000a88                MASS_Status_In
                0x08000a8a                MASS_Status_Out
                0x08000a8c                MASS_Get_Interface_Setting
                0x08000a9c                Get_Max_Lun
                0x08000ab4                MASS_Data_Setup
                0x08000af4                MASS_GetStringDescriptor
                0x08000b14                MASS_GetConfigDescriptor
                0x08000b20                MASS_GetDeviceDescriptor
                0x08000b2c                MASS_NoData_Setup
                0x08000b7c                Mass_Storage_SetConfiguration
                0x08000bac                Mass_Storage_ClearFeature
                0x08000bc8                MASS_Reset
                0x08000cb4                MASS_init
 .text          0x08000cd8      0x15c Util/USB/usb_pwr.o
                0x08000cd8                PowerOn
                0x08000d08                PowerOff
                0x08000d2c                Suspend
                0x08000d6c                Resume_Init
                0x08000da8                Resume
 .text          0x08000e34      0x398 Util/USB/usb_scsi.o
                0x08000e34                SCSI_Inquiry_Cmd
                0x08000e6c                SCSI_ModeSense6_Cmd
                0x08000e78                SCSI_ModeSense10_Cmd
                0x08000e84                SCSI_RequestSense_Cmd
                0x08000e9c                Set_Scsi_Sense_Data
                0x08000ea8                SCSI_ReadCapacity10_Cmd
                0x08000f18                SCSI_ReadFormatCapacity_Cmd
                0x08000f80                SCSI_Start_Stop_Unit_Cmd
                0x08000f88                SCSI_Verify10_Cmd
                0x08000fc0                SCSI_Valid_Cmd
                0x08000fec                SCSI_TestUnitReady_Cmd
                0x08001020                SCSI_Format_Cmd
                0x0800104c                SCSI_Invalid_Cmd
                0x08001080                SCSI_Address_Management
                0x080010f0                SCSI_Write10_Cmd
                0x08001160                SCSI_Read10_Cmd
 .text          0x080011cc       0x6e Util/buffer.o
                0x080011cc                Add_To_Buffer
                0x080011fe                Get_From_Buffer
                0x08001228                init_buffer
 *fill*         0x0800123a        0x2 00
 .text          0x0800123c       0x88 Util/fat_fs/option/cc932.o
                0x0800123c                ff_convert
                0x0800129c                ff_wtoupper
 .text          0x080012c4       0x44 Util/fat_fs/src/fattime.o
                0x080012c4                get_fattime
 .text          0x08001308     0x230c Util/fat_fs/src/ff.o
                0x0800197a                clust2sect
                0x08001994                get_fat
                0x08001af2                put_fat
                0x08002346                gen_numname
                0x080025a0                f_mount
                0x080025c0                f_open
                0x08002712                f_read
                0x0800288a                f_write
                0x08002a40                f_sync
                0x08002af2                f_close
                0x08002b00                f_lseek
                0x08002c64                f_opendir
                0x08002cd0                f_readdir
                0x08002d2e                f_stat
                0x08002d72                f_getfree
                0x08002e64                f_truncate
                0x08002efc                f_unlink
                0x08002fb0                f_mkdir
                0x0800317a                f_chmod
                0x080031d2                f_utime
                0x0800322e                f_rename
                0x0800334a                f_gets
                0x08003390                f_putc
                0x080033b2                f_puts
                0x080033d8                f_printf
 .text          0x08003614      0x2e0 Util/fat_fs/src/rtc.o
                0x080036f8                rtc_gettime
                0x08003770                my_RTC_SetCounter
                0x08003792                rtc_settime
                0x0800385c                rtc_init
 .text          0x080038f4      0x890 Util/fat_fs/src/sd_spi_stm32.o
                0x08003c5a                disk_initialize
                0x08003d7c                disk_status
                0x08003d8c                disk_read
                0x08003e18                disk_write
                0x08003ec4                disk_ioctl
                0x08004148                disk_timerproc
 .text          0x08004184      0x570 Util/rprintf.o
                0x08004184                rprintfInit
                0x08004190                rprintfChar
                0x080041ac                rprintfStr
                0x080041c2                rprintfStrLen
                0x080041f6                rprintfCRLF
                0x080041fa                rprintfu04
                0x08004204                rprintfu08
                0x08004216                rprintfu16
                0x08004228                rprintfu32
                0x0800423a                rprintfNum
                0x080042e0                rprintfFloat
                0x080043a0                Isdigit
                0x080043ae                atoiRamRom
                0x080043d4                rStrLen
                0x080043e4                rprintf2RamRom
 .text          0x080046f4      0x1d0 adc.o
                0x080046f4                ADC_Configuration
                0x08004854                readADC2
                0x08004884                setADC2
                0x080048a4                getADC2
 .text          0x080048c4      0x1b8 gpio.o
                0x080048c4                setup_gpio
                0x08004a30                switch_leds_on
                0x08004a50                switch_leds_off
                0x08004a70                get_wkup
 *fill*         0x08004a7c        0x4 00
 .text          0x08004a80      0x2d8 interrupts.o
                0x08004a80                ISR_Config
                0x08004ab4                EXTI_ONOFF_EN
                0x08004b08                DMA_ISR_Config
                0x08004b2a                SysTick_Configuration
                0x08004b60                EXTI0_IRQHandler
                0x08004bd4                DMAChannel1_IRQHandler
                0x08004bfc                SysTickHandler
                0x08004d4c                USB_HP_CAN_TX_IRQHandler
                0x08004d50                USB_LP_CAN_RX0_IRQHandler
 .text.Default_Handler
                0x08004d58        0x2 lib/CMSIS_CM3/startup/gcc/startup_stm32f10x_md.o
                0x08004d58                EXTI2_IRQHandler
                0x08004d58                DebugMon_Handler
                0x08004d58                TIM1_CC_IRQHandler
                0x08004d58                HardFault_Handler
                0x08004d58                SysTick_Handler
                0x08004d58                PVD_IRQHandler
                0x08004d58                PendSV_Handler
                0x08004d58                NMI_Handler
                0x08004d58                EXTI3_IRQHandler
                0x08004d58                I2C2_EV_IRQHandler
                0x08004d58                UsageFault_Handler
                0x08004d58                ADC1_2_IRQHandler
                0x08004d58                SPI1_IRQHandler
                0x08004d58                TAMPER_IRQHandler
                0x08004d58                DMA1_Channel4_IRQHandler
                0x08004d58                USART3_IRQHandler
                0x08004d58                RTC_IRQHandler
                0x08004d58                DMA1_Channel7_IRQHandler
                0x08004d58                CAN1_RX1_IRQHandler
                0x08004d58                TIM4_IRQHandler
                0x08004d58                I2C1_EV_IRQHandler
                0x08004d58                DMA1_Channel6_IRQHandler
                0x08004d58                TIM3_IRQHandler
                0x08004d58                RCC_IRQHandler
                0x08004d58                TIM1_TRG_COM_IRQHandler
                0x08004d58                DMA1_Channel1_IRQHandler
                0x08004d58                Default_Handler
                0x08004d58                EXTI15_10_IRQHandler
                0x08004d58                EXTI9_5_IRQHandler
                0x08004d58                SPI2_IRQHandler
                0x08004d58                MemManage_Handler
                0x08004d58                SVC_Handler
                0x08004d58                DMA1_Channel5_IRQHandler
                0x08004d58                EXTI4_IRQHandler
                0x08004d58                USB_LP_CAN1_RX0_IRQHandler
                0x08004d58                USB_HP_CAN1_TX_IRQHandler
                0x08004d58                DMA1_Channel3_IRQHandler
                0x08004d58                TIM1_UP_IRQHandler
                0x08004d58                WWDG_IRQHandler
                0x08004d58                TIM2_IRQHandler
                0x08004d58                TIM1_BRK_IRQHandler
                0x08004d58                EXTI1_IRQHandler
                0x08004d58                RTCAlarm_IRQHandler
                0x08004d58                USART2_IRQHandler
                0x08004d58                I2C2_ER_IRQHandler
                0x08004d58                DMA1_Channel2_IRQHandler
                0x08004d58                CAN1_SCE_IRQHandler
                0x08004d58                FLASH_IRQHandler
                0x08004d58                BusFault_Handler
                0x08004d58                USART1_IRQHandler
                0x08004d58                I2C1_ER_IRQHandler
                0x08004d58                USBWakeUp_IRQHandler
 *fill*         0x08004d5a        0x2 00
 .text          0x08004d5c       0xf4 lib/CMSIS_CM3/system_stm32f10x.o
                0x08004d5c                SystemInit
 .text          0x08004e50      0x3a8 main.o
                0x08004e50                __str_print_char
                0x08004e78                __fat_print_char
                0x08004e98                main
 .text          0x080051f8       0x2a pwr.o
                0x080051f8                setuppwr
                0x0800520c                shutdown
                0x0800521c                disable_pin
 *fill*         0x08005222        0x2 00
 .text          0x08005224      0x15c timer.o
                0x08005224                setup_pwm
                0x0800533c                Set_Motor
 .text          0x08005380       0xe0 usart.o
                0x08005380                Default_Usart_Config
                0x0800539a                Usarts_Init
                0x0800542c                __usart_send_char
                0x08005448                Usart_Send_Str
 .text          0x08005460       0xb8 lib/STM32F10x_StdPeriph_Driver/libstm32fw.a(misc.o)
                0x08005460                NVIC_PriorityGroupConfig
                0x08005474                NVIC_Init
                0x080054d4                NVIC_SetVectorTable
                0x080054e8                NVIC_SystemLPConfig
                0x08005500                SysTick_CLKSourceConfig
 .text          0x08005518      0x380 lib/STM32F10x_StdPeriph_Driver/libstm32fw.a(stm32f10x_adc.o)
                0x08005518                ADC_DeInit
                0x08005574                ADC_Init
                0x080055c0                ADC_StructInit
                0x080055d2                ADC_Cmd
                0x080055e6                ADC_DMACmd
                0x080055fa                ADC_ITConfig
                0x0800560e                ADC_ResetCalibration
                0x08005618                ADC_GetResetCalibrationStatus
                0x08005620                ADC_StartCalibration
                0x0800562a                ADC_GetCalibrationStatus
                0x08005632                ADC_SoftwareStartConvCmd
                0x08005646                ADC_GetSoftwareStartConvStatus
                0x0800564e                ADC_DiscModeChannelCountConfig
                0x0800565e                ADC_DiscModeCmd
                0x08005672                ADC_RegularChannelConfig
                0x08005700                ADC_ExternalTrigConvCmd
                0x08005714                ADC_GetConversionValue
                0x0800571a                ADC_GetDualModeConversionValue
                0x08005724                ADC_AutoInjectedConvCmd
                0x08005738                ADC_InjectedDiscModeCmd
                0x0800574c                ADC_ExternalTrigInjectedConvConfig
                0x0800575a                ADC_ExternalTrigInjectedConvCmd
                0x0800576e                ADC_SoftwareStartInjectedConvCmd
                0x08005782                ADC_GetSoftwareStartInjectedConvCmdStatus
                0x0800578a                ADC_InjectedChannelConfig
                0x080057e6                ADC_InjectedSequencerLengthConfig
                0x080057f6                ADC_SetInjectedOffset
                0x0800580c                ADC_GetInjectedConversionValue
                0x08005826                ADC_AnalogWatchdogCmd
                0x08005838                ADC_AnalogWatchdogThresholdsConfig
                0x0800583e                ADC_AnalogWatchdogSingleChannelConfig
                0x0800584c                ADC_TempSensorVrefintCmd
                0x08005868                ADC_GetFlagStatus
                0x08005874                ADC_ClearFlag
                0x0800587a                ADC_GetITStatus
                0x08005890                ADC_ClearITPendingBit
 .text          0x08005898       0xe0 lib/STM32F10x_StdPeriph_Driver/libstm32fw.a(stm32f10x_bkp.o)
                0x08005898                BKP_DeInit
                0x080058aa                BKP_TamperPinLevelConfig
                0x080058b4                BKP_TamperPinCmd
                0x080058c0                BKP_ITConfig
                0x080058cc                BKP_RTCOutputConfig
                0x080058e4                BKP_SetRTCCalibrationValue
                0x080058fc                BKP_WriteBackupRegister
                0x08005918                BKP_ReadBackupRegister
                0x08005938                BKP_GetFlagStatus
                0x08005944                BKP_ClearFlag
                0x08005958                BKP_GetITStatus
                0x08005964                BKP_ClearITPendingBit
 .text          0x08005978      0x1f0 lib/STM32F10x_StdPeriph_Driver/libstm32fw.a(stm32f10x_dma.o)
                0x08005978                DMA_DeInit
                0x08005a74                DMA_Init
                0x08005ab4                DMA_StructInit
                0x08005ace                DMA_Cmd
                0x08005ae2                DMA_ITConfig
                0x08005af4                DMA_GetCurrDataCounter
                0x08005afa                DMA_GetFlagStatus
                0x08005b18                DMA_ClearFlag
                0x08005b30                DMA_GetITStatus
                0x08005b50                DMA_ClearITPendingBit
 .text          0x08005b68      0x108 lib/STM32F10x_StdPeriph_Driver/libstm32fw.a(stm32f10x_exti.o)
                0x08005b68                EXTI_DeInit
                0x08005b84                EXTI_Init
                0x08005c08                EXTI_StructInit
                0x08005c16                EXTI_GenerateSWInterrupt
                0x08005c28                EXTI_GetFlagStatus
                0x08005c3c                EXTI_ClearFlag
                0x08005c48                EXTI_GetITStatus
                0x08005c64                EXTI_ClearITPendingBit
 .text          0x08005c70      0x278 lib/STM32F10x_StdPeriph_Driver/libstm32fw.a(stm32f10x_gpio.o)
                0x08005c70                GPIO_DeInit
                0x08005d1c                GPIO_AFIODeInit
                0x08005d32                GPIO_Init
                0x08005dca                GPIO_StructInit
                0x08005dda                GPIO_ReadInputDataBit
                0x08005de6                GPIO_ReadInputData
                0x08005dec                GPIO_ReadOutputDataBit
                0x08005df8                GPIO_ReadOutputData
                0x08005dfe                GPIO_SetBits
                0x08005e02                GPIO_ResetBits
                0x08005e06                GPIO_WriteBit
                0x08005e10                GPIO_Write
                0x08005e14                GPIO_PinLockConfig
                0x08005e24                GPIO_EventOutputConfig
                0x08005e44                GPIO_EventOutputCmd
                0x08005e50                GPIO_PinRemapConfig
                0x08005ea8                GPIO_EXTILineConfig
                0x08005edc                GPIO_ETH_MediaInterfaceConfig
 .text          0x08005ee8       0xcc lib/STM32F10x_StdPeriph_Driver/libstm32fw.a(stm32f10x_pwr.o)
                0x08005eec                PWR_DeInit
                0x08005f06                PWR_BackupAccessCmd
                0x08005f10                PWR_PVDCmd
                0x08005f1c                PWR_PVDLevelConfig
                0x08005f30                PWR_WakeUpPinCmd
                0x08005f3c                PWR_EnterSTOPMode
                0x08005f68                PWR_EnterSTANDBYMode
                0x08005f90                PWR_GetFlagStatus
                0x08005fa4                PWR_ClearFlag
 .text          0x08005fb4      0x360 lib/STM32F10x_StdPeriph_Driver/libstm32fw.a(stm32f10x_rcc.o)
                0x08005fb4                RCC_DeInit
                0x08005ff4                RCC_HSEConfig
                0x0800602c                RCC_AdjustHSICalibrationValue
                0x08006040                RCC_HSICmd
                0x0800604c                RCC_PLLConfig
                0x08006064                RCC_PLLCmd
                0x08006070                RCC_SYSCLKConfig
                0x08006084                RCC_GetSYSCLKSource
                0x08006094                RCC_HCLKConfig
                0x080060a8                RCC_PCLK1Config
                0x080060bc                RCC_PCLK2Config
                0x080060d0                RCC_ITConfig
                0x080060e8                RCC_USBCLKConfig
                0x080060f4                RCC_ADCCLKConfig
                0x08006108                RCC_LSEConfig
                0x08006128                RCC_LSICmd
                0x08006134                RCC_RTCCLKConfig
                0x08006144                RCC_RTCCLKCmd
                0x08006150                RCC_GetClocksFreq
                0x080061f4                RCC_AHBPeriphClockCmd
                0x0800620c                RCC_APB2PeriphClockCmd
                0x08006224                RCC_APB1PeriphClockCmd
                0x0800623c                RCC_APB2PeriphResetCmd
                0x08006254                RCC_APB1PeriphResetCmd
                0x0800626c                RCC_BackupResetCmd
                0x08006278                RCC_ClockSecuritySystemCmd
                0x08006284                RCC_MCOConfig
                0x08006290                RCC_GetFlagStatus
                0x080062b8                RCC_WaitForHSEStartUp
                0x080062e4                RCC_ClearFlag
                0x080062f4                RCC_GetITStatus
                0x08006308                RCC_ClearITPendingBit
 .text          0x08006314      0x158 lib/STM32F10x_StdPeriph_Driver/libstm32fw.a(stm32f10x_rtc.o)
                0x08006314                RTC_ITConfig
                0x08006330                RTC_EnterConfigMode
                0x08006344                RTC_ExitConfigMode
                0x08006358                RTC_GetCounter
                0x0800636c                RTC_SetCounter
                0x08006388                RTC_SetPrescaler
                0x080063a8                RTC_SetAlarm
                0x080063c4                RTC_GetDivider
                0x080063dc                RTC_WaitForLastTask
                0x080063ec                RTC_WaitForSynchro
                0x0800640c                RTC_GetFlagStatus
                0x08006420                RTC_ClearFlag
                0x08006434                RTC_GetITStatus
                0x08006458                RTC_ClearITPendingBit
 .text          0x0800646c      0x2d4 lib/STM32F10x_StdPeriph_Driver/libstm32fw.a(stm32f10x_spi.o)
                0x0800646c                SPI_I2S_DeInit
                0x080064d0                SPI_Init
                0x08006510                I2S_Init
                0x080065b0                SPI_StructInit
                0x080065c8                I2S_StructInit
                0x080065da                SPI_Cmd
                0x080065f4                I2S_Cmd
                0x0800660e                SPI_I2S_ITConfig
                0x0800662c                SPI_I2S_DMACmd
                0x08006642                SPI_I2S_SendData
                0x08006646                SPI_I2S_ReceiveData
                0x0800664c                SPI_NSSInternalSoftwareConfig
                0x0800666c                SPI_SSOutputCmd
                0x08006686                SPI_DataSizeConfig
                0x0800669e                SPI_TransmitCRC
                0x080066aa                SPI_CalculateCRC
                0x080066c4                SPI_GetCRC
                0x080066d4                SPI_GetCRCPolynomial
                0x080066da                SPI_BiDirectionalLineConfig
                0x080066f8                SPI_I2S_GetFlagStatus
                0x08006704                SPI_I2S_ClearFlag
                0x0800670a                SPI_I2S_GetITStatus
                0x08006730                SPI_I2S_ClearITPendingBit
 .text          0x08006740      0xa80 lib/STM32F10x_StdPeriph_Driver/libstm32fw.a(stm32f10x_tim.o)
                0x080067ae                TIM_DeInit
                0x08006878                TIM_TimeBaseInit
                0x080068b4                TIM_OC1Init
                0x08006934                TIM_OC2Init
                0x080069bc                TIM_OC3Init
                0x08006a40                TIM_OC4Init
                0x08006aa4                TIM_BDTRConfig
                0x08006ac6                TIM_TimeBaseStructInit
                0x08006ad8                TIM_OCStructInit
                0x08006aec                TIM_ICStructInit
                0x08006afc                TIM_BDTRStructInit
                0x08006b0e                TIM_Cmd
                0x08006b28                TIM_CtrlPWMOutputs
                0x08006b46                TIM_ITConfig
                0x08006b5c                TIM_GenerateEvent
                0x08006b60                TIM_DMAConfig
                0x08006b68                TIM_DMACmd
                0x08006b7e                TIM_InternalClockConfig
                0x08006b8c                TIM_ETRConfig
                0x08006ba2                TIM_ETRClockMode2Config
                0x08006bb6                TIM_ETRClockMode1Config
                0x08006bd0                TIM_PrescalerConfig
                0x08006bd6                TIM_CounterModeConfig
                0x08006be8                TIM_SelectInputTrigger
                0x08006bfa                TIM_TIxExternalClockConfig
                0x08006c28                TIM_ITRxExternalClockConfig
                0x08006c3c                TIM_EncoderInterfaceConfig
                0x08006c7a                TIM_ForcedOC1Config
                0x08006c8c                TIM_ForcedOC2Config
                0x08006c9e                TIM_ForcedOC3Config
                0x08006cb0                TIM_ForcedOC4Config
                0x08006cc2                TIM_ARRPreloadConfig
                0x08006cdc                TIM_SelectCOM
                0x08006cf6                TIM_SelectCCDMA
                0x08006d10                TIM_CCPreloadControl
                0x08006d2a                TIM_OC1PreloadConfig
                0x08006d3c                TIM_OC2PreloadConfig
                0x08006d4e                TIM_OC3PreloadConfig
                0x08006d60                TIM_OC4PreloadConfig
                0x08006d72                TIM_OC1FastConfig
                0x08006d84                TIM_OC2FastConfig
                0x08006d96                TIM_OC3FastConfig
                0x08006da8                TIM_OC4FastConfig
                0x08006dba                TIM_ClearOC1Ref
                0x08006dcc                TIM_ClearOC2Ref
                0x08006dda                TIM_ClearOC3Ref
                0x08006dec                TIM_ClearOC4Ref
                0x08006dfa                TIM_OC1PolarityConfig
                0x08006e0c                TIM_OC1NPolarityConfig
                0x08006e1e                TIM_OC2PolarityConfig
                0x08006e30                TIM_OC2NPolarityConfig
                0x08006e42                TIM_OC3PolarityConfig
                0x08006e54                TIM_OC3NPolarityConfig
                0x08006e66                TIM_OC4PolarityConfig
                0x08006e78                TIM_CCxCmd
                0x08006e96                TIM_CCxNCmd
                0x08006eb4                TIM_SelectOCxM
                0x08006f00                TIM_UpdateDisableConfig
                0x08006f1a                TIM_UpdateRequestConfig
                0x08006f34                TIM_SelectHallSensor
                0x08006f4e                TIM_SelectOnePulseMode
                0x08006f66                TIM_SelectOutputTrigger
                0x08006f7e                TIM_SelectSlaveMode
                0x08006f96                TIM_SelectMasterSlaveMode
                0x08006fae                TIM_SetCounter
                0x08006fb2                TIM_SetAutoreload
                0x08006fb6                TIM_SetCompare1
                0x08006fba                TIM_SetCompare2
                0x08006fbe                TIM_SetCompare3
                0x08006fc2                TIM_SetCompare4
                0x08006fc8                TIM_SetIC1Prescaler
                0x08006fe0                TIM_SetIC2Prescaler
                0x08006ff8                TIM_PWMIConfig
                0x08007064                TIM_SetIC3Prescaler
                0x0800707c                TIM_SetIC4Prescaler
                0x08007094                TIM_ICInit
                0x08007158                TIM_SetClockDivision
                0x0800716a                TIM_GetCapture1
                0x08007170                TIM_GetCapture2
                0x08007176                TIM_GetCapture3
                0x0800717c                TIM_GetCapture4
                0x08007184                TIM_GetCounter
                0x0800718a                TIM_GetPrescaler
                0x08007190                TIM_GetFlagStatus
                0x0800719c                TIM_ClearFlag
                0x080071a2                TIM_GetITStatus
                0x080071b8                TIM_ClearITPendingBit
 .text          0x080071c0      0x374 lib/STM32F10x_StdPeriph_Driver/libstm32fw.a(stm32f10x_usart.o)
                0x080071c0                USART_DeInit
                0x08007258                USART_Init
                0x080072e8                USART_StructInit
                0x080072fe                USART_ClockInit
                0x08007324                USART_ClockStructInit
                0x08007330                USART_Cmd
                0x0800734a                USART_ITConfig
                0x08007380                USART_DMACmd
                0x08007396                USART_SetAddress
                0x080073ae                USART_WakeUpConfig
                0x080073c6                USART_ReceiverWakeUpCmd
                0x080073e0                USART_LINBreakDetectLengthConfig
                0x080073f8                USART_LINCmd
                0x08007412                USART_SendData
                0x0800741a                USART_ReceiveData
                0x08007422                USART_SendBreak
                0x0800742e                USART_SetGuardTime
                0x08007440                USART_SetPrescaler
                0x08007454                USART_SmartCardCmd
                0x0800746e                USART_SmartCardNACKCmd
                0x08007488                USART_HalfDuplexCmd
                0x080074a2                USART_IrDAConfig
                0x080074ba                USART_IrDACmd
                0x080074d4                USART_GetFlagStatus
                0x080074e0                USART_ClearFlag
                0x080074e6                USART_GetITStatus
                0x08007526                USART_ClearITPendingBit
 .text          0x08007534      0xa54 lib/STM32_USB-FS-Device_Driver/libstm32usb.a(usb_core.o)
                0x08007534                Standard_GetConfiguration
                0x0800755c                Standard_GetInterface
                0x08007584                Standard_GetStatus
                0x080076f8                Standard_SetConfiguration
                0x08007734                Standard_SetInterface
                0x08007784                Standard_ClearFeature
                0x08007880                Standard_SetEndPointFeature
                0x08007934                Standard_SetDeviceFeature
                0x08007958                Standard_GetDescriptorData
                0x08007974                Post0_Process
                0x080079bc                Out0_Process
                0x08007a98                Setup0_Process
                0x08007e68                SetDeviceAddress
                0x08007f24                In0_Process
                0x08007f84                NOP_Process
 .text          0x08007f88       0x38 lib/STM32_USB-FS-Device_Driver/libstm32usb.a(usb_init.o)
                0x08007f88                USB_Init
 .text          0x08007fc0      0x25c lib/STM32_USB-FS-Device_Driver/libstm32usb.a(usb_int.o)
                0x08007fc0                CTR_LP
                0x08008188                CTR_HP
 .text          0x0800821c       0xb8 lib/STM32_USB-FS-Device_Driver/libstm32usb.a(usb_mem.o)
                0x0800821c                UserToPMABufferCopy
                0x08008284                PMAToUserBufferCopy
 .text          0x080082d4      0x880 lib/STM32_USB-FS-Device_Driver/libstm32usb.a(usb_regs.o)
                0x080082d4                SetCNTR
                0x080082e0                GetCNTR
                0x080082ec                SetISTR
                0x080082f8                GetISTR
                0x08008304                GetFNR
                0x08008310                SetDADDR
                0x0800831c                GetDADDR
                0x08008328                SetBTABLE
                0x0800833c                GetBTABLE
                0x08008348                SetENDPOINT
                0x08008358                GetENDPOINT
                0x08008368                SetEPType
                0x08008384                GetEPType
                0x08008398                SetEPTxStatus
                0x080083d8                SetEPRxStatus
                0x08008418                SetDouBleBuffEPStall
                0x08008440                GetEPTxStatus
                0x08008454                GetEPRxStatus
                0x08008468                SetEPTxValid
                0x0800848c                SetEPRxValid
                0x080084b0                SetEP_KIND
                0x080084d0                ClearEP_KIND
                0x080084f0                Clear_Status_Out
                0x08008510                Set_Status_Out
                0x08008530                SetEPDoubleBuff
                0x08008550                ClearEPDoubleBuff
                0x08008570                GetTxStallStatus
                0x08008590                GetRxStallStatus
                0x080085b0                ClearEP_CTR_RX
                0x080085c8                ClearEP_CTR_TX
                0x080085e0                ToggleDTOG_RX
                0x08008600                ToggleDTOG_TX
                0x08008620                ClearDTOG_RX
                0x08008648                ClearDTOG_TX
                0x08008670                SetEPAddress
                0x08008694                GetEPAddress
                0x080086a8                SetEPTxAddr
                0x080086cc                SetEPRxAddr
                0x080086f4                GetEPTxAddr
                0x08008714                GetEPRxAddr
                0x08008734                SetEPTxCount
                0x08008754                SetEPCountRxReg
                0x08008780                SetEPRxCount
                0x080087c8                GetEPTxCount
                0x080087ec                GetEPRxCount
                0x08008810                SetEPDblBuffAddr
                0x08008858                SetEPDblBuf0Addr
                0x0800887c                SetEPDblBuf1Addr
                0x080088a4                GetEPDblBuf0Addr
                0x080088c4                GetEPDblBuf1Addr
                0x080088e4                SetEPDblBuffCount
                0x08008990                SetEPDblBuf0Count
                0x080089f8                SetEPDblBuf1Count
                0x08008a60                GetEPDblBuf0Count
                0x08008a84                GetEPDblBuf1Count
                0x08008aa8                GetEPDblBufDir
                0x08008af0                FreeUserBuffer
                0x08008b40                ToWord
                0x08008b48                ByteSwap
 .text          0x08008b54       0x6c lib/STM32_USB-FS-Device_Driver/libstm32usb.a(usb_sil.o)
                0x08008b54                USB_SIL_Init
                0x08008b74                USB_SIL_Write
                0x08008b9c                USB_SIL_Read
 .text          0x08008bc0       0x98 /home/laurence/CodeSourcery/Sourcery_G++_Lite/bin/../lib/gcc/arm-none-eabi/4.5.2/../../../../arm-none-eabi/lib/thumb2/libm.a(lib_a-s_sin.o)
                0x08008bc0                sin
 .text          0x08008c58       0xa8 /home/laurence/CodeSourcery/Sourcery_G++_Lite/bin/../lib/gcc/arm-none-eabi/4.5.2/../../../../arm-none-eabi/lib/thumb2/libm.a(lib_a-w_asin.o)
                0x08008c58                asin
 .text          0x08008d00       0xac /home/laurence/CodeSourcery/Sourcery_G++_Lite/bin/../lib/gcc/arm-none-eabi/4.5.2/../../../../arm-none-eabi/lib/thumb2/libm.a(lib_a-w_sqrt.o)
                0x08008d00                sqrt
 *fill*         0x08008dac        0x4 00
 .text          0x08008db0      0x460 /home/laurence/CodeSourcery/Sourcery_G++_Lite/bin/../lib/gcc/arm-none-eabi/4.5.2/../../../../arm-none-eabi/lib/thumb2/libm.a(lib_a-e_asin.o)
                0x08008db0                __ieee754_asin
 .text          0x08009210      0x450 /home/laurence/CodeSourcery/Sourcery_G++_Lite/bin/../lib/gcc/arm-none-eabi/4.5.2/../../../../arm-none-eabi/lib/thumb2/libm.a(lib_a-e_rem_pio2.o)
                0x08009210                __ieee754_rem_pio2
 .text          0x08009660      0x1c0 /home/laurence/CodeSourcery/Sourcery_G++_Lite/bin/../lib/gcc/arm-none-eabi/4.5.2/../../../../arm-none-eabi/lib/thumb2/libm.a(lib_a-e_sqrt.o)
                0x08009660                __ieee754_sqrt
 .text          0x08009820      0x250 /home/laurence/CodeSourcery/Sourcery_G++_Lite/bin/../lib/gcc/arm-none-eabi/4.5.2/../../../../arm-none-eabi/lib/thumb2/libm.a(lib_a-k_cos.o)
                0x08009820                __kernel_cos
 .text          0x08009a70      0x7a8 /home/laurence/CodeSourcery/Sourcery_G++_Lite/bin/../lib/gcc/arm-none-eabi/4.5.2/../../../../arm-none-eabi/lib/thumb2/libm.a(lib_a-k_rem_pio2.o)
                0x08009a70                __kernel_rem_pio2
 .text          0x0800a218      0x168 /home/laurence/CodeSourcery/Sourcery_G++_Lite/bin/../lib/gcc/arm-none-eabi/4.5.2/../../../../arm-none-eabi/lib/thumb2/libm.a(lib_a-k_sin.o)
                0x0800a218                __kernel_sin
 .text          0x0800a380        0x8 /home/laurence/CodeSourcery/Sourcery_G++_Lite/bin/../lib/gcc/arm-none-eabi/4.5.2/../../../../arm-none-eabi/lib/thumb2/libm.a(lib_a-s_fabs.o)
                0x0800a380                fabs
 .text          0x0800a388      0x128 /home/laurence/CodeSourcery/Sourcery_G++_Lite/bin/../lib/gcc/arm-none-eabi/4.5.2/../../../../arm-none-eabi/lib/thumb2/libm.a(lib_a-s_floor.o)
                0x0800a388                floor
 .text          0x0800a4b0       0x90 /home/laurence/CodeSourcery/Sourcery_G++_Lite/bin/../lib/gcc/arm-none-eabi/4.5.2/../../../../arm-none-eabi/lib/thumb2/libm.a(lib_a-s_fpclassify.o)
                0x0800a4b0                __fpclassifyd
 .text          0x0800a540        0x4 /home/laurence/CodeSourcery/Sourcery_G++_Lite/bin/../lib/gcc/arm-none-eabi/4.5.2/../../../../arm-none-eabi/lib/thumb2/libm.a(lib_a-s_matherr.o)
                0x0800a540                matherr
 .text          0x0800a544        0xc /home/laurence/CodeSourcery/Sourcery_G++_Lite/bin/../lib/gcc/arm-none-eabi/4.5.2/../../../../arm-none-eabi/lib/thumb2/libm.a(lib_a-s_nan.o)
                0x0800a544                nan
 .text          0x0800a550      0x108 /home/laurence/CodeSourcery/Sourcery_G++_Lite/bin/../lib/gcc/arm-none-eabi/4.5.2/../../../../arm-none-eabi/lib/thumb2/libm.a(lib_a-s_scalbn.o)
                0x0800a550                scalbn
 .text          0x0800a658       0x14 /home/laurence/CodeSourcery/Sourcery_G++_Lite/bin/../lib/gcc/arm-none-eabi/4.5.2/../../../../arm-none-eabi/lib/thumb2/libm.a(lib_a-s_copysign.o)
                0x0800a658                copysign
 *fill*         0x0800a66c        0x4 00
 .text          0x0800a670      0x2b0 /home/laurence/CodeSourcery/Sourcery_G++_Lite/bin/../lib/gcc/arm-none-eabi/4.5.2/thumb2/libgcc.a(_divsi3.o)
                0x0800a670                __aeabi_idiv
                0x0800a670                __divsi3
                0x0800a904                __aeabi_idivmod
 .text          0x0800a920        0x4 /home/laurence/CodeSourcery/Sourcery_G++_Lite/bin/../lib/gcc/arm-none-eabi/4.5.2/thumb2/libgcc.a(_dvmd_tls.o)
                0x0800a920                __aeabi_ldiv0
                0x0800a920                __aeabi_idiv0
 .text          0x0800a924      0x370 /home/laurence/CodeSourcery/Sourcery_G++_Lite/bin/../lib/gcc/arm-none-eabi/4.5.2/thumb2/libgcc.a(_arm_addsubdf3.o)
                0x0800a924                __aeabi_drsub
                0x0800a92c                __aeabi_dsub
                0x0800a92c                __subdf3
                0x0800a930                __adddf3
                0x0800a930                __aeabi_dadd
                0x0800aba8                __aeabi_ui2d
                0x0800aba8                __floatunsidf
                0x0800abc8                __floatsidf
                0x0800abc8                __aeabi_i2d
                0x0800abec                __extendsfdf2
                0x0800abec                __aeabi_f2d
                0x0800ac28                __aeabi_ul2d
                0x0800ac28                __floatundidf
                0x0800ac38                __floatdidf
                0x0800ac38                __aeabi_l2d
 .text          0x0800ac94      0x424 /home/laurence/CodeSourcery/Sourcery_G++_Lite/bin/../lib/gcc/arm-none-eabi/4.5.2/thumb2/libgcc.a(_arm_muldivdf3.o)
                0x0800ac94                __aeabi_dmul
                0x0800ac94                __muldf3
                0x0800aee8                __aeabi_ddiv
                0x0800aee8                __divdf3
 .text          0x0800b0b8      0x110 /home/laurence/CodeSourcery/Sourcery_G++_Lite/bin/../lib/gcc/arm-none-eabi/4.5.2/thumb2/libgcc.a(_arm_cmpdf2.o)
                0x0800b0b8                __gtdf2
                0x0800b0b8                __gedf2
                0x0800b0c0                __ltdf2
                0x0800b0c0                __ledf2
                0x0800b0c8                __cmpdf2
                0x0800b0c8                __eqdf2
                0x0800b0c8                __nedf2
                0x0800b144                __aeabi_cdrcmple
                0x0800b154                __aeabi_cdcmple
                0x0800b154                __aeabi_cdcmpeq
                0x0800b164                __aeabi_dcmpeq
                0x0800b178                __aeabi_dcmplt
                0x0800b18c                __aeabi_dcmple
                0x0800b1a0                __aeabi_dcmpge
                0x0800b1b4                __aeabi_dcmpgt
 .text          0x0800b1c8       0x50 /home/laurence/CodeSourcery/Sourcery_G++_Lite/bin/../lib/gcc/arm-none-eabi/4.5.2/thumb2/libgcc.a(_arm_fixdfsi.o)
                0x0800b1c8                __fixdfsi
                0x0800b1c8                __aeabi_d2iz
 .text          0x0800b218       0x40 /home/laurence/CodeSourcery/Sourcery_G++_Lite/bin/../lib/gcc/arm-none-eabi/4.5.2/thumb2/libgcc.a(_arm_fixunsdfsi.o)
                0x0800b218                __fixunsdfsi
                0x0800b218                __aeabi_d2uiz
 .text          0x0800b258       0xa0 /home/laurence/CodeSourcery/Sourcery_G++_Lite/bin/../lib/gcc/arm-none-eabi/4.5.2/thumb2/libgcc.a(_arm_truncdfsf2.o)
                0x0800b258                __aeabi_d2f
                0x0800b258                __truncdfsf2
 .text          0x0800b2f8      0x21c /home/laurence/CodeSourcery/Sourcery_G++_Lite/bin/../lib/gcc/arm-none-eabi/4.5.2/thumb2/libgcc.a(_arm_addsubsf3.o)
                0x0800b2f8                __aeabi_frsub
                0x0800b300                __subsf3
                0x0800b300                __aeabi_fsub
                0x0800b304                __aeabi_fadd
                0x0800b304                __addsf3
                0x0800b464                __aeabi_ui2f
                0x0800b464                __floatunsisf
                0x0800b46c                __aeabi_i2f
                0x0800b46c                __floatsisf
                0x0800b488                __floatundisf
                0x0800b488                __aeabi_ul2f
                0x0800b498                __floatdisf
                0x0800b498                __aeabi_l2f
 .text          0x0800b514      0x2a0 /home/laurence/CodeSourcery/Sourcery_G++_Lite/bin/../lib/gcc/arm-none-eabi/4.5.2/thumb2/libgcc.a(_arm_muldivsf3.o)
                0x0800b514                __mulsf3
                0x0800b514                __aeabi_fmul
                0x0800b67c                __divsf3
                0x0800b67c                __aeabi_fdiv
 .text          0x0800b7b4       0xec /home/laurence/CodeSourcery/Sourcery_G++_Lite/bin/../lib/gcc/arm-none-eabi/4.5.2/thumb2/libgcc.a(_arm_cmpsf2.o)
                0x0800b7b4                __gtsf2
                0x0800b7b4                __gesf2
                0x0800b7bc                __lesf2
                0x0800b7bc                __ltsf2
                0x0800b7c4                __nesf2
                0x0800b7c4                __eqsf2
                0x0800b7c4                __cmpsf2
                0x0800b824                __aeabi_cfrcmple
                0x0800b82c                __aeabi_cfcmple
                0x0800b82c                __aeabi_cfcmpeq
                0x0800b83c                __aeabi_fcmpeq
                0x0800b850                __aeabi_fcmplt
                0x0800b864                __aeabi_fcmple
                0x0800b878                __aeabi_fcmpge
                0x0800b88c                __aeabi_fcmpgt
 .text          0x0800b8a0       0x40 /home/laurence/CodeSourcery/Sourcery_G++_Lite/bin/../lib/gcc/arm-none-eabi/4.5.2/thumb2/libgcc.a(_arm_fixunssfsi.o)
                0x0800b8a0                __aeabi_f2uiz
                0x0800b8a0                __fixunssfsi
 .text          0x0800b8e0        0x8 /home/laurence/CodeSourcery/Sourcery_G++_Lite/bin/../lib/gcc/arm-none-eabi/4.5.2/../../../../arm-none-eabi/lib/thumb2/libc.a(lib_a-abs.o)
                0x0800b8e0                abs
 .text          0x0800b8e8        0xc /home/laurence/CodeSourcery/Sourcery_G++_Lite/bin/../lib/gcc/arm-none-eabi/4.5.2/../../../../arm-none-eabi/lib/thumb2/libc.a(lib_a-errno.o)
                0x0800b8e8                __errno
 .text          0x0800b8f4       0x20 /home/laurence/CodeSourcery/Sourcery_G++_Lite/bin/../lib/gcc/arm-none-eabi/4.5.2/../../../../arm-none-eabi/lib/thumb2/libc.a(lib_a-malloc.o)
                0x0800b8f4                malloc
                0x0800b904                free
 .text          0x0800b914      0x57c /home/laurence/CodeSourcery/Sourcery_G++_Lite/bin/../lib/gcc/arm-none-eabi/4.5.2/../../../../arm-none-eabi/lib/thumb2/libc.a(lib_a-mallocr.o)
                0x0800b914                _malloc_r
 .text          0x0800be90        0x8 /home/laurence/CodeSourcery/Sourcery_G++_Lite/bin/../lib/gcc/arm-none-eabi/4.5.2/../../../../arm-none-eabi/lib/thumb2/libc.a(lib_a-mlock.o)
                0x0800be90                __malloc_lock
                0x0800be94                __malloc_unlock
 .text          0x0800be98       0x28 /home/laurence/CodeSourcery/Sourcery_G++_Lite/bin/../lib/gcc/arm-none-eabi/4.5.2/../../../../arm-none-eabi/lib/thumb2/libc.a(lib_a-sbrkr.o)
                0x0800be98                _sbrk_r
 .text          0x0800bec0       0x60 /home/laurence/CodeSourcery/Sourcery_G++_Lite/bin/../lib/gcc/arm-none-eabi/4.5.2/../../../../arm-none-eabi/lib/thumb2/libc.a(lib_a-strlen.o)
                0x0800bec0                strlen
 .text          0x0800bf20      0x240 /home/laurence/CodeSourcery/Sourcery_G++_Lite/bin/../lib/gcc/arm-none-eabi/4.5.2/../../../../arm-none-eabi/lib/thumb2/libc.a(lib_a-freer.o)
                0x0800bf20                _malloc_trim_r
                0x0800bfc8                _free_r
 .text          0x0800c160       0x30 /home/laurence/CodeSourcery/Sourcery_G++_Lite/bin/../lib/gcc/arm-none-eabi/4.5.2/../../../../arm-none-eabi/lib/thumb2/libcs3.a(start_c.o)
                0x0800c160                __cs3_premain
 .text.cs3.init
                0x0800c190       0x50 /home/laurence/CodeSourcery/Sourcery_G++_Lite/bin/../lib/gcc/arm-none-eabi/4.5.2/../../../../arm-none-eabi/lib/thumb2/libcs3.a(start_c.o)
                0x0800c190                __cs3_start_c
 .text          0x0800c1e0       0x40 /home/laurence/CodeSourcery/Sourcery_G++_Lite/bin/../lib/gcc/arm-none-eabi/4.5.2/../../../../arm-none-eabi/lib/thumb2/libcs3unhosted.a(unhosted-sbrk.o)
                0x0800c1e0                _sbrk
 .text.cs3.init
                0x0800c220       0x10 /home/laurence/CodeSourcery/Sourcery_G++_Lite/bin/../lib/gcc/arm-none-eabi/4.5.2/../../../../arm-none-eabi/lib/thumb2/libcs3unhosted.a(unhosted-start.o)
                0x0800c220                _start
 .text          0x0800c230        0x2 lib/libcs3-lanchon-stm32.a(lanchon_stm32_isr_interrupt.o)
                0x0800c230                MemManageException
                0x0800c230                BusFaultException
                0x0800c230                DMAChannel7_IRQHandler
                0x0800c230                DebugMonitor
                0x0800c230                SVCHandler
                0x0800c230                HardFaultException
                0x0800c230                __STM32ReservedException8
                0x0800c230                __STM32DefaultExceptionHandler
                0x0800c230                CAN_SCE_IRQHandler
                0x0800c230                __STM32ReservedException10
                0x0800c230                __STM32ReservedException13
                0x0800c230                NMIException
                0x0800c230                DMAChannel4_IRQHandler
                0x0800c230                PendSVC
                0x0800c230                CAN_RX1_IRQHandler
                0x0800c230                ADC_IRQHandler
                0x0800c230                DMAChannel5_IRQHandler
                0x0800c230                DMAChannel2_IRQHandler
                0x0800c230                __STM32ReservedException7
                0x0800c230                UsageFaultException
                0x0800c230                DMAChannel6_IRQHandler
                0x0800c230                DMAChannel3_IRQHandler
                0x0800c230                __STM32ReservedException9
 *fill*         0x0800c232        0x2 00
 .text          0x0800c234       0x50 /home/laurence/CodeSourcery/Sourcery_G++_Lite/bin/../lib/gcc/arm-none-eabi/4.5.2/../../../../arm-none-eabi/lib/thumb2/libc.a(lib_a-init.o)
                0x0800c234                __libc_init_array
 *(.plt)
 *(.gnu.warning)
 *(.glue_7t)
 .glue_7t       0x00000000        0x0 linker stubs
 *(.glue_7)
 .glue_7        0x00000000        0x0 linker stubs
 *(.vfp11_veneer)
 .vfp11_veneer  0x00000000        0x0 linker stubs
 *(.rodata .rodata.* .gnu.linkonce.r.*)
 .rodata        0x0800c284       0xa6 Util/USB/usb_desc.o
                0x0800c284                MASS_DeviceDescriptor
                0x0800c296                MASS_ConfigDescriptor
                0x0800c2b6                MASS_StringLangID
                0x0800c2ba                MASS_StringVendor
                0x0800c2ec                MASS_StringProduct
                0x0800c31a                MASS_StringInterface
 .rodata        0x0800c32a     0x7738 Util/fat_fs/option/cc932.o
 .rodata        0x08013a62        0xd Util/fat_fs/src/ff.o
 .rodata.str1.1
                0x08013a6f       0x10 Util/fat_fs/src/ff.o
 .rodata        0x08013a7f        0xc Util/fat_fs/src/rtc.o
 .rodata        0x08013a8b       0x11 Util/rprintf.o
 .rodata.str1.1
                0x08013a9c        0x6 Util/rprintf.o
 .rodata.str1.1
                0x08013aa2       0xb9 main.o
 *fill*         0x08013b5b        0x1 00
 .rodata.str1.4
                0x08013b5c        0x5 /home/laurence/CodeSourcery/Sourcery_G++_Lite/bin/../lib/gcc/arm-none-eabi/4.5.2/../../../../arm-none-eabi/lib/thumb2/libm.a(lib_a-w_asin.o)
                                  0xc (size before relaxing)
 *fill*         0x08013b61        0x3 00
 .rodata.str1.4
                0x08013b64        0x5 /home/laurence/CodeSourcery/Sourcery_G++_Lite/bin/../lib/gcc/arm-none-eabi/4.5.2/../../../../arm-none-eabi/lib/thumb2/libm.a(lib_a-w_sqrt.o)
                                  0x8 (size before relaxing)
 *fill*         0x08013b69        0x3 00
 .rodata        0x08013b6c      0x188 /home/laurence/CodeSourcery/Sourcery_G++_Lite/bin/../lib/gcc/arm-none-eabi/4.5.2/../../../../arm-none-eabi/lib/thumb2/libm.a(lib_a-e_rem_pio2.o)
 *fill*         0x08013cf4        0x4 00
 .rodata        0x08013cf8       0x50 /home/laurence/CodeSourcery/Sourcery_G++_Lite/bin/../lib/gcc/arm-none-eabi/4.5.2/../../../../arm-none-eabi/lib/thumb2/libm.a(lib_a-k_rem_pio2.o)
 .rodata.str1.4
                0x08013d48        0x4 /home/laurence/CodeSourcery/Sourcery_G++_Lite/bin/../lib/gcc/arm-none-eabi/4.5.2/../../../../arm-none-eabi/lib/thumb2/libc.a(lib_a-impure.o)
 *(.ARM.extab* .gnu.linkonce.armextab.*)
 *(.gcc_except_table)
 *(.eh_frame_hdr)
 *(.eh_frame)
                0x08013d4c                . = ALIGN (0x4)
 *(.init)
 .init          0x08013d4c        0x4 /home/laurence/CodeSourcery/Sourcery_G++_Lite/bin/../lib/gcc/arm-none-eabi/4.5.2/thumb2/crti.o
                0x08013d4c                _init
 .init          0x08013d50        0x8 /home/laurence/CodeSourcery/Sourcery_G++_Lite/bin/../lib/gcc/arm-none-eabi/4.5.2/thumb2/crtn.o
                0x08013d58                . = ALIGN (0x4)
                0x08013d58                __preinit_array_start = .
 *(.preinit_array)
                0x08013d58                __preinit_array_end = .
                0x08013d58                . = ALIGN (0x4)
                0x08013d58                __init_array_start = .
 *(SORT(.init_array.*))
 *(.init_array)
 .init_array    0x08013d58        0x4 /home/laurence/CodeSourcery/Sourcery_G++_Lite/bin/../lib/gcc/arm-none-eabi/4.5.2/thumb2/crtbegin.o
                0x08013d5c                __init_array_end = .
                0x08013d5c                . = ALIGN (0x4)
 *crtbegin.o(.ctors)
 *(EXCLUDE_FILE(*crtend.o) .ctors)
 *(SORT(.ctors.*))
 *crtend.o(.ctors)
                0x08013d5c                . = ALIGN (0x4)
 *(.fini)
 .fini          0x08013d5c        0x4 /home/laurence/CodeSourcery/Sourcery_G++_Lite/bin/../lib/gcc/arm-none-eabi/4.5.2/thumb2/crti.o
                0x08013d5c                _fini
 .fini          0x08013d60        0x8 /home/laurence/CodeSourcery/Sourcery_G++_Lite/bin/../lib/gcc/arm-none-eabi/4.5.2/thumb2/crtn.o
                0x08013d68                . = ALIGN (0x4)
                0x08013d68                __fini_array_start = .
 *(.fini_array)
 .fini_array    0x08013d68        0x4 /home/laurence/CodeSourcery/Sourcery_G++_Lite/bin/../lib/gcc/arm-none-eabi/4.5.2/thumb2/crtbegin.o
 *(SORT(.fini_array.*))
                0x08013d6c                __fini_array_end = .
 *crtbegin.o(.dtors)
 *(EXCLUDE_FILE(*crtend.o) .dtors)
 *(SORT(.dtors.*))
 *crtend.o(.dtors)
                0x08013d6c                . = ALIGN (0x4)
                0x08013d6c                __cs3_regions = .
                0x08013d6c        0x4 LONG 0x0
                0x08013d70        0x4 LONG 0x8013d80 __cs3_region_init_ram
                0x08013d74        0x4 LONG 0x20000000 __cs3_region_start_ram
                0x08013d78        0x4 LONG 0x680 __cs3_region_init_size_ram
                0x08013d7c        0x4 LONG 0x7b0 __cs3_region_zero_size_ram
                0x08013d80                __exidx_start = .

.v4_bx          0x08013d80        0x0
 .v4_bx         0x00000000        0x0 linker stubs

.ARM.exidx
 *(.ARM.exidx* .gnu.linkonce.armexidx.*)
                0x08013d80                __exidx_end = .

.text.align     0x08013d80        0x0
                0x08013d80                . = ALIGN (0x8)
                0x08013d80                _etext = .
                0x08020000                __cs3_region_end_rom = (__cs3_region_start_rom + 0x20000)
                0x00020000                __cs3_region_size_rom = 0x20000
                0x00000001                __cs3_region_num = 0x1

.data           0x20000000      0x680 load address 0x08013d80
                0x20000000                __cs3_region_start_ram = .
 *(.cs3.region-head.ram)
 *(.jcr)
 .jcr           0x20000000        0x0 /home/laurence/CodeSourcery/Sourcery_G++_Lite/bin/../lib/gcc/arm-none-eabi/4.5.2/thumb2/crtbegin.o
 .jcr           0x20000000        0x4 /home/laurence/CodeSourcery/Sourcery_G++_Lite/bin/../lib/gcc/arm-none-eabi/4.5.2/thumb2/crtend.o
 *(.got.plt)
 *(.got)
 *(.shdata)
 *(.data .data.* .gnu.linkonce.d.*)
 .data          0x20000004       0x72 Util/USB/scsi_data.o
                0x20000004                Standard_Inquiry_Data
                0x20000028                Standard_Inquiry_Data2
                0x2000004c                Mode_Sense6_data
                0x20000050                Mode_Sense10_data
                0x20000058                Scsi_Sense_Data
                0x2000006a                ReadFormatCapacity_Data
 .data          0x20000076       0x1a Util/USB/usb_desc.o
                0x20000076                MASS_StringSerial
 .data          0x20000090       0x38 Util/USB/usb_istr.o
                0x20000090                pEpInt_IN
                0x200000ac                pEpInt_OUT
 .data          0x200000c8       0x90 Util/USB/usb_prop.o
                0x200000c8                String_Descriptor
                0x200000f0                Config_Descriptor
                0x200000f8                Device_Descriptor
                0x20000100                Device_Property
                0x20000130                Device_Table
                0x20000134                User_Standard_Requests
 .data          0x20000158        0x1 Util/USB/usb_pwr.o
                0x20000158                fSuspendEnabled
 .data          0x20000159        0x1 Util/fat_fs/src/sd_spi_stm32.o
 .data          0x2000015a       0x14 lib/STM32F10x_StdPeriph_Driver/libstm32fw.a(stm32f10x_rcc.o)
 .data          0x2000016e        0x1 /home/laurence/CodeSourcery/Sourcery_G++_Lite/bin/../lib/gcc/arm-none-eabi/4.5.2/../../../../arm-none-eabi/lib/thumb2/libm.a(lib_a-s_lib_ver.o)
                0x2000016e                __fdlib_version
 *fill*         0x2000016f        0x1 00
 .data          0x20000170       0xf4 /home/laurence/CodeSourcery/Sourcery_G++_Lite/bin/../lib/gcc/arm-none-eabi/4.5.2/../../../../arm-none-eabi/lib/thumb2/libc.a(lib_a-impure.o)
                0x20000170                _impure_ptr
 .data          0x20000264      0x410 /home/laurence/CodeSourcery/Sourcery_G++_Lite/bin/../lib/gcc/arm-none-eabi/4.5.2/../../../../arm-none-eabi/lib/thumb2/libc.a(lib_a-mallocr.o)
                0x20000264                __malloc_av_
                0x2000066c                __malloc_sbrk_base
                0x20000670                __malloc_trim_threshold
 .data          0x20000674        0x4 /home/laurence/CodeSourcery/Sourcery_G++_Lite/bin/../lib/gcc/arm-none-eabi/4.5.2/../../../../arm-none-eabi/lib/thumb2/libcs3unhosted.a(unhosted-sbrk.o)
 .data          0x20000678        0x4 /home/laurence/CodeSourcery/Sourcery_G++_Lite/bin/../lib/gcc/arm-none-eabi/4.5.2/../../../../arm-none-eabi/lib/thumb2/libcs3.a(heap.o)
                0x20000678                __cs3_heap_limit
 *(.ram)
                0x20000680                . = ALIGN (0x8)
 *fill*         0x2000067c        0x4 00
                0x20000680                _edata = .

.bss            0x20000680      0x7b0 load address 0x08014400
 *(.shbss)
 *(.bss .bss.* .gnu.linkonce.b.*)
 .bss           0x20000680        0x1 /home/laurence/CodeSourcery/Sourcery_G++_Lite/bin/../lib/gcc/arm-none-eabi/4.5.2/thumb2/crtbegin.o
 *fill*         0x20000681        0x3 00
 .bss           0x20000684        0xc Sensors/ppg.o
 .bss           0x20000690        0x4 Sensors/pressure.o
 .bss           0x20000694       0x20 Util/USB/mass_mal.o
                0x20000694                Status
                0x20000698                Data_Buffer
                0x2000069c                Mass_Block_Count
                0x200006a4                Mass_Block_Size
                0x200006ac                Mass_Memory_Size
 .bss           0x200006b4       0x24 Util/USB/memory.o
                0x200006b4                TransferState
                0x200006c0                Block_Read_count
                0x200006c4                Block_offset
                0x200006c8                Counter
                0x200006d4                Idx
 .bss           0x200006d8        0xd Util/USB/scsi_data.o
                0x200006d8                Page00_Inquiry_Data
                0x200006dd                ReadCapacity10_Data
 *fill*         0x200006e5        0x3 00
 .bss           0x200006e8       0x80 Util/USB/usb_bot.o
                0x200006e8                Bot_State
                0x200006ec                CSW
                0x200006fc                CBW
                0x2000071c                SCSI_LBA
                0x20000720                SCSI_BlkLen
                0x20000724                Data_Len
                0x20000726                Bulk_Data_Buff
 .bss           0x20000768        0x4 Util/USB/usb_istr.o
                0x20000768                wIstr
                0x2000076a                bIntPackSOF
 .bss           0x2000076c        0x4 Util/USB/usb_prop.o
                0x2000076c                Max_Lun
 .bss           0x20000770        0x8 Util/USB/usb_pwr.o
                0x20000770                ResumeS
                0x20000774                bDeviceState
 .bss           0x20000778        0x8 Util/fat_fs/src/ff.o
 .bss           0x20000780       0x10 Util/fat_fs/src/sd_spi_stm32.o
 .bss           0x20000790       0x84 Util/rprintf.o
 .bss           0x20000814        0x4 adc.o
                0x20000814                ADC1_Convertion_buff
 .bss           0x20000818        0x1 gpio.o
                0x20000818                bootsource
 *fill*         0x20000819        0x3 00
 .bss           0x2000081c        0x8 interrupts.o
                0x2000081c                Millis
 .bss           0x20000824      0x594 main.o
                0x20000824                print_string
                0x20000924                FATFS_logfile
                0x20000b48                a
                0x20000b4c                Buff
                0x20000d88                f_err_code
                0x20000d8c                FATFS_info
                0x20000dac                file_opened
                0x20000dad                Pressure_control
                0x20000db0                pressure_setpoint
                0x20000db4                reported_pressure
 .bss           0x20000db8        0x1 lib/STM32_USB-FS-Device_Driver/libstm32usb.a(usb_core.o)
                0x20000db8                Data_Mul_MaxPacketSize
 *fill*         0x20000db9        0x3 00
 .bss           0x20000dbc       0x34 /home/laurence/CodeSourcery/Sourcery_G++_Lite/bin/../lib/gcc/arm-none-eabi/4.5.2/../../../../arm-none-eabi/lib/thumb2/libc.a(lib_a-mallocr.o)
                0x20000dbc                __malloc_top_pad
                0x20000dc0                __malloc_current_mallinfo
                0x20000de8                __malloc_max_sbrked_mem
                0x20000dec                __malloc_max_total_mem
 *(COMMON)
 COMMON         0x20000df0        0x2 lib/STM32_USB-FS-Device_Driver/libstm32usb.a(usb_core.o)
                0x20000df0                StatusInfo
 *fill*         0x20000df2        0x2 00
 COMMON         0x20000df4       0x32 lib/STM32_USB-FS-Device_Driver/libstm32usb.a(usb_init.o)
                0x20000df4                SaveState
                0x20000df8                pProperty
                0x20000dfc                EPindex
                0x20000e00                Device_Info
                0x20000e1c                pUser_Standard_Requests
                0x20000e20                pInformation
                0x20000e24                wInterrupt_Mask
 COMMON         0x20000e26        0x4 lib/STM32_USB-FS-Device_Driver/libstm32usb.a(usb_int.o)
                0x20000e26                SaveRState
                0x20000e28                SaveTState
 *fill*         0x20000e2a        0x2 00
 COMMON         0x20000e2c        0x4 /home/laurence/CodeSourcery/Sourcery_G++_Lite/bin/../lib/gcc/arm-none-eabi/4.5.2/../../../../arm-none-eabi/lib/thumb2/libc.a(lib_a-reent.o)
                0x20000e2c                errno
 *(.ram.b)
                0x20000e30                . = ALIGN (0x8)
                0x20000e30                _end = .
                0x20000e30                __end = .
                0x20005000                __cs3_region_end_ram = (__cs3_region_start_ram + 0x5000)
                0x00005000                __cs3_region_size_ram = 0x5000
                0x08013d80                __cs3_region_init_ram = LOADADDR (.data)
                0x00000680                __cs3_region_init_size_ram = (_edata - ADDR (.data))
                0x000007b0                __cs3_region_zero_size_ram = (_end - _edata)
                0x00000001                __cs3_region_num = 0x1

.stab
 *(.stab)

.stabstr
 *(.stabstr)

.debug
 *(.debug)

.line
 *(.line)

.debug_srcinfo
 *(.debug_srcinfo)

.debug_sfnames
 *(.debug_sfnames)

.debug_aranges
 *(.debug_aranges)

.debug_pubnames
 *(.debug_pubnames)

.debug_info
 *(.debug_info .gnu.linkonce.wi.*)

.debug_abbrev
 *(.debug_abbrev)

.debug_line
 *(.debug_line)

.comment        0x00000000       0x2a
 .comment       0x00000000       0x2a Sensors/ppg.o
                                 0x2b (size before relaxing)
 .comment       0x00000000       0x2b Sensors/pressure.o
 .comment       0x00000000       0x2b Util/USB/hw_config.o
 .comment       0x00000000       0x2b Util/USB/mass_mal.o
 .comment       0x00000000       0x2b Util/USB/memory.o
 .comment       0x00000000       0x2b Util/USB/scsi_data.o
 .comment       0x00000000       0x2b Util/USB/usb_bot.o
 .comment       0x00000000       0x2b Util/USB/usb_desc.o
 .comment       0x00000000       0x2b Util/USB/usb_endp.o
 .comment       0x00000000       0x2b Util/USB/usb_istr.o
 .comment       0x00000000       0x2b Util/USB/usb_prop.o
 .comment       0x00000000       0x2b Util/USB/usb_pwr.o
 .comment       0x00000000       0x2b Util/USB/usb_scsi.o
 .comment       0x00000000       0x2b Util/buffer.o
 .comment       0x00000000       0x2b Util/fat_fs/option/cc932.o
 .comment       0x00000000       0x2b Util/fat_fs/option/syscall.o
 .comment       0x00000000       0x2b Util/fat_fs/src/fattime.o
 .comment       0x00000000       0x2b Util/fat_fs/src/ff.o
 .comment       0x00000000       0x2b Util/fat_fs/src/rtc.o
 .comment       0x00000000       0x2b Util/fat_fs/src/sd_spi_stm32.o
 .comment       0x00000000       0x2b Util/rprintf.o
 .comment       0x00000000       0x2b Util/stm32_eval_spi_sd.o
 .comment       0x00000000       0x2b adc.o
 .comment       0x00000000       0x2b gpio.o
 .comment       0x00000000       0x2b interrupts.o
 .comment       0x00000000       0x2b lib/CMSIS_CM3/core_cm3.o
 .comment       0x00000000       0x2b lib/CMSIS_CM3/system_stm32f10x.o
 .comment       0x00000000       0x2b main.o
 .comment       0x00000000       0x2b pwr.o
 .comment       0x00000000       0x2b timer.o
 .comment       0x00000000       0x2b usart.o
 .comment       0x00000000       0x2b lib/STM32F10x_StdPeriph_Driver/libstm32fw.a(misc.o)
 .comment       0x00000000       0x2b lib/STM32F10x_StdPeriph_Driver/libstm32fw.a(stm32f10x_adc.o)
 .comment       0x00000000       0x2b lib/STM32F10x_StdPeriph_Driver/libstm32fw.a(stm32f10x_bkp.o)
 .comment       0x00000000       0x2b lib/STM32F10x_StdPeriph_Driver/libstm32fw.a(stm32f10x_dma.o)
 .comment       0x00000000       0x2b lib/STM32F10x_StdPeriph_Driver/libstm32fw.a(stm32f10x_exti.o)
 .comment       0x00000000       0x2b lib/STM32F10x_StdPeriph_Driver/libstm32fw.a(stm32f10x_gpio.o)
 .comment       0x00000000       0x2b lib/STM32F10x_StdPeriph_Driver/libstm32fw.a(stm32f10x_pwr.o)
 .comment       0x00000000       0x2b lib/STM32F10x_StdPeriph_Driver/libstm32fw.a(stm32f10x_rcc.o)
 .comment       0x00000000       0x2b lib/STM32F10x_StdPeriph_Driver/libstm32fw.a(stm32f10x_rtc.o)
 .comment       0x00000000       0x2b lib/STM32F10x_StdPeriph_Driver/libstm32fw.a(stm32f10x_spi.o)
 .comment       0x00000000       0x2b lib/STM32F10x_StdPeriph_Driver/libstm32fw.a(stm32f10x_tim.o)
 .comment       0x00000000       0x2b lib/STM32F10x_StdPeriph_Driver/libstm32fw.a(stm32f10x_usart.o)
 .comment       0x00000000       0x2b lib/STM32_USB-FS-Device_Driver/libstm32usb.a(usb_core.o)
 .comment       0x00000000       0x2b lib/STM32_USB-FS-Device_Driver/libstm32usb.a(usb_init.o)
 .comment       0x00000000       0x2b lib/STM32_USB-FS-Device_Driver/libstm32usb.a(usb_int.o)
 .comment       0x00000000       0x2b lib/STM32_USB-FS-Device_Driver/libstm32usb.a(usb_mem.o)
 .comment       0x00000000       0x2b lib/STM32_USB-FS-Device_Driver/libstm32usb.a(usb_regs.o)
 .comment       0x00000000       0x2b lib/STM32_USB-FS-Device_Driver/libstm32usb.a(usb_sil.o)

.debug_frame    0x00000000      0x5a4
 *(.debug_frame)
 .debug_frame   0x00000000       0x30 /home/laurence/CodeSourcery/Sourcery_G++_Lite/bin/../lib/gcc/arm-none-eabi/4.5.2/../../../../arm-none-eabi/lib/thumb2/libm.a(lib_a-s_sin.o)
 .debug_frame   0x00000030       0x34 /home/laurence/CodeSourcery/Sourcery_G++_Lite/bin/../lib/gcc/arm-none-eabi/4.5.2/../../../../arm-none-eabi/lib/thumb2/libm.a(lib_a-w_asin.o)
 .debug_frame   0x00000064       0x38 /home/laurence/CodeSourcery/Sourcery_G++_Lite/bin/../lib/gcc/arm-none-eabi/4.5.2/../../../../arm-none-eabi/lib/thumb2/libm.a(lib_a-w_sqrt.o)
 .debug_frame   0x0000009c       0x3c /home/laurence/CodeSourcery/Sourcery_G++_Lite/bin/../lib/gcc/arm-none-eabi/4.5.2/../../../../arm-none-eabi/lib/thumb2/libm.a(lib_a-e_asin.o)
 .debug_frame   0x000000d8       0x3c /home/laurence/CodeSourcery/Sourcery_G++_Lite/bin/../lib/gcc/arm-none-eabi/4.5.2/../../../../arm-none-eabi/lib/thumb2/libm.a(lib_a-e_rem_pio2.o)
 .debug_frame   0x00000114       0x34 /home/laurence/CodeSourcery/Sourcery_G++_Lite/bin/../lib/gcc/arm-none-eabi/4.5.2/../../../../arm-none-eabi/lib/thumb2/libm.a(lib_a-e_sqrt.o)
 .debug_frame   0x00000148       0x3c /home/laurence/CodeSourcery/Sourcery_G++_Lite/bin/../lib/gcc/arm-none-eabi/4.5.2/../../../../arm-none-eabi/lib/thumb2/libm.a(lib_a-k_cos.o)
 .debug_frame   0x00000184       0x3c /home/laurence/CodeSourcery/Sourcery_G++_Lite/bin/../lib/gcc/arm-none-eabi/4.5.2/../../../../arm-none-eabi/lib/thumb2/libm.a(lib_a-k_rem_pio2.o)
 .debug_frame   0x000001c0       0x3c /home/laurence/CodeSourcery/Sourcery_G++_Lite/bin/../lib/gcc/arm-none-eabi/4.5.2/../../../../arm-none-eabi/lib/thumb2/libm.a(lib_a-k_sin.o)
 .debug_frame   0x000001fc       0x20 /home/laurence/CodeSourcery/Sourcery_G++_Lite/bin/../lib/gcc/arm-none-eabi/4.5.2/../../../../arm-none-eabi/lib/thumb2/libm.a(lib_a-s_fabs.o)
 .debug_frame   0x0000021c       0x34 /home/laurence/CodeSourcery/Sourcery_G++_Lite/bin/../lib/gcc/arm-none-eabi/4.5.2/../../../../arm-none-eabi/lib/thumb2/libm.a(lib_a-s_floor.o)
 .debug_frame   0x00000250       0x28 /home/laurence/CodeSourcery/Sourcery_G++_Lite/bin/../lib/gcc/arm-none-eabi/4.5.2/../../../../arm-none-eabi/lib/thumb2/libm.a(lib_a-s_fpclassify.o)
 .debug_frame   0x00000278       0x20 /home/laurence/CodeSourcery/Sourcery_G++_Lite/bin/../lib/gcc/arm-none-eabi/4.5.2/../../../../arm-none-eabi/lib/thumb2/libm.a(lib_a-s_matherr.o)
 .debug_frame   0x00000298       0x20 /home/laurence/CodeSourcery/Sourcery_G++_Lite/bin/../lib/gcc/arm-none-eabi/4.5.2/../../../../arm-none-eabi/lib/thumb2/libm.a(lib_a-s_nan.o)
 .debug_frame   0x000002b8       0x30 /home/laurence/CodeSourcery/Sourcery_G++_Lite/bin/../lib/gcc/arm-none-eabi/4.5.2/../../../../arm-none-eabi/lib/thumb2/libm.a(lib_a-s_scalbn.o)
 .debug_frame   0x000002e8       0x28 /home/laurence/CodeSourcery/Sourcery_G++_Lite/bin/../lib/gcc/arm-none-eabi/4.5.2/../../../../arm-none-eabi/lib/thumb2/libm.a(lib_a-s_copysign.o)
 .debug_frame   0x00000310       0x20 /home/laurence/CodeSourcery/Sourcery_G++_Lite/bin/../lib/gcc/arm-none-eabi/4.5.2/thumb2/libgcc.a(_divsi3.o)
 .debug_frame   0x00000330       0x20 /home/laurence/CodeSourcery/Sourcery_G++_Lite/bin/../lib/gcc/arm-none-eabi/4.5.2/../../../../arm-none-eabi/lib/thumb2/libc.a(lib_a-abs.o)
 .debug_frame   0x00000350       0x20 /home/laurence/CodeSourcery/Sourcery_G++_Lite/bin/../lib/gcc/arm-none-eabi/4.5.2/../../../../arm-none-eabi/lib/thumb2/libc.a(lib_a-errno.o)
 .debug_frame   0x00000370       0x30 /home/laurence/CodeSourcery/Sourcery_G++_Lite/bin/../lib/gcc/arm-none-eabi/4.5.2/../../../../arm-none-eabi/lib/thumb2/libc.a(lib_a-malloc.o)
 .debug_frame   0x000003a0       0x3c /home/laurence/CodeSourcery/Sourcery_G++_Lite/bin/../lib/gcc/arm-none-eabi/4.5.2/../../../../arm-none-eabi/lib/thumb2/libc.a(lib_a-mallocr.o)
 .debug_frame   0x000003dc       0x30 /home/laurence/CodeSourcery/Sourcery_G++_Lite/bin/../lib/gcc/arm-none-eabi/4.5.2/../../../../arm-none-eabi/lib/thumb2/libc.a(lib_a-mlock.o)
 .debug_frame   0x0000040c       0x2c /home/laurence/CodeSourcery/Sourcery_G++_Lite/bin/../lib/gcc/arm-none-eabi/4.5.2/../../../../arm-none-eabi/lib/thumb2/libc.a(lib_a-sbrkr.o)
 .debug_frame   0x00000438       0x20 /home/laurence/CodeSourcery/Sourcery_G++_Lite/bin/../lib/gcc/arm-none-eabi/4.5.2/../../../../arm-none-eabi/lib/thumb2/libc.a(lib_a-strlen.o)
 .debug_frame   0x00000458       0x50 /home/laurence/CodeSourcery/Sourcery_G++_Lite/bin/../lib/gcc/arm-none-eabi/4.5.2/../../../../arm-none-eabi/lib/thumb2/libc.a(lib_a-freer.o)
 .debug_frame   0x000004a8       0x68 /home/laurence/CodeSourcery/Sourcery_G++_Lite/bin/../lib/gcc/arm-none-eabi/4.5.2/../../../../arm-none-eabi/lib/thumb2/libc.a(lib_a-reent.o)
 .debug_frame   0x00000510       0x40 /home/laurence/CodeSourcery/Sourcery_G++_Lite/bin/../lib/gcc/arm-none-eabi/4.5.2/../../../../arm-none-eabi/lib/thumb2/libcs3.a(start_c.o)
 .debug_frame   0x00000550       0x28 /home/laurence/CodeSourcery/Sourcery_G++_Lite/bin/../lib/gcc/arm-none-eabi/4.5.2/../../../../arm-none-eabi/lib/thumb2/libcs3unhosted.a(unhosted-sbrk.o)
 .debug_frame   0x00000578       0x2c /home/laurence/CodeSourcery/Sourcery_G++_Lite/bin/../lib/gcc/arm-none-eabi/4.5.2/../../../../arm-none-eabi/lib/thumb2/libc.a(lib_a-init.o)

.debug_str
 *(.debug_str)

.debug_loc
 *(.debug_loc)

.debug_macinfo
 *(.debug_macinfo)

.debug_weaknames
 *(.debug_weaknames)

.debug_funcnames
 *(.debug_funcnames)

.debug_typenames
 *(.debug_typenames)

.debug_varnames
 *(.debug_varnames)

.note.gnu.arm.ident
 *(.note.gnu.arm.ident)

.ARM.attributes
                0x00000000       0x25
 *(.ARM.attributes)
 .ARM.attributes
                0x00000000       0x19 /home/laurence/CodeSourcery/Sourcery_G++_Lite/bin/../lib/gcc/arm-none-eabi/4.5.2/thumb2/crti.o
 .ARM.attributes
                0x00000019       0x29 /home/laurence/CodeSourcery/Sourcery_G++_Lite/bin/../lib/gcc/arm-none-eabi/4.5.2/thumb2/crtbegin.o
 .ARM.attributes
                0x00000042       0x31 Sensors/ppg.o
 .ARM.attributes
                0x00000073       0x31 Sensors/pressure.o
 .ARM.attributes
                0x000000a4       0x31 Util/USB/hw_config.o
 .ARM.attributes
                0x000000d5       0x31 Util/USB/mass_mal.o
 .ARM.attributes
                0x00000106       0x31 Util/USB/memory.o
 .ARM.attributes
                0x00000137       0x31 Util/USB/scsi_data.o
 .ARM.attributes
                0x00000168       0x31 Util/USB/usb_bot.o
 .ARM.attributes
                0x00000199       0x31 Util/USB/usb_desc.o
 .ARM.attributes
                0x000001ca       0x31 Util/USB/usb_endp.o
 .ARM.attributes
                0x000001fb       0x31 Util/USB/usb_istr.o
 .ARM.attributes
                0x0000022c       0x31 Util/USB/usb_prop.o
 .ARM.attributes
                0x0000025d       0x31 Util/USB/usb_pwr.o
 .ARM.attributes
                0x0000028e       0x31 Util/USB/usb_scsi.o
 .ARM.attributes
                0x000002bf       0x31 Util/buffer.o
 .ARM.attributes
                0x000002f0       0x31 Util/fat_fs/option/cc932.o
 .ARM.attributes
                0x00000321       0x31 Util/fat_fs/option/syscall.o
 .ARM.attributes
                0x00000352       0x31 Util/fat_fs/src/fattime.o
 .ARM.attributes
                0x00000383       0x31 Util/fat_fs/src/ff.o
 .ARM.attributes
                0x000003b4       0x31 Util/fat_fs/src/rtc.o
 .ARM.attributes
                0x000003e5       0x31 Util/fat_fs/src/sd_spi_stm32.o
 .ARM.attributes
                0x00000416       0x31 Util/rprintf.o
 .ARM.attributes
                0x00000447       0x31 Util/stm32_eval_spi_sd.o
 .ARM.attributes
                0x00000478       0x31 adc.o
 .ARM.attributes
                0x000004a9       0x31 gpio.o
 .ARM.attributes
                0x000004da       0x31 interrupts.o
 .ARM.attributes
                0x0000050b       0x31 lib/CMSIS_CM3/core_cm3.o
 .ARM.attributes
                0x0000053c       0x21 lib/CMSIS_CM3/startup/gcc/startup_stm32f10x_md.o
 .ARM.attributes
                0x0000055d       0x31 lib/CMSIS_CM3/system_stm32f10x.o
 .ARM.attributes
                0x0000058e       0x31 main.o
 .ARM.attributes
                0x000005bf       0x31 pwr.o
 .ARM.attributes
                0x000005f0       0x31 timer.o
 .ARM.attributes
                0x00000621       0x31 usart.o
 .ARM.attributes
                0x00000652       0x31 lib/STM32F10x_StdPeriph_Driver/libstm32fw.a(misc.o)
 .ARM.attributes
                0x00000683       0x31 lib/STM32F10x_StdPeriph_Driver/libstm32fw.a(stm32f10x_adc.o)
 .ARM.attributes
                0x000006b4       0x31 lib/STM32F10x_StdPeriph_Driver/libstm32fw.a(stm32f10x_bkp.o)
 .ARM.attributes
                0x000006e5       0x31 lib/STM32F10x_StdPeriph_Driver/libstm32fw.a(stm32f10x_dma.o)
 .ARM.attributes
                0x00000716       0x31 lib/STM32F10x_StdPeriph_Driver/libstm32fw.a(stm32f10x_exti.o)
 .ARM.attributes
                0x00000747       0x31 lib/STM32F10x_StdPeriph_Driver/libstm32fw.a(stm32f10x_gpio.o)
 .ARM.attributes
                0x00000778       0x31 lib/STM32F10x_StdPeriph_Driver/libstm32fw.a(stm32f10x_pwr.o)
 .ARM.attributes
                0x000007a9       0x31 lib/STM32F10x_StdPeriph_Driver/libstm32fw.a(stm32f10x_rcc.o)
 .ARM.attributes
                0x000007da       0x31 lib/STM32F10x_StdPeriph_Driver/libstm32fw.a(stm32f10x_rtc.o)
 .ARM.attributes
                0x0000080b       0x31 lib/STM32F10x_StdPeriph_Driver/libstm32fw.a(stm32f10x_spi.o)
 .ARM.attributes
                0x0000083c       0x31 lib/STM32F10x_StdPeriph_Driver/libstm32fw.a(stm32f10x_tim.o)
 .ARM.attributes
                0x0000086d       0x31 lib/STM32F10x_StdPeriph_Driver/libstm32fw.a(stm32f10x_usart.o)
 .ARM.attributes
                0x0000089e       0x31 lib/STM32_USB-FS-Device_Driver/libstm32usb.a(usb_core.o)
 .ARM.attributes
                0x000008cf       0x31 lib/STM32_USB-FS-Device_Driver/libstm32usb.a(usb_init.o)
 .ARM.attributes
                0x00000900       0x31 lib/STM32_USB-FS-Device_Driver/libstm32usb.a(usb_int.o)
 .ARM.attributes
                0x00000931       0x31 lib/STM32_USB-FS-Device_Driver/libstm32usb.a(usb_mem.o)
 .ARM.attributes
                0x00000962       0x31 lib/STM32_USB-FS-Device_Driver/libstm32usb.a(usb_regs.o)
 .ARM.attributes
                0x00000993       0x31 lib/STM32_USB-FS-Device_Driver/libstm32usb.a(usb_sil.o)
 .ARM.attributes
                0x000009c4       0x29 /home/laurence/CodeSourcery/Sourcery_G++_Lite/bin/../lib/gcc/arm-none-eabi/4.5.2/../../../../arm-none-eabi/lib/thumb2/libm.a(lib_a-s_sin.o)
 .ARM.attributes
                0x000009ed       0x29 /home/laurence/CodeSourcery/Sourcery_G++_Lite/bin/../lib/gcc/arm-none-eabi/4.5.2/../../../../arm-none-eabi/lib/thumb2/libm.a(lib_a-w_asin.o)
 .ARM.attributes
                0x00000a16       0x29 /home/laurence/CodeSourcery/Sourcery_G++_Lite/bin/../lib/gcc/arm-none-eabi/4.5.2/../../../../arm-none-eabi/lib/thumb2/libm.a(lib_a-w_sqrt.o)
 .ARM.attributes
                0x00000a3f       0x29 /home/laurence/CodeSourcery/Sourcery_G++_Lite/bin/../lib/gcc/arm-none-eabi/4.5.2/../../../../arm-none-eabi/lib/thumb2/libm.a(lib_a-e_asin.o)
 .ARM.attributes
                0x00000a68       0x29 /home/laurence/CodeSourcery/Sourcery_G++_Lite/bin/../lib/gcc/arm-none-eabi/4.5.2/../../../../arm-none-eabi/lib/thumb2/libm.a(lib_a-e_rem_pio2.o)
 .ARM.attributes
                0x00000a91       0x29 /home/laurence/CodeSourcery/Sourcery_G++_Lite/bin/../lib/gcc/arm-none-eabi/4.5.2/../../../../arm-none-eabi/lib/thumb2/libm.a(lib_a-e_sqrt.o)
 .ARM.attributes
                0x00000aba       0x29 /home/laurence/CodeSourcery/Sourcery_G++_Lite/bin/../lib/gcc/arm-none-eabi/4.5.2/../../../../arm-none-eabi/lib/thumb2/libm.a(lib_a-k_cos.o)
 .ARM.attributes
                0x00000ae3       0x29 /home/laurence/CodeSourcery/Sourcery_G++_Lite/bin/../lib/gcc/arm-none-eabi/4.5.2/../../../../arm-none-eabi/lib/thumb2/libm.a(lib_a-k_rem_pio2.o)
 .ARM.attributes
                0x00000b0c       0x29 /home/laurence/CodeSourcery/Sourcery_G++_Lite/bin/../lib/gcc/arm-none-eabi/4.5.2/../../../../arm-none-eabi/lib/thumb2/libm.a(lib_a-k_sin.o)
 .ARM.attributes
                0x00000b35       0x29 /home/laurence/CodeSourcery/Sourcery_G++_Lite/bin/../lib/gcc/arm-none-eabi/4.5.2/../../../../arm-none-eabi/lib/thumb2/libm.a(lib_a-s_fabs.o)
 .ARM.attributes
                0x00000b5e       0x29 /home/laurence/CodeSourcery/Sourcery_G++_Lite/bin/../lib/gcc/arm-none-eabi/4.5.2/../../../../arm-none-eabi/lib/thumb2/libm.a(lib_a-s_floor.o)
 .ARM.attributes
                0x00000b87       0x29 /home/laurence/CodeSourcery/Sourcery_G++_Lite/bin/../lib/gcc/arm-none-eabi/4.5.2/../../../../arm-none-eabi/lib/thumb2/libm.a(lib_a-s_fpclassify.o)
 .ARM.attributes
                0x00000bb0       0x29 /home/laurence/CodeSourcery/Sourcery_G++_Lite/bin/../lib/gcc/arm-none-eabi/4.5.2/../../../../arm-none-eabi/lib/thumb2/libm.a(lib_a-s_lib_ver.o)
 .ARM.attributes
                0x00000bd9       0x29 /home/laurence/CodeSourcery/Sourcery_G++_Lite/bin/../lib/gcc/arm-none-eabi/4.5.2/../../../../arm-none-eabi/lib/thumb2/libm.a(lib_a-s_matherr.o)
 .ARM.attributes
                0x00000c02       0x29 /home/laurence/CodeSourcery/Sourcery_G++_Lite/bin/../lib/gcc/arm-none-eabi/4.5.2/../../../../arm-none-eabi/lib/thumb2/libm.a(lib_a-s_nan.o)
 .ARM.attributes
                0x00000c2b       0x29 /home/laurence/CodeSourcery/Sourcery_G++_Lite/bin/../lib/gcc/arm-none-eabi/4.5.2/../../../../arm-none-eabi/lib/thumb2/libm.a(lib_a-s_scalbn.o)
 .ARM.attributes
                0x00000c54       0x29 /home/laurence/CodeSourcery/Sourcery_G++_Lite/bin/../lib/gcc/arm-none-eabi/4.5.2/../../../../arm-none-eabi/lib/thumb2/libm.a(lib_a-s_copysign.o)
 .ARM.attributes
                0x00000c7d       0x1b /home/laurence/CodeSourcery/Sourcery_G++_Lite/bin/../lib/gcc/arm-none-eabi/4.5.2/thumb2/libgcc.a(_divsi3.o)
 .ARM.attributes
                0x00000c98       0x1b /home/laurence/CodeSourcery/Sourcery_G++_Lite/bin/../lib/gcc/arm-none-eabi/4.5.2/thumb2/libgcc.a(_dvmd_tls.o)
 .ARM.attributes
                0x00000cb3       0x1b /home/laurence/CodeSourcery/Sourcery_G++_Lite/bin/../lib/gcc/arm-none-eabi/4.5.2/thumb2/libgcc.a(_arm_addsubdf3.o)
 .ARM.attributes
                0x00000cce       0x1b /home/laurence/CodeSourcery/Sourcery_G++_Lite/bin/../lib/gcc/arm-none-eabi/4.5.2/thumb2/libgcc.a(_arm_muldivdf3.o)
 .ARM.attributes
                0x00000ce9       0x1b /home/laurence/CodeSourcery/Sourcery_G++_Lite/bin/../lib/gcc/arm-none-eabi/4.5.2/thumb2/libgcc.a(_arm_cmpdf2.o)
 .ARM.attributes
                0x00000d04       0x1b /home/laurence/CodeSourcery/Sourcery_G++_Lite/bin/../lib/gcc/arm-none-eabi/4.5.2/thumb2/libgcc.a(_arm_fixdfsi.o)
 .ARM.attributes
                0x00000d1f       0x1b /home/laurence/CodeSourcery/Sourcery_G++_Lite/bin/../lib/gcc/arm-none-eabi/4.5.2/thumb2/libgcc.a(_arm_fixunsdfsi.o)
 .ARM.attributes
                0x00000d3a       0x1b /home/laurence/CodeSourcery/Sourcery_G++_Lite/bin/../lib/gcc/arm-none-eabi/4.5.2/thumb2/libgcc.a(_arm_truncdfsf2.o)
 .ARM.attributes
                0x00000d55       0x1b /home/laurence/CodeSourcery/Sourcery_G++_Lite/bin/../lib/gcc/arm-none-eabi/4.5.2/thumb2/libgcc.a(_arm_addsubsf3.o)
 .ARM.attributes
                0x00000d70       0x1b /home/laurence/CodeSourcery/Sourcery_G++_Lite/bin/../lib/gcc/arm-none-eabi/4.5.2/thumb2/libgcc.a(_arm_muldivsf3.o)
 .ARM.attributes
                0x00000d8b       0x1b /home/laurence/CodeSourcery/Sourcery_G++_Lite/bin/../lib/gcc/arm-none-eabi/4.5.2/thumb2/libgcc.a(_arm_cmpsf2.o)
 .ARM.attributes
                0x00000da6       0x1b /home/laurence/CodeSourcery/Sourcery_G++_Lite/bin/../lib/gcc/arm-none-eabi/4.5.2/thumb2/libgcc.a(_arm_fixunssfsi.o)
 .ARM.attributes
                0x00000dc1       0x29 /home/laurence/CodeSourcery/Sourcery_G++_Lite/bin/../lib/gcc/arm-none-eabi/4.5.2/../../../../arm-none-eabi/lib/thumb2/libc.a(lib_a-abs.o)
 .ARM.attributes
                0x00000dea       0x29 /home/laurence/CodeSourcery/Sourcery_G++_Lite/bin/../lib/gcc/arm-none-eabi/4.5.2/../../../../arm-none-eabi/lib/thumb2/libc.a(lib_a-errno.o)
 .ARM.attributes
                0x00000e13       0x29 /home/laurence/CodeSourcery/Sourcery_G++_Lite/bin/../lib/gcc/arm-none-eabi/4.5.2/../../../../arm-none-eabi/lib/thumb2/libc.a(lib_a-impure.o)
 .ARM.attributes
                0x00000e3c       0x29 /home/laurence/CodeSourcery/Sourcery_G++_Lite/bin/../lib/gcc/arm-none-eabi/4.5.2/../../../../arm-none-eabi/lib/thumb2/libc.a(lib_a-malloc.o)
 .ARM.attributes
                0x00000e65       0x29 /home/laurence/CodeSourcery/Sourcery_G++_Lite/bin/../lib/gcc/arm-none-eabi/4.5.2/../../../../arm-none-eabi/lib/thumb2/libc.a(lib_a-mallocr.o)
 .ARM.attributes
                0x00000e8e       0x29 /home/laurence/CodeSourcery/Sourcery_G++_Lite/bin/../lib/gcc/arm-none-eabi/4.5.2/../../../../arm-none-eabi/lib/thumb2/libc.a(lib_a-mlock.o)
 .ARM.attributes
                0x00000eb7       0x29 /home/laurence/CodeSourcery/Sourcery_G++_Lite/bin/../lib/gcc/arm-none-eabi/4.5.2/../../../../arm-none-eabi/lib/thumb2/libc.a(lib_a-sbrkr.o)
 .ARM.attributes
                0x00000ee0       0x29 /home/laurence/CodeSourcery/Sourcery_G++_Lite/bin/../lib/gcc/arm-none-eabi/4.5.2/../../../../arm-none-eabi/lib/thumb2/libc.a(lib_a-strlen.o)
 .ARM.attributes
                0x00000f09       0x29 /home/laurence/CodeSourcery/Sourcery_G++_Lite/bin/../lib/gcc/arm-none-eabi/4.5.2/../../../../arm-none-eabi/lib/thumb2/libc.a(lib_a-freer.o)
 .ARM.attributes
                0x00000f32       0x29 /home/laurence/CodeSourcery/Sourcery_G++_Lite/bin/../lib/gcc/arm-none-eabi/4.5.2/../../../../arm-none-eabi/lib/thumb2/libc.a(lib_a-reent.o)
 .ARM.attributes
                0x00000f5b       0x29 /home/laurence/CodeSourcery/Sourcery_G++_Lite/bin/../lib/gcc/arm-none-eabi/4.5.2/thumb2/crtend.o
 .ARM.attributes
                0x00000f84       0x19 /home/laurence/CodeSourcery/Sourcery_G++_Lite/bin/../lib/gcc/arm-none-eabi/4.5.2/thumb2/crtn.o
 .ARM.attributes
                0x00000f9d       0x29 /home/laurence/CodeSourcery/Sourcery_G++_Lite/bin/../lib/gcc/arm-none-eabi/4.5.2/../../../../arm-none-eabi/lib/thumb2/libcs3.a(start_c.o)
 .ARM.attributes
                0x00000fc6       0x29 /home/laurence/CodeSourcery/Sourcery_G++_Lite/bin/../lib/gcc/arm-none-eabi/4.5.2/../../../../arm-none-eabi/lib/thumb2/libcs3unhosted.a(unhosted-sbrk.o)
 .ARM.attributes
                0x00000fef       0x19 /home/laurence/CodeSourcery/Sourcery_G++_Lite/bin/../lib/gcc/arm-none-eabi/4.5.2/../../../../arm-none-eabi/lib/thumb2/libcs3unhosted.a(unhosted-start.o)
 .ARM.attributes
                0x00001008       0x1f lib/libcs3-lanchon-stm32.a(lanchon-stm32-vector.o)
 .ARM.attributes
                0x00001027       0x21 lib/libcs3-lanchon-stm32.a(lanchon_stm32_isr_interrupt.o)
 .ARM.attributes
                0x00001048       0x29 /home/laurence/CodeSourcery/Sourcery_G++_Lite/bin/../lib/gcc/arm-none-eabi/4.5.2/../../../../arm-none-eabi/lib/thumb2/libc.a(lib_a-init.o)
 .ARM.attributes
                0x00001071       0x29 /home/laurence/CodeSourcery/Sourcery_G++_Lite/bin/../lib/gcc/arm-none-eabi/4.5.2/../../../../arm-none-eabi/lib/thumb2/libcs3.a(heap.o)

/DISCARD/
 *(.note.GNU-stack)
OUTPUT(main.elf elf32-littlearm)

Cross Reference Table

Symbol                                            File
ADC1_2_IRQHandler                                 lib/CMSIS_CM3/startup/gcc/startup_stm32f10x_md.o
ADC1_Convertion_buff                              adc.o
                                                  interrupts.o
ADC_AnalogWatchdogCmd                             lib/STM32F10x_StdPeriph_Driver/libstm32fw.a(stm32f10x_adc.o)
ADC_AnalogWatchdogSingleChannelConfig             lib/STM32F10x_StdPeriph_Driver/libstm32fw.a(stm32f10x_adc.o)
ADC_AnalogWatchdogThresholdsConfig                lib/STM32F10x_StdPeriph_Driver/libstm32fw.a(stm32f10x_adc.o)
ADC_AutoInjectedConvCmd                           lib/STM32F10x_StdPeriph_Driver/libstm32fw.a(stm32f10x_adc.o)
ADC_ClearFlag                                     lib/STM32F10x_StdPeriph_Driver/libstm32fw.a(stm32f10x_adc.o)
ADC_ClearITPendingBit                             lib/STM32F10x_StdPeriph_Driver/libstm32fw.a(stm32f10x_adc.o)
ADC_Cmd                                           lib/STM32F10x_StdPeriph_Driver/libstm32fw.a(stm32f10x_adc.o)
                                                  adc.o
ADC_Configuration                                 adc.o
                                                  main.o
ADC_DMACmd                                        lib/STM32F10x_StdPeriph_Driver/libstm32fw.a(stm32f10x_adc.o)
                                                  adc.o
ADC_DeInit                                        lib/STM32F10x_StdPeriph_Driver/libstm32fw.a(stm32f10x_adc.o)
                                                  adc.o
ADC_DiscModeChannelCountConfig                    lib/STM32F10x_StdPeriph_Driver/libstm32fw.a(stm32f10x_adc.o)
ADC_DiscModeCmd                                   lib/STM32F10x_StdPeriph_Driver/libstm32fw.a(stm32f10x_adc.o)