Archive member included because of file (symbol)

lib/STM32F10x_StdPeriph_Driver/libstm32fw.a(misc.o)
                              Util/USB/hw_config.o (NVIC_PriorityGroupConfig)
lib/STM32F10x_StdPeriph_Driver/libstm32fw.a(stm32f10x_adc.o)
                              adc.o (ADC_DeInit)
lib/STM32F10x_StdPeriph_Driver/libstm32fw.a(stm32f10x_bkp.o)
                              Util/fat_fs/src/rtc.o (BKP_DeInit)
lib/STM32F10x_StdPeriph_Driver/libstm32fw.a(stm32f10x_dma.o)
                              Util/fat_fs/src/sd_spi_stm32.o (DMA_DeInit)
lib/STM32F10x_StdPeriph_Driver/libstm32fw.a(stm32f10x_exti.o)
                              interrupts.o (EXTI_DeInit)
lib/STM32F10x_StdPeriph_Driver/libstm32fw.a(stm32f10x_gpio.o)
                              Util/fat_fs/src/sd_spi_stm32.o (GPIO_Init)
lib/STM32F10x_StdPeriph_Driver/libstm32fw.a(stm32f10x_pwr.o)
                              pwr.o (PWR_DeInit)
lib/STM32F10x_StdPeriph_Driver/libstm32fw.a(stm32f10x_rcc.o)
                              interrupts.o (RCC_HCLKConfig)
lib/STM32F10x_StdPeriph_Driver/libstm32fw.a(stm32f10x_rtc.o)
                              Util/fat_fs/src/rtc.o (RTC_GetCounter)
lib/STM32F10x_StdPeriph_Driver/libstm32fw.a(stm32f10x_spi.o)
                              Util/fat_fs/src/sd_spi_stm32.o (SPI_I2S_DeInit)
lib/STM32F10x_StdPeriph_Driver/libstm32fw.a(stm32f10x_usart.o)
                              usart.o (USART_Init)
lib/STM32_USB-FS-Device_Driver/libstm32usb.a(usb_core.o)
                              Util/USB/usb_prop.o (Standard_GetDescriptorData)
lib/STM32_USB-FS-Device_Driver/libstm32usb.a(usb_init.o)
                              main.o (USB_Init)
lib/STM32_USB-FS-Device_Driver/libstm32usb.a(usb_int.o)
                              Util/USB/usb_istr.o (CTR_LP)
lib/STM32_USB-FS-Device_Driver/libstm32usb.a(usb_mem.o)
                              lib/STM32_USB-FS-Device_Driver/libstm32usb.a(usb_core.o) (UserToPMABufferCopy)
lib/STM32_USB-FS-Device_Driver/libstm32usb.a(usb_regs.o)
                              Util/USB/usb_prop.o (SetBTABLE)
lib/STM32_USB-FS-Device_Driver/libstm32usb.a(usb_sil.o)
                              Util/USB/usb_prop.o (USB_SIL_Init)
/home/laurence/CodeSourcery/Sourcery_G++_Lite/bin/../lib/gcc/arm-none-eabi/4.5.2/thumb2/libgcc.a(_arm_addsubdf3.o)
                              Sensors/pressure.o (__aeabi_dsub)
/home/laurence/CodeSourcery/Sourcery_G++_Lite/bin/../lib/gcc/arm-none-eabi/4.5.2/thumb2/libgcc.a(_arm_muldivdf3.o)
                              Sensors/pressure.o (__aeabi_dmul)
/home/laurence/CodeSourcery/Sourcery_G++_Lite/bin/../lib/gcc/arm-none-eabi/4.5.2/thumb2/libgcc.a(_arm_truncdfsf2.o)
                              Sensors/pressure.o (__aeabi_d2f)
/home/laurence/CodeSourcery/Sourcery_G++_Lite/bin/../lib/gcc/arm-none-eabi/4.5.2/thumb2/libgcc.a(_arm_addsubsf3.o)
                              Util/rprintf.o (__aeabi_fsub)
/home/laurence/CodeSourcery/Sourcery_G++_Lite/bin/../lib/gcc/arm-none-eabi/4.5.2/thumb2/libgcc.a(_arm_muldivsf3.o)
                              Util/rprintf.o (__aeabi_fmul)
/home/laurence/CodeSourcery/Sourcery_G++_Lite/bin/../lib/gcc/arm-none-eabi/4.5.2/thumb2/libgcc.a(_arm_cmpsf2.o)
                              Util/rprintf.o (__aeabi_fcmpeq)
/home/laurence/CodeSourcery/Sourcery_G++_Lite/bin/../lib/gcc/arm-none-eabi/4.5.2/thumb2/libgcc.a(_arm_fixunssfsi.o)
                              Util/rprintf.o (__aeabi_f2uiz)
/home/laurence/CodeSourcery/Sourcery_G++_Lite/bin/../lib/gcc/arm-none-eabi/4.5.2/../../../../arm-none-eabi/lib/thumb2/libc.a(lib_a-malloc.o)
                              Util/USB/mass_mal.o (malloc)
/home/laurence/CodeSourcery/Sourcery_G++_Lite/bin/../lib/gcc/arm-none-eabi/4.5.2/../../../../arm-none-eabi/lib/thumb2/libc.a(lib_a-mallocr.o)
                              /home/laurence/CodeSourcery/Sourcery_G++_Lite/bin/../lib/gcc/arm-none-eabi/4.5.2/../../../../arm-none-eabi/lib/thumb2/libc.a(lib_a-malloc.o) (_malloc_r)
/home/laurence/CodeSourcery/Sourcery_G++_Lite/bin/../lib/gcc/arm-none-eabi/4.5.2/../../../../arm-none-eabi/lib/thumb2/libc.a(lib_a-mlock.o)
                              /home/laurence/CodeSourcery/Sourcery_G++_Lite/bin/../lib/gcc/arm-none-eabi/4.5.2/../../../../arm-none-eabi/lib/thumb2/libc.a(lib_a-mallocr.o) (__malloc_lock)
/home/laurence/CodeSourcery/Sourcery_G++_Lite/bin/../lib/gcc/arm-none-eabi/4.5.2/../../../../arm-none-eabi/lib/thumb2/libc.a(lib_a-sbrkr.o)
                              /home/laurence/CodeSourcery/Sourcery_G++_Lite/bin/../lib/gcc/arm-none-eabi/4.5.2/../../../../arm-none-eabi/lib/thumb2/libc.a(lib_a-mallocr.o) (_sbrk_r)
/home/laurence/CodeSourcery/Sourcery_G++_Lite/bin/../lib/gcc/arm-none-eabi/4.5.2/../../../../arm-none-eabi/lib/thumb2/libc.a(lib_a-strlen.o)
                              main.o (strlen)
/home/laurence/CodeSourcery/Sourcery_G++_Lite/bin/../lib/gcc/arm-none-eabi/4.5.2/../../../../arm-none-eabi/lib/thumb2/libc.a(lib_a-freer.o)
[...]
Memory Configuration

Name             Origin             Length             Attributes
ram              0x20000000         0x00005000         xrw
rom              0x08000000         0x00020000         xr
*default*        0x00000000         0xffffffff

Linker script and memory map

LOAD /home/laurence/CodeSourcery/Sourcery_G++_Lite/bin/../lib/gcc/arm-none-eabi/4.5.2/thumb2/crti.o
LOAD /home/laurence/CodeSourcery/Sourcery_G++_Lite/bin/../lib/gcc/arm-none-eabi/4.5.2/thumb2/crtbegin.o
LOAD Sensors/pressure.o
LOAD Util/USB/hw_config.o
LOAD Util/USB/mass_mal.o
LOAD Util/USB/memory.o
LOAD Util/USB/scsi_data.o
LOAD Util/USB/usb_bot.o
LOAD Util/USB/usb_desc.o
LOAD Util/USB/usb_endp.o
LOAD Util/USB/usb_istr.o
LOAD Util/USB/usb_prop.o
LOAD Util/USB/usb_pwr.o
LOAD Util/USB/usb_scsi.o
LOAD Util/fat_fs/option/cc932.o
LOAD Util/fat_fs/option/syscall.o
LOAD Util/fat_fs/src/fattime.o
LOAD Util/fat_fs/src/ff.o
LOAD Util/fat_fs/src/rtc.o
LOAD Util/fat_fs/src/sd_spi_stm32.o
LOAD Util/rprintf.o
LOAD Util/stm32_eval_spi_sd.o
LOAD adc.o
LOAD gpio.o
LOAD interrupts.o
LOAD lib/CMSIS_CM3/core_cm3.o
LOAD lib/CMSIS_CM3/startup/gcc/startup_stm32f10x_md.o
LOAD lib/CMSIS_CM3/system_stm32f10x.o
LOAD main.o
LOAD pwr.o
LOAD usart.o
LOAD lib/STM32F10x_StdPeriph_Driver/libstm32fw.a
LOAD lib/STM32_USB-FS-Device_Driver/libstm32usb.a
LOAD /home/laurence/CodeSourcery/Sourcery_G++_Lite/bin/../lib/gcc/arm-none-eabi/4.5.2/../../../../arm-none-eabi/lib/thumb2/libm.a
START GROUP
LOAD /home/laurence/CodeSourcery/Sourcery_G++_Lite/bin/../lib/gcc/arm-none-eabi/4.5.2/thumb2/libgcc.a
LOAD /home/laurence/CodeSourcery/Sourcery_G++_Lite/bin/../lib/gcc/arm-none-eabi/4.5.2/../../../../arm-none-eabi/lib/thumb2/libc.a
END GROUP
LOAD /home/laurence/CodeSourcery/Sourcery_G++_Lite/bin/../lib/gcc/arm-none-eabi/4.5.2/thumb2/crtend.o
LOAD /home/laurence/CodeSourcery/Sourcery_G++_Lite/bin/../lib/gcc/arm-none-eabi/4.5.2/thumb2/crtn.o
START GROUP
LOAD /home/laurence/CodeSourcery/Sourcery_G++_Lite/bin/../lib/gcc/arm-none-eabi/4.5.2/thumb2/libgcc.a
LOAD /home/laurence/CodeSourcery/Sourcery_G++_Lite/bin/../lib/gcc/arm-none-eabi/4.5.2/../../../../arm-none-eabi/lib/thumb2/libc.a
LOAD /home/laurence/CodeSourcery/Sourcery_G++_Lite/bin/../lib/gcc/arm-none-eabi/4.5.2/../../../../arm-none-eabi/lib/thumb2/libcs3.a
LOAD /home/laurence/CodeSourcery/Sourcery_G++_Lite/bin/../lib/gcc/arm-none-eabi/4.5.2/../../../../arm-none-eabi/lib/thumb2/libcs3unhosted.a
LOAD lib/libcs3-lanchon-stm32.a
END GROUP
                0x20005000                PROVIDE (__cs3_stack, (__cs3_region_start_ram + __cs3_region_size_ram))
                0x20000e08                PROVIDE (__cs3_heap_start, _end)
                0x20005000                PROVIDE (__cs3_heap_end, (__cs3_region_start_ram + __cs3_region_size_ram))

.text           0x08000000    0x10a80
 CREATE_OBJECT_SYMBOLS
                0x08000000                __cs3_region_start_rom = .
 *(.cs3.region-head.rom)
                0x08000000                __cs3_interrupt_vector = __cs3_interrupt_vector_lanchon_stm32
 *(.cs3.interrupt_vector)
 .cs3.interrupt_vector
                0x08000000       0xec lib/libcs3-lanchon-stm32.a(lanchon-stm32-vector.o)
                0x08000000                __cs3_interrupt_vector_lanchon_stm32
                0x08000001                ASSERT ((. != __cs3_interrupt_vector_lanchon_stm32), No interrupt vector)
 *(.rom)
 *(.rom.b)
                0x08009124                PROVIDE (__cs3_reset_lanchon_stm32, _start)
                0x08009124                __cs3_reset = __cs3_reset_lanchon_stm32
 *(.cs3.reset)
 *(.text .text.* .gnu.linkonce.t.*)
 .text          0x080000ec       0x30 /home/laurence/CodeSourcery/Sourcery_G++_Lite/bin/../lib/gcc/arm-none-eabi/4.5.2/thumb2/crtbegin.o
 *fill*         0x0800011c        0x4 00
 .text          0x08000120       0x98 Sensors/pressure.o
                0x08000120                conv_adc_diff
                0x08000164                calibrate_sensor
 .text          0x080001b8      0x124 Util/USB/hw_config.o
                0x080001dc                Set_USBClock
                0x080001f2                Enter_LowPowerMode
                0x08000200                Leave_LowPowerMode
                0x0800021c                USB_Interrupts_Config
                0x0800025c                Led_RW_ON
                0x0800026c                Led_RW_OFF
                0x0800027c                USB_Configured_LED
                0x0800028c                USB_NotConfigured_LED
                0x0800029c                USB_Cable_Config
                0x0800029e                Get_SerialNum
                0x080002d4                MAL_Config
                0x080002da                Set_System
 .text          0x080002dc       0xcc Util/USB/mass_mal.o
                0x080002dc                MAL_Init
                0x08000318                MAL_Write
                0x0800033c                MAL_Read
                0x08000360                MAL_GetStatus
 .text          0x080003a8      0x1b0 Util/USB/memory.o
                0x080003a8                Read_Memory
                0x08000470                Write_Memory
 .text          0x08000558      0x31c Util/USB/usb_bot.o
                0x08000558                Transfer_Data_Request
                0x08000588                Set_CSW
                0x080005c0                Mass_Storage_In
                0x08000610                Bot_Abort
                0x08000648                CBW_Decode
                0x0800081c                Mass_Storage_Out
 .text          0x08000874        0x8 Util/USB/usb_endp.o
                0x08000874                EP1_IN_Callback
                0x08000878                EP2_OUT_Callback
 .text          0x0800087c       0xd0 Util/USB/usb_istr.o
                0x0800087c                USB_Istr
 .text          0x0800094c      0x25c Util/USB/usb_prop.o
                0x0800094c                Mass_Storage_SetDeviceAddress
                0x08000958                MASS_Status_In
                0x0800095a                MASS_Status_Out
                0x0800095c                MASS_Get_Interface_Setting
                0x0800096c                Get_Max_Lun
                0x08000984                MASS_Data_Setup
                0x080009c4                MASS_GetStringDescriptor
                0x080009e4                MASS_GetConfigDescriptor
                0x080009f0                MASS_GetDeviceDescriptor
                0x080009fc                MASS_NoData_Setup
                0x08000a4c                Mass_Storage_SetConfiguration
                0x08000a7c                Mass_Storage_ClearFeature
                0x08000a98                MASS_Reset
                0x08000b84                MASS_init
 .text          0x08000ba8      0x15c Util/USB/usb_pwr.o
                0x08000ba8                PowerOn
                0x08000bd8                PowerOff
                0x08000bfc                Suspend
                0x08000c3c                Resume_Init
                0x08000c78                Resume
 .text          0x08000d04      0x398 Util/USB/usb_scsi.o
                0x08000d04                SCSI_Inquiry_Cmd
                0x08000d3c                SCSI_ModeSense6_Cmd
                0x08000d48                SCSI_ModeSense10_Cmd
                0x08000d54                SCSI_RequestSense_Cmd
                0x08000d6c                Set_Scsi_Sense_Data
                0x08000d78                SCSI_ReadCapacity10_Cmd
                0x08000de8                SCSI_ReadFormatCapacity_Cmd
                0x08000e50                SCSI_Start_Stop_Unit_Cmd
                0x08000e58                SCSI_Verify10_Cmd
                0x08000e90                SCSI_Valid_Cmd
                0x08000ebc                SCSI_TestUnitReady_Cmd
                0x08000ef0                SCSI_Format_Cmd
                0x08000f1c                SCSI_Invalid_Cmd
                0x08000f50                SCSI_Address_Management
                0x08000fc0                SCSI_Write10_Cmd
                0x08001030                SCSI_Read10_Cmd
 .text          0x0800109c       0x88 Util/fat_fs/option/cc932.o
                0x0800109c                ff_convert
                0x080010fc                ff_wtoupper
 .text          0x08001124       0x44 Util/fat_fs/src/fattime.o
                0x08001124                get_fattime
 .text          0x08001168     0x230c Util/fat_fs/src/ff.o
                0x080017da                clust2sect
                0x080017f4                get_fat
                0x08001952                put_fat
                0x080021a6                gen_numname
                0x08002400                f_mount
                0x08002420                f_open
                0x08002572                f_read
                0x080026ea                f_write
                0x080028a0                f_sync
                0x08002952                f_close
                0x08002960                f_lseek
                0x08002ac4                f_opendir
                0x08002b30                f_readdir
                0x08002b8e                f_stat
                0x08002bd2                f_getfree
                0x08002cc4                f_truncate
                0x08002d5c                f_unlink
                0x08002e10                f_mkdir
                0x08002fda                f_chmod
                0x08003032                f_utime
                0x0800308e                f_rename
                0x080031aa                f_gets
                0x080031f0                f_putc
                0x08003212                f_puts
                0x08003238                f_printf
 .text          0x08003474      0x2e0 Util/fat_fs/src/rtc.o
                0x08003558                rtc_gettime
                0x080035d0                my_RTC_SetCounter
                0x080035f2                rtc_settime
                0x080036bc                rtc_init
 .text          0x08003754      0x890 Util/fat_fs/src/sd_spi_stm32.o
                0x08003aba                disk_initialize
                0x08003bdc                disk_status
                0x08003bec                disk_read
                0x08003c78                disk_write
                0x08003d24                disk_ioctl
                0x08003fa8                disk_timerproc
 .text          0x08003fe4      0x568 Util/rprintf.o
                0x08003fe4                rprintfInit
                0x08003ff0                rprintfChar
                0x0800400c                rprintfStr
                0x08004022                rprintfStrLen
                0x08004056                rprintfCRLF
                0x0800405a                rprintfu04
                0x08004064                rprintfu08
                0x08004076                rprintfu16
                0x08004088                rprintfu32
                0x0800409a                rprintfNum
                0x08004140                rprintfFloat
                0x080041f8                Isdigit
                0x08004206                atoiRamRom
                0x0800422c                rStrLen
                0x0800423c                rprintf2RamRom
 .text          0x0800454c       0xa0 adc.o
                0x0800454c                ADC_Configuration
                0x080045bc                readADC1
 .text          0x080045ec      0x150 gpio.o
                0x080045ec                setup_gpio
                0x080046f0                switch_leds_on
                0x08004710                switch_leds_off
                0x08004730                get_wkup
 .text          0x0800473c      0x138 interrupts.o
                0x0800473c                EXTI_Config
                0x080047c0                SysTick_Configuration
                0x080047f4                EXTI0_IRQHandler
                0x08004868                SysTickHandler
                0x0800486c                USB_HP_CAN_TX_IRQHandler
                0x08004870                USB_LP_CAN_RX0_IRQHandler
 .text.Default_Handler
                0x08004874        0x2 lib/CMSIS_CM3/startup/gcc/startup_stm32f10x_md.o
                0x08004874                EXTI2_IRQHandler
                0x08004874                DebugMon_Handler
                0x08004874                TIM1_CC_IRQHandler
                0x08004874                HardFault_Handler
                0x08004874                SysTick_Handler
                0x08004874                PVD_IRQHandler
                0x08004874                PendSV_Handler
                0x08004874                NMI_Handler
                0x08004874                EXTI3_IRQHandler
                0x08004874                I2C2_EV_IRQHandler
                0x08004874                UsageFault_Handler
                0x08004874                ADC1_2_IRQHandler
                0x08004874                SPI1_IRQHandler
                0x08004874                TAMPER_IRQHandler
                0x08004874                DMA1_Channel4_IRQHandler
                0x08004874                USART3_IRQHandler
                0x08004874                RTC_IRQHandler
                0x08004874                DMA1_Channel7_IRQHandler
                0x08004874                CAN1_RX1_IRQHandler
                0x08004874                TIM4_IRQHandler
                0x08004874                I2C1_EV_IRQHandler
                0x08004874                DMA1_Channel6_IRQHandler
                0x08004874                TIM3_IRQHandler
                0x08004874                RCC_IRQHandler
                0x08004874                TIM1_TRG_COM_IRQHandler
                0x08004874                DMA1_Channel1_IRQHandler
                0x08004874                Default_Handler
                0x08004874                EXTI15_10_IRQHandler
                0x08004874                EXTI9_5_IRQHandler
                0x08004874                SPI2_IRQHandler
                0x08004874                MemManage_Handler
                0x08004874                SVC_Handler
                0x08004874                DMA1_Channel5_IRQHandler
                0x08004874                EXTI4_IRQHandler
                0x08004874                USB_LP_CAN1_RX0_IRQHandler
                0x08004874                USB_HP_CAN1_TX_IRQHandler
                0x08004874                DMA1_Channel3_IRQHandler
                0x08004874                TIM1_UP_IRQHandler
                0x08004874                WWDG_IRQHandler
                0x08004874                TIM2_IRQHandler
                0x08004874                TIM1_BRK_IRQHandler
                0x08004874                EXTI1_IRQHandler
                0x08004874                RTCAlarm_IRQHandler
                0x08004874                USART2_IRQHandler
                0x08004874                I2C2_ER_IRQHandler
                0x08004874                DMA1_Channel2_IRQHandler
                0x08004874                CAN1_SCE_IRQHandler
                0x08004874                FLASH_IRQHandler
                0x08004874                BusFault_Handler
                0x08004874                USART1_IRQHandler
                0x08004874                I2C1_ER_IRQHandler
                0x08004874                USBWakeUp_IRQHandler
 *fill*         0x08004876        0x2 00
 .text          0x08004878       0xf4 lib/CMSIS_CM3/system_stm32f10x.o
                0x08004878                SystemInit
 .text          0x0800496c      0x284 main.o
                0x0800496c                __str_print_char
                0x08004994                __fat_print_char
                0x080049b4                main
 .text          0x08004bf0       0x2a pwr.o
                0x08004bf0                setuppwr
                0x08004c04                shutdown
                0x08004c14                disable_pin
 *fill*         0x08004c1a        0x2 00
 .text          0x08004c1c       0xe0 usart.o
                0x08004c1c                Default_Usart_Config
                0x08004c36                Usarts_Init
                0x08004cc8                __usart_send_char
                0x08004ce4                Usart_Send_Str
 .text          0x08004cfc       0xb8 lib/STM32F10x_StdPeriph_Driver/libstm32fw.a(misc.o)
                0x08004cfc                NVIC_PriorityGroupConfig
                0x08004d10                NVIC_Init
                0x08004d70                NVIC_SetVectorTable
                0x08004d84                NVIC_SystemLPConfig
                0x08004d9c                SysTick_CLKSourceConfig
 .text          0x08004db4      0x380 lib/STM32F10x_StdPeriph_Driver/libstm32fw.a(stm32f10x_adc.o)
                0x08004db4                ADC_DeInit
                0x08004e10                ADC_Init
                0x08004e5c                ADC_StructInit
                0x08004e6e                ADC_Cmd
                0x08004e82                ADC_DMACmd
                0x08004e96                ADC_ITConfig
                0x08004eaa                ADC_ResetCalibration
                0x08004eb4                ADC_GetResetCalibrationStatus
                0x08004ebc                ADC_StartCalibration
                0x08004ec6                ADC_GetCalibrationStatus
                0x08004ece                ADC_SoftwareStartConvCmd
                0x08004ee2                ADC_GetSoftwareStartConvStatus
                0x08004eea                ADC_DiscModeChannelCountConfig
                0x08004efa                ADC_DiscModeCmd
                0x08004f0e                ADC_RegularChannelConfig
                0x08004f9c                ADC_ExternalTrigConvCmd
                0x08004fb0                ADC_GetConversionValue
                0x08004fb6                ADC_GetDualModeConversionValue
                0x08004fc0                ADC_AutoInjectedConvCmd
                0x08004fd4                ADC_InjectedDiscModeCmd
                0x08004fe8                ADC_ExternalTrigInjectedConvConfig
                0x08004ff6                ADC_ExternalTrigInjectedConvCmd
                0x0800500a                ADC_SoftwareStartInjectedConvCmd
                0x0800501e                ADC_GetSoftwareStartInjectedConvCmdStatus
                0x08005026                ADC_InjectedChannelConfig
                0x08005082                ADC_InjectedSequencerLengthConfig
                0x08005092                ADC_SetInjectedOffset
                0x080050a8                ADC_GetInjectedConversionValue
                0x080050c2                ADC_AnalogWatchdogCmd
                0x080050d4                ADC_AnalogWatchdogThresholdsConfig
                0x080050da                ADC_AnalogWatchdogSingleChannelConfig
                0x080050e8                ADC_TempSensorVrefintCmd
                0x08005104                ADC_GetFlagStatus
                0x08005110                ADC_ClearFlag
                0x08005116                ADC_GetITStatus
                0x0800512c                ADC_ClearITPendingBit
 .text          0x08005134       0xe0 lib/STM32F10x_StdPeriph_Driver/libstm32fw.a(stm32f10x_bkp.o)
                0x08005134                BKP_DeInit
                0x08005146                BKP_TamperPinLevelConfig
                0x08005150                BKP_TamperPinCmd
                0x0800515c                BKP_ITConfig
                0x08005168                BKP_RTCOutputConfig
                0x08005180                BKP_SetRTCCalibrationValue
                0x08005198                BKP_WriteBackupRegister
                0x080051b4                BKP_ReadBackupRegister
                0x080051d4                BKP_GetFlagStatus
                0x080051e0                BKP_ClearFlag
                0x080051f4                BKP_GetITStatus
                0x08005200                BKP_ClearITPendingBit
 .text          0x08005214      0x1f0 lib/STM32F10x_StdPeriph_Driver/libstm32fw.a(stm32f10x_dma.o)
                0x08005214                DMA_DeInit
                0x08005310                DMA_Init
                0x08005350                DMA_StructInit
                0x0800536a                DMA_Cmd
                0x0800537e                DMA_ITConfig
                0x08005390                DMA_GetCurrDataCounter
                0x08005396                DMA_GetFlagStatus
                0x080053b4                DMA_ClearFlag
                0x080053cc                DMA_GetITStatus
                0x080053ec                DMA_ClearITPendingBit
 .text          0x08005404      0x108 lib/STM32F10x_StdPeriph_Driver/libstm32fw.a(stm32f10x_exti.o)
                0x08005404                EXTI_DeInit
                0x08005420                EXTI_Init
                0x080054a4                EXTI_StructInit
                0x080054b2                EXTI_GenerateSWInterrupt
                0x080054c4                EXTI_GetFlagStatus
                0x080054d8                EXTI_ClearFlag
                0x080054e4                EXTI_GetITStatus
                0x08005500                EXTI_ClearITPendingBit
 .text          0x0800550c      0x278 lib/STM32F10x_StdPeriph_Driver/libstm32fw.a(stm32f10x_gpio.o)
                0x0800550c                GPIO_DeInit
                0x080055b8                GPIO_AFIODeInit
                0x080055ce                GPIO_Init
                0x08005666                GPIO_StructInit
                0x08005676                GPIO_ReadInputDataBit
                0x08005682                GPIO_ReadInputData
                0x08005688                GPIO_ReadOutputDataBit
                0x08005694                GPIO_ReadOutputData
                0x0800569a                GPIO_SetBits
                0x0800569e                GPIO_ResetBits
                0x080056a2                GPIO_WriteBit
                0x080056ac                GPIO_Write
                0x080056b0                GPIO_PinLockConfig
                0x080056c0                GPIO_EventOutputConfig
                0x080056e0                GPIO_EventOutputCmd
                0x080056ec                GPIO_PinRemapConfig
                0x08005744                GPIO_EXTILineConfig
                0x08005778                GPIO_ETH_MediaInterfaceConfig
 .text          0x08005784       0xcc lib/STM32F10x_StdPeriph_Driver/libstm32fw.a(stm32f10x_pwr.o)
                0x08005788                PWR_DeInit
                0x080057a2                PWR_BackupAccessCmd
                0x080057ac                PWR_PVDCmd
                0x080057b8                PWR_PVDLevelConfig
                0x080057cc                PWR_WakeUpPinCmd
                0x080057d8                PWR_EnterSTOPMode
                0x08005804                PWR_EnterSTANDBYMode
                0x0800582c                PWR_GetFlagStatus
                0x08005840                PWR_ClearFlag
 .text          0x08005850      0x360 lib/STM32F10x_StdPeriph_Driver/libstm32fw.a(stm32f10x_rcc.o)
                0x08005850                RCC_DeInit
                0x08005890                RCC_HSEConfig
                0x080058c8                RCC_AdjustHSICalibrationValue
                0x080058dc                RCC_HSICmd
                0x080058e8                RCC_PLLConfig
                0x08005900                RCC_PLLCmd
                0x0800590c                RCC_SYSCLKConfig
                0x08005920                RCC_GetSYSCLKSource
                0x08005930                RCC_HCLKConfig
                0x08005944                RCC_PCLK1Config
                0x08005958                RCC_PCLK2Config
                0x0800596c                RCC_ITConfig
                0x08005984                RCC_USBCLKConfig
                0x08005990                RCC_ADCCLKConfig
                0x080059a4                RCC_LSEConfig
                0x080059c4                RCC_LSICmd
                0x080059d0                RCC_RTCCLKConfig
                0x080059e0                RCC_RTCCLKCmd
                0x080059ec                RCC_GetClocksFreq
                0x08005a90                RCC_AHBPeriphClockCmd
                0x08005aa8                RCC_APB2PeriphClockCmd
                0x08005ac0                RCC_APB1PeriphClockCmd
                0x08005ad8                RCC_APB2PeriphResetCmd
                0x08005af0                RCC_APB1PeriphResetCmd
                0x08005b08                RCC_BackupResetCmd
                0x08005b14                RCC_ClockSecuritySystemCmd
                0x08005b20                RCC_MCOConfig
                0x08005b2c                RCC_GetFlagStatus
                0x08005b54                RCC_WaitForHSEStartUp
                0x08005b80                RCC_ClearFlag
                0x08005b90                RCC_GetITStatus
                0x08005ba4                RCC_ClearITPendingBit
 .text          0x08005bb0      0x158 lib/STM32F10x_StdPeriph_Driver/libstm32fw.a(stm32f10x_rtc.o)
                0x08005bb0                RTC_ITConfig
                0x08005bcc                RTC_EnterConfigMode
                0x08005be0                RTC_ExitConfigMode
                0x08005bf4                RTC_GetCounter
                0x08005c08                RTC_SetCounter
                0x08005c24                RTC_SetPrescaler
                0x08005c44                RTC_SetAlarm
                0x08005c60                RTC_GetDivider
                0x08005c78                RTC_WaitForLastTask
                0x08005c88                RTC_WaitForSynchro
                0x08005ca8                RTC_GetFlagStatus
                0x08005cbc                RTC_ClearFlag
                0x08005cd0                RTC_GetITStatus
                0x08005cf4                RTC_ClearITPendingBit
 .text          0x08005d08      0x2d4 lib/STM32F10x_StdPeriph_Driver/libstm32fw.a(stm32f10x_spi.o)
                0x08005d08                SPI_I2S_DeInit
                0x08005d6c                SPI_Init
                0x08005dac                I2S_Init
                0x08005e4c                SPI_StructInit
                0x08005e64                I2S_StructInit
                0x08005e76                SPI_Cmd
                0x08005e90                I2S_Cmd
                0x08005eaa                SPI_I2S_ITConfig
                0x08005ec8                SPI_I2S_DMACmd
                0x08005ede                SPI_I2S_SendData
                0x08005ee2                SPI_I2S_ReceiveData
                0x08005ee8                SPI_NSSInternalSoftwareConfig
                0x08005f08                SPI_SSOutputCmd
                0x08005f22                SPI_DataSizeConfig
                0x08005f3a                SPI_TransmitCRC
                0x08005f46                SPI_CalculateCRC
                0x08005f60                SPI_GetCRC
                0x08005f70                SPI_GetCRCPolynomial
                0x08005f76                SPI_BiDirectionalLineConfig
                0x08005f94                SPI_I2S_GetFlagStatus
                0x08005fa0                SPI_I2S_ClearFlag
                0x08005fa6                SPI_I2S_GetITStatus
                0x08005fcc                SPI_I2S_ClearITPendingBit
 .text          0x08005fdc      0x374 lib/STM32F10x_StdPeriph_Driver/libstm32fw.a(stm32f10x_usart.o)
                0x08005fdc                USART_DeInit
                0x08006074                USART_Init
                0x08006104                USART_StructInit
                0x0800611a                USART_ClockInit
                0x08006140                USART_ClockStructInit
                0x0800614c                USART_Cmd
                0x08006166                USART_ITConfig
                0x0800619c                USART_DMACmd
                0x080061b2                USART_SetAddress
                0x080061ca                USART_WakeUpConfig
                0x080061e2                USART_ReceiverWakeUpCmd
                0x080061fc                USART_LINBreakDetectLengthConfig
                0x08006214                USART_LINCmd
                0x0800622e                USART_SendData
                0x08006236                USART_ReceiveData
                0x0800623e                USART_SendBreak
                0x0800624a                USART_SetGuardTime
                0x0800625c                USART_SetPrescaler
                0x08006270                USART_SmartCardCmd
                0x0800628a                USART_SmartCardNACKCmd
                0x080062a4                USART_HalfDuplexCmd
                0x080062be                USART_IrDAConfig
                0x080062d6                USART_IrDACmd
                0x080062f0                USART_GetFlagStatus
                0x080062fc                USART_ClearFlag
                0x08006302                USART_GetITStatus
                0x08006342                USART_ClearITPendingBit
 .text          0x08006350      0xa54 lib/STM32_USB-FS-Device_Driver/libstm32usb.a(usb_core.o)
                0x08006350                Standard_GetConfiguration
                0x08006378                Standard_GetInterface
                0x080063a0                Standard_GetStatus
                0x08006514                Standard_SetConfiguration
                0x08006550                Standard_SetInterface
                0x080065a0                Standard_ClearFeature
                0x0800669c                Standard_SetEndPointFeature
                0x08006750                Standard_SetDeviceFeature
                0x08006774                Standard_GetDescriptorData
                0x08006790                Post0_Process
                0x080067d8                Out0_Process
                0x080068b4                Setup0_Process
                0x08006c84                SetDeviceAddress
                0x08006d40                In0_Process
                0x08006da0                NOP_Process
 .text          0x08006da4       0x38 lib/STM32_USB-FS-Device_Driver/libstm32usb.a(usb_init.o)
                0x08006da4                USB_Init
 .text          0x08006ddc      0x25c lib/STM32_USB-FS-Device_Driver/libstm32usb.a(usb_int.o)
                0x08006ddc                CTR_LP
                0x08006fa4                CTR_HP
 .text          0x08007038       0xb8 lib/STM32_USB-FS-Device_Driver/libstm32usb.a(usb_mem.o)
                0x08007038                UserToPMABufferCopy
                0x080070a0                PMAToUserBufferCopy
 .text          0x080070f0      0x880 lib/STM32_USB-FS-Device_Driver/libstm32usb.a(usb_regs.o)
                0x080070f0                SetCNTR
                0x080070fc                GetCNTR
                0x08007108                SetISTR
                0x08007114                GetISTR
                0x08007120                GetFNR
                0x0800712c                SetDADDR
                0x08007138                GetDADDR
                0x08007144                SetBTABLE
                0x08007158                GetBTABLE
                0x08007164                SetENDPOINT
                0x08007174                GetENDPOINT
                0x08007184                SetEPType
                0x080071a0                GetEPType
                0x080071b4                SetEPTxStatus
                0x080071f4                SetEPRxStatus
                0x08007234                SetDouBleBuffEPStall
                0x0800725c                GetEPTxStatus
                0x08007270                GetEPRxStatus
                0x08007284                SetEPTxValid
                0x080072a8                SetEPRxValid
                0x080072cc                SetEP_KIND
                0x080072ec                ClearEP_KIND
                0x0800730c                Clear_Status_Out
                0x0800732c                Set_Status_Out
                0x0800734c                SetEPDoubleBuff
                0x0800736c                ClearEPDoubleBuff
                0x0800738c                GetTxStallStatus
                0x080073ac                GetRxStallStatus
                0x080073cc                ClearEP_CTR_RX
                0x080073e4                ClearEP_CTR_TX
                0x080073fc                ToggleDTOG_RX
                0x0800741c                ToggleDTOG_TX
                0x0800743c                ClearDTOG_RX
                0x08007464                ClearDTOG_TX
                0x0800748c                SetEPAddress
                0x080074b0                GetEPAddress
                0x080074c4                SetEPTxAddr
                0x080074e8                SetEPRxAddr
                0x08007510                GetEPTxAddr
                0x08007530                GetEPRxAddr
                0x08007550                SetEPTxCount
                0x08007570                SetEPCountRxReg
                0x0800759c                SetEPRxCount
                0x080075e4                GetEPTxCount
                0x08007608                GetEPRxCount
                0x0800762c                SetEPDblBuffAddr
                0x08007674                SetEPDblBuf0Addr
                0x08007698                SetEPDblBuf1Addr
                0x080076c0                GetEPDblBuf0Addr
                0x080076e0                GetEPDblBuf1Addr
                0x08007700                SetEPDblBuffCount
                0x080077ac                SetEPDblBuf0Count
                0x08007814                SetEPDblBuf1Count
                0x0800787c                GetEPDblBuf0Count
                0x080078a0                GetEPDblBuf1Count
                0x080078c4                GetEPDblBufDir
                0x0800790c                FreeUserBuffer
                0x0800795c                ToWord
                0x08007964                ByteSwap
 .text          0x08007970       0x6c lib/STM32_USB-FS-Device_Driver/libstm32usb.a(usb_sil.o)
                0x08007970                USB_SIL_Init
                0x08007990                USB_SIL_Write
                0x080079b8                USB_SIL_Read
 .text          0x080079dc      0x370 /home/laurence/CodeSourcery/Sourcery_G++_Lite/bin/../lib/gcc/arm-none-eabi/4.5.2/thumb2/libgcc.a(_arm_addsubdf3.o)
                0x080079dc                __aeabi_drsub
                0x080079e4                __aeabi_dsub
                0x080079e4                __subdf3
                0x080079e8                __adddf3
                0x080079e8                __aeabi_dadd
                0x08007c60                __aeabi_ui2d
                0x08007c60                __floatunsidf
                0x08007c80                __floatsidf
                0x08007c80                __aeabi_i2d
                0x08007ca4                __extendsfdf2
                0x08007ca4                __aeabi_f2d
                0x08007ce0                __aeabi_ul2d
                0x08007ce0                __floatundidf
                0x08007cf0                __floatdidf
                0x08007cf0                __aeabi_l2d
 .text          0x08007d4c      0x424 /home/laurence/CodeSourcery/Sourcery_G++_Lite/bin/../lib/gcc/arm-none-eabi/4.5.2/thumb2/libgcc.a(_arm_muldivdf3.o)
                0x08007d4c                __aeabi_dmul
                0x08007d4c                __muldf3
                0x08007fa0                __aeabi_ddiv
                0x08007fa0                __divdf3
 .text          0x08008170       0xa0 /home/laurence/CodeSourcery/Sourcery_G++_Lite/bin/../lib/gcc/arm-none-eabi/4.5.2/thumb2/libgcc.a(_arm_truncdfsf2.o)
                0x08008170                __aeabi_d2f
                0x08008170                __truncdfsf2
 .text          0x08008210      0x21c /home/laurence/CodeSourcery/Sourcery_G++_Lite/bin/../lib/gcc/arm-none-eabi/4.5.2/thumb2/libgcc.a(_arm_addsubsf3.o)
                0x08008210                __aeabi_frsub
                0x08008218                __subsf3
                0x08008218                __aeabi_fsub
                0x0800821c                __aeabi_fadd
                0x0800821c                __addsf3
                0x0800837c                __aeabi_ui2f
                0x0800837c                __floatunsisf
                0x08008384                __aeabi_i2f
                0x08008384                __floatsisf
                0x080083a0                __floatundisf
                0x080083a0                __aeabi_ul2f
                0x080083b0                __floatdisf
                0x080083b0                __aeabi_l2f
 .text          0x0800842c      0x2a0 /home/laurence/CodeSourcery/Sourcery_G++_Lite/bin/../lib/gcc/arm-none-eabi/4.5.2/thumb2/libgcc.a(_arm_muldivsf3.o)
                0x0800842c                __mulsf3
                0x0800842c                __aeabi_fmul
                0x08008594                __divsf3
                0x08008594                __aeabi_fdiv
 .text          0x080086cc       0xec /home/laurence/CodeSourcery/Sourcery_G++_Lite/bin/../lib/gcc/arm-none-eabi/4.5.2/thumb2/libgcc.a(_arm_cmpsf2.o)
                0x080086cc                __gtsf2
                0x080086cc                __gesf2
                0x080086d4                __lesf2
                0x080086d4                __ltsf2
                0x080086dc                __nesf2
                0x080086dc                __eqsf2
                0x080086dc                __cmpsf2
                0x0800873c                __aeabi_cfrcmple
                0x08008744                __aeabi_cfcmple
                0x08008744                __aeabi_cfcmpeq
                0x08008754                __aeabi_fcmpeq
                0x08008768                __aeabi_fcmplt
                0x0800877c                __aeabi_fcmple
                0x08008790                __aeabi_fcmpge
                0x080087a4                __aeabi_fcmpgt
 .text          0x080087b8       0x40 /home/laurence/CodeSourcery/Sourcery_G++_Lite/bin/../lib/gcc/arm-none-eabi/4.5.2/thumb2/libgcc.a(_arm_fixunssfsi.o)
                0x080087b8                __aeabi_f2uiz
                0x080087b8                __fixunssfsi
 .text          0x080087f8       0x20 /home/laurence/CodeSourcery/Sourcery_G++_Lite/bin/../lib/gcc/arm-none-eabi/4.5.2/../../../../arm-none-eabi/lib/thumb2/libc.a(lib_a-malloc.o)
                0x080087f8                malloc
                0x08008808                free
 .text          0x08008818      0x57c /home/laurence/CodeSourcery/Sourcery_G++_Lite/bin/../lib/gcc/arm-none-eabi/4.5.2/../../../../arm-none-eabi/lib/thumb2/libc.a(lib_a-mallocr.o)
                0x08008818                _malloc_r
 .text          0x08008d94        0x8 /home/laurence/CodeSourcery/Sourcery_G++_Lite/bin/../lib/gcc/arm-none-eabi/4.5.2/../../../../arm-none-eabi/lib/thumb2/libc.a(lib_a-mlock.o)
                0x08008d94                __malloc_lock
                0x08008d98                __malloc_unlock
 .text          0x08008d9c       0x28 /home/laurence/CodeSourcery/Sourcery_G++_Lite/bin/../lib/gcc/arm-none-eabi/4.5.2/../../../../arm-none-eabi/lib/thumb2/libc.a(lib_a-sbrkr.o)
                0x08008d9c                _sbrk_r
 .text          0x08008dc4       0x60 /home/laurence/CodeSourcery/Sourcery_G++_Lite/bin/../lib/gcc/arm-none-eabi/4.5.2/../../../../arm-none-eabi/lib/thumb2/libc.a(lib_a-strlen.o)
                0x08008dc4                strlen
 .text          0x08008e24      0x240 /home/laurence/CodeSourcery/Sourcery_G++_Lite/bin/../lib/gcc/arm-none-eabi/4.5.2/../../../../arm-none-eabi/lib/thumb2/libc.a(lib_a-freer.o)
                0x08008e24                _malloc_trim_r
                0x08008ecc                _free_r
 .text          0x08009064       0x30 /home/laurence/CodeSourcery/Sourcery_G++_Lite/bin/../lib/gcc/arm-none-eabi/4.5.2/../../../../arm-none-eabi/lib/thumb2/libcs3.a(start_c.o)
                0x08009064                __cs3_premain
 .text.cs3.init
                0x08009094       0x50 /home/laurence/CodeSourcery/Sourcery_G++_Lite/bin/../lib/gcc/arm-none-eabi/4.5.2/../../../../arm-none-eabi/lib/thumb2/libcs3.a(start_c.o)
                0x08009094                __cs3_start_c
 .text          0x080090e4       0x40 /home/laurence/CodeSourcery/Sourcery_G++_Lite/bin/../lib/gcc/arm-none-eabi/4.5.2/../../../../arm-none-eabi/lib/thumb2/libcs3unhosted.a(unhosted-sbrk.o)
                0x080090e4                _sbrk
 .text.cs3.init
                0x08009124       0x10 /home/laurence/CodeSourcery/Sourcery_G++_Lite/bin/../lib/gcc/arm-none-eabi/4.5.2/../../../../arm-none-eabi/lib/thumb2/libcs3unhosted.a(unhosted-start.o)
                0x08009124                _start
 .text          0x08009134        0x2 lib/libcs3-lanchon-stm32.a(lanchon_stm32_isr_interrupt.o)
                0x08009134                MemManageException
                0x08009134                BusFaultException
                0x08009134                DMAChannel7_IRQHandler
                0x08009134                DebugMonitor
                0x08009134                SVCHandler
                0x08009134                HardFaultException
                0x08009134                __STM32ReservedException8
                0x08009134                __STM32DefaultExceptionHandler
                0x08009134                DMAChannel1_IRQHandler
                0x08009134                CAN_SCE_IRQHandler
                0x08009134                __STM32ReservedException10
                0x08009134                __STM32ReservedException13
                0x08009134                NMIException
                0x08009134                DMAChannel4_IRQHandler
                0x08009134                PendSVC
                0x08009134                CAN_RX1_IRQHandler
                0x08009134                ADC_IRQHandler
                0x08009134                DMAChannel5_IRQHandler
                0x08009134                DMAChannel2_IRQHandler
                0x08009134                __STM32ReservedException7
                0x08009134                UsageFaultException
                0x08009134                DMAChannel6_IRQHandler
                0x08009134                DMAChannel3_IRQHandler
                0x08009134                __STM32ReservedException9
 *fill*         0x08009136        0x2 00
 .text          0x08009138        0xc /home/laurence/CodeSourcery/Sourcery_G++_Lite/bin/../lib/gcc/arm-none-eabi/4.5.2/../../../../arm-none-eabi/lib/thumb2/libc.a(lib_a-errno.o)
                0x08009138                __errno
 .text          0x08009144       0x50 /home/laurence/CodeSourcery/Sourcery_G++_Lite/bin/../lib/gcc/arm-none-eabi/4.5.2/../../../../arm-none-eabi/lib/thumb2/libc.a(lib_a-init.o)
                0x08009144                __libc_init_array
 *(.plt)
 *(.gnu.warning)
 *(.glue_7t)
 .glue_7t       0x00000000        0x0 linker stubs
 *(.glue_7)
 .glue_7        0x00000000        0x0 linker stubs
 *(.vfp11_veneer)
 .vfp11_veneer  0x00000000        0x0 linker stubs
 *(.rodata .rodata.* .gnu.linkonce.r.*)
 .rodata        0x08009194       0x92 Util/USB/usb_desc.o
                0x08009194                MASS_DeviceDescriptor
                0x080091a6                MASS_ConfigDescriptor
                0x080091c6                MASS_StringLangID
                0x080091ca                MASS_StringVendor
                0x080091f0                MASS_StringProduct
                0x08009216                MASS_StringInterface
 .rodata        0x08009226     0x7738 Util/fat_fs/option/cc932.o
 .rodata        0x0801095e        0xd Util/fat_fs/src/ff.o
 .rodata.str1.1
                0x0801096b       0x10 Util/fat_fs/src/ff.o
 .rodata        0x0801097b        0xc Util/fat_fs/src/rtc.o
 .rodata        0x08010987       0x11 Util/rprintf.o
 .rodata.str1.1
                0x08010998        0x6 Util/rprintf.o
 .rodata.str1.1
                0x0801099e       0xa7 main.o
 *fill*         0x08010a45        0x3 00
 .rodata.str1.4
                0x08010a48        0x4 /home/laurence/CodeSourcery/Sourcery_G++_Lite/bin/../lib/gcc/arm-none-eabi/4.5.2/../../../../arm-none-eabi/lib/thumb2/libc.a(lib_a-impure.o)
 *(.ARM.extab* .gnu.linkonce.armextab.*)
 *(.gcc_except_table)
 *(.eh_frame_hdr)
 *(.eh_frame)
                0x08010a4c                . = ALIGN (0x4)
 *(.init)
 .init          0x08010a4c        0x4 /home/laurence/CodeSourcery/Sourcery_G++_Lite/bin/../lib/gcc/arm-none-eabi/4.5.2/thumb2/crti.o
                0x08010a4c                _init
 .init          0x08010a50        0x8 /home/laurence/CodeSourcery/Sourcery_G++_Lite/bin/../lib/gcc/arm-none-eabi/4.5.2/thumb2/crtn.o
                0x08010a58                . = ALIGN (0x4)
                0x08010a58                __preinit_array_start = .
 *(.preinit_array)
                0x08010a58                __preinit_array_end = .
                0x08010a58                . = ALIGN (0x4)
                0x08010a58                __init_array_start = .
 *(SORT(.init_array.*))
 *(.init_array)
 .init_array    0x08010a58        0x4 /home/laurence/CodeSourcery/Sourcery_G++_Lite/bin/../lib/gcc/arm-none-eabi/4.5.2/thumb2/crtbegin.o
                0x08010a5c                __init_array_end = .
                0x08010a5c                . = ALIGN (0x4)
 *crtbegin.o(.ctors)
 *(EXCLUDE_FILE(*crtend.o) .ctors)
 *(SORT(.ctors.*))
 *crtend.o(.ctors)
                0x08010a5c                . = ALIGN (0x4)
 *(.fini)
 .fini          0x08010a5c        0x4 /home/laurence/CodeSourcery/Sourcery_G++_Lite/bin/../lib/gcc/arm-none-eabi/4.5.2/thumb2/crti.o
                0x08010a5c                _fini
 .fini          0x08010a60        0x8 /home/laurence/CodeSourcery/Sourcery_G++_Lite/bin/../lib/gcc/arm-none-eabi/4.5.2/thumb2/crtn.o
                0x08010a68                . = ALIGN (0x4)
                0x08010a68                __fini_array_start = .
 *(.fini_array)
 .fini_array    0x08010a68        0x4 /home/laurence/CodeSourcery/Sourcery_G++_Lite/bin/../lib/gcc/arm-none-eabi/4.5.2/thumb2/crtbegin.o
 *(SORT(.fini_array.*))
                0x08010a6c                __fini_array_end = .
 *crtbegin.o(.dtors)
 *(EXCLUDE_FILE(*crtend.o) .dtors)
 *(SORT(.dtors.*))
 *crtend.o(.dtors)
                0x08010a6c                . = ALIGN (0x4)
                0x08010a6c                __cs3_regions = .
                0x08010a6c        0x4 LONG 0x0
                0x08010a70        0x4 LONG 0x8010a80 __cs3_region_init_ram
                0x08010a74        0x4 LONG 0x20000000 __cs3_region_start_ram
                0x08010a78        0x4 LONG 0x680 __cs3_region_init_size_ram
                0x08010a7c        0x4 LONG 0x788 __cs3_region_zero_size_ram
                0x08010a80                __exidx_start = .

.v4_bx          0x08010a80        0x0
 .v4_bx         0x00000000        0x0 linker stubs

.ARM.exidx
 *(.ARM.exidx* .gnu.linkonce.armexidx.*)
                0x08010a80                __exidx_end = .

.text.align     0x08010a80        0x0
                0x08010a80                . = ALIGN (0x8)
                0x08010a80                _etext = .
                0x08020000                __cs3_region_end_rom = (__cs3_region_start_rom + 0x20000)
                0x00020000                __cs3_region_size_rom = 0x20000
                0x00000001                __cs3_region_num = 0x1

.data           0x20000000      0x680 load address 0x08010a80
                0x20000000                __cs3_region_start_ram = .
 *(.cs3.region-head.ram)
 *(.jcr)
 .jcr           0x20000000        0x0 /home/laurence/CodeSourcery/Sourcery_G++_Lite/bin/../lib/gcc/arm-none-eabi/4.5.2/thumb2/crtbegin.o
 .jcr           0x20000000        0x4 /home/laurence/CodeSourcery/Sourcery_G++_Lite/bin/../lib/gcc/arm-none-eabi/4.5.2/thumb2/crtend.o
 *(.got.plt)
 *(.got)
 *(.shdata)
 *(.data .data.* .gnu.linkonce.d.*)
 .data          0x20000004       0x72 Util/USB/scsi_data.o
                0x20000004                Standard_Inquiry_Data
                0x20000028                Standard_Inquiry_Data2
                0x2000004c                Mode_Sense6_data
                0x20000050                Mode_Sense10_data
                0x20000058                Scsi_Sense_Data
                0x2000006a                ReadFormatCapacity_Data
 .data          0x20000076       0x1a Util/USB/usb_desc.o
                0x20000076                MASS_StringSerial
 .data          0x20000090       0x38 Util/USB/usb_istr.o
                0x20000090                pEpInt_IN
                0x200000ac                pEpInt_OUT
 .data          0x200000c8       0x90 Util/USB/usb_prop.o
                0x200000c8                String_Descriptor
                0x200000f0                Config_Descriptor
                0x200000f8                Device_Descriptor
                0x20000100                Device_Property
                0x20000130                Device_Table
                0x20000134                User_Standard_Requests
 .data          0x20000158        0x1 Util/USB/usb_pwr.o
                0x20000158                fSuspendEnabled
 .data          0x20000159        0x1 Util/fat_fs/src/sd_spi_stm32.o
 .data          0x2000015a       0x14 lib/STM32F10x_StdPeriph_Driver/libstm32fw.a(stm32f10x_rcc.o)
 *fill*         0x2000016e        0x2 00
 .data          0x20000170      0x410 /home/laurence/CodeSourcery/Sourcery_G++_Lite/bin/../lib/gcc/arm-none-eabi/4.5.2/../../../../arm-none-eabi/lib/thumb2/libc.a(lib_a-mallocr.o)
                0x20000170                __malloc_av_
                0x20000578                __malloc_sbrk_base
                0x2000057c                __malloc_trim_threshold
 .data          0x20000580       0xf4 /home/laurence/CodeSourcery/Sourcery_G++_Lite/bin/../lib/gcc/arm-none-eabi/4.5.2/../../../../arm-none-eabi/lib/thumb2/libc.a(lib_a-impure.o)
                0x20000580                _impure_ptr
 .data          0x20000674        0x4 /home/laurence/CodeSourcery/Sourcery_G++_Lite/bin/../lib/gcc/arm-none-eabi/4.5.2/../../../../arm-none-eabi/lib/thumb2/libcs3unhosted.a(unhosted-sbrk.o)
 .data          0x20000678        0x4 /home/laurence/CodeSourcery/Sourcery_G++_Lite/bin/../lib/gcc/arm-none-eabi/4.5.2/../../../../arm-none-eabi/lib/thumb2/libcs3.a(heap.o)
                0x20000678                __cs3_heap_limit
 *(.ram)
                0x20000680                . = ALIGN (0x8)
 *fill*         0x2000067c        0x4 00
                0x20000680                _edata = .

.bss            0x20000680      0x788 load address 0x08011100
 *(.shbss)
 *(.bss .bss.* .gnu.linkonce.b.*)
 .bss           0x20000680        0x1 /home/laurence/CodeSourcery/Sourcery_G++_Lite/bin/../lib/gcc/arm-none-eabi/4.5.2/thumb2/crtbegin.o
 *fill*         0x20000681        0x3 00
 .bss           0x20000684        0x4 Sensors/pressure.o
 .bss           0x20000688       0x20 Util/USB/mass_mal.o
                0x20000688                Status
                0x2000068c                Data_Buffer
                0x20000690                Mass_Block_Count
                0x20000698                Mass_Block_Size
                0x200006a0                Mass_Memory_Size
 .bss           0x200006a8       0x24 Util/USB/memory.o
                0x200006a8                TransferState
                0x200006b4                Block_Read_count
                0x200006b8                Block_offset
                0x200006bc                Counter
                0x200006c8                Idx
 .bss           0x200006cc        0xd Util/USB/scsi_data.o
                0x200006cc                Page00_Inquiry_Data
                0x200006d1                ReadCapacity10_Data
 *fill*         0x200006d9        0x3 00
 .bss           0x200006dc       0x80 Util/USB/usb_bot.o
                0x200006dc                Bot_State
                0x200006e0                CSW
                0x200006f0                CBW
                0x20000710                SCSI_LBA
                0x20000714                SCSI_BlkLen
                0x20000718                Data_Len
                0x2000071a                Bulk_Data_Buff
 .bss           0x2000075c        0x4 Util/USB/usb_istr.o
                0x2000075c                wIstr
                0x2000075e                bIntPackSOF
 .bss           0x20000760        0x4 Util/USB/usb_prop.o
                0x20000760                Max_Lun
 .bss           0x20000764        0x8 Util/USB/usb_pwr.o
                0x20000764                ResumeS
                0x20000768                bDeviceState
 .bss           0x2000076c        0x8 Util/fat_fs/src/ff.o
 .bss           0x20000774       0x10 Util/fat_fs/src/sd_spi_stm32.o
 .bss           0x20000784       0x84 Util/rprintf.o
 .bss           0x20000808        0x1 gpio.o
                0x20000808                bootsource
 *fill*         0x20000809        0x3 00
 .bss           0x2000080c      0x580 main.o
                0x2000080c                print_string
                0x2000090c                FATFS_logfile
                0x20000b30                a
                0x20000d64                f_err_code
                0x20000d68                FATFS_info
                0x20000d88                file_opened
 .bss           0x20000d8c        0x1 lib/STM32_USB-FS-Device_Driver/libstm32usb.a(usb_core.o)
                0x20000d8c                Data_Mul_MaxPacketSize
 *fill*         0x20000d8d        0x3 00
 .bss           0x20000d90       0x34 /home/laurence/CodeSourcery/Sourcery_G++_Lite/bin/../lib/gcc/arm-none-eabi/4.5.2/../../../../arm-none-eabi/lib/thumb2/libc.a(lib_a-mallocr.o)
                0x20000d90                __malloc_top_pad
                0x20000d94                __malloc_current_mallinfo
                0x20000dbc                __malloc_max_sbrked_mem
                0x20000dc0                __malloc_max_total_mem
 *(COMMON)
 COMMON         0x20000dc4        0x2 lib/STM32_USB-FS-Device_Driver/libstm32usb.a(usb_core.o)
                0x20000dc4                StatusInfo
 *fill*         0x20000dc6        0x2 00
 COMMON         0x20000dc8       0x32 lib/STM32_USB-FS-Device_Driver/libstm32usb.a(usb_init.o)
                0x20000dc8                SaveState
                0x20000dcc                pProperty
                0x20000dd0                EPindex
                0x20000dd4                Device_Info
                0x20000df0                pUser_Standard_Requests
                0x20000df4                pInformation
                0x20000df8                wInterrupt_Mask
 COMMON         0x20000dfa        0x4 lib/STM32_USB-FS-Device_Driver/libstm32usb.a(usb_int.o)
                0x20000dfa                SaveRState
                0x20000dfc                SaveTState
 *fill*         0x20000dfe        0x2 00
 COMMON         0x20000e00        0x4 /home/laurence/CodeSourcery/Sourcery_G++_Lite/bin/../lib/gcc/arm-none-eabi/4.5.2/../../../../arm-none-eabi/lib/thumb2/libc.a(lib_a-reent.o)
                0x20000e00                errno
 *(.ram.b)
                0x20000e08                . = ALIGN (0x8)
 *fill*         0x20000e04        0x4 00
                0x20000e08                _end = .
                0x20000e08                __end = .
                0x20005000                __cs3_region_end_ram = (__cs3_region_start_ram + 0x5000)
                0x00005000                __cs3_region_size_ram = 0x5000
                0x08010a80                __cs3_region_init_ram = LOADADDR (.data)
                0x00000680                __cs3_region_init_size_ram = (_edata - ADDR (.data))
                0x00000788                __cs3_region_zero_size_ram = (_end - _edata)
                0x00000001                __cs3_region_num = 0x1

.stab
 *(.stab)

.stabstr
 *(.stabstr)

.debug
 *(.debug)

.line
 *(.line)

.debug_srcinfo
 *(.debug_srcinfo)

.debug_sfnames
 *(.debug_sfnames)

.debug_aranges
 *(.debug_aranges)

.debug_pubnames
 *(.debug_pubnames)

.debug_info
 *(.debug_info .gnu.linkonce.wi.*)

.debug_abbrev
 *(.debug_abbrev)

.debug_line
 *(.debug_line)

.comment        0x00000000       0x2a
 .comment       0x00000000       0x2a Sensors/pressure.o
                                 0x2b (size before relaxing)
 .comment       0x00000000       0x2b Util/USB/hw_config.o
 .comment       0x00000000       0x2b Util/USB/mass_mal.o
 .comment       0x00000000       0x2b Util/USB/memory.o
 .comment       0x00000000       0x2b Util/USB/scsi_data.o
 .comment       0x00000000       0x2b Util/USB/usb_bot.o
 .comment       0x00000000       0x2b Util/USB/usb_desc.o
 .comment       0x00000000       0x2b Util/USB/usb_endp.o
 .comment       0x00000000       0x2b Util/USB/usb_istr.o
 .comment       0x00000000       0x2b Util/USB/usb_prop.o
 .comment       0x00000000       0x2b Util/USB/usb_pwr.o
 .comment       0x00000000       0x2b Util/USB/usb_scsi.o
 .comment       0x00000000       0x2b Util/fat_fs/option/cc932.o
 .comment       0x00000000       0x2b Util/fat_fs/option/syscall.o
 .comment       0x00000000       0x2b Util/fat_fs/src/fattime.o
 .comment       0x00000000       0x2b Util/fat_fs/src/ff.o
 .comment       0x00000000       0x2b Util/fat_fs/src/rtc.o
 .comment       0x00000000       0x2b Util/fat_fs/src/sd_spi_stm32.o
 .comment       0x00000000       0x2b Util/rprintf.o
 .comment       0x00000000       0x2b Util/stm32_eval_spi_sd.o
 .comment       0x00000000       0x2b adc.o
 .comment       0x00000000       0x2b gpio.o
 .comment       0x00000000       0x2b interrupts.o
 .comment       0x00000000       0x2b lib/CMSIS_CM3/core_cm3.o
 .comment       0x00000000       0x2b lib/CMSIS_CM3/system_stm32f10x.o
 .comment       0x00000000       0x2b main.o
 .comment       0x00000000       0x2b pwr.o
 .comment       0x00000000       0x2b usart.o
 .comment       0x00000000       0x2b lib/STM32F10x_StdPeriph_Driver/libstm32fw.a(misc.o)
 .comment       0x00000000       0x2b lib/STM32F10x_StdPeriph_Driver/libstm32fw.a(stm32f10x_adc.o)
 .comment       0x00000000       0x2b lib/STM32F10x_StdPeriph_Driver/libstm32fw.a(stm32f10x_bkp.o)
 .comment       0x00000000       0x2b lib/STM32F10x_StdPeriph_Driver/libstm32fw.a(stm32f10x_dma.o)
 .comment       0x00000000       0x2b lib/STM32F10x_StdPeriph_Driver/libstm32fw.a(stm32f10x_exti.o)
 .comment       0x00000000       0x2b lib/STM32F10x_StdPeriph_Driver/libstm32fw.a(stm32f10x_gpio.o)
 .comment       0x00000000       0x2b lib/STM32F10x_StdPeriph_Driver/libstm32fw.a(stm32f10x_pwr.o)
 .comment       0x00000000       0x2b lib/STM32F10x_StdPeriph_Driver/libstm32fw.a(stm32f10x_rcc.o)
 .comment       0x00000000       0x2b lib/STM32F10x_StdPeriph_Driver/libstm32fw.a(stm32f10x_rtc.o)
 .comment       0x00000000       0x2b lib/STM32F10x_StdPeriph_Driver/libstm32fw.a(stm32f10x_spi.o)
 .comment       0x00000000       0x2b lib/STM32F10x_StdPeriph_Driver/libstm32fw.a(stm32f10x_usart.o)
 .comment       0x00000000       0x2b lib/STM32_USB-FS-Device_Driver/libstm32usb.a(usb_core.o)
 .comment       0x00000000       0x2b lib/STM32_USB-FS-Device_Driver/libstm32usb.a(usb_init.o)
 .comment       0x00000000       0x2b lib/STM32_USB-FS-Device_Driver/libstm32usb.a(usb_int.o)
 .comment       0x00000000       0x2b lib/STM32_USB-FS-Device_Driver/libstm32usb.a(usb_mem.o)
 .comment       0x00000000       0x2b lib/STM32_USB-FS-Device_Driver/libstm32usb.a(usb_regs.o)
 .comment       0x00000000       0x2b lib/STM32_USB-FS-Device_Driver/libstm32usb.a(usb_sil.o)

.debug_frame    0x00000000      0x254
 *(.debug_frame)
 .debug_frame   0x00000000       0x30 /home/laurence/CodeSourcery/Sourcery_G++_Lite/bin/../lib/gcc/arm-none-eabi/4.5.2/../../../../arm-none-eabi/lib/thumb2/libc.a(lib_a-malloc.o)
 .debug_frame   0x00000030       0x3c /home/laurence/CodeSourcery/Sourcery_G++_Lite/bin/../lib/gcc/arm-none-eabi/4.5.2/../../../../arm-none-eabi/lib/thumb2/libc.a(lib_a-mallocr.o)
 .debug_frame   0x0000006c       0x30 /home/laurence/CodeSourcery/Sourcery_G++_Lite/bin/../lib/gcc/arm-none-eabi/4.5.2/../../../../arm-none-eabi/lib/thumb2/libc.a(lib_a-mlock.o)
 .debug_frame   0x0000009c       0x2c /home/laurence/CodeSourcery/Sourcery_G++_Lite/bin/../lib/gcc/arm-none-eabi/4.5.2/../../../../arm-none-eabi/lib/thumb2/libc.a(lib_a-sbrkr.o)
 .debug_frame   0x000000c8       0x20 /home/laurence/CodeSourcery/Sourcery_G++_Lite/bin/../lib/gcc/arm-none-eabi/4.5.2/../../../../arm-none-eabi/lib/thumb2/libc.a(lib_a-strlen.o)
 .debug_frame   0x000000e8       0x50 /home/laurence/CodeSourcery/Sourcery_G++_Lite/bin/../lib/gcc/arm-none-eabi/4.5.2/../../../../arm-none-eabi/lib/thumb2/libc.a(lib_a-freer.o)
 .debug_frame   0x00000138       0x68 /home/laurence/CodeSourcery/Sourcery_G++_Lite/bin/../lib/gcc/arm-none-eabi/4.5.2/../../../../arm-none-eabi/lib/thumb2/libc.a(lib_a-reent.o)
 .debug_frame   0x000001a0       0x40 /home/laurence/CodeSourcery/Sourcery_G++_Lite/bin/../lib/gcc/arm-none-eabi/4.5.2/../../../../arm-none-eabi/lib/thumb2/libcs3.a(start_c.o)
 .debug_frame   0x000001e0       0x28 /home/laurence/CodeSourcery/Sourcery_G++_Lite/bin/../lib/gcc/arm-none-eabi/4.5.2/../../../../arm-none-eabi/lib/thumb2/libcs3unhosted.a(unhosted-sbrk.o)
 .debug_frame   0x00000208       0x20 /home/laurence/CodeSourcery/Sourcery_G++_Lite/bin/../lib/gcc/arm-none-eabi/4.5.2/../../../../arm-none-eabi/lib/thumb2/libc.a(lib_a-errno.o)
 .debug_frame   0x00000228       0x2c /home/laurence/CodeSourcery/Sourcery_G++_Lite/bin/../lib/gcc/arm-none-eabi/4.5.2/../../../../arm-none-eabi/lib/thumb2/libc.a(lib_a-init.o)

.debug_str
 *(.debug_str)

.debug_loc
 *(.debug_loc)

.debug_macinfo
 *(.debug_macinfo)

.debug_weaknames
 *(.debug_weaknames)

.debug_funcnames
 *(.debug_funcnames)

.debug_typenames
 *(.debug_typenames)

.debug_varnames
 *(.debug_varnames)

.note.gnu.arm.ident
 *(.note.gnu.arm.ident)

.ARM.attributes
                0x00000000       0x25
 *(.ARM.attributes)
 .ARM.attributes
                0x00000000       0x19 /home/laurence/CodeSourcery/Sourcery_G++_Lite/bin/../lib/gcc/arm-none-eabi/4.5.2/thumb2/crti.o
 .ARM.attributes
                0x00000019       0x29 /home/laurence/CodeSourcery/Sourcery_G++_Lite/bin/../lib/gcc/arm-none-eabi/4.5.2/thumb2/crtbegin.o
 .ARM.attributes
                0x00000042       0x31 Sensors/pressure.o
 .ARM.attributes
                0x00000073       0x31 Util/USB/hw_config.o
 .ARM.attributes
                0x000000a4       0x31 Util/USB/mass_mal.o
 .ARM.attributes
                0x000000d5       0x31 Util/USB/memory.o
 .ARM.attributes
                0x00000106       0x31 Util/USB/scsi_data.o
 .ARM.attributes
                0x00000137       0x31 Util/USB/usb_bot.o
 .ARM.attributes
                0x00000168       0x31 Util/USB/usb_desc.o
 .ARM.attributes
                0x00000199       0x31 Util/USB/usb_endp.o
 .ARM.attributes
                0x000001ca       0x31 Util/USB/usb_istr.o
 .ARM.attributes
                0x000001fb       0x31 Util/USB/usb_prop.o
 .ARM.attributes
                0x0000022c       0x31 Util/USB/usb_pwr.o
 .ARM.attributes
                0x0000025d       0x31 Util/USB/usb_scsi.o
 .ARM.attributes
                0x0000028e       0x31 Util/fat_fs/option/cc932.o
 .ARM.attributes
                0x000002bf       0x31 Util/fat_fs/option/syscall.o
 .ARM.attributes
                0x000002f0       0x31 Util/fat_fs/src/fattime.o
 .ARM.attributes
                0x00000321       0x31 Util/fat_fs/src/ff.o
 .ARM.attributes
                0x00000352       0x31 Util/fat_fs/src/rtc.o
 .ARM.attributes
                0x00000383       0x31 Util/fat_fs/src/sd_spi_stm32.o
 .ARM.attributes
                0x000003b4       0x31 Util/rprintf.o
 .ARM.attributes
                0x000003e5       0x31 Util/stm32_eval_spi_sd.o
 .ARM.attributes
                0x00000416       0x31 adc.o
 .ARM.attributes
                0x00000447       0x31 gpio.o
 .ARM.attributes
                0x00000478       0x31 interrupts.o
 .ARM.attributes
                0x000004a9       0x31 lib/CMSIS_CM3/core_cm3.o
 .ARM.attributes
                0x000004da       0x21 lib/CMSIS_CM3/startup/gcc/startup_stm32f10x_md.o
 .ARM.attributes
                0x000004fb       0x31 lib/CMSIS_CM3/system_stm32f10x.o
 .ARM.attributes
                0x0000052c       0x31 main.o
 .ARM.attributes
                0x0000055d       0x31 pwr.o
 .ARM.attributes
                0x0000058e       0x31 usart.o
 .ARM.attributes
                0x000005bf       0x31 lib/STM32F10x_StdPeriph_Driver/libstm32fw.a(misc.o)
 .ARM.attributes
                0x000005f0       0x31 lib/STM32F10x_StdPeriph_Driver/libstm32fw.a(stm32f10x_adc.o)
 .ARM.attributes
                0x00000621       0x31 lib/STM32F10x_StdPeriph_Driver/libstm32fw.a(stm32f10x_bkp.o)
 .ARM.attributes
                0x00000652       0x31 lib/STM32F10x_StdPeriph_Driver/libstm32fw.a(stm32f10x_dma.o)
 .ARM.attributes
                0x00000683       0x31 lib/STM32F10x_StdPeriph_Driver/libstm32fw.a(stm32f10x_exti.o)
 .ARM.attributes
                0x000006b4       0x31 lib/STM32F10x_StdPeriph_Driver/libstm32fw.a(stm32f10x_gpio.o)
 .ARM.attributes
                0x000006e5       0x31 lib/STM32F10x_StdPeriph_Driver/libstm32fw.a(stm32f10x_pwr.o)
 .ARM.attributes
                0x00000716       0x31 lib/STM32F10x_StdPeriph_Driver/libstm32fw.a(stm32f10x_rcc.o)
 .ARM.attributes
                0x00000747       0x31 lib/STM32F10x_StdPeriph_Driver/libstm32fw.a(stm32f10x_rtc.o)
 .ARM.attributes
                0x00000778       0x31 lib/STM32F10x_StdPeriph_Driver/libstm32fw.a(stm32f10x_spi.o)
 .ARM.attributes
                0x000007a9       0x31 lib/STM32F10x_StdPeriph_Driver/libstm32fw.a(stm32f10x_usart.o)
 .ARM.attributes
                0x000007da       0x31 lib/STM32_USB-FS-Device_Driver/libstm32usb.a(usb_core.o)
 .ARM.attributes
                0x0000080b       0x31 lib/STM32_USB-FS-Device_Driver/libstm32usb.a(usb_init.o)
 .ARM.attributes
                0x0000083c       0x31 lib/STM32_USB-FS-Device_Driver/libstm32usb.a(usb_int.o)
 .ARM.attributes
                0x0000086d       0x31 lib/STM32_USB-FS-Device_Driver/libstm32usb.a(usb_mem.o)
 .ARM.attributes
                0x0000089e       0x31 lib/STM32_USB-FS-Device_Driver/libstm32usb.a(usb_regs.o)
 .ARM.attributes
                0x000008cf       0x31 lib/STM32_USB-FS-Device_Driver/libstm32usb.a(usb_sil.o)
 .ARM.attributes
                0x00000900       0x1b /home/laurence/CodeSourcery/Sourcery_G++_Lite/bin/../lib/gcc/arm-none-eabi/4.5.2/thumb2/libgcc.a(_arm_addsubdf3.o)
 .ARM.attributes
                0x0000091b       0x1b /home/laurence/CodeSourcery/Sourcery_G++_Lite/bin/../lib/gcc/arm-none-eabi/4.5.2/thumb2/libgcc.a(_arm_muldivdf3.o)
 .ARM.attributes
                0x00000936       0x1b /home/laurence/CodeSourcery/Sourcery_G++_Lite/bin/../lib/gcc/arm-none-eabi/4.5.2/thumb2/libgcc.a(_arm_truncdfsf2.o)
 .ARM.attributes
                0x00000951       0x1b /home/laurence/CodeSourcery/Sourcery_G++_Lite/bin/../lib/gcc/arm-none-eabi/4.5.2/thumb2/libgcc.a(_arm_addsubsf3.o)
 .ARM.attributes
                0x0000096c       0x1b /home/laurence/CodeSourcery/Sourcery_G++_Lite/bin/../lib/gcc/arm-none-eabi/4.5.2/thumb2/libgcc.a(_arm_muldivsf3.o)
 .ARM.attributes
                0x00000987       0x1b /home/laurence/CodeSourcery/Sourcery_G++_Lite/bin/../lib/gcc/arm-none-eabi/4.5.2/thumb2/libgcc.a(_arm_cmpsf2.o)
 .ARM.attributes
                0x000009a2       0x1b /home/laurence/CodeSourcery/Sourcery_G++_Lite/bin/../lib/gcc/arm-none-eabi/4.5.2/thumb2/libgcc.a(_arm_fixunssfsi.o)
 .ARM.attributes
                0x000009bd       0x29 /home/laurence/CodeSourcery/Sourcery_G++_Lite/bin/../lib/gcc/arm-none-eabi/4.5.2/../../../../arm-none-eabi/lib/thumb2/libc.a(lib_a-malloc.o)
 .ARM.attributes
                0x000009e6       0x29 /home/laurence/CodeSourcery/Sourcery_G++_Lite/bin/../lib/gcc/arm-none-eabi/4.5.2/../../../../arm-none-eabi/lib/thumb2/libc.a(lib_a-mallocr.o)
 .ARM.attributes
                0x00000a0f       0x29 /home/laurence/CodeSourcery/Sourcery_G++_Lite/bin/../lib/gcc/arm-none-eabi/4.5.2/../../../../arm-none-eabi/lib/thumb2/libc.a(lib_a-mlock.o)
 .ARM.attributes
                0x00000a38       0x29 /home/laurence/CodeSourcery/Sourcery_G++_Lite/bin/../lib/gcc/arm-none-eabi/4.5.2/../../../../arm-none-eabi/lib/thumb2/libc.a(lib_a-sbrkr.o)
 .ARM.attributes
                0x00000a61       0x29 /home/laurence/CodeSourcery/Sourcery_G++_Lite/bin/../lib/gcc/arm-none-eabi/4.5.2/../../../../arm-none-eabi/lib/thumb2/libc.a(lib_a-strlen.o)
 .ARM.attributes
                0x00000a8a       0x29 /home/laurence/CodeSourcery/Sourcery_G++_Lite/bin/../lib/gcc/arm-none-eabi/4.5.2/../../../../arm-none-eabi/lib/thumb2/libc.a(lib_a-freer.o)
 .ARM.attributes
                0x00000ab3       0x29 /home/laurence/CodeSourcery/Sourcery_G++_Lite/bin/../lib/gcc/arm-none-eabi/4.5.2/../../../../arm-none-eabi/lib/thumb2/libc.a(lib_a-impure.o)
 .ARM.attributes
                0x00000adc       0x29 /home/laurence/CodeSourcery/Sourcery_G++_Lite/bin/../lib/gcc/arm-none-eabi/4.5.2/../../../../arm-none-eabi/lib/thumb2/libc.a(lib_a-reent.o)
 .ARM.attributes
                0x00000b05       0x29 /home/laurence/CodeSourcery/Sourcery_G++_Lite/bin/../lib/gcc/arm-none-eabi/4.5.2/thumb2/crtend.o
 .ARM.attributes
                0x00000b2e       0x19 /home/laurence/CodeSourcery/Sourcery_G++_Lite/bin/../lib/gcc/arm-none-eabi/4.5.2/thumb2/crtn.o
 .ARM.attributes
                0x00000b47       0x29 /home/laurence/CodeSourcery/Sourcery_G++_Lite/bin/../lib/gcc/arm-none-eabi/4.5.2/../../../../arm-none-eabi/lib/thumb2/libcs3.a(start_c.o)
 .ARM.attributes
                0x00000b70       0x29 /home/laurence/CodeSourcery/Sourcery_G++_Lite/bin/../lib/gcc/arm-none-eabi/4.5.2/../../../../arm-none-eabi/lib/thumb2/libcs3unhosted.a(unhosted-sbrk.o)
 .ARM.attributes
                0x00000b99       0x19 /home/laurence/CodeSourcery/Sourcery_G++_Lite/bin/../lib/gcc/arm-none-eabi/4.5.2/../../../../arm-none-eabi/lib/thumb2/libcs3unhosted.a(unhosted-start.o)
 .ARM.attributes
                0x00000bb2       0x1f lib/libcs3-lanchon-stm32.a(lanchon-stm32-vector.o)
 .ARM.attributes
                0x00000bd1       0x21 lib/libcs3-lanchon-stm32.a(lanchon_stm32_isr_interrupt.o)
 .ARM.attributes
                0x00000bf2       0x29 /home/laurence/CodeSourcery/Sourcery_G++_Lite/bin/../lib/gcc/arm-none-eabi/4.5.2/../../../../arm-none-eabi/lib/thumb2/libc.a(lib_a-errno.o)
 .ARM.attributes
                0x00000c1b       0x29 /home/laurence/CodeSourcery/Sourcery_G++_Lite/bin/../lib/gcc/arm-none-eabi/4.5.2/../../../../arm-none-eabi/lib/thumb2/libc.a(lib_a-init.o)
 .ARM.attributes
                0x00000c44       0x29 /home/laurence/CodeSourcery/Sourcery_G++_Lite/bin/../lib/gcc/arm-none-eabi/4.5.2/../../../../arm-none-eabi/lib/thumb2/libcs3.a(heap.o)

/DISCARD/
 *(.note.GNU-stack)
OUTPUT(main.elf elf32-littlearm)

Cross Reference Table

Symbol                                            File
ADC1_2_IRQHandler                                 lib/CMSIS_CM3/startup/gcc/startup_stm32f10x_md.o
ADC_AnalogWatchdogCmd                             lib/STM32F10x_StdPeriph_Driver/libstm32fw.a(stm32f10x_adc.o)
ADC_AnalogWatchdogSingleChannelConfig             lib/STM32F10x_StdPeriph_Driver/libstm32fw.a(stm32f10x_adc.o)
ADC_AnalogWatchdogThresholdsConfig                lib/STM32F10x_StdPeriph_Driver/libstm32fw.a(stm32f10x_adc.o)
ADC_AutoInjectedConvCmd                           lib/STM32F10x_StdPeriph_Driver/libstm32fw.a(stm32f10x_adc.o)
ADC_ClearFlag                                     lib/STM32F10x_StdPeriph_Driver/libstm32fw.a(stm32f10x_adc.o)
ADC_ClearITPendingBit                             lib/STM32F10x_StdPeriph_Driver/libstm32fw.a(stm32f10x_adc.o)
ADC_Cmd                                           lib/STM32F10x_StdPeriph_Driver/libstm32fw.a(stm32f10x_adc.o)
                                                  adc.o
ADC_Configuration                                 adc.o
                                                  main.o
ADC_DMACmd                                        lib/STM32F10x_StdPeriph_Driver/libstm32fw.a(stm32f10x_adc.o)
ADC_DeInit                                        lib/STM32F10x_StdPeriph_Driver/libstm32fw.a(stm32f10x_adc.o)
                                                  adc.o
ADC_DiscModeChannelCountConfig                    lib/STM32F10x_StdPeriph_Driver/libstm32fw.a(stm32f10x_adc.o)
ADC_DiscModeCmd                                   lib/STM32F10x_StdPeriph_Driver/libstm32fw.a(stm32f10x_adc.o)
ADC_ExternalTrigConvCmd                           lib/STM32F10x_StdPeriph_Driver/libstm32fw.a(stm32f10x_adc.o)
ADC_ExternalTrigInjectedConvCmd                   lib/STM32F10x_StdPeriph_Driver/libstm32fw.a(stm32f10x_adc.o)
ADC_ExternalTrigInjectedConvConfig                lib/STM32F10x_StdPeriph_Driver/libstm32fw.a(stm32f10x_adc.o)
ADC_GetCalibrationStatus                          lib/STM32F10x_StdPeriph_Driver/libstm32fw.a(stm32f10x_adc.o)
                                                  adc.o
ADC_GetConversionValue                            lib/STM32F10x_StdPeriph_Driver/libstm32fw.a(stm32f10x_adc.o)
                                                  adc.o
ADC_GetDualModeConversionValue                    lib/STM32F10x_StdPeriph_Driver/libstm32fw.a(stm32f10x_adc.o)
ADC_GetFlagStatus                                 lib/STM32F10x_StdPeriph_Driver/libstm32fw.a(stm32f10x_adc.o)
                                                  adc.o
ADC_GetITStatus                                   lib/STM32F10x_StdPeriph_Driver/libstm32fw.a(stm32f10x_adc.o)
ADC_GetInjectedConversionValue                    lib/STM32F10x_StdPeriph_Driver/libstm32fw.a(stm32f10x_adc.o)
ADC_GetResetCalibrationStatus                     lib/STM32F10x_StdPeriph_Driver/libstm32fw.a(stm32f10x_adc.o)
                                                  adc.o
ADC_GetSoftwareStartConvStatus                    lib/STM32F10x_StdPeriph_Driver/libstm32fw.a(stm32f10x_adc.o)
ADC_GetSoftwareStartInjectedConvCmdStatus         lib/STM32F10x_StdPeriph_Driver/libstm32fw.a(stm32f10x_adc.o)
ADC_IRQHandler                                    lib/libcs3-lanchon-stm32.a(lanchon_stm32_isr_interrupt.o)
                                                  lib/libcs3-lanchon-stm32.a(lanchon-stm32-vector.o)
ADC_ITConfig                                      lib/STM32F10x_StdPeriph_Driver/libstm32fw.a(stm32f10x_adc.o)
ADC_Init                                          lib/STM32F10x_StdPeriph_Driver/libstm32fw.a(stm32f10x_adc.o)
                                                  adc.o
ADC_InjectedChannelConfig                         lib/STM32F10x_StdPeriph_Driver/libstm32fw.a(stm32f10x_adc.o)
ADC_InjectedDiscModeCmd                           lib/STM32F10x_StdPeriph_Driver/libstm32fw.a(stm32f10x_adc.o)
ADC_InjectedSequencerLengthConfig                 lib/STM32F10x_StdPeriph_Driver/libstm32fw.a(stm32f10x_adc.o)
ADC_RegularChannelConfig                          lib/STM32F10x_StdPeriph_Driver/libstm32fw.a(stm32f10x_adc.o)
                                                  adc.o
ADC_ResetCalibration                              lib/STM32F10x_StdPeriph_Driver/libstm32fw.a(stm32f10x_adc.o)
                                                  adc.o
ADC_SetInjectedOffset                             lib/STM32F10x_StdPeriph_Driver/libstm32fw.a(stm32f10x_adc.o)
ADC_SoftwareStartConvCmd                          lib/STM32F10x_StdPeriph_Driver/libstm32fw.a(stm32f10x_adc.o)
                                                  adc.o
ADC_SoftwareStartInjectedConvCmd                  lib/STM32F10x_StdPeriph_Driver/libstm32fw.a(stm32f10x_adc.o)
ADC_StartCalibration                              lib/STM32F10x_StdPeriph_Driver/libstm32fw.a(stm32f10x_adc.o)
                                                  adc.o
ADC_StructInit                                    lib/STM32F10x_StdPeriph_Driver/libstm32fw.a(stm32f10x_adc.o)
ADC_TempSensorVrefintCmd                          lib/STM32F10x_StdPeriph_Driver/libstm32fw.a(stm32f10x_adc.o)
BKP_ClearFlag                                     lib/STM32F10x_StdPeriph_Driver/libstm32fw.a(stm32f10x_bkp.o)
BKP_ClearITPendingBit                             lib/STM32F10x_StdPeriph_Driver/libstm32fw.a(stm32f10x_bkp.o)
BKP_DeInit                                        lib/STM32F10x_StdPeriph_Driver/libstm32fw.a(stm32f10x_bkp.o)
                                                  Util/fat_fs/src/rtc.o
BKP_GetFlagStatus                                 lib/STM32F10x_StdPeriph_Driver/libstm32fw.a(stm32f10x_bkp.o)
BKP_GetITStatus                                   lib/STM32F10x_StdPeriph_Driver/libstm32fw.a(stm32f10x_bkp.o)
BKP_ITConfig                                      lib/STM32F10x_StdPeriph_Driver/libstm32fw.a(stm32f10x_bkp.o)
BKP_RTCOutputConfig                               lib/STM32F10x_StdPeriph_Driver/libstm32fw.a(stm32f10x_bkp.o)
BKP_ReadBackupRegister                            lib/STM32F10x_StdPeriph_Driver/libstm32fw.a(stm32f10x_bkp.o)
                                                  Util/fat_fs/src/rtc.o
BKP_SetRTCCalibrationValue                        lib/STM32F10x_StdPeriph_Driver/libstm32fw.a(stm32f10x_bkp.o)
BKP_TamperPinCmd                                  lib/STM32F10x_StdPeriph_Driver/libstm32fw.a(stm32f10x_bkp.o)
BKP_TamperPinLevelConfig                          lib/STM32F10x_StdPeriph_Driver/libstm32fw.a(stm32f10x_bkp.o)
BKP_WriteBackupRegister                           lib/STM32F10x_StdPeriph_Driver/libstm32fw.a(stm32f10x_bkp.o)
                                                  Util/fat_fs/src/rtc.o
Block_Read_count                                  Util/USB/memory.o
Block_offset                                      Util/USB/memory.o
Bot_Abort                                         Util/USB/usb_bot.o
                                                  Util/USB/usb_scsi.o
                                                  Util/USB/usb_prop.o
Bot_State                                         Util/USB/usb_bot.o
                                                  Util/USB/usb_scsi.o
                                                  Util/USB/usb_prop.o
                                                  Util/USB/memory.o
Bulk_Data_Buff                                    Util/USB/usb_bot.o
                                                  Util/USB/memory.o
BusFaultException                                 lib/libcs3-lanchon-stm32.a(lanchon_stm32_isr_interrupt.o)
                                                  lib/libcs3-lanchon-stm32.a(lanchon-stm32-vector.o)
BusFault_Handler                                  lib/CMSIS_CM3/startup/gcc/startup_stm32f10x_md.o
ByteSwap                                          lib/STM32_USB-FS-Device_Driver/libstm32usb.a(usb_regs.o)
                                                  lib/STM32_USB-FS-Device_Driver/libstm32usb.a(usb_core.o)
CAN1_RX1_IRQHandler                               lib/CMSIS_CM3/startup/gcc/startup_stm32f10x_md.o
CAN1_SCE_IRQHandler                               lib/CMSIS_CM3/startup/gcc/startup_stm32f10x_md.o
CAN_RX1_IRQHandler                                lib/libcs3-lanchon-stm32.a(lanchon_stm32_isr_interrupt.o)
                                                  lib/libcs3-lanchon-stm32.a(lanchon-stm32-vector.o)
CAN_SCE_IRQHandler                                lib/libcs3-lanchon-stm32.a(lanchon_stm32_isr_interrupt.o)
                                                  lib/libcs3-lanchon-stm32.a(lanchon-stm32-vector.o)
CBW                                               Util/USB/usb_bot.o
                                                  Util/USB/usb_scsi.o
                                                  Util/USB/usb_prop.o
CBW_Decode                                        Util/USB/usb_bot.o
CSW                                               Util/USB/usb_bot.o
                                                  Util/USB/memory.o
CTR_HP                                            lib/STM32_USB-FS-Device_Driver/libstm32usb.a(usb_int.o)
                                                  interrupts.o
CTR_LP                                            lib/STM32_USB-FS-Device_Driver/libstm32usb.a(usb_int.o)
                                                  Util/USB/usb_istr.o
ClearDTOG_RX                                      lib/STM32_USB-FS-Device_Driver/libstm32usb.a(usb_regs.o)
                                                  lib/STM32_USB-FS-Device_Driver/libstm32usb.a(usb_core.o)
                                                  Util/USB/usb_prop.o
ClearDTOG_TX                                      lib/STM32_USB-FS-Device_Driver/libstm32usb.a(usb_regs.o)
                                                  lib/STM32_USB-FS-Device_Driver/libstm32usb.a(usb_core.o)
                                                  Util/USB/usb_prop.o
ClearEPDoubleBuff                                 lib/STM32_USB-FS-Device_Driver/libstm32usb.a(usb_regs.o)
ClearEP_CTR_RX                                    lib/STM32_USB-FS-Device_Driver/libstm32usb.a(usb_regs.o)
ClearEP_CTR_TX                                    lib/STM32_USB-FS-Device_Driver/libstm32usb.a(usb_regs.o)
ClearEP_KIND                                      lib/STM32_USB-FS-Device_Driver/libstm32usb.a(usb_regs.o)
Clear_Status_Out                                  lib/STM32_USB-FS-Device_Driver/libstm32usb.a(usb_regs.o)
                                                  Util/USB/usb_prop.o
Config_Descriptor                                 Util/USB/usb_prop.o
Counter                                           Util/USB/memory.o
DMA1_Channel1_IRQHandler                          lib/CMSIS_CM3/startup/gcc/startup_stm32f10x_md.o
DMA1_Channel2_IRQHandler                          lib/CMSIS_CM3/startup/gcc/startup_stm32f10x_md.o
DMA1_Channel3_IRQHandler                          lib/CMSIS_CM3/startup/gcc/startup_stm32f10x_md.o
DMA1_Channel4_IRQHandler                          lib/CMSIS_CM3/startup/gcc/startup_stm32f10x_md.o
DMA1_Channel5_IRQHandler                          lib/CMSIS_CM3/startup/gcc/startup_stm32f10x_md.o
DMA1_Channel6_IRQHandler                          lib/CMSIS_CM3/startup/gcc/startup_stm32f10x_md.o
DMA1_Channel7_IRQHandler                          lib/CMSIS_CM3/startup/gcc/startup_stm32f10x_md.o
DMAChannel1_IRQHandler                            lib/libcs3-lanchon-stm32.a(lanchon_stm32_isr_interrupt.o)
                                                  lib/libcs3-lanchon-stm32.a(lanchon-stm32-vector.o)
DMAChannel2_IRQHandler                            lib/libcs3-lanchon-stm32.a(lanchon_stm32_isr_interrupt.o)
                                                  lib/libcs3-lanchon-stm32.a(lanchon-stm32-vector.o)
DMAChannel3_IRQHandler                            lib/libcs3-lanchon-stm32.a(lanchon_stm32_isr_interrupt.o)
                                                  lib/libcs3-lanchon-stm32.a(lanchon-stm32-vector.o)
DMAChannel4_IRQHandler                            lib/libcs3-lanchon-stm32.a(lanchon_stm32_isr_interrupt.o)
                                                  lib/libcs3-lanchon-stm32.a(lanchon-stm32-vector.o)
DMAChannel5_IRQHandler                            lib/libcs3-lanchon-stm32.a(lanchon_stm32_isr_interrupt.o)
                                                  lib/libcs3-lanchon-stm32.a(lanchon-stm32-vector.o)
DMAChannel6_IRQHandler                            lib/libcs3-lanchon-stm32.a(lanchon_stm32_isr_interrupt.o)
                                                  lib/libcs3-lanchon-stm32.a(lanchon-stm32-vector.o)
DMAChannel7_IRQHandler                            lib/libcs3-lanchon-stm32.a(lanchon_stm32_isr_interrupt.o)
                                                  lib/libcs3-lanchon-stm32.a(lanchon-stm32-vector.o)
DMA_ClearFlag                                     lib/STM32F10x_StdPeriph_Driver/libstm32fw.a(stm32f10x_dma.o)
DMA_ClearITPendingBit                             lib/STM32F10x_StdPeriph_Driver/libstm32fw.a(stm32f10x_dma.o)
DMA_Cmd                                           lib/STM32F10x_StdPeriph_Driver/libstm32fw.a(stm32f10x_dma.o)
                                                  Util/fat_fs/src/sd_spi_stm32.o
DMA_DeInit                                        lib/STM32F10x_StdPeriph_Driver/libstm32fw.a(stm32f10x_dma.o)
                                                  Util/fat_fs/src/sd_spi_stm32.o
DMA_GetCurrDataCounter                            lib/STM32F10x_StdPeriph_Driver/libstm32fw.a(stm32f10x_dma.o)
DMA_GetFlagStatus                                 lib/STM32F10x_StdPeriph_Driver/libstm32fw.a(stm32f10x_dma.o)
                                                  Util/fat_fs/src/sd_spi_stm32.o
DMA_GetITStatus                                   lib/STM32F10x_StdPeriph_Driver/libstm32fw.a(stm32f10x_dma.o)
DMA_ITConfig                                      lib/STM32F10x_StdPeriph_Driver/libstm32fw.a(stm32f10x_dma.o)
DMA_Init                                          lib/STM32F10x_StdPeriph_Driver/libstm32fw.a(stm32f10x_dma.o)
                                                  Util/fat_fs/src/sd_spi_stm32.o
DMA_StructInit                                    lib/STM32F10x_StdPeriph_Driver/libstm32fw.a(stm32f10x_dma.o)
Data_Buffer                                       Util/USB/mass_mal.o
                                                  Util/USB/memory.o
Data_Len                                          Util/USB/usb_bot.o
                                                  Util/USB/memory.o
Data_Mul_MaxPacketSize                            lib/STM32_USB-FS-Device_Driver/libstm32usb.a(usb_core.o)
DebugMon_Handler                                  lib/CMSIS_CM3/startup/gcc/startup_stm32f10x_md.o
DebugMonitor                                      lib/libcs3-lanchon-stm32.a(lanchon_stm32_isr_interrupt.o)
                                                  lib/libcs3-lanchon-stm32.a(lanchon-stm32-vector.o)
Default_Handler                                   lib/CMSIS_CM3/startup/gcc/startup_stm32f10x_md.o
Default_Usart_Config                              usart.o
Device_Descriptor                                 Util/USB/usb_prop.o
Device_Info                                       lib/STM32_USB-FS-Device_Driver/libstm32usb.a(usb_init.o)
                                                  Util/USB/usb_prop.o
                                                  Util/USB/hw_config.o
Device_Property                                   Util/USB/usb_prop.o
                                                  lib/STM32_USB-FS-Device_Driver/libstm32usb.a(usb_init.o)
                                                  lib/STM32_USB-FS-Device_Driver/libstm32usb.a(usb_core.o)
                                                  Util/USB/usb_istr.o
Device_Table                                      Util/USB/usb_prop.o
                                                  lib/STM32_USB-FS-Device_Driver/libstm32usb.a(usb_core.o)
EP1_IN_Callback                                   Util/USB/usb_endp.o
                                                  Util/USB/usb_istr.o
EP2_OUT_Callback                                  Util/USB/usb_endp.o
                                                  Util/USB/usb_istr.o
EPindex                                           lib/STM32_USB-FS-Device_Driver/libstm32usb.a(usb_int.o)
                                                  lib/STM32_USB-FS-Device_Driver/libstm32usb.a(usb_init.o)
EXTI0_IRQHandler                                  interrupts.o
                                                  lib/libcs3-lanchon-stm32.a(lanchon-stm32-vector.o)
EXTI15_10_IRQHandler                              lib/CMSIS_CM3/startup/gcc/startup_stm32f10x_md.o
                                                  lib/libcs3-lanchon-stm32.a(lanchon-stm32-vector.o)
EXTI1_IRQHandler                                  lib/CMSIS_CM3/startup/gcc/startup_stm32f10x_md.o
                                                  lib/libcs3-lanchon-stm32.a(lanchon-stm32-vector.o)
EXTI2_IRQHandler                                  lib/CMSIS_CM3/startup/gcc/startup_stm32f10x_md.o
                                                  lib/libcs3-lanchon-stm32.a(lanchon-stm32-vector.o)
EXTI3_IRQHandler                                  lib/CMSIS_CM3/startup/gcc/startup_stm32f10x_md.o
                                                  lib/libcs3-lanchon-stm32.a(lanchon-stm32-vector.o)
EXTI4_IRQHandler                                  lib/CMSIS_CM3/startup/gcc/startup_stm32f10x_md.o
                                                  lib/libcs3-lanchon-stm32.a(lanchon-stm32-vector.o)
EXTI9_5_IRQHandler                                lib/CMSIS_CM3/startup/gcc/startup_stm32f10x_md.o
                                                  lib/libcs3-lanchon-stm32.a(lanchon-stm32-vector.o)
EXTI_ClearFlag                                    lib/STM32F10x_StdPeriph_Driver/libstm32fw.a(stm32f10x_exti.o)
EXTI_ClearITPendingBit                            lib/STM32F10x_StdPeriph_Driver/libstm32fw.a(stm32f10x_exti.o)
                                                  interrupts.o
EXTI_Config                                       interrupts.o
                                                  main.o
EXTI_DeInit                                       lib/STM32F10x_StdPeriph_Driver/libstm32fw.a(stm32f10x_exti.o)
                                                  interrupts.o
EXTI_GenerateSWInterrupt                          lib/STM32F10x_StdPeriph_Driver/libstm32fw.a(stm32f10x_exti.o)
EXTI_GetFlagStatus                                lib/STM32F10x_StdPeriph_Driver/libstm32fw.a(stm32f10x_exti.o)
EXTI_GetITStatus                                  lib/STM32F10x_StdPeriph_Driver/libstm32fw.a(stm32f10x_exti.o)
                                                  interrupts.o
EXTI_Init                                         lib/STM32F10x_StdPeriph_Driver/libstm32fw.a(stm32f10x_exti.o)
                                                  interrupts.o
EXTI_StructInit                                   lib/STM32F10x_StdPeriph_Driver/libstm32fw.a(stm32f10x_exti.o)
Enter_LowPowerMode                                Util/USB/hw_config.o
                                                  Util/USB/usb_pwr.o
FATFS_info                                        main.o
FATFS_logfile                                     main.o
                                                  interrupts.o
FLASH_IRQHandler                                  lib/CMSIS_CM3/startup/gcc/startup_stm32f10x_md.o
                                                  lib/libcs3-lanchon-stm32.a(lanchon-stm32-vector.o)
FreeUserBuffer                                    lib/STM32_USB-FS-Device_Driver/libstm32usb.a(usb_regs.o)
GPIO_AFIODeInit                                   lib/STM32F10x_StdPeriph_Driver/libstm32fw.a(stm32f10x_gpio.o)
GPIO_DeInit                                       lib/STM32F10x_StdPeriph_Driver/libstm32fw.a(stm32f10x_gpio.o)
GPIO_ETH_MediaInterfaceConfig                     lib/STM32F10x_StdPeriph_Driver/libstm32fw.a(stm32f10x_gpio.o)
GPIO_EXTILineConfig                               lib/STM32F10x_StdPeriph_Driver/libstm32fw.a(stm32f10x_gpio.o)
                                                  interrupts.o
GPIO_EventOutputCmd                               lib/STM32F10x_StdPeriph_Driver/libstm32fw.a(stm32f10x_gpio.o)
GPIO_EventOutputConfig                            lib/STM32F10x_StdPeriph_Driver/libstm32fw.a(stm32f10x_gpio.o)
GPIO_Init                                         lib/STM32F10x_StdPeriph_Driver/libstm32fw.a(stm32f10x_gpio.o)
                                                  usart.o
                                                  gpio.o
                                                  Util/stm32_eval_spi_sd.o
                                                  Util/fat_fs/src/sd_spi_stm32.o
GPIO_PinLockConfig                                lib/STM32F10x_StdPeriph_Driver/libstm32fw.a(stm32f10x_gpio.o)
GPIO_PinRemapConfig                               lib/STM32F10x_StdPeriph_Driver/libstm32fw.a(stm32f10x_gpio.o)
GPIO_ReadInputData                                lib/STM32F10x_StdPeriph_Driver/libstm32fw.a(stm32f10x_gpio.o)
GPIO_ReadInputDataBit                             lib/STM32F10x_StdPeriph_Driver/libstm32fw.a(stm32f10x_gpio.o)
                                                  interrupts.o
                                                  gpio.o
GPIO_ReadOutputData                               lib/STM32F10x_StdPeriph_Driver/libstm32fw.a(stm32f10x_gpio.o)
GPIO_ReadOutputDataBit                            lib/STM32F10x_StdPeriph_Driver/libstm32fw.a(stm32f10x_gpio.o)
GPIO_ResetBits                                    lib/STM32F10x_StdPeriph_Driver/libstm32fw.a(stm32f10x_gpio.o)
                                                  Util/stm32_eval_spi_sd.o
                                                  Util/fat_fs/src/sd_spi_stm32.o
GPIO_SetBits                                      lib/STM32F10x_StdPeriph_Driver/libstm32fw.a(stm32f10x_gpio.o)
                                                  Util/stm32_eval_spi_sd.o
                                                  Util/fat_fs/src/sd_spi_stm32.o
GPIO_StructInit                                   lib/STM32F10x_StdPeriph_Driver/libstm32fw.a(stm32f10x_gpio.o)
GPIO_Write                                        lib/STM32F10x_StdPeriph_Driver/libstm32fw.a(stm32f10x_gpio.o)
GPIO_WriteBit                                     lib/STM32F10x_StdPeriph_Driver/libstm32fw.a(stm32f10x_gpio.o)
                                                  main.o
                                                  gpio.o
                                                  Util/USB/usb_pwr.o
                                                  Util/USB/mass_mal.o
                                                  Util/USB/hw_config.o
GetBTABLE                                         lib/STM32_USB-FS-Device_Driver/libstm32usb.a(usb_regs.o)
GetCNTR                                           lib/STM32_USB-FS-Device_Driver/libstm32usb.a(usb_regs.o)
GetDADDR                                          lib/STM32_USB-FS-Device_Driver/libstm32usb.a(usb_regs.o)
GetENDPOINT                                       lib/STM32_USB-FS-Device_Driver/libstm32usb.a(usb_regs.o)
GetEPAddress                                      lib/STM32_USB-FS-Device_Driver/libstm32usb.a(usb_regs.o)
GetEPDblBuf0Addr                                  lib/STM32_USB-FS-Device_Driver/libstm32usb.a(usb_regs.o)
GetEPDblBuf0Count                                 lib/STM32_USB-FS-Device_Driver/libstm32usb.a(usb_regs.o)
GetEPDblBuf1Addr                                  lib/STM32_USB-FS-Device_Driver/libstm32usb.a(usb_regs.o)
GetEPDblBuf1Count                                 lib/STM32_USB-FS-Device_Driver/libstm32usb.a(usb_regs.o)
GetEPDblBufDir                                    lib/STM32_USB-FS-Device_Driver/libstm32usb.a(usb_regs.o)
GetEPRxAddr                                       lib/STM32_USB-FS-Device_Driver/libstm32usb.a(usb_regs.o)
                                                  lib/STM32_USB-FS-Device_Driver/libstm32usb.a(usb_sil.o)