Archive member included because of file (symbol)

lib/STM32F10x_StdPeriph_Driver/libstm32fw.a(misc.o)
                              Util/USB/hw_config.o (NVIC_PriorityGroupConfig)
lib/STM32F10x_StdPeriph_Driver/libstm32fw.a(stm32f10x_adc.o)
                              adc.o (ADC_DeInit)
lib/STM32F10x_StdPeriph_Driver/libstm32fw.a(stm32f10x_bkp.o)
                              Util/fat_fs/src/rtc.o (BKP_DeInit)
lib/STM32F10x_StdPeriph_Driver/libstm32fw.a(stm32f10x_dma.o)
                              Util/fat_fs/src/sd_spi_stm32.o (DMA_DeInit)
lib/STM32F10x_StdPeriph_Driver/libstm32fw.a(stm32f10x_exti.o)
                              interrupts.o (EXTI_DeInit)
lib/STM32F10x_StdPeriph_Driver/libstm32fw.a(stm32f10x_gpio.o)
                              Util/fat_fs/src/sd_spi_stm32.o (GPIO_Init)
lib/STM32F10x_StdPeriph_Driver/libstm32fw.a(stm32f10x_pwr.o)
                              pwr.o (PWR_DeInit)
lib/STM32F10x_StdPeriph_Driver/libstm32fw.a(stm32f10x_rcc.o)
                              interrupts.o (RCC_HCLKConfig)
lib/STM32F10x_StdPeriph_Driver/libstm32fw.a(stm32f10x_rtc.o)
                              Util/fat_fs/src/rtc.o (RTC_GetCounter)
lib/STM32F10x_StdPeriph_Driver/libstm32fw.a(stm32f10x_spi.o)
                              Util/fat_fs/src/sd_spi_stm32.o (SPI_I2S_DeInit)
lib/STM32F10x_StdPeriph_Driver/libstm32fw.a(stm32f10x_tim.o)
                              timer.o (TIM_DeInit)
lib/STM32F10x_StdPeriph_Driver/libstm32fw.a(stm32f10x_usart.o)
                              usart.o (USART_Init)
lib/STM32_USB-FS-Device_Driver/libstm32usb.a(usb_core.o)
                              Util/USB/usb_prop.o (Standard_GetDescriptorData)
lib/STM32_USB-FS-Device_Driver/libstm32usb.a(usb_init.o)
                              main.o (USB_Init)
lib/STM32_USB-FS-Device_Driver/libstm32usb.a(usb_int.o)
                              Util/USB/usb_istr.o (CTR_LP)
lib/STM32_USB-FS-Device_Driver/libstm32usb.a(usb_mem.o)
                              lib/STM32_USB-FS-Device_Driver/libstm32usb.a(usb_core.o) (UserToPMABufferCopy)
lib/STM32_USB-FS-Device_Driver/libstm32usb.a(usb_regs.o)
                              Util/USB/usb_prop.o (SetBTABLE)
lib/STM32_USB-FS-Device_Driver/libstm32usb.a(usb_sil.o)
                              Util/USB/usb_prop.o (USB_SIL_Init)
/home/laurence/CodeSourcery/Sourcery_G++_Lite/bin/../lib/gcc/arm-none-eabi/4.5.2/../../../../arm-none-eabi/lib/thumb2/libm.a(lib_a-sf_sin.o)
                              Sensors/ppg.o (sinf)
/home/laurence/CodeSourcery/Sourcery_G++_Lite/bin/../lib/gcc/arm-none-eabi/4.5.2/../../../../arm-none-eabi/lib/thumb2/libm.a(lib_a-w_sqrt.o)
                              Sensors/ppg.o (sqrt)
/home/laurence/CodeSourcery/Sourcery_G++_Lite/bin/../lib/gcc/arm-none-eabi/4.5.2/../../../../arm-none-eabi/lib/thumb2/libm.a(lib_a-wf_asin.o)
                              Sensors/ppg.o (asinf)
/home/laurence/CodeSourcery/Sourcery_G++_Lite/bin/../lib/gcc/arm-none-eabi/4.5.2/../../../../arm-none-eabi/lib/thumb2/libm.a(lib_a-e_sqrt.o)
                              /home/laurence/CodeSourcery/Sourcery_G++_Lite/bin/../lib/gcc/arm-none-eabi/4.5.2/../../../../arm-none-eabi/lib/thumb2/libm.a(lib_a-w_sqrt.o) (__ieee754_sqrt)
/home/laurence/CodeSourcery/Sourcery_G++_Lite/bin/../lib/gcc/arm-none-eabi/4.5.2/../../../../arm-none-eabi/lib/thumb2/libm.a(lib_a-ef_asin.o)
                              /home/laurence/CodeSourcery/Sourcery_G++_Lite/bin/../lib/gcc/arm-none-eabi/4.5.2/../../../../arm-none-eabi/lib/thumb2/libm.a(lib_a-wf_asin.o) (__ieee754_asinf)
/home/laurence/CodeSourcery/Sourcery_G++_Lite/bin/../lib/gcc/arm-none-eabi/4.5.2/../../../../arm-none-eabi/lib/thumb2/libm.a(lib_a-ef_rem_pio2.o)
                              /home/laurence/CodeSourcery/Sourcery_G++_Lite/bin/../lib/gcc/arm-none-eabi/4.5.2/../../../../arm-none-eabi/lib/thumb2/libm.a(lib_a-sf_sin.o) (__ieee754_rem_pio2f)
/home/laurence/CodeSourcery/Sourcery_G++_Lite/bin/../lib/gcc/arm-none-eabi/4.5.2/../../../../arm-none-eabi/lib/thumb2/libm.a(lib_a-ef_sqrt.o)
                              /home/laurence/CodeSourcery/Sourcery_G++_Lite/bin/../lib/gcc/arm-none-eabi/4.5.2/../../../../arm-none-eabi/lib/thumb2/libm.a(lib_a-ef_asin.o) (__ieee754_sqrtf)
/home/laurence/CodeSourcery/Sourcery_G++_Lite/bin/../lib/gcc/arm-none-eabi/4.5.2/../../../../arm-none-eabi/lib/thumb2/libm.a(lib_a-kf_cos.o)
                              /home/laurence/CodeSourcery/Sourcery_G++_Lite/bin/../lib/gcc/arm-none-eabi/4.5.2/../../../../arm-none-eabi/lib/thumb2/libm.a(lib_a-sf_sin.o) (__kernel_cosf)
/home/laurence/CodeSourcery/Sourcery_G++_Lite/bin/../lib/gcc/arm-none-eabi/4.5.2/../../../../arm-none-eabi/lib/thumb2/libm.a(lib_a-kf_rem_pio2.o)
                              /home/laurence/CodeSourcery/Sourcery_G++_Lite/bin/../lib/gcc/arm-none-eabi/4.5.2/../../../../arm-none-eabi/lib/thumb2/libm.a(lib_a-ef_rem_pio2.o) (__kernel_rem_pio2f)
[...]
Memory Configuration

Name             Origin             Length             Attributes
ram              0x20000000         0x00005000         xrw
rom              0x08000000         0x00020000         xr
*default*        0x00000000         0xffffffff

Linker script and memory map

LOAD /home/laurence/CodeSourcery/Sourcery_G++_Lite/bin/../lib/gcc/arm-none-eabi/4.5.2/thumb2/crti.o
LOAD /home/laurence/CodeSourcery/Sourcery_G++_Lite/bin/../lib/gcc/arm-none-eabi/4.5.2/thumb2/crtbegin.o
LOAD Sensors/ppg.o
LOAD Sensors/pressure.o
LOAD Sensors/temperature.o
LOAD Util/USB/hw_config.o
LOAD Util/USB/mass_mal.o
LOAD Util/USB/memory.o
LOAD Util/USB/scsi_data.o
LOAD Util/USB/usb_bot.o
LOAD Util/USB/usb_desc.o
LOAD Util/USB/usb_endp.o
LOAD Util/USB/usb_istr.o
LOAD Util/USB/usb_prop.o
LOAD Util/USB/usb_pwr.o
LOAD Util/USB/usb_scsi.o
LOAD Util/buffer.o
LOAD Util/fat_fs/option/cc932.o
LOAD Util/fat_fs/option/syscall.o
LOAD Util/fat_fs/src/fattime.o
LOAD Util/fat_fs/src/ff.o
LOAD Util/fat_fs/src/rtc.o
LOAD Util/fat_fs/src/sd_spi_stm32.o
LOAD Util/rprintf.o
LOAD Util/stm32_eval_spi_sd.o
LOAD adc.o
LOAD gpio.o
LOAD interrupts.o
LOAD lib/CMSIS_CM3/core_cm3.o
LOAD lib/CMSIS_CM3/startup/gcc/startup_stm32f10x_md.o
LOAD lib/CMSIS_CM3/system_stm32f10x.o
LOAD main.o
LOAD pwr.o
LOAD timer.o
LOAD usart.o
LOAD lib/STM32F10x_StdPeriph_Driver/libstm32fw.a
LOAD lib/STM32_USB-FS-Device_Driver/libstm32usb.a
LOAD /home/laurence/CodeSourcery/Sourcery_G++_Lite/bin/../lib/gcc/arm-none-eabi/4.5.2/../../../../arm-none-eabi/lib/thumb2/libm.a
START GROUP
LOAD /home/laurence/CodeSourcery/Sourcery_G++_Lite/bin/../lib/gcc/arm-none-eabi/4.5.2/thumb2/libgcc.a
LOAD /home/laurence/CodeSourcery/Sourcery_G++_Lite/bin/../lib/gcc/arm-none-eabi/4.5.2/../../../../arm-none-eabi/lib/thumb2/libc.a
END GROUP
LOAD /home/laurence/CodeSourcery/Sourcery_G++_Lite/bin/../lib/gcc/arm-none-eabi/4.5.2/thumb2/crtend.o
LOAD /home/laurence/CodeSourcery/Sourcery_G++_Lite/bin/../lib/gcc/arm-none-eabi/4.5.2/thumb2/crtn.o
START GROUP
LOAD /home/laurence/CodeSourcery/Sourcery_G++_Lite/bin/../lib/gcc/arm-none-eabi/4.5.2/thumb2/libgcc.a
LOAD /home/laurence/CodeSourcery/Sourcery_G++_Lite/bin/../lib/gcc/arm-none-eabi/4.5.2/../../../../arm-none-eabi/lib/thumb2/libc.a
LOAD /home/laurence/CodeSourcery/Sourcery_G++_Lite/bin/../lib/gcc/arm-none-eabi/4.5.2/../../../../arm-none-eabi/lib/thumb2/libcs3.a
LOAD /home/laurence/CodeSourcery/Sourcery_G++_Lite/bin/../lib/gcc/arm-none-eabi/4.5.2/../../../../arm-none-eabi/lib/thumb2/libcs3unhosted.a
LOAD lib/libcs3-lanchon-stm32.a
END GROUP
                0x20005000                PROVIDE (__cs3_stack, (__cs3_region_start_ram + __cs3_region_size_ram))
                0x20000ea8                PROVIDE (__cs3_heap_start, _end)
                0x20005000                PROVIDE (__cs3_heap_end, (__cs3_region_start_ram + __cs3_region_size_ram))

.text           0x08000000    0x1a740
 CREATE_OBJECT_SYMBOLS
                0x08000000                __cs3_region_start_rom = .
 *(.cs3.region-head.rom)
                0x08000000                __cs3_interrupt_vector = __cs3_interrupt_vector_lanchon_stm32
 *(.cs3.interrupt_vector)
 .cs3.interrupt_vector
                0x08000000       0xec lib/libcs3-lanchon-stm32.a(lanchon-stm32-vector.o)
                0x08000000                __cs3_interrupt_vector_lanchon_stm32
                0x08000001                ASSERT ((. != __cs3_interrupt_vector_lanchon_stm32), No interrupt vector)
 *(.rom)
 *(.rom.b)
                0x080129a0                PROVIDE (__cs3_reset_lanchon_stm32, _start)
                0x080129a0                __cs3_reset = __cs3_reset_lanchon_stm32
 *(.cs3.reset)
 *(.text .text.* .gnu.linkonce.t.*)
 .text          0x080000ec       0x30 /home/laurence/CodeSourcery/Sourcery_G++_Lite/bin/../lib/gcc/arm-none-eabi/4.5.2/thumb2/crtbegin.o
 *fill*         0x0800011c        0x4 00
 .text          0x08000120      0x4e8 Sensors/ppg.o
                0x08000120                PPG_LO_Filter
                0x080003d4                PPG_Automatic_Brightness_Control
                0x08000540                PPG_correct_brightness
                0x080005d0                PWM_Linear
 .text          0x08000608      0x258 Sensors/pressure.o
                0x08000608                calibrate_sensor
                0x08000654                conv_adc_diff
                0x0800068c                conv_diff
                0x080006bc                filterloop
 .text          0x08000860      0x2a0 Util/USB/hw_config.o
                0x08000860                Set_System
                0x08000868                Set_USBClock
                0x08000880                Enter_LowPowerMode
                0x0800088c                Leave_LowPowerMode
                0x080008ac                USB_Interrupts_Config
                0x080008f0                Led_RW_ON
                0x08000900                Led_RW_OFF
                0x08000910                USB_Configured_LED
                0x08000920                USB_NotConfigured_LED
                0x08000930                USB_Cable_Config
                0x08000934                Get_SerialNum
                0x08000af8                MAL_Config
 .text          0x08000b00       0xe4 Util/USB/mass_mal.o
                0x08000b00                MAL_Init
                0x08000b4c                MAL_Write
                0x08000b70                MAL_Read
                0x08000b94                MAL_GetStatus
 .text          0x08000be4      0x1d8 Util/USB/memory.o
                0x08000be4                Read_Memory
                0x08000cc8                Write_Memory
 .text          0x08000dbc      0x628 Util/USB/usb_bot.o
                0x08000dbc                Mass_Storage_In
                0x08000e44                CBW_Decode
                0x080012a4                Mass_Storage_Out
                0x08001334                Transfer_Data_Request
                0x08001368                Set_CSW
                0x080013a4                Bot_Abort
 .text          0x080013e4        0x8 Util/USB/usb_endp.o
                0x080013e4                EP1_IN_Callback
                0x080013e8                EP2_OUT_Callback
 .text          0x080013ec       0xf0 Util/USB/usb_istr.o
                0x080013ec                USB_Istr
 .text          0x080014dc      0x268 Util/USB/usb_prop.o
                0x080014dc                Mass_Storage_SetDeviceAddress
                0x080014e8                MASS_Status_In
                0x080014ec                MASS_Status_Out
                0x080014f0                MASS_Get_Interface_Setting
                0x08001500                Get_Max_Lun
                0x08001518                MASS_Data_Setup
                0x0800155c                MASS_GetStringDescriptor
                0x0800157c                MASS_GetConfigDescriptor
                0x08001588                MASS_GetDeviceDescriptor
                0x08001594                MASS_NoData_Setup
                0x080015e4                Mass_Storage_SetConfiguration
                0x08001614                Mass_Storage_ClearFeature
                0x08001630                MASS_Reset
                0x08001720                MASS_init
 .text          0x08001744      0x1c4 Util/USB/usb_pwr.o
                0x08001744                PowerOn
                0x08001774                PowerOff
                0x08001798                Suspend
                0x080017dc                Resume_Init
                0x0800181c                Resume
 .text          0x08001908      0x460 Util/USB/usb_scsi.o
                0x08001908                SCSI_Inquiry_Cmd
                0x08001940                SCSI_ReadFormatCapacity_Cmd
                0x080019b4                SCSI_ReadCapacity10_Cmd
                0x08001a30                SCSI_ModeSense6_Cmd
                0x08001a3c                SCSI_ModeSense10_Cmd
                0x08001a48                SCSI_RequestSense_Cmd
                0x08001a60                Set_Scsi_Sense_Data
                0x08001a6c                SCSI_Start_Stop_Unit_Cmd
                0x08001a74                SCSI_Read10_Cmd
                0x08001b24                SCSI_Write10_Cmd
                0x08001bd0                SCSI_Verify10_Cmd
                0x08001c10                SCSI_Valid_Cmd
                0x08001c48                SCSI_TestUnitReady_Cmd
                0x08001c7c                SCSI_Format_Cmd
                0x08001ca8                SCSI_Invalid_Cmd
                0x08001ce4                SCSI_Address_Management
 .text          0x08001d68       0x78 Util/buffer.o
                0x08001d68                Add_To_Buffer
                0x08001d9c                Get_From_Buffer
                0x08001dcc                init_buffer
 .text          0x08001de0      0x25c Util/fat_fs/option/cc932.o
                0x08001de0                ff_convert
                0x0800200c                ff_wtoupper
 .text          0x0800203c       0x48 Util/fat_fs/src/fattime.o
                0x0800203c                get_fattime
 .text          0x08002084     0x643c Util/fat_fs/src/ff.o
                0x0800296c                clust2sect
                0x08002988                get_fat
                0x08002f2c                put_fat
                0x08004cd0                gen_numname
                0x08005968                f_mount
                0x08005988                f_open
                0x08005df4                f_read
                0x080061dc                f_write
                0x08006610                f_sync
                0x080067e8                f_close
                0x080067f8                f_lseek
                0x080069c4                f_opendir
                0x08006a30                f_readdir
                0x08006aa4                f_stat
                0x08006aec                f_getfree
                0x08006d50                f_truncate
                0x08006ec0                f_unlink
                0x08006fd8                f_mkdir
                0x08007400                f_chmod
                0x0800745c                f_utime
                0x080074bc                f_rename
                0x0800777c                f_gets
                0x08007898                f_putc
                0x080078bc                f_puts
                0x080078f8                f_printf
 .text          0x080084c0      0x484 Util/fat_fs/src/rtc.o
                0x080084c0                rtc_gettime
                0x08008640                my_RTC_SetCounter
                0x08008664                rtc_settime
                0x08008898                rtc_init
 .text          0x08008944      0xfa8 Util/fat_fs/src/sd_spi_stm32.o
                0x08008d7c                disk_initialize
                0x08008f28                disk_status
                0x08008f38                disk_read
                0x080090b4                disk_write
                0x08009254                disk_ioctl
                0x080098b0                disk_timerproc
 .text          0x080098ec     0x182c Util/rprintf.o
                0x080098ec                rprintfInit
                0x080098f8                rprintfChar
                0x08009920                rprintfStr
                0x08009958                rprintfStrLen
                0x08009b1c                rprintfCRLF
                0x08009b34                rprintfu04
                0x08009b60                rprintfu08
                0x08009ba8                rprintfu16
                0x08009c44                rprintfu32
                0x08009d90                rprintfNum
                0x0800a000                rprintfFloat
                0x0800a2c4                rprintf2RamRom
                0x0800b0c0                Isdigit
                0x0800b0d0                atoiRamRom
                0x0800b108                rStrLen
 .text          0x0800b118      0x23c adc.o
                0x0800b118                ADC_Configuration
                0x0800b2d4                readADC2
                0x0800b30c                setADC2
                0x0800b32c                getADC2
 .text          0x0800b354      0x244 gpio.o
                0x0800b354                setup_gpio
                0x0800b508                switch_leds_on
                0x0800b530                switch_leds_off
                0x0800b558                red_flash
                0x0800b58c                get_wkup
 .text          0x0800b598      0x4b0 interrupts.o
                0x0800b598                ISR_Config
                0x0800b5ec                EXTI_ONOFF_EN
                0x0800b64c                DMA_ISR_Config
                0x0800b674                SysTick_Configuration
                0x0800b6ac                EXTI0_IRQHandler
                0x0800b784                DMAChannel1_IRQHandler
                0x0800b7b0                ADC1_2_IRQHandler
                0x0800b844                SysTickHandler
                0x0800ba40                USB_HP_CAN_TX_IRQHandler
                0x0800ba44                USB_LP_CAN_RX0_IRQHandler
 .text.Default_Handler
                0x0800ba48        0x2 lib/CMSIS_CM3/startup/gcc/startup_stm32f10x_md.o
                0x0800ba48                EXTI2_IRQHandler
                0x0800ba48                DebugMon_Handler
                0x0800ba48                TIM1_CC_IRQHandler
                0x0800ba48                HardFault_Handler
                0x0800ba48                SysTick_Handler
                0x0800ba48                PVD_IRQHandler
                0x0800ba48                PendSV_Handler
                0x0800ba48                NMI_Handler
                0x0800ba48                EXTI3_IRQHandler
                0x0800ba48                I2C2_EV_IRQHandler
                0x0800ba48                UsageFault_Handler
                0x0800ba48                SPI1_IRQHandler
                0x0800ba48                TAMPER_IRQHandler
                0x0800ba48                DMA1_Channel4_IRQHandler
                0x0800ba48                USART3_IRQHandler
                0x0800ba48                RTC_IRQHandler
                0x0800ba48                DMA1_Channel7_IRQHandler
                0x0800ba48                CAN1_RX1_IRQHandler
                0x0800ba48                TIM4_IRQHandler
                0x0800ba48                I2C1_EV_IRQHandler
                0x0800ba48                DMA1_Channel6_IRQHandler
                0x0800ba48                TIM3_IRQHandler
                0x0800ba48                RCC_IRQHandler
                0x0800ba48                TIM1_TRG_COM_IRQHandler
                0x0800ba48                DMA1_Channel1_IRQHandler
                0x0800ba48                Default_Handler
                0x0800ba48                EXTI15_10_IRQHandler
                0x0800ba48                EXTI9_5_IRQHandler
                0x0800ba48                SPI2_IRQHandler
                0x0800ba48                MemManage_Handler
                0x0800ba48                SVC_Handler
                0x0800ba48                DMA1_Channel5_IRQHandler
                0x0800ba48                EXTI4_IRQHandler
                0x0800ba48                USB_LP_CAN1_RX0_IRQHandler
                0x0800ba48                USB_HP_CAN1_TX_IRQHandler
                0x0800ba48                DMA1_Channel3_IRQHandler
                0x0800ba48                TIM1_UP_IRQHandler
                0x0800ba48                WWDG_IRQHandler
                0x0800ba48                TIM2_IRQHandler
                0x0800ba48                TIM1_BRK_IRQHandler
                0x0800ba48                EXTI1_IRQHandler
                0x0800ba48                RTCAlarm_IRQHandler
                0x0800ba48                USART2_IRQHandler
                0x0800ba48                I2C2_ER_IRQHandler
                0x0800ba48                DMA1_Channel2_IRQHandler
                0x0800ba48                CAN1_SCE_IRQHandler
                0x0800ba48                FLASH_IRQHandler
                0x0800ba48                BusFault_Handler
                0x0800ba48                USART1_IRQHandler
                0x0800ba48                I2C1_ER_IRQHandler
                0x0800ba48                USBWakeUp_IRQHandler
 *fill*         0x0800ba4a        0x2 00
 .text          0x0800ba4c       0xfc lib/CMSIS_CM3/system_stm32f10x.o
                0x0800ba4c                SystemInit
 .text          0x0800bb48      0x480 main.o
                0x0800bb48                __str_print_char
                0x0800bb74                __fat_print_char
                0x0800bb94                main
 .text          0x0800bfc8       0x2c pwr.o
                0x0800bfc8                setuppwr
                0x0800bfdc                shutdown
                0x0800bfec                disable_pin
 .text          0x0800bff4      0x1c8 timer.o
                0x0800bff4                setup_pwm
                0x0800c124                Tryfudge
                0x0800c174                Set_Motor
 .text          0x0800c1bc      0x110 usart.o
                0x0800c1bc                Usarts_Init
                0x0800c268                Default_Usart_Config
                0x0800c284                Usart_Send_Str
                0x0800c2b0                __usart_send_char
 .text          0x0800c2cc       0xb8 lib/STM32F10x_StdPeriph_Driver/libstm32fw.a(misc.o)
                0x0800c2cc                NVIC_PriorityGroupConfig
                0x0800c2e0                NVIC_Init
                0x0800c340                NVIC_SetVectorTable
                0x0800c354                NVIC_SystemLPConfig
                0x0800c36c                SysTick_CLKSourceConfig
 .text          0x0800c384      0x380 lib/STM32F10x_StdPeriph_Driver/libstm32fw.a(stm32f10x_adc.o)
                0x0800c384                ADC_DeInit
                0x0800c3e0                ADC_Init
                0x0800c42c                ADC_StructInit
                0x0800c43e                ADC_Cmd
                0x0800c452                ADC_DMACmd
                0x0800c466                ADC_ITConfig
                0x0800c47a                ADC_ResetCalibration
                0x0800c484                ADC_GetResetCalibrationStatus
                0x0800c48c                ADC_StartCalibration
                0x0800c496                ADC_GetCalibrationStatus
                0x0800c49e                ADC_SoftwareStartConvCmd
                0x0800c4b2                ADC_GetSoftwareStartConvStatus
                0x0800c4ba                ADC_DiscModeChannelCountConfig
                0x0800c4ca                ADC_DiscModeCmd
                0x0800c4de                ADC_RegularChannelConfig
                0x0800c56c                ADC_ExternalTrigConvCmd
                0x0800c580                ADC_GetConversionValue
                0x0800c586                ADC_GetDualModeConversionValue
                0x0800c590                ADC_AutoInjectedConvCmd
                0x0800c5a4                ADC_InjectedDiscModeCmd
                0x0800c5b8                ADC_ExternalTrigInjectedConvConfig
                0x0800c5c6                ADC_ExternalTrigInjectedConvCmd
                0x0800c5da                ADC_SoftwareStartInjectedConvCmd
                0x0800c5ee                ADC_GetSoftwareStartInjectedConvCmdStatus
                0x0800c5f6                ADC_InjectedChannelConfig
                0x0800c652                ADC_InjectedSequencerLengthConfig
                0x0800c662                ADC_SetInjectedOffset
                0x0800c678                ADC_GetInjectedConversionValue
                0x0800c692                ADC_AnalogWatchdogCmd
                0x0800c6a4                ADC_AnalogWatchdogThresholdsConfig
                0x0800c6aa                ADC_AnalogWatchdogSingleChannelConfig
                0x0800c6b8                ADC_TempSensorVrefintCmd
                0x0800c6d4                ADC_GetFlagStatus
                0x0800c6e0                ADC_ClearFlag
                0x0800c6e6                ADC_GetITStatus
                0x0800c6fc                ADC_ClearITPendingBit
 .text          0x0800c704       0xe0 lib/STM32F10x_StdPeriph_Driver/libstm32fw.a(stm32f10x_bkp.o)
                0x0800c704                BKP_DeInit
                0x0800c716                BKP_TamperPinLevelConfig
                0x0800c720                BKP_TamperPinCmd
                0x0800c72c                BKP_ITConfig
                0x0800c738                BKP_RTCOutputConfig
                0x0800c750                BKP_SetRTCCalibrationValue
                0x0800c768                BKP_WriteBackupRegister
                0x0800c784                BKP_ReadBackupRegister
                0x0800c7a4                BKP_GetFlagStatus
                0x0800c7b0                BKP_ClearFlag
                0x0800c7c4                BKP_GetITStatus
                0x0800c7d0                BKP_ClearITPendingBit
 .text          0x0800c7e4      0x1f0 lib/STM32F10x_StdPeriph_Driver/libstm32fw.a(stm32f10x_dma.o)
                0x0800c7e4                DMA_DeInit
                0x0800c8e0                DMA_Init
                0x0800c920                DMA_StructInit
                0x0800c93a                DMA_Cmd
                0x0800c94e                DMA_ITConfig
                0x0800c960                DMA_GetCurrDataCounter
                0x0800c966                DMA_GetFlagStatus
                0x0800c984                DMA_ClearFlag
                0x0800c99c                DMA_GetITStatus
                0x0800c9bc                DMA_ClearITPendingBit
 .text          0x0800c9d4      0x108 lib/STM32F10x_StdPeriph_Driver/libstm32fw.a(stm32f10x_exti.o)
                0x0800c9d4                EXTI_DeInit
                0x0800c9f0                EXTI_Init
                0x0800ca74                EXTI_StructInit
                0x0800ca82                EXTI_GenerateSWInterrupt
                0x0800ca94                EXTI_GetFlagStatus
                0x0800caa8                EXTI_ClearFlag
                0x0800cab4                EXTI_GetITStatus
                0x0800cad0                EXTI_ClearITPendingBit
 .text          0x0800cadc      0x278 lib/STM32F10x_StdPeriph_Driver/libstm32fw.a(stm32f10x_gpio.o)
                0x0800cadc                GPIO_DeInit
                0x0800cb88                GPIO_AFIODeInit
                0x0800cb9e                GPIO_Init
                0x0800cc36                GPIO_StructInit
                0x0800cc46                GPIO_ReadInputDataBit
                0x0800cc52                GPIO_ReadInputData
                0x0800cc58                GPIO_ReadOutputDataBit
                0x0800cc64                GPIO_ReadOutputData
                0x0800cc6a                GPIO_SetBits
                0x0800cc6e                GPIO_ResetBits
                0x0800cc72                GPIO_WriteBit
                0x0800cc7c                GPIO_Write
                0x0800cc80                GPIO_PinLockConfig
                0x0800cc90                GPIO_EventOutputConfig
                0x0800ccb0                GPIO_EventOutputCmd
                0x0800ccbc                GPIO_PinRemapConfig
                0x0800cd14                GPIO_EXTILineConfig
                0x0800cd48                GPIO_ETH_MediaInterfaceConfig
 .text          0x0800cd54       0xcc lib/STM32F10x_StdPeriph_Driver/libstm32fw.a(stm32f10x_pwr.o)
                0x0800cd58                PWR_DeInit
                0x0800cd72                PWR_BackupAccessCmd
                0x0800cd7c                PWR_PVDCmd
                0x0800cd88                PWR_PVDLevelConfig
                0x0800cd9c                PWR_WakeUpPinCmd
                0x0800cda8                PWR_EnterSTOPMode
                0x0800cdd4                PWR_EnterSTANDBYMode
                0x0800cdfc                PWR_GetFlagStatus
                0x0800ce10                PWR_ClearFlag
 .text          0x0800ce20      0x360 lib/STM32F10x_StdPeriph_Driver/libstm32fw.a(stm32f10x_rcc.o)
                0x0800ce20                RCC_DeInit
                0x0800ce60                RCC_HSEConfig
                0x0800ce98                RCC_AdjustHSICalibrationValue
                0x0800ceac                RCC_HSICmd
                0x0800ceb8                RCC_PLLConfig
                0x0800ced0                RCC_PLLCmd
                0x0800cedc                RCC_SYSCLKConfig
                0x0800cef0                RCC_GetSYSCLKSource
                0x0800cf00                RCC_HCLKConfig
                0x0800cf14                RCC_PCLK1Config
                0x0800cf28                RCC_PCLK2Config
                0x0800cf3c                RCC_ITConfig
                0x0800cf54                RCC_USBCLKConfig
                0x0800cf60                RCC_ADCCLKConfig
                0x0800cf74                RCC_LSEConfig
                0x0800cf94                RCC_LSICmd
                0x0800cfa0                RCC_RTCCLKConfig
                0x0800cfb0                RCC_RTCCLKCmd
                0x0800cfbc                RCC_GetClocksFreq
                0x0800d060                RCC_AHBPeriphClockCmd
                0x0800d078                RCC_APB2PeriphClockCmd
                0x0800d090                RCC_APB1PeriphClockCmd
                0x0800d0a8                RCC_APB2PeriphResetCmd
                0x0800d0c0                RCC_APB1PeriphResetCmd
                0x0800d0d8                RCC_BackupResetCmd
                0x0800d0e4                RCC_ClockSecuritySystemCmd
                0x0800d0f0                RCC_MCOConfig
                0x0800d0fc                RCC_GetFlagStatus
                0x0800d124                RCC_WaitForHSEStartUp
                0x0800d150                RCC_ClearFlag
                0x0800d160                RCC_GetITStatus
                0x0800d174                RCC_ClearITPendingBit
 .text          0x0800d180      0x158 lib/STM32F10x_StdPeriph_Driver/libstm32fw.a(stm32f10x_rtc.o)
                0x0800d180                RTC_ITConfig
                0x0800d19c                RTC_EnterConfigMode
                0x0800d1b0                RTC_ExitConfigMode
                0x0800d1c4                RTC_GetCounter
                0x0800d1d8                RTC_SetCounter
                0x0800d1f4                RTC_SetPrescaler
                0x0800d214                RTC_SetAlarm
                0x0800d230                RTC_GetDivider
                0x0800d248                RTC_WaitForLastTask
                0x0800d258                RTC_WaitForSynchro
                0x0800d278                RTC_GetFlagStatus
                0x0800d28c                RTC_ClearFlag
                0x0800d2a0                RTC_GetITStatus
                0x0800d2c4                RTC_ClearITPendingBit
 .text          0x0800d2d8      0x2d4 lib/STM32F10x_StdPeriph_Driver/libstm32fw.a(stm32f10x_spi.o)
                0x0800d2d8                SPI_I2S_DeInit
                0x0800d33c                SPI_Init
                0x0800d37c                I2S_Init
                0x0800d41c                SPI_StructInit
                0x0800d434                I2S_StructInit
                0x0800d446                SPI_Cmd
                0x0800d460                I2S_Cmd
                0x0800d47a                SPI_I2S_ITConfig
                0x0800d498                SPI_I2S_DMACmd
                0x0800d4ae                SPI_I2S_SendData
                0x0800d4b2                SPI_I2S_ReceiveData
                0x0800d4b8                SPI_NSSInternalSoftwareConfig
                0x0800d4d8                SPI_SSOutputCmd
                0x0800d4f2                SPI_DataSizeConfig
                0x0800d50a                SPI_TransmitCRC
                0x0800d516                SPI_CalculateCRC
                0x0800d530                SPI_GetCRC
                0x0800d540                SPI_GetCRCPolynomial
                0x0800d546                SPI_BiDirectionalLineConfig
                0x0800d564                SPI_I2S_GetFlagStatus
                0x0800d570                SPI_I2S_ClearFlag
                0x0800d576                SPI_I2S_GetITStatus
                0x0800d59c                SPI_I2S_ClearITPendingBit
 .text          0x0800d5ac      0xa80 lib/STM32F10x_StdPeriph_Driver/libstm32fw.a(stm32f10x_tim.o)
                0x0800d61a                TIM_DeInit
                0x0800d6e4                TIM_TimeBaseInit
                0x0800d720                TIM_OC1Init
                0x0800d7a0                TIM_OC2Init
                0x0800d828                TIM_OC3Init
                0x0800d8ac                TIM_OC4Init
                0x0800d910                TIM_BDTRConfig
                0x0800d932                TIM_TimeBaseStructInit
                0x0800d944                TIM_OCStructInit
                0x0800d958                TIM_ICStructInit
                0x0800d968                TIM_BDTRStructInit
                0x0800d97a                TIM_Cmd
                0x0800d994                TIM_CtrlPWMOutputs
                0x0800d9b2                TIM_ITConfig
                0x0800d9c8                TIM_GenerateEvent
                0x0800d9cc                TIM_DMAConfig
                0x0800d9d4                TIM_DMACmd
                0x0800d9ea                TIM_InternalClockConfig
                0x0800d9f8                TIM_ETRConfig
                0x0800da0e                TIM_ETRClockMode2Config
                0x0800da22                TIM_ETRClockMode1Config
                0x0800da3c                TIM_PrescalerConfig
                0x0800da42                TIM_CounterModeConfig
                0x0800da54                TIM_SelectInputTrigger
                0x0800da66                TIM_TIxExternalClockConfig
                0x0800da94                TIM_ITRxExternalClockConfig
                0x0800daa8                TIM_EncoderInterfaceConfig
                0x0800dae6                TIM_ForcedOC1Config
                0x0800daf8                TIM_ForcedOC2Config
                0x0800db0a                TIM_ForcedOC3Config
                0x0800db1c                TIM_ForcedOC4Config
                0x0800db2e                TIM_ARRPreloadConfig
                0x0800db48                TIM_SelectCOM
                0x0800db62                TIM_SelectCCDMA
                0x0800db7c                TIM_CCPreloadControl
                0x0800db96                TIM_OC1PreloadConfig
                0x0800dba8                TIM_OC2PreloadConfig
                0x0800dbba                TIM_OC3PreloadConfig
                0x0800dbcc                TIM_OC4PreloadConfig
                0x0800dbde                TIM_OC1FastConfig
                0x0800dbf0                TIM_OC2FastConfig
                0x0800dc02                TIM_OC3FastConfig
                0x0800dc14                TIM_OC4FastConfig
                0x0800dc26                TIM_ClearOC1Ref
                0x0800dc38                TIM_ClearOC2Ref
                0x0800dc46                TIM_ClearOC3Ref
                0x0800dc58                TIM_ClearOC4Ref
                0x0800dc66                TIM_OC1PolarityConfig
                0x0800dc78                TIM_OC1NPolarityConfig
                0x0800dc8a                TIM_OC2PolarityConfig
                0x0800dc9c                TIM_OC2NPolarityConfig
                0x0800dcae                TIM_OC3PolarityConfig
                0x0800dcc0                TIM_OC3NPolarityConfig
                0x0800dcd2                TIM_OC4PolarityConfig
                0x0800dce4                TIM_CCxCmd
                0x0800dd02                TIM_CCxNCmd
                0x0800dd20                TIM_SelectOCxM
                0x0800dd6c                TIM_UpdateDisableConfig
                0x0800dd86                TIM_UpdateRequestConfig
                0x0800dda0                TIM_SelectHallSensor
                0x0800ddba                TIM_SelectOnePulseMode
                0x0800ddd2                TIM_SelectOutputTrigger
                0x0800ddea                TIM_SelectSlaveMode
                0x0800de02                TIM_SelectMasterSlaveMode
                0x0800de1a                TIM_SetCounter
                0x0800de1e                TIM_SetAutoreload
                0x0800de22                TIM_SetCompare1
                0x0800de26                TIM_SetCompare2
                0x0800de2a                TIM_SetCompare3
                0x0800de2e                TIM_SetCompare4
                0x0800de34                TIM_SetIC1Prescaler
                0x0800de4c                TIM_SetIC2Prescaler
                0x0800de64                TIM_PWMIConfig
                0x0800ded0                TIM_SetIC3Prescaler
                0x0800dee8                TIM_SetIC4Prescaler
                0x0800df00                TIM_ICInit
                0x0800dfc4                TIM_SetClockDivision
                0x0800dfd6                TIM_GetCapture1
                0x0800dfdc                TIM_GetCapture2
                0x0800dfe2                TIM_GetCapture3
                0x0800dfe8                TIM_GetCapture4
                0x0800dff0                TIM_GetCounter
                0x0800dff6                TIM_GetPrescaler
                0x0800dffc                TIM_GetFlagStatus
                0x0800e008                TIM_ClearFlag
                0x0800e00e                TIM_GetITStatus
                0x0800e024                TIM_ClearITPendingBit
 .text          0x0800e02c      0x374 lib/STM32F10x_StdPeriph_Driver/libstm32fw.a(stm32f10x_usart.o)
                0x0800e02c                USART_DeInit
                0x0800e0c4                USART_Init
                0x0800e154                USART_StructInit
                0x0800e16a                USART_ClockInit
                0x0800e190                USART_ClockStructInit
                0x0800e19c                USART_Cmd
                0x0800e1b6                USART_ITConfig
                0x0800e1ec                USART_DMACmd
                0x0800e202                USART_SetAddress
                0x0800e21a                USART_WakeUpConfig
                0x0800e232                USART_ReceiverWakeUpCmd
                0x0800e24c                USART_LINBreakDetectLengthConfig
                0x0800e264                USART_LINCmd
                0x0800e27e                USART_SendData
                0x0800e286                USART_ReceiveData
                0x0800e28e                USART_SendBreak
                0x0800e29a                USART_SetGuardTime
                0x0800e2ac                USART_SetPrescaler
                0x0800e2c0                USART_SmartCardCmd
                0x0800e2da                USART_SmartCardNACKCmd
                0x0800e2f4                USART_HalfDuplexCmd
                0x0800e30e                USART_IrDAConfig
                0x0800e326                USART_IrDACmd
                0x0800e340                USART_GetFlagStatus
                0x0800e34c                USART_ClearFlag
                0x0800e352                USART_GetITStatus
                0x0800e392                USART_ClearITPendingBit
 .text          0x0800e3a0      0xa54 lib/STM32_USB-FS-Device_Driver/libstm32usb.a(usb_core.o)
                0x0800e3a0                Standard_GetConfiguration
                0x0800e3c8                Standard_GetInterface
                0x0800e3f0                Standard_GetStatus
                0x0800e564                Standard_SetConfiguration
                0x0800e5a0                Standard_SetInterface
                0x0800e5f0                Standard_ClearFeature
                0x0800e6ec                Standard_SetEndPointFeature
                0x0800e7a0                Standard_SetDeviceFeature
                0x0800e7c4                Standard_GetDescriptorData
                0x0800e7e0                Post0_Process
                0x0800e828                Out0_Process
                0x0800e904                Setup0_Process
                0x0800ecd4                SetDeviceAddress
                0x0800ed90                In0_Process
                0x0800edf0                NOP_Process
 .text          0x0800edf4       0x38 lib/STM32_USB-FS-Device_Driver/libstm32usb.a(usb_init.o)
                0x0800edf4                USB_Init
 .text          0x0800ee2c      0x25c lib/STM32_USB-FS-Device_Driver/libstm32usb.a(usb_int.o)
                0x0800ee2c                CTR_LP
                0x0800eff4                CTR_HP
 .text          0x0800f088       0xb8 lib/STM32_USB-FS-Device_Driver/libstm32usb.a(usb_mem.o)
                0x0800f088                UserToPMABufferCopy
                0x0800f0f0                PMAToUserBufferCopy
 .text          0x0800f140      0x880 lib/STM32_USB-FS-Device_Driver/libstm32usb.a(usb_regs.o)
                0x0800f140                SetCNTR
                0x0800f14c                GetCNTR
                0x0800f158                SetISTR
                0x0800f164                GetISTR
                0x0800f170                GetFNR
                0x0800f17c                SetDADDR
                0x0800f188                GetDADDR
                0x0800f194                SetBTABLE
                0x0800f1a8                GetBTABLE
                0x0800f1b4                SetENDPOINT
                0x0800f1c4                GetENDPOINT
                0x0800f1d4                SetEPType
                0x0800f1f0                GetEPType
                0x0800f204                SetEPTxStatus
                0x0800f244                SetEPRxStatus
                0x0800f284                SetDouBleBuffEPStall
                0x0800f2ac                GetEPTxStatus
                0x0800f2c0                GetEPRxStatus
                0x0800f2d4                SetEPTxValid
                0x0800f2f8                SetEPRxValid
                0x0800f31c                SetEP_KIND
                0x0800f33c                ClearEP_KIND
                0x0800f35c                Clear_Status_Out
                0x0800f37c                Set_Status_Out
                0x0800f39c                SetEPDoubleBuff
                0x0800f3bc                ClearEPDoubleBuff
                0x0800f3dc                GetTxStallStatus
                0x0800f3fc                GetRxStallStatus
                0x0800f41c                ClearEP_CTR_RX
                0x0800f434                ClearEP_CTR_TX
                0x0800f44c                ToggleDTOG_RX
                0x0800f46c                ToggleDTOG_TX
                0x0800f48c                ClearDTOG_RX
                0x0800f4b4                ClearDTOG_TX
                0x0800f4dc                SetEPAddress
                0x0800f500                GetEPAddress
                0x0800f514                SetEPTxAddr
                0x0800f538                SetEPRxAddr
                0x0800f560                GetEPTxAddr
                0x0800f580                GetEPRxAddr
                0x0800f5a0                SetEPTxCount
                0x0800f5c0                SetEPCountRxReg
                0x0800f5ec                SetEPRxCount
                0x0800f634                GetEPTxCount
                0x0800f658                GetEPRxCount
                0x0800f67c                SetEPDblBuffAddr
                0x0800f6c4                SetEPDblBuf0Addr
                0x0800f6e8                SetEPDblBuf1Addr
                0x0800f710                GetEPDblBuf0Addr
                0x0800f730                GetEPDblBuf1Addr
                0x0800f750                SetEPDblBuffCount
                0x0800f7fc                SetEPDblBuf0Count
                0x0800f864                SetEPDblBuf1Count
                0x0800f8cc                GetEPDblBuf0Count
                0x0800f8f0                GetEPDblBuf1Count
                0x0800f914                GetEPDblBufDir
                0x0800f95c                FreeUserBuffer
                0x0800f9ac                ToWord
                0x0800f9b4                ByteSwap
 .text          0x0800f9c0       0x6c lib/STM32_USB-FS-Device_Driver/libstm32usb.a(usb_sil.o)
                0x0800f9c0                USB_SIL_Init
                0x0800f9e0                USB_SIL_Write
                0x0800fa08                USB_SIL_Read
 .text          0x0800fa2c       0x78 /home/laurence/CodeSourcery/Sourcery_G++_Lite/bin/../lib/gcc/arm-none-eabi/4.5.2/../../../../arm-none-eabi/lib/thumb2/libm.a(lib_a-sf_sin.o)
                0x0800fa2c                sinf
 .text          0x0800faa4       0xac /home/laurence/CodeSourcery/Sourcery_G++_Lite/bin/../lib/gcc/arm-none-eabi/4.5.2/../../../../arm-none-eabi/lib/thumb2/libm.a(lib_a-w_sqrt.o)
                0x0800faa4                sqrt
 .text          0x0800fb50       0xa8 /home/laurence/CodeSourcery/Sourcery_G++_Lite/bin/../lib/gcc/arm-none-eabi/4.5.2/../../../../arm-none-eabi/lib/thumb2/libm.a(lib_a-wf_asin.o)
                0x0800fb50                asinf
 .text          0x0800fbf8      0x1c0 /home/laurence/CodeSourcery/Sourcery_G++_Lite/bin/../lib/gcc/arm-none-eabi/4.5.2/../../../../arm-none-eabi/lib/thumb2/libm.a(lib_a-e_sqrt.o)
                0x0800fbf8                __ieee754_sqrt
 .text          0x0800fdb8      0x318 /home/laurence/CodeSourcery/Sourcery_G++_Lite/bin/../lib/gcc/arm-none-eabi/4.5.2/../../../../arm-none-eabi/lib/thumb2/libm.a(lib_a-ef_asin.o)
                0x0800fdb8                __ieee754_asinf
 .text          0x080100d0      0x358 /home/laurence/CodeSourcery/Sourcery_G++_Lite/bin/../lib/gcc/arm-none-eabi/4.5.2/../../../../arm-none-eabi/lib/thumb2/libm.a(lib_a-ef_rem_pio2.o)
                0x080100d0                __ieee754_rem_pio2f
 .text          0x08010428       0xb0 /home/laurence/CodeSourcery/Sourcery_G++_Lite/bin/../lib/gcc/arm-none-eabi/4.5.2/../../../../arm-none-eabi/lib/thumb2/libm.a(lib_a-ef_sqrt.o)
                0x08010428                __ieee754_sqrtf
 .text          0x080104d8      0x1b8 /home/laurence/CodeSourcery/Sourcery_G++_Lite/bin/../lib/gcc/arm-none-eabi/4.5.2/../../../../arm-none-eabi/lib/thumb2/libm.a(lib_a-kf_cos.o)
                0x080104d8                __kernel_cosf
 .text          0x08010690      0x63c /home/laurence/CodeSourcery/Sourcery_G++_Lite/bin/../lib/gcc/arm-none-eabi/4.5.2/../../../../arm-none-eabi/lib/thumb2/libm.a(lib_a-kf_rem_pio2.o)
                0x08010690                __kernel_rem_pio2f
 .text          0x08010ccc      0x100 /home/laurence/CodeSourcery/Sourcery_G++_Lite/bin/../lib/gcc/arm-none-eabi/4.5.2/../../../../arm-none-eabi/lib/thumb2/libm.a(lib_a-kf_sin.o)
                0x08010ccc                __kernel_sinf
 .text          0x08010dcc       0x90 /home/laurence/CodeSourcery/Sourcery_G++_Lite/bin/../lib/gcc/arm-none-eabi/4.5.2/../../../../arm-none-eabi/lib/thumb2/libm.a(lib_a-s_fpclassify.o)
                0x08010dcc                __fpclassifyd
 .text          0x08010e5c        0x4 /home/laurence/CodeSourcery/Sourcery_G++_Lite/bin/../lib/gcc/arm-none-eabi/4.5.2/../../../../arm-none-eabi/lib/thumb2/libm.a(lib_a-s_matherr.o)
                0x08010e5c                matherr
 .text          0x08010e60        0xc /home/laurence/CodeSourcery/Sourcery_G++_Lite/bin/../lib/gcc/arm-none-eabi/4.5.2/../../../../arm-none-eabi/lib/thumb2/libm.a(lib_a-s_nan.o)
                0x08010e60                nan
 .text          0x08010e6c        0x8 /home/laurence/CodeSourcery/Sourcery_G++_Lite/bin/../lib/gcc/arm-none-eabi/4.5.2/../../../../arm-none-eabi/lib/thumb2/libm.a(lib_a-sf_fabs.o)
                0x08010e6c                fabsf
 .text          0x08010e74       0xa0 /home/laurence/CodeSourcery/Sourcery_G++_Lite/bin/../lib/gcc/arm-none-eabi/4.5.2/../../../../arm-none-eabi/lib/thumb2/libm.a(lib_a-sf_floor.o)
                0x08010e74                floorf
 .text          0x08010f14       0x7c /home/laurence/CodeSourcery/Sourcery_G++_Lite/bin/../lib/gcc/arm-none-eabi/4.5.2/../../../../arm-none-eabi/lib/thumb2/libm.a(lib_a-sf_fpclassify.o)
                0x08010f14                __fpclassifyf
 .text          0x08010f90       0xc0 /home/laurence/CodeSourcery/Sourcery_G++_Lite/bin/../lib/gcc/arm-none-eabi/4.5.2/../../../../arm-none-eabi/lib/thumb2/libm.a(lib_a-sf_scalbn.o)
                0x08010f90                scalbnf
 .text          0x08011050       0x10 /home/laurence/CodeSourcery/Sourcery_G++_Lite/bin/../lib/gcc/arm-none-eabi/4.5.2/../../../../arm-none-eabi/lib/thumb2/libm.a(lib_a-sf_copysign.o)
                0x08011050                copysignf
 .text          0x08011060      0x370 /home/laurence/CodeSourcery/Sourcery_G++_Lite/bin/../lib/gcc/arm-none-eabi/4.5.2/thumb2/libgcc.a(_arm_addsubdf3.o)
                0x08011060                __aeabi_drsub
                0x08011068                __aeabi_dsub
                0x08011068                __subdf3
                0x0801106c                __adddf3
                0x0801106c                __aeabi_dadd
                0x080112e4                __aeabi_ui2d
                0x080112e4                __floatunsidf
                0x08011304                __floatsidf
                0x08011304                __aeabi_i2d
                0x08011328                __extendsfdf2
                0x08011328                __aeabi_f2d
                0x08011364                __aeabi_ul2d
                0x08011364                __floatundidf
                0x08011374                __floatdidf
                0x08011374                __aeabi_l2d
 .text          0x080113d0      0x424 /home/laurence/CodeSourcery/Sourcery_G++_Lite/bin/../lib/gcc/arm-none-eabi/4.5.2/thumb2/libgcc.a(_arm_muldivdf3.o)
                0x080113d0                __aeabi_dmul
                0x080113d0                __muldf3
                0x08011624                __aeabi_ddiv
                0x08011624                __divdf3
 .text          0x080117f4      0x110 /home/laurence/CodeSourcery/Sourcery_G++_Lite/bin/../lib/gcc/arm-none-eabi/4.5.2/thumb2/libgcc.a(_arm_cmpdf2.o)
                0x080117f4                __gtdf2
                0x080117f4                __gedf2
                0x080117fc                __ltdf2
                0x080117fc                __ledf2
                0x08011804                __cmpdf2
                0x08011804                __eqdf2
                0x08011804                __nedf2
                0x08011880                __aeabi_cdrcmple
                0x08011890                __aeabi_cdcmple
                0x08011890                __aeabi_cdcmpeq
                0x080118a0                __aeabi_dcmpeq
                0x080118b4                __aeabi_dcmplt
                0x080118c8                __aeabi_dcmple
                0x080118dc                __aeabi_dcmpge
                0x080118f0                __aeabi_dcmpgt
 .text          0x08011904       0x50 /home/laurence/CodeSourcery/Sourcery_G++_Lite/bin/../lib/gcc/arm-none-eabi/4.5.2/thumb2/libgcc.a(_arm_fixdfsi.o)
                0x08011904                __fixdfsi
                0x08011904                __aeabi_d2iz
 .text          0x08011954       0x40 /home/laurence/CodeSourcery/Sourcery_G++_Lite/bin/../lib/gcc/arm-none-eabi/4.5.2/thumb2/libgcc.a(_arm_fixunsdfsi.o)
                0x08011954                __fixunsdfsi
                0x08011954                __aeabi_d2uiz
 .text          0x08011994       0xa0 /home/laurence/CodeSourcery/Sourcery_G++_Lite/bin/../lib/gcc/arm-none-eabi/4.5.2/thumb2/libgcc.a(_arm_truncdfsf2.o)
                0x08011994                __aeabi_d2f
                0x08011994                __truncdfsf2
 .text          0x08011a34      0x21c /home/laurence/CodeSourcery/Sourcery_G++_Lite/bin/../lib/gcc/arm-none-eabi/4.5.2/thumb2/libgcc.a(_arm_addsubsf3.o)
                0x08011a34                __aeabi_frsub
                0x08011a3c                __subsf3
                0x08011a3c                __aeabi_fsub
                0x08011a40                __aeabi_fadd
                0x08011a40                __addsf3
                0x08011ba0                __aeabi_ui2f
                0x08011ba0                __floatunsisf
                0x08011ba8                __aeabi_i2f
                0x08011ba8                __floatsisf
                0x08011bc4                __floatundisf
                0x08011bc4                __aeabi_ul2f
                0x08011bd4                __floatdisf
                0x08011bd4                __aeabi_l2f
 .text          0x08011c50      0x2a0 /home/laurence/CodeSourcery/Sourcery_G++_Lite/bin/../lib/gcc/arm-none-eabi/4.5.2/thumb2/libgcc.a(_arm_muldivsf3.o)
                0x08011c50                __mulsf3
                0x08011c50                __aeabi_fmul
                0x08011db8                __divsf3
                0x08011db8                __aeabi_fdiv
 .text          0x08011ef0       0xec /home/laurence/CodeSourcery/Sourcery_G++_Lite/bin/../lib/gcc/arm-none-eabi/4.5.2/thumb2/libgcc.a(_arm_cmpsf2.o)
                0x08011ef0                __gtsf2
                0x08011ef0                __gesf2
                0x08011ef8                __lesf2
                0x08011ef8                __ltsf2
                0x08011f00                __nesf2
                0x08011f00                __eqsf2
                0x08011f00                __cmpsf2
                0x08011f60                __aeabi_cfrcmple
                0x08011f68                __aeabi_cfcmple
                0x08011f68                __aeabi_cfcmpeq
                0x08011f78                __aeabi_fcmpeq
                0x08011f8c                __aeabi_fcmplt
                0x08011fa0                __aeabi_fcmple
                0x08011fb4                __aeabi_fcmpge
                0x08011fc8                __aeabi_fcmpgt
 .text          0x08011fdc       0x4c /home/laurence/CodeSourcery/Sourcery_G++_Lite/bin/../lib/gcc/arm-none-eabi/4.5.2/thumb2/libgcc.a(_arm_fixsfsi.o)
                0x08011fdc                __fixsfsi
                0x08011fdc                __aeabi_f2iz
 .text          0x08012028       0x40 /home/laurence/CodeSourcery/Sourcery_G++_Lite/bin/../lib/gcc/arm-none-eabi/4.5.2/thumb2/libgcc.a(_arm_fixunssfsi.o)
                0x08012028                __aeabi_f2uiz
                0x08012028                __fixunssfsi
 .text          0x08012068        0xc /home/laurence/CodeSourcery/Sourcery_G++_Lite/bin/../lib/gcc/arm-none-eabi/4.5.2/../../../../arm-none-eabi/lib/thumb2/libc.a(lib_a-errno.o)
                0x08012068                __errno
 .text          0x08012074       0x20 /home/laurence/CodeSourcery/Sourcery_G++_Lite/bin/../lib/gcc/arm-none-eabi/4.5.2/../../../../arm-none-eabi/lib/thumb2/libc.a(lib_a-malloc.o)
                0x08012074                malloc
                0x08012084                free
 .text          0x08012094      0x57c /home/laurence/CodeSourcery/Sourcery_G++_Lite/bin/../lib/gcc/arm-none-eabi/4.5.2/../../../../arm-none-eabi/lib/thumb2/libc.a(lib_a-mallocr.o)
                0x08012094                _malloc_r
 .text          0x08012610        0x8 /home/laurence/CodeSourcery/Sourcery_G++_Lite/bin/../lib/gcc/arm-none-eabi/4.5.2/../../../../arm-none-eabi/lib/thumb2/libc.a(lib_a-mlock.o)
                0x08012610                __malloc_lock
                0x08012614                __malloc_unlock
 .text          0x08012618       0x28 /home/laurence/CodeSourcery/Sourcery_G++_Lite/bin/../lib/gcc/arm-none-eabi/4.5.2/../../../../arm-none-eabi/lib/thumb2/libc.a(lib_a-sbrkr.o)
                0x08012618                _sbrk_r
 .text          0x08012640       0x60 /home/laurence/CodeSourcery/Sourcery_G++_Lite/bin/../lib/gcc/arm-none-eabi/4.5.2/../../../../arm-none-eabi/lib/thumb2/libc.a(lib_a-strlen.o)
                0x08012640                strlen
 .text          0x080126a0      0x240 /home/laurence/CodeSourcery/Sourcery_G++_Lite/bin/../lib/gcc/arm-none-eabi/4.5.2/../../../../arm-none-eabi/lib/thumb2/libc.a(lib_a-freer.o)
                0x080126a0                _malloc_trim_r
                0x08012748                _free_r
 .text          0x080128e0       0x30 /home/laurence/CodeSourcery/Sourcery_G++_Lite/bin/../lib/gcc/arm-none-eabi/4.5.2/../../../../arm-none-eabi/lib/thumb2/libcs3.a(start_c.o)
                0x080128e0                __cs3_premain
 .text.cs3.init
                0x08012910       0x50 /home/laurence/CodeSourcery/Sourcery_G++_Lite/bin/../lib/gcc/arm-none-eabi/4.5.2/../../../../arm-none-eabi/lib/thumb2/libcs3.a(start_c.o)
                0x08012910                __cs3_start_c
 .text          0x08012960       0x40 /home/laurence/CodeSourcery/Sourcery_G++_Lite/bin/../lib/gcc/arm-none-eabi/4.5.2/../../../../arm-none-eabi/lib/thumb2/libcs3unhosted.a(unhosted-sbrk.o)
                0x08012960                _sbrk
 .text.cs3.init
                0x080129a0       0x10 /home/laurence/CodeSourcery/Sourcery_G++_Lite/bin/../lib/gcc/arm-none-eabi/4.5.2/../../../../arm-none-eabi/lib/thumb2/libcs3unhosted.a(unhosted-start.o)
                0x080129a0                _start
 .text          0x080129b0        0x2 lib/libcs3-lanchon-stm32.a(lanchon_stm32_isr_interrupt.o)
                0x080129b0                MemManageException
                0x080129b0                BusFaultException
                0x080129b0                DMAChannel7_IRQHandler
                0x080129b0                DebugMonitor
                0x080129b0                SVCHandler
                0x080129b0                HardFaultException
                0x080129b0                __STM32ReservedException8
                0x080129b0                __STM32DefaultExceptionHandler
                0x080129b0                CAN_SCE_IRQHandler
                0x080129b0                __STM32ReservedException10
                0x080129b0                __STM32ReservedException13
                0x080129b0                NMIException
                0x080129b0                DMAChannel4_IRQHandler
                0x080129b0                PendSVC
                0x080129b0                CAN_RX1_IRQHandler
                0x080129b0                ADC_IRQHandler
                0x080129b0                DMAChannel5_IRQHandler
                0x080129b0                DMAChannel2_IRQHandler
                0x080129b0                __STM32ReservedException7
                0x080129b0                UsageFaultException
                0x080129b0                DMAChannel6_IRQHandler
                0x080129b0                DMAChannel3_IRQHandler
                0x080129b0                __STM32ReservedException9
 *fill*         0x080129b2        0x2 00
 .text          0x080129b4       0x50 /home/laurence/CodeSourcery/Sourcery_G++_Lite/bin/../lib/gcc/arm-none-eabi/4.5.2/../../../../arm-none-eabi/lib/thumb2/libc.a(lib_a-init.o)
                0x080129b4                __libc_init_array
 *(.plt)
 *(.gnu.warning)
 *(.glue_7t)
 .glue_7t       0x00000000        0x0 linker stubs
 *(.glue_7)
 .glue_7        0x00000000        0x0 linker stubs
 *(.vfp11_veneer)
 .vfp11_veneer  0x00000000        0x0 linker stubs
 *(.rodata .rodata.* .gnu.linkonce.r.*)
 .rodata        0x08012a04       0xac Util/USB/usb_desc.o
                0x08012a04                MASS_DeviceDescriptor
                0x08012a18                MASS_ConfigDescriptor
                0x08012a38                MASS_StringLangID
                0x08012a3c                MASS_StringVendor
                0x08012a70                MASS_StringProduct
                0x08012aa0                MASS_StringInterface
 .rodata        0x08012ab0     0x7738 Util/fat_fs/option/cc932.o
 .rodata.str1.4
                0x0801a1e8       0x13 Util/fat_fs/src/ff.o
                                 0x14 (size before relaxing)
 *fill*         0x0801a1fb        0x1 00
 .rodata        0x0801a1fc        0xc Util/fat_fs/src/rtc.o
 .rodata        0x0801a208       0x14 Util/rprintf.o
 .rodata.str1.4
                0x0801a21c       0x1a Util/rprintf.o
                                 0x1c (size before relaxing)
 *fill*         0x0801a236        0x2 00
 .rodata.str1.4
                0x0801a238       0x28 interrupts.o
 .rodata.str1.4
                0x0801a260       0xc8 main.o
 .rodata.str1.4
                0x0801a328        0x5 /home/laurence/CodeSourcery/Sourcery_G++_Lite/bin/../lib/gcc/arm-none-eabi/4.5.2/../../../../arm-none-eabi/lib/thumb2/libm.a(lib_a-w_sqrt.o)
                                  0x8 (size before relaxing)
 *fill*         0x0801a32d        0x3 00
 .rodata.str1.4
                0x0801a330        0x6 /home/laurence/CodeSourcery/Sourcery_G++_Lite/bin/../lib/gcc/arm-none-eabi/4.5.2/../../../../arm-none-eabi/lib/thumb2/libm.a(lib_a-wf_asin.o)
                                  0xc (size before relaxing)
 *fill*         0x0801a336        0x2 00
 .rodata        0x0801a338      0x398 /home/laurence/CodeSourcery/Sourcery_G++_Lite/bin/../lib/gcc/arm-none-eabi/4.5.2/../../../../arm-none-eabi/lib/thumb2/libm.a(lib_a-ef_rem_pio2.o)
 .rodata        0x0801a6d0       0x38 /home/laurence/CodeSourcery/Sourcery_G++_Lite/bin/../lib/gcc/arm-none-eabi/4.5.2/../../../../arm-none-eabi/lib/thumb2/libm.a(lib_a-kf_rem_pio2.o)
 .rodata.str1.4
                0x0801a708        0x4 /home/laurence/CodeSourcery/Sourcery_G++_Lite/bin/../lib/gcc/arm-none-eabi/4.5.2/../../../../arm-none-eabi/lib/thumb2/libc.a(lib_a-impure.o)
 *(.ARM.extab* .gnu.linkonce.armextab.*)
 *(.gcc_except_table)
 *(.eh_frame_hdr)
 *(.eh_frame)
                0x0801a70c                . = ALIGN (0x4)
 *(.init)
 .init          0x0801a70c        0x4 /home/laurence/CodeSourcery/Sourcery_G++_Lite/bin/../lib/gcc/arm-none-eabi/4.5.2/thumb2/crti.o
                0x0801a70c                _init
 .init          0x0801a710        0x8 /home/laurence/CodeSourcery/Sourcery_G++_Lite/bin/../lib/gcc/arm-none-eabi/4.5.2/thumb2/crtn.o
                0x0801a718                . = ALIGN (0x4)
                0x0801a718                __preinit_array_start = .
 *(.preinit_array)
                0x0801a718                __preinit_array_end = .
                0x0801a718                . = ALIGN (0x4)
                0x0801a718                __init_array_start = .
 *(SORT(.init_array.*))
 *(.init_array)
 .init_array    0x0801a718        0x4 /home/laurence/CodeSourcery/Sourcery_G++_Lite/bin/../lib/gcc/arm-none-eabi/4.5.2/thumb2/crtbegin.o
                0x0801a71c                __init_array_end = .
                0x0801a71c                . = ALIGN (0x4)
 *crtbegin.o(.ctors)
 *(EXCLUDE_FILE(*crtend.o) .ctors)
 *(SORT(.ctors.*))
 *crtend.o(.ctors)
                0x0801a71c                . = ALIGN (0x4)
 *(.fini)
 .fini          0x0801a71c        0x4 /home/laurence/CodeSourcery/Sourcery_G++_Lite/bin/../lib/gcc/arm-none-eabi/4.5.2/thumb2/crti.o
                0x0801a71c                _fini
 .fini          0x0801a720        0x8 /home/laurence/CodeSourcery/Sourcery_G++_Lite/bin/../lib/gcc/arm-none-eabi/4.5.2/thumb2/crtn.o
                0x0801a728                . = ALIGN (0x4)
                0x0801a728                __fini_array_start = .
 *(.fini_array)
 .fini_array    0x0801a728        0x4 /home/laurence/CodeSourcery/Sourcery_G++_Lite/bin/../lib/gcc/arm-none-eabi/4.5.2/thumb2/crtbegin.o
 *(SORT(.fini_array.*))
                0x0801a72c                __fini_array_end = .
 *crtbegin.o(.dtors)
 *(EXCLUDE_FILE(*crtend.o) .dtors)
 *(SORT(.dtors.*))
 *crtend.o(.dtors)
                0x0801a72c                . = ALIGN (0x4)
                0x0801a72c                __cs3_regions = .
                0x0801a72c        0x4 LONG 0x0
                0x0801a730        0x4 LONG 0x801a740 __cs3_region_init_ram
                0x0801a734        0x4 LONG 0x20000000 __cs3_region_start_ram
                0x0801a738        0x4 LONG 0x680 __cs3_region_init_size_ram
                0x0801a73c        0x4 LONG 0x828 __cs3_region_zero_size_ram
                0x0801a740                __exidx_start = .

.v4_bx          0x0801a740        0x0
 .v4_bx         0x00000000        0x0 linker stubs

.ARM.exidx
 *(.ARM.exidx* .gnu.linkonce.armexidx.*)
                0x0801a740                __exidx_end = .

.text.align     0x0801a740        0x0
                0x0801a740                . = ALIGN (0x8)
                0x0801a740                _etext = .
                0x08020000                __cs3_region_end_rom = (__cs3_region_start_rom + 0x20000)
                0x00020000                __cs3_region_size_rom = 0x20000
                0x00000001                __cs3_region_num = 0x1

.data           0x20000000      0x680 load address 0x0801a740
                0x20000000                __cs3_region_start_ram = .
 *(.cs3.region-head.ram)
 *(.jcr)
 .jcr           0x20000000        0x0 /home/laurence/CodeSourcery/Sourcery_G++_Lite/bin/../lib/gcc/arm-none-eabi/4.5.2/thumb2/crtbegin.o
 .jcr           0x20000000        0x4 /home/laurence/CodeSourcery/Sourcery_G++_Lite/bin/../lib/gcc/arm-none-eabi/4.5.2/thumb2/crtend.o
 *(.got.plt)
 *(.got)
 *(.shdata)
 *(.data .data.* .gnu.linkonce.d.*)
 .data          0x20000004       0x74 Util/USB/scsi_data.o
                0x20000004                Standard_Inquiry_Data
                0x20000028                Standard_Inquiry_Data2
                0x2000004c                Mode_Sense6_data
                0x20000050                Mode_Sense10_data
                0x20000058                Scsi_Sense_Data
                0x2000006c                ReadFormatCapacity_Data
 .data          0x20000078       0x1c Util/USB/usb_desc.o
                0x20000078                MASS_StringSerial
 .data          0x20000094       0x38 Util/USB/usb_istr.o
                0x20000094                pEpInt_IN
                0x200000b0                pEpInt_OUT
 .data          0x200000cc       0x90 Util/USB/usb_prop.o
                0x200000cc                String_Descriptor
                0x200000f4                Config_Descriptor
                0x200000fc                Device_Descriptor
                0x20000104                Device_Property
                0x20000134                Device_Table
                0x20000138                User_Standard_Requests
 .data          0x2000015c        0x1 Util/USB/usb_pwr.o
                0x2000015c                fSuspendEnabled
 .data          0x2000015d        0x1 Util/fat_fs/src/sd_spi_stm32.o
 .data          0x2000015e       0x14 lib/STM32F10x_StdPeriph_Driver/libstm32fw.a(stm32f10x_rcc.o)
 .data          0x20000172        0x1 /home/laurence/CodeSourcery/Sourcery_G++_Lite/bin/../lib/gcc/arm-none-eabi/4.5.2/../../../../arm-none-eabi/lib/thumb2/libm.a(lib_a-s_lib_ver.o)
                0x20000172                __fdlib_version
 *fill*         0x20000173        0x1 00
 .data          0x20000174       0xf4 /home/laurence/CodeSourcery/Sourcery_G++_Lite/bin/../lib/gcc/arm-none-eabi/4.5.2/../../../../arm-none-eabi/lib/thumb2/libc.a(lib_a-impure.o)
                0x20000174                _impure_ptr
 .data          0x20000268      0x410 /home/laurence/CodeSourcery/Sourcery_G++_Lite/bin/../lib/gcc/arm-none-eabi/4.5.2/../../../../arm-none-eabi/lib/thumb2/libc.a(lib_a-mallocr.o)
                0x20000268                __malloc_av_
                0x20000670                __malloc_sbrk_base
                0x20000674                __malloc_trim_threshold
 .data          0x20000678        0x4 /home/laurence/CodeSourcery/Sourcery_G++_Lite/bin/../lib/gcc/arm-none-eabi/4.5.2/../../../../arm-none-eabi/lib/thumb2/libcs3unhosted.a(unhosted-sbrk.o)
 .data          0x2000067c        0x4 /home/laurence/CodeSourcery/Sourcery_G++_Lite/bin/../lib/gcc/arm-none-eabi/4.5.2/../../../../arm-none-eabi/lib/thumb2/libcs3.a(heap.o)
                0x2000067c                __cs3_heap_limit
 *(.ram)
                0x20000680                . = ALIGN (0x8)
                0x20000680                _edata = .

.bss            0x20000680      0x828 load address 0x0801adc0
 *(.shbss)
 *(.bss .bss.* .gnu.linkonce.b.*)
 .bss           0x20000680        0x1 /home/laurence/CodeSourcery/Sourcery_G++_Lite/bin/../lib/gcc/arm-none-eabi/4.5.2/thumb2/crtbegin.o
 *fill*         0x20000681        0x3 00
 .bss           0x20000684       0x18 Sensors/ppg.o
 .bss           0x2000069c       0x34 Sensors/pressure.o
 .bss           0x200006d0        0x4 Util/USB/mass_mal.o
                0x200006d0                Status
 .bss           0x200006d4       0x1c Util/USB/memory.o
                0x200006d4                TransferState
                0x200006e0                Block_Read_count
                0x200006e4                Counter
 .bss           0x200006f0       0x10 Util/USB/scsi_data.o
                0x200006f0                Page00_Inquiry_Data
                0x200006f8                ReadCapacity10_Data
 .bss           0x20000700        0x1 Util/USB/usb_istr.o
                0x20000700                bIntPackSOF
 *fill*         0x20000701        0x3 00
 .bss           0x20000704        0x4 Util/USB/usb_prop.o
                0x20000704                Max_Lun
 .bss           0x20000708        0x4 Util/USB/usb_pwr.o
                0x20000708                bDeviceState
 .bss           0x2000070c        0x8 Util/fat_fs/src/ff.o
 .bss           0x20000714       0x10 Util/fat_fs/src/sd_spi_stm32.o
 .bss           0x20000724       0x84 Util/rprintf.o
 .bss           0x200007a8        0xc interrupts.o
 .bss           0x200007b4      0x234 main.o
                0x200009e4                file_opened
 .bss           0x200009e8        0x1 lib/STM32_USB-FS-Device_Driver/libstm32usb.a(usb_core.o)
                0x200009e8                Data_Mul_MaxPacketSize
 *fill*         0x200009e9        0x3 00
 .bss           0x200009ec       0x34 /home/laurence/CodeSourcery/Sourcery_G++_Lite/bin/../lib/gcc/arm-none-eabi/4.5.2/../../../../arm-none-eabi/lib/thumb2/libc.a(lib_a-mallocr.o)
                0x200009ec                __malloc_top_pad
                0x200009f0                __malloc_current_mallinfo
                0x20000a18                __malloc_max_sbrked_mem
                0x20000a1c                __malloc_max_total_mem
 *(COMMON)
 COMMON         0x20000a20        0xc Sensors/ppg.o
                0x20000a20                Last_PPG_Values
 COMMON         0x20000a2c        0x4 Sensors/pressure.o
                0x20000a2c                pressure_offset
 COMMON         0x20000a30       0x1c Util/USB/mass_mal.o
                0x20000a30                Mass_Memory_Size
                0x20000a38                Mass_Block_Size
                0x20000a40                Mass_Block_Count
                0x20000a48                Data_Buffer
 COMMON         0x20000a4c        0x8 Util/USB/memory.o
                0x20000a4c                Block_offset
                0x20000a50                Idx
 COMMON         0x20000a54       0x7c Util/USB/usb_bot.o
                0x20000a54                CBW
                0x20000a74                Data_Len
                0x20000a76                Bot_State
                0x20000a78                SCSI_LBA
                0x20000a7c                CSW
                0x20000a8c                SCSI_BlkLen
                0x20000a90                Bulk_Data_Buff
 COMMON         0x20000ad0        0x2 Util/USB/usb_istr.o
                0x20000ad0                wIstr
 *fill*         0x20000ad2        0x2 00
 COMMON         0x20000ad4        0x2 Util/USB/usb_pwr.o
                0x20000ad4                ResumeS
 *fill*         0x20000ad6        0x2 00
 COMMON         0x20000ad8        0x4 adc.o
                0x20000ad8                ADC1_Convertion_buff
 COMMON         0x20000adc        0x1 gpio.o
                0x20000adc                bootsource
 *fill*         0x20000add        0x3 00
 COMMON         0x20000ae0      0x384 main.o
                0x20000ae0                Pressure_control
                0x20000ae4                pressure_setpoint
                0x20000ae8                f_err_code
                0x20000aec                Device_Temperature
                0x20000af0                Buff
                0x20000b08                Millis
                0x20000b0c                FATFS_info
                0x20000b2c                Button_Buffer
                0x20000b38                print_string
                0x20000c38                a
                0x20000c3c                reported_pressure
                0x20000c40                FATFS_logfile
 COMMON         0x20000e64        0x2 lib/STM32_USB-FS-Device_Driver/libstm32usb.a(usb_core.o)
                0x20000e64                StatusInfo
 *fill*         0x20000e66        0x2 00
 COMMON         0x20000e68       0x32 lib/STM32_USB-FS-Device_Driver/libstm32usb.a(usb_init.o)
                0x20000e68                SaveState
                0x20000e6c                pProperty
                0x20000e70                EPindex
                0x20000e74                Device_Info
                0x20000e90                pUser_Standard_Requests
                0x20000e94                pInformation
                0x20000e98                wInterrupt_Mask
 COMMON         0x20000e9a        0x4 lib/STM32_USB-FS-Device_Driver/libstm32usb.a(usb_int.o)
                0x20000e9a                SaveRState
                0x20000e9c                SaveTState
 *fill*         0x20000e9e        0x2 00
 COMMON         0x20000ea0        0x4 /home/laurence/CodeSourcery/Sourcery_G++_Lite/bin/../lib/gcc/arm-none-eabi/4.5.2/../../../../arm-none-eabi/lib/thumb2/libc.a(lib_a-reent.o)
                0x20000ea0                errno
 *(.ram.b)
                0x20000ea8                . = ALIGN (0x8)
 *fill*         0x20000ea4        0x4 00
                0x20000ea8                _end = .
                0x20000ea8                __end = .
                0x20005000                __cs3_region_end_ram = (__cs3_region_start_ram + 0x5000)
                0x00005000                __cs3_region_size_ram = 0x5000
                0x0801a740                __cs3_region_init_ram = LOADADDR (.data)
                0x00000680                __cs3_region_init_size_ram = (_edata - ADDR (.data))
                0x00000828                __cs3_region_zero_size_ram = (_end - _edata)
                0x00000001                __cs3_region_num = 0x1

.stab
 *(.stab)

.stabstr
 *(.stabstr)

.debug
 *(.debug)

.line
 *(.line)

.debug_srcinfo
 *(.debug_srcinfo)

.debug_sfnames
 *(.debug_sfnames)

.comment        0x00000000       0x2a
 .comment       0x00000000       0x2a Sensors/ppg.o
                                 0x2b (size before relaxing)
 .comment       0x00000000       0x2b Sensors/pressure.o
 .comment       0x00000000       0x2b Sensors/temperature.o
 .comment       0x00000000       0x2b Util/USB/hw_config.o
 .comment       0x00000000       0x2b Util/USB/mass_mal.o
 .comment       0x00000000       0x2b Util/USB/memory.o
 .comment       0x00000000       0x2b Util/USB/scsi_data.o
 .comment       0x00000000       0x2b Util/USB/usb_bot.o
 .comment       0x00000000       0x2b Util/USB/usb_desc.o
 .comment       0x00000000       0x2b Util/USB/usb_endp.o
 .comment       0x00000000       0x2b Util/USB/usb_istr.o
 .comment       0x00000000       0x2b Util/USB/usb_prop.o
 .comment       0x00000000       0x2b Util/USB/usb_pwr.o
 .comment       0x00000000       0x2b Util/USB/usb_scsi.o
 .comment       0x00000000       0x2b Util/buffer.o
 .comment       0x00000000       0x2b Util/fat_fs/option/cc932.o
 .comment       0x00000000       0x2b Util/fat_fs/option/syscall.o
 .comment       0x00000000       0x2b Util/fat_fs/src/fattime.o
 .comment       0x00000000       0x2b Util/fat_fs/src/ff.o
 .comment       0x00000000       0x2b Util/fat_fs/src/rtc.o
 .comment       0x00000000       0x2b Util/fat_fs/src/sd_spi_stm32.o
 .comment       0x00000000       0x2b Util/rprintf.o
 .comment       0x00000000       0x2b Util/stm32_eval_spi_sd.o
 .comment       0x00000000       0x2b adc.o
 .comment       0x00000000       0x2b gpio.o
 .comment       0x00000000       0x2b interrupts.o
 .comment       0x00000000       0x2b lib/CMSIS_CM3/core_cm3.o
 .comment       0x00000000       0x2b lib/CMSIS_CM3/system_stm32f10x.o
 .comment       0x00000000       0x2b main.o
 .comment       0x00000000       0x2b pwr.o
 .comment       0x00000000       0x2b timer.o
 .comment       0x00000000       0x2b usart.o
 .comment       0x00000000       0x2b lib/STM32F10x_StdPeriph_Driver/libstm32fw.a(misc.o)
 .comment       0x00000000       0x2b lib/STM32F10x_StdPeriph_Driver/libstm32fw.a(stm32f10x_adc.o)
 .comment       0x00000000       0x2b lib/STM32F10x_StdPeriph_Driver/libstm32fw.a(stm32f10x_bkp.o)
 .comment       0x00000000       0x2b lib/STM32F10x_StdPeriph_Driver/libstm32fw.a(stm32f10x_dma.o)
 .comment       0x00000000       0x2b lib/STM32F10x_StdPeriph_Driver/libstm32fw.a(stm32f10x_exti.o)
 .comment       0x00000000       0x2b lib/STM32F10x_StdPeriph_Driver/libstm32fw.a(stm32f10x_gpio.o)
 .comment       0x00000000       0x2b lib/STM32F10x_StdPeriph_Driver/libstm32fw.a(stm32f10x_pwr.o)
 .comment       0x00000000       0x2b lib/STM32F10x_StdPeriph_Driver/libstm32fw.a(stm32f10x_rcc.o)
 .comment       0x00000000       0x2b lib/STM32F10x_StdPeriph_Driver/libstm32fw.a(stm32f10x_rtc.o)
 .comment       0x00000000       0x2b lib/STM32F10x_StdPeriph_Driver/libstm32fw.a(stm32f10x_spi.o)
 .comment       0x00000000       0x2b lib/STM32F10x_StdPeriph_Driver/libstm32fw.a(stm32f10x_tim.o)
 .comment       0x00000000       0x2b lib/STM32F10x_StdPeriph_Driver/libstm32fw.a(stm32f10x_usart.o)
 .comment       0x00000000       0x2b lib/STM32_USB-FS-Device_Driver/libstm32usb.a(usb_core.o)
 .comment       0x00000000       0x2b lib/STM32_USB-FS-Device_Driver/libstm32usb.a(usb_init.o)
 .comment       0x00000000       0x2b lib/STM32_USB-FS-Device_Driver/libstm32usb.a(usb_int.o)
 .comment       0x00000000       0x2b lib/STM32_USB-FS-Device_Driver/libstm32usb.a(usb_mem.o)
 .comment       0x00000000       0x2b lib/STM32_USB-FS-Device_Driver/libstm32usb.a(usb_regs.o)
 .comment       0x00000000       0x2b lib/STM32_USB-FS-Device_Driver/libstm32usb.a(usb_sil.o)

.debug_aranges  0x00000000      0x3c8
 *(.debug_aranges)
 .debug_aranges
                0x00000000       0x20 Sensors/ppg.o
 .debug_aranges
                0x00000020       0x20 Sensors/pressure.o
 .debug_aranges
                0x00000040       0x20 Sensors/temperature.o
 .debug_aranges
                0x00000060       0x20 Util/USB/hw_config.o
 .debug_aranges
                0x00000080       0x20 Util/USB/mass_mal.o
 .debug_aranges
                0x000000a0       0x20 Util/USB/memory.o
 .debug_aranges
                0x000000c0       0x20 Util/USB/usb_bot.o
 .debug_aranges
                0x000000e0       0x20 Util/USB/usb_endp.o
 .debug_aranges
                0x00000100       0x20 Util/USB/usb_istr.o
 .debug_aranges
                0x00000120       0x20 Util/USB/usb_prop.o
 .debug_aranges
                0x00000140       0x20 Util/USB/usb_pwr.o
 .debug_aranges
                0x00000160       0x20 Util/USB/usb_scsi.o
 .debug_aranges
                0x00000180       0x20 Util/buffer.o
 .debug_aranges
                0x000001a0       0x20 Util/fat_fs/option/cc932.o
 .debug_aranges
                0x000001c0       0x20 Util/fat_fs/src/fattime.o
 .debug_aranges
                0x000001e0       0x20 Util/fat_fs/src/ff.o
 .debug_aranges
                0x00000200       0x20 Util/fat_fs/src/rtc.o
 .debug_aranges
                0x00000220       0x20 Util/fat_fs/src/sd_spi_stm32.o
 .debug_aranges
                0x00000240       0x20 Util/rprintf.o
 .debug_aranges
                0x00000260       0x20 Util/stm32_eval_spi_sd.o
 .debug_aranges
                0x00000280       0x20 adc.o
 .debug_aranges
                0x000002a0       0x20 gpio.o
 .debug_aranges
                0x000002c0       0x20 interrupts.o
 .debug_aranges
                0x000002e0       0x20 lib/CMSIS_CM3/core_cm3.o
 .debug_aranges
                0x00000300       0x28 lib/CMSIS_CM3/startup/gcc/startup_stm32f10x_md.o
 .debug_aranges
                0x00000328       0x20 lib/CMSIS_CM3/system_stm32f10x.o
 .debug_aranges
                0x00000348       0x20 main.o
 .debug_aranges
                0x00000368       0x20 pwr.o
 .debug_aranges
                0x00000388       0x20 timer.o
 .debug_aranges
                0x000003a8       0x20 usart.o

.debug_pubnames
                0x00000000     0x151d
 *(.debug_pubnames)
 .debug_pubnames
                0x00000000       0x87 Sensors/ppg.o
 .debug_pubnames
                0x00000087       0x6a Sensors/pressure.o
 .debug_pubnames
                0x000000f1       0x27 Sensors/temperature.o
 .debug_pubnames
                0x00000118      0x113 Util/USB/hw_config.o
 .debug_pubnames
                0x0000022b       0xa5 Util/USB/mass_mal.o
 .debug_pubnames
                0x000002d0       0x7f Util/USB/memory.o
 .debug_pubnames
                0x0000034f       0xd2 Util/USB/scsi_data.o
 .debug_pubnames
                0x00000421       0xd9 Util/USB/usb_bot.o
 .debug_pubnames
                0x000004fa       0xb8 Util/USB/usb_desc.o
 .debug_pubnames
                0x000005b2       0x3b Util/USB/usb_endp.o
 .debug_pubnames
                0x000005ed       0x56 Util/USB/usb_istr.o
 .debug_pubnames
                0x00000643      0x1f6 Util/USB/usb_prop.o
 .debug_pubnames
                0x00000839       0x83 Util/USB/usb_pwr.o
 .debug_pubnames
                0x000008bc      0x195 Util/USB/usb_scsi.o
 .debug_pubnames
                0x00000a51       0x48 Util/buffer.o
 .debug_pubnames
                0x00000a99       0x31 Util/fat_fs/option/cc932.o
 .debug_pubnames
                0x00000aca       0x22 Util/fat_fs/src/fattime.o
 .debug_pubnames
                0x00000aec      0x14a Util/fat_fs/src/ff.o
 .debug_pubnames
                0x00000c36       0x55 Util/fat_fs/src/rtc.o
 .debug_pubnames
                0x00000c8b       0x75 Util/fat_fs/src/sd_spi_stm32.o
 .debug_pubnames
                0x00000d00       0xf9 Util/rprintf.o
 .debug_pubnames
                0x00000df9      0x167 Util/stm32_eval_spi_sd.o
 .debug_pubnames
                0x00000f60       0x66 adc.o
 .debug_pubnames
                0x00000fc6       0x72 gpio.o
 .debug_pubnames
                0x00001038       0xf4 interrupts.o
 .debug_pubnames
                0x0000112c      0x159 lib/CMSIS_CM3/core_cm3.o
 .debug_pubnames
                0x00001285       0xa3 lib/CMSIS_CM3/system_stm32f10x.o
 .debug_pubnames
                0x00001328      0x11a main.o
 .debug_pubnames
                0x00001442       0x3c pwr.o
 .debug_pubnames
                0x0000147e       0x3b timer.o
 .debug_pubnames
                0x000014b9       0x64 usart.o

.debug_info     0x00000000     0xe511
 *(.debug_info .gnu.linkonce.wi.*)
 .debug_info    0x00000000      0x636 Sensors/ppg.o
 .debug_info    0x00000636      0x1e1 Sensors/pressure.o
 .debug_info    0x00000817       0xaf Sensors/temperature.o
 .debug_info    0x000008c6      0x731 Util/USB/hw_config.o
 .debug_info    0x00000ff7      0x302 Util/USB/mass_mal.o
 .debug_info    0x000012f9      0x333 Util/USB/memory.o
 .debug_info    0x0000162c      0x16b Util/USB/scsi_data.o
 .debug_info    0x00001797      0x49d Util/USB/usb_bot.o
 .debug_info    0x00001c34      0x187 Util/USB/usb_desc.o
 .debug_info    0x00001dbb       0x98 Util/USB/usb_endp.o
 .debug_info    0x00001e53      0x311 Util/USB/usb_istr.o
 .debug_info    0x00002164      0x9b4 Util/USB/usb_prop.o
 .debug_info    0x00002b18      0x3c3 Util/USB/usb_pwr.o
 .debug_info    0x00002edb      0x899 Util/USB/usb_scsi.o
 .debug_info    0x00003774      0x194 Util/buffer.o
 .debug_info    0x00003908      0x1b9 Util/fat_fs/option/cc932.o
 .debug_info    0x00003ac1       0x77 Util/fat_fs/option/syscall.o
 .debug_info    0x00003b38      0x15a Util/fat_fs/src/fattime.o
 .debug_info    0x00003c92     0x325b Util/fat_fs/src/ff.o
 .debug_info    0x00006eed      0x532 Util/fat_fs/src/rtc.o
 .debug_info    0x0000741f     0x183f Util/fat_fs/src/sd_spi_stm32.o
 .debug_info    0x00008c5e      0xe1f Util/rprintf.o
 .debug_info    0x00009a7d     0x1a18 Util/stm32_eval_spi_sd.o
 .debug_info    0x0000b495      0x448 adc.o
 .debug_info    0x0000b8dd      0x2bf gpio.o
 .debug_info    0x0000bb9c      0xe14 interrupts.o
 .debug_info    0x0000c9b0      0x547 lib/CMSIS_CM3/core_cm3.o
 .debug_info    0x0000cef7       0x82 lib/CMSIS_CM3/startup/gcc/startup_stm32f10x_md.o
 .debug_info    0x0000cf79      0x2d0 lib/CMSIS_CM3/system_stm32f10x.o
 .debug_info    0x0000d249      0x871 main.o
 .debug_info    0x0000daba       0xcf pwr.o
 .debug_info    0x0000db89      0x53f timer.o
 .debug_info    0x0000e0c8      0x449 usart.o

.debug_abbrev   0x00000000     0x2e04
 *(.debug_abbrev)
 .debug_abbrev  0x00000000      0x1af Sensors/ppg.o
 .debug_abbrev  0x000001af      0x111 Sensors/pressure.o
 .debug_abbrev  0x000002c0       0x61 Sensors/temperature.o
 .debug_abbrev  0x00000321      0x2d3 Util/USB/hw_config.o
 .debug_abbrev  0x000005f4      0x111 Util/USB/mass_mal.o
 .debug_abbrev  0x00000705      0x110 Util/USB/memory.o
 .debug_abbrev  0x00000815       0x5c Util/USB/scsi_data.o
 .debug_abbrev  0x00000871      0x198 Util/USB/usb_bot.o
 .debug_abbrev  0x00000a09       0x63 Util/USB/usb_desc.o
 .debug_abbrev  0x00000a6c       0x41 Util/USB/usb_endp.o
 .debug_abbrev  0x00000aad      0x113 Util/USB/usb_istr.o
 .debug_abbrev  0x00000bc0      0x1d0 Util/USB/usb_prop.o
 .debug_abbrev  0x00000d90      0x1bd Util/USB/usb_pwr.o
 .debug_abbrev  0x00000f4d      0x253 Util/USB/usb_scsi.o
 .debug_abbrev  0x000011a0       0xc1 Util/buffer.o
 .debug_abbrev  0x00001261       0xd2 Util/fat_fs/option/cc932.o
 .debug_abbrev  0x00001333       0x2c Util/fat_fs/option/syscall.o
 .debug_abbrev  0x0000135f       0x97 Util/fat_fs/src/fattime.o
 .debug_abbrev  0x000013f6      0x2f7 Util/fat_fs/src/ff.o
 .debug_abbrev  0x000016ed      0x213 Util/fat_fs/src/rtc.o
 .debug_abbrev  0x00001900      0x34b Util/fat_fs/src/sd_spi_stm32.o
 .debug_abbrev  0x00001c4b      0x2e4 Util/rprintf.o
 .debug_abbrev  0x00001f2f      0x2e8 Util/stm32_eval_spi_sd.o
 .debug_abbrev  0x00002217      0x143 adc.o
 .debug_abbrev  0x0000235a      0x143 gpio.o
 .debug_abbrev  0x0000249d      0x27b interrupts.o
 .debug_abbrev  0x00002718       0xc1 lib/CMSIS_CM3/core_cm3.o
 .debug_abbrev  0x000027d9       0x12 lib/CMSIS_CM3/startup/gcc/startup_stm32f10x_md.o
 .debug_abbrev  0x000027eb      0x112 lib/CMSIS_CM3/system_stm32f10x.o
 .debug_abbrev  0x000028fd      0x1ef main.o
 .debug_abbrev  0x00002aec       0x79 pwr.o
 .debug_abbrev  0x00002b65      0x119 timer.o
 .debug_abbrev  0x00002c7e      0x186 usart.o

.debug_line     0x00000000     0xafc9
 *(.debug_line)
 .debug_line    0x00000000      0x6c2 Sensors/ppg.o
 .debug_line    0x000006c2      0x320 Sensors/pressure.o
 .debug_line    0x000009e2      0x2eb Sensors/temperature.o
 .debug_line    0x00000ccd      0x5e6 Util/USB/hw_config.o
 .debug_line    0x000012b3      0x558 Util/USB/mass_mal.o
 .debug_line    0x0000180b      0x454 Util/USB/memory.o
 .debug_line    0x00001c5f      0x323 Util/USB/scsi_data.o
 .debug_line    0x00001f82      0x546 Util/USB/usb_bot.o
 .debug_line    0x000024c8      0x2d7 Util/USB/usb_desc.o
 .debug_line    0x0000279f      0x3a4 Util/USB/usb_endp.o
 .debug_line    0x00002b43      0x3df Util/USB/usb_istr.o
 .debug_line    0x00002f22      0x493 Util/USB/usb_prop.o
 .debug_line    0x000033b5      0x43c Util/USB/usb_pwr.o
 .debug_line    0x000037f1      0x63d Util/USB/usb_scsi.o
 .debug_line    0x00003e2e      0x4a4 Util/buffer.o
 .debug_line    0x000042d2       0xd8 Util/fat_fs/option/cc932.o
 .debug_line    0x000043aa      0x2fc Util/fat_fs/option/syscall.o
 .debug_line    0x000046a6      0x179 Util/fat_fs/src/fattime.o
 .debug_line    0x0000481f     0x1c86 Util/fat_fs/src/ff.o
 .debug_line    0x000064a5      0x469 Util/fat_fs/src/rtc.o
 .debug_line    0x0000690e      0x830 Util/fat_fs/src/sd_spi_stm32.o
 .debug_line    0x0000713e      0xcdc Util/rprintf.o
 .debug_line    0x00007e1a      0x98f Util/stm32_eval_spi_sd.o
 .debug_line    0x000087a9      0x51f adc.o
 .debug_line    0x00008cc8      0x3f8 gpio.o
 .debug_line    0x000090c0      0x71c interrupts.o
 .debug_line    0x000097dc      0x198 lib/CMSIS_CM3/core_cm3.o
 .debug_line    0x00009974       0x84 lib/CMSIS_CM3/startup/gcc/startup_stm32f10x_md.o
 .debug_line    0x000099f8      0x320 lib/CMSIS_CM3/system_stm32f10x.o
 .debug_line    0x00009d18      0x720 main.o
 .debug_line    0x0000a438      0x2dd pwr.o
 .debug_line    0x0000a715      0x346 timer.o
 .debug_line    0x0000aa5b      0x56e usart.o

.debug_frame    0x00000000     0x1e14
 *(.debug_frame)
 .debug_frame   0x00000000       0x94 Sensors/ppg.o
 .debug_frame   0x00000094       0x8c Sensors/pressure.o
 .debug_frame   0x00000120       0x28 Sensors/temperature.o
 .debug_frame   0x00000148       0xec Util/USB/hw_config.o
 .debug_frame   0x00000234       0x80 Util/USB/mass_mal.o
 .debug_frame   0x000002b4       0x50 Util/USB/memory.o
 .debug_frame   0x00000304       0xc0 Util/USB/usb_bot.o
 .debug_frame   0x000003c4       0x30 Util/USB/usb_endp.o
 .debug_frame   0x000003f4       0x2c Util/USB/usb_istr.o
 .debug_frame   0x00000420      0x11c Util/USB/usb_prop.o
 .debug_frame   0x0000053c       0x94 Util/USB/usb_pwr.o
 .debug_frame   0x000005d0      0x180 Util/USB/usb_scsi.o
 .debug_frame   0x00000750       0x64 Util/buffer.o
 .debug_frame   0x000007b4       0x3c Util/fat_fs/option/cc932.o
 .debug_frame   0x000007f0       0x2c Util/fat_fs/src/fattime.o
 .debug_frame   0x0000081c      0x564 Util/fat_fs/src/ff.o
 .debug_frame   0x00000d80       0x84 Util/fat_fs/src/rtc.o
 .debug_frame   0x00000e04      0x12c Util/fat_fs/src/sd_spi_stm32.o
 .debug_frame   0x00000f30      0x1d4 Util/rprintf.o
 .debug_frame   0x00001104      0x25c Util/stm32_eval_spi_sd.o
 .debug_frame   0x00001360       0x78 adc.o
 .debug_frame   0x000013d8       0x78 gpio.o
 .debug_frame   0x00001450      0x114 interrupts.o
 .debug_frame   0x00001564      0x170 lib/CMSIS_CM3/core_cm3.o
 .debug_frame   0x000016d4       0x24 lib/CMSIS_CM3/system_stm32f10x.o
 .debug_frame   0x000016f8       0x70 main.o
 .debug_frame   0x00001768       0x50 pwr.o
 .debug_frame   0x000017b8       0x68 timer.o
 .debug_frame   0x00001820       0x78 usart.o
 .debug_frame   0x00001898       0x2c /home/laurence/CodeSourcery/Sourcery_G++_Lite/bin/../lib/gcc/arm-none-eabi/4.5.2/../../../../arm-none-eabi/lib/thumb2/libm.a(lib_a-sf_sin.o)
 .debug_frame   0x000018c4       0x38 /home/laurence/CodeSourcery/Sourcery_G++_Lite/bin/../lib/gcc/arm-none-eabi/4.5.2/../../../../arm-none-eabi/lib/thumb2/libm.a(lib_a-w_sqrt.o)
 .debug_frame   0x000018fc       0x30 /home/laurence/CodeSourcery/Sourcery_G++_Lite/bin/../lib/gcc/arm-none-eabi/4.5.2/../../../../arm-none-eabi/lib/thumb2/libm.a(lib_a-wf_asin.o)
 .debug_frame   0x0000192c       0x34 /home/laurence/CodeSourcery/Sourcery_G++_Lite/bin/../lib/gcc/arm-none-eabi/4.5.2/../../../../arm-none-eabi/lib/thumb2/libm.a(lib_a-e_sqrt.o)
 .debug_frame   0x00001960       0x34 /home/laurence/CodeSourcery/Sourcery_G++_Lite/bin/../lib/gcc/arm-none-eabi/4.5.2/../../../../arm-none-eabi/lib/thumb2/libm.a(lib_a-ef_asin.o)
 .debug_frame   0x00001994       0x3c /home/laurence/CodeSourcery/Sourcery_G++_Lite/bin/../lib/gcc/arm-none-eabi/4.5.2/../../../../arm-none-eabi/lib/thumb2/libm.a(lib_a-ef_rem_pio2.o)
 .debug_frame   0x000019d0       0x2c /home/laurence/CodeSourcery/Sourcery_G++_Lite/bin/../lib/gcc/arm-none-eabi/4.5.2/../../../../arm-none-eabi/lib/thumb2/libm.a(lib_a-ef_sqrt.o)
 .debug_frame   0x000019fc       0x34 /home/laurence/CodeSourcery/Sourcery_G++_Lite/bin/../lib/gcc/arm-none-eabi/4.5.2/../../../../arm-none-eabi/lib/thumb2/libm.a(lib_a-kf_cos.o)
 .debug_frame   0x00001a30       0x3c /home/laurence/CodeSourcery/Sourcery_G++_Lite/bin/../lib/gcc/arm-none-eabi/4.5.2/../../../../arm-none-eabi/lib/thumb2/libm.a(lib_a-kf_rem_pio2.o)
 .debug_frame   0x00001a6c       0x34 /home/laurence/CodeSourcery/Sourcery_G++_Lite/bin/../lib/gcc/arm-none-eabi/4.5.2/../../../../arm-none-eabi/lib/thumb2/libm.a(lib_a-kf_sin.o)
 .debug_frame   0x00001aa0       0x28 /home/laurence/CodeSourcery/Sourcery_G++_Lite/bin/../lib/gcc/arm-none-eabi/4.5.2/../../../../arm-none-eabi/lib/thumb2/libm.a(lib_a-s_fpclassify.o)
 .debug_frame   0x00001ac8       0x20 /home/laurence/CodeSourcery/Sourcery_G++_Lite/bin/../lib/gcc/arm-none-eabi/4.5.2/../../../../arm-none-eabi/lib/thumb2/libm.a(lib_a-s_matherr.o)
 .debug_frame   0x00001ae8       0x20 /home/laurence/CodeSourcery/Sourcery_G++_Lite/bin/../lib/gcc/arm-none-eabi/4.5.2/../../../../arm-none-eabi/lib/thumb2/libm.a(lib_a-s_nan.o)
 .debug_frame   0x00001b08       0x20 /home/laurence/CodeSourcery/Sourcery_G++_Lite/bin/../lib/gcc/arm-none-eabi/4.5.2/../../../../arm-none-eabi/lib/thumb2/libm.a(lib_a-sf_fabs.o)
 .debug_frame   0x00001b28       0x30 /home/laurence/CodeSourcery/Sourcery_G++_Lite/bin/../lib/gcc/arm-none-eabi/4.5.2/../../../../arm-none-eabi/lib/thumb2/libm.a(lib_a-sf_floor.o)
 .debug_frame   0x00001b58       0x20 /home/laurence/CodeSourcery/Sourcery_G++_Lite/bin/../lib/gcc/arm-none-eabi/4.5.2/../../../../arm-none-eabi/lib/thumb2/libm.a(lib_a-sf_fpclassify.o)
 .debug_frame   0x00001b78       0x28 /home/laurence/CodeSourcery/Sourcery_G++_Lite/bin/../lib/gcc/arm-none-eabi/4.5.2/../../../../arm-none-eabi/lib/thumb2/libm.a(lib_a-sf_scalbn.o)
 .debug_frame   0x00001ba0       0x20 /home/laurence/CodeSourcery/Sourcery_G++_Lite/bin/../lib/gcc/arm-none-eabi/4.5.2/../../../../arm-none-eabi/lib/thumb2/libm.a(lib_a-sf_copysign.o)
 .debug_frame   0x00001bc0       0x20 /home/laurence/CodeSourcery/Sourcery_G++_Lite/bin/../lib/gcc/arm-none-eabi/4.5.2/../../../../arm-none-eabi/lib/thumb2/libc.a(lib_a-errno.o)
 .debug_frame   0x00001be0       0x30 /home/laurence/CodeSourcery/Sourcery_G++_Lite/bin/../lib/gcc/arm-none-eabi/4.5.2/../../../../arm-none-eabi/lib/thumb2/libc.a(lib_a-malloc.o)
 .debug_frame   0x00001c10       0x3c /home/laurence/CodeSourcery/Sourcery_G++_Lite/bin/../lib/gcc/arm-none-eabi/4.5.2/../../../../arm-none-eabi/lib/thumb2/libc.a(lib_a-mallocr.o)
 .debug_frame   0x00001c4c       0x30 /home/laurence/CodeSourcery/Sourcery_G++_Lite/bin/../lib/gcc/arm-none-eabi/4.5.2/../../../../arm-none-eabi/lib/thumb2/libc.a(lib_a-mlock.o)
 .debug_frame   0x00001c7c       0x2c /home/laurence/CodeSourcery/Sourcery_G++_Lite/bin/../lib/gcc/arm-none-eabi/4.5.2/../../../../arm-none-eabi/lib/thumb2/libc.a(lib_a-sbrkr.o)
 .debug_frame   0x00001ca8       0x20 /home/laurence/CodeSourcery/Sourcery_G++_Lite/bin/../lib/gcc/arm-none-eabi/4.5.2/../../../../arm-none-eabi/lib/thumb2/libc.a(lib_a-strlen.o)
 .debug_frame   0x00001cc8       0x50 /home/laurence/CodeSourcery/Sourcery_G++_Lite/bin/../lib/gcc/arm-none-eabi/4.5.2/../../../../arm-none-eabi/lib/thumb2/libc.a(lib_a-freer.o)
 .debug_frame   0x00001d18       0x68 /home/laurence/CodeSourcery/Sourcery_G++_Lite/bin/../lib/gcc/arm-none-eabi/4.5.2/../../../../arm-none-eabi/lib/thumb2/libc.a(lib_a-reent.o)
 .debug_frame   0x00001d80       0x40 /home/laurence/CodeSourcery/Sourcery_G++_Lite/bin/../lib/gcc/arm-none-eabi/4.5.2/../../../../arm-none-eabi/lib/thumb2/libcs3.a(start_c.o)
 .debug_frame   0x00001dc0       0x28 /home/laurence/CodeSourcery/Sourcery_G++_Lite/bin/../lib/gcc/arm-none-eabi/4.5.2/../../../../arm-none-eabi/lib/thumb2/libcs3unhosted.a(unhosted-sbrk.o)
 .debug_frame   0x00001de8       0x2c /home/laurence/CodeSourcery/Sourcery_G++_Lite/bin/../lib/gcc/arm-none-eabi/4.5.2/../../../../arm-none-eabi/lib/thumb2/libc.a(lib_a-init.o)

.debug_str      0x00000000     0x2f60
 *(.debug_str)
 .debug_str     0x00000000      0x2ad Sensors/ppg.o
                                0x31b (size before relaxing)
 .debug_str     0x000002ad       0x6e Sensors/pressure.o
                                0x14f (size before relaxing)
 .debug_str     0x0000031b       0x2e Sensors/temperature.o
                                 0xf9 (size before relaxing)
 .debug_str     0x00000349      0x637 Util/USB/hw_config.o
                                0x74b (size before relaxing)
 .debug_str     0x00000980       0xad Util/USB/mass_mal.o
                                0x1bf (size before relaxing)
 .debug_str     0x00000a2d       0xd0 Util/USB/memory.o
                                0x209 (size before relaxing)
 .debug_str     0x00000afd       0xa5 Util/USB/scsi_data.o
                                0x179 (size before relaxing)
 .debug_str     0x00000ba2       0xd6 Util/USB/usb_bot.o
                                0x238 (size before relaxing)
 .debug_str     0x00000c78       0x8c Util/USB/usb_desc.o
                                0x162 (size before relaxing)
 .debug_str     0x00000d04       0x35 Util/USB/usb_endp.o
                                 0xf1 (size before relaxing)
 .debug_str     0x00000d39      0x1bf Util/USB/usb_istr.o
                                0x2e6 (size before relaxing)
 .debug_str     0x00000ef8      0x334 Util/USB/usb_prop.o
                                0x7ee (size before relaxing)
 .debug_str     0x0000122c       0x6c Util/USB/usb_pwr.o
                                0x2cb (size before relaxing)
 .debug_str     0x00001298      0x197 Util/USB/usb_scsi.o
                                0x3a5 (size before relaxing)
 .debug_str     0x0000142f       0x38 Util/buffer.o
                                0x13d (size before relaxing)
 .debug_str     0x00001467       0x5a Util/fat_fs/option/cc932.o
                                 0xea (size before relaxing)
 .debug_str     0x000014c1       0x1d Util/fat_fs/option/syscall.o
                                 0xde (size before relaxing)
 .debug_str     0x000014de       0x47 Util/fat_fs/src/fattime.o
                                0x123 (size before relaxing)
 .debug_str     0x00001525      0x4c5 Util/fat_fs/src/ff.o
                                0x5cb (size before relaxing)
 .debug_str     0x000019ea       0xa8 Util/fat_fs/src/rtc.o
                                0x1b3 (size before relaxing)
 .debug_str     0x00001a92      0x4c5 Util/fat_fs/src/sd_spi_stm32.o
                                0x69a (size before relaxing)
 .debug_str     0x00001f57      0x134 Util/rprintf.o
                                0x237 (size before relaxing)
 .debug_str     0x0000208b      0x4ea Util/stm32_eval_spi_sd.o
                                0x855 (size before relaxing)
 .debug_str     0x00002575      0x125 adc.o
                                0x31c (size before relaxing)