Archive member included because of file (symbol)

lib/STM32F10x_StdPeriph_Driver/libstm32fw.a(misc.o)
                              Util/USB/hw_config.o (NVIC_PriorityGroupConfig)
lib/STM32F10x_StdPeriph_Driver/libstm32fw.a(stm32f10x_adc.o)
                              adc.o (ADC_DeInit)
lib/STM32F10x_StdPeriph_Driver/libstm32fw.a(stm32f10x_bkp.o)
                              Util/fat_fs/src/rtc.o (BKP_DeInit)
lib/STM32F10x_StdPeriph_Driver/libstm32fw.a(stm32f10x_dbgmcu.o)
                              main.o (DBGMCU_Config)
lib/STM32F10x_StdPeriph_Driver/libstm32fw.a(stm32f10x_dma.o)
                              adc.o (DMA_DeInit)
lib/STM32F10x_StdPeriph_Driver/libstm32fw.a(stm32f10x_exti.o)
                              interrupts.o (EXTI_DeInit)
lib/STM32F10x_StdPeriph_Driver/libstm32fw.a(stm32f10x_gpio.o)
                              Util/fat_fs/src/sd_spi_stm32.o (GPIO_Init)
lib/STM32F10x_StdPeriph_Driver/libstm32fw.a(stm32f10x_i2c.o)
                              i2c_int.o (I2C_DeInit)
lib/STM32F10x_StdPeriph_Driver/libstm32fw.a(stm32f10x_iwdg.o)
                              watchdog.o (IWDG_WriteAccessCmd)
lib/STM32F10x_StdPeriph_Driver/libstm32fw.a(stm32f10x_pwr.o)
                              pwr.o (PWR_DeInit)
lib/STM32F10x_StdPeriph_Driver/libstm32fw.a(stm32f10x_rcc.o)
                              interrupts.o (RCC_HCLKConfig)
lib/STM32F10x_StdPeriph_Driver/libstm32fw.a(stm32f10x_rtc.o)
                              Util/fat_fs/src/rtc.o (RTC_GetCounter)
lib/STM32F10x_StdPeriph_Driver/libstm32fw.a(stm32f10x_spi.o)
                              Util/fat_fs/src/sd_spi_stm32.o (SPI_I2S_DeInit)
lib/STM32F10x_StdPeriph_Driver/libstm32fw.a(stm32f10x_tim.o)
                              timer.o (TIM_DeInit)
lib/STM32F10x_StdPeriph_Driver/libstm32fw.a(stm32f10x_usart.o)
                              usart.o (USART_Init)
lib/STM32_USB-FS-Device_Driver/libstm32usb.a(usb_core.o)
                              Util/USB/usb_prop.o (Standard_GetDescriptorData)
lib/STM32_USB-FS-Device_Driver/libstm32usb.a(usb_init.o)
                              main.o (USB_Init)
lib/STM32_USB-FS-Device_Driver/libstm32usb.a(usb_int.o)
                              Util/USB/usb_istr.o (CTR_LP)
lib/STM32_USB-FS-Device_Driver/libstm32usb.a(usb_mem.o)
                              lib/STM32_USB-FS-Device_Driver/libstm32usb.a(usb_core.o) (UserToPMABufferCopy)
lib/STM32_USB-FS-Device_Driver/libstm32usb.a(usb_regs.o)
                              Util/USB/usb_prop.o (SetBTABLE)
lib/STM32_USB-FS-Device_Driver/libstm32usb.a(usb_sil.o)
                              Util/USB/usb_prop.o (USB_SIL_Init)
/home/laurence/CodeSourcery/Sourcery_G++_Lite/bin/../lib/gcc/arm-none-eabi/4.5.2/../../../../arm-none-eabi/lib/thumb2/libm.a(lib_a-sf_sin.o)
                              Sensors/ppg.o (sinf)
/home/laurence/CodeSourcery/Sourcery_G++_Lite/bin/../lib/gcc/arm-none-eabi/4.5.2/../../../../arm-none-eabi/lib/thumb2/libm.a(lib_a-w_sqrt.o)
                              Sensors/ppg.o (sqrt)
/home/laurence/CodeSourcery/Sourcery_G++_Lite/bin/../lib/gcc/arm-none-eabi/4.5.2/../../../../arm-none-eabi/lib/thumb2/libm.a(lib_a-wf_asin.o)
                              Sensors/ppg.o (asinf)
/home/laurence/CodeSourcery/Sourcery_G++_Lite/bin/../lib/gcc/arm-none-eabi/4.5.2/../../../../arm-none-eabi/lib/thumb2/libm.a(lib_a-e_sqrt.o)
                              /home/laurence/CodeSourcery/Sourcery_G++_Lite/bin/../lib/gcc/arm-none-eabi/4.5.2/../../../../arm-none-eabi/lib/thumb2/libm.a(lib_a-w_sqrt.o) (__ieee754_sqrt)
/home/laurence/CodeSourcery/Sourcery_G++_Lite/bin/../lib/gcc/arm-none-eabi/4.5.2/../../../../arm-none-eabi/lib/thumb2/libm.a(lib_a-ef_asin.o)
                              /home/laurence/CodeSourcery/Sourcery_G++_Lite/bin/../lib/gcc/arm-none-eabi/4.5.2/../../../../arm-none-eabi/lib/thumb2/libm.a(lib_a-wf_asin.o) (__ieee754_asinf)
/home/laurence/CodeSourcery/Sourcery_G++_Lite/bin/../lib/gcc/arm-none-eabi/4.5.2/../../../../arm-none-eabi/lib/thumb2/libm.a(lib_a-ef_rem_pio2.o)
                              /home/laurence/CodeSourcery/Sourcery_G++_Lite/bin/../lib/gcc/arm-none-eabi/4.5.2/../../../../arm-none-eabi/lib/thumb2/libm.a(lib_a-sf_sin.o) (__ieee754_rem_pio2f)
/home/laurence/CodeSourcery/Sourcery_G++_Lite/bin/../lib/gcc/arm-none-eabi/4.5.2/../../../../arm-none-eabi/lib/thumb2/libm.a(lib_a-ef_sqrt.o)
                              /home/laurence/CodeSourcery/Sourcery_G++_Lite/bin/../lib/gcc/arm-none-eabi/4.5.2/../../../../arm-none-eabi/lib/thumb2/libm.a(lib_a-ef_asin.o) (__ieee754_sqrtf)
/home/laurence/CodeSourcery/Sourcery_G++_Lite/bin/../lib/gcc/arm-none-eabi/4.5.2/../../../../arm-none-eabi/lib/thumb2/libm.a(lib_a-kf_cos.o)
                              /home/laurence/CodeSourcery/Sourcery_G++_Lite/bin/../lib/gcc/arm-none-eabi/4.5.2/../../../../arm-none-eabi/lib/thumb2/libm.a(lib_a-sf_sin.o) (__kernel_cosf)
[...]
Memory Configuration

Name             Origin             Length             Attributes
ram              0x20000000         0x00005000         xrw
rom              0x08000000         0x00020000         xr
*default*        0x00000000         0xffffffff

Linker script and memory map

LOAD /home/laurence/CodeSourcery/Sourcery_G++_Lite/bin/../lib/gcc/arm-none-eabi/4.5.2/thumb2/crti.o
LOAD /home/laurence/CodeSourcery/Sourcery_G++_Lite/bin/../lib/gcc/arm-none-eabi/4.5.2/thumb2/crtbegin.o
LOAD Sensors/ppg.o
LOAD Sensors/pressure.o
LOAD Sensors/temperature.o
LOAD Util/USB/hw_config.o
LOAD Util/USB/mass_mal.o
LOAD Util/USB/memory.o
LOAD Util/USB/scsi_data.o
LOAD Util/USB/usb_bot.o
LOAD Util/USB/usb_desc.o
LOAD Util/USB/usb_endp.o
LOAD Util/USB/usb_istr.o
LOAD Util/USB/usb_prop.o
LOAD Util/USB/usb_pwr.o
LOAD Util/USB/usb_scsi.o
LOAD Util/buffer.o
LOAD Util/delay.o
LOAD Util/fat_fs/option/cc932.o
LOAD Util/fat_fs/option/syscall.o
LOAD Util/fat_fs/src/fattime.o
LOAD Util/fat_fs/src/ff.o
LOAD Util/fat_fs/src/rtc.o
LOAD Util/fat_fs/src/sd_spi_stm32.o
LOAD Util/rprintf.o
LOAD Util/stm32_eval_spi_sd.o
LOAD adc.o
LOAD gpio.o
LOAD i2c_int.o
LOAD interrupts.o
LOAD lib/CMSIS_CM3/core_cm3.o
LOAD lib/CMSIS_CM3/startup/gcc/startup_stm32f10x_md.o
LOAD lib/CMSIS_CM3/system_stm32f10x.o
LOAD main.o
LOAD pwr.o
LOAD timer.o
LOAD usart.o
LOAD watchdog.o
LOAD lib/STM32F10x_StdPeriph_Driver/libstm32fw.a
LOAD lib/STM32_USB-FS-Device_Driver/libstm32usb.a
LOAD /home/laurence/CodeSourcery/Sourcery_G++_Lite/bin/../lib/gcc/arm-none-eabi/4.5.2/../../../../arm-none-eabi/lib/thumb2/libm.a
START GROUP
LOAD /home/laurence/CodeSourcery/Sourcery_G++_Lite/bin/../lib/gcc/arm-none-eabi/4.5.2/thumb2/libgcc.a
LOAD /home/laurence/CodeSourcery/Sourcery_G++_Lite/bin/../lib/gcc/arm-none-eabi/4.5.2/../../../../arm-none-eabi/lib/thumb2/libc.a
END GROUP
LOAD /home/laurence/CodeSourcery/Sourcery_G++_Lite/bin/../lib/gcc/arm-none-eabi/4.5.2/thumb2/crtend.o
LOAD /home/laurence/CodeSourcery/Sourcery_G++_Lite/bin/../lib/gcc/arm-none-eabi/4.5.2/thumb2/crtn.o
START GROUP
LOAD /home/laurence/CodeSourcery/Sourcery_G++_Lite/bin/../lib/gcc/arm-none-eabi/4.5.2/thumb2/libgcc.a
LOAD /home/laurence/CodeSourcery/Sourcery_G++_Lite/bin/../lib/gcc/arm-none-eabi/4.5.2/../../../../arm-none-eabi/lib/thumb2/libc.a
LOAD /home/laurence/CodeSourcery/Sourcery_G++_Lite/bin/../lib/gcc/arm-none-eabi/4.5.2/../../../../arm-none-eabi/lib/thumb2/libcs3.a
LOAD /home/laurence/CodeSourcery/Sourcery_G++_Lite/bin/../lib/gcc/arm-none-eabi/4.5.2/../../../../arm-none-eabi/lib/thumb2/libcs3unhosted.a
LOAD lib/libcs3-lanchon-stm32.a
END GROUP
                0x20005000                PROVIDE (__cs3_stack, (__cs3_region_start_ram + __cs3_region_size_ram))
                0x20001500                PROVIDE (__cs3_heap_start, _end)
                0x20005000                PROVIDE (__cs3_heap_end, (__cs3_region_start_ram + __cs3_region_size_ram))

.text           0x08000000    0x1b798
 CREATE_OBJECT_SYMBOLS
                0x08000000                __cs3_region_start_rom = .
 *(.cs3.region-head.rom)
                0x08000000                __cs3_interrupt_vector = __cs3_interrupt_vector_lanchon_stm32
 *(.cs3.interrupt_vector)
 .cs3.interrupt_vector
                0x08000000       0xec lib/libcs3-lanchon-stm32.a(lanchon-stm32-vector.o)
                0x08000000                __cs3_interrupt_vector_lanchon_stm32
                0x08000001                ASSERT ((. != __cs3_interrupt_vector_lanchon_stm32), No interrupt vector)
 *(.rom)
 *(.rom.b)
                0x080139dc                PROVIDE (__cs3_reset_lanchon_stm32, _start)
                0x080139dc                __cs3_reset = __cs3_reset_lanchon_stm32
 *(.cs3.reset)
 *(.text .text.* .gnu.linkonce.t.*)
 .text          0x080000ec       0x30 /home/laurence/CodeSourcery/Sourcery_G++_Lite/bin/../lib/gcc/arm-none-eabi/4.5.2/thumb2/crtbegin.o
 *fill*         0x0800011c        0x4 00
 .text          0x08000120      0x560 Sensors/ppg.o
                0x08000120                PPG_LO_Filter
                0x0800043c                PPG_Automatic_Brightness_Control
                0x080005bc                PPG_correct_brightness
                0x08000648                PWM_Linear
 .text          0x08000680      0x258 Sensors/pressure.o
                0x08000680                calibrate_sensor
                0x080006cc                conv_adc_diff
                0x08000704                conv_diff
                0x08000734                filterloop
 .text          0x080008d8       0x50 Sensors/temperature.o
                0x080008d8                convert_die_temp
                0x080008f4                convert_tmp102_temp
 .text          0x08000928      0x2a0 Util/USB/hw_config.o
                0x08000928                Set_System
                0x08000930                Set_USBClock
                0x08000948                Enter_LowPowerMode
                0x08000954                Leave_LowPowerMode
                0x08000974                USB_Interrupts_Config
                0x080009b8                Led_RW_ON
                0x080009c8                Led_RW_OFF
                0x080009d8                USB_Configured_LED
                0x080009e8                USB_NotConfigured_LED
                0x080009f8                USB_Cable_Config
                0x080009fc                Get_SerialNum
                0x08000bc0                MAL_Config
 .text          0x08000bc8       0xe4 Util/USB/mass_mal.o
                0x08000bc8                MAL_Init
                0x08000c14                MAL_Write
                0x08000c38                MAL_Read
                0x08000c5c                MAL_GetStatus
 .text          0x08000cac      0x1d8 Util/USB/memory.o
                0x08000cac                Read_Memory
                0x08000d90                Write_Memory
 .text          0x08000e84      0x628 Util/USB/usb_bot.o
                0x08000e84                Mass_Storage_In
                0x08000f0c                CBW_Decode
                0x0800136c                Mass_Storage_Out
                0x080013fc                Transfer_Data_Request
                0x08001430                Set_CSW
                0x0800146c                Bot_Abort
 .text          0x080014ac        0x8 Util/USB/usb_endp.o
                0x080014ac                EP1_IN_Callback
                0x080014b0                EP2_OUT_Callback
 .text          0x080014b4       0xf0 Util/USB/usb_istr.o
                0x080014b4                USB_Istr
 .text          0x080015a4      0x268 Util/USB/usb_prop.o
                0x080015a4                Mass_Storage_SetDeviceAddress
                0x080015b0                MASS_Status_In
                0x080015b4                MASS_Status_Out
                0x080015b8                MASS_Get_Interface_Setting
                0x080015c8                Get_Max_Lun
                0x080015e0                MASS_Data_Setup
                0x08001624                MASS_GetStringDescriptor
                0x08001644                MASS_GetConfigDescriptor
                0x08001650                MASS_GetDeviceDescriptor
                0x0800165c                MASS_NoData_Setup
                0x080016ac                Mass_Storage_SetConfiguration
                0x080016dc                Mass_Storage_ClearFeature
                0x080016f8                MASS_Reset
                0x080017e8                MASS_init
 .text          0x0800180c      0x1c4 Util/USB/usb_pwr.o
                0x0800180c                PowerOn
                0x0800183c                PowerOff
                0x08001860                Suspend
                0x080018a4                Resume_Init
                0x080018e4                Resume
 .text          0x080019d0      0x460 Util/USB/usb_scsi.o
                0x080019d0                SCSI_Inquiry_Cmd
                0x08001a08                SCSI_ReadFormatCapacity_Cmd
                0x08001a7c                SCSI_ReadCapacity10_Cmd
                0x08001af8                SCSI_ModeSense6_Cmd
                0x08001b04                SCSI_ModeSense10_Cmd
                0x08001b10                SCSI_RequestSense_Cmd
                0x08001b28                Set_Scsi_Sense_Data
                0x08001b34                SCSI_Start_Stop_Unit_Cmd
                0x08001b3c                SCSI_Read10_Cmd
                0x08001bec                SCSI_Write10_Cmd
                0x08001c98                SCSI_Verify10_Cmd
                0x08001cd8                SCSI_Valid_Cmd
                0x08001d10                SCSI_TestUnitReady_Cmd
                0x08001d44                SCSI_Format_Cmd
                0x08001d70                SCSI_Invalid_Cmd
                0x08001dac                SCSI_Address_Management
 .text          0x08001e30       0x78 Util/buffer.o
                0x08001e30                Add_To_Buffer
                0x08001e64                Get_From_Buffer
                0x08001e94                init_buffer
 .text          0x08001ea8       0x34 Util/delay.o
                0x08001ea8                Delay
 .text          0x08001edc      0x25c Util/fat_fs/option/cc932.o
                0x08001edc                ff_convert
                0x08002108                ff_wtoupper
 .text          0x08002138       0x48 Util/fat_fs/src/fattime.o
                0x08002138                get_fattime
 .text          0x08002180     0x643c Util/fat_fs/src/ff.o
                0x08002a68                clust2sect
                0x08002a84                get_fat
                0x08003028                put_fat
                0x08004dcc                gen_numname
                0x08005a64                f_mount
                0x08005a84                f_open
                0x08005ef0                f_read
                0x080062d8                f_write
                0x0800670c                f_sync
                0x080068e4                f_close
                0x080068f4                f_lseek
                0x08006ac0                f_opendir
                0x08006b2c                f_readdir
                0x08006ba0                f_stat
                0x08006be8                f_getfree
                0x08006e4c                f_truncate
                0x08006fbc                f_unlink
                0x080070d4                f_mkdir
                0x080074fc                f_chmod
                0x08007558                f_utime
                0x080075b8                f_rename
                0x08007878                f_gets
                0x08007994                f_putc
                0x080079b8                f_puts
                0x080079f4                f_printf
 .text          0x080085bc      0x484 Util/fat_fs/src/rtc.o
                0x080085bc                rtc_gettime
                0x0800873c                my_RTC_SetCounter
                0x08008760                rtc_settime
                0x08008994                rtc_init
 .text          0x08008a40      0xd28 Util/fat_fs/src/sd_spi_stm32.o
                0x08008ebc                disk_initialize
                0x08009068                disk_status
                0x08009078                disk_read
                0x080091dc                disk_write
                0x08009350                disk_ioctl
                0x0800972c                disk_timerproc
 .text          0x08009768     0x182c Util/rprintf.o
                0x08009768                rprintfInit
                0x08009774                rprintfChar
                0x0800979c                rprintfStr
                0x080097d4                rprintfStrLen
                0x08009998                rprintfCRLF
                0x080099b0                rprintfu04
                0x080099dc                rprintfu08
                0x08009a24                rprintfu16
                0x08009ac0                rprintfu32
                0x08009c0c                rprintfNum
                0x08009e7c                rprintfFloat
                0x0800a140                rprintf2RamRom
                0x0800af3c                Isdigit
                0x0800af4c                atoiRamRom
                0x0800af84                rStrLen
 .text          0x0800af94      0x23c adc.o
                0x0800af94                ADC_Configuration
                0x0800b150                readADC2
                0x0800b188                setADC2
                0x0800b1a8                getADC2
 .text          0x0800b1d0      0x240 gpio.o
                0x0800b1d0                setup_gpio
                0x0800b384                switch_leds_on
                0x0800b3ac                switch_leds_off
                0x0800b3d4                red_flash
                0x0800b404                get_wkup
 .text          0x0800b410      0x86c i2c_int.o
                0x0800b410                I2C1_EV_IRQHandler
                0x0800b990                I2C1_Request_Job
                0x0800b9e4                I2C1_Setup_Job
                0x0800b9f8                I2C_Config
                0x0800bb80                I2C1_ER_IRQHandler
 *fill*         0x0800bc7c        0x4 00
 .text          0x0800bc80      0x5b0 interrupts.o
                0x0800bc80                ISR_Config
                0x0800bcf4                EXTI_ONOFF_EN
                0x0800bd54                DMA_ISR_Config
                0x0800bd78                SysTick_Configuration
                0x0800bdb0                EXTI0_IRQHandler
                0x0800be3c                DMAChannel1_IRQHandler
                0x0800be68                ADC1_2_IRQHandler
                0x0800befc                SysTickHandler
                0x0800c224                USB_HP_CAN_TX_IRQHandler
                0x0800c228                USB_LP_CAN_RX0_IRQHandler
 .text.Default_Handler
                0x0800c230        0x2 lib/CMSIS_CM3/startup/gcc/startup_stm32f10x_md.o
                0x0800c230                EXTI2_IRQHandler
                0x0800c230                DebugMon_Handler
                0x0800c230                TIM1_CC_IRQHandler
                0x0800c230                HardFault_Handler
                0x0800c230                SysTick_Handler
                0x0800c230                PVD_IRQHandler
                0x0800c230                PendSV_Handler
                0x0800c230                NMI_Handler
                0x0800c230                EXTI3_IRQHandler
                0x0800c230                I2C2_EV_IRQHandler
                0x0800c230                UsageFault_Handler
                0x0800c230                SPI1_IRQHandler
                0x0800c230                TAMPER_IRQHandler
                0x0800c230                DMA1_Channel4_IRQHandler
                0x0800c230                USART3_IRQHandler
                0x0800c230                RTC_IRQHandler
                0x0800c230                DMA1_Channel7_IRQHandler
                0x0800c230                CAN1_RX1_IRQHandler
                0x0800c230                TIM4_IRQHandler
                0x0800c230                DMA1_Channel6_IRQHandler
                0x0800c230                TIM3_IRQHandler
                0x0800c230                RCC_IRQHandler
                0x0800c230                TIM1_TRG_COM_IRQHandler
                0x0800c230                DMA1_Channel1_IRQHandler
                0x0800c230                Default_Handler
                0x0800c230                EXTI15_10_IRQHandler
                0x0800c230                EXTI9_5_IRQHandler
                0x0800c230                SPI2_IRQHandler
                0x0800c230                MemManage_Handler
                0x0800c230                SVC_Handler
                0x0800c230                DMA1_Channel5_IRQHandler
                0x0800c230                EXTI4_IRQHandler
                0x0800c230                USB_LP_CAN1_RX0_IRQHandler
                0x0800c230                USB_HP_CAN1_TX_IRQHandler
                0x0800c230                DMA1_Channel3_IRQHandler
                0x0800c230                TIM1_UP_IRQHandler
                0x0800c230                WWDG_IRQHandler
                0x0800c230                TIM2_IRQHandler
                0x0800c230                TIM1_BRK_IRQHandler
                0x0800c230                EXTI1_IRQHandler
                0x0800c230                RTCAlarm_IRQHandler
                0x0800c230                USART2_IRQHandler
                0x0800c230                I2C2_ER_IRQHandler
                0x0800c230                DMA1_Channel2_IRQHandler
                0x0800c230                CAN1_SCE_IRQHandler
                0x0800c230                FLASH_IRQHandler
                0x0800c230                BusFault_Handler
                0x0800c230                USART1_IRQHandler
                0x0800c230                USBWakeUp_IRQHandler
 *fill*         0x0800c232        0x2 00
 .text          0x0800c234       0xfc lib/CMSIS_CM3/system_stm32f10x.o
                0x0800c234                SystemInit
 .text          0x0800c330      0x6a8 main.o
                0x0800c330                __str_print_char
                0x0800c35c                __fat_print_char
                0x0800c37c                main
                0x0800c92c                detect_sensors
 .text          0x0800c9d8       0x70 pwr.o
                0x0800c9d8                setuppwr
                0x0800c9ec                shutdown
                0x0800c9fc                disable_pin
                0x0800ca04                shutdown_filesystem
 .text          0x0800ca48      0x1e0 timer.o
                0x0800ca48                setup_pwm
                0x0800cb90                Tryfudge
                0x0800cbe0                Set_Motor
 .text          0x0800cc28      0x110 usart.o
                0x0800cc28                Usarts_Init
                0x0800ccd4                Default_Usart_Config
                0x0800ccf0                Usart_Send_Str
                0x0800cd1c                __usart_send_char
 .text          0x0800cd38       0x40 watchdog.o
                0x0800cd38                Watchdog_Config
                0x0800cd64                Watchdog_Reset_Detect
 .text          0x0800cd78       0xb8 lib/STM32F10x_StdPeriph_Driver/libstm32fw.a(misc.o)
                0x0800cd78                NVIC_PriorityGroupConfig
                0x0800cd8c                NVIC_Init
                0x0800cdec                NVIC_SetVectorTable
                0x0800ce00                NVIC_SystemLPConfig
                0x0800ce18                SysTick_CLKSourceConfig
 .text          0x0800ce30      0x380 lib/STM32F10x_StdPeriph_Driver/libstm32fw.a(stm32f10x_adc.o)
                0x0800ce30                ADC_DeInit
                0x0800ce8c                ADC_Init
                0x0800ced8                ADC_StructInit
                0x0800ceea                ADC_Cmd
                0x0800cefe                ADC_DMACmd
                0x0800cf12                ADC_ITConfig
                0x0800cf26                ADC_ResetCalibration
                0x0800cf30                ADC_GetResetCalibrationStatus
                0x0800cf38                ADC_StartCalibration
                0x0800cf42                ADC_GetCalibrationStatus
                0x0800cf4a                ADC_SoftwareStartConvCmd
                0x0800cf5e                ADC_GetSoftwareStartConvStatus
                0x0800cf66                ADC_DiscModeChannelCountConfig
                0x0800cf76                ADC_DiscModeCmd
                0x0800cf8a                ADC_RegularChannelConfig
                0x0800d018                ADC_ExternalTrigConvCmd
                0x0800d02c                ADC_GetConversionValue
                0x0800d032                ADC_GetDualModeConversionValue
                0x0800d03c                ADC_AutoInjectedConvCmd
                0x0800d050                ADC_InjectedDiscModeCmd
                0x0800d064                ADC_ExternalTrigInjectedConvConfig
                0x0800d072                ADC_ExternalTrigInjectedConvCmd
                0x0800d086                ADC_SoftwareStartInjectedConvCmd
                0x0800d09a                ADC_GetSoftwareStartInjectedConvCmdStatus
                0x0800d0a2                ADC_InjectedChannelConfig
                0x0800d0fe                ADC_InjectedSequencerLengthConfig
                0x0800d10e                ADC_SetInjectedOffset
                0x0800d124                ADC_GetInjectedConversionValue
                0x0800d13e                ADC_AnalogWatchdogCmd
                0x0800d150                ADC_AnalogWatchdogThresholdsConfig
                0x0800d156                ADC_AnalogWatchdogSingleChannelConfig
                0x0800d164                ADC_TempSensorVrefintCmd
                0x0800d180                ADC_GetFlagStatus
                0x0800d18c                ADC_ClearFlag
                0x0800d192                ADC_GetITStatus
                0x0800d1a8                ADC_ClearITPendingBit
 .text          0x0800d1b0       0xe0 lib/STM32F10x_StdPeriph_Driver/libstm32fw.a(stm32f10x_bkp.o)
                0x0800d1b0                BKP_DeInit
                0x0800d1c2                BKP_TamperPinLevelConfig
                0x0800d1cc                BKP_TamperPinCmd
                0x0800d1d8                BKP_ITConfig
                0x0800d1e4                BKP_RTCOutputConfig
                0x0800d1fc                BKP_SetRTCCalibrationValue
                0x0800d214                BKP_WriteBackupRegister
                0x0800d230                BKP_ReadBackupRegister
                0x0800d250                BKP_GetFlagStatus
                0x0800d25c                BKP_ClearFlag
                0x0800d270                BKP_GetITStatus
                0x0800d27c                BKP_ClearITPendingBit
 .text          0x0800d290       0x34 lib/STM32F10x_StdPeriph_Driver/libstm32fw.a(stm32f10x_dbgmcu.o)
                0x0800d290                DBGMCU_GetREVID
                0x0800d29c                DBGMCU_GetDEVID
                0x0800d2ac                DBGMCU_Config
 .text          0x0800d2c4      0x1f0 lib/STM32F10x_StdPeriph_Driver/libstm32fw.a(stm32f10x_dma.o)
                0x0800d2c4                DMA_DeInit
                0x0800d3c0                DMA_Init
                0x0800d400                DMA_StructInit
                0x0800d41a                DMA_Cmd
                0x0800d42e                DMA_ITConfig
                0x0800d440                DMA_GetCurrDataCounter
                0x0800d446                DMA_GetFlagStatus
                0x0800d464                DMA_ClearFlag
                0x0800d47c                DMA_GetITStatus
                0x0800d49c                DMA_ClearITPendingBit
 .text          0x0800d4b4      0x108 lib/STM32F10x_StdPeriph_Driver/libstm32fw.a(stm32f10x_exti.o)
                0x0800d4b4                EXTI_DeInit
                0x0800d4d0                EXTI_Init
                0x0800d554                EXTI_StructInit
                0x0800d562                EXTI_GenerateSWInterrupt
                0x0800d574                EXTI_GetFlagStatus
                0x0800d588                EXTI_ClearFlag
                0x0800d594                EXTI_GetITStatus
                0x0800d5b0                EXTI_ClearITPendingBit
 .text          0x0800d5bc      0x278 lib/STM32F10x_StdPeriph_Driver/libstm32fw.a(stm32f10x_gpio.o)
                0x0800d5bc                GPIO_DeInit
                0x0800d668                GPIO_AFIODeInit
                0x0800d67e                GPIO_Init
                0x0800d716                GPIO_StructInit
                0x0800d726                GPIO_ReadInputDataBit
                0x0800d732                GPIO_ReadInputData
                0x0800d738                GPIO_ReadOutputDataBit
                0x0800d744                GPIO_ReadOutputData
                0x0800d74a                GPIO_SetBits
                0x0800d74e                GPIO_ResetBits
                0x0800d752                GPIO_WriteBit
                0x0800d75c                GPIO_Write
                0x0800d760                GPIO_PinLockConfig
                0x0800d770                GPIO_EventOutputConfig
                0x0800d790                GPIO_EventOutputCmd
                0x0800d79c                GPIO_PinRemapConfig
                0x0800d7f4                GPIO_EXTILineConfig
                0x0800d828                GPIO_ETH_MediaInterfaceConfig
 .text          0x0800d834      0x3b4 lib/STM32F10x_StdPeriph_Driver/libstm32fw.a(stm32f10x_i2c.o)
                0x0800d834                I2C_DeInit
                0x0800d868                I2C_Init
                0x0800d938                I2C_StructInit
                0x0800d954                I2C_Cmd
                0x0800d96e                I2C_DMACmd
                0x0800d988                I2C_DMALastTransferCmd
                0x0800d9a2                I2C_GenerateSTART
                0x0800d9bc                I2C_GenerateSTOP
                0x0800d9d6                I2C_AcknowledgeConfig
                0x0800d9f0                I2C_OwnAddress2Config
                0x0800da06                I2C_DualAddressCmd
                0x0800da20                I2C_GeneralCallCmd
                0x0800da3a                I2C_ITConfig
                0x0800da50                I2C_SendData
                0x0800da54                I2C_ReceiveData
                0x0800da5a                I2C_Send7bitAddress
                0x0800da6a                I2C_ReadRegister
                0x0800da82                I2C_SoftwareResetCmd
                0x0800da9a                I2C_SMBusAlertConfig
                0x0800dab8                I2C_TransmitPEC
                0x0800dad2                I2C_PECPositionConfig
                0x0800daf0                I2C_CalculatePEC
                0x0800db0a                I2C_GetPEC
                0x0800db12                I2C_ARPCmd
                0x0800db2c                I2C_StretchClockCmd
                0x0800db46                I2C_FastModeDutyCycleConfig
                0x0800db64                I2C_GetLastEvent
                0x0800db74                I2C_CheckEvent
                0x0800db8c                I2C_GetFlagStatus
                0x0800dbc0                I2C_ClearFlag
                0x0800dbc6                I2C_GetITStatus
                0x0800dbe2                I2C_ClearITPendingBit
 .text          0x0800dbe8       0x58 lib/STM32F10x_StdPeriph_Driver/libstm32fw.a(stm32f10x_iwdg.o)
                0x0800dbe8                IWDG_WriteAccessCmd
                0x0800dbf4                IWDG_SetPrescaler
                0x0800dc00                IWDG_SetReload
                0x0800dc0c                IWDG_ReloadCounter
                0x0800dc1c                IWDG_Enable
                0x0800dc2c                IWDG_GetFlagStatus
 .text          0x0800dc40       0xcc lib/STM32F10x_StdPeriph_Driver/libstm32fw.a(stm32f10x_pwr.o)
                0x0800dc44                PWR_DeInit
                0x0800dc5e                PWR_BackupAccessCmd
                0x0800dc68                PWR_PVDCmd
                0x0800dc74                PWR_PVDLevelConfig
                0x0800dc88                PWR_WakeUpPinCmd
                0x0800dc94                PWR_EnterSTOPMode
                0x0800dcc0                PWR_EnterSTANDBYMode
                0x0800dce8                PWR_GetFlagStatus
                0x0800dcfc                PWR_ClearFlag
 .text          0x0800dd0c      0x360 lib/STM32F10x_StdPeriph_Driver/libstm32fw.a(stm32f10x_rcc.o)
                0x0800dd0c                RCC_DeInit
                0x0800dd4c                RCC_HSEConfig
                0x0800dd84                RCC_AdjustHSICalibrationValue
                0x0800dd98                RCC_HSICmd
                0x0800dda4                RCC_PLLConfig
                0x0800ddbc                RCC_PLLCmd
                0x0800ddc8                RCC_SYSCLKConfig
                0x0800dddc                RCC_GetSYSCLKSource
                0x0800ddec                RCC_HCLKConfig
                0x0800de00                RCC_PCLK1Config
                0x0800de14                RCC_PCLK2Config
                0x0800de28                RCC_ITConfig
                0x0800de40                RCC_USBCLKConfig
                0x0800de4c                RCC_ADCCLKConfig
                0x0800de60                RCC_LSEConfig
                0x0800de80                RCC_LSICmd
                0x0800de8c                RCC_RTCCLKConfig
                0x0800de9c                RCC_RTCCLKCmd
                0x0800dea8                RCC_GetClocksFreq
                0x0800df4c                RCC_AHBPeriphClockCmd
                0x0800df64                RCC_APB2PeriphClockCmd
                0x0800df7c                RCC_APB1PeriphClockCmd
                0x0800df94                RCC_APB2PeriphResetCmd
                0x0800dfac                RCC_APB1PeriphResetCmd
                0x0800dfc4                RCC_BackupResetCmd
                0x0800dfd0                RCC_ClockSecuritySystemCmd
                0x0800dfdc                RCC_MCOConfig
                0x0800dfe8                RCC_GetFlagStatus
                0x0800e010                RCC_WaitForHSEStartUp
                0x0800e03c                RCC_ClearFlag
                0x0800e04c                RCC_GetITStatus
                0x0800e060                RCC_ClearITPendingBit
 .text          0x0800e06c      0x158 lib/STM32F10x_StdPeriph_Driver/libstm32fw.a(stm32f10x_rtc.o)
                0x0800e06c                RTC_ITConfig
                0x0800e088                RTC_EnterConfigMode
                0x0800e09c                RTC_ExitConfigMode
                0x0800e0b0                RTC_GetCounter
                0x0800e0c4                RTC_SetCounter
                0x0800e0e0                RTC_SetPrescaler
                0x0800e100                RTC_SetAlarm
                0x0800e11c                RTC_GetDivider
                0x0800e134                RTC_WaitForLastTask
                0x0800e144                RTC_WaitForSynchro
                0x0800e164                RTC_GetFlagStatus
                0x0800e178                RTC_ClearFlag
                0x0800e18c                RTC_GetITStatus
                0x0800e1b0                RTC_ClearITPendingBit
 .text          0x0800e1c4      0x2d4 lib/STM32F10x_StdPeriph_Driver/libstm32fw.a(stm32f10x_spi.o)
                0x0800e1c4                SPI_I2S_DeInit
                0x0800e228                SPI_Init
                0x0800e268                I2S_Init
                0x0800e308                SPI_StructInit
                0x0800e320                I2S_StructInit
                0x0800e332                SPI_Cmd
                0x0800e34c                I2S_Cmd
                0x0800e366                SPI_I2S_ITConfig
                0x0800e384                SPI_I2S_DMACmd
                0x0800e39a                SPI_I2S_SendData
                0x0800e39e                SPI_I2S_ReceiveData
                0x0800e3a4                SPI_NSSInternalSoftwareConfig
                0x0800e3c4                SPI_SSOutputCmd
                0x0800e3de                SPI_DataSizeConfig
                0x0800e3f6                SPI_TransmitCRC
                0x0800e402                SPI_CalculateCRC
                0x0800e41c                SPI_GetCRC
                0x0800e42c                SPI_GetCRCPolynomial
                0x0800e432                SPI_BiDirectionalLineConfig
                0x0800e450                SPI_I2S_GetFlagStatus
                0x0800e45c                SPI_I2S_ClearFlag
                0x0800e462                SPI_I2S_GetITStatus
                0x0800e488                SPI_I2S_ClearITPendingBit
 .text          0x0800e498      0xa80 lib/STM32F10x_StdPeriph_Driver/libstm32fw.a(stm32f10x_tim.o)
                0x0800e506                TIM_DeInit
                0x0800e5d0                TIM_TimeBaseInit
                0x0800e60c                TIM_OC1Init
                0x0800e68c                TIM_OC2Init
                0x0800e714                TIM_OC3Init
                0x0800e798                TIM_OC4Init
                0x0800e7fc                TIM_BDTRConfig
                0x0800e81e                TIM_TimeBaseStructInit
                0x0800e830                TIM_OCStructInit
                0x0800e844                TIM_ICStructInit
                0x0800e854                TIM_BDTRStructInit
                0x0800e866                TIM_Cmd
                0x0800e880                TIM_CtrlPWMOutputs
                0x0800e89e                TIM_ITConfig
                0x0800e8b4                TIM_GenerateEvent
                0x0800e8b8                TIM_DMAConfig
                0x0800e8c0                TIM_DMACmd
                0x0800e8d6                TIM_InternalClockConfig
                0x0800e8e4                TIM_ETRConfig
                0x0800e8fa                TIM_ETRClockMode2Config
                0x0800e90e                TIM_ETRClockMode1Config
                0x0800e928                TIM_PrescalerConfig
                0x0800e92e                TIM_CounterModeConfig
                0x0800e940                TIM_SelectInputTrigger
                0x0800e952                TIM_TIxExternalClockConfig
                0x0800e980                TIM_ITRxExternalClockConfig
                0x0800e994                TIM_EncoderInterfaceConfig
                0x0800e9d2                TIM_ForcedOC1Config
                0x0800e9e4                TIM_ForcedOC2Config
                0x0800e9f6                TIM_ForcedOC3Config
                0x0800ea08                TIM_ForcedOC4Config
                0x0800ea1a                TIM_ARRPreloadConfig
                0x0800ea34                TIM_SelectCOM
                0x0800ea4e                TIM_SelectCCDMA
                0x0800ea68                TIM_CCPreloadControl
                0x0800ea82                TIM_OC1PreloadConfig
                0x0800ea94                TIM_OC2PreloadConfig
                0x0800eaa6                TIM_OC3PreloadConfig
                0x0800eab8                TIM_OC4PreloadConfig
                0x0800eaca                TIM_OC1FastConfig
                0x0800eadc                TIM_OC2FastConfig
                0x0800eaee                TIM_OC3FastConfig
                0x0800eb00                TIM_OC4FastConfig
                0x0800eb12                TIM_ClearOC1Ref
                0x0800eb24                TIM_ClearOC2Ref
                0x0800eb32                TIM_ClearOC3Ref
                0x0800eb44                TIM_ClearOC4Ref
                0x0800eb52                TIM_OC1PolarityConfig
                0x0800eb64                TIM_OC1NPolarityConfig
                0x0800eb76                TIM_OC2PolarityConfig
                0x0800eb88                TIM_OC2NPolarityConfig
                0x0800eb9a                TIM_OC3PolarityConfig
                0x0800ebac                TIM_OC3NPolarityConfig
                0x0800ebbe                TIM_OC4PolarityConfig
                0x0800ebd0                TIM_CCxCmd
                0x0800ebee                TIM_CCxNCmd
                0x0800ec0c                TIM_SelectOCxM
                0x0800ec58                TIM_UpdateDisableConfig
                0x0800ec72                TIM_UpdateRequestConfig
                0x0800ec8c                TIM_SelectHallSensor
                0x0800eca6                TIM_SelectOnePulseMode
                0x0800ecbe                TIM_SelectOutputTrigger
                0x0800ecd6                TIM_SelectSlaveMode
                0x0800ecee                TIM_SelectMasterSlaveMode
                0x0800ed06                TIM_SetCounter
                0x0800ed0a                TIM_SetAutoreload
                0x0800ed0e                TIM_SetCompare1
                0x0800ed12                TIM_SetCompare2
                0x0800ed16                TIM_SetCompare3
                0x0800ed1a                TIM_SetCompare4
                0x0800ed20                TIM_SetIC1Prescaler
                0x0800ed38                TIM_SetIC2Prescaler
                0x0800ed50                TIM_PWMIConfig
                0x0800edbc                TIM_SetIC3Prescaler
                0x0800edd4                TIM_SetIC4Prescaler
                0x0800edec                TIM_ICInit
                0x0800eeb0                TIM_SetClockDivision
                0x0800eec2                TIM_GetCapture1
                0x0800eec8                TIM_GetCapture2
                0x0800eece                TIM_GetCapture3
                0x0800eed4                TIM_GetCapture4
                0x0800eedc                TIM_GetCounter
                0x0800eee2                TIM_GetPrescaler
                0x0800eee8                TIM_GetFlagStatus
                0x0800eef4                TIM_ClearFlag
                0x0800eefa                TIM_GetITStatus
                0x0800ef10                TIM_ClearITPendingBit
 .text          0x0800ef18      0x374 lib/STM32F10x_StdPeriph_Driver/libstm32fw.a(stm32f10x_usart.o)
                0x0800ef18                USART_DeInit
                0x0800efb0                USART_Init
                0x0800f040                USART_StructInit
                0x0800f056                USART_ClockInit
                0x0800f07c                USART_ClockStructInit
                0x0800f088                USART_Cmd
                0x0800f0a2                USART_ITConfig
                0x0800f0d8                USART_DMACmd
                0x0800f0ee                USART_SetAddress
                0x0800f106                USART_WakeUpConfig
                0x0800f11e                USART_ReceiverWakeUpCmd
                0x0800f138                USART_LINBreakDetectLengthConfig
                0x0800f150                USART_LINCmd
                0x0800f16a                USART_SendData
                0x0800f172                USART_ReceiveData
                0x0800f17a                USART_SendBreak
                0x0800f186                USART_SetGuardTime
                0x0800f198                USART_SetPrescaler
                0x0800f1ac                USART_SmartCardCmd
                0x0800f1c6                USART_SmartCardNACKCmd
                0x0800f1e0                USART_HalfDuplexCmd
                0x0800f1fa                USART_IrDAConfig
                0x0800f212                USART_IrDACmd
                0x0800f22c                USART_GetFlagStatus
                0x0800f238                USART_ClearFlag
                0x0800f23e                USART_GetITStatus
                0x0800f27e                USART_ClearITPendingBit
 .text          0x0800f28c      0xa54 lib/STM32_USB-FS-Device_Driver/libstm32usb.a(usb_core.o)
                0x0800f28c                Standard_GetConfiguration
                0x0800f2b4                Standard_GetInterface
                0x0800f2dc                Standard_GetStatus
                0x0800f450                Standard_SetConfiguration
                0x0800f48c                Standard_SetInterface
                0x0800f4dc                Standard_ClearFeature
                0x0800f5d8                Standard_SetEndPointFeature
                0x0800f68c                Standard_SetDeviceFeature
                0x0800f6b0                Standard_GetDescriptorData
                0x0800f6cc                Post0_Process
                0x0800f714                Out0_Process
                0x0800f7f0                Setup0_Process
                0x0800fbc0                SetDeviceAddress
                0x0800fc7c                In0_Process
                0x0800fcdc                NOP_Process
 .text          0x0800fce0       0x38 lib/STM32_USB-FS-Device_Driver/libstm32usb.a(usb_init.o)
                0x0800fce0                USB_Init
 .text          0x0800fd18      0x25c lib/STM32_USB-FS-Device_Driver/libstm32usb.a(usb_int.o)
                0x0800fd18                CTR_LP
                0x0800fee0                CTR_HP
 .text          0x0800ff74       0xb8 lib/STM32_USB-FS-Device_Driver/libstm32usb.a(usb_mem.o)
                0x0800ff74                UserToPMABufferCopy
                0x0800ffdc                PMAToUserBufferCopy
 .text          0x0801002c      0x880 lib/STM32_USB-FS-Device_Driver/libstm32usb.a(usb_regs.o)
                0x0801002c                SetCNTR
                0x08010038                GetCNTR
                0x08010044                SetISTR
                0x08010050                GetISTR
                0x0801005c                GetFNR
                0x08010068                SetDADDR
                0x08010074                GetDADDR
                0x08010080                SetBTABLE
                0x08010094                GetBTABLE
                0x080100a0                SetENDPOINT
                0x080100b0                GetENDPOINT
                0x080100c0                SetEPType
                0x080100dc                GetEPType
                0x080100f0                SetEPTxStatus
                0x08010130                SetEPRxStatus
                0x08010170                SetDouBleBuffEPStall
                0x08010198                GetEPTxStatus
                0x080101ac                GetEPRxStatus
                0x080101c0                SetEPTxValid
                0x080101e4                SetEPRxValid
                0x08010208                SetEP_KIND
                0x08010228                ClearEP_KIND
                0x08010248                Clear_Status_Out
                0x08010268                Set_Status_Out
                0x08010288                SetEPDoubleBuff
                0x080102a8                ClearEPDoubleBuff
                0x080102c8                GetTxStallStatus
                0x080102e8                GetRxStallStatus
                0x08010308                ClearEP_CTR_RX
                0x08010320                ClearEP_CTR_TX
                0x08010338                ToggleDTOG_RX
                0x08010358                ToggleDTOG_TX
                0x08010378                ClearDTOG_RX
                0x080103a0                ClearDTOG_TX
                0x080103c8                SetEPAddress
                0x080103ec                GetEPAddress
                0x08010400                SetEPTxAddr
                0x08010424                SetEPRxAddr
                0x0801044c                GetEPTxAddr
                0x0801046c                GetEPRxAddr
                0x0801048c                SetEPTxCount
                0x080104ac                SetEPCountRxReg
                0x080104d8                SetEPRxCount
                0x08010520                GetEPTxCount
                0x08010544                GetEPRxCount
                0x08010568                SetEPDblBuffAddr
                0x080105b0                SetEPDblBuf0Addr
                0x080105d4                SetEPDblBuf1Addr
                0x080105fc                GetEPDblBuf0Addr
                0x0801061c                GetEPDblBuf1Addr
                0x0801063c                SetEPDblBuffCount
                0x080106e8                SetEPDblBuf0Count
                0x08010750                SetEPDblBuf1Count
                0x080107b8                GetEPDblBuf0Count
                0x080107dc                GetEPDblBuf1Count
                0x08010800                GetEPDblBufDir
                0x08010848                FreeUserBuffer
                0x08010898                ToWord
                0x080108a0                ByteSwap
 .text          0x080108ac       0x6c lib/STM32_USB-FS-Device_Driver/libstm32usb.a(usb_sil.o)
                0x080108ac                USB_SIL_Init
                0x080108cc                USB_SIL_Write
                0x080108f4                USB_SIL_Read
 .text          0x08010918       0x78 /home/laurence/CodeSourcery/Sourcery_G++_Lite/bin/../lib/gcc/arm-none-eabi/4.5.2/../../../../arm-none-eabi/lib/thumb2/libm.a(lib_a-sf_sin.o)
                0x08010918                sinf
 .text          0x08010990       0xac /home/laurence/CodeSourcery/Sourcery_G++_Lite/bin/../lib/gcc/arm-none-eabi/4.5.2/../../../../arm-none-eabi/lib/thumb2/libm.a(lib_a-w_sqrt.o)
                0x08010990                sqrt
 .text          0x08010a3c       0xa8 /home/laurence/CodeSourcery/Sourcery_G++_Lite/bin/../lib/gcc/arm-none-eabi/4.5.2/../../../../arm-none-eabi/lib/thumb2/libm.a(lib_a-wf_asin.o)
                0x08010a3c                asinf
 .text          0x08010ae4      0x1c0 /home/laurence/CodeSourcery/Sourcery_G++_Lite/bin/../lib/gcc/arm-none-eabi/4.5.2/../../../../arm-none-eabi/lib/thumb2/libm.a(lib_a-e_sqrt.o)
                0x08010ae4                __ieee754_sqrt
 .text          0x08010ca4      0x318 /home/laurence/CodeSourcery/Sourcery_G++_Lite/bin/../lib/gcc/arm-none-eabi/4.5.2/../../../../arm-none-eabi/lib/thumb2/libm.a(lib_a-ef_asin.o)
                0x08010ca4                __ieee754_asinf
 .text          0x08010fbc      0x358 /home/laurence/CodeSourcery/Sourcery_G++_Lite/bin/../lib/gcc/arm-none-eabi/4.5.2/../../../../arm-none-eabi/lib/thumb2/libm.a(lib_a-ef_rem_pio2.o)
                0x08010fbc                __ieee754_rem_pio2f
 .text          0x08011314       0xb0 /home/laurence/CodeSourcery/Sourcery_G++_Lite/bin/../lib/gcc/arm-none-eabi/4.5.2/../../../../arm-none-eabi/lib/thumb2/libm.a(lib_a-ef_sqrt.o)
                0x08011314                __ieee754_sqrtf
 .text          0x080113c4      0x1b8 /home/laurence/CodeSourcery/Sourcery_G++_Lite/bin/../lib/gcc/arm-none-eabi/4.5.2/../../../../arm-none-eabi/lib/thumb2/libm.a(lib_a-kf_cos.o)
                0x080113c4                __kernel_cosf
 .text          0x0801157c      0x63c /home/laurence/CodeSourcery/Sourcery_G++_Lite/bin/../lib/gcc/arm-none-eabi/4.5.2/../../../../arm-none-eabi/lib/thumb2/libm.a(lib_a-kf_rem_pio2.o)
                0x0801157c                __kernel_rem_pio2f
 .text          0x08011bb8      0x100 /home/laurence/CodeSourcery/Sourcery_G++_Lite/bin/../lib/gcc/arm-none-eabi/4.5.2/../../../../arm-none-eabi/lib/thumb2/libm.a(lib_a-kf_sin.o)
                0x08011bb8                __kernel_sinf
 .text          0x08011cb8       0x90 /home/laurence/CodeSourcery/Sourcery_G++_Lite/bin/../lib/gcc/arm-none-eabi/4.5.2/../../../../arm-none-eabi/lib/thumb2/libm.a(lib_a-s_fpclassify.o)
                0x08011cb8                __fpclassifyd
 .text          0x08011d48        0x4 /home/laurence/CodeSourcery/Sourcery_G++_Lite/bin/../lib/gcc/arm-none-eabi/4.5.2/../../../../arm-none-eabi/lib/thumb2/libm.a(lib_a-s_matherr.o)
                0x08011d48                matherr
 .text          0x08011d4c        0xc /home/laurence/CodeSourcery/Sourcery_G++_Lite/bin/../lib/gcc/arm-none-eabi/4.5.2/../../../../arm-none-eabi/lib/thumb2/libm.a(lib_a-s_nan.o)
                0x08011d4c                nan
 .text          0x08011d58        0x8 /home/laurence/CodeSourcery/Sourcery_G++_Lite/bin/../lib/gcc/arm-none-eabi/4.5.2/../../../../arm-none-eabi/lib/thumb2/libm.a(lib_a-sf_fabs.o)
                0x08011d58                fabsf
 .text          0x08011d60       0xa0 /home/laurence/CodeSourcery/Sourcery_G++_Lite/bin/../lib/gcc/arm-none-eabi/4.5.2/../../../../arm-none-eabi/lib/thumb2/libm.a(lib_a-sf_floor.o)
                0x08011d60                floorf
 .text          0x08011e00       0x7c /home/laurence/CodeSourcery/Sourcery_G++_Lite/bin/../lib/gcc/arm-none-eabi/4.5.2/../../../../arm-none-eabi/lib/thumb2/libm.a(lib_a-sf_fpclassify.o)
                0x08011e00                __fpclassifyf
 .text          0x08011e7c       0xc0 /home/laurence/CodeSourcery/Sourcery_G++_Lite/bin/../lib/gcc/arm-none-eabi/4.5.2/../../../../arm-none-eabi/lib/thumb2/libm.a(lib_a-sf_scalbn.o)
                0x08011e7c                scalbnf
 .text          0x08011f3c       0x10 /home/laurence/CodeSourcery/Sourcery_G++_Lite/bin/../lib/gcc/arm-none-eabi/4.5.2/../../../../arm-none-eabi/lib/thumb2/libm.a(lib_a-sf_copysign.o)
                0x08011f3c                copysignf
 .text          0x08011f4c      0x370 /home/laurence/CodeSourcery/Sourcery_G++_Lite/bin/../lib/gcc/arm-none-eabi/4.5.2/thumb2/libgcc.a(_arm_addsubdf3.o)
                0x08011f4c                __aeabi_drsub
                0x08011f54                __aeabi_dsub
                0x08011f54                __subdf3
                0x08011f58                __adddf3
                0x08011f58                __aeabi_dadd
                0x080121d0                __aeabi_ui2d
                0x080121d0                __floatunsidf
                0x080121f0                __floatsidf
                0x080121f0                __aeabi_i2d
                0x08012214                __extendsfdf2
                0x08012214                __aeabi_f2d
                0x08012250                __aeabi_ul2d
                0x08012250                __floatundidf
                0x08012260                __floatdidf
                0x08012260                __aeabi_l2d
 .text          0x080122bc      0x424 /home/laurence/CodeSourcery/Sourcery_G++_Lite/bin/../lib/gcc/arm-none-eabi/4.5.2/thumb2/libgcc.a(_arm_muldivdf3.o)
                0x080122bc                __aeabi_dmul
                0x080122bc                __muldf3
                0x08012510                __aeabi_ddiv
                0x08012510                __divdf3
 .text          0x080126e0      0x110 /home/laurence/CodeSourcery/Sourcery_G++_Lite/bin/../lib/gcc/arm-none-eabi/4.5.2/thumb2/libgcc.a(_arm_cmpdf2.o)
                0x080126e0                __gtdf2
                0x080126e0                __gedf2
                0x080126e8                __ltdf2
                0x080126e8                __ledf2
                0x080126f0                __cmpdf2
                0x080126f0                __eqdf2
                0x080126f0                __nedf2
                0x0801276c                __aeabi_cdrcmple
                0x0801277c                __aeabi_cdcmple
                0x0801277c                __aeabi_cdcmpeq
                0x0801278c                __aeabi_dcmpeq
                0x080127a0                __aeabi_dcmplt
                0x080127b4                __aeabi_dcmple
                0x080127c8                __aeabi_dcmpge
                0x080127dc                __aeabi_dcmpgt
 .text          0x080127f0       0x50 /home/laurence/CodeSourcery/Sourcery_G++_Lite/bin/../lib/gcc/arm-none-eabi/4.5.2/thumb2/libgcc.a(_arm_fixdfsi.o)
                0x080127f0                __fixdfsi
                0x080127f0                __aeabi_d2iz
 .text          0x08012840       0x40 /home/laurence/CodeSourcery/Sourcery_G++_Lite/bin/../lib/gcc/arm-none-eabi/4.5.2/thumb2/libgcc.a(_arm_fixunsdfsi.o)
                0x08012840                __fixunsdfsi
                0x08012840                __aeabi_d2uiz
 .text          0x08012880       0xa0 /home/laurence/CodeSourcery/Sourcery_G++_Lite/bin/../lib/gcc/arm-none-eabi/4.5.2/thumb2/libgcc.a(_arm_truncdfsf2.o)
                0x08012880                __aeabi_d2f
                0x08012880                __truncdfsf2
 .text          0x08012920      0x21c /home/laurence/CodeSourcery/Sourcery_G++_Lite/bin/../lib/gcc/arm-none-eabi/4.5.2/thumb2/libgcc.a(_arm_addsubsf3.o)
                0x08012920                __aeabi_frsub
                0x08012928                __subsf3
                0x08012928                __aeabi_fsub
                0x0801292c                __aeabi_fadd
                0x0801292c                __addsf3
                0x08012a8c                __aeabi_ui2f
                0x08012a8c                __floatunsisf
                0x08012a94                __aeabi_i2f
                0x08012a94                __floatsisf
                0x08012ab0                __floatundisf
                0x08012ab0                __aeabi_ul2f
                0x08012ac0                __floatdisf
                0x08012ac0                __aeabi_l2f
 .text          0x08012b3c      0x2a0 /home/laurence/CodeSourcery/Sourcery_G++_Lite/bin/../lib/gcc/arm-none-eabi/4.5.2/thumb2/libgcc.a(_arm_muldivsf3.o)
                0x08012b3c                __mulsf3
                0x08012b3c                __aeabi_fmul
                0x08012ca4                __divsf3
                0x08012ca4                __aeabi_fdiv
 .text          0x08012ddc       0xec /home/laurence/CodeSourcery/Sourcery_G++_Lite/bin/../lib/gcc/arm-none-eabi/4.5.2/thumb2/libgcc.a(_arm_cmpsf2.o)
                0x08012ddc                __gtsf2
                0x08012ddc                __gesf2
                0x08012de4                __lesf2
                0x08012de4                __ltsf2
                0x08012dec                __nesf2
                0x08012dec                __eqsf2
                0x08012dec                __cmpsf2
                0x08012e4c                __aeabi_cfrcmple
                0x08012e54                __aeabi_cfcmple
                0x08012e54                __aeabi_cfcmpeq
                0x08012e64                __aeabi_fcmpeq
                0x08012e78                __aeabi_fcmplt
                0x08012e8c                __aeabi_fcmple
                0x08012ea0                __aeabi_fcmpge
                0x08012eb4                __aeabi_fcmpgt
 .text          0x08012ec8       0x4c /home/laurence/CodeSourcery/Sourcery_G++_Lite/bin/../lib/gcc/arm-none-eabi/4.5.2/thumb2/libgcc.a(_arm_fixsfsi.o)
                0x08012ec8                __fixsfsi
                0x08012ec8                __aeabi_f2iz
 .text          0x08012f14       0x40 /home/laurence/CodeSourcery/Sourcery_G++_Lite/bin/../lib/gcc/arm-none-eabi/4.5.2/thumb2/libgcc.a(_arm_fixunssfsi.o)
                0x08012f14                __aeabi_f2uiz
                0x08012f14                __fixunssfsi
 .text          0x08012f54        0xc /home/laurence/CodeSourcery/Sourcery_G++_Lite/bin/../lib/gcc/arm-none-eabi/4.5.2/../../../../arm-none-eabi/lib/thumb2/libc.a(lib_a-errno.o)
                0x08012f54                __errno
 .text          0x08012f60       0x20 /home/laurence/CodeSourcery/Sourcery_G++_Lite/bin/../lib/gcc/arm-none-eabi/4.5.2/../../../../arm-none-eabi/lib/thumb2/libc.a(lib_a-malloc.o)
                0x08012f60                malloc
                0x08012f70                free
 .text          0x08012f80      0x57c /home/laurence/CodeSourcery/Sourcery_G++_Lite/bin/../lib/gcc/arm-none-eabi/4.5.2/../../../../arm-none-eabi/lib/thumb2/libc.a(lib_a-mallocr.o)
                0x08012f80                _malloc_r
 .text          0x080134fc      0x150 /home/laurence/CodeSourcery/Sourcery_G++_Lite/bin/../lib/gcc/arm-none-eabi/4.5.2/../../../../arm-none-eabi/lib/thumb2/libc.a(lib_a-memcpy.o)
                0x080134fc                memcpy
 .text          0x0801364c        0x8 /home/laurence/CodeSourcery/Sourcery_G++_Lite/bin/../lib/gcc/arm-none-eabi/4.5.2/../../../../arm-none-eabi/lib/thumb2/libc.a(lib_a-mlock.o)
                0x0801364c                __malloc_lock
                0x08013650                __malloc_unlock
 .text          0x08013654       0x28 /home/laurence/CodeSourcery/Sourcery_G++_Lite/bin/../lib/gcc/arm-none-eabi/4.5.2/../../../../arm-none-eabi/lib/thumb2/libc.a(lib_a-sbrkr.o)
                0x08013654                _sbrk_r
 .text          0x0801367c       0x60 /home/laurence/CodeSourcery/Sourcery_G++_Lite/bin/../lib/gcc/arm-none-eabi/4.5.2/../../../../arm-none-eabi/lib/thumb2/libc.a(lib_a-strlen.o)
                0x0801367c                strlen
 .text          0x080136dc      0x240 /home/laurence/CodeSourcery/Sourcery_G++_Lite/bin/../lib/gcc/arm-none-eabi/4.5.2/../../../../arm-none-eabi/lib/thumb2/libc.a(lib_a-freer.o)
                0x080136dc                _malloc_trim_r
                0x08013784                _free_r
 .text          0x0801391c       0x30 /home/laurence/CodeSourcery/Sourcery_G++_Lite/bin/../lib/gcc/arm-none-eabi/4.5.2/../../../../arm-none-eabi/lib/thumb2/libcs3.a(start_c.o)
                0x0801391c                __cs3_premain
 .text.cs3.init
                0x0801394c       0x50 /home/laurence/CodeSourcery/Sourcery_G++_Lite/bin/../lib/gcc/arm-none-eabi/4.5.2/../../../../arm-none-eabi/lib/thumb2/libcs3.a(start_c.o)
                0x0801394c                __cs3_start_c
 .text          0x0801399c       0x40 /home/laurence/CodeSourcery/Sourcery_G++_Lite/bin/../lib/gcc/arm-none-eabi/4.5.2/../../../../arm-none-eabi/lib/thumb2/libcs3unhosted.a(unhosted-sbrk.o)
                0x0801399c                _sbrk
 .text.cs3.init
                0x080139dc       0x10 /home/laurence/CodeSourcery/Sourcery_G++_Lite/bin/../lib/gcc/arm-none-eabi/4.5.2/../../../../arm-none-eabi/lib/thumb2/libcs3unhosted.a(unhosted-start.o)
                0x080139dc                _start
 .text          0x080139ec        0x2 lib/libcs3-lanchon-stm32.a(lanchon_stm32_isr_interrupt.o)
                0x080139ec                MemManageException
                0x080139ec                BusFaultException
                0x080139ec                DMAChannel7_IRQHandler
                0x080139ec                DebugMonitor
                0x080139ec                SVCHandler
                0x080139ec                HardFaultException
                0x080139ec                __STM32ReservedException8
                0x080139ec                __STM32DefaultExceptionHandler
                0x080139ec                CAN_SCE_IRQHandler
                0x080139ec                __STM32ReservedException10
                0x080139ec                __STM32ReservedException13
                0x080139ec                NMIException
                0x080139ec                DMAChannel4_IRQHandler
                0x080139ec                PendSVC
                0x080139ec                CAN_RX1_IRQHandler
                0x080139ec                ADC_IRQHandler
                0x080139ec                DMAChannel5_IRQHandler
                0x080139ec                DMAChannel2_IRQHandler
                0x080139ec                __STM32ReservedException7
                0x080139ec                UsageFaultException
                0x080139ec                DMAChannel6_IRQHandler
                0x080139ec                DMAChannel3_IRQHandler
                0x080139ec                __STM32ReservedException9
 *fill*         0x080139ee        0x2 00
 .text          0x080139f0       0x50 /home/laurence/CodeSourcery/Sourcery_G++_Lite/bin/../lib/gcc/arm-none-eabi/4.5.2/../../../../arm-none-eabi/lib/thumb2/libc.a(lib_a-init.o)
                0x080139f0                __libc_init_array
 *(.plt)
 *(.gnu.warning)
 *(.glue_7t)
 .glue_7t       0x00000000        0x0 linker stubs
 *(.glue_7)
 .glue_7        0x00000000        0x0 linker stubs
 *(.vfp11_veneer)
 .vfp11_veneer  0x00000000        0x0 linker stubs
 *(.rodata .rodata.* .gnu.linkonce.r.*)
 .rodata        0x08013a40       0xac Util/USB/usb_desc.o
                0x08013a40                MASS_DeviceDescriptor
                0x08013a54                MASS_ConfigDescriptor
                0x08013a74                MASS_StringLangID
                0x08013a78                MASS_StringVendor
                0x08013aac                MASS_StringProduct
                0x08013adc                MASS_StringInterface
 .rodata        0x08013aec     0x7738 Util/fat_fs/option/cc932.o
 .rodata.str1.4
                0x0801b224       0x13 Util/fat_fs/src/ff.o
                                 0x14 (size before relaxing)
 *fill*         0x0801b237        0x1 00
 .rodata        0x0801b238        0xc Util/fat_fs/src/rtc.o
 .rodata        0x0801b244       0x14 Util/rprintf.o
 .rodata.str1.4
                0x0801b258       0x1a Util/rprintf.o
                                 0x1c (size before relaxing)
 *fill*         0x0801b272        0x2 00
 .rodata        0x0801b274        0x4 i2c_int.o
                0x0801b274                TMP102_setup
 .rodata.str1.4
                0x0801b278       0x10 interrupts.o
 .rodata        0x0801b288       0x14 lib/CMSIS_CM3/system_stm32f10x.o
                0x0801b288                SystemFrequency
                0x0801b28c                SystemFrequency_SysClk
                0x0801b290                SystemFrequency_AHBClk
                0x0801b294                SystemFrequency_APB1Clk
                0x0801b298                SystemFrequency_APB2Clk
 .rodata.str1.4
                0x0801b29c       0xc9 main.o
                                 0xd0 (size before relaxing)
 *fill*         0x0801b365        0x3 00
 .rodata.str1.4
                0x0801b368       0x16 pwr.o
                                 0x18 (size before relaxing)
 *fill*         0x0801b37e        0x2 00
 .rodata.str1.4
                0x0801b380        0x5 /home/laurence/CodeSourcery/Sourcery_G++_Lite/bin/../lib/gcc/arm-none-eabi/4.5.2/../../../../arm-none-eabi/lib/thumb2/libm.a(lib_a-w_sqrt.o)
                                  0x8 (size before relaxing)
 *fill*         0x0801b385        0x3 00
 .rodata.str1.4
                0x0801b388        0x6 /home/laurence/CodeSourcery/Sourcery_G++_Lite/bin/../lib/gcc/arm-none-eabi/4.5.2/../../../../arm-none-eabi/lib/thumb2/libm.a(lib_a-wf_asin.o)
                                  0xc (size before relaxing)
 *fill*         0x0801b38e        0x2 00
 .rodata        0x0801b390      0x398 /home/laurence/CodeSourcery/Sourcery_G++_Lite/bin/../lib/gcc/arm-none-eabi/4.5.2/../../../../arm-none-eabi/lib/thumb2/libm.a(lib_a-ef_rem_pio2.o)
 .rodata        0x0801b728       0x38 /home/laurence/CodeSourcery/Sourcery_G++_Lite/bin/../lib/gcc/arm-none-eabi/4.5.2/../../../../arm-none-eabi/lib/thumb2/libm.a(lib_a-kf_rem_pio2.o)
 .rodata.str1.4
                0x0801b760        0x4 /home/laurence/CodeSourcery/Sourcery_G++_Lite/bin/../lib/gcc/arm-none-eabi/4.5.2/../../../../arm-none-eabi/lib/thumb2/libc.a(lib_a-impure.o)
 *(.ARM.extab* .gnu.linkonce.armextab.*)
 *(.gcc_except_table)
 *(.eh_frame_hdr)
 *(.eh_frame)
                0x0801b764                . = ALIGN (0x4)
 *(.init)
 .init          0x0801b764        0x4 /home/laurence/CodeSourcery/Sourcery_G++_Lite/bin/../lib/gcc/arm-none-eabi/4.5.2/thumb2/crti.o
                0x0801b764                _init
 .init          0x0801b768        0x8 /home/laurence/CodeSourcery/Sourcery_G++_Lite/bin/../lib/gcc/arm-none-eabi/4.5.2/thumb2/crtn.o
                0x0801b770                . = ALIGN (0x4)
                0x0801b770                __preinit_array_start = .
 *(.preinit_array)
                0x0801b770                __preinit_array_end = .
                0x0801b770                . = ALIGN (0x4)
                0x0801b770                __init_array_start = .
 *(SORT(.init_array.*))
 *(.init_array)
 .init_array    0x0801b770        0x4 /home/laurence/CodeSourcery/Sourcery_G++_Lite/bin/../lib/gcc/arm-none-eabi/4.5.2/thumb2/crtbegin.o
                0x0801b774                __init_array_end = .
                0x0801b774                . = ALIGN (0x4)
 *crtbegin.o(.ctors)
 *(EXCLUDE_FILE(*crtend.o) .ctors)
 *(SORT(.ctors.*))
 *crtend.o(.ctors)
                0x0801b774                . = ALIGN (0x4)
 *(.fini)
 .fini          0x0801b774        0x4 /home/laurence/CodeSourcery/Sourcery_G++_Lite/bin/../lib/gcc/arm-none-eabi/4.5.2/thumb2/crti.o
                0x0801b774                _fini
 .fini          0x0801b778        0x8 /home/laurence/CodeSourcery/Sourcery_G++_Lite/bin/../lib/gcc/arm-none-eabi/4.5.2/thumb2/crtn.o
                0x0801b780                . = ALIGN (0x4)
                0x0801b780                __fini_array_start = .
 *(.fini_array)
 .fini_array    0x0801b780        0x4 /home/laurence/CodeSourcery/Sourcery_G++_Lite/bin/../lib/gcc/arm-none-eabi/4.5.2/thumb2/crtbegin.o
 *(SORT(.fini_array.*))
                0x0801b784                __fini_array_end = .
 *crtbegin.o(.dtors)
 *(EXCLUDE_FILE(*crtend.o) .dtors)
 *(SORT(.dtors.*))
 *crtend.o(.dtors)
                0x0801b784                . = ALIGN (0x4)
                0x0801b784                __cs3_regions = .
                0x0801b784        0x4 LONG 0x0
                0x0801b788        0x4 LONG 0x801b798 __cs3_region_init_ram
                0x0801b78c        0x4 LONG 0x20000000 __cs3_region_start_ram
                0x0801b790        0x4 LONG 0x698 __cs3_region_init_size_ram
                0x0801b794        0x4 LONG 0xe68 __cs3_region_zero_size_ram
                0x0801b798                __exidx_start = .

.v4_bx          0x0801b798        0x0
 .v4_bx         0x00000000        0x0 linker stubs

.ARM.exidx
 *(.ARM.exidx* .gnu.linkonce.armexidx.*)
                0x0801b798                __exidx_end = .

.text.align     0x0801b798        0x0
                0x0801b798                . = ALIGN (0x8)
                0x0801b798                _etext = .
                0x08020000                __cs3_region_end_rom = (__cs3_region_start_rom + 0x20000)
                0x00020000                __cs3_region_size_rom = 0x20000
                0x00000001                __cs3_region_num = 0x1

.data           0x20000000      0x698 load address 0x0801b798
                0x20000000                __cs3_region_start_ram = .
 *(.cs3.region-head.ram)
 *(.jcr)
 .jcr           0x20000000        0x0 /home/laurence/CodeSourcery/Sourcery_G++_Lite/bin/../lib/gcc/arm-none-eabi/4.5.2/thumb2/crtbegin.o
 .jcr           0x20000000        0x4 /home/laurence/CodeSourcery/Sourcery_G++_Lite/bin/../lib/gcc/arm-none-eabi/4.5.2/thumb2/crtend.o
 *(.got.plt)
 *(.got)
 *(.shdata)
 *(.data .data.* .gnu.linkonce.d.*)
 .data          0x20000004       0x74 Util/USB/scsi_data.o
                0x20000004                Standard_Inquiry_Data
                0x20000028                Standard_Inquiry_Data2
                0x2000004c                Mode_Sense6_data
                0x20000050                Mode_Sense10_data
                0x20000058                Scsi_Sense_Data
                0x2000006c                ReadFormatCapacity_Data
 .data          0x20000078       0x1c Util/USB/usb_desc.o
                0x20000078                MASS_StringSerial
 .data          0x20000094       0x38 Util/USB/usb_istr.o
                0x20000094                pEpInt_IN
                0x200000b0                pEpInt_OUT
 .data          0x200000cc       0x90 Util/USB/usb_prop.o
                0x200000cc                String_Descriptor
                0x200000f4                Config_Descriptor
                0x200000fc                Device_Descriptor
                0x20000104                Device_Property
                0x20000134                Device_Table
                0x20000138                User_Standard_Requests
 .data          0x2000015c        0x1 Util/USB/usb_pwr.o
                0x2000015c                fSuspendEnabled
 .data          0x2000015d        0x1 Util/fat_fs/src/sd_spi_stm32.o
 *fill*         0x2000015e        0x2 00
 .data          0x20000160       0x10 i2c_int.o
                0x20000160                I2C_jobs
 .data          0x20000170       0x14 lib/STM32F10x_StdPeriph_Driver/libstm32fw.a(stm32f10x_rcc.o)
 .data          0x20000184        0x1 /home/laurence/CodeSourcery/Sourcery_G++_Lite/bin/../lib/gcc/arm-none-eabi/4.5.2/../../../../arm-none-eabi/lib/thumb2/libm.a(lib_a-s_lib_ver.o)
                0x20000184                __fdlib_version
 *fill*         0x20000185        0x3 00
 .data          0x20000188       0xf4 /home/laurence/CodeSourcery/Sourcery_G++_Lite/bin/../lib/gcc/arm-none-eabi/4.5.2/../../../../arm-none-eabi/lib/thumb2/libc.a(lib_a-impure.o)
                0x20000188                _impure_ptr
 .data          0x2000027c      0x410 /home/laurence/CodeSourcery/Sourcery_G++_Lite/bin/../lib/gcc/arm-none-eabi/4.5.2/../../../../arm-none-eabi/lib/thumb2/libc.a(lib_a-mallocr.o)
                0x2000027c                __malloc_av_
                0x20000684                __malloc_sbrk_base
                0x20000688                __malloc_trim_threshold
 .data          0x2000068c        0x4 /home/laurence/CodeSourcery/Sourcery_G++_Lite/bin/../lib/gcc/arm-none-eabi/4.5.2/../../../../arm-none-eabi/lib/thumb2/libcs3unhosted.a(unhosted-sbrk.o)
 .data          0x20000690        0x4 /home/laurence/CodeSourcery/Sourcery_G++_Lite/bin/../lib/gcc/arm-none-eabi/4.5.2/../../../../arm-none-eabi/lib/thumb2/libcs3.a(heap.o)
                0x20000690                __cs3_heap_limit
 *(.ram)
                0x20000698                . = ALIGN (0x8)
 *fill*         0x20000694        0x4 00
                0x20000698                _edata = .

.bss            0x20000698      0xe68 load address 0x0801be30
 *(.shbss)
 *(.bss .bss.* .gnu.linkonce.b.*)
 .bss           0x20000698        0x1 /home/laurence/CodeSourcery/Sourcery_G++_Lite/bin/../lib/gcc/arm-none-eabi/4.5.2/thumb2/crtbegin.o
 *fill*         0x20000699        0x3 00
 .bss           0x2000069c      0x61c Sensors/ppg.o
 .bss           0x20000cb8       0x34 Sensors/pressure.o
 .bss           0x20000cec        0x4 Util/USB/mass_mal.o
                0x20000cec                Status
 .bss           0x20000cf0       0x1c Util/USB/memory.o
                0x20000cf0                TransferState
                0x20000cfc                Block_Read_count
                0x20000d00                Counter
 .bss           0x20000d0c       0x10 Util/USB/scsi_data.o
                0x20000d0c                Page00_Inquiry_Data
                0x20000d14                ReadCapacity10_Data
 .bss           0x20000d1c        0x1 Util/USB/usb_istr.o
                0x20000d1c                bIntPackSOF
 *fill*         0x20000d1d        0x3 00
 .bss           0x20000d20        0x4 Util/USB/usb_prop.o
                0x20000d20                Max_Lun
 .bss           0x20000d24        0x4 Util/USB/usb_pwr.o
                0x20000d24                bDeviceState
 .bss           0x20000d28        0x8 Util/fat_fs/src/ff.o
 .bss           0x20000d30       0x10 Util/fat_fs/src/sd_spi_stm32.o
 .bss           0x20000d40       0x84 Util/rprintf.o
 .bss           0x20000dc4        0x3 i2c_int.o
 *fill*         0x20000dc7        0x1 00
 .bss           0x20000dc8       0x18 interrupts.o
 .bss           0x20000de0      0x234 main.o
                0x20001010                file_opened
 .bss           0x20001014        0x1 lib/STM32_USB-FS-Device_Driver/libstm32usb.a(usb_core.o)
                0x20001014                Data_Mul_MaxPacketSize
 *fill*         0x20001015        0x3 00
 .bss           0x20001018       0x34 /home/laurence/CodeSourcery/Sourcery_G++_Lite/bin/../lib/gcc/arm-none-eabi/4.5.2/../../../../arm-none-eabi/lib/thumb2/libc.a(lib_a-mallocr.o)
                0x20001018                __malloc_top_pad
                0x2000101c                __malloc_current_mallinfo
                0x20001044                __malloc_max_sbrked_mem
                0x20001048                __malloc_max_total_mem
 *(COMMON)
 COMMON         0x2000104c       0x10 Sensors/ppg.o
                0x2000104c                a_
                0x20001050                Last_PPG_Values
 COMMON         0x2000105c        0x4 Sensors/pressure.o
                0x2000105c                pressure_offset
 COMMON         0x20001060        0x2 Sensors/temperature.o
                0x20001060                TMP102_Data_Buffer
 *fill*         0x20001062        0x2 00
 COMMON         0x20001064       0x1c Util/USB/mass_mal.o
                0x20001064                Mass_Memory_Size
                0x2000106c                Mass_Block_Size
                0x20001074                Mass_Block_Count
                0x2000107c                Data_Buffer
 COMMON         0x20001080        0x8 Util/USB/memory.o
                0x20001080                Block_offset
                0x20001084                Idx
 COMMON         0x20001088       0x7c Util/USB/usb_bot.o
                0x20001088                CBW
                0x200010a8                Data_Len
                0x200010aa                Bot_State
                0x200010ac                SCSI_LBA
                0x200010b0                CSW
                0x200010c0                SCSI_BlkLen
                0x200010c4                Bulk_Data_Buff
 COMMON         0x20001104        0x2 Util/USB/usb_istr.o
                0x20001104                wIstr
 *fill*         0x20001106        0x2 00
 COMMON         0x20001108        0x2 Util/USB/usb_pwr.o
                0x20001108                ResumeS
 *fill*         0x2000110a        0x2 00
 COMMON         0x2000110c        0x4 adc.o
                0x2000110c                ADC1_Convertion_buff
 COMMON         0x20001110        0x1 gpio.o
                0x20001110                bootsource
 *fill*         0x20001111        0x3 00
 COMMON         0x20001114        0xd i2c_int.o
                0x20001114                I2C1error
                0x20001118                Jobs
                0x2000111c                Completed_Jobs
                0x20001120                job
 COMMON         0x20001121        0x1 interrupts.o
                0x20001121                Button_hold_tim
 *fill*         0x20001122        0x2 00
 COMMON         0x20001124      0x398 main.o
                0x20001124                Pressure_control
                0x20001128                Temperatures_Buffer
                0x20001134                pressure_setpoint
                0x20001138                f_err_code
                0x2000113c                Device_Temperature
                0x20001140                Buff
                0x20001158                System_state_Global
                0x2000115c                Millis
                0x20001160                Sensors
                0x20001164                FATFS_info
                0x20001184                Pressures_Buffer
                0x20001190                print_string
                0x20001290                a
                0x20001294                reported_pressure
                0x20001298                FATFS_logfile
 COMMON         0x200014bc        0x2 lib/STM32_USB-FS-Device_Driver/libstm32usb.a(usb_core.o)
                0x200014bc                StatusInfo
 *fill*         0x200014be        0x2 00
 COMMON         0x200014c0       0x32 lib/STM32_USB-FS-Device_Driver/libstm32usb.a(usb_init.o)
                0x200014c0                SaveState
                0x200014c4                pProperty
                0x200014c8                EPindex
                0x200014cc                Device_Info
                0x200014e8                pUser_Standard_Requests
                0x200014ec                pInformation
                0x200014f0                wInterrupt_Mask
 COMMON         0x200014f2        0x4 lib/STM32_USB-FS-Device_Driver/libstm32usb.a(usb_int.o)
                0x200014f2                SaveRState
                0x200014f4                SaveTState
 *fill*         0x200014f6        0x2 00
 COMMON         0x200014f8        0x4 /home/laurence/CodeSourcery/Sourcery_G++_Lite/bin/../lib/gcc/arm-none-eabi/4.5.2/../../../../arm-none-eabi/lib/thumb2/libc.a(lib_a-reent.o)
                0x200014f8                errno
 *(.ram.b)
                0x20001500                . = ALIGN (0x8)
 *fill*         0x200014fc        0x4 00
                0x20001500                _end = .
                0x20001500                __end = .

.noinit         0x20001500        0x0 load address 0x0801be30
 *(.noinit)
                0x20001500                . = ALIGN (0x8)
                0x20005000                __cs3_region_end_ram = (__cs3_region_start_ram + 0x5000)
                0x00005000                __cs3_region_size_ram = 0x5000
                0x0801b798                __cs3_region_init_ram = LOADADDR (.data)
                0x00000698                __cs3_region_init_size_ram = (_edata - ADDR (.data))
                0x00000e68                __cs3_region_zero_size_ram = (_end - _edata)
                0x00000001                __cs3_region_num = 0x1

.stab
 *(.stab)

.stabstr
 *(.stabstr)

.debug
 *(.debug)

.line
 *(.line)

.debug_srcinfo
 *(.debug_srcinfo)

.debug_sfnames
 *(.debug_sfnames)

.comment        0x00000000       0x2a
 .comment       0x00000000       0x2a Sensors/ppg.o
                                 0x2b (size before relaxing)
 .comment       0x00000000       0x2b Sensors/pressure.o
 .comment       0x00000000       0x2b Sensors/temperature.o
 .comment       0x00000000       0x2b Util/USB/hw_config.o
 .comment       0x00000000       0x2b Util/USB/mass_mal.o
 .comment       0x00000000       0x2b Util/USB/memory.o
 .comment       0x00000000       0x2b Util/USB/scsi_data.o
 .comment       0x00000000       0x2b Util/USB/usb_bot.o
 .comment       0x00000000       0x2b Util/USB/usb_desc.o
 .comment       0x00000000       0x2b Util/USB/usb_endp.o
 .comment       0x00000000       0x2b Util/USB/usb_istr.o
 .comment       0x00000000       0x2b Util/USB/usb_prop.o
 .comment       0x00000000       0x2b Util/USB/usb_pwr.o
 .comment       0x00000000       0x2b Util/USB/usb_scsi.o
 .comment       0x00000000       0x2b Util/buffer.o
 .comment       0x00000000       0x2b Util/delay.o
 .comment       0x00000000       0x2b Util/fat_fs/option/cc932.o
 .comment       0x00000000       0x2b Util/fat_fs/option/syscall.o
 .comment       0x00000000       0x2b Util/fat_fs/src/fattime.o
 .comment       0x00000000       0x2b Util/fat_fs/src/ff.o
 .comment       0x00000000       0x2b Util/fat_fs/src/rtc.o
 .comment       0x00000000       0x2b Util/fat_fs/src/sd_spi_stm32.o
 .comment       0x00000000       0x2b Util/rprintf.o
 .comment       0x00000000       0x2b Util/stm32_eval_spi_sd.o
 .comment       0x00000000       0x2b adc.o
 .comment       0x00000000       0x2b gpio.o
 .comment       0x00000000       0x2b i2c_int.o
 .comment       0x00000000       0x2b interrupts.o
 .comment       0x00000000       0x2b lib/CMSIS_CM3/core_cm3.o
 .comment       0x00000000       0x2b lib/CMSIS_CM3/system_stm32f10x.o
 .comment       0x00000000       0x2b main.o
 .comment       0x00000000       0x2b pwr.o
 .comment       0x00000000       0x2b timer.o
 .comment       0x00000000       0x2b usart.o
 .comment       0x00000000       0x2b watchdog.o
 .comment       0x00000000       0x2b lib/STM32F10x_StdPeriph_Driver/libstm32fw.a(misc.o)
 .comment       0x00000000       0x2b lib/STM32F10x_StdPeriph_Driver/libstm32fw.a(stm32f10x_adc.o)
 .comment       0x00000000       0x2b lib/STM32F10x_StdPeriph_Driver/libstm32fw.a(stm32f10x_bkp.o)
 .comment       0x00000000       0x2b lib/STM32F10x_StdPeriph_Driver/libstm32fw.a(stm32f10x_dbgmcu.o)
 .comment       0x00000000       0x2b lib/STM32F10x_StdPeriph_Driver/libstm32fw.a(stm32f10x_dma.o)
 .comment       0x00000000       0x2b lib/STM32F10x_StdPeriph_Driver/libstm32fw.a(stm32f10x_exti.o)
 .comment       0x00000000       0x2b lib/STM32F10x_StdPeriph_Driver/libstm32fw.a(stm32f10x_gpio.o)
 .comment       0x00000000       0x2b lib/STM32F10x_StdPeriph_Driver/libstm32fw.a(stm32f10x_i2c.o)
 .comment       0x00000000       0x2b lib/STM32F10x_StdPeriph_Driver/libstm32fw.a(stm32f10x_iwdg.o)
 .comment       0x00000000       0x2b lib/STM32F10x_StdPeriph_Driver/libstm32fw.a(stm32f10x_pwr.o)
 .comment       0x00000000       0x2b lib/STM32F10x_StdPeriph_Driver/libstm32fw.a(stm32f10x_rcc.o)
 .comment       0x00000000       0x2b lib/STM32F10x_StdPeriph_Driver/libstm32fw.a(stm32f10x_rtc.o)
 .comment       0x00000000       0x2b lib/STM32F10x_StdPeriph_Driver/libstm32fw.a(stm32f10x_spi.o)
 .comment       0x00000000       0x2b lib/STM32F10x_StdPeriph_Driver/libstm32fw.a(stm32f10x_tim.o)
 .comment       0x00000000       0x2b lib/STM32F10x_StdPeriph_Driver/libstm32fw.a(stm32f10x_usart.o)
 .comment       0x00000000       0x2b lib/STM32_USB-FS-Device_Driver/libstm32usb.a(usb_core.o)
 .comment       0x00000000       0x2b lib/STM32_USB-FS-Device_Driver/libstm32usb.a(usb_init.o)
 .comment       0x00000000       0x2b lib/STM32_USB-FS-Device_Driver/libstm32usb.a(usb_int.o)
 .comment       0x00000000       0x2b lib/STM32_USB-FS-Device_Driver/libstm32usb.a(usb_mem.o)
 .comment       0x00000000       0x2b lib/STM32_USB-FS-Device_Driver/libstm32usb.a(usb_regs.o)
 .comment       0x00000000       0x2b lib/STM32_USB-FS-Device_Driver/libstm32usb.a(usb_sil.o)

.debug_aranges  0x00000000      0x428
 *(.debug_aranges)
 .debug_aranges
                0x00000000       0x20 Sensors/ppg.o
 .debug_aranges
                0x00000020       0x20 Sensors/pressure.o
 .debug_aranges
                0x00000040       0x20 Sensors/temperature.o
 .debug_aranges
                0x00000060       0x20 Util/USB/hw_config.o
 .debug_aranges
                0x00000080       0x20 Util/USB/mass_mal.o
 .debug_aranges
                0x000000a0       0x20 Util/USB/memory.o
 .debug_aranges
                0x000000c0       0x20 Util/USB/usb_bot.o
 .debug_aranges
                0x000000e0       0x20 Util/USB/usb_endp.o
 .debug_aranges
                0x00000100       0x20 Util/USB/usb_istr.o
 .debug_aranges
                0x00000120       0x20 Util/USB/usb_prop.o
 .debug_aranges
                0x00000140       0x20 Util/USB/usb_pwr.o
 .debug_aranges
                0x00000160       0x20 Util/USB/usb_scsi.o
 .debug_aranges
                0x00000180       0x20 Util/buffer.o
 .debug_aranges
                0x000001a0       0x20 Util/delay.o
 .debug_aranges
                0x000001c0       0x20 Util/fat_fs/option/cc932.o
 .debug_aranges
                0x000001e0       0x20 Util/fat_fs/src/fattime.o
 .debug_aranges
                0x00000200       0x20 Util/fat_fs/src/ff.o
 .debug_aranges
                0x00000220       0x20 Util/fat_fs/src/rtc.o
 .debug_aranges
                0x00000240       0x20 Util/fat_fs/src/sd_spi_stm32.o
 .debug_aranges
                0x00000260       0x20 Util/rprintf.o
 .debug_aranges
                0x00000280       0x20 Util/stm32_eval_spi_sd.o
 .debug_aranges
                0x000002a0       0x20 adc.o
 .debug_aranges
                0x000002c0       0x20 gpio.o
 .debug_aranges
                0x000002e0       0x20 i2c_int.o
 .debug_aranges
                0x00000300       0x20 interrupts.o
 .debug_aranges
                0x00000320       0x20 lib/CMSIS_CM3/core_cm3.o
 .debug_aranges
                0x00000340       0x28 lib/CMSIS_CM3/startup/gcc/startup_stm32f10x_md.o
 .debug_aranges
                0x00000368       0x20 lib/CMSIS_CM3/system_stm32f10x.o
 .debug_aranges
                0x00000388       0x20 main.o
 .debug_aranges
                0x000003a8       0x20 pwr.o
 .debug_aranges
                0x000003c8       0x20 timer.o
 .debug_aranges
                0x000003e8       0x20 usart.o
 .debug_aranges
                0x00000408       0x20 watchdog.o

.debug_pubnames
                0x00000000     0x16f4
 *(.debug_pubnames)
 .debug_pubnames
                0x00000000       0x8e Sensors/ppg.o
 .debug_pubnames
                0x0000008e       0x6a Sensors/pressure.o
 .debug_pubnames
                0x000000f8       0x56 Sensors/temperature.o
 .debug_pubnames
                0x0000014e      0x113 Util/USB/hw_config.o
 .debug_pubnames
                0x00000261       0xa5 Util/USB/mass_mal.o
 .debug_pubnames
                0x00000306       0x7f Util/USB/memory.o
 .debug_pubnames
                0x00000385       0xd2 Util/USB/scsi_data.o
 .debug_pubnames
                0x00000457       0xd9 Util/USB/usb_bot.o
 .debug_pubnames
                0x00000530       0xb8 Util/USB/usb_desc.o
 .debug_pubnames
                0x000005e8       0x3b Util/USB/usb_endp.o
 .debug_pubnames
                0x00000623       0x56 Util/USB/usb_istr.o
 .debug_pubnames
                0x00000679      0x1f6 Util/USB/usb_prop.o
 .debug_pubnames
                0x0000086f       0x83 Util/USB/usb_pwr.o
 .debug_pubnames
                0x000008f2      0x195 Util/USB/usb_scsi.o
 .debug_pubnames
                0x00000a87       0x48 Util/buffer.o
 .debug_pubnames
                0x00000acf       0x1c Util/delay.o
 .debug_pubnames
                0x00000aeb       0x31 Util/fat_fs/option/cc932.o
 .debug_pubnames
                0x00000b1c       0x22 Util/fat_fs/src/fattime.o
 .debug_pubnames
                0x00000b3e      0x14a Util/fat_fs/src/ff.o
 .debug_pubnames
                0x00000c88       0x55 Util/fat_fs/src/rtc.o
 .debug_pubnames
                0x00000cdd       0x75 Util/fat_fs/src/sd_spi_stm32.o
 .debug_pubnames
                0x00000d52       0xf9 Util/rprintf.o
 .debug_pubnames
                0x00000e4b      0x167 Util/stm32_eval_spi_sd.o
 .debug_pubnames
                0x00000fb2       0x66 adc.o
 .debug_pubnames
                0x00001018       0x72 gpio.o
 .debug_pubnames
                0x0000108a       0xc7 i2c_int.o
 .debug_pubnames
                0x00001151      0x108 interrupts.o
 .debug_pubnames
                0x00001259      0x159 lib/CMSIS_CM3/core_cm3.o
 .debug_pubnames
                0x000013b2       0xa3 lib/CMSIS_CM3/system_stm32f10x.o
 .debug_pubnames
                0x00001455      0x16c main.o
 .debug_pubnames
                0x000015c1       0x54 pwr.o
 .debug_pubnames
                0x00001615       0x3b timer.o
 .debug_pubnames
                0x00001650       0x64 usart.o
 .debug_pubnames
                0x000016b4       0x40 watchdog.o

.debug_info     0x00000000     0xeabc
 *(.debug_info .gnu.linkonce.wi.*)
 .debug_info    0x00000000      0x68c Sensors/ppg.o
 .debug_info    0x0000068c      0x1db Sensors/pressure.o
 .debug_info    0x00000867       0xfa Sensors/temperature.o
 .debug_info    0x00000961      0x731 Util/USB/hw_config.o
 .debug_info    0x00001092      0x302 Util/USB/mass_mal.o
 .debug_info    0x00001394      0x333 Util/USB/memory.o
 .debug_info    0x000016c7      0x16b Util/USB/scsi_data.o
 .debug_info    0x00001832      0x49d Util/USB/usb_bot.o
 .debug_info    0x00001ccf      0x187 Util/USB/usb_desc.o
 .debug_info    0x00001e56       0x98 Util/USB/usb_endp.o
 .debug_info    0x00001eee      0x311 Util/USB/usb_istr.o
 .debug_info    0x000021ff      0x9b4 Util/USB/usb_prop.o
 .debug_info    0x00002bb3      0x3c3 Util/USB/usb_pwr.o
 .debug_info    0x00002f76      0x899 Util/USB/usb_scsi.o
 .debug_info    0x0000380f      0x194 Util/buffer.o
 .debug_info    0x000039a3       0xc8 Util/delay.o
 .debug_info    0x00003a6b      0x1b9 Util/fat_fs/option/cc932.o
 .debug_info    0x00003c24       0x77 Util/fat_fs/option/syscall.o
 .debug_info    0x00003c9b      0x15a Util/fat_fs/src/fattime.o
 .debug_info    0x00003df5     0x325b Util/fat_fs/src/ff.o
 .debug_info    0x00007050      0x532 Util/fat_fs/src/rtc.o
 .debug_info    0x00007582     0x10e4 Util/fat_fs/src/sd_spi_stm32.o
 .debug_info    0x00008666      0xe1f Util/rprintf.o
 .debug_info    0x00009485     0x1a18 Util/stm32_eval_spi_sd.o
 .debug_info    0x0000ae9d      0x448 adc.o
 .debug_info    0x0000b2e5      0x2a3 gpio.o
 .debug_info    0x0000b588      0x6af i2c_int.o
 .debug_info    0x0000bc37      0xebc interrupts.o
 .debug_info    0x0000caf3      0x547 lib/CMSIS_CM3/core_cm3.o
 .debug_info    0x0000d03a       0x79 lib/CMSIS_CM3/startup/gcc/startup_stm32f10x_md.o
 .debug_info    0x0000d0b3      0x2d0 lib/CMSIS_CM3/system_stm32f10x.o
 .debug_info    0x0000d383      0x98f main.o
 .debug_info    0x0000dd12      0x346 pwr.o
 .debug_info    0x0000e058      0x53d timer.o
 .debug_info    0x0000e595      0x449 usart.o
 .debug_info    0x0000e9de       0xde watchdog.o

.debug_abbrev   0x00000000     0x3225
 *(.debug_abbrev)
 .debug_abbrev  0x00000000      0x1d8 Sensors/ppg.o
 .debug_abbrev  0x000001d8      0x10a Sensors/pressure.o
 .debug_abbrev  0x000002e2       0x79 Sensors/temperature.o
 .debug_abbrev  0x0000035b      0x2d3 Util/USB/hw_config.o
 .debug_abbrev  0x0000062e      0x111 Util/USB/mass_mal.o
 .debug_abbrev  0x0000073f      0x110 Util/USB/memory.o
 .debug_abbrev  0x0000084f       0x5c Util/USB/scsi_data.o
 .debug_abbrev  0x000008ab      0x198 Util/USB/usb_bot.o
 .debug_abbrev  0x00000a43       0x63 Util/USB/usb_desc.o
 .debug_abbrev  0x00000aa6       0x41 Util/USB/usb_endp.o
 .debug_abbrev  0x00000ae7      0x113 Util/USB/usb_istr.o
 .debug_abbrev  0x00000bfa      0x1d0 Util/USB/usb_prop.o
 .debug_abbrev  0x00000dca      0x1bd Util/USB/usb_pwr.o
 .debug_abbrev  0x00000f87      0x253 Util/USB/usb_scsi.o
 .debug_abbrev  0x000011da       0xc1 Util/buffer.o
 .debug_abbrev  0x0000129b       0x7e Util/delay.o
 .debug_abbrev  0x00001319       0xd2 Util/fat_fs/option/cc932.o
 .debug_abbrev  0x000013eb       0x2c Util/fat_fs/option/syscall.o
 .debug_abbrev  0x00001417       0x97 Util/fat_fs/src/fattime.o
 .debug_abbrev  0x000014ae      0x2f7 Util/fat_fs/src/ff.o
 .debug_abbrev  0x000017a5      0x213 Util/fat_fs/src/rtc.o
 .debug_abbrev  0x000019b8      0x317 Util/fat_fs/src/sd_spi_stm32.o
 .debug_abbrev  0x00001ccf      0x2e4 Util/rprintf.o
 .debug_abbrev  0x00001fb3      0x2e8 Util/stm32_eval_spi_sd.o
 .debug_abbrev  0x0000229b      0x143 adc.o
 .debug_abbrev  0x000023de      0x158 gpio.o
 .debug_abbrev  0x00002536      0x1f5 i2c_int.o
 .debug_abbrev  0x0000272b      0x27f interrupts.o
 .debug_abbrev  0x000029aa       0xc1 lib/CMSIS_CM3/core_cm3.o
 .debug_abbrev  0x00002a6b       0x12 lib/CMSIS_CM3/startup/gcc/startup_stm32f10x_md.o
 .debug_abbrev  0x00002a7d      0x112 lib/CMSIS_CM3/system_stm32f10x.o
 .debug_abbrev  0x00002b8f      0x247 main.o
 .debug_abbrev  0x00002dd6      0x10c pwr.o
 .debug_abbrev  0x00002ee2      0x128 timer.o
 .debug_abbrev  0x0000300a      0x186 usart.o
 .debug_abbrev  0x00003190       0x95 watchdog.o

.debug_line     0x00000000     0xc40e
 *(.debug_line)
 .debug_line    0x00000000      0x6e2 Sensors/ppg.o
 .debug_line    0x000006e2      0x336 Sensors/pressure.o
 .debug_line    0x00000a18      0x502 Sensors/temperature.o
 .debug_line    0x00000f1a      0x5fc Util/USB/hw_config.o
 .debug_line    0x00001516      0x56e Util/USB/mass_mal.o
 .debug_line    0x00001a84      0x46a Util/USB/memory.o
 .debug_line    0x00001eee      0x339 Util/USB/scsi_data.o
 .debug_line    0x00002227      0x55c Util/USB/usb_bot.o
 .debug_line    0x00002783      0x2ed Util/USB/usb_desc.o
 .debug_line    0x00002a70      0x3ba Util/USB/usb_endp.o
 .debug_line    0x00002e2a      0x3f5 Util/USB/usb_istr.o
 .debug_line    0x0000321f      0x4a9 Util/USB/usb_prop.o
 .debug_line    0x000036c8      0x452 Util/USB/usb_pwr.o
 .debug_line    0x00003b1a      0x653 Util/USB/usb_scsi.o
 .debug_line    0x0000416d      0x4ba Util/buffer.o
 .debug_line    0x00004627      0x2fd Util/delay.o
 .debug_line    0x00004924       0xd8 Util/fat_fs/option/cc932.o
 .debug_line    0x000049fc      0x2fc Util/fat_fs/option/syscall.o
 .debug_line    0x00004cf8      0x179 Util/fat_fs/src/fattime.o
 .debug_line    0x00004e71     0x1c86 Util/fat_fs/src/ff.o
 .debug_line    0x00006af7      0x47f Util/fat_fs/src/rtc.o
 .debug_line    0x00006f76      0x775 Util/fat_fs/src/sd_spi_stm32.o
 .debug_line    0x000076eb      0xcfd Util/rprintf.o
 .debug_line    0x000083e8      0x9a5 Util/stm32_eval_spi_sd.o
 .debug_line    0x00008d8d      0x6fc adc.o
 .debug_line    0x00009489      0x41f gpio.o
 .debug_line    0x000098a8      0x6bb i2c_int.o
 .debug_line    0x00009f63      0x7ac interrupts.o
 .debug_line    0x0000a70f      0x198 lib/CMSIS_CM3/core_cm3.o
 .debug_line    0x0000a8a7       0x84 lib/CMSIS_CM3/startup/gcc/startup_stm32f10x_md.o
 .debug_line    0x0000a92b      0x336 lib/CMSIS_CM3/system_stm32f10x.o
 .debug_line    0x0000ac61      0x823 main.o
 .debug_line    0x0000b484      0x393 pwr.o
 .debug_line    0x0000b817      0x360 timer.o
 .debug_line    0x0000bb77      0x58f usart.o
 .debug_line    0x0000c106      0x308 watchdog.o

.debug_frame    0x00000000     0x1fa4
 *(.debug_frame)
 .debug_frame   0x00000000       0x94 Sensors/ppg.o
 .debug_frame   0x00000094       0x8c Sensors/pressure.o
 .debug_frame   0x00000120       0x40 Sensors/temperature.o
 .debug_frame   0x00000160       0xec Util/USB/hw_config.o
 .debug_frame   0x0000024c       0x80 Util/USB/mass_mal.o
 .debug_frame   0x000002cc       0x50 Util/USB/memory.o
 .debug_frame   0x0000031c       0xc0 Util/USB/usb_bot.o
 .debug_frame   0x000003dc       0x30 Util/USB/usb_endp.o
 .debug_frame   0x0000040c       0x2c Util/USB/usb_istr.o
 .debug_frame   0x00000438      0x11c Util/USB/usb_prop.o
 .debug_frame   0x00000554       0x94 Util/USB/usb_pwr.o
 .debug_frame   0x000005e8      0x180 Util/USB/usb_scsi.o
 .debug_frame   0x00000768       0x64 Util/buffer.o
 .debug_frame   0x000007cc       0x24 Util/delay.o
 .debug_frame   0x000007f0       0x3c Util/fat_fs/option/cc932.o
 .debug_frame   0x0000082c       0x2c Util/fat_fs/src/fattime.o
 .debug_frame   0x00000858      0x564 Util/fat_fs/src/ff.o
 .debug_frame   0x00000dbc       0x84 Util/fat_fs/src/rtc.o
 .debug_frame   0x00000e40      0x130 Util/fat_fs/src/sd_spi_stm32.o
 .debug_frame   0x00000f70      0x1d4 Util/rprintf.o
 .debug_frame   0x00001144      0x25c Util/stm32_eval_spi_sd.o
 .debug_frame   0x000013a0       0x78 adc.o
 .debug_frame   0x00001418       0x78 gpio.o
 .debug_frame   0x00001490       0xa0 i2c_int.o
 .debug_frame   0x00001530      0x118 interrupts.o
 .debug_frame   0x00001648      0x170 lib/CMSIS_CM3/core_cm3.o
 .debug_frame   0x000017b8       0x24 lib/CMSIS_CM3/system_stm32f10x.o
 .debug_frame   0x000017dc       0x90 main.o
 .debug_frame   0x0000186c       0x70 pwr.o
 .debug_frame   0x000018dc       0x64 timer.o
 .debug_frame   0x00001940       0x78 usart.o
 .debug_frame   0x000019b8       0x40 watchdog.o
 .debug_frame   0x000019f8       0x2c /home/laurence/CodeSourcery/Sourcery_G++_Lite/bin/../lib/gcc/arm-none-eabi/4.5.2/../../../../arm-none-eabi/lib/thumb2/libm.a(lib_a-sf_sin.o)
 .debug_frame   0x00001a24       0x38 /home/laurence/CodeSourcery/Sourcery_G++_Lite/bin/../lib/gcc/arm-none-eabi/4.5.2/../../../../arm-none-eabi/lib/thumb2/libm.a(lib_a-w_sqrt.o)
 .debug_frame   0x00001a5c       0x30 /home/laurence/CodeSourcery/Sourcery_G++_Lite/bin/../lib/gcc/arm-none-eabi/4.5.2/../../../../arm-none-eabi/lib/thumb2/libm.a(lib_a-wf_asin.o)
 .debug_frame   0x00001a8c       0x34 /home/laurence/CodeSourcery/Sourcery_G++_Lite/bin/../lib/gcc/arm-none-eabi/4.5.2/../../../../arm-none-eabi/lib/thumb2/libm.a(lib_a-e_sqrt.o)
 .debug_frame   0x00001ac0       0x34 /home/laurence/CodeSourcery/Sourcery_G++_Lite/bin/../lib/gcc/arm-none-eabi/4.5.2/../../../../arm-none-eabi/lib/thumb2/libm.a(lib_a-ef_asin.o)