Archive member included because of file (symbol)

lib/STM32F10x_StdPeriph_Driver/libstm32fw.a(misc.o)
                              interrupts.o (NVIC_PriorityGroupConfig)
lib/STM32F10x_StdPeriph_Driver/libstm32fw.a(stm32f10x_adc.o)
                              adc.o (ADC_DeInit)
lib/STM32F10x_StdPeriph_Driver/libstm32fw.a(stm32f10x_bkp.o)
                              Util/fat_fs/src/rtc.o (BKP_DeInit)
lib/STM32F10x_StdPeriph_Driver/libstm32fw.a(stm32f10x_dbgmcu.o)
                              main.o (DBGMCU_Config)
lib/STM32F10x_StdPeriph_Driver/libstm32fw.a(stm32f10x_dma.o)
                              Util/fat_fs/src/sd_spi_stm32.o (DMA_DeInit)
lib/STM32F10x_StdPeriph_Driver/libstm32fw.a(stm32f10x_exti.o)
                              interrupts.o (EXTI_DeInit)
lib/STM32F10x_StdPeriph_Driver/libstm32fw.a(stm32f10x_gpio.o)
                              Util/fat_fs/src/sd_spi_stm32.o (GPIO_Init)
lib/STM32F10x_StdPeriph_Driver/libstm32fw.a(stm32f10x_i2c.o)
                              i2c_int.o (I2C_DeInit)
lib/STM32F10x_StdPeriph_Driver/libstm32fw.a(stm32f10x_iwdg.o)
                              watchdog.o (IWDG_WriteAccessCmd)
lib/STM32F10x_StdPeriph_Driver/libstm32fw.a(stm32f10x_pwr.o)
                              pwr.o (PWR_DeInit)
lib/STM32F10x_StdPeriph_Driver/libstm32fw.a(stm32f10x_rcc.o)
                              interrupts.o (RCC_HCLKConfig)
lib/STM32F10x_StdPeriph_Driver/libstm32fw.a(stm32f10x_rtc.o)
                              Util/fat_fs/src/rtc.o (RTC_GetCounter)
lib/STM32F10x_StdPeriph_Driver/libstm32fw.a(stm32f10x_spi.o)
                              Util/fat_fs/src/sd_spi_stm32.o (SPI_I2S_DeInit)
lib/STM32F10x_StdPeriph_Driver/libstm32fw.a(stm32f10x_tim.o)
                              timer.o (TIM_DeInit)
lib/STM32F10x_StdPeriph_Driver/libstm32fw.a(stm32f10x_usart.o)
                              usart.o (USART_Init)
lib/STM32_USB-FS-Device_Driver/libstm32usb.a(usb_core.o)
                              Util/USB/usb_prop.o (Standard_GetDescriptorData)
lib/STM32_USB-FS-Device_Driver/libstm32usb.a(usb_init.o)
                              main.o (USB_Init)
lib/STM32_USB-FS-Device_Driver/libstm32usb.a(usb_int.o)
                              Util/USB/usb_istr.o (CTR_LP)
lib/STM32_USB-FS-Device_Driver/libstm32usb.a(usb_mem.o)
                              lib/STM32_USB-FS-Device_Driver/libstm32usb.a(usb_core.o) (UserToPMABufferCopy)
lib/STM32_USB-FS-Device_Driver/libstm32usb.a(usb_regs.o)
                              Util/USB/usb_prop.o (SetBTABLE)
lib/STM32_USB-FS-Device_Driver/libstm32usb.a(usb_sil.o)
                              Util/USB/usb_prop.o (USB_SIL_Init)
/home/laurence/CodeSourcery/Sourcery_G++_Lite/bin/../lib/gcc/arm-none-eabi/4.5.2/../../../../arm-none-eabi/lib/thumb2/libm.a(lib_a-sf_sin.o)
                              Sensors/ppg_new.o (sinf)
/home/laurence/CodeSourcery/Sourcery_G++_Lite/bin/../lib/gcc/arm-none-eabi/4.5.2/../../../../arm-none-eabi/lib/thumb2/libm.a(lib_a-wf_asin.o)
                              Sensors/ppg_new.o (asinf)
/home/laurence/CodeSourcery/Sourcery_G++_Lite/bin/../lib/gcc/arm-none-eabi/4.5.2/../../../../arm-none-eabi/lib/thumb2/libm.a(lib_a-wf_sqrt.o)
                              Sensors/ppg_new.o (sqrtf)
/home/laurence/CodeSourcery/Sourcery_G++_Lite/bin/../lib/gcc/arm-none-eabi/4.5.2/../../../../arm-none-eabi/lib/thumb2/libm.a(lib_a-ef_asin.o)
                              /home/laurence/CodeSourcery/Sourcery_G++_Lite/bin/../lib/gcc/arm-none-eabi/4.5.2/../../../../arm-none-eabi/lib/thumb2/libm.a(lib_a-wf_asin.o) (__ieee754_asinf)
/home/laurence/CodeSourcery/Sourcery_G++_Lite/bin/../lib/gcc/arm-none-eabi/4.5.2/../../../../arm-none-eabi/lib/thumb2/libm.a(lib_a-ef_rem_pio2.o)
                              /home/laurence/CodeSourcery/Sourcery_G++_Lite/bin/../lib/gcc/arm-none-eabi/4.5.2/../../../../arm-none-eabi/lib/thumb2/libm.a(lib_a-sf_sin.o) (__ieee754_rem_pio2f)
/home/laurence/CodeSourcery/Sourcery_G++_Lite/bin/../lib/gcc/arm-none-eabi/4.5.2/../../../../arm-none-eabi/lib/thumb2/libm.a(lib_a-ef_sqrt.o)
                              /home/laurence/CodeSourcery/Sourcery_G++_Lite/bin/../lib/gcc/arm-none-eabi/4.5.2/../../../../arm-none-eabi/lib/thumb2/libm.a(lib_a-wf_sqrt.o) (__ieee754_sqrtf)
/home/laurence/CodeSourcery/Sourcery_G++_Lite/bin/../lib/gcc/arm-none-eabi/4.5.2/../../../../arm-none-eabi/lib/thumb2/libm.a(lib_a-kf_cos.o)
                              /home/laurence/CodeSourcery/Sourcery_G++_Lite/bin/../lib/gcc/arm-none-eabi/4.5.2/../../../../arm-none-eabi/lib/thumb2/libm.a(lib_a-sf_sin.o) (__kernel_cosf)
/home/laurence/CodeSourcery/Sourcery_G++_Lite/bin/../lib/gcc/arm-none-eabi/4.5.2/../../../../arm-none-eabi/lib/thumb2/libm.a(lib_a-kf_rem_pio2.o)
                              /home/laurence/CodeSourcery/Sourcery_G++_Lite/bin/../lib/gcc/arm-none-eabi/4.5.2/../../../../arm-none-eabi/lib/thumb2/libm.a(lib_a-ef_rem_pio2.o) (__kernel_rem_pio2f)
[...]
Memory Configuration

Name             Origin             Length             Attributes
ram              0x20000000         0x00005000         xrw
rom              0x08000000         0x00020000         xr
*default*        0x00000000         0xffffffff

Linker script and memory map

LOAD /home/laurence/CodeSourcery/Sourcery_G++_Lite/bin/../lib/gcc/arm-none-eabi/4.5.2/thumb2/crti.o
LOAD /home/laurence/CodeSourcery/Sourcery_G++_Lite/bin/../lib/gcc/arm-none-eabi/4.5.2/thumb2/crtbegin.o
LOAD Sensors/ppg_new.o
LOAD Sensors/pressure.o
LOAD Sensors/temperature.o
LOAD Util/USB/hw_config.o
LOAD Util/USB/mass_mal.o
LOAD Util/USB/memory.o
LOAD Util/USB/scsi_data.o
LOAD Util/USB/usb_bot.o
LOAD Util/USB/usb_desc.o
LOAD Util/USB/usb_endp.o
LOAD Util/USB/usb_istr.o
LOAD Util/USB/usb_prop.o
LOAD Util/USB/usb_pwr.o
LOAD Util/USB/usb_scsi.o
LOAD Util/buffer.o
LOAD Util/delay.o
LOAD Util/fat_fs/option/cc932.o
LOAD Util/fat_fs/option/syscall.o
LOAD Util/fat_fs/src/fattime.o
LOAD Util/fat_fs/src/ff.o
LOAD Util/fat_fs/src/rtc.o
LOAD Util/fat_fs/src/sd_spi_stm32.o
LOAD Util/rprintf.o
LOAD adc.o
LOAD gpio.o
LOAD i2c_int.o
LOAD interrupts.o
LOAD lib/CMSIS_CM3/core_cm3.o
LOAD lib/CMSIS_CM3/startup/gcc/startup_stm32f10x_md.o
LOAD lib/CMSIS_CM3/system_stm32f10x.o
LOAD main.o
LOAD pwr.o
LOAD timer.o
LOAD usart.o
LOAD watchdog.o
LOAD lib/STM32F10x_StdPeriph_Driver/libstm32fw.a
LOAD lib/STM32_USB-FS-Device_Driver/libstm32usb.a
LOAD /home/laurence/CodeSourcery/Sourcery_G++_Lite/bin/../lib/gcc/arm-none-eabi/4.5.2/../../../../arm-none-eabi/lib/thumb2/libm.a
START GROUP
LOAD /home/laurence/CodeSourcery/Sourcery_G++_Lite/bin/../lib/gcc/arm-none-eabi/4.5.2/thumb2/libgcc.a
LOAD /home/laurence/CodeSourcery/Sourcery_G++_Lite/bin/../lib/gcc/arm-none-eabi/4.5.2/../../../../arm-none-eabi/lib/thumb2/libc.a
END GROUP
LOAD /home/laurence/CodeSourcery/Sourcery_G++_Lite/bin/../lib/gcc/arm-none-eabi/4.5.2/thumb2/crtend.o
LOAD /home/laurence/CodeSourcery/Sourcery_G++_Lite/bin/../lib/gcc/arm-none-eabi/4.5.2/thumb2/crtn.o
START GROUP
LOAD /home/laurence/CodeSourcery/Sourcery_G++_Lite/bin/../lib/gcc/arm-none-eabi/4.5.2/thumb2/libgcc.a
LOAD /home/laurence/CodeSourcery/Sourcery_G++_Lite/bin/../lib/gcc/arm-none-eabi/4.5.2/../../../../arm-none-eabi/lib/thumb2/libc.a
LOAD /home/laurence/CodeSourcery/Sourcery_G++_Lite/bin/../lib/gcc/arm-none-eabi/4.5.2/../../../../arm-none-eabi/lib/thumb2/libcs3.a
LOAD /home/laurence/CodeSourcery/Sourcery_G++_Lite/bin/../lib/gcc/arm-none-eabi/4.5.2/../../../../arm-none-eabi/lib/thumb2/libcs3unhosted.a
LOAD lib/libcs3-lanchon-stm32.a
END GROUP
                0x20005000                PROVIDE (__cs3_stack, (__cs3_region_start_ram + __cs3_region_size_ram))
                0x20000fe0                PROVIDE (__cs3_heap_start, _end)
                0x20005000                PROVIDE (__cs3_heap_end, (__cs3_region_start_ram + __cs3_region_size_ram))

.text           0x08000000    0x12960
 CREATE_OBJECT_SYMBOLS
                0x08000000                __cs3_region_start_rom = .
 *(.cs3.region-head.rom)
                0x08000000                __cs3_interrupt_vector = __cs3_interrupt_vector_lanchon_stm32
 *(.cs3.interrupt_vector)
 .cs3.interrupt_vector
                0x08000000       0xec lib/libcs3-lanchon-stm32.a(lanchon-stm32-vector.o)
                0x08000000                __cs3_interrupt_vector_lanchon_stm32
                0x08000001                ASSERT ((. != __cs3_interrupt_vector_lanchon_stm32), No interrupt vector)
 *(.rom)
 *(.rom.b)
                0x0800aa48                PROVIDE (__cs3_reset_lanchon_stm32, _start)
                0x0800aa48                __cs3_reset = __cs3_reset_lanchon_stm32
 *(.cs3.reset)
 *(.text .text.* .gnu.linkonce.t.*)
 .text          0x080000ec       0x30 /home/laurence/CodeSourcery/Sourcery_G++_Lite/bin/../lib/gcc/arm-none-eabi/4.5.2/thumb2/crtbegin.o
 .text.PPG_LO_Filter
                0x0800011c      0x12c Sensors/ppg_new.o
                0x0800011c                PPG_LO_Filter
 .text.PWM_Linear
                0x08000248       0x38 Sensors/ppg_new.o
                0x08000248                PWM_Linear
 .text.PPG_correct_brightness
                0x08000280       0x70 Sensors/ppg_new.o
                0x08000280                PPG_correct_brightness
 .text.PPG_Automatic_Brightness_Control
                0x080002f0       0xe4 Sensors/ppg_new.o
                0x080002f0                PPG_Automatic_Brightness_Control
 .text.calibrate_sensor
                0x080003d4       0x44 Sensors/pressure.o
                0x080003d4                calibrate_sensor
 .text.conv_diff
                0x08000418       0x38 Sensors/pressure.o
                0x08000418                conv_diff
 .text.filterloop
                0x08000450       0x58 Sensors/pressure.o
                0x08000450                filterloop
 .text.convert_tmp102_temp
                0x080004a8       0x32 Sensors/temperature.o
                0x080004a8                convert_tmp102_temp
 *fill*         0x080004da        0x6 00
 .text.convert_thermistor_temp
                0x080004e0       0x38 Sensors/temperature.o
                0x080004e0                convert_thermistor_temp
 .text.IntToUnicode
                0x08000518       0x24 Util/USB/hw_config.o
 .text.Set_USBClock
                0x0800053c       0x16 Util/USB/hw_config.o
                0x0800053c                Set_USBClock
 *fill*         0x08000552        0x2 00
 .text.Enter_LowPowerMode
                0x08000554        0xc Util/USB/hw_config.o
                0x08000554                Enter_LowPowerMode
 .text.Leave_LowPowerMode
                0x08000560       0x1c Util/USB/hw_config.o
                0x08000560                Leave_LowPowerMode
 .text.USB_Interrupts_Config
                0x0800057c       0x38 Util/USB/hw_config.o
                0x0800057c                USB_Interrupts_Config
 .text.Led_RW_ON
                0x080005b4       0x10 Util/USB/hw_config.o
                0x080005b4                Led_RW_ON
 .text.Led_RW_OFF
                0x080005c4       0x10 Util/USB/hw_config.o
                0x080005c4                Led_RW_OFF
 .text.USB_Configured_LED
                0x080005d4       0x10 Util/USB/hw_config.o
                0x080005d4                USB_Configured_LED
 .text.USB_NotConfigured_LED
                0x080005e4       0x10 Util/USB/hw_config.o
                0x080005e4                USB_NotConfigured_LED
 .text.USB_Cable_Config
                0x080005f4        0x2 Util/USB/hw_config.o
                0x080005f4                USB_Cable_Config
 *fill*         0x080005f6        0x2 00
 .text.Get_SerialNum
                0x080005f8       0x38 Util/USB/hw_config.o
                0x080005f8                Get_SerialNum
 .text.MAL_Config
                0x08000630        0x6 Util/USB/hw_config.o
                0x08000630                MAL_Config
 .text.Set_System
                0x08000636        0x4 Util/USB/hw_config.o
                0x08000636                Set_System
 *fill*         0x0800063a        0x2 00
 .text.MAL_Init
                0x0800063c       0x44 Util/USB/mass_mal.o
                0x0800063c                MAL_Init
 .text.MAL_Write
                0x08000680       0x30 Util/USB/mass_mal.o
                0x08000680                MAL_Write
 .text.MAL_Read
                0x080006b0       0x28 Util/USB/mass_mal.o
                0x080006b0                MAL_Read
 .text.MAL_GetStatus
                0x080006d8       0x64 Util/USB/mass_mal.o
                0x080006d8                MAL_GetStatus
 .text.Read_Memory
                0x0800073c      0x124 Util/USB/memory.o
                0x0800073c                Read_Memory
 .text.Write_Memory
                0x08000860      0x11c Util/USB/memory.o
                0x08000860                Write_Memory
 .text.Transfer_Data_Request
                0x0800097c       0x34 Util/USB/usb_bot.o
                0x0800097c                Transfer_Data_Request
 .text.Set_CSW  0x080009b0       0x3c Util/USB/usb_bot.o
                0x080009b0                Set_CSW
 .text.Mass_Storage_In
                0x080009ec       0x5c Util/USB/usb_bot.o
                0x080009ec                Mass_Storage_In
 .text.Bot_Abort
                0x08000a48       0x38 Util/USB/usb_bot.o
                0x08000a48                Bot_Abort
 .text.CBW_Decode
                0x08000a80      0x1e4 Util/USB/usb_bot.o
                0x08000a80                CBW_Decode
 .text.Mass_Storage_Out
                0x08000c64       0x70 Util/USB/usb_bot.o
                0x08000c64                Mass_Storage_Out
 .text.EP1_IN_Callback
                0x08000cd4        0x4 Util/USB/usb_endp.o
                0x08000cd4                EP1_IN_Callback
 .text.EP2_OUT_Callback
                0x08000cd8        0x4 Util/USB/usb_endp.o
                0x08000cd8                EP2_OUT_Callback
 .text.USB_Istr
                0x08000cdc       0xd8 Util/USB/usb_istr.o
                0x08000cdc                USB_Istr
 .text.Mass_Storage_SetDeviceAddress
                0x08000db4        0xc Util/USB/usb_prop.o
                0x08000db4                Mass_Storage_SetDeviceAddress
 .text.MASS_Status_In
                0x08000dc0        0x2 Util/USB/usb_prop.o
                0x08000dc0                MASS_Status_In
 .text.MASS_Status_Out
                0x08000dc2        0x2 Util/USB/usb_prop.o
                0x08000dc2                MASS_Status_Out
 .text.MASS_Get_Interface_Setting
                0x08000dc4       0x10 Util/USB/usb_prop.o
                0x08000dc4                MASS_Get_Interface_Setting
 .text.Get_Max_Lun
                0x08000dd4       0x18 Util/USB/usb_prop.o
                0x08000dd4                Get_Max_Lun
 .text.MASS_Data_Setup
                0x08000dec       0x40 Util/USB/usb_prop.o
                0x08000dec                MASS_Data_Setup
 .text.MASS_GetStringDescriptor
                0x08000e2c       0x20 Util/USB/usb_prop.o
                0x08000e2c                MASS_GetStringDescriptor
 .text.MASS_GetConfigDescriptor
                0x08000e4c        0xc Util/USB/usb_prop.o
                0x08000e4c                MASS_GetConfigDescriptor
 .text.MASS_GetDeviceDescriptor
                0x08000e58        0xc Util/USB/usb_prop.o
                0x08000e58                MASS_GetDeviceDescriptor
 .text.MASS_NoData_Setup
                0x08000e64       0x50 Util/USB/usb_prop.o
                0x08000e64                MASS_NoData_Setup
 .text.Mass_Storage_SetConfiguration
                0x08000eb4       0x30 Util/USB/usb_prop.o
                0x08000eb4                Mass_Storage_SetConfiguration
 .text.Mass_Storage_ClearFeature
                0x08000ee4       0x1c Util/USB/usb_prop.o
                0x08000ee4                Mass_Storage_ClearFeature
 .text.MASS_Reset
                0x08000f00       0xec Util/USB/usb_prop.o
                0x08000f00                MASS_Reset
 .text.MASS_init
                0x08000fec       0x24 Util/USB/usb_prop.o
                0x08000fec                MASS_init
 .text.PowerOn  0x08001010       0x30 Util/USB/usb_pwr.o
                0x08001010                PowerOn
 .text.Suspend  0x08001040       0x44 Util/USB/usb_pwr.o
                0x08001040                Suspend
 .text.Resume_Init
                0x08001084       0x40 Util/USB/usb_pwr.o
                0x08001084                Resume_Init
 .text.Resume   0x080010c4       0x8c Util/USB/usb_pwr.o
                0x080010c4                Resume
 .text.SCSI_Inquiry_Cmd
                0x08001150       0x38 Util/USB/usb_scsi.o
                0x08001150                SCSI_Inquiry_Cmd
 .text.SCSI_ModeSense6_Cmd
                0x08001188        0xc Util/USB/usb_scsi.o
                0x08001188                SCSI_ModeSense6_Cmd
 .text.SCSI_ModeSense10_Cmd
                0x08001194        0xc Util/USB/usb_scsi.o
                0x08001194                SCSI_ModeSense10_Cmd
 .text.SCSI_RequestSense_Cmd
                0x080011a0       0x18 Util/USB/usb_scsi.o
                0x080011a0                SCSI_RequestSense_Cmd
 .text.Set_Scsi_Sense_Data
                0x080011b8        0xc Util/USB/usb_scsi.o
                0x080011b8                Set_Scsi_Sense_Data
 .text.SCSI_ReadCapacity10_Cmd
                0x080011c4       0x70 Util/USB/usb_scsi.o
                0x080011c4                SCSI_ReadCapacity10_Cmd
 .text.SCSI_ReadFormatCapacity_Cmd
                0x08001234       0x68 Util/USB/usb_scsi.o
                0x08001234                SCSI_ReadFormatCapacity_Cmd
 .text.SCSI_Start_Stop_Unit_Cmd
                0x0800129c        0x8 Util/USB/usb_scsi.o
                0x0800129c                SCSI_Start_Stop_Unit_Cmd
 .text.SCSI_Verify10_Cmd
                0x080012a4       0x38 Util/USB/usb_scsi.o
                0x080012a4                SCSI_Verify10_Cmd
 .text.SCSI_TestUnitReady_Cmd
                0x080012dc       0x34 Util/USB/usb_scsi.o
                0x080012dc                SCSI_TestUnitReady_Cmd
 .text.SCSI_Format_Cmd
                0x08001310       0x16 Util/USB/usb_scsi.o
                0x08001310                SCSI_Format_Cmd
 *fill*         0x08001326        0x2 00
 .text.SCSI_Invalid_Cmd
                0x08001328       0x34 Util/USB/usb_scsi.o
                0x08001328                SCSI_Invalid_Cmd
 .text.SCSI_Address_Management
                0x0800135c       0x70 Util/USB/usb_scsi.o
                0x0800135c                SCSI_Address_Management
 .text.SCSI_Write10_Cmd
                0x080013cc       0x70 Util/USB/usb_scsi.o
                0x080013cc                SCSI_Write10_Cmd
 .text.SCSI_Read10_Cmd
                0x0800143c       0x6c Util/USB/usb_scsi.o
                0x0800143c                SCSI_Read10_Cmd
 .text.Add_To_Buffer
                0x080014a8       0x32 Util/buffer.o
                0x080014a8                Add_To_Buffer
 .text.Get_From_Buffer
                0x080014da       0x2e Util/buffer.o
                0x080014da                Get_From_Buffer
 .text.Empty_Buffer
                0x08001508        0x6 Util/buffer.o
                0x08001508                Empty_Buffer
 .text.init_buffer
                0x0800150e       0x12 Util/buffer.o
                0x0800150e                init_buffer
 .text.Delay    0x08001520       0x2c Util/delay.o
                0x08001520                Delay
 .text.ff_convert
                0x0800154c       0x60 Util/fat_fs/option/cc932.o
                0x0800154c                ff_convert
 .text.ff_wtoupper
                0x080015ac       0x24 Util/fat_fs/option/cc932.o
                0x080015ac                ff_wtoupper
 .text.get_fattime
                0x080015d0       0x44 Util/fat_fs/src/fattime.o
                0x080015d0                get_fattime
 .text.mem_cpy  0x08001614       0x10 Util/fat_fs/src/ff.o
 .text.mem_set  0x08001624        0xc Util/fat_fs/src/ff.o
 .text.chk_chr  0x08001630        0xe Util/fat_fs/src/ff.o
 .text.sum_sfn  0x0800163e       0x1e Util/fat_fs/src/ff.o
 .text.validate
                0x0800165c       0x26 Util/fat_fs/src/ff.o
 *fill*         0x08001682        0x2 00
 .text.check_fs
                0x08001684       0x8c Util/fat_fs/src/ff.o
 .text.chk_mounted
                0x08001710      0x338 Util/fat_fs/src/ff.o
 .text.get_fileinfo
                0x08001a48      0x10c Util/fat_fs/src/ff.o
 .text.move_window
                0x08001b54       0x7c Util/fat_fs/src/ff.o
 .text.sync     0x08001bd0       0xb2 Util/fat_fs/src/ff.o
 .text.clust2sect
                0x08001c82       0x1a Util/fat_fs/src/ff.o
                0x08001c82                clust2sect
 .text.get_fat  0x08001c9c       0xd4 Util/fat_fs/src/ff.o
                0x08001c9c                get_fat
 .text.dir_sdi  0x08001d70       0x8a Util/fat_fs/src/ff.o
 .text.put_fat  0x08001dfa       0xf4 Util/fat_fs/src/ff.o
                0x08001dfa                put_fat
 .text.create_chain
                0x08001eee       0x9e Util/fat_fs/src/ff.o
 .text.dir_next
                0x08001f8c      0x10c Util/fat_fs/src/ff.o
 .text.dir_find
                0x08002098      0x144 Util/fat_fs/src/ff.o
 .text.follow_path
                0x080021dc      0x2c8 Util/fat_fs/src/ff.o
 .text.remove_chain
                0x080024a4       0x5a Util/fat_fs/src/ff.o
 .text.gen_numname
                0x080024fe       0x9a Util/fat_fs/src/ff.o
                0x080024fe                gen_numname
 .text.dir_register
                0x08002598      0x1c0 Util/fat_fs/src/ff.o
 .text.f_mount  0x08002758       0x20 Util/fat_fs/src/ff.o
                0x08002758                f_mount
 .text.f_open   0x08002778      0x152 Util/fat_fs/src/ff.o
                0x08002778                f_open
 .text.f_write  0x080028ca      0x1b6 Util/fat_fs/src/ff.o
                0x080028ca                f_write
 .text.f_sync   0x08002a80       0xb2 Util/fat_fs/src/ff.o
                0x08002a80                f_sync
 .text.f_close  0x08002b32        0xe Util/fat_fs/src/ff.o
                0x08002b32                f_close
 .text.f_lseek  0x08002b40      0x164 Util/fat_fs/src/ff.o
                0x08002b40                f_lseek
 .text.f_stat   0x08002ca4       0x44 Util/fat_fs/src/ff.o
                0x08002ca4                f_stat
 .text.f_truncate
                0x08002ce8       0x98 Util/fat_fs/src/ff.o
                0x08002ce8                f_truncate
 .text.f_putc   0x08002d80       0x22 Util/fat_fs/src/ff.o
                0x08002d80                f_putc
 .text.f_puts   0x08002da2       0x26 Util/fat_fs/src/ff.o
                0x08002da2                f_puts
 .text.isDST    0x08002dc8       0x32 Util/fat_fs/src/rtc.o
 *fill*         0x08002dfa        0x2 00
 .text.counter_to_struct
                0x08002dfc       0xb0 Util/fat_fs/src/rtc.o
 .text.rtc_gettime
                0x08002eac       0x78 Util/fat_fs/src/rtc.o
                0x08002eac                rtc_gettime
 .text.my_RTC_SetCounter
                0x08002f24       0x22 Util/fat_fs/src/rtc.o
                0x08002f24                my_RTC_SetCounter
 *fill*         0x08002f46        0x2 00
 .text.rtc_settime
                0x08002f48       0xc8 Util/fat_fs/src/rtc.o
                0x08002f48                rtc_settime
 .text.rtc_init
                0x08003010       0x98 Util/fat_fs/src/rtc.o
                0x08003010                rtc_init
 .text.interface_speed
                0x080030a8       0x20 Util/fat_fs/src/sd_spi_stm32.o
 .text.power_on
                0x080030c8       0xf0 Util/fat_fs/src/sd_spi_stm32.o
 .text.stm32_spi_rw
                0x080031b8       0x24 Util/fat_fs/src/sd_spi_stm32.o
 .text.rcvr_spi
                0x080031dc        0x6 Util/fat_fs/src/sd_spi_stm32.o
 *fill*         0x080031e2        0x2 00
 .text.wait_ready
                0x080031e4       0x20 Util/fat_fs/src/sd_spi_stm32.o
 .text.send_cmd
                0x08003204       0x94 Util/fat_fs/src/sd_spi_stm32.o
 .text.stm32_dma_transfer
                0x08003298       0xc8 Util/fat_fs/src/sd_spi_stm32.o
 .text.xmit_datablock
                0x08003360       0x4e Util/fat_fs/src/sd_spi_stm32.o
 *fill*         0x080033ae        0x2 00
 .text.release_spi
                0x080033b0       0x18 Util/fat_fs/src/sd_spi_stm32.o
                0x080033b0                release_spi
 .text.wrapup_transaction
                0x080033c8       0x2c Util/fat_fs/src/sd_spi_stm32.o
                0x080033c8                wrapup_transaction
 .text.stop_cmd
                0x080033f4        0x8 Util/fat_fs/src/sd_spi_stm32.o
                0x080033f4                stop_cmd
 .text.rcvr_datablock
                0x080033fc       0x54 Util/fat_fs/src/sd_spi_stm32.o
                0x080033fc                rcvr_datablock
 .text.disk_initialize
                0x08003450      0x128 Util/fat_fs/src/sd_spi_stm32.o
                0x08003450                disk_initialize
 .text.disk_status
                0x08003578       0x10 Util/fat_fs/src/sd_spi_stm32.o
                0x08003578                disk_status
 .text.disk_read
                0x08003588       0x9c Util/fat_fs/src/sd_spi_stm32.o
                0x08003588                disk_read
 .text.disk_write
                0x08003624       0xac Util/fat_fs/src/sd_spi_stm32.o
                0x08003624                disk_write
 .text.disk_ioctl
                0x080036d0      0x284 Util/fat_fs/src/sd_spi_stm32.o
                0x080036d0                disk_ioctl
 .text.disk_timerproc
                0x08003954       0x44 Util/fat_fs/src/sd_spi_stm32.o
                0x08003954                disk_timerproc
 .text.rprintfInit
                0x08003998        0xc Util/rprintf.o
                0x08003998                rprintfInit
 .text.rprintfChar
                0x080039a4       0x1c Util/rprintf.o
                0x080039a4                rprintfChar
 .text.rprintfFloat
                0x080039c0       0xc0 Util/rprintf.o
                0x080039c0                rprintfFloat
 .text.Isdigit  0x08003a80        0xe Util/rprintf.o
                0x08003a80                Isdigit
 .text.atoiRamRom
                0x08003a8e       0x26 Util/rprintf.o
                0x08003a8e                atoiRamRom
 .text.rStrLen  0x08003ab4       0x10 Util/rprintf.o
                0x08003ab4                rStrLen
 .text.rprintf2RamRom
                0x08003ac4      0x310 Util/rprintf.o
                0x08003ac4                rprintf2RamRom
 .text.readADC2
                0x08003dd4       0x38 adc.o
                0x08003dd4                readADC2
 .text.ADC_Configuration
                0x08003e0c      0x1d0 adc.o
                0x08003e0c                ADC_Configuration
 .text.setup_gpio
                0x08003fdc      0x15c gpio.o
                0x08003fdc                setup_gpio
 .text.switch_leds_on
                0x08004138       0x20 gpio.o
                0x08004138                switch_leds_on
 .text.switch_leds_off
                0x08004158       0x20 gpio.o
                0x08004158                switch_leds_off
 .text.red_flash
                0x08004178       0x2c gpio.o
                0x08004178                red_flash
 .text.I2C1_EV_IRQHandler
                0x080041a4      0x4e0 i2c_int.o
                0x080041a4                I2C1_EV_IRQHandler
 .text.I2C1_Request_Job
                0x08004684       0x54 i2c_int.o
                0x08004684                I2C1_Request_Job
 .text.I2C1_Setup_Job
                0x080046d8       0x14 i2c_int.o
                0x080046d8                I2C1_Setup_Job
 .text.I2C_Config
                0x080046ec      0x128 i2c_int.o
                0x080046ec                I2C_Config
 .text.I2C1_ER_IRQHandler
                0x08004814       0xf4 i2c_int.o
                0x08004814                I2C1_ER_IRQHandler
 .text.ISR_Config
                0x08004908       0x76 interrupts.o
                0x08004908                ISR_Config
 *fill*         0x0800497e        0x2 00
 .text.EXTI_ONOFF_EN
                0x08004980       0x54 interrupts.o
                0x08004980                EXTI_ONOFF_EN
 .text.DMA_ISR_Config
                0x080049d4       0x22 interrupts.o
                0x080049d4                DMA_ISR_Config
 *fill*         0x080049f6        0x2 00
 .text.SysTick_Configuration
                0x080049f8       0x2c interrupts.o
                0x080049f8                SysTick_Configuration
 .text.EXTI0_IRQHandler
                0x08004a24       0x90 interrupts.o
                0x08004a24                EXTI0_IRQHandler
 .text.DMAChannel1_IRQHandler
                0x08004ab4       0xc4 interrupts.o
                0x08004ab4                DMAChannel1_IRQHandler
 .text.ADC1_2_IRQHandler
                0x08004b78       0x9c interrupts.o
                0x08004b78                ADC1_2_IRQHandler
 *fill*         0x08004c14        0x4 00
 .text.SysTickHandler
                0x08004c18      0x2f8 interrupts.o
                0x08004c18                SysTickHandler
 .text.USB_HP_CAN_TX_IRQHandler
                0x08004f10        0x4 interrupts.o
                0x08004f10                USB_HP_CAN_TX_IRQHandler
 .text.USB_LP_CAN_RX0_IRQHandler
                0x08004f14        0x4 interrupts.o
                0x08004f14                USB_LP_CAN_RX0_IRQHandler
 .text.NMIException
                0x08004f18        0x2 interrupts.o
                0x08004f18                NMIException
 .text.HardFaultException
                0x08004f1a        0x2 interrupts.o
                0x08004f1a                HardFaultException
 .text.MemManageException
                0x08004f1c        0x2 interrupts.o
                0x08004f1c                MemManageException
 .text.BusFaultException
                0x08004f1e        0x2 interrupts.o
                0x08004f1e                BusFaultException
 .text.UsageFaultException
                0x08004f20        0x2 interrupts.o
                0x08004f20                UsageFaultException
 .text.Default_Handler
                0x08004f22        0x2 lib/CMSIS_CM3/startup/gcc/startup_stm32f10x_md.o
                0x08004f22                EXTI2_IRQHandler
                0x08004f22                DebugMon_Handler
                0x08004f22                TIM1_CC_IRQHandler
                0x08004f22                HardFault_Handler
                0x08004f22                SysTick_Handler
                0x08004f22                PVD_IRQHandler
                0x08004f22                PendSV_Handler
                0x08004f22                NMI_Handler
                0x08004f22                EXTI3_IRQHandler
                0x08004f22                I2C2_EV_IRQHandler
                0x08004f22                UsageFault_Handler
                0x08004f22                SPI1_IRQHandler
                0x08004f22                TAMPER_IRQHandler
                0x08004f22                DMA1_Channel4_IRQHandler
                0x08004f22                USART3_IRQHandler
                0x08004f22                RTC_IRQHandler
                0x08004f22                DMA1_Channel7_IRQHandler
                0x08004f22                CAN1_RX1_IRQHandler
                0x08004f22                TIM4_IRQHandler
                0x08004f22                DMA1_Channel6_IRQHandler
                0x08004f22                TIM3_IRQHandler
                0x08004f22                RCC_IRQHandler
                0x08004f22                TIM1_TRG_COM_IRQHandler
                0x08004f22                DMA1_Channel1_IRQHandler
                0x08004f22                Default_Handler
                0x08004f22                EXTI15_10_IRQHandler
                0x08004f22                EXTI9_5_IRQHandler
                0x08004f22                SPI2_IRQHandler
                0x08004f22                MemManage_Handler
                0x08004f22                SVC_Handler
                0x08004f22                DMA1_Channel5_IRQHandler
                0x08004f22                EXTI4_IRQHandler
                0x08004f22                USB_LP_CAN1_RX0_IRQHandler
                0x08004f22                USB_HP_CAN1_TX_IRQHandler
                0x08004f22                DMA1_Channel3_IRQHandler
                0x08004f22                TIM1_UP_IRQHandler
                0x08004f22                WWDG_IRQHandler
                0x08004f22                TIM2_IRQHandler
                0x08004f22                TIM1_BRK_IRQHandler
                0x08004f22                EXTI1_IRQHandler
                0x08004f22                RTCAlarm_IRQHandler
                0x08004f22                USART2_IRQHandler
                0x08004f22                I2C2_ER_IRQHandler
                0x08004f22                DMA1_Channel2_IRQHandler
                0x08004f22                CAN1_SCE_IRQHandler
                0x08004f22                FLASH_IRQHandler
                0x08004f22                BusFault_Handler
                0x08004f22                USART1_IRQHandler
                0x08004f22                USBWakeUp_IRQHandler
 .text.SystemInit
                0x08004f24       0xf4 lib/CMSIS_CM3/system_stm32f10x.o
                0x08004f24                SystemInit
 .text.__str_print_char
                0x08005018       0x30 main.o
                0x08005018                __str_print_char
 .text.__fat_print_char
                0x08005048       0x1c main.o
                0x08005048                __fat_print_char
 *fill*         0x08005064        0x4 00
 .text.detect_sensors
                0x08005068      0x168 main.o
                0x08005068                detect_sensors
 .text.main     0x080051d0      0x698 main.o
                0x080051d0                main
 .text.setuppwr
                0x08005868       0x14 pwr.o
                0x08005868                setuppwr
 .text.shutdown
                0x0800587c       0x10 pwr.o
                0x0800587c                shutdown
 .text.disable_pin
                0x0800588c        0x6 pwr.o
                0x0800588c                disable_pin
 *fill*         0x08005892        0x2 00
 .text.shutdown_filesystem
                0x08005894       0x4c pwr.o
                0x08005894                shutdown_filesystem
 .text.setup_pwm
                0x080058e0      0x244 timer.o
                0x080058e0                setup_pwm
 .text.Set_Motor
                0x08005b24       0x40 timer.o
                0x08005b24                Set_Motor
 .text.Default_Usart_Config
                0x08005b64       0x1a usart.o
                0x08005b64                Default_Usart_Config
 *fill*         0x08005b7e        0x2 00
 .text.Usarts_Init
                0x08005b80       0x90 usart.o
                0x08005b80                Usarts_Init
 .text.__usart_send_char
                0x08005c10       0x1c usart.o
                0x08005c10                __usart_send_char
 .text.Usart_Send_Str
                0x08005c2c       0x18 usart.o
                0x08005c2c                Usart_Send_Str
 .text.Watchdog_Config
                0x08005c44       0x2a watchdog.o
                0x08005c44                Watchdog_Config
 *fill*         0x08005c6e        0x2 00
 .text.NVIC_PriorityGroupConfig
                0x08005c70       0x14 lib/STM32F10x_StdPeriph_Driver/libstm32fw.a(misc.o)
                0x08005c70                NVIC_PriorityGroupConfig
 .text.NVIC_Init
                0x08005c84       0x60 lib/STM32F10x_StdPeriph_Driver/libstm32fw.a(misc.o)
                0x08005c84                NVIC_Init
 .text.NVIC_SetVectorTable
                0x08005ce4       0x14 lib/STM32F10x_StdPeriph_Driver/libstm32fw.a(misc.o)
                0x08005ce4                NVIC_SetVectorTable
 .text.SysTick_CLKSourceConfig
                0x08005cf8       0x18 lib/STM32F10x_StdPeriph_Driver/libstm32fw.a(misc.o)
                0x08005cf8                SysTick_CLKSourceConfig
 .text.ADC_DeInit
                0x08005d10       0x5c lib/STM32F10x_StdPeriph_Driver/libstm32fw.a(stm32f10x_adc.o)
                0x08005d10                ADC_DeInit
 .text.ADC_Init
                0x08005d6c       0x4c lib/STM32F10x_StdPeriph_Driver/libstm32fw.a(stm32f10x_adc.o)
                0x08005d6c                ADC_Init
 .text.ADC_Cmd  0x08005db8       0x14 lib/STM32F10x_StdPeriph_Driver/libstm32fw.a(stm32f10x_adc.o)
                0x08005db8                ADC_Cmd
 .text.ADC_DMACmd
                0x08005dcc       0x14 lib/STM32F10x_StdPeriph_Driver/libstm32fw.a(stm32f10x_adc.o)
                0x08005dcc                ADC_DMACmd
 .text.ADC_ITConfig
                0x08005de0       0x14 lib/STM32F10x_StdPeriph_Driver/libstm32fw.a(stm32f10x_adc.o)
                0x08005de0                ADC_ITConfig
 .text.ADC_ResetCalibration
                0x08005df4        0xa lib/STM32F10x_StdPeriph_Driver/libstm32fw.a(stm32f10x_adc.o)
                0x08005df4                ADC_ResetCalibration
 .text.ADC_GetResetCalibrationStatus
                0x08005dfe        0x8 lib/STM32F10x_StdPeriph_Driver/libstm32fw.a(stm32f10x_adc.o)
                0x08005dfe                ADC_GetResetCalibrationStatus
 .text.ADC_StartCalibration
                0x08005e06        0xa lib/STM32F10x_StdPeriph_Driver/libstm32fw.a(stm32f10x_adc.o)
                0x08005e06                ADC_StartCalibration
 .text.ADC_GetCalibrationStatus
                0x08005e10        0x8 lib/STM32F10x_StdPeriph_Driver/libstm32fw.a(stm32f10x_adc.o)
                0x08005e10                ADC_GetCalibrationStatus
 .text.ADC_SoftwareStartConvCmd
                0x08005e18       0x14 lib/STM32F10x_StdPeriph_Driver/libstm32fw.a(stm32f10x_adc.o)
                0x08005e18                ADC_SoftwareStartConvCmd
 .text.ADC_RegularChannelConfig
                0x08005e2c       0x8e lib/STM32F10x_StdPeriph_Driver/libstm32fw.a(stm32f10x_adc.o)
                0x08005e2c                ADC_RegularChannelConfig
 .text.ADC_GetConversionValue
                0x08005eba        0x6 lib/STM32F10x_StdPeriph_Driver/libstm32fw.a(stm32f10x_adc.o)
                0x08005eba                ADC_GetConversionValue
 .text.ADC_ExternalTrigInjectedConvConfig
                0x08005ec0        0xe lib/STM32F10x_StdPeriph_Driver/libstm32fw.a(stm32f10x_adc.o)
                0x08005ec0                ADC_ExternalTrigInjectedConvConfig
 .text.ADC_SoftwareStartInjectedConvCmd
                0x08005ece       0x14 lib/STM32F10x_StdPeriph_Driver/libstm32fw.a(stm32f10x_adc.o)
                0x08005ece                ADC_SoftwareStartInjectedConvCmd
 .text.ADC_InjectedChannelConfig
                0x08005ee2       0x5c lib/STM32F10x_StdPeriph_Driver/libstm32fw.a(stm32f10x_adc.o)
                0x08005ee2                ADC_InjectedChannelConfig
 .text.ADC_InjectedSequencerLengthConfig
                0x08005f3e       0x10 lib/STM32F10x_StdPeriph_Driver/libstm32fw.a(stm32f10x_adc.o)
                0x08005f3e                ADC_InjectedSequencerLengthConfig
 .text.ADC_GetInjectedConversionValue
                0x08005f4e       0x1a lib/STM32F10x_StdPeriph_Driver/libstm32fw.a(stm32f10x_adc.o)
                0x08005f4e                ADC_GetInjectedConversionValue
 .text.ADC_AnalogWatchdogCmd
                0x08005f68       0x12 lib/STM32F10x_StdPeriph_Driver/libstm32fw.a(stm32f10x_adc.o)
                0x08005f68                ADC_AnalogWatchdogCmd
 .text.ADC_AnalogWatchdogThresholdsConfig
                0x08005f7a        0x6 lib/STM32F10x_StdPeriph_Driver/libstm32fw.a(stm32f10x_adc.o)
                0x08005f7a                ADC_AnalogWatchdogThresholdsConfig
 .text.ADC_AnalogWatchdogSingleChannelConfig
                0x08005f80        0xe lib/STM32F10x_StdPeriph_Driver/libstm32fw.a(stm32f10x_adc.o)
                0x08005f80                ADC_AnalogWatchdogSingleChannelConfig
 .text.ADC_GetFlagStatus
                0x08005f8e        0xc lib/STM32F10x_StdPeriph_Driver/libstm32fw.a(stm32f10x_adc.o)
                0x08005f8e                ADC_GetFlagStatus
 .text.ADC_ClearFlag
                0x08005f9a        0x6 lib/STM32F10x_StdPeriph_Driver/libstm32fw.a(stm32f10x_adc.o)
                0x08005f9a                ADC_ClearFlag
 .text.ADC_GetITStatus
                0x08005fa0       0x16 lib/STM32F10x_StdPeriph_Driver/libstm32fw.a(stm32f10x_adc.o)
                0x08005fa0                ADC_GetITStatus
 .text.ADC_ClearITPendingBit
                0x08005fb6        0x8 lib/STM32F10x_StdPeriph_Driver/libstm32fw.a(stm32f10x_adc.o)
                0x08005fb6                ADC_ClearITPendingBit
 .text.BKP_DeInit
                0x08005fbe       0x12 lib/STM32F10x_StdPeriph_Driver/libstm32fw.a(stm32f10x_bkp.o)
                0x08005fbe                BKP_DeInit
 .text.BKP_WriteBackupRegister
                0x08005fd0       0x1c lib/STM32F10x_StdPeriph_Driver/libstm32fw.a(stm32f10x_bkp.o)
                0x08005fd0                BKP_WriteBackupRegister
 .text.BKP_ReadBackupRegister
                0x08005fec       0x20 lib/STM32F10x_StdPeriph_Driver/libstm32fw.a(stm32f10x_bkp.o)
                0x08005fec                BKP_ReadBackupRegister
 .text.DBGMCU_Config
                0x0800600c       0x18 lib/STM32F10x_StdPeriph_Driver/libstm32fw.a(stm32f10x_dbgmcu.o)
                0x0800600c                DBGMCU_Config
 .text.DMA_DeInit
                0x08006024       0xfc lib/STM32F10x_StdPeriph_Driver/libstm32fw.a(stm32f10x_dma.o)
                0x08006024                DMA_DeInit
 .text.DMA_Init
                0x08006120       0x40 lib/STM32F10x_StdPeriph_Driver/libstm32fw.a(stm32f10x_dma.o)
                0x08006120                DMA_Init
 .text.DMA_StructInit
                0x08006160       0x1a lib/STM32F10x_StdPeriph_Driver/libstm32fw.a(stm32f10x_dma.o)
                0x08006160                DMA_StructInit
 .text.DMA_Cmd  0x0800617a       0x14 lib/STM32F10x_StdPeriph_Driver/libstm32fw.a(stm32f10x_dma.o)
                0x0800617a                DMA_Cmd
 .text.DMA_ITConfig
                0x0800618e       0x12 lib/STM32F10x_StdPeriph_Driver/libstm32fw.a(stm32f10x_dma.o)
                0x0800618e                DMA_ITConfig
 .text.DMA_GetCurrDataCounter
                0x080061a0        0x6 lib/STM32F10x_StdPeriph_Driver/libstm32fw.a(stm32f10x_dma.o)
                0x080061a0                DMA_GetCurrDataCounter
 *fill*         0x080061a6        0x2 00
 .text.DMA_GetFlagStatus
                0x080061a8       0x20 lib/STM32F10x_StdPeriph_Driver/libstm32fw.a(stm32f10x_dma.o)
                0x080061a8                DMA_GetFlagStatus
 .text.DMA_ClearFlag
                0x080061c8       0x18 lib/STM32F10x_StdPeriph_Driver/libstm32fw.a(stm32f10x_dma.o)
                0x080061c8                DMA_ClearFlag
 .text.DMA_GetITStatus
                0x080061e0       0x20 lib/STM32F10x_StdPeriph_Driver/libstm32fw.a(stm32f10x_dma.o)
                0x080061e0                DMA_GetITStatus
 .text.DMA_ClearITPendingBit
                0x08006200       0x18 lib/STM32F10x_StdPeriph_Driver/libstm32fw.a(stm32f10x_dma.o)
                0x08006200                DMA_ClearITPendingBit
 .text.EXTI_DeInit
                0x08006218       0x1c lib/STM32F10x_StdPeriph_Driver/libstm32fw.a(stm32f10x_exti.o)
                0x08006218                EXTI_DeInit
 .text.EXTI_Init
                0x08006234       0x84 lib/STM32F10x_StdPeriph_Driver/libstm32fw.a(stm32f10x_exti.o)
                0x08006234                EXTI_Init
 .text.EXTI_GetITStatus
                0x080062b8       0x1c lib/STM32F10x_StdPeriph_Driver/libstm32fw.a(stm32f10x_exti.o)
                0x080062b8                EXTI_GetITStatus
 .text.EXTI_ClearITPendingBit
                0x080062d4        0xc lib/STM32F10x_StdPeriph_Driver/libstm32fw.a(stm32f10x_exti.o)
                0x080062d4                EXTI_ClearITPendingBit
 .text.GPIO_Init
                0x080062e0       0x98 lib/STM32F10x_StdPeriph_Driver/libstm32fw.a(stm32f10x_gpio.o)
                0x080062e0                GPIO_Init
 .text.GPIO_ReadInputDataBit
                0x08006378        0xc lib/STM32F10x_StdPeriph_Driver/libstm32fw.a(stm32f10x_gpio.o)
                0x08006378                GPIO_ReadInputDataBit
 .text.GPIO_SetBits
                0x08006384        0x4 lib/STM32F10x_StdPeriph_Driver/libstm32fw.a(stm32f10x_gpio.o)
                0x08006384                GPIO_SetBits
 .text.GPIO_ResetBits
                0x08006388        0x4 lib/STM32F10x_StdPeriph_Driver/libstm32fw.a(stm32f10x_gpio.o)
                0x08006388                GPIO_ResetBits
 .text.GPIO_WriteBit
                0x0800638c        0xa lib/STM32F10x_StdPeriph_Driver/libstm32fw.a(stm32f10x_gpio.o)
                0x0800638c                GPIO_WriteBit
 *fill*         0x08006396        0x2 00
 .text.GPIO_PinRemapConfig
                0x08006398       0x58 lib/STM32F10x_StdPeriph_Driver/libstm32fw.a(stm32f10x_gpio.o)
                0x08006398                GPIO_PinRemapConfig
 .text.GPIO_EXTILineConfig
                0x080063f0       0x34 lib/STM32F10x_StdPeriph_Driver/libstm32fw.a(stm32f10x_gpio.o)
                0x080063f0                GPIO_EXTILineConfig
 .text.I2C_DeInit
                0x08006424       0x34 lib/STM32F10x_StdPeriph_Driver/libstm32fw.a(stm32f10x_i2c.o)
                0x08006424                I2C_DeInit
 .text.I2C_Init
                0x08006458       0xd0 lib/STM32F10x_StdPeriph_Driver/libstm32fw.a(stm32f10x_i2c.o)
                0x08006458                I2C_Init
 .text.I2C_Cmd  0x08006528       0x1a lib/STM32F10x_StdPeriph_Driver/libstm32fw.a(stm32f10x_i2c.o)
                0x08006528                I2C_Cmd
 .text.I2C_GenerateSTART
                0x08006542       0x1a lib/STM32F10x_StdPeriph_Driver/libstm32fw.a(stm32f10x_i2c.o)
                0x08006542                I2C_GenerateSTART
 .text.I2C_GenerateSTOP
                0x0800655c       0x1a lib/STM32F10x_StdPeriph_Driver/libstm32fw.a(stm32f10x_i2c.o)
                0x0800655c                I2C_GenerateSTOP
 .text.I2C_AcknowledgeConfig
                0x08006576       0x1a lib/STM32F10x_StdPeriph_Driver/libstm32fw.a(stm32f10x_i2c.o)
                0x08006576                I2C_AcknowledgeConfig
 .text.I2C_ITConfig
                0x08006590       0x16 lib/STM32F10x_StdPeriph_Driver/libstm32fw.a(stm32f10x_i2c.o)
                0x08006590                I2C_ITConfig
 .text.I2C_SendData
                0x080065a6        0x4 lib/STM32F10x_StdPeriph_Driver/libstm32fw.a(stm32f10x_i2c.o)
                0x080065a6                I2C_SendData
 .text.I2C_ReceiveData
                0x080065aa        0x6 lib/STM32F10x_StdPeriph_Driver/libstm32fw.a(stm32f10x_i2c.o)
                0x080065aa                I2C_ReceiveData
 .text.I2C_Send7bitAddress
                0x080065b0       0x10 lib/STM32F10x_StdPeriph_Driver/libstm32fw.a(stm32f10x_i2c.o)
                0x080065b0                I2C_Send7bitAddress
 .text.I2C_SoftwareResetCmd
                0x080065c0       0x18 lib/STM32F10x_StdPeriph_Driver/libstm32fw.a(stm32f10x_i2c.o)
                0x080065c0                I2C_SoftwareResetCmd
 .text.IWDG_WriteAccessCmd
                0x080065d8        0xc lib/STM32F10x_StdPeriph_Driver/libstm32fw.a(stm32f10x_iwdg.o)
                0x080065d8                IWDG_WriteAccessCmd
 .text.IWDG_SetPrescaler
                0x080065e4        0xc lib/STM32F10x_StdPeriph_Driver/libstm32fw.a(stm32f10x_iwdg.o)
                0x080065e4                IWDG_SetPrescaler
 .text.IWDG_SetReload
                0x080065f0        0xc lib/STM32F10x_StdPeriph_Driver/libstm32fw.a(stm32f10x_iwdg.o)
                0x080065f0                IWDG_SetReload
 .text.IWDG_ReloadCounter
                0x080065fc       0x10 lib/STM32F10x_StdPeriph_Driver/libstm32fw.a(stm32f10x_iwdg.o)
                0x080065fc                IWDG_ReloadCounter
 .text.IWDG_Enable
                0x0800660c       0x10 lib/STM32F10x_StdPeriph_Driver/libstm32fw.a(stm32f10x_iwdg.o)
                0x0800660c                IWDG_Enable
 .text.__WFI    0x0800661c        0x4 lib/STM32F10x_StdPeriph_Driver/libstm32fw.a(stm32f10x_pwr.o)
 .text.PWR_DeInit
                0x08006620       0x1a lib/STM32F10x_StdPeriph_Driver/libstm32fw.a(stm32f10x_pwr.o)
                0x08006620                PWR_DeInit
 *fill*         0x0800663a        0x2 00
 .text.PWR_BackupAccessCmd
                0x0800663c        0xc lib/STM32F10x_StdPeriph_Driver/libstm32fw.a(stm32f10x_pwr.o)
                0x0800663c                PWR_BackupAccessCmd
 .text.PWR_WakeUpPinCmd
                0x08006648        0xc lib/STM32F10x_StdPeriph_Driver/libstm32fw.a(stm32f10x_pwr.o)
                0x08006648                PWR_WakeUpPinCmd
 .text.PWR_EnterSTANDBYMode
                0x08006654       0x28 lib/STM32F10x_StdPeriph_Driver/libstm32fw.a(stm32f10x_pwr.o)
                0x08006654                PWR_EnterSTANDBYMode
 .text.RCC_HCLKConfig
                0x0800667c       0x14 lib/STM32F10x_StdPeriph_Driver/libstm32fw.a(stm32f10x_rcc.o)
                0x0800667c                RCC_HCLKConfig
 .text.RCC_USBCLKConfig
                0x08006690        0xc lib/STM32F10x_StdPeriph_Driver/libstm32fw.a(stm32f10x_rcc.o)
                0x08006690                RCC_USBCLKConfig
 .text.RCC_ADCCLKConfig
                0x0800669c       0x14 lib/STM32F10x_StdPeriph_Driver/libstm32fw.a(stm32f10x_rcc.o)
                0x0800669c                RCC_ADCCLKConfig
 .text.RCC_LSEConfig
                0x080066b0       0x20 lib/STM32F10x_StdPeriph_Driver/libstm32fw.a(stm32f10x_rcc.o)
                0x080066b0                RCC_LSEConfig
 .text.RCC_RTCCLKConfig
                0x080066d0       0x10 lib/STM32F10x_StdPeriph_Driver/libstm32fw.a(stm32f10x_rcc.o)
                0x080066d0                RCC_RTCCLKConfig
 .text.RCC_RTCCLKCmd
                0x080066e0        0xc lib/STM32F10x_StdPeriph_Driver/libstm32fw.a(stm32f10x_rcc.o)
                0x080066e0                RCC_RTCCLKCmd
 .text.RCC_GetClocksFreq
                0x080066ec       0xa8 lib/STM32F10x_StdPeriph_Driver/libstm32fw.a(stm32f10x_rcc.o)
                0x080066ec                RCC_GetClocksFreq
 .text.RCC_AHBPeriphClockCmd
                0x08006794       0x18 lib/STM32F10x_StdPeriph_Driver/libstm32fw.a(stm32f10x_rcc.o)
                0x08006794                RCC_AHBPeriphClockCmd
 .text.RCC_APB2PeriphClockCmd
                0x080067ac       0x18 lib/STM32F10x_StdPeriph_Driver/libstm32fw.a(stm32f10x_rcc.o)
                0x080067ac                RCC_APB2PeriphClockCmd
 .text.RCC_APB1PeriphClockCmd
                0x080067c4       0x18 lib/STM32F10x_StdPeriph_Driver/libstm32fw.a(stm32f10x_rcc.o)
                0x080067c4                RCC_APB1PeriphClockCmd
 .text.RCC_APB2PeriphResetCmd
                0x080067dc       0x18 lib/STM32F10x_StdPeriph_Driver/libstm32fw.a(stm32f10x_rcc.o)
                0x080067dc                RCC_APB2PeriphResetCmd
 .text.RCC_APB1PeriphResetCmd
                0x080067f4       0x18 lib/STM32F10x_StdPeriph_Driver/libstm32fw.a(stm32f10x_rcc.o)
                0x080067f4                RCC_APB1PeriphResetCmd
 .text.RCC_BackupResetCmd
                0x0800680c        0xc lib/STM32F10x_StdPeriph_Driver/libstm32fw.a(stm32f10x_rcc.o)
                0x0800680c                RCC_BackupResetCmd
 .text.RCC_GetFlagStatus
                0x08006818       0x28 lib/STM32F10x_StdPeriph_Driver/libstm32fw.a(stm32f10x_rcc.o)
                0x08006818                RCC_GetFlagStatus
 .text.RTC_EnterConfigMode
                0x08006840       0x14 lib/STM32F10x_StdPeriph_Driver/libstm32fw.a(stm32f10x_rtc.o)
                0x08006840                RTC_EnterConfigMode
 .text.RTC_ExitConfigMode
                0x08006854       0x14 lib/STM32F10x_StdPeriph_Driver/libstm32fw.a(stm32f10x_rtc.o)
                0x08006854                RTC_ExitConfigMode
 .text.RTC_GetCounter
                0x08006868       0x14 lib/STM32F10x_StdPeriph_Driver/libstm32fw.a(stm32f10x_rtc.o)
                0x08006868                RTC_GetCounter
 .text.RTC_SetCounter
                0x0800687c       0x1c lib/STM32F10x_StdPeriph_Driver/libstm32fw.a(stm32f10x_rtc.o)
                0x0800687c                RTC_SetCounter
 .text.RTC_SetPrescaler
                0x08006898       0x20 lib/STM32F10x_StdPeriph_Driver/libstm32fw.a(stm32f10x_rtc.o)
                0x08006898                RTC_SetPrescaler
 .text.RTC_WaitForLastTask
                0x080068b8       0x10 lib/STM32F10x_StdPeriph_Driver/libstm32fw.a(stm32f10x_rtc.o)
                0x080068b8                RTC_WaitForLastTask
 .text.RTC_WaitForSynchro
                0x080068c8       0x20 lib/STM32F10x_StdPeriph_Driver/libstm32fw.a(stm32f10x_rtc.o)
                0x080068c8                RTC_WaitForSynchro
 .text.SPI_I2S_DeInit
                0x080068e8       0x64 lib/STM32F10x_StdPeriph_Driver/libstm32fw.a(stm32f10x_spi.o)
                0x080068e8                SPI_I2S_DeInit
 .text.SPI_Init
                0x0800694c       0x40 lib/STM32F10x_StdPeriph_Driver/libstm32fw.a(stm32f10x_spi.o)
                0x0800694c                SPI_Init
 .text.SPI_Cmd  0x0800698c       0x1a lib/STM32F10x_StdPeriph_Driver/libstm32fw.a(stm32f10x_spi.o)
                0x0800698c                SPI_Cmd
 .text.SPI_I2S_DMACmd
                0x080069a6       0x16 lib/STM32F10x_StdPeriph_Driver/libstm32fw.a(stm32f10x_spi.o)
                0x080069a6                SPI_I2S_DMACmd
 .text.SPI_I2S_SendData
                0x080069bc        0x4 lib/STM32F10x_StdPeriph_Driver/libstm32fw.a(stm32f10x_spi.o)
                0x080069bc                SPI_I2S_SendData
 .text.SPI_I2S_ReceiveData
                0x080069c0        0x6 lib/STM32F10x_StdPeriph_Driver/libstm32fw.a(stm32f10x_spi.o)
                0x080069c0                SPI_I2S_ReceiveData
 .text.SPI_CalculateCRC
                0x080069c6       0x1a lib/STM32F10x_StdPeriph_Driver/libstm32fw.a(stm32f10x_spi.o)
                0x080069c6                SPI_CalculateCRC
 .text.SPI_I2S_GetFlagStatus
                0x080069e0        0xc lib/STM32F10x_StdPeriph_Driver/libstm32fw.a(stm32f10x_spi.o)
                0x080069e0                SPI_I2S_GetFlagStatus
 .text.TIM_DeInit
                0x080069ec       0xc8 lib/STM32F10x_StdPeriph_Driver/libstm32fw.a(stm32f10x_tim.o)
                0x080069ec                TIM_DeInit
 .text.TIM_TimeBaseInit
                0x08006ab4       0x3c lib/STM32F10x_StdPeriph_Driver/libstm32fw.a(stm32f10x_tim.o)
                0x08006ab4                TIM_TimeBaseInit
 .text.TIM_OC1Init
                0x08006af0       0x80 lib/STM32F10x_StdPeriph_Driver/libstm32fw.a(stm32f10x_tim.o)
                0x08006af0                TIM_OC1Init
 .text.TIM_OC2Init
                0x08006b70       0x88 lib/STM32F10x_StdPeriph_Driver/libstm32fw.a(stm32f10x_tim.o)
                0x08006b70                TIM_OC2Init
 .text.TIM_OC3Init
                0x08006bf8       0x84 lib/STM32F10x_StdPeriph_Driver/libstm32fw.a(stm32f10x_tim.o)
                0x08006bf8                TIM_OC3Init
 .text.TIM_OC4Init
                0x08006c7c       0x64 lib/STM32F10x_StdPeriph_Driver/libstm32fw.a(stm32f10x_tim.o)
                0x08006c7c                TIM_OC4Init
 .text.TIM_Cmd  0x08006ce0       0x1a lib/STM32F10x_StdPeriph_Driver/libstm32fw.a(stm32f10x_tim.o)
                0x08006ce0                TIM_Cmd
 .text.TIM_CtrlPWMOutputs
                0x08006cfa       0x1e lib/STM32F10x_StdPeriph_Driver/libstm32fw.a(stm32f10x_tim.o)
                0x08006cfa                TIM_CtrlPWMOutputs
 .text.TIM_SelectInputTrigger
                0x08006d18       0x12 lib/STM32F10x_StdPeriph_Driver/libstm32fw.a(stm32f10x_tim.o)
                0x08006d18                TIM_SelectInputTrigger
 .text.TIM_ARRPreloadConfig
                0x08006d2a       0x1a lib/STM32F10x_StdPeriph_Driver/libstm32fw.a(stm32f10x_tim.o)
                0x08006d2a                TIM_ARRPreloadConfig
 .text.TIM_OC1PreloadConfig
                0x08006d44       0x12 lib/STM32F10x_StdPeriph_Driver/libstm32fw.a(stm32f10x_tim.o)
                0x08006d44                TIM_OC1PreloadConfig
 .text.TIM_OC2PreloadConfig
                0x08006d56       0x12 lib/STM32F10x_StdPeriph_Driver/libstm32fw.a(stm32f10x_tim.o)
                0x08006d56                TIM_OC2PreloadConfig
 .text.TIM_OC3PreloadConfig
                0x08006d68       0x12 lib/STM32F10x_StdPeriph_Driver/libstm32fw.a(stm32f10x_tim.o)
                0x08006d68                TIM_OC3PreloadConfig
 .text.TIM_OC4PreloadConfig
                0x08006d7a       0x12 lib/STM32F10x_StdPeriph_Driver/libstm32fw.a(stm32f10x_tim.o)
                0x08006d7a                TIM_OC4PreloadConfig
 .text.TIM_SelectOutputTrigger
                0x08006d8c       0x18 lib/STM32F10x_StdPeriph_Driver/libstm32fw.a(stm32f10x_tim.o)
                0x08006d8c                TIM_SelectOutputTrigger
 .text.TIM_SelectSlaveMode
                0x08006da4       0x18 lib/STM32F10x_StdPeriph_Driver/libstm32fw.a(stm32f10x_tim.o)
                0x08006da4                TIM_SelectSlaveMode
 .text.TIM_SelectMasterSlaveMode
                0x08006dbc       0x18 lib/STM32F10x_StdPeriph_Driver/libstm32fw.a(stm32f10x_tim.o)
                0x08006dbc                TIM_SelectMasterSlaveMode
 .text.TIM_SetCompare1
                0x08006dd4        0x4 lib/STM32F10x_StdPeriph_Driver/libstm32fw.a(stm32f10x_tim.o)
                0x08006dd4                TIM_SetCompare1
 .text.TIM_SetCompare3
                0x08006dd8        0x4 lib/STM32F10x_StdPeriph_Driver/libstm32fw.a(stm32f10x_tim.o)
                0x08006dd8                TIM_SetCompare3
 .text.TIM_SetCompare4
                0x08006ddc        0x6 lib/STM32F10x_StdPeriph_Driver/libstm32fw.a(stm32f10x_tim.o)
                0x08006ddc                TIM_SetCompare4
 *fill*         0x08006de2        0x2 00
 .text.USART_Init
                0x08006de4       0x90 lib/STM32F10x_StdPeriph_Driver/libstm32fw.a(stm32f10x_usart.o)
                0x08006de4                USART_Init
 .text.USART_Cmd
                0x08006e74       0x1a lib/STM32F10x_StdPeriph_Driver/libstm32fw.a(stm32f10x_usart.o)
                0x08006e74                USART_Cmd
 .text.USART_SendData
                0x08006e8e        0x8 lib/STM32F10x_StdPeriph_Driver/libstm32fw.a(stm32f10x_usart.o)
                0x08006e8e                USART_SendData
 .text.USART_GetFlagStatus
                0x08006e96        0xc lib/STM32F10x_StdPeriph_Driver/libstm32fw.a(stm32f10x_usart.o)
                0x08006e96                USART_GetFlagStatus
 *fill*         0x08006ea2        0x2 00
 .text.Standard_GetConfiguration
                0x08006ea4       0x24 lib/STM32_USB-FS-Device_Driver/libstm32usb.a(usb_core.o)
                0x08006ea4                Standard_GetConfiguration
 .text.Standard_GetInterface
                0x08006ec8       0x24 lib/STM32_USB-FS-Device_Driver/libstm32usb.a(usb_core.o)
                0x08006ec8                Standard_GetInterface
 .text.Standard_GetStatus
                0x08006eec       0xa8 lib/STM32_USB-FS-Device_Driver/libstm32usb.a(usb_core.o)
                0x08006eec                Standard_GetStatus
 .text.DataStageIn
                0x08006f94       0xa8 lib/STM32_USB-FS-Device_Driver/libstm32usb.a(usb_core.o)
 .text.Standard_SetConfiguration
                0x0800703c       0x3c lib/STM32_USB-FS-Device_Driver/libstm32usb.a(usb_core.o)
                0x0800703c                Standard_SetConfiguration
 .text.Standard_SetInterface
                0x08007078       0x4c lib/STM32_USB-FS-Device_Driver/libstm32usb.a(usb_core.o)
                0x08007078                Standard_SetInterface
 .text.Standard_ClearFeature
                0x080070c4       0xec lib/STM32_USB-FS-Device_Driver/libstm32usb.a(usb_core.o)
                0x080070c4                Standard_ClearFeature
 .text.Standard_SetEndPointFeature
                0x080071b0       0x9c lib/STM32_USB-FS-Device_Driver/libstm32usb.a(usb_core.o)
                0x080071b0                Standard_SetEndPointFeature
 .text.Standard_SetDeviceFeature
                0x0800724c       0x24 lib/STM32_USB-FS-Device_Driver/libstm32usb.a(usb_core.o)
                0x0800724c                Standard_SetDeviceFeature
 .text.Standard_GetDescriptorData
                0x08007270       0x1c lib/STM32_USB-FS-Device_Driver/libstm32usb.a(usb_core.o)
                0x08007270                Standard_GetDescriptorData
 .text.Post0_Process
                0x0800728c       0x44 lib/STM32_USB-FS-Device_Driver/libstm32usb.a(usb_core.o)
                0x0800728c                Post0_Process
 .text.Out0_Process
                0x080072d0       0xd0 lib/STM32_USB-FS-Device_Driver/libstm32usb.a(usb_core.o)
                0x080072d0                Out0_Process
 .text.Setup0_Process
                0x080073a0      0x2f4 lib/STM32_USB-FS-Device_Driver/libstm32usb.a(usb_core.o)
                0x080073a0                Setup0_Process
 .text.SetDeviceAddress
                0x08007694       0x48 lib/STM32_USB-FS-Device_Driver/libstm32usb.a(usb_core.o)
                0x08007694                SetDeviceAddress
 .text.In0_Process
                0x080076dc       0x5c lib/STM32_USB-FS-Device_Driver/libstm32usb.a(usb_core.o)
                0x080076dc                In0_Process
 .text.NOP_Process
                0x08007738        0x2 lib/STM32_USB-FS-Device_Driver/libstm32usb.a(usb_core.o)
                0x08007738                NOP_Process
 *fill*         0x0800773a        0x2 00
 .text.USB_Init
                0x0800773c       0x38 lib/STM32_USB-FS-Device_Driver/libstm32usb.a(usb_init.o)
                0x0800773c                USB_Init
 .text.CTR_LP   0x08007774      0x18c lib/STM32_USB-FS-Device_Driver/libstm32usb.a(usb_int.o)
                0x08007774                CTR_LP
 .text.CTR_HP   0x08007900       0x80 lib/STM32_USB-FS-Device_Driver/libstm32usb.a(usb_int.o)
                0x08007900                CTR_HP
 .text.UserToPMABufferCopy
                0x08007980       0x2e lib/STM32_USB-FS-Device_Driver/libstm32usb.a(usb_mem.o)
                0x08007980                UserToPMABufferCopy
 .text.PMAToUserBufferCopy
                0x080079ae       0x20 lib/STM32_USB-FS-Device_Driver/libstm32usb.a(usb_mem.o)
                0x080079ae                PMAToUserBufferCopy
 *fill*         0x080079ce        0x2 00
 .text.SetBTABLE
                0x080079d0       0x14 lib/STM32_USB-FS-Device_Driver/libstm32usb.a(usb_regs.o)
                0x080079d0                SetBTABLE
 .text.SetEPType
                0x080079e4       0x1a lib/STM32_USB-FS-Device_Driver/libstm32usb.a(usb_regs.o)
                0x080079e4                SetEPType
 .text.SetEPTxStatus
                0x080079fe       0x38 lib/STM32_USB-FS-Device_Driver/libstm32usb.a(usb_regs.o)
                0x080079fe                SetEPTxStatus
 .text.SetEPRxStatus
                0x08007a36       0x38 lib/STM32_USB-FS-Device_Driver/libstm32usb.a(usb_regs.o)
                0x08007a36                SetEPRxStatus
 .text.SetEPRxValid
                0x08007a6e       0x24 lib/STM32_USB-FS-Device_Driver/libstm32usb.a(usb_regs.o)
                0x08007a6e                SetEPRxValid
 .text.Clear_Status_Out
                0x08007a92       0x20 lib/STM32_USB-FS-Device_Driver/libstm32usb.a(usb_regs.o)
                0x08007a92                Clear_Status_Out
 .text.ClearDTOG_RX
                0x08007ab2       0x28 lib/STM32_USB-FS-Device_Driver/libstm32usb.a(usb_regs.o)
                0x08007ab2                ClearDTOG_RX
 .text.ClearDTOG_TX
                0x08007ada       0x28 lib/STM32_USB-FS-Device_Driver/libstm32usb.a(usb_regs.o)
                0x08007ada                ClearDTOG_TX
 *fill*         0x08007b02        0x2 00
 .text.SetEPTxAddr
                0x08007b04       0x24 lib/STM32_USB-FS-Device_Driver/libstm32usb.a(usb_regs.o)
                0x08007b04                SetEPTxAddr
 .text.SetEPRxAddr
                0x08007b28       0x24 lib/STM32_USB-FS-Device_Driver/libstm32usb.a(usb_regs.o)
                0x08007b28                SetEPRxAddr
 .text.GetEPTxAddr
                0x08007b4c       0x1c lib/STM32_USB-FS-Device_Driver/libstm32usb.a(usb_regs.o)
                0x08007b4c                GetEPTxAddr
 .text.GetEPRxAddr
                0x08007b68       0x1c lib/STM32_USB-FS-Device_Driver/libstm32usb.a(usb_regs.o)
                0x08007b68                GetEPRxAddr
 .text.SetEPTxCount
                0x08007b84       0x1c lib/STM32_USB-FS-Device_Driver/libstm32usb.a(usb_regs.o)
                0x08007b84                SetEPTxCount
 .text.SetEPRxCount
                0x08007ba0       0x40 lib/STM32_USB-FS-Device_Driver/libstm32usb.a(usb_regs.o)
                0x08007ba0                SetEPRxCount
 .text.GetEPRxCount
                0x08007be0       0x20 lib/STM32_USB-FS-Device_Driver/libstm32usb.a(usb_regs.o)
                0x08007be0                GetEPRxCount
 .text.ByteSwap
                0x08007c00        0xa lib/STM32_USB-FS-Device_Driver/libstm32usb.a(usb_regs.o)
                0x08007c00                ByteSwap
 *fill*         0x08007c0a        0x2 00
 .text.USB_SIL_Init
                0x08007c0c       0x20 lib/STM32_USB-FS-Device_Driver/libstm32usb.a(usb_sil.o)
                0x08007c0c                USB_SIL_Init
 .text.USB_SIL_Write
                0x08007c2c       0x28 lib/STM32_USB-FS-Device_Driver/libstm32usb.a(usb_sil.o)
                0x08007c2c                USB_SIL_Write
 .text.USB_SIL_Read
                0x08007c54       0x24 lib/STM32_USB-FS-Device_Driver/libstm32usb.a(usb_sil.o)
                0x08007c54                USB_SIL_Read
 .text          0x08007c78       0x78 /home/laurence/CodeSourcery/Sourcery_G++_Lite/bin/../lib/gcc/arm-none-eabi/4.5.2/../../../../arm-none-eabi/lib/thumb2/libm.a(lib_a-sf_sin.o)
                0x08007c78                sinf
 .text          0x08007cf0       0xa8 /home/laurence/CodeSourcery/Sourcery_G++_Lite/bin/../lib/gcc/arm-none-eabi/4.5.2/../../../../arm-none-eabi/lib/thumb2/libm.a(lib_a-wf_asin.o)
                0x08007cf0                asinf
 .text          0x08007d98       0xa4 /home/laurence/CodeSourcery/Sourcery_G++_Lite/bin/../lib/gcc/arm-none-eabi/4.5.2/../../../../arm-none-eabi/lib/thumb2/libm.a(lib_a-wf_sqrt.o)
                0x08007d98                sqrtf
 .text          0x08007e3c      0x318 /home/laurence/CodeSourcery/Sourcery_G++_Lite/bin/../lib/gcc/arm-none-eabi/4.5.2/../../../../arm-none-eabi/lib/thumb2/libm.a(lib_a-ef_asin.o)
                0x08007e3c                __ieee754_asinf
 .text          0x08008154      0x358 /home/laurence/CodeSourcery/Sourcery_G++_Lite/bin/../lib/gcc/arm-none-eabi/4.5.2/../../../../arm-none-eabi/lib/thumb2/libm.a(lib_a-ef_rem_pio2.o)
                0x08008154                __ieee754_rem_pio2f
 .text          0x080084ac       0xb0 /home/laurence/CodeSourcery/Sourcery_G++_Lite/bin/../lib/gcc/arm-none-eabi/4.5.2/../../../../arm-none-eabi/lib/thumb2/libm.a(lib_a-ef_sqrt.o)
                0x080084ac                __ieee754_sqrtf
 .text          0x0800855c      0x1b8 /home/laurence/CodeSourcery/Sourcery_G++_Lite/bin/../lib/gcc/arm-none-eabi/4.5.2/../../../../arm-none-eabi/lib/thumb2/libm.a(lib_a-kf_cos.o)
                0x0800855c                __kernel_cosf
 .text          0x08008714      0x63c /home/laurence/CodeSourcery/Sourcery_G++_Lite/bin/../lib/gcc/arm-none-eabi/4.5.2/../../../../arm-none-eabi/lib/thumb2/libm.a(lib_a-kf_rem_pio2.o)
                0x08008714                __kernel_rem_pio2f
 .text          0x08008d50      0x100 /home/laurence/CodeSourcery/Sourcery_G++_Lite/bin/../lib/gcc/arm-none-eabi/4.5.2/../../../../arm-none-eabi/lib/thumb2/libm.a(lib_a-kf_sin.o)
                0x08008d50                __kernel_sinf
 .text          0x08008e50        0x4 /home/laurence/CodeSourcery/Sourcery_G++_Lite/bin/../lib/gcc/arm-none-eabi/4.5.2/../../../../arm-none-eabi/lib/thumb2/libm.a(lib_a-s_matherr.o)
                0x08008e50                matherr
 .text          0x08008e54        0xc /home/laurence/CodeSourcery/Sourcery_G++_Lite/bin/../lib/gcc/arm-none-eabi/4.5.2/../../../../arm-none-eabi/lib/thumb2/libm.a(lib_a-s_nan.o)
                0x08008e54                nan
 .text          0x08008e60        0x8 /home/laurence/CodeSourcery/Sourcery_G++_Lite/bin/../lib/gcc/arm-none-eabi/4.5.2/../../../../arm-none-eabi/lib/thumb2/libm.a(lib_a-sf_fabs.o)
                0x08008e60                fabsf
 .text          0x08008e68       0xa0 /home/laurence/CodeSourcery/Sourcery_G++_Lite/bin/../lib/gcc/arm-none-eabi/4.5.2/../../../../arm-none-eabi/lib/thumb2/libm.a(lib_a-sf_floor.o)
                0x08008e68                floorf
 .text          0x08008f08       0x7c /home/laurence/CodeSourcery/Sourcery_G++_Lite/bin/../lib/gcc/arm-none-eabi/4.5.2/../../../../arm-none-eabi/lib/thumb2/libm.a(lib_a-sf_fpclassify.o)
                0x08008f08                __fpclassifyf
 .text          0x08008f84       0xc0 /home/laurence/CodeSourcery/Sourcery_G++_Lite/bin/../lib/gcc/arm-none-eabi/4.5.2/../../../../arm-none-eabi/lib/thumb2/libm.a(lib_a-sf_scalbn.o)
                0x08008f84                scalbnf
 .text          0x08009044       0x10 /home/laurence/CodeSourcery/Sourcery_G++_Lite/bin/../lib/gcc/arm-none-eabi/4.5.2/../../../../arm-none-eabi/lib/thumb2/libm.a(lib_a-sf_copysign.o)
                0x08009044                copysignf
 .text          0x08009054      0x370 /home/laurence/CodeSourcery/Sourcery_G++_Lite/bin/../lib/gcc/arm-none-eabi/4.5.2/thumb2/libgcc.a(_arm_addsubdf3.o)
                0x08009054                __aeabi_drsub
                0x0800905c                __aeabi_dsub
                0x0800905c                __subdf3
                0x08009060                __adddf3
                0x08009060                __aeabi_dadd
                0x080092d8                __aeabi_ui2d
                0x080092d8                __floatunsidf
                0x080092f8                __floatsidf
                0x080092f8                __aeabi_i2d
                0x0800931c                __extendsfdf2
                0x0800931c                __aeabi_f2d
                0x08009358                __aeabi_ul2d
                0x08009358                __floatundidf
                0x08009368                __floatdidf
                0x08009368                __aeabi_l2d
 .text          0x080093c4      0x424 /home/laurence/CodeSourcery/Sourcery_G++_Lite/bin/../lib/gcc/arm-none-eabi/4.5.2/thumb2/libgcc.a(_arm_muldivdf3.o)
                0x080093c4                __aeabi_dmul
                0x080093c4                __muldf3
                0x08009618                __aeabi_ddiv
                0x08009618                __divdf3
 .text          0x080097e8      0x110 /home/laurence/CodeSourcery/Sourcery_G++_Lite/bin/../lib/gcc/arm-none-eabi/4.5.2/thumb2/libgcc.a(_arm_cmpdf2.o)
                0x080097e8                __gtdf2
                0x080097e8                __gedf2
                0x080097f0                __ltdf2
                0x080097f0                __ledf2
                0x080097f8                __cmpdf2
                0x080097f8                __eqdf2
                0x080097f8                __nedf2
                0x08009874                __aeabi_cdrcmple
                0x08009884                __aeabi_cdcmple
                0x08009884                __aeabi_cdcmpeq
                0x08009894                __aeabi_dcmpeq
                0x080098a8                __aeabi_dcmplt
                0x080098bc                __aeabi_dcmple
                0x080098d0                __aeabi_dcmpge
                0x080098e4                __aeabi_dcmpgt
 .text          0x080098f8       0x50 /home/laurence/CodeSourcery/Sourcery_G++_Lite/bin/../lib/gcc/arm-none-eabi/4.5.2/thumb2/libgcc.a(_arm_fixdfsi.o)
                0x080098f8                __fixdfsi
                0x080098f8                __aeabi_d2iz
 .text          0x08009948       0x40 /home/laurence/CodeSourcery/Sourcery_G++_Lite/bin/../lib/gcc/arm-none-eabi/4.5.2/thumb2/libgcc.a(_arm_fixunsdfsi.o)
                0x08009948                __fixunsdfsi
                0x08009948                __aeabi_d2uiz
 .text          0x08009988       0xa0 /home/laurence/CodeSourcery/Sourcery_G++_Lite/bin/../lib/gcc/arm-none-eabi/4.5.2/thumb2/libgcc.a(_arm_truncdfsf2.o)
                0x08009988                __aeabi_d2f
                0x08009988                __truncdfsf2
 .text          0x08009a28      0x21c /home/laurence/CodeSourcery/Sourcery_G++_Lite/bin/../lib/gcc/arm-none-eabi/4.5.2/thumb2/libgcc.a(_arm_addsubsf3.o)
                0x08009a28                __aeabi_frsub
                0x08009a30                __subsf3
                0x08009a30                __aeabi_fsub
                0x08009a34                __aeabi_fadd
                0x08009a34                __addsf3
                0x08009b94                __aeabi_ui2f
                0x08009b94                __floatunsisf
                0x08009b9c                __aeabi_i2f
                0x08009b9c                __floatsisf
                0x08009bb8                __floatundisf
                0x08009bb8                __aeabi_ul2f
                0x08009bc8                __floatdisf
                0x08009bc8                __aeabi_l2f
 .text          0x08009c44      0x2a0 /home/laurence/CodeSourcery/Sourcery_G++_Lite/bin/../lib/gcc/arm-none-eabi/4.5.2/thumb2/libgcc.a(_arm_muldivsf3.o)
                0x08009c44                __mulsf3
                0x08009c44                __aeabi_fmul
                0x08009dac                __divsf3
                0x08009dac                __aeabi_fdiv
 .text          0x08009ee4       0xec /home/laurence/CodeSourcery/Sourcery_G++_Lite/bin/../lib/gcc/arm-none-eabi/4.5.2/thumb2/libgcc.a(_arm_cmpsf2.o)
                0x08009ee4                __gtsf2
                0x08009ee4                __gesf2
                0x08009eec                __lesf2
                0x08009eec                __ltsf2
                0x08009ef4                __nesf2
                0x08009ef4                __eqsf2
                0x08009ef4                __cmpsf2
                0x08009f54                __aeabi_cfrcmple
                0x08009f5c                __aeabi_cfcmple
                0x08009f5c                __aeabi_cfcmpeq
                0x08009f6c                __aeabi_fcmpeq
                0x08009f80                __aeabi_fcmplt
                0x08009f94                __aeabi_fcmple
                0x08009fa8                __aeabi_fcmpge
                0x08009fbc                __aeabi_fcmpgt
 .text          0x08009fd0       0x4c /home/laurence/CodeSourcery/Sourcery_G++_Lite/bin/../lib/gcc/arm-none-eabi/4.5.2/thumb2/libgcc.a(_arm_fixsfsi.o)
                0x08009fd0                __fixsfsi
                0x08009fd0                __aeabi_f2iz
 .text          0x0800a01c       0x40 /home/laurence/CodeSourcery/Sourcery_G++_Lite/bin/../lib/gcc/arm-none-eabi/4.5.2/thumb2/libgcc.a(_arm_fixunssfsi.o)
                0x0800a01c                __aeabi_f2uiz
                0x0800a01c                __fixunssfsi
 .text          0x0800a05c        0xc /home/laurence/CodeSourcery/Sourcery_G++_Lite/bin/../lib/gcc/arm-none-eabi/4.5.2/../../../../arm-none-eabi/lib/thumb2/libc.a(lib_a-errno.o)
                0x0800a05c                __errno
 .text          0x0800a068       0x20 /home/laurence/CodeSourcery/Sourcery_G++_Lite/bin/../lib/gcc/arm-none-eabi/4.5.2/../../../../arm-none-eabi/lib/thumb2/libc.a(lib_a-malloc.o)
                0x0800a068                malloc
                0x0800a078                free
 .text          0x0800a088      0x57c /home/laurence/CodeSourcery/Sourcery_G++_Lite/bin/../lib/gcc/arm-none-eabi/4.5.2/../../../../arm-none-eabi/lib/thumb2/libc.a(lib_a-mallocr.o)
                0x0800a088                _malloc_r
 .text          0x0800a604       0xb4 /home/laurence/CodeSourcery/Sourcery_G++_Lite/bin/../lib/gcc/arm-none-eabi/4.5.2/../../../../arm-none-eabi/lib/thumb2/libc.a(lib_a-memset.o)
                0x0800a604                memset
 .text          0x0800a6b8        0x8 /home/laurence/CodeSourcery/Sourcery_G++_Lite/bin/../lib/gcc/arm-none-eabi/4.5.2/../../../../arm-none-eabi/lib/thumb2/libc.a(lib_a-mlock.o)
                0x0800a6b8                __malloc_lock
                0x0800a6bc                __malloc_unlock
 .text          0x0800a6c0       0x28 /home/laurence/CodeSourcery/Sourcery_G++_Lite/bin/../lib/gcc/arm-none-eabi/4.5.2/../../../../arm-none-eabi/lib/thumb2/libc.a(lib_a-sbrkr.o)
                0x0800a6c0                _sbrk_r
 .text          0x0800a6e8       0x60 /home/laurence/CodeSourcery/Sourcery_G++_Lite/bin/../lib/gcc/arm-none-eabi/4.5.2/../../../../arm-none-eabi/lib/thumb2/libc.a(lib_a-strlen.o)
                0x0800a6e8                strlen
 .text          0x0800a748      0x240 /home/laurence/CodeSourcery/Sourcery_G++_Lite/bin/../lib/gcc/arm-none-eabi/4.5.2/../../../../arm-none-eabi/lib/thumb2/libc.a(lib_a-freer.o)
                0x0800a748                _malloc_trim_r
                0x0800a7f0                _free_r
 .text          0x0800a988       0x30 /home/laurence/CodeSourcery/Sourcery_G++_Lite/bin/../lib/gcc/arm-none-eabi/4.5.2/../../../../arm-none-eabi/lib/thumb2/libcs3.a(start_c.o)
                0x0800a988                __cs3_premain
 .text.cs3.init
                0x0800a9b8       0x50 /home/laurence/CodeSourcery/Sourcery_G++_Lite/bin/../lib/gcc/arm-none-eabi/4.5.2/../../../../arm-none-eabi/lib/thumb2/libcs3.a(start_c.o)
                0x0800a9b8                __cs3_start_c
 .text          0x0800aa08       0x40 /home/laurence/CodeSourcery/Sourcery_G++_Lite/bin/../lib/gcc/arm-none-eabi/4.5.2/../../../../arm-none-eabi/lib/thumb2/libcs3unhosted.a(unhosted-sbrk.o)
                0x0800aa08                _sbrk
 .text.cs3.init
                0x0800aa48       0x10 /home/laurence/CodeSourcery/Sourcery_G++_Lite/bin/../lib/gcc/arm-none-eabi/4.5.2/../../../../arm-none-eabi/lib/thumb2/libcs3unhosted.a(unhosted-start.o)
                0x0800aa48                _start
 .text          0x0800aa58        0x2 lib/libcs3-lanchon-stm32.a(lanchon_stm32_isr_interrupt.o)
                0x0800aa58                DMAChannel7_IRQHandler
                0x0800aa58                DebugMonitor
                0x0800aa58                SVCHandler
                0x0800aa58                __STM32ReservedException8
                0x0800aa58                __STM32DefaultExceptionHandler
                0x0800aa58                CAN_SCE_IRQHandler
                0x0800aa58                __STM32ReservedException10
                0x0800aa58                __STM32ReservedException13
                0x0800aa58                DMAChannel4_IRQHandler
                0x0800aa58                PendSVC
                0x0800aa58                CAN_RX1_IRQHandler
                0x0800aa58                ADC_IRQHandler
                0x0800aa58                DMAChannel5_IRQHandler
                0x0800aa58                DMAChannel2_IRQHandler
                0x0800aa58                __STM32ReservedException7
                0x0800aa58                DMAChannel6_IRQHandler
                0x0800aa58                DMAChannel3_IRQHandler
                0x0800aa58                __STM32ReservedException9
 *fill*         0x0800aa5a        0x2 00
 .text          0x0800aa5c       0x50 /home/laurence/CodeSourcery/Sourcery_G++_Lite/bin/../lib/gcc/arm-none-eabi/4.5.2/../../../../arm-none-eabi/lib/thumb2/libc.a(lib_a-init.o)
                0x0800aa5c                __libc_init_array
 *(.plt)
 *(.gnu.warning)
 *(.glue_7t)
 .glue_7t       0x00000000        0x0 linker stubs
 *(.glue_7)
 .glue_7        0x00000000        0x0 linker stubs
 *(.vfp11_veneer)
 .vfp11_veneer  0x00000000        0x0 linker stubs
 *(.rodata .rodata.* .gnu.linkonce.r.*)
 .rodata.sinusoid.7312
                0x0800aaac       0x48 Sensors/ppg_new.o
 .rodata.cosinusoid.7313
                0x0800aaf4       0x48 Sensors/ppg_new.o
 .rodata.xcoeffs
                0x0800ab3c       0x34 Sensors/pressure.o
 .rodata.MASS_StringLangID
                0x0800ab70        0x4 Util/USB/usb_desc.o
                0x0800ab70                MASS_StringLangID
 .rodata.MASS_ConfigDescriptor
                0x0800ab74       0x20 Util/USB/usb_desc.o
                0x0800ab74                MASS_ConfigDescriptor
 .rodata.MASS_StringProduct
                0x0800ab94       0x2e Util/USB/usb_desc.o
                0x0800ab94                MASS_StringProduct
 .rodata.MASS_DeviceDescriptor
                0x0800abc2       0x12 Util/USB/usb_desc.o
                0x0800abc2                MASS_DeviceDescriptor
 .rodata.MASS_StringInterface
                0x0800abd4       0x10 Util/USB/usb_desc.o
                0x0800abd4                MASS_StringInterface
 .rodata.MASS_StringVendor
                0x0800abe4       0x32 Util/USB/usb_desc.o
                0x0800abe4                MASS_StringVendor
 .rodata.tbl_upper.4123
                0x0800ac16      0x1e0 Util/fat_fs/option/cc932.o
 .rodata.uni2sjis
                0x0800adf6     0x7378 Util/fat_fs/option/cc932.o
 .rodata.tbl_lower.4122
                0x0801216e      0x1e0 Util/fat_fs/option/cc932.o
 .rodata.str1.1
                0x0801234e       0x10 Util/fat_fs/src/ff.o
 .rodata.LfnOfs
                0x0801235e        0xd Util/fat_fs/src/ff.o
 .rodata.DaysInMonth
                0x0801236b        0xc Util/fat_fs/src/rtc.o
 .rodata.str1.1
                0x08012377        0x6 Util/rprintf.o
 .rodata.TMP102_setup
                0x0801237d        0x2 i2c_int.o
                0x0801237d                TMP102_setup
 .rodata.str1.1
                0x0801237f       0x10 interrupts.o
 *fill*         0x0801238f        0x1 00
 .rodata.SystemFrequency
                0x08012390        0x4 lib/CMSIS_CM3/system_stm32f10x.o
                0x08012390                SystemFrequency
 .rodata.str1.1
                0x08012394      0x137 main.o
 .rodata.str1.1
                0x080124cb       0x16 pwr.o
 *fill*         0x080124e1        0x3 00
 .rodata.str1.4
                0x080124e4        0x9 /home/laurence/CodeSourcery/Sourcery_G++_Lite/bin/../lib/gcc/arm-none-eabi/4.5.2/../../../../arm-none-eabi/lib/thumb2/libm.a(lib_a-wf_asin.o)
                                  0xc (size before relaxing)
 *fill*         0x080124ed        0x3 00
 .rodata.str1.4
                0x080124f0        0x6 /home/laurence/CodeSourcery/Sourcery_G++_Lite/bin/../lib/gcc/arm-none-eabi/4.5.2/../../../../arm-none-eabi/lib/thumb2/libm.a(lib_a-wf_sqrt.o)
                                  0x8 (size before relaxing)
 *fill*         0x080124f6        0x2 00
 .rodata        0x080124f8      0x398 /home/laurence/CodeSourcery/Sourcery_G++_Lite/bin/../lib/gcc/arm-none-eabi/4.5.2/../../../../arm-none-eabi/lib/thumb2/libm.a(lib_a-ef_rem_pio2.o)
 .rodata        0x08012890       0x38 /home/laurence/CodeSourcery/Sourcery_G++_Lite/bin/../lib/gcc/arm-none-eabi/4.5.2/../../../../arm-none-eabi/lib/thumb2/libm.a(lib_a-kf_rem_pio2.o)
 .rodata        0x080128c8       0x60 /home/laurence/CodeSourcery/Sourcery_G++_Lite/bin/../lib/gcc/arm-none-eabi/4.5.2/../../../../arm-none-eabi/lib/thumb2/libc.a(lib_a-findfp.o)
                0x080128c8                __sf_fake_stdin
                0x080128e8                __sf_fake_stdout
                0x08012908                __sf_fake_stderr
 .rodata.str1.4
                0x08012928        0x4 /home/laurence/CodeSourcery/Sourcery_G++_Lite/bin/../lib/gcc/arm-none-eabi/4.5.2/../../../../arm-none-eabi/lib/thumb2/libc.a(lib_a-impure.o)
 *(.ARM.extab* .gnu.linkonce.armextab.*)
 *(.gcc_except_table)
 *(.eh_frame_hdr)
 *(.eh_frame)
                0x0801292c                . = ALIGN (0x4)
 *(.init)
 .init          0x0801292c        0x4 /home/laurence/CodeSourcery/Sourcery_G++_Lite/bin/../lib/gcc/arm-none-eabi/4.5.2/thumb2/crti.o
                0x0801292c                _init
 .init          0x08012930        0x8 /home/laurence/CodeSourcery/Sourcery_G++_Lite/bin/../lib/gcc/arm-none-eabi/4.5.2/thumb2/crtn.o
                0x08012938                . = ALIGN (0x4)
                0x08012938                _sidata = .
                0x08012938                __preinit_array_start = .
 *(.preinit_array)
                0x08012938                __preinit_array_end = .
                0x08012938                . = ALIGN (0x4)
                0x08012938                __init_array_start = .
 *(SORT(.init_array.*))
 *(.init_array)
 .init_array    0x08012938        0x4 /home/laurence/CodeSourcery/Sourcery_G++_Lite/bin/../lib/gcc/arm-none-eabi/4.5.2/thumb2/crtbegin.o
                0x0801293c                __init_array_end = .
                0x0801293c                . = ALIGN (0x4)
 *crtbegin.o(.ctors)
 *(EXCLUDE_FILE(*crtend.o) .ctors)
 *(SORT(.ctors.*))
 *crtend.o(.ctors)
                0x0801293c                . = ALIGN (0x4)
 *(.fini)
 .fini          0x0801293c        0x4 /home/laurence/CodeSourcery/Sourcery_G++_Lite/bin/../lib/gcc/arm-none-eabi/4.5.2/thumb2/crti.o
                0x0801293c                _fini
 .fini          0x08012940        0x8 /home/laurence/CodeSourcery/Sourcery_G++_Lite/bin/../lib/gcc/arm-none-eabi/4.5.2/thumb2/crtn.o
                0x08012948                . = ALIGN (0x4)
                0x08012948                __fini_array_start = .
 *(.fini_array)
 .fini_array    0x08012948        0x4 /home/laurence/CodeSourcery/Sourcery_G++_Lite/bin/../lib/gcc/arm-none-eabi/4.5.2/thumb2/crtbegin.o
 *(SORT(.fini_array.*))
                0x0801294c                __fini_array_end = .
 *crtbegin.o(.dtors)
 *(EXCLUDE_FILE(*crtend.o) .dtors)
 *(SORT(.dtors.*))
 *crtend.o(.dtors)
                0x0801294c                . = ALIGN (0x4)
                0x0801294c                __cs3_regions = .
                0x0801294c        0x4 LONG 0x0
                0x08012950        0x4 LONG 0x8012960 __cs3_region_init_ram
                0x08012954        0x4 LONG 0x20000000 __cs3_region_start_ram
                0x08012958        0x4 LONG 0x690 __cs3_region_init_size_ram
                0x0801295c        0x4 LONG 0x950 __cs3_region_zero_size_ram
                0x08012960                __exidx_start = .

.v4_bx          0x08012960        0x0
 .v4_bx         0x00000000        0x0 linker stubs

.ARM.exidx
 *(.ARM.exidx* .gnu.linkonce.armexidx.*)
                0x08012960                __exidx_end = .

.text.align     0x08012960        0x0
                0x08012960                . = ALIGN (0x8)
                0x08012960                _etext = .
                0x08020000                __cs3_region_end_rom = (__cs3_region_start_rom + 0x20000)
                0x00020000                __cs3_region_size_rom = 0x20000
                0x00000001                __cs3_region_num = 0x1

.data           0x20000000      0x690 load address 0x08012960
                0x20000000                __cs3_region_start_ram = .
                0x20000000                _sdata = .
 *(.cs3.region-head.ram)
 *(.jcr)
 .jcr           0x20000000        0x0 /home/laurence/CodeSourcery/Sourcery_G++_Lite/bin/../lib/gcc/arm-none-eabi/4.5.2/thumb2/crtbegin.o
 .jcr           0x20000000        0x4 /home/laurence/CodeSourcery/Sourcery_G++_Lite/bin/../lib/gcc/arm-none-eabi/4.5.2/thumb2/crtend.o
 *(.got.plt)
 *(.got)
 *(.shdata)
 *(.data .data.* .gnu.linkonce.d.*)
 .data.Mode_Sense10_data
                0x20000004        0x8 Util/USB/scsi_data.o
                0x20000004                Mode_Sense10_data
 .data.Mode_Sense6_data
                0x2000000c        0x4 Util/USB/scsi_data.o
                0x2000000c                Mode_Sense6_data
 .data.Scsi_Sense_Data
                0x20000010       0x12 Util/USB/scsi_data.o
                0x20000010                Scsi_Sense_Data
 .data.ReadFormatCapacity_Data
                0x20000022        0xc Util/USB/scsi_data.o
                0x20000022                ReadFormatCapacity_Data
 .data.Standard_Inquiry_Data2
                0x2000002e       0x24 Util/USB/scsi_data.o
                0x2000002e                Standard_Inquiry_Data2
 .data.Standard_Inquiry_Data
                0x20000052       0x24 Util/USB/scsi_data.o
                0x20000052                Standard_Inquiry_Data
 .data.MASS_StringSerial
                0x20000076       0x1a Util/USB/usb_desc.o
                0x20000076                MASS_StringSerial
 .data.pEpInt_IN
                0x20000090       0x1c Util/USB/usb_istr.o
                0x20000090                pEpInt_IN
 .data.pEpInt_OUT
                0x200000ac       0x1c Util/USB/usb_istr.o
                0x200000ac                pEpInt_OUT
 .data.Config_Descriptor
                0x200000c8        0x8 Util/USB/usb_prop.o
                0x200000c8                Config_Descriptor
 .data.Device_Property
                0x200000d0       0x30 Util/USB/usb_prop.o
                0x200000d0                Device_Property
 .data.User_Standard_Requests
                0x20000100       0x24 Util/USB/usb_prop.o
                0x20000100                User_Standard_Requests
 .data.Device_Descriptor
                0x20000124        0x8 Util/USB/usb_prop.o
                0x20000124                Device_Descriptor
 .data.String_Descriptor
                0x2000012c       0x28 Util/USB/usb_prop.o
                0x2000012c                String_Descriptor
 .data.Device_Table
                0x20000154        0x2 Util/USB/usb_prop.o
                0x20000154                Device_Table
 .data.fSuspendEnabled
                0x20000156        0x1 Util/USB/usb_pwr.o
                0x20000156                fSuspendEnabled
 *fill*         0x20000157        0x1 00
 .data.rw_workbyte.7589
                0x20000158        0x2 Util/fat_fs/src/sd_spi_stm32.o
 .data.Stat     0x2000015a        0x1 Util/fat_fs/src/sd_spi_stm32.o
 *fill*         0x2000015b        0x1 00
 .data.I2C_jobs
                0x2000015c       0x10 i2c_int.o
                0x2000015c                I2C_jobs
 .data.ADCPrescTable
                0x2000016c        0x4 lib/STM32F10x_StdPeriph_Driver/libstm32fw.a(stm32f10x_rcc.o)
 .data.APBAHBPrescTable
                0x20000170       0x10 lib/STM32F10x_StdPeriph_Driver/libstm32fw.a(stm32f10x_rcc.o)
 .data          0x20000180        0x1 /home/laurence/CodeSourcery/Sourcery_G++_Lite/bin/../lib/gcc/arm-none-eabi/4.5.2/../../../../arm-none-eabi/lib/thumb2/libm.a(lib_a-s_lib_ver.o)
                0x20000180                __fdlib_version
 *fill*         0x20000181        0x3 00
 .data          0x20000184       0xf4 /home/laurence/CodeSourcery/Sourcery_G++_Lite/bin/../lib/gcc/arm-none-eabi/4.5.2/../../../../arm-none-eabi/lib/thumb2/libc.a(lib_a-impure.o)
                0x20000184                _impure_ptr
 .data          0x20000278      0x410 /home/laurence/CodeSourcery/Sourcery_G++_Lite/bin/../lib/gcc/arm-none-eabi/4.5.2/../../../../arm-none-eabi/lib/thumb2/libc.a(lib_a-mallocr.o)
                0x20000278                __malloc_av_
                0x20000680                __malloc_sbrk_base
                0x20000684                __malloc_trim_threshold
 .data          0x20000688        0x4 /home/laurence/CodeSourcery/Sourcery_G++_Lite/bin/../lib/gcc/arm-none-eabi/4.5.2/../../../../arm-none-eabi/lib/thumb2/libcs3unhosted.a(unhosted-sbrk.o)
 .data          0x2000068c        0x4 /home/laurence/CodeSourcery/Sourcery_G++_Lite/bin/../lib/gcc/arm-none-eabi/4.5.2/../../../../arm-none-eabi/lib/thumb2/libcs3.a(heap.o)
                0x2000068c                __cs3_heap_limit
 *(.ram)
                0x20000690                . = ALIGN (0x8)
                0x20000690                _edata = .

.bss            0x20000690      0x950 load address 0x08012ff0
                0x20000690                _sbss = .
 *(.shbss)
 *(.bss .bss.* .gnu.linkonce.b.*)
 .bss           0x20000690        0x1 /home/laurence/CodeSourcery/Sourcery_G++_Lite/bin/../lib/gcc/arm-none-eabi/4.5.2/thumb2/crtbegin.o
 *fill*         0x20000691        0x3 00
 .bss.Last_PPG_Values
                0x20000694        0xc Sensors/ppg_new.o
                0x20000694                Last_PPG_Values
 .bss.bindex.7309
                0x200006a0        0x1 Sensors/ppg_new.o
 *fill*         0x200006a1        0x3 00
 .bss.Frequency_Bin.7310
                0x200006a4       0x18 Sensors/ppg_new.o
 .bss.xv        0x200006bc       0x34 Sensors/pressure.o
 .bss.Pressure_Offset
                0x200006f0        0x4 Sensors/pressure.o
                0x200006f0                Pressure_Offset
 .bss.Reported_Pressure
                0x200006f4        0x4 Sensors/pressure.o
                0x200006f4                Reported_Pressure
 .bss.Device_Temperature
                0x200006f8        0x4 Sensors/temperature.o
                0x200006f8                Device_Temperature
 .bss.TMP102_Reported_Temperature
                0x200006fc        0x4 Sensors/temperature.o
                0x200006fc                TMP102_Reported_Temperature
 .bss.TMP102_Data_Buffer
                0x20000700        0x2 Sensors/temperature.o
                0x20000700                TMP102_Data_Buffer
 *fill*         0x20000702        0x2 00
 .bss.Data_Buffer
                0x20000704        0x4 Util/USB/mass_mal.o
                0x20000704                Data_Buffer
 .bss.Mass_Block_Size
                0x20000708        0x8 Util/USB/mass_mal.o
                0x20000708                Mass_Block_Size
 .bss.Status    0x20000710        0x4 Util/USB/mass_mal.o
                0x20000710                Status
 .bss.Mass_Memory_Size
                0x20000714        0x8 Util/USB/mass_mal.o
                0x20000714                Mass_Memory_Size
 .bss.Mass_Block_Count
                0x2000071c        0x8 Util/USB/mass_mal.o
                0x2000071c                Mass_Block_Count
 .bss.Used_CMD18.7652
                0x20000724        0x1 Util/USB/memory.o
 *fill*         0x20000725        0x3 00
 .bss.Block_offset
                0x20000728        0x4 Util/USB/memory.o
                0x20000728                Block_offset
 .bss.Counter   0x2000072c        0x4 Util/USB/memory.o
                0x2000072c                Counter
 .bss.W_Length.7664
                0x20000730        0x4 Util/USB/memory.o
 .bss.W_Offset.7663
                0x20000734        0x4 Util/USB/memory.o
 .bss.Idx       0x20000738        0x4 Util/USB/memory.o
                0x20000738                Idx
 .bss.Length.7651
                0x2000073c        0x4 Util/USB/memory.o
 .bss.TransferState
                0x20000740        0x1 Util/USB/memory.o
                0x20000740                TransferState
 .bss.ReadCapacity10_Data
                0x20000741        0x8 Util/USB/scsi_data.o
                0x20000741                ReadCapacity10_Data
 .bss.Page00_Inquiry_Data
                0x20000749        0x5 Util/USB/scsi_data.o
                0x20000749                Page00_Inquiry_Data
 .bss.Data_Len  0x2000074e        0x2 Util/USB/usb_bot.o
                0x2000074e                Data_Len
 .bss.CBW       0x20000750       0x20 Util/USB/usb_bot.o
                0x20000750                CBW
 .bss.Bot_State
                0x20000770        0x1 Util/USB/usb_bot.o
                0x20000770                Bot_State
 *fill*         0x20000771        0x3 00
 .bss.SCSI_BlkLen
                0x20000774        0x4 Util/USB/usb_bot.o
                0x20000774                SCSI_BlkLen
 .bss.Bulk_Data_Buff
                0x20000778       0x40 Util/USB/usb_bot.o
                0x20000778                Bulk_Data_Buff
 .bss.SCSI_LBA  0x200007b8        0x4 Util/USB/usb_bot.o
                0x200007b8                SCSI_LBA
 .bss.CSW       0x200007bc       0x10 Util/USB/usb_bot.o
                0x200007bc                CSW
 .bss.bIntPackSOF
                0x200007cc        0x1 Util/USB/usb_istr.o
                0x200007cc                bIntPackSOF
 *fill*         0x200007cd        0x1 00
 .bss.wIstr     0x200007ce        0x2 Util/USB/usb_istr.o
                0x200007ce                wIstr
 .bss.Max_Lun   0x200007d0        0x4 Util/USB/usb_prop.o
                0x200007d0                Max_Lun
 .bss.ResumeS   0x200007d4        0x2 Util/USB/usb_pwr.o
                0x200007d4                ResumeS
 *fill*         0x200007d6        0x2 00
 .bss.bDeviceState
                0x200007d8        0x4 Util/USB/usb_pwr.o
                0x200007d8                bDeviceState
 .bss.Fsid      0x200007dc        0x2 Util/fat_fs/src/ff.o
 *fill*         0x200007de        0x2 00
 .bss.FatFs     0x200007e0        0x4 Util/fat_fs/src/ff.o
 .bss.Timer1    0x200007e4        0x4 Util/fat_fs/src/sd_spi_stm32.o
 .bss.Timer2    0x200007e8        0x4 Util/fat_fs/src/sd_spi_stm32.o
 .bss.CardType  0x200007ec        0x1 Util/fat_fs/src/sd_spi_stm32.o
 .bss.Sd_Spi_Called_From_USB_MSC
                0x200007ed        0x1 Util/fat_fs/src/sd_spi_stm32.o
                0x200007ed                Sd_Spi_Called_From_USB_MSC
 *fill*         0x200007ee        0x2 00
 .bss.pv.7712   0x200007f0        0x4 Util/fat_fs/src/sd_spi_stm32.o
 .bss.rputchar  0x200007f4        0x4 Util/rprintf.o
 .bss.buf       0x200007f8       0x80 Util/rprintf.o
 .bss.ADC1_Convertion_buff
                0x20000878        0x4 adc.o
                0x20000878                ADC1_Convertion_buff
 .bss.bootsource
                0x2000087c        0x1 gpio.o
                0x2000087c                bootsource
 *fill*         0x2000087d        0x3 00
 .bss.Completed_Jobs
                0x20000880        0x4 i2c_int.o
                0x20000880                Completed_Jobs
 .bss.job       0x20000884        0x1 i2c_int.o
                0x20000884                job
 .bss.subaddress_sent.6748
                0x20000885        0x1 i2c_int.o
 .bss.final_stop.6749
                0x20000886        0x1 i2c_int.o
 *fill*         0x20000887        0x1 00
 .bss.Jobs      0x20000888        0x4 i2c_int.o
                0x20000888                Jobs
 .bss.I2C1error
                0x2000088c        0x2 i2c_int.o
                0x2000088c                I2C1error
 .bss.index.6750
                0x2000088e        0x1 i2c_int.o
 *fill*         0x2000088f        0x1 00
 .bss.old_pressure.7934
                0x20000890        0x4 interrupts.o
 .bss.Last_Button_Press.7936
                0x20000894        0x4 interrupts.o
 .bss.tmpindex.7938
                0x20000898        0x1 interrupts.o
 *fill*         0x20000899        0x1 00
 .bss.Enabled_iterations.7935
                0x2000089a        0x2 interrupts.o
 .bss.System_state_counter.7937
                0x2000089c        0x1 interrupts.o
 .bss.decimation_counter.7924
                0x2000089d        0x1 interrupts.o
 .bss.Button_hold_tim
                0x2000089e        0x1 interrupts.o
                0x2000089e                Button_hold_tim
 *fill*         0x2000089f        0x1 00
 .bss.I.7933    0x200008a0        0x4 interrupts.o
 .bss.Buff      0x200008a4       0x24 main.o
                0x200008a4                Buff
 .bss.Millis    0x200008c8        0x4 main.o
                0x200008c8                Millis
 .bss.f_err_code
                0x200008cc        0x1 main.o
                0x200008cc                f_err_code
 .bss.print_string
                0x200008cd      0x100 main.o
                0x200008cd                print_string
 .bss.Pressure_control
                0x200009cd        0x1 main.o
                0x200009cd                Pressure_control
 *fill*         0x200009ce        0x2 00
 .bss.FATFS_Obj
                0x200009d0      0x230 main.o
 .bss.Sensors   0x20000c00        0x1 main.o
                0x20000c00                Sensors
 *fill*         0x20000c01        0x3 00
 .bss.Temperatures_Buffer
                0x20000c04        0xc main.o
                0x20000c04                Temperatures_Buffer