Archive member included because of file (symbol)

lib/STM32F10x_StdPeriph_Driver/libstm32fw.a(misc.o)
                              Util/USB/hw_config.o (NVIC_PriorityGroupConfig)
lib/STM32F10x_StdPeriph_Driver/libstm32fw.a(stm32f10x_adc.o)
                              adc.o (ADC_DeInit)
lib/STM32F10x_StdPeriph_Driver/libstm32fw.a(stm32f10x_bkp.o)
                              Util/fat_fs/src/rtc.o (BKP_DeInit)
lib/STM32F10x_StdPeriph_Driver/libstm32fw.a(stm32f10x_dbgmcu.o)
                              main.o (DBGMCU_Config)
lib/STM32F10x_StdPeriph_Driver/libstm32fw.a(stm32f10x_dma.o)
                              Util/fat_fs/src/sd_spi_stm32.o (DMA_DeInit)
lib/STM32F10x_StdPeriph_Driver/libstm32fw.a(stm32f10x_exti.o)
                              interrupts.o (EXTI_DeInit)
lib/STM32F10x_StdPeriph_Driver/libstm32fw.a(stm32f10x_gpio.o)
                              Util/fat_fs/src/sd_spi_stm32.o (GPIO_Init)
lib/STM32F10x_StdPeriph_Driver/libstm32fw.a(stm32f10x_i2c.o)
                              i2c_int.o (I2C_DeInit)
lib/STM32F10x_StdPeriph_Driver/libstm32fw.a(stm32f10x_iwdg.o)
                              watchdog.o (IWDG_WriteAccessCmd)
lib/STM32F10x_StdPeriph_Driver/libstm32fw.a(stm32f10x_pwr.o)
                              pwr.o (PWR_DeInit)
lib/STM32F10x_StdPeriph_Driver/libstm32fw.a(stm32f10x_rcc.o)
                              interrupts.o (RCC_HCLKConfig)
lib/STM32F10x_StdPeriph_Driver/libstm32fw.a(stm32f10x_rtc.o)
                              Util/fat_fs/src/rtc.o (RTC_GetCounter)
lib/STM32F10x_StdPeriph_Driver/libstm32fw.a(stm32f10x_spi.o)
                              Util/fat_fs/src/sd_spi_stm32.o (SPI_I2S_DeInit)
lib/STM32F10x_StdPeriph_Driver/libstm32fw.a(stm32f10x_tim.o)
                              timer.o (TIM_DeInit)
lib/STM32F10x_StdPeriph_Driver/libstm32fw.a(stm32f10x_usart.o)
                              usart.o (USART_Init)
lib/STM32_USB-FS-Device_Driver/libstm32usb.a(usb_core.o)
                              Util/USB/usb_prop.o (Standard_GetDescriptorData)
lib/STM32_USB-FS-Device_Driver/libstm32usb.a(usb_init.o)
                              main.o (USB_Init)
lib/STM32_USB-FS-Device_Driver/libstm32usb.a(usb_int.o)
                              Util/USB/usb_istr.o (CTR_LP)
lib/STM32_USB-FS-Device_Driver/libstm32usb.a(usb_mem.o)
                              lib/STM32_USB-FS-Device_Driver/libstm32usb.a(usb_core.o) (UserToPMABufferCopy)
lib/STM32_USB-FS-Device_Driver/libstm32usb.a(usb_regs.o)
                              Util/USB/usb_prop.o (SetBTABLE)
lib/STM32_USB-FS-Device_Driver/libstm32usb.a(usb_sil.o)
                              Util/USB/usb_prop.o (USB_SIL_Init)
/home/laurence/CodeSourcery/Sourcery_G++_Lite/bin/../lib/gcc/arm-none-eabi/4.5.2/../../../../arm-none-eabi/lib/thumb2/libm.a(lib_a-sf_sin.o)
                              Sensors/ppg_new.o (sinf)
/home/laurence/CodeSourcery/Sourcery_G++_Lite/bin/../lib/gcc/arm-none-eabi/4.5.2/../../../../arm-none-eabi/lib/thumb2/libm.a(lib_a-wf_asin.o)
                              Sensors/ppg_new.o (asinf)
/home/laurence/CodeSourcery/Sourcery_G++_Lite/bin/../lib/gcc/arm-none-eabi/4.5.2/../../../../arm-none-eabi/lib/thumb2/libm.a(lib_a-wf_sqrt.o)
                              Sensors/ppg_new.o (sqrtf)
/home/laurence/CodeSourcery/Sourcery_G++_Lite/bin/../lib/gcc/arm-none-eabi/4.5.2/../../../../arm-none-eabi/lib/thumb2/libm.a(lib_a-ef_asin.o)
                              /home/laurence/CodeSourcery/Sourcery_G++_Lite/bin/../lib/gcc/arm-none-eabi/4.5.2/../../../../arm-none-eabi/lib/thumb2/libm.a(lib_a-wf_asin.o) (__ieee754_asinf)
/home/laurence/CodeSourcery/Sourcery_G++_Lite/bin/../lib/gcc/arm-none-eabi/4.5.2/../../../../arm-none-eabi/lib/thumb2/libm.a(lib_a-ef_rem_pio2.o)
                              /home/laurence/CodeSourcery/Sourcery_G++_Lite/bin/../lib/gcc/arm-none-eabi/4.5.2/../../../../arm-none-eabi/lib/thumb2/libm.a(lib_a-sf_sin.o) (__ieee754_rem_pio2f)
/home/laurence/CodeSourcery/Sourcery_G++_Lite/bin/../lib/gcc/arm-none-eabi/4.5.2/../../../../arm-none-eabi/lib/thumb2/libm.a(lib_a-ef_sqrt.o)
                              /home/laurence/CodeSourcery/Sourcery_G++_Lite/bin/../lib/gcc/arm-none-eabi/4.5.2/../../../../arm-none-eabi/lib/thumb2/libm.a(lib_a-wf_sqrt.o) (__ieee754_sqrtf)
/home/laurence/CodeSourcery/Sourcery_G++_Lite/bin/../lib/gcc/arm-none-eabi/4.5.2/../../../../arm-none-eabi/lib/thumb2/libm.a(lib_a-kf_cos.o)
                              /home/laurence/CodeSourcery/Sourcery_G++_Lite/bin/../lib/gcc/arm-none-eabi/4.5.2/../../../../arm-none-eabi/lib/thumb2/libm.a(lib_a-sf_sin.o) (__kernel_cosf)
/home/laurence/CodeSourcery/Sourcery_G++_Lite/bin/../lib/gcc/arm-none-eabi/4.5.2/../../../../arm-none-eabi/lib/thumb2/libm.a(lib_a-kf_rem_pio2.o)
                              /home/laurence/CodeSourcery/Sourcery_G++_Lite/bin/../lib/gcc/arm-none-eabi/4.5.2/../../../../arm-none-eabi/lib/thumb2/libm.a(lib_a-ef_rem_pio2.o) (__kernel_rem_pio2f)
[...]
Memory Configuration

Name             Origin             Length             Attributes
ram              0x20000000         0x00005000         xrw
rom              0x08000000         0x00020000         xr
*default*        0x00000000         0xffffffff

Linker script and memory map

LOAD /home/laurence/CodeSourcery/Sourcery_G++_Lite/bin/../lib/gcc/arm-none-eabi/4.5.2/thumb2/crti.o
LOAD /home/laurence/CodeSourcery/Sourcery_G++_Lite/bin/../lib/gcc/arm-none-eabi/4.5.2/thumb2/crtbegin.o
LOAD Sensors/ppg_new.o
LOAD Sensors/pressure.o
LOAD Sensors/temperature.o
LOAD Util/USB/hw_config.o
LOAD Util/USB/mass_mal.o
LOAD Util/USB/memory.o
LOAD Util/USB/scsi_data.o
LOAD Util/USB/usb_bot.o
LOAD Util/USB/usb_desc.o
LOAD Util/USB/usb_endp.o
LOAD Util/USB/usb_istr.o
LOAD Util/USB/usb_prop.o
LOAD Util/USB/usb_pwr.o
LOAD Util/USB/usb_scsi.o
LOAD Util/buffer.o
LOAD Util/delay.o
LOAD Util/fat_fs/option/cc932.o
LOAD Util/fat_fs/option/syscall.o
LOAD Util/fat_fs/src/fattime.o
LOAD Util/fat_fs/src/ff.o
LOAD Util/fat_fs/src/rtc.o
LOAD Util/fat_fs/src/sd_spi_stm32.o
LOAD Util/rprintf.o
LOAD Util/stm32_eval_spi_sd.o
LOAD adc.o
LOAD gpio.o
LOAD i2c_int.o
LOAD interrupts.o
LOAD lib/CMSIS_CM3/core_cm3.o
LOAD lib/CMSIS_CM3/startup/gcc/startup_stm32f10x_md.o
LOAD lib/CMSIS_CM3/system_stm32f10x.o
LOAD main.o
LOAD pwr.o
LOAD timer.o
LOAD usart.o
LOAD watchdog.o
LOAD lib/STM32F10x_StdPeriph_Driver/libstm32fw.a
LOAD lib/STM32_USB-FS-Device_Driver/libstm32usb.a
LOAD /home/laurence/CodeSourcery/Sourcery_G++_Lite/bin/../lib/gcc/arm-none-eabi/4.5.2/../../../../arm-none-eabi/lib/thumb2/libm.a
START GROUP
LOAD /home/laurence/CodeSourcery/Sourcery_G++_Lite/bin/../lib/gcc/arm-none-eabi/4.5.2/thumb2/libgcc.a
LOAD /home/laurence/CodeSourcery/Sourcery_G++_Lite/bin/../lib/gcc/arm-none-eabi/4.5.2/../../../../arm-none-eabi/lib/thumb2/libc.a
END GROUP
LOAD /home/laurence/CodeSourcery/Sourcery_G++_Lite/bin/../lib/gcc/arm-none-eabi/4.5.2/thumb2/crtend.o
LOAD /home/laurence/CodeSourcery/Sourcery_G++_Lite/bin/../lib/gcc/arm-none-eabi/4.5.2/thumb2/crtn.o
START GROUP
LOAD /home/laurence/CodeSourcery/Sourcery_G++_Lite/bin/../lib/gcc/arm-none-eabi/4.5.2/thumb2/libgcc.a
LOAD /home/laurence/CodeSourcery/Sourcery_G++_Lite/bin/../lib/gcc/arm-none-eabi/4.5.2/../../../../arm-none-eabi/lib/thumb2/libc.a
LOAD /home/laurence/CodeSourcery/Sourcery_G++_Lite/bin/../lib/gcc/arm-none-eabi/4.5.2/../../../../arm-none-eabi/lib/thumb2/libcs3.a
LOAD /home/laurence/CodeSourcery/Sourcery_G++_Lite/bin/../lib/gcc/arm-none-eabi/4.5.2/../../../../arm-none-eabi/lib/thumb2/libcs3unhosted.a
LOAD lib/libcs3-lanchon-stm32.a
END GROUP
                0x20005000                PROVIDE (__cs3_stack, (__cs3_region_start_ram + __cs3_region_size_ram))
                0x20001000                PROVIDE (__cs3_heap_start, _end)
                0x20005000                PROVIDE (__cs3_heap_end, (__cs3_region_start_ram + __cs3_region_size_ram))

.text           0x08000000    0x1b9b0
 CREATE_OBJECT_SYMBOLS
                0x08000000                __cs3_region_start_rom = .
 *(.cs3.region-head.rom)
                0x08000000                __cs3_interrupt_vector = __cs3_interrupt_vector_lanchon_stm32
 *(.cs3.interrupt_vector)
 .cs3.interrupt_vector
                0x08000000       0xec lib/libcs3-lanchon-stm32.a(lanchon-stm32-vector.o)
                0x08000000                __cs3_interrupt_vector_lanchon_stm32
                0x08000001                ASSERT ((. != __cs3_interrupt_vector_lanchon_stm32), No interrupt vector)
 *(.rom)
 *(.rom.b)
                0x08013b04                PROVIDE (__cs3_reset_lanchon_stm32, _start)
                0x08013b04                __cs3_reset = __cs3_reset_lanchon_stm32
 *(.cs3.reset)
 *(.text .text.* .gnu.linkonce.t.*)
 .text          0x080000ec       0x30 /home/laurence/CodeSourcery/Sourcery_G++_Lite/bin/../lib/gcc/arm-none-eabi/4.5.2/thumb2/crtbegin.o
 *fill*         0x0800011c        0x4 00
 .text          0x08000120      0x598 Sensors/ppg_new.o
                0x08000120                PPG_LO_Filter
                0x080003c8                PPG_Automatic_Brightness_Control
                0x080005f0                PPG_correct_brightness
                0x08000680                PWM_Linear
 .text          0x080006b8      0x258 Sensors/pressure.o
                0x080006b8                calibrate_sensor
                0x08000704                conv_adc_diff
                0x0800073c                conv_diff
                0x0800076c                filterloop
 .text          0x08000910       0x50 Sensors/temperature.o
                0x08000910                convert_die_temp
                0x0800092c                convert_tmp102_temp
 .text          0x08000960      0x2a0 Util/USB/hw_config.o
                0x08000960                Set_System
                0x08000968                Set_USBClock
                0x08000980                Enter_LowPowerMode
                0x0800098c                Leave_LowPowerMode
                0x080009ac                USB_Interrupts_Config
                0x080009f0                Led_RW_ON
                0x08000a00                Led_RW_OFF
                0x08000a10                USB_Configured_LED
                0x08000a20                USB_NotConfigured_LED
                0x08000a30                USB_Cable_Config
                0x08000a34                Get_SerialNum
                0x08000bf8                MAL_Config
 .text          0x08000c00       0xe4 Util/USB/mass_mal.o
                0x08000c00                MAL_Init
                0x08000c4c                MAL_Write
                0x08000c70                MAL_Read
                0x08000c94                MAL_GetStatus
 .text          0x08000ce4      0x1d8 Util/USB/memory.o
                0x08000ce4                Read_Memory
                0x08000dc8                Write_Memory
 .text          0x08000ebc      0x628 Util/USB/usb_bot.o
                0x08000ebc                Mass_Storage_In
                0x08000f44                CBW_Decode
                0x080013a4                Mass_Storage_Out
                0x08001434                Transfer_Data_Request
                0x08001468                Set_CSW
                0x080014a4                Bot_Abort
 .text          0x080014e4        0x8 Util/USB/usb_endp.o
                0x080014e4                EP1_IN_Callback
                0x080014e8                EP2_OUT_Callback
 .text          0x080014ec       0xf0 Util/USB/usb_istr.o
                0x080014ec                USB_Istr
 .text          0x080015dc      0x268 Util/USB/usb_prop.o
                0x080015dc                Mass_Storage_SetDeviceAddress
                0x080015e8                MASS_Status_In
                0x080015ec                MASS_Status_Out
                0x080015f0                MASS_Get_Interface_Setting
                0x08001600                Get_Max_Lun
                0x08001618                MASS_Data_Setup
                0x0800165c                MASS_GetStringDescriptor
                0x0800167c                MASS_GetConfigDescriptor
                0x08001688                MASS_GetDeviceDescriptor
                0x08001694                MASS_NoData_Setup
                0x080016e4                Mass_Storage_SetConfiguration
                0x08001714                Mass_Storage_ClearFeature
                0x08001730                MASS_Reset
                0x08001820                MASS_init
 .text          0x08001844      0x1c8 Util/USB/usb_pwr.o
                0x08001844                PowerOn
                0x08001874                PowerOff
                0x08001898                Suspend
                0x080018dc                Resume_Init
                0x0800191c                Resume
 .text          0x08001a0c      0x460 Util/USB/usb_scsi.o
                0x08001a0c                SCSI_Inquiry_Cmd
                0x08001a44                SCSI_ReadFormatCapacity_Cmd
                0x08001ab8                SCSI_ReadCapacity10_Cmd
                0x08001b34                SCSI_ModeSense6_Cmd
                0x08001b40                SCSI_ModeSense10_Cmd
                0x08001b4c                SCSI_RequestSense_Cmd
                0x08001b64                Set_Scsi_Sense_Data
                0x08001b70                SCSI_Start_Stop_Unit_Cmd
                0x08001b78                SCSI_Read10_Cmd
                0x08001c28                SCSI_Write10_Cmd
                0x08001cd4                SCSI_Verify10_Cmd
                0x08001d14                SCSI_Valid_Cmd
                0x08001d4c                SCSI_TestUnitReady_Cmd
                0x08001d80                SCSI_Format_Cmd
                0x08001dac                SCSI_Invalid_Cmd
                0x08001de8                SCSI_Address_Management
 .text          0x08001e6c       0x84 Util/buffer.o
                0x08001e6c                Add_To_Buffer
                0x08001ea0                Get_From_Buffer
                0x08001ed4                Empty_Buffer
                0x08001edc                init_buffer
 .text          0x08001ef0       0x34 Util/delay.o
                0x08001ef0                Delay
 .text          0x08001f24      0x25c Util/fat_fs/option/cc932.o
                0x08001f24                ff_convert
                0x08002150                ff_wtoupper
 .text          0x08002180       0x48 Util/fat_fs/src/fattime.o
                0x08002180                get_fattime
 .text          0x080021c8     0x643c Util/fat_fs/src/ff.o
                0x08002ab0                clust2sect
                0x08002acc                get_fat
                0x08003070                put_fat
                0x08004e14                gen_numname
                0x08005aac                f_mount
                0x08005acc                f_open
                0x08005f38                f_read
                0x08006320                f_write
                0x08006754                f_sync
                0x0800692c                f_close
                0x0800693c                f_lseek
                0x08006b08                f_opendir
                0x08006b74                f_readdir
                0x08006be8                f_stat
                0x08006c30                f_getfree
                0x08006e94                f_truncate
                0x08007004                f_unlink
                0x0800711c                f_mkdir
                0x08007544                f_chmod
                0x080075a0                f_utime
                0x08007600                f_rename
                0x080078c0                f_gets
                0x080079dc                f_putc
                0x08007a00                f_puts
                0x08007a3c                f_printf
 .text          0x08008604      0x484 Util/fat_fs/src/rtc.o
                0x08008604                rtc_gettime
                0x08008784                my_RTC_SetCounter
                0x080087a8                rtc_settime
                0x080089dc                rtc_init
 .text          0x08008a88      0xf98 Util/fat_fs/src/sd_spi_stm32.o
                0x08008eb4                disk_initialize
                0x0800905c                disk_status
                0x0800906c                disk_read
                0x080091e8                disk_write
                0x08009388                disk_ioctl
                0x080099e4                disk_timerproc
 .text          0x08009a20     0x182c Util/rprintf.o
                0x08009a20                rprintfInit
                0x08009a2c                rprintfChar
                0x08009a54                rprintfStr
                0x08009a8c                rprintfStrLen
                0x08009c50                rprintfCRLF
                0x08009c68                rprintfu04
                0x08009c94                rprintfu08
                0x08009cdc                rprintfu16
                0x08009d78                rprintfu32
                0x08009ec4                rprintfNum
                0x0800a134                rprintfFloat
                0x0800a3f8                rprintf2RamRom
                0x0800b1f4                Isdigit
                0x0800b204                atoiRamRom
                0x0800b23c                rStrLen
 .text          0x0800b24c      0x240 adc.o
                0x0800b24c                ADC_Configuration
                0x0800b40c                readADC2
                0x0800b444                setADC2
                0x0800b464                getADC2
 .text          0x0800b48c      0x24c gpio.o
                0x0800b48c                setup_gpio
                0x0800b64c                switch_leds_on
                0x0800b674                switch_leds_off
                0x0800b69c                red_flash
                0x0800b6cc                get_wkup
 .text          0x0800b6d8      0x884 i2c_int.o
                0x0800b6d8                I2C1_EV_IRQHandler
                0x0800bc70                I2C1_Request_Job
                0x0800bcc4                I2C1_Setup_Job
                0x0800bcd8                I2C_Config
                0x0800be60                I2C1_ER_IRQHandler
 *fill*         0x0800bf5c        0x4 00
 .text          0x0800bf60      0x628 interrupts.o
                0x0800bf60                ISR_Config
                0x0800bfdc                EXTI_ONOFF_EN
                0x0800c03c                DMA_ISR_Config
                0x0800c060                SysTick_Configuration
                0x0800c098                EXTI0_IRQHandler
                0x0800c128                DMAChannel1_IRQHandler
                0x0800c1e0                ADC1_2_IRQHandler
                0x0800c274                SysTickHandler
                0x0800c56c                USB_HP_CAN_TX_IRQHandler
                0x0800c570                USB_LP_CAN_RX0_IRQHandler
                0x0800c574                NMIException
                0x0800c578                HardFaultException
                0x0800c57c                MemManageException
                0x0800c580                BusFaultException
                0x0800c584                UsageFaultException
 .text.Default_Handler
                0x0800c588        0x2 lib/CMSIS_CM3/startup/gcc/startup_stm32f10x_md.o
                0x0800c588                EXTI2_IRQHandler
                0x0800c588                DebugMon_Handler
                0x0800c588                TIM1_CC_IRQHandler
                0x0800c588                HardFault_Handler
                0x0800c588                SysTick_Handler
                0x0800c588                PVD_IRQHandler
                0x0800c588                PendSV_Handler
                0x0800c588                NMI_Handler
                0x0800c588                EXTI3_IRQHandler
                0x0800c588                I2C2_EV_IRQHandler
                0x0800c588                UsageFault_Handler
                0x0800c588                SPI1_IRQHandler
                0x0800c588                TAMPER_IRQHandler
                0x0800c588                DMA1_Channel4_IRQHandler
                0x0800c588                USART3_IRQHandler
                0x0800c588                RTC_IRQHandler
                0x0800c588                DMA1_Channel7_IRQHandler
                0x0800c588                CAN1_RX1_IRQHandler
                0x0800c588                TIM4_IRQHandler
                0x0800c588                DMA1_Channel6_IRQHandler
                0x0800c588                TIM3_IRQHandler
                0x0800c588                RCC_IRQHandler
                0x0800c588                TIM1_TRG_COM_IRQHandler
                0x0800c588                DMA1_Channel1_IRQHandler
                0x0800c588                Default_Handler
                0x0800c588                EXTI15_10_IRQHandler
                0x0800c588                EXTI9_5_IRQHandler
                0x0800c588                SPI2_IRQHandler
                0x0800c588                MemManage_Handler
                0x0800c588                SVC_Handler
                0x0800c588                DMA1_Channel5_IRQHandler
                0x0800c588                EXTI4_IRQHandler
                0x0800c588                USB_LP_CAN1_RX0_IRQHandler
                0x0800c588                USB_HP_CAN1_TX_IRQHandler
                0x0800c588                DMA1_Channel3_IRQHandler
                0x0800c588                TIM1_UP_IRQHandler
                0x0800c588                WWDG_IRQHandler
                0x0800c588                TIM2_IRQHandler
                0x0800c588                TIM1_BRK_IRQHandler
                0x0800c588                EXTI1_IRQHandler
                0x0800c588                RTCAlarm_IRQHandler
                0x0800c588                USART2_IRQHandler
                0x0800c588                I2C2_ER_IRQHandler
                0x0800c588                DMA1_Channel2_IRQHandler
                0x0800c588                CAN1_SCE_IRQHandler
                0x0800c588                FLASH_IRQHandler
                0x0800c588                BusFault_Handler
                0x0800c588                USART1_IRQHandler
                0x0800c588                USBWakeUp_IRQHandler
 *fill*         0x0800c58a        0x2 00
 .text          0x0800c58c       0xfc lib/CMSIS_CM3/system_stm32f10x.o
                0x0800c58c                SystemInit
 .text          0x0800c688      0x740 main.o
                0x0800c688                __str_print_char
                0x0800c6b4                __fat_print_char
                0x0800c6d4                main
                0x0800cd28                detect_sensors
 .text          0x0800cdc8       0x70 pwr.o
                0x0800cdc8                setuppwr
                0x0800cddc                shutdown
                0x0800cdec                disable_pin
                0x0800cdf4                shutdown_filesystem
 .text          0x0800ce38      0x20c timer.o
                0x0800ce38                setup_pwm
                0x0800cfb4                Tryfudge
                0x0800d000                Set_Motor
 .text          0x0800d044      0x110 usart.o
                0x0800d044                Usarts_Init
                0x0800d0f0                Default_Usart_Config
                0x0800d10c                Usart_Send_Str
                0x0800d138                __usart_send_char
 .text          0x0800d154       0x40 watchdog.o
                0x0800d154                Watchdog_Config
                0x0800d180                Watchdog_Reset_Detect
 .text          0x0800d194       0xb8 lib/STM32F10x_StdPeriph_Driver/libstm32fw.a(misc.o)
                0x0800d194                NVIC_PriorityGroupConfig
                0x0800d1a8                NVIC_Init
                0x0800d208                NVIC_SetVectorTable
                0x0800d21c                NVIC_SystemLPConfig
                0x0800d234                SysTick_CLKSourceConfig
 .text          0x0800d24c      0x380 lib/STM32F10x_StdPeriph_Driver/libstm32fw.a(stm32f10x_adc.o)
                0x0800d24c                ADC_DeInit
                0x0800d2a8                ADC_Init
                0x0800d2f4                ADC_StructInit
                0x0800d306                ADC_Cmd
                0x0800d31a                ADC_DMACmd
                0x0800d32e                ADC_ITConfig
                0x0800d342                ADC_ResetCalibration
                0x0800d34c                ADC_GetResetCalibrationStatus
                0x0800d354                ADC_StartCalibration
                0x0800d35e                ADC_GetCalibrationStatus
                0x0800d366                ADC_SoftwareStartConvCmd
                0x0800d37a                ADC_GetSoftwareStartConvStatus
                0x0800d382                ADC_DiscModeChannelCountConfig
                0x0800d392                ADC_DiscModeCmd
                0x0800d3a6                ADC_RegularChannelConfig
                0x0800d434                ADC_ExternalTrigConvCmd
                0x0800d448                ADC_GetConversionValue
                0x0800d44e                ADC_GetDualModeConversionValue
                0x0800d458                ADC_AutoInjectedConvCmd
                0x0800d46c                ADC_InjectedDiscModeCmd
                0x0800d480                ADC_ExternalTrigInjectedConvConfig
                0x0800d48e                ADC_ExternalTrigInjectedConvCmd
                0x0800d4a2                ADC_SoftwareStartInjectedConvCmd
                0x0800d4b6                ADC_GetSoftwareStartInjectedConvCmdStatus
                0x0800d4be                ADC_InjectedChannelConfig
                0x0800d51a                ADC_InjectedSequencerLengthConfig
                0x0800d52a                ADC_SetInjectedOffset
                0x0800d540                ADC_GetInjectedConversionValue
                0x0800d55a                ADC_AnalogWatchdogCmd
                0x0800d56c                ADC_AnalogWatchdogThresholdsConfig
                0x0800d572                ADC_AnalogWatchdogSingleChannelConfig
                0x0800d580                ADC_TempSensorVrefintCmd
                0x0800d59c                ADC_GetFlagStatus
                0x0800d5a8                ADC_ClearFlag
                0x0800d5ae                ADC_GetITStatus
                0x0800d5c4                ADC_ClearITPendingBit
 .text          0x0800d5cc       0xe0 lib/STM32F10x_StdPeriph_Driver/libstm32fw.a(stm32f10x_bkp.o)
                0x0800d5cc                BKP_DeInit
                0x0800d5de                BKP_TamperPinLevelConfig
                0x0800d5e8                BKP_TamperPinCmd
                0x0800d5f4                BKP_ITConfig
                0x0800d600                BKP_RTCOutputConfig
                0x0800d618                BKP_SetRTCCalibrationValue
                0x0800d630                BKP_WriteBackupRegister
                0x0800d64c                BKP_ReadBackupRegister
                0x0800d66c                BKP_GetFlagStatus
                0x0800d678                BKP_ClearFlag
                0x0800d68c                BKP_GetITStatus
                0x0800d698                BKP_ClearITPendingBit
 .text          0x0800d6ac       0x34 lib/STM32F10x_StdPeriph_Driver/libstm32fw.a(stm32f10x_dbgmcu.o)
                0x0800d6ac                DBGMCU_GetREVID
                0x0800d6b8                DBGMCU_GetDEVID
                0x0800d6c8                DBGMCU_Config
 .text          0x0800d6e0      0x1f0 lib/STM32F10x_StdPeriph_Driver/libstm32fw.a(stm32f10x_dma.o)
                0x0800d6e0                DMA_DeInit
                0x0800d7dc                DMA_Init
                0x0800d81c                DMA_StructInit
                0x0800d836                DMA_Cmd
                0x0800d84a                DMA_ITConfig
                0x0800d85c                DMA_GetCurrDataCounter
                0x0800d862                DMA_GetFlagStatus
                0x0800d880                DMA_ClearFlag
                0x0800d898                DMA_GetITStatus
                0x0800d8b8                DMA_ClearITPendingBit
 .text          0x0800d8d0      0x108 lib/STM32F10x_StdPeriph_Driver/libstm32fw.a(stm32f10x_exti.o)
                0x0800d8d0                EXTI_DeInit
                0x0800d8ec                EXTI_Init
                0x0800d970                EXTI_StructInit
                0x0800d97e                EXTI_GenerateSWInterrupt
                0x0800d990                EXTI_GetFlagStatus
                0x0800d9a4                EXTI_ClearFlag
                0x0800d9b0                EXTI_GetITStatus
                0x0800d9cc                EXTI_ClearITPendingBit
 .text          0x0800d9d8      0x278 lib/STM32F10x_StdPeriph_Driver/libstm32fw.a(stm32f10x_gpio.o)
                0x0800d9d8                GPIO_DeInit
                0x0800da84                GPIO_AFIODeInit
                0x0800da9a                GPIO_Init
                0x0800db32                GPIO_StructInit
                0x0800db42                GPIO_ReadInputDataBit
                0x0800db4e                GPIO_ReadInputData
                0x0800db54                GPIO_ReadOutputDataBit
                0x0800db60                GPIO_ReadOutputData
                0x0800db66                GPIO_SetBits
                0x0800db6a                GPIO_ResetBits
                0x0800db6e                GPIO_WriteBit
                0x0800db78                GPIO_Write
                0x0800db7c                GPIO_PinLockConfig
                0x0800db8c                GPIO_EventOutputConfig
                0x0800dbac                GPIO_EventOutputCmd
                0x0800dbb8                GPIO_PinRemapConfig
                0x0800dc10                GPIO_EXTILineConfig
                0x0800dc44                GPIO_ETH_MediaInterfaceConfig
 .text          0x0800dc50      0x3b4 lib/STM32F10x_StdPeriph_Driver/libstm32fw.a(stm32f10x_i2c.o)
                0x0800dc50                I2C_DeInit
                0x0800dc84                I2C_Init
                0x0800dd54                I2C_StructInit
                0x0800dd70                I2C_Cmd
                0x0800dd8a                I2C_DMACmd
                0x0800dda4                I2C_DMALastTransferCmd
                0x0800ddbe                I2C_GenerateSTART
                0x0800ddd8                I2C_GenerateSTOP
                0x0800ddf2                I2C_AcknowledgeConfig
                0x0800de0c                I2C_OwnAddress2Config
                0x0800de22                I2C_DualAddressCmd
                0x0800de3c                I2C_GeneralCallCmd
                0x0800de56                I2C_ITConfig
                0x0800de6c                I2C_SendData
                0x0800de70                I2C_ReceiveData
                0x0800de76                I2C_Send7bitAddress
                0x0800de86                I2C_ReadRegister
                0x0800de9e                I2C_SoftwareResetCmd
                0x0800deb6                I2C_SMBusAlertConfig
                0x0800ded4                I2C_TransmitPEC
                0x0800deee                I2C_PECPositionConfig
                0x0800df0c                I2C_CalculatePEC
                0x0800df26                I2C_GetPEC
                0x0800df2e                I2C_ARPCmd
                0x0800df48                I2C_StretchClockCmd
                0x0800df62                I2C_FastModeDutyCycleConfig
                0x0800df80                I2C_GetLastEvent
                0x0800df90                I2C_CheckEvent
                0x0800dfa8                I2C_GetFlagStatus
                0x0800dfdc                I2C_ClearFlag
                0x0800dfe2                I2C_GetITStatus
                0x0800dffe                I2C_ClearITPendingBit
 .text          0x0800e004       0x58 lib/STM32F10x_StdPeriph_Driver/libstm32fw.a(stm32f10x_iwdg.o)
                0x0800e004                IWDG_WriteAccessCmd
                0x0800e010                IWDG_SetPrescaler
                0x0800e01c                IWDG_SetReload
                0x0800e028                IWDG_ReloadCounter
                0x0800e038                IWDG_Enable
                0x0800e048                IWDG_GetFlagStatus
 .text          0x0800e05c       0xcc lib/STM32F10x_StdPeriph_Driver/libstm32fw.a(stm32f10x_pwr.o)
                0x0800e060                PWR_DeInit
                0x0800e07a                PWR_BackupAccessCmd
                0x0800e084                PWR_PVDCmd
                0x0800e090                PWR_PVDLevelConfig
                0x0800e0a4                PWR_WakeUpPinCmd
                0x0800e0b0                PWR_EnterSTOPMode
                0x0800e0dc                PWR_EnterSTANDBYMode
                0x0800e104                PWR_GetFlagStatus
                0x0800e118                PWR_ClearFlag
 .text          0x0800e128      0x360 lib/STM32F10x_StdPeriph_Driver/libstm32fw.a(stm32f10x_rcc.o)
                0x0800e128                RCC_DeInit
                0x0800e168                RCC_HSEConfig
                0x0800e1a0                RCC_AdjustHSICalibrationValue
                0x0800e1b4                RCC_HSICmd
                0x0800e1c0                RCC_PLLConfig
                0x0800e1d8                RCC_PLLCmd
                0x0800e1e4                RCC_SYSCLKConfig
                0x0800e1f8                RCC_GetSYSCLKSource
                0x0800e208                RCC_HCLKConfig
                0x0800e21c                RCC_PCLK1Config
                0x0800e230                RCC_PCLK2Config
                0x0800e244                RCC_ITConfig
                0x0800e25c                RCC_USBCLKConfig
                0x0800e268                RCC_ADCCLKConfig
                0x0800e27c                RCC_LSEConfig
                0x0800e29c                RCC_LSICmd
                0x0800e2a8                RCC_RTCCLKConfig
                0x0800e2b8                RCC_RTCCLKCmd
                0x0800e2c4                RCC_GetClocksFreq
                0x0800e368                RCC_AHBPeriphClockCmd
                0x0800e380                RCC_APB2PeriphClockCmd
                0x0800e398                RCC_APB1PeriphClockCmd
                0x0800e3b0                RCC_APB2PeriphResetCmd
                0x0800e3c8                RCC_APB1PeriphResetCmd
                0x0800e3e0                RCC_BackupResetCmd
                0x0800e3ec                RCC_ClockSecuritySystemCmd
                0x0800e3f8                RCC_MCOConfig
                0x0800e404                RCC_GetFlagStatus
                0x0800e42c                RCC_WaitForHSEStartUp
                0x0800e458                RCC_ClearFlag
                0x0800e468                RCC_GetITStatus
                0x0800e47c                RCC_ClearITPendingBit
 .text          0x0800e488      0x158 lib/STM32F10x_StdPeriph_Driver/libstm32fw.a(stm32f10x_rtc.o)
                0x0800e488                RTC_ITConfig
                0x0800e4a4                RTC_EnterConfigMode
                0x0800e4b8                RTC_ExitConfigMode
                0x0800e4cc                RTC_GetCounter
                0x0800e4e0                RTC_SetCounter
                0x0800e4fc                RTC_SetPrescaler
                0x0800e51c                RTC_SetAlarm
                0x0800e538                RTC_GetDivider
                0x0800e550                RTC_WaitForLastTask
                0x0800e560                RTC_WaitForSynchro
                0x0800e580                RTC_GetFlagStatus
                0x0800e594                RTC_ClearFlag
                0x0800e5a8                RTC_GetITStatus
                0x0800e5cc                RTC_ClearITPendingBit
 .text          0x0800e5e0      0x2d4 lib/STM32F10x_StdPeriph_Driver/libstm32fw.a(stm32f10x_spi.o)
                0x0800e5e0                SPI_I2S_DeInit
                0x0800e644                SPI_Init
                0x0800e684                I2S_Init
                0x0800e724                SPI_StructInit
                0x0800e73c                I2S_StructInit
                0x0800e74e                SPI_Cmd
                0x0800e768                I2S_Cmd
                0x0800e782                SPI_I2S_ITConfig
                0x0800e7a0                SPI_I2S_DMACmd
                0x0800e7b6                SPI_I2S_SendData
                0x0800e7ba                SPI_I2S_ReceiveData
                0x0800e7c0                SPI_NSSInternalSoftwareConfig
                0x0800e7e0                SPI_SSOutputCmd
                0x0800e7fa                SPI_DataSizeConfig
                0x0800e812                SPI_TransmitCRC
                0x0800e81e                SPI_CalculateCRC
                0x0800e838                SPI_GetCRC
                0x0800e848                SPI_GetCRCPolynomial
                0x0800e84e                SPI_BiDirectionalLineConfig
                0x0800e86c                SPI_I2S_GetFlagStatus
                0x0800e878                SPI_I2S_ClearFlag
                0x0800e87e                SPI_I2S_GetITStatus
                0x0800e8a4                SPI_I2S_ClearITPendingBit
 .text          0x0800e8b4      0xa80 lib/STM32F10x_StdPeriph_Driver/libstm32fw.a(stm32f10x_tim.o)
                0x0800e922                TIM_DeInit
                0x0800e9ec                TIM_TimeBaseInit
                0x0800ea28                TIM_OC1Init
                0x0800eaa8                TIM_OC2Init
                0x0800eb30                TIM_OC3Init
                0x0800ebb4                TIM_OC4Init
                0x0800ec18                TIM_BDTRConfig
                0x0800ec3a                TIM_TimeBaseStructInit
                0x0800ec4c                TIM_OCStructInit
                0x0800ec60                TIM_ICStructInit
                0x0800ec70                TIM_BDTRStructInit
                0x0800ec82                TIM_Cmd
                0x0800ec9c                TIM_CtrlPWMOutputs
                0x0800ecba                TIM_ITConfig
                0x0800ecd0                TIM_GenerateEvent
                0x0800ecd4                TIM_DMAConfig
                0x0800ecdc                TIM_DMACmd
                0x0800ecf2                TIM_InternalClockConfig
                0x0800ed00                TIM_ETRConfig
                0x0800ed16                TIM_ETRClockMode2Config
                0x0800ed2a                TIM_ETRClockMode1Config
                0x0800ed44                TIM_PrescalerConfig
                0x0800ed4a                TIM_CounterModeConfig
                0x0800ed5c                TIM_SelectInputTrigger
                0x0800ed6e                TIM_TIxExternalClockConfig
                0x0800ed9c                TIM_ITRxExternalClockConfig
                0x0800edb0                TIM_EncoderInterfaceConfig
                0x0800edee                TIM_ForcedOC1Config
                0x0800ee00                TIM_ForcedOC2Config
                0x0800ee12                TIM_ForcedOC3Config
                0x0800ee24                TIM_ForcedOC4Config
                0x0800ee36                TIM_ARRPreloadConfig
                0x0800ee50                TIM_SelectCOM
                0x0800ee6a                TIM_SelectCCDMA
                0x0800ee84                TIM_CCPreloadControl
                0x0800ee9e                TIM_OC1PreloadConfig
                0x0800eeb0                TIM_OC2PreloadConfig
                0x0800eec2                TIM_OC3PreloadConfig
                0x0800eed4                TIM_OC4PreloadConfig
                0x0800eee6                TIM_OC1FastConfig
                0x0800eef8                TIM_OC2FastConfig
                0x0800ef0a                TIM_OC3FastConfig
                0x0800ef1c                TIM_OC4FastConfig
                0x0800ef2e                TIM_ClearOC1Ref
                0x0800ef40                TIM_ClearOC2Ref
                0x0800ef4e                TIM_ClearOC3Ref
                0x0800ef60                TIM_ClearOC4Ref
                0x0800ef6e                TIM_OC1PolarityConfig
                0x0800ef80                TIM_OC1NPolarityConfig
                0x0800ef92                TIM_OC2PolarityConfig
                0x0800efa4                TIM_OC2NPolarityConfig
                0x0800efb6                TIM_OC3PolarityConfig
                0x0800efc8                TIM_OC3NPolarityConfig
                0x0800efda                TIM_OC4PolarityConfig
                0x0800efec                TIM_CCxCmd
                0x0800f00a                TIM_CCxNCmd
                0x0800f028                TIM_SelectOCxM
                0x0800f074                TIM_UpdateDisableConfig
                0x0800f08e                TIM_UpdateRequestConfig
                0x0800f0a8                TIM_SelectHallSensor
                0x0800f0c2                TIM_SelectOnePulseMode
                0x0800f0da                TIM_SelectOutputTrigger
                0x0800f0f2                TIM_SelectSlaveMode
                0x0800f10a                TIM_SelectMasterSlaveMode
                0x0800f122                TIM_SetCounter
                0x0800f126                TIM_SetAutoreload
                0x0800f12a                TIM_SetCompare1
                0x0800f12e                TIM_SetCompare2
                0x0800f132                TIM_SetCompare3
                0x0800f136                TIM_SetCompare4
                0x0800f13c                TIM_SetIC1Prescaler
                0x0800f154                TIM_SetIC2Prescaler
                0x0800f16c                TIM_PWMIConfig
                0x0800f1d8                TIM_SetIC3Prescaler
                0x0800f1f0                TIM_SetIC4Prescaler
                0x0800f208                TIM_ICInit
                0x0800f2cc                TIM_SetClockDivision
                0x0800f2de                TIM_GetCapture1
                0x0800f2e4                TIM_GetCapture2
                0x0800f2ea                TIM_GetCapture3
                0x0800f2f0                TIM_GetCapture4
                0x0800f2f8                TIM_GetCounter
                0x0800f2fe                TIM_GetPrescaler
                0x0800f304                TIM_GetFlagStatus
                0x0800f310                TIM_ClearFlag
                0x0800f316                TIM_GetITStatus
                0x0800f32c                TIM_ClearITPendingBit
 .text          0x0800f334      0x374 lib/STM32F10x_StdPeriph_Driver/libstm32fw.a(stm32f10x_usart.o)
                0x0800f334                USART_DeInit
                0x0800f3cc                USART_Init
                0x0800f45c                USART_StructInit
                0x0800f472                USART_ClockInit
                0x0800f498                USART_ClockStructInit
                0x0800f4a4                USART_Cmd
                0x0800f4be                USART_ITConfig
                0x0800f4f4                USART_DMACmd
                0x0800f50a                USART_SetAddress
                0x0800f522                USART_WakeUpConfig
                0x0800f53a                USART_ReceiverWakeUpCmd
                0x0800f554                USART_LINBreakDetectLengthConfig
                0x0800f56c                USART_LINCmd
                0x0800f586                USART_SendData
                0x0800f58e                USART_ReceiveData
                0x0800f596                USART_SendBreak
                0x0800f5a2                USART_SetGuardTime
                0x0800f5b4                USART_SetPrescaler
                0x0800f5c8                USART_SmartCardCmd
                0x0800f5e2                USART_SmartCardNACKCmd
                0x0800f5fc                USART_HalfDuplexCmd
                0x0800f616                USART_IrDAConfig
                0x0800f62e                USART_IrDACmd
                0x0800f648                USART_GetFlagStatus
                0x0800f654                USART_ClearFlag
                0x0800f65a                USART_GetITStatus
                0x0800f69a                USART_ClearITPendingBit
 .text          0x0800f6a8      0xa54 lib/STM32_USB-FS-Device_Driver/libstm32usb.a(usb_core.o)
                0x0800f6a8                Standard_GetConfiguration
                0x0800f6d0                Standard_GetInterface
                0x0800f6f8                Standard_GetStatus
                0x0800f86c                Standard_SetConfiguration
                0x0800f8a8                Standard_SetInterface
                0x0800f8f8                Standard_ClearFeature
                0x0800f9f4                Standard_SetEndPointFeature
                0x0800faa8                Standard_SetDeviceFeature
                0x0800facc                Standard_GetDescriptorData
                0x0800fae8                Post0_Process
                0x0800fb30                Out0_Process
                0x0800fc0c                Setup0_Process
                0x0800ffdc                SetDeviceAddress
                0x08010098                In0_Process
                0x080100f8                NOP_Process
 .text          0x080100fc       0x38 lib/STM32_USB-FS-Device_Driver/libstm32usb.a(usb_init.o)
                0x080100fc                USB_Init
 .text          0x08010134      0x25c lib/STM32_USB-FS-Device_Driver/libstm32usb.a(usb_int.o)
                0x08010134                CTR_LP
                0x080102fc                CTR_HP
 .text          0x08010390       0xb8 lib/STM32_USB-FS-Device_Driver/libstm32usb.a(usb_mem.o)
                0x08010390                UserToPMABufferCopy
                0x080103f8                PMAToUserBufferCopy
 .text          0x08010448      0x880 lib/STM32_USB-FS-Device_Driver/libstm32usb.a(usb_regs.o)
                0x08010448                SetCNTR
                0x08010454                GetCNTR
                0x08010460                SetISTR
                0x0801046c                GetISTR
                0x08010478                GetFNR
                0x08010484                SetDADDR
                0x08010490                GetDADDR
                0x0801049c                SetBTABLE
                0x080104b0                GetBTABLE
                0x080104bc                SetENDPOINT
                0x080104cc                GetENDPOINT
                0x080104dc                SetEPType
                0x080104f8                GetEPType
                0x0801050c                SetEPTxStatus
                0x0801054c                SetEPRxStatus
                0x0801058c                SetDouBleBuffEPStall
                0x080105b4                GetEPTxStatus
                0x080105c8                GetEPRxStatus
                0x080105dc                SetEPTxValid
                0x08010600                SetEPRxValid
                0x08010624                SetEP_KIND
                0x08010644                ClearEP_KIND
                0x08010664                Clear_Status_Out
                0x08010684                Set_Status_Out
                0x080106a4                SetEPDoubleBuff
                0x080106c4                ClearEPDoubleBuff
                0x080106e4                GetTxStallStatus
                0x08010704                GetRxStallStatus
                0x08010724                ClearEP_CTR_RX
                0x0801073c                ClearEP_CTR_TX
                0x08010754                ToggleDTOG_RX
                0x08010774                ToggleDTOG_TX
                0x08010794                ClearDTOG_RX
                0x080107bc                ClearDTOG_TX
                0x080107e4                SetEPAddress
                0x08010808                GetEPAddress
                0x0801081c                SetEPTxAddr
                0x08010840                SetEPRxAddr
                0x08010868                GetEPTxAddr
                0x08010888                GetEPRxAddr
                0x080108a8                SetEPTxCount
                0x080108c8                SetEPCountRxReg
                0x080108f4                SetEPRxCount
                0x0801093c                GetEPTxCount
                0x08010960                GetEPRxCount
                0x08010984                SetEPDblBuffAddr
                0x080109cc                SetEPDblBuf0Addr
                0x080109f0                SetEPDblBuf1Addr
                0x08010a18                GetEPDblBuf0Addr
                0x08010a38                GetEPDblBuf1Addr
                0x08010a58                SetEPDblBuffCount
                0x08010b04                SetEPDblBuf0Count
                0x08010b6c                SetEPDblBuf1Count
                0x08010bd4                GetEPDblBuf0Count
                0x08010bf8                GetEPDblBuf1Count
                0x08010c1c                GetEPDblBufDir
                0x08010c64                FreeUserBuffer
                0x08010cb4                ToWord
                0x08010cbc                ByteSwap
 .text          0x08010cc8       0x6c lib/STM32_USB-FS-Device_Driver/libstm32usb.a(usb_sil.o)
                0x08010cc8                USB_SIL_Init
                0x08010ce8                USB_SIL_Write
                0x08010d10                USB_SIL_Read
 .text          0x08010d34       0x78 /home/laurence/CodeSourcery/Sourcery_G++_Lite/bin/../lib/gcc/arm-none-eabi/4.5.2/../../../../arm-none-eabi/lib/thumb2/libm.a(lib_a-sf_sin.o)
                0x08010d34                sinf
 .text          0x08010dac       0xa8 /home/laurence/CodeSourcery/Sourcery_G++_Lite/bin/../lib/gcc/arm-none-eabi/4.5.2/../../../../arm-none-eabi/lib/thumb2/libm.a(lib_a-wf_asin.o)
                0x08010dac                asinf
 .text          0x08010e54       0xa4 /home/laurence/CodeSourcery/Sourcery_G++_Lite/bin/../lib/gcc/arm-none-eabi/4.5.2/../../../../arm-none-eabi/lib/thumb2/libm.a(lib_a-wf_sqrt.o)
                0x08010e54                sqrtf
 .text          0x08010ef8      0x318 /home/laurence/CodeSourcery/Sourcery_G++_Lite/bin/../lib/gcc/arm-none-eabi/4.5.2/../../../../arm-none-eabi/lib/thumb2/libm.a(lib_a-ef_asin.o)
                0x08010ef8                __ieee754_asinf
 .text          0x08011210      0x358 /home/laurence/CodeSourcery/Sourcery_G++_Lite/bin/../lib/gcc/arm-none-eabi/4.5.2/../../../../arm-none-eabi/lib/thumb2/libm.a(lib_a-ef_rem_pio2.o)
                0x08011210                __ieee754_rem_pio2f
 .text          0x08011568       0xb0 /home/laurence/CodeSourcery/Sourcery_G++_Lite/bin/../lib/gcc/arm-none-eabi/4.5.2/../../../../arm-none-eabi/lib/thumb2/libm.a(lib_a-ef_sqrt.o)
                0x08011568                __ieee754_sqrtf
 .text          0x08011618      0x1b8 /home/laurence/CodeSourcery/Sourcery_G++_Lite/bin/../lib/gcc/arm-none-eabi/4.5.2/../../../../arm-none-eabi/lib/thumb2/libm.a(lib_a-kf_cos.o)
                0x08011618                __kernel_cosf
 .text          0x080117d0      0x63c /home/laurence/CodeSourcery/Sourcery_G++_Lite/bin/../lib/gcc/arm-none-eabi/4.5.2/../../../../arm-none-eabi/lib/thumb2/libm.a(lib_a-kf_rem_pio2.o)
                0x080117d0                __kernel_rem_pio2f
 .text          0x08011e0c      0x100 /home/laurence/CodeSourcery/Sourcery_G++_Lite/bin/../lib/gcc/arm-none-eabi/4.5.2/../../../../arm-none-eabi/lib/thumb2/libm.a(lib_a-kf_sin.o)
                0x08011e0c                __kernel_sinf
 .text          0x08011f0c        0x4 /home/laurence/CodeSourcery/Sourcery_G++_Lite/bin/../lib/gcc/arm-none-eabi/4.5.2/../../../../arm-none-eabi/lib/thumb2/libm.a(lib_a-s_matherr.o)
                0x08011f0c                matherr
 .text          0x08011f10        0xc /home/laurence/CodeSourcery/Sourcery_G++_Lite/bin/../lib/gcc/arm-none-eabi/4.5.2/../../../../arm-none-eabi/lib/thumb2/libm.a(lib_a-s_nan.o)
                0x08011f10                nan
 .text          0x08011f1c        0x8 /home/laurence/CodeSourcery/Sourcery_G++_Lite/bin/../lib/gcc/arm-none-eabi/4.5.2/../../../../arm-none-eabi/lib/thumb2/libm.a(lib_a-sf_fabs.o)
                0x08011f1c                fabsf
 .text          0x08011f24       0xa0 /home/laurence/CodeSourcery/Sourcery_G++_Lite/bin/../lib/gcc/arm-none-eabi/4.5.2/../../../../arm-none-eabi/lib/thumb2/libm.a(lib_a-sf_floor.o)
                0x08011f24                floorf
 .text          0x08011fc4       0x7c /home/laurence/CodeSourcery/Sourcery_G++_Lite/bin/../lib/gcc/arm-none-eabi/4.5.2/../../../../arm-none-eabi/lib/thumb2/libm.a(lib_a-sf_fpclassify.o)
                0x08011fc4                __fpclassifyf
 .text          0x08012040       0xc0 /home/laurence/CodeSourcery/Sourcery_G++_Lite/bin/../lib/gcc/arm-none-eabi/4.5.2/../../../../arm-none-eabi/lib/thumb2/libm.a(lib_a-sf_scalbn.o)
                0x08012040                scalbnf
 .text          0x08012100       0x10 /home/laurence/CodeSourcery/Sourcery_G++_Lite/bin/../lib/gcc/arm-none-eabi/4.5.2/../../../../arm-none-eabi/lib/thumb2/libm.a(lib_a-sf_copysign.o)
                0x08012100                copysignf
 .text          0x08012110      0x370 /home/laurence/CodeSourcery/Sourcery_G++_Lite/bin/../lib/gcc/arm-none-eabi/4.5.2/thumb2/libgcc.a(_arm_addsubdf3.o)
                0x08012110                __aeabi_drsub
                0x08012118                __aeabi_dsub
                0x08012118                __subdf3
                0x0801211c                __adddf3
                0x0801211c                __aeabi_dadd
                0x08012394                __aeabi_ui2d
                0x08012394                __floatunsidf
                0x080123b4                __floatsidf
                0x080123b4                __aeabi_i2d
                0x080123d8                __extendsfdf2
                0x080123d8                __aeabi_f2d
                0x08012414                __aeabi_ul2d
                0x08012414                __floatundidf
                0x08012424                __floatdidf
                0x08012424                __aeabi_l2d
 .text          0x08012480      0x424 /home/laurence/CodeSourcery/Sourcery_G++_Lite/bin/../lib/gcc/arm-none-eabi/4.5.2/thumb2/libgcc.a(_arm_muldivdf3.o)
                0x08012480                __aeabi_dmul
                0x08012480                __muldf3
                0x080126d4                __aeabi_ddiv
                0x080126d4                __divdf3
 .text          0x080128a4      0x110 /home/laurence/CodeSourcery/Sourcery_G++_Lite/bin/../lib/gcc/arm-none-eabi/4.5.2/thumb2/libgcc.a(_arm_cmpdf2.o)
                0x080128a4                __gtdf2
                0x080128a4                __gedf2
                0x080128ac                __ltdf2
                0x080128ac                __ledf2
                0x080128b4                __cmpdf2
                0x080128b4                __eqdf2
                0x080128b4                __nedf2
                0x08012930                __aeabi_cdrcmple
                0x08012940                __aeabi_cdcmple
                0x08012940                __aeabi_cdcmpeq
                0x08012950                __aeabi_dcmpeq
                0x08012964                __aeabi_dcmplt
                0x08012978                __aeabi_dcmple
                0x0801298c                __aeabi_dcmpge
                0x080129a0                __aeabi_dcmpgt
 .text          0x080129b4       0x50 /home/laurence/CodeSourcery/Sourcery_G++_Lite/bin/../lib/gcc/arm-none-eabi/4.5.2/thumb2/libgcc.a(_arm_fixdfsi.o)
                0x080129b4                __fixdfsi
                0x080129b4                __aeabi_d2iz
 .text          0x08012a04       0x40 /home/laurence/CodeSourcery/Sourcery_G++_Lite/bin/../lib/gcc/arm-none-eabi/4.5.2/thumb2/libgcc.a(_arm_fixunsdfsi.o)
                0x08012a04                __fixunsdfsi
                0x08012a04                __aeabi_d2uiz
 .text          0x08012a44       0xa0 /home/laurence/CodeSourcery/Sourcery_G++_Lite/bin/../lib/gcc/arm-none-eabi/4.5.2/thumb2/libgcc.a(_arm_truncdfsf2.o)
                0x08012a44                __aeabi_d2f
                0x08012a44                __truncdfsf2
 .text          0x08012ae4      0x21c /home/laurence/CodeSourcery/Sourcery_G++_Lite/bin/../lib/gcc/arm-none-eabi/4.5.2/thumb2/libgcc.a(_arm_addsubsf3.o)
                0x08012ae4                __aeabi_frsub
                0x08012aec                __subsf3
                0x08012aec                __aeabi_fsub
                0x08012af0                __aeabi_fadd
                0x08012af0                __addsf3
                0x08012c50                __aeabi_ui2f
                0x08012c50                __floatunsisf
                0x08012c58                __aeabi_i2f
                0x08012c58                __floatsisf
                0x08012c74                __floatundisf
                0x08012c74                __aeabi_ul2f
                0x08012c84                __floatdisf
                0x08012c84                __aeabi_l2f
 .text          0x08012d00      0x2a0 /home/laurence/CodeSourcery/Sourcery_G++_Lite/bin/../lib/gcc/arm-none-eabi/4.5.2/thumb2/libgcc.a(_arm_muldivsf3.o)
                0x08012d00                __mulsf3
                0x08012d00                __aeabi_fmul
                0x08012e68                __divsf3
                0x08012e68                __aeabi_fdiv
 .text          0x08012fa0       0xec /home/laurence/CodeSourcery/Sourcery_G++_Lite/bin/../lib/gcc/arm-none-eabi/4.5.2/thumb2/libgcc.a(_arm_cmpsf2.o)
                0x08012fa0                __gtsf2
                0x08012fa0                __gesf2
                0x08012fa8                __lesf2
                0x08012fa8                __ltsf2
                0x08012fb0                __nesf2
                0x08012fb0                __eqsf2
                0x08012fb0                __cmpsf2
                0x08013010                __aeabi_cfrcmple
                0x08013018                __aeabi_cfcmple
                0x08013018                __aeabi_cfcmpeq
                0x08013028                __aeabi_fcmpeq
                0x0801303c                __aeabi_fcmplt
                0x08013050                __aeabi_fcmple
                0x08013064                __aeabi_fcmpge
                0x08013078                __aeabi_fcmpgt
 .text          0x0801308c       0x4c /home/laurence/CodeSourcery/Sourcery_G++_Lite/bin/../lib/gcc/arm-none-eabi/4.5.2/thumb2/libgcc.a(_arm_fixsfsi.o)
                0x0801308c                __fixsfsi
                0x0801308c                __aeabi_f2iz
 .text          0x080130d8       0x40 /home/laurence/CodeSourcery/Sourcery_G++_Lite/bin/../lib/gcc/arm-none-eabi/4.5.2/thumb2/libgcc.a(_arm_fixunssfsi.o)
                0x080130d8                __aeabi_f2uiz
                0x080130d8                __fixunssfsi
 .text          0x08013118        0xc /home/laurence/CodeSourcery/Sourcery_G++_Lite/bin/../lib/gcc/arm-none-eabi/4.5.2/../../../../arm-none-eabi/lib/thumb2/libc.a(lib_a-errno.o)
                0x08013118                __errno
 .text          0x08013124       0x20 /home/laurence/CodeSourcery/Sourcery_G++_Lite/bin/../lib/gcc/arm-none-eabi/4.5.2/../../../../arm-none-eabi/lib/thumb2/libc.a(lib_a-malloc.o)
                0x08013124                malloc
                0x08013134                free
 .text          0x08013144      0x57c /home/laurence/CodeSourcery/Sourcery_G++_Lite/bin/../lib/gcc/arm-none-eabi/4.5.2/../../../../arm-none-eabi/lib/thumb2/libc.a(lib_a-mallocr.o)
                0x08013144                _malloc_r
 .text          0x080136c0       0xb4 /home/laurence/CodeSourcery/Sourcery_G++_Lite/bin/../lib/gcc/arm-none-eabi/4.5.2/../../../../arm-none-eabi/lib/thumb2/libc.a(lib_a-memset.o)
                0x080136c0                memset
 .text          0x08013774        0x8 /home/laurence/CodeSourcery/Sourcery_G++_Lite/bin/../lib/gcc/arm-none-eabi/4.5.2/../../../../arm-none-eabi/lib/thumb2/libc.a(lib_a-mlock.o)
                0x08013774                __malloc_lock
                0x08013778                __malloc_unlock
 .text          0x0801377c       0x28 /home/laurence/CodeSourcery/Sourcery_G++_Lite/bin/../lib/gcc/arm-none-eabi/4.5.2/../../../../arm-none-eabi/lib/thumb2/libc.a(lib_a-sbrkr.o)
                0x0801377c                _sbrk_r
 .text          0x080137a4       0x60 /home/laurence/CodeSourcery/Sourcery_G++_Lite/bin/../lib/gcc/arm-none-eabi/4.5.2/../../../../arm-none-eabi/lib/thumb2/libc.a(lib_a-strlen.o)
                0x080137a4                strlen
 .text          0x08013804      0x240 /home/laurence/CodeSourcery/Sourcery_G++_Lite/bin/../lib/gcc/arm-none-eabi/4.5.2/../../../../arm-none-eabi/lib/thumb2/libc.a(lib_a-freer.o)
                0x08013804                _malloc_trim_r
                0x080138ac                _free_r
 .text          0x08013a44       0x30 /home/laurence/CodeSourcery/Sourcery_G++_Lite/bin/../lib/gcc/arm-none-eabi/4.5.2/../../../../arm-none-eabi/lib/thumb2/libcs3.a(start_c.o)
                0x08013a44                __cs3_premain
 .text.cs3.init
                0x08013a74       0x50 /home/laurence/CodeSourcery/Sourcery_G++_Lite/bin/../lib/gcc/arm-none-eabi/4.5.2/../../../../arm-none-eabi/lib/thumb2/libcs3.a(start_c.o)
                0x08013a74                __cs3_start_c
 .text          0x08013ac4       0x40 /home/laurence/CodeSourcery/Sourcery_G++_Lite/bin/../lib/gcc/arm-none-eabi/4.5.2/../../../../arm-none-eabi/lib/thumb2/libcs3unhosted.a(unhosted-sbrk.o)
                0x08013ac4                _sbrk
 .text.cs3.init
                0x08013b04       0x10 /home/laurence/CodeSourcery/Sourcery_G++_Lite/bin/../lib/gcc/arm-none-eabi/4.5.2/../../../../arm-none-eabi/lib/thumb2/libcs3unhosted.a(unhosted-start.o)
                0x08013b04                _start
 .text          0x08013b14        0x2 lib/libcs3-lanchon-stm32.a(lanchon_stm32_isr_interrupt.o)
                0x08013b14                DMAChannel7_IRQHandler
                0x08013b14                DebugMonitor
                0x08013b14                SVCHandler
                0x08013b14                __STM32ReservedException8
                0x08013b14                __STM32DefaultExceptionHandler
                0x08013b14                CAN_SCE_IRQHandler
                0x08013b14                __STM32ReservedException10
                0x08013b14                __STM32ReservedException13
                0x08013b14                DMAChannel4_IRQHandler
                0x08013b14                PendSVC
                0x08013b14                CAN_RX1_IRQHandler
                0x08013b14                ADC_IRQHandler
                0x08013b14                DMAChannel5_IRQHandler
                0x08013b14                DMAChannel2_IRQHandler
                0x08013b14                __STM32ReservedException7
                0x08013b14                DMAChannel6_IRQHandler
                0x08013b14                DMAChannel3_IRQHandler
                0x08013b14                __STM32ReservedException9
 *fill*         0x08013b16        0x2 00
 .text          0x08013b18       0x50 /home/laurence/CodeSourcery/Sourcery_G++_Lite/bin/../lib/gcc/arm-none-eabi/4.5.2/../../../../arm-none-eabi/lib/thumb2/libc.a(lib_a-init.o)
                0x08013b18                __libc_init_array
 *(.plt)
 *(.gnu.warning)
 *(.glue_7t)
 .glue_7t       0x00000000        0x0 linker stubs
 *(.glue_7)
 .glue_7        0x00000000        0x0 linker stubs
 *(.vfp11_veneer)
 .vfp11_veneer  0x00000000        0x0 linker stubs
 *(.rodata .rodata.* .gnu.linkonce.r.*)
 .rodata        0x08013b68       0x90 Sensors/ppg_new.o
 .rodata        0x08013bf8       0xac Util/USB/usb_desc.o
                0x08013bf8                MASS_DeviceDescriptor
                0x08013c0c                MASS_ConfigDescriptor
                0x08013c2c                MASS_StringLangID
                0x08013c30                MASS_StringVendor
                0x08013c64                MASS_StringProduct
                0x08013c94                MASS_StringInterface
 .rodata        0x08013ca4     0x7738 Util/fat_fs/option/cc932.o
 .rodata.str1.4
                0x0801b3dc       0x13 Util/fat_fs/src/ff.o
                                 0x14 (size before relaxing)
 *fill*         0x0801b3ef        0x1 00
 .rodata        0x0801b3f0        0xc Util/fat_fs/src/rtc.o
 .rodata        0x0801b3fc       0x14 Util/rprintf.o
 .rodata.str1.4
                0x0801b410       0x1a Util/rprintf.o
                                 0x1c (size before relaxing)
 *fill*         0x0801b42a        0x2 00
 .rodata        0x0801b42c        0x4 i2c_int.o
                0x0801b42c                TMP102_setup
 .rodata.str1.4
                0x0801b430       0x10 interrupts.o
 .rodata        0x0801b440       0x14 lib/CMSIS_CM3/system_stm32f10x.o
                0x0801b440                SystemFrequency
                0x0801b444                SystemFrequency_SysClk
                0x0801b448                SystemFrequency_AHBClk
                0x0801b44c                SystemFrequency_APB1Clk
                0x0801b450                SystemFrequency_APB2Clk
 .rodata.str1.4
                0x0801b454       0xcd main.o
                                 0xd4 (size before relaxing)
 *fill*         0x0801b521        0x3 00
 .rodata.str1.4
                0x0801b524       0x16 pwr.o
                                 0x18 (size before relaxing)
 *fill*         0x0801b53a        0x2 00
 .rodata.str1.4
                0x0801b53c        0x6 /home/laurence/CodeSourcery/Sourcery_G++_Lite/bin/../lib/gcc/arm-none-eabi/4.5.2/../../../../arm-none-eabi/lib/thumb2/libm.a(lib_a-wf_asin.o)
                                  0xc (size before relaxing)
 *fill*         0x0801b542        0x2 00
 .rodata.str1.4
                0x0801b544        0x8 /home/laurence/CodeSourcery/Sourcery_G++_Lite/bin/../lib/gcc/arm-none-eabi/4.5.2/../../../../arm-none-eabi/lib/thumb2/libm.a(lib_a-wf_sqrt.o)
 .rodata        0x0801b54c      0x398 /home/laurence/CodeSourcery/Sourcery_G++_Lite/bin/../lib/gcc/arm-none-eabi/4.5.2/../../../../arm-none-eabi/lib/thumb2/libm.a(lib_a-ef_rem_pio2.o)
 .rodata        0x0801b8e4       0x38 /home/laurence/CodeSourcery/Sourcery_G++_Lite/bin/../lib/gcc/arm-none-eabi/4.5.2/../../../../arm-none-eabi/lib/thumb2/libm.a(lib_a-kf_rem_pio2.o)
 .rodata        0x0801b91c       0x60 /home/laurence/CodeSourcery/Sourcery_G++_Lite/bin/../lib/gcc/arm-none-eabi/4.5.2/../../../../arm-none-eabi/lib/thumb2/libc.a(lib_a-findfp.o)
                0x0801b91c                __sf_fake_stdin
                0x0801b93c                __sf_fake_stdout
                0x0801b95c                __sf_fake_stderr
 .rodata.str1.4
                0x00000000        0x4 /home/laurence/CodeSourcery/Sourcery_G++_Lite/bin/../lib/gcc/arm-none-eabi/4.5.2/../../../../arm-none-eabi/lib/thumb2/libc.a(lib_a-impure.o)
 *(.ARM.extab* .gnu.linkonce.armextab.*)
 *(.gcc_except_table)
 *(.eh_frame_hdr)
 *(.eh_frame)
                0x0801b97c                . = ALIGN (0x4)
 *(.init)
 .init          0x0801b97c        0x4 /home/laurence/CodeSourcery/Sourcery_G++_Lite/bin/../lib/gcc/arm-none-eabi/4.5.2/thumb2/crti.o
                0x0801b97c                _init
 .init          0x0801b980        0x8 /home/laurence/CodeSourcery/Sourcery_G++_Lite/bin/../lib/gcc/arm-none-eabi/4.5.2/thumb2/crtn.o
                0x0801b988                . = ALIGN (0x4)
                0x0801b988                _sidata = .
                0x0801b988                __preinit_array_start = .
 *(.preinit_array)
                0x0801b988                __preinit_array_end = .
                0x0801b988                . = ALIGN (0x4)
                0x0801b988                __init_array_start = .
 *(SORT(.init_array.*))
 *(.init_array)
 .init_array    0x0801b988        0x4 /home/laurence/CodeSourcery/Sourcery_G++_Lite/bin/../lib/gcc/arm-none-eabi/4.5.2/thumb2/crtbegin.o
                0x0801b98c                __init_array_end = .
                0x0801b98c                . = ALIGN (0x4)
 *crtbegin.o(.ctors)
 *(EXCLUDE_FILE(*crtend.o) .ctors)
 *(SORT(.ctors.*))
 *crtend.o(.ctors)
                0x0801b98c                . = ALIGN (0x4)
 *(.fini)
 .fini          0x0801b98c        0x4 /home/laurence/CodeSourcery/Sourcery_G++_Lite/bin/../lib/gcc/arm-none-eabi/4.5.2/thumb2/crti.o
                0x0801b98c                _fini
 .fini          0x0801b990        0x8 /home/laurence/CodeSourcery/Sourcery_G++_Lite/bin/../lib/gcc/arm-none-eabi/4.5.2/thumb2/crtn.o
                0x0801b998                . = ALIGN (0x4)
                0x0801b998                __fini_array_start = .
 *(.fini_array)
 .fini_array    0x0801b998        0x4 /home/laurence/CodeSourcery/Sourcery_G++_Lite/bin/../lib/gcc/arm-none-eabi/4.5.2/thumb2/crtbegin.o
 *(SORT(.fini_array.*))
                0x0801b99c                __fini_array_end = .
 *crtbegin.o(.dtors)
 *(EXCLUDE_FILE(*crtend.o) .dtors)
 *(SORT(.dtors.*))
 *crtend.o(.dtors)
                0x0801b99c                . = ALIGN (0x4)
                0x0801b99c                __cs3_regions = .
                0x0801b99c        0x4 LONG 0x0
                0x0801b9a0        0x4 LONG 0x801b9b0 __cs3_region_init_ram
                0x0801b9a4        0x4 LONG 0x20000000 __cs3_region_start_ram
                0x0801b9a8        0x4 LONG 0x698 __cs3_region_init_size_ram
                0x0801b9ac        0x4 LONG 0x968 __cs3_region_zero_size_ram
                0x0801b9b0                __exidx_start = .

.v4_bx          0x0801b9b0        0x0
 .v4_bx         0x00000000        0x0 linker stubs

.ARM.exidx
 *(.ARM.exidx* .gnu.linkonce.armexidx.*)
                0x0801b9b0                __exidx_end = .

.text.align     0x0801b9b0        0x0
                0x0801b9b0                . = ALIGN (0x8)
                0x0801b9b0                _etext = .
                0x08020000                __cs3_region_end_rom = (__cs3_region_start_rom + 0x20000)
                0x00020000                __cs3_region_size_rom = 0x20000
                0x00000001                __cs3_region_num = 0x1

.data           0x20000000      0x698 load address 0x0801b9b0
                0x20000000                __cs3_region_start_ram = .
                0x20000000                _sdata = .
 *(.cs3.region-head.ram)
 *(.jcr)
 .jcr           0x20000000        0x0 /home/laurence/CodeSourcery/Sourcery_G++_Lite/bin/../lib/gcc/arm-none-eabi/4.5.2/thumb2/crtbegin.o
 .jcr           0x20000000        0x4 /home/laurence/CodeSourcery/Sourcery_G++_Lite/bin/../lib/gcc/arm-none-eabi/4.5.2/thumb2/crtend.o
 *(.got.plt)
 *(.got)
 *(.shdata)
 *(.data .data.* .gnu.linkonce.d.*)
 .data          0x20000004       0x74 Util/USB/scsi_data.o
                0x20000004                Standard_Inquiry_Data
                0x20000028                Standard_Inquiry_Data2
                0x2000004c                Mode_Sense6_data
                0x20000050                Mode_Sense10_data
                0x20000058                Scsi_Sense_Data
                0x2000006c                ReadFormatCapacity_Data
 .data          0x20000078       0x1c Util/USB/usb_desc.o
                0x20000078                MASS_StringSerial
 .data          0x20000094       0x38 Util/USB/usb_istr.o
                0x20000094                pEpInt_IN
                0x200000b0                pEpInt_OUT
 .data          0x200000cc       0x90 Util/USB/usb_prop.o
                0x200000cc                String_Descriptor
                0x200000f4                Config_Descriptor
                0x200000fc                Device_Descriptor
                0x20000104                Device_Property
                0x20000134                Device_Table
                0x20000138                User_Standard_Requests
 .data          0x2000015c        0x1 Util/USB/usb_pwr.o
                0x2000015c                fSuspendEnabled
 .data          0x2000015d        0x1 Util/fat_fs/src/sd_spi_stm32.o
 *fill*         0x2000015e        0x2 00
 .data          0x20000160       0x10 i2c_int.o
                0x20000160                I2C_jobs
 .data          0x20000170       0x14 lib/STM32F10x_StdPeriph_Driver/libstm32fw.a(stm32f10x_rcc.o)
 .data          0x20000184        0x1 /home/laurence/CodeSourcery/Sourcery_G++_Lite/bin/../lib/gcc/arm-none-eabi/4.5.2/../../../../arm-none-eabi/lib/thumb2/libm.a(lib_a-s_lib_ver.o)
                0x20000184                __fdlib_version
 *fill*         0x20000185        0x3 00
 .data          0x20000188       0xf4 /home/laurence/CodeSourcery/Sourcery_G++_Lite/bin/../lib/gcc/arm-none-eabi/4.5.2/../../../../arm-none-eabi/lib/thumb2/libc.a(lib_a-impure.o)
                0x20000188                _impure_ptr
 .data          0x2000027c      0x410 /home/laurence/CodeSourcery/Sourcery_G++_Lite/bin/../lib/gcc/arm-none-eabi/4.5.2/../../../../arm-none-eabi/lib/thumb2/libc.a(lib_a-mallocr.o)
                0x2000027c                __malloc_av_
                0x20000684                __malloc_sbrk_base
                0x20000688                __malloc_trim_threshold
 .data          0x2000068c        0x4 /home/laurence/CodeSourcery/Sourcery_G++_Lite/bin/../lib/gcc/arm-none-eabi/4.5.2/../../../../arm-none-eabi/lib/thumb2/libcs3unhosted.a(unhosted-sbrk.o)
 .data          0x20000690        0x4 /home/laurence/CodeSourcery/Sourcery_G++_Lite/bin/../lib/gcc/arm-none-eabi/4.5.2/../../../../arm-none-eabi/lib/thumb2/libcs3.a(heap.o)
                0x20000690                __cs3_heap_limit
 *(.ram)
                0x20000698                . = ALIGN (0x8)
 *fill*         0x20000694        0x4 00
                0x20000698                _edata = .

.bss            0x20000698      0x968 load address 0x0801c048
                0x20000698                _sbss = .
 *(.shbss)
 *(.bss .bss.* .gnu.linkonce.b.*)
 .bss           0x20000698        0x1 /home/laurence/CodeSourcery/Sourcery_G++_Lite/bin/../lib/gcc/arm-none-eabi/4.5.2/thumb2/crtbegin.o
 *fill*         0x20000699        0x3 00
 .bss           0x2000069c       0x20 Sensors/ppg_new.o
 .bss           0x200006bc       0x34 Sensors/pressure.o
 .bss           0x200006f0        0x4 Util/USB/mass_mal.o
                0x200006f0                Status
 .bss           0x200006f4       0x1c Util/USB/memory.o
                0x200006f4                TransferState
                0x20000700                Block_Read_count
                0x20000704                Counter
 .bss           0x20000710       0x10 Util/USB/scsi_data.o
                0x20000710                Page00_Inquiry_Data
                0x20000718                ReadCapacity10_Data
 .bss           0x20000720        0x1 Util/USB/usb_istr.o
                0x20000720                bIntPackSOF
 *fill*         0x20000721        0x3 00
 .bss           0x20000724        0x4 Util/USB/usb_prop.o
                0x20000724                Max_Lun
 .bss           0x20000728        0x4 Util/USB/usb_pwr.o
                0x20000728                bDeviceState
 .bss           0x2000072c        0x8 Util/fat_fs/src/ff.o
 .bss           0x20000734       0x10 Util/fat_fs/src/sd_spi_stm32.o
 .bss           0x20000744       0x84 Util/rprintf.o
 .bss           0x200007c8        0x3 i2c_int.o
 *fill*         0x200007cb        0x1 00
 .bss           0x200007cc       0x18 interrupts.o
 .bss           0x200007e4      0x234 main.o
                0x20000a14                file_opened
 .bss           0x20000a18        0x1 lib/STM32_USB-FS-Device_Driver/libstm32usb.a(usb_core.o)
                0x20000a18                Data_Mul_MaxPacketSize
 *fill*         0x20000a19        0x3 00
 .bss           0x20000a1c       0x34 /home/laurence/CodeSourcery/Sourcery_G++_Lite/bin/../lib/gcc/arm-none-eabi/4.5.2/../../../../arm-none-eabi/lib/thumb2/libc.a(lib_a-mallocr.o)
                0x20000a1c                __malloc_top_pad
                0x20000a20                __malloc_current_mallinfo
                0x20000a48                __malloc_max_sbrked_mem
                0x20000a4c                __malloc_max_total_mem
 *(COMMON)
 COMMON         0x20000a50        0xc Sensors/ppg_new.o
                0x20000a50                Last_PPG_Values
 COMMON         0x20000a5c        0x8 Sensors/pressure.o
                0x20000a5c                Reported_Pressure
                0x20000a60                Pressure_Offset
 COMMON         0x20000a64        0xa Sensors/temperature.o
                0x20000a64                Device_Temperature
                0x20000a68                TMP102_Reported_Temperature
                0x20000a6c                TMP102_Data_Buffer
 *fill*         0x20000a6e        0x2 00
 COMMON         0x20000a70       0x1c Util/USB/mass_mal.o
                0x20000a70                Mass_Memory_Size
                0x20000a78                Mass_Block_Size
                0x20000a80                Mass_Block_Count
                0x20000a88                Data_Buffer
 COMMON         0x20000a8c        0x8 Util/USB/memory.o
                0x20000a8c                Block_offset
                0x20000a90                Idx
 COMMON         0x20000a94       0x7c Util/USB/usb_bot.o
                0x20000a94                CBW
                0x20000ab4                Data_Len
                0x20000ab6                Bot_State
                0x20000ab8                SCSI_LBA
                0x20000abc                CSW
                0x20000acc                SCSI_BlkLen
                0x20000ad0                Bulk_Data_Buff
 COMMON         0x20000b10        0x2 Util/USB/usb_istr.o
                0x20000b10                wIstr
 *fill*         0x20000b12        0x2 00
 COMMON         0x20000b14        0x2 Util/USB/usb_pwr.o
                0x20000b14                ResumeS
 *fill*         0x20000b16        0x2 00
 COMMON         0x20000b18        0x4 adc.o
                0x20000b18                ADC1_Convertion_buff
 COMMON         0x20000b1c        0x1 gpio.o
                0x20000b1c                bootsource
 *fill*         0x20000b1d        0x3 00
 COMMON         0x20000b20        0xd i2c_int.o
                0x20000b20                I2C1error
                0x20000b24                Jobs
                0x20000b28                Completed_Jobs
                0x20000b2c                job
 COMMON         0x20000b2d        0x1 interrupts.o
                0x20000b2d                Button_hold_tim
 *fill*         0x20000b2e        0x2 00
 COMMON         0x20000b30      0x48c main.o
                0x20000b30                Pressure_control
                0x20000b34                Temperatures_Buffer
                0x20000b40                f_err_code
                0x20000b44                Buff
                0x20000b68                System_state_Global
                0x20000b6c                Millis
                0x20000b70                Sensors
                0x20000b74                FATFS_info
                0x20000b94                Pressures_Buffer
                0x20000ba0                Pressure_Setpoint
                0x20000ba4                print_string
                0x20000ca4                a
                0x20000ca8                FATFS_logfile
                0x20000ecc                my_reent
 COMMON         0x20000fbc        0x2 lib/STM32_USB-FS-Device_Driver/libstm32usb.a(usb_core.o)
                0x20000fbc                StatusInfo
 *fill*         0x20000fbe        0x2 00
 COMMON         0x20000fc0       0x32 lib/STM32_USB-FS-Device_Driver/libstm32usb.a(usb_init.o)
                0x20000fc0                SaveState
                0x20000fc4                pProperty
                0x20000fc8                EPindex
                0x20000fcc                Device_Info
                0x20000fe8                pUser_Standard_Requests
                0x20000fec                pInformation
                0x20000ff0                wInterrupt_Mask
 COMMON         0x20000ff2        0x4 lib/STM32_USB-FS-Device_Driver/libstm32usb.a(usb_int.o)
                0x20000ff2                SaveRState
                0x20000ff4                SaveTState
 *fill*         0x20000ff6        0x2 00
 COMMON         0x20000ff8        0x4 /home/laurence/CodeSourcery/Sourcery_G++_Lite/bin/../lib/gcc/arm-none-eabi/4.5.2/../../../../arm-none-eabi/lib/thumb2/libc.a(lib_a-reent.o)
                0x20000ff8                errno
 *(.ram.b)
                0x20001000                . = ALIGN (0x8)
 *fill*         0x20000ffc        0x4 00
                0x20001000                _ebss = .

.noinit         0x20001000        0x0 load address 0x0801c048
 *(.noinit)
                0x20001000                . = ALIGN (0x8)
                0x20001000                _end = .
                0x20005000                __cs3_region_end_ram = (__cs3_region_start_ram + 0x5000)
                0x00005000                __cs3_region_size_ram = 0x5000
                0x0801b9b0                __cs3_region_init_ram = LOADADDR (.data)
                0x00000698                __cs3_region_init_size_ram = (_edata - ADDR (.data))
                0x00000968                __cs3_region_zero_size_ram = (_end - _edata)
                0x00000001                __cs3_region_num = 0x1

.stab
 *(.stab)

.stabstr
 *(.stabstr)

.debug
 *(.debug)

.line
 *(.line)

.debug_srcinfo
 *(.debug_srcinfo)

.debug_sfnames
 *(.debug_sfnames)

.comment        0x00000000       0x2a
 .comment       0x00000000       0x2a Sensors/ppg_new.o
                                 0x2b (size before relaxing)
 .comment       0x00000000       0x2b Sensors/pressure.o
 .comment       0x00000000       0x2b Sensors/temperature.o
 .comment       0x00000000       0x2b Util/USB/hw_config.o
 .comment       0x00000000       0x2b Util/USB/mass_mal.o
 .comment       0x00000000       0x2b Util/USB/memory.o
 .comment       0x00000000       0x2b Util/USB/scsi_data.o
 .comment       0x00000000       0x2b Util/USB/usb_bot.o
 .comment       0x00000000       0x2b Util/USB/usb_desc.o
 .comment       0x00000000       0x2b Util/USB/usb_endp.o
 .comment       0x00000000       0x2b Util/USB/usb_istr.o
 .comment       0x00000000       0x2b Util/USB/usb_prop.o
 .comment       0x00000000       0x2b Util/USB/usb_pwr.o
 .comment       0x00000000       0x2b Util/USB/usb_scsi.o
 .comment       0x00000000       0x2b Util/buffer.o
 .comment       0x00000000       0x2b Util/delay.o
 .comment       0x00000000       0x2b Util/fat_fs/option/cc932.o
 .comment       0x00000000       0x2b Util/fat_fs/option/syscall.o
 .comment       0x00000000       0x2b Util/fat_fs/src/fattime.o
 .comment       0x00000000       0x2b Util/fat_fs/src/ff.o
 .comment       0x00000000       0x2b Util/fat_fs/src/rtc.o
 .comment       0x00000000       0x2b Util/fat_fs/src/sd_spi_stm32.o
 .comment       0x00000000       0x2b Util/rprintf.o
 .comment       0x00000000       0x2b Util/stm32_eval_spi_sd.o
 .comment       0x00000000       0x2b adc.o
 .comment       0x00000000       0x2b gpio.o
 .comment       0x00000000       0x2b i2c_int.o
 .comment       0x00000000       0x2b interrupts.o
 .comment       0x00000000       0x2b lib/CMSIS_CM3/core_cm3.o
 .comment       0x00000000       0x2b lib/CMSIS_CM3/system_stm32f10x.o
 .comment       0x00000000       0x2b main.o
 .comment       0x00000000       0x2b pwr.o
 .comment       0x00000000       0x2b timer.o
 .comment       0x00000000       0x2b usart.o
 .comment       0x00000000       0x2b watchdog.o
 .comment       0x00000000       0x2b lib/STM32F10x_StdPeriph_Driver/libstm32fw.a(misc.o)
 .comment       0x00000000       0x2b lib/STM32F10x_StdPeriph_Driver/libstm32fw.a(stm32f10x_adc.o)
 .comment       0x00000000       0x2b lib/STM32F10x_StdPeriph_Driver/libstm32fw.a(stm32f10x_bkp.o)
 .comment       0x00000000       0x2b lib/STM32F10x_StdPeriph_Driver/libstm32fw.a(stm32f10x_dbgmcu.o)
 .comment       0x00000000       0x2b lib/STM32F10x_StdPeriph_Driver/libstm32fw.a(stm32f10x_dma.o)
 .comment       0x00000000       0x2b lib/STM32F10x_StdPeriph_Driver/libstm32fw.a(stm32f10x_exti.o)
 .comment       0x00000000       0x2b lib/STM32F10x_StdPeriph_Driver/libstm32fw.a(stm32f10x_gpio.o)
 .comment       0x00000000       0x2b lib/STM32F10x_StdPeriph_Driver/libstm32fw.a(stm32f10x_i2c.o)
 .comment       0x00000000       0x2b lib/STM32F10x_StdPeriph_Driver/libstm32fw.a(stm32f10x_iwdg.o)
 .comment       0x00000000       0x2b lib/STM32F10x_StdPeriph_Driver/libstm32fw.a(stm32f10x_pwr.o)
 .comment       0x00000000       0x2b lib/STM32F10x_StdPeriph_Driver/libstm32fw.a(stm32f10x_rcc.o)
 .comment       0x00000000       0x2b lib/STM32F10x_StdPeriph_Driver/libstm32fw.a(stm32f10x_rtc.o)
 .comment       0x00000000       0x2b lib/STM32F10x_StdPeriph_Driver/libstm32fw.a(stm32f10x_spi.o)
 .comment       0x00000000       0x2b lib/STM32F10x_StdPeriph_Driver/libstm32fw.a(stm32f10x_tim.o)
 .comment       0x00000000       0x2b lib/STM32F10x_StdPeriph_Driver/libstm32fw.a(stm32f10x_usart.o)
 .comment       0x00000000       0x2b lib/STM32_USB-FS-Device_Driver/libstm32usb.a(usb_core.o)
 .comment       0x00000000       0x2b lib/STM32_USB-FS-Device_Driver/libstm32usb.a(usb_init.o)
 .comment       0x00000000       0x2b lib/STM32_USB-FS-Device_Driver/libstm32usb.a(usb_int.o)
 .comment       0x00000000       0x2b lib/STM32_USB-FS-Device_Driver/libstm32usb.a(usb_mem.o)
 .comment       0x00000000       0x2b lib/STM32_USB-FS-Device_Driver/libstm32usb.a(usb_regs.o)
 .comment       0x00000000       0x2b lib/STM32_USB-FS-Device_Driver/libstm32usb.a(usb_sil.o)

.debug_aranges  0x00000000      0x428
 *(.debug_aranges)
 .debug_aranges
                0x00000000       0x20 Sensors/ppg_new.o
 .debug_aranges
                0x00000020       0x20 Sensors/pressure.o
 .debug_aranges
                0x00000040       0x20 Sensors/temperature.o
 .debug_aranges
                0x00000060       0x20 Util/USB/hw_config.o
 .debug_aranges
                0x00000080       0x20 Util/USB/mass_mal.o
 .debug_aranges
                0x000000a0       0x20 Util/USB/memory.o
 .debug_aranges
                0x000000c0       0x20 Util/USB/usb_bot.o
 .debug_aranges
                0x000000e0       0x20 Util/USB/usb_endp.o
 .debug_aranges
                0x00000100       0x20 Util/USB/usb_istr.o
 .debug_aranges
                0x00000120       0x20 Util/USB/usb_prop.o
 .debug_aranges
                0x00000140       0x20 Util/USB/usb_pwr.o
 .debug_aranges
                0x00000160       0x20 Util/USB/usb_scsi.o
 .debug_aranges
                0x00000180       0x20 Util/buffer.o
 .debug_aranges
                0x000001a0       0x20 Util/delay.o
 .debug_aranges
                0x000001c0       0x20 Util/fat_fs/option/cc932.o
 .debug_aranges
                0x000001e0       0x20 Util/fat_fs/src/fattime.o
 .debug_aranges
                0x00000200       0x20 Util/fat_fs/src/ff.o
 .debug_aranges
                0x00000220       0x20 Util/fat_fs/src/rtc.o
 .debug_aranges
                0x00000240       0x20 Util/fat_fs/src/sd_spi_stm32.o
 .debug_aranges
                0x00000260       0x20 Util/rprintf.o
 .debug_aranges
                0x00000280       0x20 Util/stm32_eval_spi_sd.o
 .debug_aranges
                0x000002a0       0x20 adc.o
 .debug_aranges
                0x000002c0       0x20 gpio.o
 .debug_aranges
                0x000002e0       0x20 i2c_int.o
 .debug_aranges
                0x00000300       0x20 interrupts.o
 .debug_aranges
                0x00000320       0x20 lib/CMSIS_CM3/core_cm3.o
 .debug_aranges
                0x00000340       0x28 lib/CMSIS_CM3/startup/gcc/startup_stm32f10x_md.o
 .debug_aranges
                0x00000368       0x20 lib/CMSIS_CM3/system_stm32f10x.o
 .debug_aranges
                0x00000388       0x20 main.o
 .debug_aranges
                0x000003a8       0x20 pwr.o
 .debug_aranges
                0x000003c8       0x20 timer.o
 .debug_aranges
                0x000003e8       0x20 usart.o
 .debug_aranges
                0x00000408       0x20 watchdog.o

.debug_pubnames
                0x00000000     0x17af
 *(.debug_pubnames)
 .debug_pubnames
                0x00000000       0x87 Sensors/ppg_new.o
 .debug_pubnames
                0x00000087       0x80 Sensors/pressure.o
 .debug_pubnames
                0x00000107       0x8d Sensors/temperature.o
 .debug_pubnames
                0x00000194      0x113 Util/USB/hw_config.o
 .debug_pubnames
                0x000002a7       0xa5 Util/USB/mass_mal.o
 .debug_pubnames
                0x0000034c       0x7f Util/USB/memory.o
 .debug_pubnames
                0x000003cb       0xd2 Util/USB/scsi_data.o
 .debug_pubnames
                0x0000049d       0xd9 Util/USB/usb_bot.o
 .debug_pubnames
                0x00000576       0xb8 Util/USB/usb_desc.o
 .debug_pubnames
                0x0000062e       0x3b Util/USB/usb_endp.o
 .debug_pubnames
                0x00000669       0x56 Util/USB/usb_istr.o
 .debug_pubnames
                0x000006bf      0x1f6 Util/USB/usb_prop.o
 .debug_pubnames
                0x000008b5       0x83 Util/USB/usb_pwr.o
 .debug_pubnames
                0x00000938      0x195 Util/USB/usb_scsi.o
 .debug_pubnames
                0x00000acd       0x59 Util/buffer.o
 .debug_pubnames
                0x00000b26       0x1c Util/delay.o
 .debug_pubnames
                0x00000b42       0x31 Util/fat_fs/option/cc932.o
 .debug_pubnames
                0x00000b73       0x22 Util/fat_fs/src/fattime.o
 .debug_pubnames
                0x00000b95      0x14a Util/fat_fs/src/ff.o
 .debug_pubnames
                0x00000cdf       0x55 Util/fat_fs/src/rtc.o
 .debug_pubnames
                0x00000d34       0x75 Util/fat_fs/src/sd_spi_stm32.o
 .debug_pubnames
                0x00000da9       0xf9 Util/rprintf.o
 .debug_pubnames
                0x00000ea2      0x167 Util/stm32_eval_spi_sd.o
 .debug_pubnames
                0x00001009       0x66 adc.o
 .debug_pubnames
                0x0000106f       0x72 gpio.o
 .debug_pubnames
                0x000010e1       0xc7 i2c_int.o
 .debug_pubnames
                0x000011a8      0x175 interrupts.o
 .debug_pubnames
                0x0000131d      0x159 lib/CMSIS_CM3/core_cm3.o
 .debug_pubnames
                0x00001476       0xa3 lib/CMSIS_CM3/system_stm32f10x.o
 .debug_pubnames
                0x00001519      0x163 main.o
 .debug_pubnames
                0x0000167c       0x54 pwr.o
 .debug_pubnames
                0x000016d0       0x3b timer.o
 .debug_pubnames
                0x0000170b       0x64 usart.o
 .debug_pubnames
                0x0000176f       0x40 watchdog.o

.debug_info     0x00000000     0xfd77
 *(.debug_info .gnu.linkonce.wi.*)
 .debug_info    0x00000000      0x6b0 Sensors/ppg_new.o
 .debug_info    0x000006b0      0x1ed Sensors/pressure.o
 .debug_info    0x0000089d      0x123 Sensors/temperature.o
 .debug_info    0x000009c0      0x731 Util/USB/hw_config.o
 .debug_info    0x000010f1      0x302 Util/USB/mass_mal.o
 .debug_info    0x000013f3      0x333 Util/USB/memory.o
 .debug_info    0x00001726      0x16b Util/USB/scsi_data.o
 .debug_info    0x00001891      0x49d Util/USB/usb_bot.o
 .debug_info    0x00001d2e      0x187 Util/USB/usb_desc.o
 .debug_info    0x00001eb5       0x98 Util/USB/usb_endp.o
 .debug_info    0x00001f4d      0x311 Util/USB/usb_istr.o
 .debug_info    0x0000225e      0x9b4 Util/USB/usb_prop.o
 .debug_info    0x00002c12      0x3c3 Util/USB/usb_pwr.o
 .debug_info    0x00002fd5      0x899 Util/USB/usb_scsi.o
 .debug_info    0x0000386e      0x1ba Util/buffer.o
 .debug_info    0x00003a28       0xc8 Util/delay.o
 .debug_info    0x00003af0      0x1b9 Util/fat_fs/option/cc932.o
 .debug_info    0x00003ca9       0x77 Util/fat_fs/option/syscall.o
 .debug_info    0x00003d20      0x15a Util/fat_fs/src/fattime.o
 .debug_info    0x00003e7a     0x325b Util/fat_fs/src/ff.o
 .debug_info    0x000070d5      0x532 Util/fat_fs/src/rtc.o
 .debug_info    0x00007607     0x1841 Util/fat_fs/src/sd_spi_stm32.o
 .debug_info    0x00008e48      0xe1f Util/rprintf.o
 .debug_info    0x00009c67     0x1a18 Util/stm32_eval_spi_sd.o
 .debug_info    0x0000b67f      0x44d adc.o
 .debug_info    0x0000bacc      0x2a3 gpio.o
 .debug_info    0x0000bd6f      0x6ba i2c_int.o
 .debug_info    0x0000c429      0xf3e interrupts.o
 .debug_info    0x0000d367      0x543 lib/CMSIS_CM3/core_cm3.o
 .debug_info    0x0000d8aa       0x79 lib/CMSIS_CM3/startup/gcc/startup_stm32f10x_md.o
 .debug_info    0x0000d923      0x2d0 lib/CMSIS_CM3/system_stm32f10x.o
 .debug_info    0x0000dbf3     0x13db main.o
 .debug_info    0x0000efce      0x346 pwr.o
 .debug_info    0x0000f314      0x53c timer.o
 .debug_info    0x0000f850      0x449 usart.o
 .debug_info    0x0000fc99       0xde watchdog.o

.debug_abbrev   0x00000000     0x32ed
 *(.debug_abbrev)
 .debug_abbrev  0x00000000      0x1c8 Sensors/ppg_new.o
 .debug_abbrev  0x000001c8      0x10a Sensors/pressure.o
 .debug_abbrev  0x000002d2       0x79 Sensors/temperature.o
 .debug_abbrev  0x0000034b      0x2d3 Util/USB/hw_config.o
 .debug_abbrev  0x0000061e      0x111 Util/USB/mass_mal.o
 .debug_abbrev  0x0000072f      0x110 Util/USB/memory.o
 .debug_abbrev  0x0000083f       0x5c Util/USB/scsi_data.o
 .debug_abbrev  0x0000089b      0x198 Util/USB/usb_bot.o
 .debug_abbrev  0x00000a33       0x63 Util/USB/usb_desc.o
 .debug_abbrev  0x00000a96       0x41 Util/USB/usb_endp.o
 .debug_abbrev  0x00000ad7      0x113 Util/USB/usb_istr.o
 .debug_abbrev  0x00000bea      0x1d0 Util/USB/usb_prop.o
 .debug_abbrev  0x00000dba      0x1bd Util/USB/usb_pwr.o
 .debug_abbrev  0x00000f77      0x253 Util/USB/usb_scsi.o
 .debug_abbrev  0x000011ca       0xd8 Util/buffer.o
 .debug_abbrev  0x000012a2       0x7e Util/delay.o
 .debug_abbrev  0x00001320       0xd2 Util/fat_fs/option/cc932.o
 .debug_abbrev  0x000013f2       0x2c Util/fat_fs/option/syscall.o
 .debug_abbrev  0x0000141e       0x97 Util/fat_fs/src/fattime.o
 .debug_abbrev  0x000014b5      0x2f7 Util/fat_fs/src/ff.o
 .debug_abbrev  0x000017ac      0x213 Util/fat_fs/src/rtc.o
 .debug_abbrev  0x000019bf      0x32b Util/fat_fs/src/sd_spi_stm32.o
 .debug_abbrev  0x00001cea      0x2e4 Util/rprintf.o
 .debug_abbrev  0x00001fce      0x2e8 Util/stm32_eval_spi_sd.o
 .debug_abbrev  0x000022b6      0x143 adc.o
 .debug_abbrev  0x000023f9      0x158 gpio.o
 .debug_abbrev  0x00002551      0x1f5 i2c_int.o
 .debug_abbrev  0x00002746      0x25f interrupts.o
 .debug_abbrev  0x000029a5       0xd2 lib/CMSIS_CM3/core_cm3.o
 .debug_abbrev  0x00002a77       0x12 lib/CMSIS_CM3/startup/gcc/startup_stm32f10x_md.o
 .debug_abbrev  0x00002a89      0x112 lib/CMSIS_CM3/system_stm32f10x.o
 .debug_abbrev  0x00002b9b      0x2ec main.o
 .debug_abbrev  0x00002e87      0x10c pwr.o
 .debug_abbrev  0x00002f93      0x13f timer.o
 .debug_abbrev  0x000030d2      0x186 usart.o
 .debug_abbrev  0x00003258       0x95 watchdog.o

.debug_line     0x00000000     0xc67d
 *(.debug_line)
 .debug_line    0x00000000      0x7e7 Sensors/ppg_new.o
 .debug_line    0x000007e7      0x373 Sensors/pressure.o
 .debug_line    0x00000b5a      0x502 Sensors/temperature.o
 .debug_line    0x0000105c      0x5fc Util/USB/hw_config.o
 .debug_line    0x00001658      0x56e Util/USB/mass_mal.o
 .debug_line    0x00001bc6      0x46a Util/USB/memory.o
 .debug_line    0x00002030      0x339 Util/USB/scsi_data.o
 .debug_line    0x00002369      0x55c Util/USB/usb_bot.o
 .debug_line    0x000028c5      0x2ed Util/USB/usb_desc.o
 .debug_line    0x00002bb2      0x3ba Util/USB/usb_endp.o
 .debug_line    0x00002f6c      0x3f5 Util/USB/usb_istr.o
 .debug_line    0x00003361      0x4a9 Util/USB/usb_prop.o
 .debug_line    0x0000380a      0x44d Util/USB/usb_pwr.o
 .debug_line    0x00003c57      0x653 Util/USB/usb_scsi.o
 .debug_line    0x000042aa      0x4be Util/buffer.o
 .debug_line    0x00004768      0x2fd Util/delay.o
 .debug_line    0x00004a65       0xd8 Util/fat_fs/option/cc932.o
 .debug_line    0x00004b3d      0x2fc Util/fat_fs/option/syscall.o
 .debug_line    0x00004e39      0x179 Util/fat_fs/src/fattime.o
 .debug_line    0x00004fb2     0x1c86 Util/fat_fs/src/ff.o
 .debug_line    0x00006c38      0x47f Util/fat_fs/src/rtc.o
 .debug_line    0x000070b7      0x83e Util/fat_fs/src/sd_spi_stm32.o
 .debug_line    0x000078f5      0xcfd Util/rprintf.o
 .debug_line    0x000085f2      0x9ab Util/stm32_eval_spi_sd.o
 .debug_line    0x00008f9d      0x6fd adc.o
 .debug_line    0x0000969a      0x440 gpio.o
 .debug_line    0x00009ada      0x6c2 i2c_int.o
 .debug_line    0x0000a19c      0x7c8 interrupts.o
 .debug_line    0x0000a964      0x198 lib/CMSIS_CM3/core_cm3.o
 .debug_line    0x0000aafc       0x84 lib/CMSIS_CM3/startup/gcc/startup_stm32f10x_md.o
 .debug_line    0x0000ab80      0x336 lib/CMSIS_CM3/system_stm32f10x.o
 .debug_line    0x0000aeb6      0x82f main.o
 .debug_line    0x0000b6e5      0x393 pwr.o
 .debug_line    0x0000ba78      0x36e timer.o
 .debug_line    0x0000bde6      0x58f usart.o
 .debug_line    0x0000c375      0x308 watchdog.o

.debug_frame    0x00000000     0x2350
 *(.debug_frame)
 .debug_frame   0x00000000       0x98 Sensors/ppg_new.o
 .debug_frame   0x00000098       0x8c Sensors/pressure.o
 .debug_frame   0x00000124       0x40 Sensors/temperature.o
 .debug_frame   0x00000164       0xec Util/USB/hw_config.o
 .debug_frame   0x00000250       0x80 Util/USB/mass_mal.o
 .debug_frame   0x000002d0       0x50 Util/USB/memory.o
 .debug_frame   0x00000320       0xc0 Util/USB/usb_bot.o
 .debug_frame   0x000003e0       0x30 Util/USB/usb_endp.o
 .debug_frame   0x00000410       0x2c Util/USB/usb_istr.o
 .debug_frame   0x0000043c      0x11c Util/USB/usb_prop.o
 .debug_frame   0x00000558       0x90 Util/USB/usb_pwr.o
 .debug_frame   0x000005e8      0x180 Util/USB/usb_scsi.o
 .debug_frame   0x00000768       0x74 Util/buffer.o
 .debug_frame   0x000007dc       0x24 Util/delay.o
 .debug_frame   0x00000800       0x3c Util/fat_fs/option/cc932.o
 .debug_frame   0x0000083c       0x2c Util/fat_fs/src/fattime.o
 .debug_frame   0x00000868      0x564 Util/fat_fs/src/ff.o
 .debug_frame   0x00000dcc       0x84 Util/fat_fs/src/rtc.o
 .debug_frame   0x00000e50      0x12c Util/fat_fs/src/sd_spi_stm32.o
 .debug_frame   0x00000f7c      0x1d4 Util/rprintf.o
 .debug_frame   0x00001150      0x264 Util/stm32_eval_spi_sd.o
 .debug_frame   0x000013b4       0x78 adc.o
 .debug_frame   0x0000142c       0x78 gpio.o
 .debug_frame   0x000014a4       0xa0 i2c_int.o
 .debug_frame   0x00001544      0x164 interrupts.o
 .debug_frame   0x000016a8      0x170 lib/CMSIS_CM3/core_cm3.o
 .debug_frame   0x00001818       0x24 lib/CMSIS_CM3/system_stm32f10x.o
 .debug_frame   0x0000183c       0x94 main.o
 .debug_frame   0x000018d0       0x70 pwr.o
 .debug_frame   0x00001940       0x5c timer.o
 .debug_frame   0x0000199c       0x78 usart.o
 .debug_frame   0x00001a14       0x40 watchdog.o
 .debug_frame   0x00001a54       0x2c /home/laurence/CodeSourcery/Sourcery_G++_Lite/bin/../lib/gcc/arm-none-eabi/4.5.2/../../../../arm-none-eabi/lib/thumb2/libm.a(lib_a-sf_sin.o)
 .debug_frame   0x00001a80       0x30 /home/laurence/CodeSourcery/Sourcery_G++_Lite/bin/../lib/gcc/arm-none-eabi/4.5.2/../../../../arm-none-eabi/lib/thumb2/libm.a(lib_a-wf_asin.o)
 .debug_frame   0x00001ab0       0x30 /home/laurence/CodeSourcery/Sourcery_G++_Lite/bin/../lib/gcc/arm-none-eabi/4.5.2/../../../../arm-none-eabi/lib/thumb2/libm.a(lib_a-wf_sqrt.o)
 .debug_frame   0x00001ae0       0x34 /home/laurence/CodeSourcery/Sourcery_G++_Lite/bin/../lib/gcc/arm-none-eabi/4.5.2/../../../../arm-none-eabi/lib/thumb2/libm.a(lib_a-ef_asin.o)