Archive member included because of file (symbol)

lib/STM32F10x_StdPeriph_Driver/libstm32fw.a(misc.o)
                              Util/USB/hw_config.o (NVIC_PriorityGroupConfig)
lib/STM32F10x_StdPeriph_Driver/libstm32fw.a(stm32f10x_adc.o)
                              adc.o (ADC_DeInit)
lib/STM32F10x_StdPeriph_Driver/libstm32fw.a(stm32f10x_bkp.o)
                              Util/fat_fs/src/rtc.o (BKP_DeInit)
lib/STM32F10x_StdPeriph_Driver/libstm32fw.a(stm32f10x_dma.o)
                              Util/fat_fs/src/sd_spi_stm32.o (DMA_DeInit)
lib/STM32F10x_StdPeriph_Driver/libstm32fw.a(stm32f10x_exti.o)
                              interrupts.o (EXTI_DeInit)
lib/STM32F10x_StdPeriph_Driver/libstm32fw.a(stm32f10x_gpio.o)
                              Util/fat_fs/src/sd_spi_stm32.o (GPIO_Init)
lib/STM32F10x_StdPeriph_Driver/libstm32fw.a(stm32f10x_pwr.o)
                              pwr.o (PWR_DeInit)
lib/STM32F10x_StdPeriph_Driver/libstm32fw.a(stm32f10x_rcc.o)
                              interrupts.o (RCC_HCLKConfig)
lib/STM32F10x_StdPeriph_Driver/libstm32fw.a(stm32f10x_rtc.o)
                              Util/fat_fs/src/rtc.o (RTC_GetCounter)
lib/STM32F10x_StdPeriph_Driver/libstm32fw.a(stm32f10x_spi.o)
                              Util/fat_fs/src/sd_spi_stm32.o (SPI_I2S_DeInit)
lib/STM32F10x_StdPeriph_Driver/libstm32fw.a(stm32f10x_tim.o)
                              timer.o (TIM_DeInit)
lib/STM32F10x_StdPeriph_Driver/libstm32fw.a(stm32f10x_usart.o)
                              usart.o (USART_Init)
lib/STM32_USB-FS-Device_Driver/libstm32usb.a(usb_core.o)
                              Util/USB/usb_prop.o (Standard_GetDescriptorData)
lib/STM32_USB-FS-Device_Driver/libstm32usb.a(usb_init.o)
                              main.o (USB_Init)
lib/STM32_USB-FS-Device_Driver/libstm32usb.a(usb_int.o)
                              Util/USB/usb_istr.o (CTR_LP)
lib/STM32_USB-FS-Device_Driver/libstm32usb.a(usb_mem.o)
                              lib/STM32_USB-FS-Device_Driver/libstm32usb.a(usb_core.o) (UserToPMABufferCopy)
lib/STM32_USB-FS-Device_Driver/libstm32usb.a(usb_regs.o)
                              Util/USB/usb_prop.o (SetBTABLE)
lib/STM32_USB-FS-Device_Driver/libstm32usb.a(usb_sil.o)
                              Util/USB/usb_prop.o (USB_SIL_Init)
/home/laurence/CodeSourcery/Sourcery_G++_Lite/bin/../lib/gcc/arm-none-eabi/4.5.2/../../../../arm-none-eabi/lib/thumb2/libm.a(lib_a-s_sin.o)
                              Sensors/ppg.o (sin)
/home/laurence/CodeSourcery/Sourcery_G++_Lite/bin/../lib/gcc/arm-none-eabi/4.5.2/../../../../arm-none-eabi/lib/thumb2/libm.a(lib_a-w_asin.o)
                              Sensors/ppg.o (asin)
/home/laurence/CodeSourcery/Sourcery_G++_Lite/bin/../lib/gcc/arm-none-eabi/4.5.2/../../../../arm-none-eabi/lib/thumb2/libm.a(lib_a-w_sqrt.o)
                              Sensors/ppg.o (sqrt)
/home/laurence/CodeSourcery/Sourcery_G++_Lite/bin/../lib/gcc/arm-none-eabi/4.5.2/../../../../arm-none-eabi/lib/thumb2/libm.a(lib_a-e_asin.o)
                              /home/laurence/CodeSourcery/Sourcery_G++_Lite/bin/../lib/gcc/arm-none-eabi/4.5.2/../../../../arm-none-eabi/lib/thumb2/libm.a(lib_a-w_asin.o) (__ieee754_asin)
/home/laurence/CodeSourcery/Sourcery_G++_Lite/bin/../lib/gcc/arm-none-eabi/4.5.2/../../../../arm-none-eabi/lib/thumb2/libm.a(lib_a-e_rem_pio2.o)
                              /home/laurence/CodeSourcery/Sourcery_G++_Lite/bin/../lib/gcc/arm-none-eabi/4.5.2/../../../../arm-none-eabi/lib/thumb2/libm.a(lib_a-s_sin.o) (__ieee754_rem_pio2)
/home/laurence/CodeSourcery/Sourcery_G++_Lite/bin/../lib/gcc/arm-none-eabi/4.5.2/../../../../arm-none-eabi/lib/thumb2/libm.a(lib_a-e_sqrt.o)
                              /home/laurence/CodeSourcery/Sourcery_G++_Lite/bin/../lib/gcc/arm-none-eabi/4.5.2/../../../../arm-none-eabi/lib/thumb2/libm.a(lib_a-w_sqrt.o) (__ieee754_sqrt)
/home/laurence/CodeSourcery/Sourcery_G++_Lite/bin/../lib/gcc/arm-none-eabi/4.5.2/../../../../arm-none-eabi/lib/thumb2/libm.a(lib_a-k_cos.o)
                              /home/laurence/CodeSourcery/Sourcery_G++_Lite/bin/../lib/gcc/arm-none-eabi/4.5.2/../../../../arm-none-eabi/lib/thumb2/libm.a(lib_a-s_sin.o) (__kernel_cos)
/home/laurence/CodeSourcery/Sourcery_G++_Lite/bin/../lib/gcc/arm-none-eabi/4.5.2/../../../../arm-none-eabi/lib/thumb2/libm.a(lib_a-k_rem_pio2.o)
                              /home/laurence/CodeSourcery/Sourcery_G++_Lite/bin/../lib/gcc/arm-none-eabi/4.5.2/../../../../arm-none-eabi/lib/thumb2/libm.a(lib_a-e_rem_pio2.o) (__kernel_rem_pio2)
/home/laurence/CodeSourcery/Sourcery_G++_Lite/bin/../lib/gcc/arm-none-eabi/4.5.2/../../../../arm-none-eabi/lib/thumb2/libm.a(lib_a-k_sin.o)
                              /home/laurence/CodeSourcery/Sourcery_G++_Lite/bin/../lib/gcc/arm-none-eabi/4.5.2/../../../../arm-none-eabi/lib/thumb2/libm.a(lib_a-s_sin.o) (__kernel_sin)
/home/laurence/CodeSourcery/Sourcery_G++_Lite/bin/../lib/gcc/arm-none-eabi/4.5.2/../../../../arm-none-eabi/lib/thumb2/libm.a(lib_a-s_fabs.o)
[...]
Memory Configuration

Name             Origin             Length             Attributes
ram              0x20000000         0x00005000         xrw
rom              0x08000000         0x00020000         xr
*default*        0x00000000         0xffffffff

Linker script and memory map

LOAD /home/laurence/CodeSourcery/Sourcery_G++_Lite/bin/../lib/gcc/arm-none-eabi/4.5.2/thumb2/crti.o
LOAD /home/laurence/CodeSourcery/Sourcery_G++_Lite/bin/../lib/gcc/arm-none-eabi/4.5.2/thumb2/crtbegin.o
LOAD Sensors/ppg.o
LOAD Sensors/pressure.o
LOAD Util/USB/hw_config.o
LOAD Util/USB/mass_mal.o
LOAD Util/USB/memory.o
LOAD Util/USB/scsi_data.o
LOAD Util/USB/usb_bot.o
LOAD Util/USB/usb_desc.o
LOAD Util/USB/usb_endp.o
LOAD Util/USB/usb_istr.o
LOAD Util/USB/usb_prop.o
LOAD Util/USB/usb_pwr.o
LOAD Util/USB/usb_scsi.o
LOAD Util/buffer.o
LOAD Util/fat_fs/option/cc932.o
LOAD Util/fat_fs/option/syscall.o
LOAD Util/fat_fs/src/fattime.o
LOAD Util/fat_fs/src/ff.o
LOAD Util/fat_fs/src/rtc.o
LOAD Util/fat_fs/src/sd_spi_stm32.o
LOAD Util/rprintf.o
LOAD Util/stm32_eval_spi_sd.o
LOAD adc.o
LOAD gpio.o
LOAD interrupts.o
LOAD lib/CMSIS_CM3/core_cm3.o
LOAD lib/CMSIS_CM3/startup/gcc/startup_stm32f10x_md.o
LOAD lib/CMSIS_CM3/system_stm32f10x.o
LOAD main.o
LOAD pwr.o
LOAD timer.o
LOAD usart.o
LOAD lib/STM32F10x_StdPeriph_Driver/libstm32fw.a
LOAD lib/STM32_USB-FS-Device_Driver/libstm32usb.a
LOAD /home/laurence/CodeSourcery/Sourcery_G++_Lite/bin/../lib/gcc/arm-none-eabi/4.5.2/../../../../arm-none-eabi/lib/thumb2/libm.a
START GROUP
LOAD /home/laurence/CodeSourcery/Sourcery_G++_Lite/bin/../lib/gcc/arm-none-eabi/4.5.2/thumb2/libgcc.a
LOAD /home/laurence/CodeSourcery/Sourcery_G++_Lite/bin/../lib/gcc/arm-none-eabi/4.5.2/../../../../arm-none-eabi/lib/thumb2/libc.a
END GROUP
LOAD /home/laurence/CodeSourcery/Sourcery_G++_Lite/bin/../lib/gcc/arm-none-eabi/4.5.2/thumb2/crtend.o
LOAD /home/laurence/CodeSourcery/Sourcery_G++_Lite/bin/../lib/gcc/arm-none-eabi/4.5.2/thumb2/crtn.o
START GROUP
LOAD /home/laurence/CodeSourcery/Sourcery_G++_Lite/bin/../lib/gcc/arm-none-eabi/4.5.2/thumb2/libgcc.a
LOAD /home/laurence/CodeSourcery/Sourcery_G++_Lite/bin/../lib/gcc/arm-none-eabi/4.5.2/../../../../arm-none-eabi/lib/thumb2/libc.a
LOAD /home/laurence/CodeSourcery/Sourcery_G++_Lite/bin/../lib/gcc/arm-none-eabi/4.5.2/../../../../arm-none-eabi/lib/thumb2/libcs3.a
LOAD /home/laurence/CodeSourcery/Sourcery_G++_Lite/bin/../lib/gcc/arm-none-eabi/4.5.2/../../../../arm-none-eabi/lib/thumb2/libcs3unhosted.a
LOAD lib/libcs3-lanchon-stm32.a
END GROUP
                0x20005000                PROVIDE (__cs3_stack, (__cs3_region_start_ram + __cs3_region_size_ram))
                0x20000e50                PROVIDE (__cs3_heap_start, _end)
                0x20005000                PROVIDE (__cs3_heap_end, (__cs3_region_start_ram + __cs3_region_size_ram))

.text           0x08000000    0x1a698
 CREATE_OBJECT_SYMBOLS
                0x08000000                __cs3_region_start_rom = .
 *(.cs3.region-head.rom)
                0x08000000                __cs3_interrupt_vector = __cs3_interrupt_vector_lanchon_stm32
 *(.cs3.interrupt_vector)
 .cs3.interrupt_vector
                0x08000000       0xec lib/libcs3-lanchon-stm32.a(lanchon-stm32-vector.o)
                0x08000000                __cs3_interrupt_vector_lanchon_stm32
                0x08000001                ASSERT ((. != __cs3_interrupt_vector_lanchon_stm32), No interrupt vector)
 *(.rom)
 *(.rom.b)
                0x08012b18                PROVIDE (__cs3_reset_lanchon_stm32, _start)
                0x08012b18                __cs3_reset = __cs3_reset_lanchon_stm32
 *(.cs3.reset)
 *(.text .text.* .gnu.linkonce.t.*)
 .text          0x080000ec       0x30 /home/laurence/CodeSourcery/Sourcery_G++_Lite/bin/../lib/gcc/arm-none-eabi/4.5.2/thumb2/crtbegin.o
 *fill*         0x0800011c        0x4 00
 .text          0x08000120      0x390 Sensors/ppg.o
                0x08000120                PPG_LO_Filter
                0x080003cc                PPG_correct_brightness
                0x08000468                PWM_Linear
 .text          0x080004b0       0xb0 Sensors/pressure.o
                0x080004b0                calibrate_sensor
                0x080004f8                conv_adc_diff
                0x0800052c                conv_diff
 .text          0x08000560      0x2a0 Util/USB/hw_config.o
                0x08000560                Set_System
                0x08000568                Set_USBClock
                0x08000580                Enter_LowPowerMode
                0x0800058c                Leave_LowPowerMode
                0x080005ac                USB_Interrupts_Config
                0x080005f0                Led_RW_ON
                0x08000600                Led_RW_OFF
                0x08000610                USB_Configured_LED
                0x08000620                USB_NotConfigured_LED
                0x08000630                USB_Cable_Config
                0x08000634                Get_SerialNum
                0x080007f8                MAL_Config
 .text          0x08000800       0xe4 Util/USB/mass_mal.o
                0x08000800                MAL_Init
                0x0800084c                MAL_Write
                0x08000870                MAL_Read
                0x08000894                MAL_GetStatus
 .text          0x080008e4      0x1d8 Util/USB/memory.o
                0x080008e4                Read_Memory
                0x080009c8                Write_Memory
 .text          0x08000abc      0x628 Util/USB/usb_bot.o
                0x08000abc                Mass_Storage_In
                0x08000b44                CBW_Decode
                0x08000fa4                Mass_Storage_Out
                0x08001034                Transfer_Data_Request
                0x08001068                Set_CSW
                0x080010a4                Bot_Abort
 .text          0x080010e4        0x8 Util/USB/usb_endp.o
                0x080010e4                EP1_IN_Callback
                0x080010e8                EP2_OUT_Callback
 .text          0x080010ec       0xf0 Util/USB/usb_istr.o
                0x080010ec                USB_Istr
 .text          0x080011dc      0x268 Util/USB/usb_prop.o
                0x080011dc                Mass_Storage_SetDeviceAddress
                0x080011e8                MASS_Status_In
                0x080011ec                MASS_Status_Out
                0x080011f0                MASS_Get_Interface_Setting
                0x08001200                Get_Max_Lun
                0x08001218                MASS_Data_Setup
                0x0800125c                MASS_GetStringDescriptor
                0x0800127c                MASS_GetConfigDescriptor
                0x08001288                MASS_GetDeviceDescriptor
                0x08001294                MASS_NoData_Setup
                0x080012e4                Mass_Storage_SetConfiguration
                0x08001314                Mass_Storage_ClearFeature
                0x08001330                MASS_Reset
                0x08001420                MASS_init
 .text          0x08001444      0x1c4 Util/USB/usb_pwr.o
                0x08001444                PowerOn
                0x08001474                PowerOff
                0x08001498                Suspend
                0x080014dc                Resume_Init
                0x0800151c                Resume
 .text          0x08001608      0x460 Util/USB/usb_scsi.o
                0x08001608                SCSI_Inquiry_Cmd
                0x08001640                SCSI_ReadFormatCapacity_Cmd
                0x080016b4                SCSI_ReadCapacity10_Cmd
                0x08001730                SCSI_ModeSense6_Cmd
                0x0800173c                SCSI_ModeSense10_Cmd
                0x08001748                SCSI_RequestSense_Cmd
                0x08001760                Set_Scsi_Sense_Data
                0x0800176c                SCSI_Start_Stop_Unit_Cmd
                0x08001774                SCSI_Read10_Cmd
                0x08001824                SCSI_Write10_Cmd
                0x080018d0                SCSI_Verify10_Cmd
                0x08001910                SCSI_Valid_Cmd
                0x08001948                SCSI_TestUnitReady_Cmd
                0x0800197c                SCSI_Format_Cmd
                0x080019a8                SCSI_Invalid_Cmd
                0x080019e4                SCSI_Address_Management
 .text          0x08001a68       0x78 Util/buffer.o
                0x08001a68                Add_To_Buffer
                0x08001a9c                Get_From_Buffer
                0x08001acc                init_buffer
 .text          0x08001ae0      0x25c Util/fat_fs/option/cc932.o
                0x08001ae0                ff_convert
                0x08001d0c                ff_wtoupper
 .text          0x08001d3c       0x48 Util/fat_fs/src/fattime.o
                0x08001d3c                get_fattime
 .text          0x08001d84     0x643c Util/fat_fs/src/ff.o
                0x0800266c                clust2sect
                0x08002688                get_fat
                0x08002c2c                put_fat
                0x080049d0                gen_numname
                0x08005668                f_mount
                0x08005688                f_open
                0x08005af4                f_read
                0x08005edc                f_write
                0x08006310                f_sync
                0x080064e8                f_close
                0x080064f8                f_lseek
                0x080066c4                f_opendir
                0x08006730                f_readdir
                0x080067a4                f_stat
                0x080067ec                f_getfree
                0x08006a50                f_truncate
                0x08006bc0                f_unlink
                0x08006cd8                f_mkdir
                0x08007100                f_chmod
                0x0800715c                f_utime
                0x080071bc                f_rename
                0x0800747c                f_gets
                0x08007598                f_putc
                0x080075bc                f_puts
                0x080075f8                f_printf
 .text          0x080081c0      0x484 Util/fat_fs/src/rtc.o
                0x080081c0                rtc_gettime
                0x08008340                my_RTC_SetCounter
                0x08008364                rtc_settime
                0x08008598                rtc_init
 .text          0x08008644      0xfa8 Util/fat_fs/src/sd_spi_stm32.o
                0x08008a7c                disk_initialize
                0x08008c28                disk_status
                0x08008c38                disk_read
                0x08008db4                disk_write
                0x08008f54                disk_ioctl
                0x080095b0                disk_timerproc
 .text          0x080095ec     0x182c Util/rprintf.o
                0x080095ec                rprintfInit
                0x080095f8                rprintfChar
                0x08009620                rprintfStr
                0x08009658                rprintfStrLen
                0x0800981c                rprintfCRLF
                0x08009834                rprintfu04
                0x08009860                rprintfu08
                0x080098a8                rprintfu16
                0x08009944                rprintfu32
                0x08009a90                rprintfNum
                0x08009d00                rprintfFloat
                0x08009fc4                rprintf2RamRom
                0x0800adc0                Isdigit
                0x0800add0                atoiRamRom
                0x0800ae08                rStrLen
 .text          0x0800ae18      0x1d8 adc.o
                0x0800ae18                ADC_Configuration
                0x0800af7c                readADC2
                0x0800afac                setADC2
                0x0800afcc                getADC2
 .text          0x0800aff0      0x210 gpio.o
                0x0800aff0                setup_gpio
                0x0800b1a4                switch_leds_on
                0x0800b1cc                switch_leds_off
                0x0800b1f4                get_wkup
 .text          0x0800b200      0x310 interrupts.o
                0x0800b200                ISR_Config
                0x0800b238                EXTI_ONOFF_EN
                0x0800b298                DMA_ISR_Config
                0x0800b2c0                SysTick_Configuration
                0x0800b2f8                EXTI0_IRQHandler
                0x0800b374                DMAChannel1_IRQHandler
                0x0800b3a0                SysTickHandler
                0x0800b508                USB_HP_CAN_TX_IRQHandler
                0x0800b50c                USB_LP_CAN_RX0_IRQHandler
 .text.Default_Handler
                0x0800b510        0x2 lib/CMSIS_CM3/startup/gcc/startup_stm32f10x_md.o
                0x0800b510                EXTI2_IRQHandler
                0x0800b510                DebugMon_Handler
                0x0800b510                TIM1_CC_IRQHandler
                0x0800b510                HardFault_Handler
                0x0800b510                SysTick_Handler
                0x0800b510                PVD_IRQHandler
                0x0800b510                PendSV_Handler
                0x0800b510                NMI_Handler
                0x0800b510                EXTI3_IRQHandler
                0x0800b510                I2C2_EV_IRQHandler
                0x0800b510                UsageFault_Handler
                0x0800b510                ADC1_2_IRQHandler
                0x0800b510                SPI1_IRQHandler
                0x0800b510                TAMPER_IRQHandler
                0x0800b510                DMA1_Channel4_IRQHandler
                0x0800b510                USART3_IRQHandler
                0x0800b510                RTC_IRQHandler
                0x0800b510                DMA1_Channel7_IRQHandler
                0x0800b510                CAN1_RX1_IRQHandler
                0x0800b510                TIM4_IRQHandler
                0x0800b510                I2C1_EV_IRQHandler
                0x0800b510                DMA1_Channel6_IRQHandler
                0x0800b510                TIM3_IRQHandler
                0x0800b510                RCC_IRQHandler
                0x0800b510                TIM1_TRG_COM_IRQHandler
                0x0800b510                DMA1_Channel1_IRQHandler
                0x0800b510                Default_Handler
                0x0800b510                EXTI15_10_IRQHandler
                0x0800b510                EXTI9_5_IRQHandler
                0x0800b510                SPI2_IRQHandler
                0x0800b510                MemManage_Handler
                0x0800b510                SVC_Handler
                0x0800b510                DMA1_Channel5_IRQHandler
                0x0800b510                EXTI4_IRQHandler
                0x0800b510                USB_LP_CAN1_RX0_IRQHandler
                0x0800b510                USB_HP_CAN1_TX_IRQHandler
                0x0800b510                DMA1_Channel3_IRQHandler
                0x0800b510                TIM1_UP_IRQHandler
                0x0800b510                WWDG_IRQHandler
                0x0800b510                TIM2_IRQHandler
                0x0800b510                TIM1_BRK_IRQHandler
                0x0800b510                EXTI1_IRQHandler
                0x0800b510                RTCAlarm_IRQHandler
                0x0800b510                USART2_IRQHandler
                0x0800b510                I2C2_ER_IRQHandler
                0x0800b510                DMA1_Channel2_IRQHandler
                0x0800b510                CAN1_SCE_IRQHandler
                0x0800b510                FLASH_IRQHandler
                0x0800b510                BusFault_Handler
                0x0800b510                USART1_IRQHandler
                0x0800b510                I2C1_ER_IRQHandler
                0x0800b510                USBWakeUp_IRQHandler
 *fill*         0x0800b512        0x2 00
 .text          0x0800b514       0xfc lib/CMSIS_CM3/system_stm32f10x.o
                0x0800b514                SystemInit
 .text          0x0800b610      0x448 main.o
                0x0800b610                __str_print_char
                0x0800b63c                __fat_print_char
                0x0800b65c                main
 .text          0x0800ba58       0x2c pwr.o
                0x0800ba58                setuppwr
                0x0800ba6c                shutdown
                0x0800ba7c                disable_pin
 .text          0x0800ba84      0x1c4 timer.o
                0x0800ba84                setup_pwm
                0x0800bbb4                Tryfudge
                0x0800bc00                Set_Motor
 .text          0x0800bc48      0x110 usart.o
                0x0800bc48                Usarts_Init
                0x0800bcf4                Default_Usart_Config
                0x0800bd10                Usart_Send_Str
                0x0800bd3c                __usart_send_char
 .text          0x0800bd58       0xb8 lib/STM32F10x_StdPeriph_Driver/libstm32fw.a(misc.o)
                0x0800bd58                NVIC_PriorityGroupConfig
                0x0800bd6c                NVIC_Init
                0x0800bdcc                NVIC_SetVectorTable
                0x0800bde0                NVIC_SystemLPConfig
                0x0800bdf8                SysTick_CLKSourceConfig
 .text          0x0800be10      0x380 lib/STM32F10x_StdPeriph_Driver/libstm32fw.a(stm32f10x_adc.o)
                0x0800be10                ADC_DeInit
                0x0800be6c                ADC_Init
                0x0800beb8                ADC_StructInit
                0x0800beca                ADC_Cmd
                0x0800bede                ADC_DMACmd
                0x0800bef2                ADC_ITConfig
                0x0800bf06                ADC_ResetCalibration
                0x0800bf10                ADC_GetResetCalibrationStatus
                0x0800bf18                ADC_StartCalibration
                0x0800bf22                ADC_GetCalibrationStatus
                0x0800bf2a                ADC_SoftwareStartConvCmd
                0x0800bf3e                ADC_GetSoftwareStartConvStatus
                0x0800bf46                ADC_DiscModeChannelCountConfig
                0x0800bf56                ADC_DiscModeCmd
                0x0800bf6a                ADC_RegularChannelConfig
                0x0800bff8                ADC_ExternalTrigConvCmd
                0x0800c00c                ADC_GetConversionValue
                0x0800c012                ADC_GetDualModeConversionValue
                0x0800c01c                ADC_AutoInjectedConvCmd
                0x0800c030                ADC_InjectedDiscModeCmd
                0x0800c044                ADC_ExternalTrigInjectedConvConfig
                0x0800c052                ADC_ExternalTrigInjectedConvCmd
                0x0800c066                ADC_SoftwareStartInjectedConvCmd
                0x0800c07a                ADC_GetSoftwareStartInjectedConvCmdStatus
                0x0800c082                ADC_InjectedChannelConfig
                0x0800c0de                ADC_InjectedSequencerLengthConfig
                0x0800c0ee                ADC_SetInjectedOffset
                0x0800c104                ADC_GetInjectedConversionValue
                0x0800c11e                ADC_AnalogWatchdogCmd
                0x0800c130                ADC_AnalogWatchdogThresholdsConfig
                0x0800c136                ADC_AnalogWatchdogSingleChannelConfig
                0x0800c144                ADC_TempSensorVrefintCmd
                0x0800c160                ADC_GetFlagStatus
                0x0800c16c                ADC_ClearFlag
                0x0800c172                ADC_GetITStatus
                0x0800c188                ADC_ClearITPendingBit
 .text          0x0800c190       0xe0 lib/STM32F10x_StdPeriph_Driver/libstm32fw.a(stm32f10x_bkp.o)
                0x0800c190                BKP_DeInit
                0x0800c1a2                BKP_TamperPinLevelConfig
                0x0800c1ac                BKP_TamperPinCmd
                0x0800c1b8                BKP_ITConfig
                0x0800c1c4                BKP_RTCOutputConfig
                0x0800c1dc                BKP_SetRTCCalibrationValue
                0x0800c1f4                BKP_WriteBackupRegister
                0x0800c210                BKP_ReadBackupRegister
                0x0800c230                BKP_GetFlagStatus
                0x0800c23c                BKP_ClearFlag
                0x0800c250                BKP_GetITStatus
                0x0800c25c                BKP_ClearITPendingBit
 .text          0x0800c270      0x1f0 lib/STM32F10x_StdPeriph_Driver/libstm32fw.a(stm32f10x_dma.o)
                0x0800c270                DMA_DeInit
                0x0800c36c                DMA_Init
                0x0800c3ac                DMA_StructInit
                0x0800c3c6                DMA_Cmd
                0x0800c3da                DMA_ITConfig
                0x0800c3ec                DMA_GetCurrDataCounter
                0x0800c3f2                DMA_GetFlagStatus
                0x0800c410                DMA_ClearFlag
                0x0800c428                DMA_GetITStatus
                0x0800c448                DMA_ClearITPendingBit
 .text          0x0800c460      0x108 lib/STM32F10x_StdPeriph_Driver/libstm32fw.a(stm32f10x_exti.o)
                0x0800c460                EXTI_DeInit
                0x0800c47c                EXTI_Init
                0x0800c500                EXTI_StructInit
                0x0800c50e                EXTI_GenerateSWInterrupt
                0x0800c520                EXTI_GetFlagStatus
                0x0800c534                EXTI_ClearFlag
                0x0800c540                EXTI_GetITStatus
                0x0800c55c                EXTI_ClearITPendingBit
 .text          0x0800c568      0x278 lib/STM32F10x_StdPeriph_Driver/libstm32fw.a(stm32f10x_gpio.o)
                0x0800c568                GPIO_DeInit
                0x0800c614                GPIO_AFIODeInit
                0x0800c62a                GPIO_Init
                0x0800c6c2                GPIO_StructInit
                0x0800c6d2                GPIO_ReadInputDataBit
                0x0800c6de                GPIO_ReadInputData
                0x0800c6e4                GPIO_ReadOutputDataBit
                0x0800c6f0                GPIO_ReadOutputData
                0x0800c6f6                GPIO_SetBits
                0x0800c6fa                GPIO_ResetBits
                0x0800c6fe                GPIO_WriteBit
                0x0800c708                GPIO_Write
                0x0800c70c                GPIO_PinLockConfig
                0x0800c71c                GPIO_EventOutputConfig
                0x0800c73c                GPIO_EventOutputCmd
                0x0800c748                GPIO_PinRemapConfig
                0x0800c7a0                GPIO_EXTILineConfig
                0x0800c7d4                GPIO_ETH_MediaInterfaceConfig
 .text          0x0800c7e0       0xcc lib/STM32F10x_StdPeriph_Driver/libstm32fw.a(stm32f10x_pwr.o)
                0x0800c7e4                PWR_DeInit
                0x0800c7fe                PWR_BackupAccessCmd
                0x0800c808                PWR_PVDCmd
                0x0800c814                PWR_PVDLevelConfig
                0x0800c828                PWR_WakeUpPinCmd
                0x0800c834                PWR_EnterSTOPMode
                0x0800c860                PWR_EnterSTANDBYMode
                0x0800c888                PWR_GetFlagStatus
                0x0800c89c                PWR_ClearFlag
 .text          0x0800c8ac      0x360 lib/STM32F10x_StdPeriph_Driver/libstm32fw.a(stm32f10x_rcc.o)
                0x0800c8ac                RCC_DeInit
                0x0800c8ec                RCC_HSEConfig
                0x0800c924                RCC_AdjustHSICalibrationValue
                0x0800c938                RCC_HSICmd
                0x0800c944                RCC_PLLConfig
                0x0800c95c                RCC_PLLCmd
                0x0800c968                RCC_SYSCLKConfig
                0x0800c97c                RCC_GetSYSCLKSource
                0x0800c98c                RCC_HCLKConfig
                0x0800c9a0                RCC_PCLK1Config
                0x0800c9b4                RCC_PCLK2Config
                0x0800c9c8                RCC_ITConfig
                0x0800c9e0                RCC_USBCLKConfig
                0x0800c9ec                RCC_ADCCLKConfig
                0x0800ca00                RCC_LSEConfig
                0x0800ca20                RCC_LSICmd
                0x0800ca2c                RCC_RTCCLKConfig
                0x0800ca3c                RCC_RTCCLKCmd
                0x0800ca48                RCC_GetClocksFreq
                0x0800caec                RCC_AHBPeriphClockCmd
                0x0800cb04                RCC_APB2PeriphClockCmd
                0x0800cb1c                RCC_APB1PeriphClockCmd
                0x0800cb34                RCC_APB2PeriphResetCmd
                0x0800cb4c                RCC_APB1PeriphResetCmd
                0x0800cb64                RCC_BackupResetCmd
                0x0800cb70                RCC_ClockSecuritySystemCmd
                0x0800cb7c                RCC_MCOConfig
                0x0800cb88                RCC_GetFlagStatus
                0x0800cbb0                RCC_WaitForHSEStartUp
                0x0800cbdc                RCC_ClearFlag
                0x0800cbec                RCC_GetITStatus
                0x0800cc00                RCC_ClearITPendingBit
 .text          0x0800cc0c      0x158 lib/STM32F10x_StdPeriph_Driver/libstm32fw.a(stm32f10x_rtc.o)
                0x0800cc0c                RTC_ITConfig
                0x0800cc28                RTC_EnterConfigMode
                0x0800cc3c                RTC_ExitConfigMode
                0x0800cc50                RTC_GetCounter
                0x0800cc64                RTC_SetCounter
                0x0800cc80                RTC_SetPrescaler
                0x0800cca0                RTC_SetAlarm
                0x0800ccbc                RTC_GetDivider
                0x0800ccd4                RTC_WaitForLastTask
                0x0800cce4                RTC_WaitForSynchro
                0x0800cd04                RTC_GetFlagStatus
                0x0800cd18                RTC_ClearFlag
                0x0800cd2c                RTC_GetITStatus
                0x0800cd50                RTC_ClearITPendingBit
 .text          0x0800cd64      0x2d4 lib/STM32F10x_StdPeriph_Driver/libstm32fw.a(stm32f10x_spi.o)
                0x0800cd64                SPI_I2S_DeInit
                0x0800cdc8                SPI_Init
                0x0800ce08                I2S_Init
                0x0800cea8                SPI_StructInit
                0x0800cec0                I2S_StructInit
                0x0800ced2                SPI_Cmd
                0x0800ceec                I2S_Cmd
                0x0800cf06                SPI_I2S_ITConfig
                0x0800cf24                SPI_I2S_DMACmd
                0x0800cf3a                SPI_I2S_SendData
                0x0800cf3e                SPI_I2S_ReceiveData
                0x0800cf44                SPI_NSSInternalSoftwareConfig
                0x0800cf64                SPI_SSOutputCmd
                0x0800cf7e                SPI_DataSizeConfig
                0x0800cf96                SPI_TransmitCRC
                0x0800cfa2                SPI_CalculateCRC
                0x0800cfbc                SPI_GetCRC
                0x0800cfcc                SPI_GetCRCPolynomial
                0x0800cfd2                SPI_BiDirectionalLineConfig
                0x0800cff0                SPI_I2S_GetFlagStatus
                0x0800cffc                SPI_I2S_ClearFlag
                0x0800d002                SPI_I2S_GetITStatus
                0x0800d028                SPI_I2S_ClearITPendingBit
 .text          0x0800d038      0xa80 lib/STM32F10x_StdPeriph_Driver/libstm32fw.a(stm32f10x_tim.o)
                0x0800d0a6                TIM_DeInit
                0x0800d170                TIM_TimeBaseInit
                0x0800d1ac                TIM_OC1Init
                0x0800d22c                TIM_OC2Init
                0x0800d2b4                TIM_OC3Init
                0x0800d338                TIM_OC4Init
                0x0800d39c                TIM_BDTRConfig
                0x0800d3be                TIM_TimeBaseStructInit
                0x0800d3d0                TIM_OCStructInit
                0x0800d3e4                TIM_ICStructInit
                0x0800d3f4                TIM_BDTRStructInit
                0x0800d406                TIM_Cmd
                0x0800d420                TIM_CtrlPWMOutputs
                0x0800d43e                TIM_ITConfig
                0x0800d454                TIM_GenerateEvent
                0x0800d458                TIM_DMAConfig
                0x0800d460                TIM_DMACmd
                0x0800d476                TIM_InternalClockConfig
                0x0800d484                TIM_ETRConfig
                0x0800d49a                TIM_ETRClockMode2Config
                0x0800d4ae                TIM_ETRClockMode1Config
                0x0800d4c8                TIM_PrescalerConfig
                0x0800d4ce                TIM_CounterModeConfig
                0x0800d4e0                TIM_SelectInputTrigger
                0x0800d4f2                TIM_TIxExternalClockConfig
                0x0800d520                TIM_ITRxExternalClockConfig
                0x0800d534                TIM_EncoderInterfaceConfig
                0x0800d572                TIM_ForcedOC1Config
                0x0800d584                TIM_ForcedOC2Config
                0x0800d596                TIM_ForcedOC3Config
                0x0800d5a8                TIM_ForcedOC4Config
                0x0800d5ba                TIM_ARRPreloadConfig
                0x0800d5d4                TIM_SelectCOM
                0x0800d5ee                TIM_SelectCCDMA
                0x0800d608                TIM_CCPreloadControl
                0x0800d622                TIM_OC1PreloadConfig
                0x0800d634                TIM_OC2PreloadConfig
                0x0800d646                TIM_OC3PreloadConfig
                0x0800d658                TIM_OC4PreloadConfig
                0x0800d66a                TIM_OC1FastConfig
                0x0800d67c                TIM_OC2FastConfig
                0x0800d68e                TIM_OC3FastConfig
                0x0800d6a0                TIM_OC4FastConfig
                0x0800d6b2                TIM_ClearOC1Ref
                0x0800d6c4                TIM_ClearOC2Ref
                0x0800d6d2                TIM_ClearOC3Ref
                0x0800d6e4                TIM_ClearOC4Ref
                0x0800d6f2                TIM_OC1PolarityConfig
                0x0800d704                TIM_OC1NPolarityConfig
                0x0800d716                TIM_OC2PolarityConfig
                0x0800d728                TIM_OC2NPolarityConfig
                0x0800d73a                TIM_OC3PolarityConfig
                0x0800d74c                TIM_OC3NPolarityConfig
                0x0800d75e                TIM_OC4PolarityConfig
                0x0800d770                TIM_CCxCmd
                0x0800d78e                TIM_CCxNCmd
                0x0800d7ac                TIM_SelectOCxM
                0x0800d7f8                TIM_UpdateDisableConfig
                0x0800d812                TIM_UpdateRequestConfig
                0x0800d82c                TIM_SelectHallSensor
                0x0800d846                TIM_SelectOnePulseMode
                0x0800d85e                TIM_SelectOutputTrigger
                0x0800d876                TIM_SelectSlaveMode
                0x0800d88e                TIM_SelectMasterSlaveMode
                0x0800d8a6                TIM_SetCounter
                0x0800d8aa                TIM_SetAutoreload
                0x0800d8ae                TIM_SetCompare1
                0x0800d8b2                TIM_SetCompare2
                0x0800d8b6                TIM_SetCompare3
                0x0800d8ba                TIM_SetCompare4
                0x0800d8c0                TIM_SetIC1Prescaler
                0x0800d8d8                TIM_SetIC2Prescaler
                0x0800d8f0                TIM_PWMIConfig
                0x0800d95c                TIM_SetIC3Prescaler
                0x0800d974                TIM_SetIC4Prescaler
                0x0800d98c                TIM_ICInit
                0x0800da50                TIM_SetClockDivision
                0x0800da62                TIM_GetCapture1
                0x0800da68                TIM_GetCapture2
                0x0800da6e                TIM_GetCapture3
                0x0800da74                TIM_GetCapture4
                0x0800da7c                TIM_GetCounter
                0x0800da82                TIM_GetPrescaler
                0x0800da88                TIM_GetFlagStatus
                0x0800da94                TIM_ClearFlag
                0x0800da9a                TIM_GetITStatus
                0x0800dab0                TIM_ClearITPendingBit
 .text          0x0800dab8      0x374 lib/STM32F10x_StdPeriph_Driver/libstm32fw.a(stm32f10x_usart.o)
                0x0800dab8                USART_DeInit
                0x0800db50                USART_Init
                0x0800dbe0                USART_StructInit
                0x0800dbf6                USART_ClockInit
                0x0800dc1c                USART_ClockStructInit
                0x0800dc28                USART_Cmd
                0x0800dc42                USART_ITConfig
                0x0800dc78                USART_DMACmd
                0x0800dc8e                USART_SetAddress
                0x0800dca6                USART_WakeUpConfig
                0x0800dcbe                USART_ReceiverWakeUpCmd
                0x0800dcd8                USART_LINBreakDetectLengthConfig
                0x0800dcf0                USART_LINCmd
                0x0800dd0a                USART_SendData
                0x0800dd12                USART_ReceiveData
                0x0800dd1a                USART_SendBreak
                0x0800dd26                USART_SetGuardTime
                0x0800dd38                USART_SetPrescaler
                0x0800dd4c                USART_SmartCardCmd
                0x0800dd66                USART_SmartCardNACKCmd
                0x0800dd80                USART_HalfDuplexCmd
                0x0800dd9a                USART_IrDAConfig
                0x0800ddb2                USART_IrDACmd
                0x0800ddcc                USART_GetFlagStatus
                0x0800ddd8                USART_ClearFlag
                0x0800ddde                USART_GetITStatus
                0x0800de1e                USART_ClearITPendingBit
 .text          0x0800de2c      0xa54 lib/STM32_USB-FS-Device_Driver/libstm32usb.a(usb_core.o)
                0x0800de2c                Standard_GetConfiguration
                0x0800de54                Standard_GetInterface
                0x0800de7c                Standard_GetStatus
                0x0800dff0                Standard_SetConfiguration
                0x0800e02c                Standard_SetInterface
                0x0800e07c                Standard_ClearFeature
                0x0800e178                Standard_SetEndPointFeature
                0x0800e22c                Standard_SetDeviceFeature
                0x0800e250                Standard_GetDescriptorData
                0x0800e26c                Post0_Process
                0x0800e2b4                Out0_Process
                0x0800e390                Setup0_Process
                0x0800e760                SetDeviceAddress
                0x0800e81c                In0_Process
                0x0800e87c                NOP_Process
 .text          0x0800e880       0x38 lib/STM32_USB-FS-Device_Driver/libstm32usb.a(usb_init.o)
                0x0800e880                USB_Init
 .text          0x0800e8b8      0x25c lib/STM32_USB-FS-Device_Driver/libstm32usb.a(usb_int.o)
                0x0800e8b8                CTR_LP
                0x0800ea80                CTR_HP
 .text          0x0800eb14       0xb8 lib/STM32_USB-FS-Device_Driver/libstm32usb.a(usb_mem.o)
                0x0800eb14                UserToPMABufferCopy
                0x0800eb7c                PMAToUserBufferCopy
 .text          0x0800ebcc      0x880 lib/STM32_USB-FS-Device_Driver/libstm32usb.a(usb_regs.o)
                0x0800ebcc                SetCNTR
                0x0800ebd8                GetCNTR
                0x0800ebe4                SetISTR
                0x0800ebf0                GetISTR
                0x0800ebfc                GetFNR
                0x0800ec08                SetDADDR
                0x0800ec14                GetDADDR
                0x0800ec20                SetBTABLE
                0x0800ec34                GetBTABLE
                0x0800ec40                SetENDPOINT
                0x0800ec50                GetENDPOINT
                0x0800ec60                SetEPType
                0x0800ec7c                GetEPType
                0x0800ec90                SetEPTxStatus
                0x0800ecd0                SetEPRxStatus
                0x0800ed10                SetDouBleBuffEPStall
                0x0800ed38                GetEPTxStatus
                0x0800ed4c                GetEPRxStatus
                0x0800ed60                SetEPTxValid
                0x0800ed84                SetEPRxValid
                0x0800eda8                SetEP_KIND
                0x0800edc8                ClearEP_KIND
                0x0800ede8                Clear_Status_Out
                0x0800ee08                Set_Status_Out
                0x0800ee28                SetEPDoubleBuff
                0x0800ee48                ClearEPDoubleBuff
                0x0800ee68                GetTxStallStatus
                0x0800ee88                GetRxStallStatus
                0x0800eea8                ClearEP_CTR_RX
                0x0800eec0                ClearEP_CTR_TX
                0x0800eed8                ToggleDTOG_RX
                0x0800eef8                ToggleDTOG_TX
                0x0800ef18                ClearDTOG_RX
                0x0800ef40                ClearDTOG_TX
                0x0800ef68                SetEPAddress
                0x0800ef8c                GetEPAddress
                0x0800efa0                SetEPTxAddr
                0x0800efc4                SetEPRxAddr
                0x0800efec                GetEPTxAddr
                0x0800f00c                GetEPRxAddr
                0x0800f02c                SetEPTxCount
                0x0800f04c                SetEPCountRxReg
                0x0800f078                SetEPRxCount
                0x0800f0c0                GetEPTxCount
                0x0800f0e4                GetEPRxCount
                0x0800f108                SetEPDblBuffAddr
                0x0800f150                SetEPDblBuf0Addr
                0x0800f174                SetEPDblBuf1Addr
                0x0800f19c                GetEPDblBuf0Addr
                0x0800f1bc                GetEPDblBuf1Addr
                0x0800f1dc                SetEPDblBuffCount
                0x0800f288                SetEPDblBuf0Count
                0x0800f2f0                SetEPDblBuf1Count
                0x0800f358                GetEPDblBuf0Count
                0x0800f37c                GetEPDblBuf1Count
                0x0800f3a0                GetEPDblBufDir
                0x0800f3e8                FreeUserBuffer
                0x0800f438                ToWord
                0x0800f440                ByteSwap
 .text          0x0800f44c       0x6c lib/STM32_USB-FS-Device_Driver/libstm32usb.a(usb_sil.o)
                0x0800f44c                USB_SIL_Init
                0x0800f46c                USB_SIL_Write
                0x0800f494                USB_SIL_Read
 .text          0x0800f4b8       0x98 /home/laurence/CodeSourcery/Sourcery_G++_Lite/bin/../lib/gcc/arm-none-eabi/4.5.2/../../../../arm-none-eabi/lib/thumb2/libm.a(lib_a-s_sin.o)
                0x0800f4b8                sin
 .text          0x0800f550       0xa8 /home/laurence/CodeSourcery/Sourcery_G++_Lite/bin/../lib/gcc/arm-none-eabi/4.5.2/../../../../arm-none-eabi/lib/thumb2/libm.a(lib_a-w_asin.o)
                0x0800f550                asin
 .text          0x0800f5f8       0xac /home/laurence/CodeSourcery/Sourcery_G++_Lite/bin/../lib/gcc/arm-none-eabi/4.5.2/../../../../arm-none-eabi/lib/thumb2/libm.a(lib_a-w_sqrt.o)
                0x0800f5f8                sqrt
 *fill*         0x0800f6a4        0x4 00
 .text          0x0800f6a8      0x460 /home/laurence/CodeSourcery/Sourcery_G++_Lite/bin/../lib/gcc/arm-none-eabi/4.5.2/../../../../arm-none-eabi/lib/thumb2/libm.a(lib_a-e_asin.o)
                0x0800f6a8                __ieee754_asin
 .text          0x0800fb08      0x450 /home/laurence/CodeSourcery/Sourcery_G++_Lite/bin/../lib/gcc/arm-none-eabi/4.5.2/../../../../arm-none-eabi/lib/thumb2/libm.a(lib_a-e_rem_pio2.o)
                0x0800fb08                __ieee754_rem_pio2
 .text          0x0800ff58      0x1c0 /home/laurence/CodeSourcery/Sourcery_G++_Lite/bin/../lib/gcc/arm-none-eabi/4.5.2/../../../../arm-none-eabi/lib/thumb2/libm.a(lib_a-e_sqrt.o)
                0x0800ff58                __ieee754_sqrt
 .text          0x08010118      0x250 /home/laurence/CodeSourcery/Sourcery_G++_Lite/bin/../lib/gcc/arm-none-eabi/4.5.2/../../../../arm-none-eabi/lib/thumb2/libm.a(lib_a-k_cos.o)
                0x08010118                __kernel_cos
 .text          0x08010368      0x7a8 /home/laurence/CodeSourcery/Sourcery_G++_Lite/bin/../lib/gcc/arm-none-eabi/4.5.2/../../../../arm-none-eabi/lib/thumb2/libm.a(lib_a-k_rem_pio2.o)
                0x08010368                __kernel_rem_pio2
 .text          0x08010b10      0x168 /home/laurence/CodeSourcery/Sourcery_G++_Lite/bin/../lib/gcc/arm-none-eabi/4.5.2/../../../../arm-none-eabi/lib/thumb2/libm.a(lib_a-k_sin.o)
                0x08010b10                __kernel_sin
 .text          0x08010c78        0x8 /home/laurence/CodeSourcery/Sourcery_G++_Lite/bin/../lib/gcc/arm-none-eabi/4.5.2/../../../../arm-none-eabi/lib/thumb2/libm.a(lib_a-s_fabs.o)
                0x08010c78                fabs
 .text          0x08010c80      0x128 /home/laurence/CodeSourcery/Sourcery_G++_Lite/bin/../lib/gcc/arm-none-eabi/4.5.2/../../../../arm-none-eabi/lib/thumb2/libm.a(lib_a-s_floor.o)
                0x08010c80                floor
 .text          0x08010da8       0x90 /home/laurence/CodeSourcery/Sourcery_G++_Lite/bin/../lib/gcc/arm-none-eabi/4.5.2/../../../../arm-none-eabi/lib/thumb2/libm.a(lib_a-s_fpclassify.o)
                0x08010da8                __fpclassifyd
 .text          0x08010e38        0x4 /home/laurence/CodeSourcery/Sourcery_G++_Lite/bin/../lib/gcc/arm-none-eabi/4.5.2/../../../../arm-none-eabi/lib/thumb2/libm.a(lib_a-s_matherr.o)
                0x08010e38                matherr
 .text          0x08010e3c        0xc /home/laurence/CodeSourcery/Sourcery_G++_Lite/bin/../lib/gcc/arm-none-eabi/4.5.2/../../../../arm-none-eabi/lib/thumb2/libm.a(lib_a-s_nan.o)
                0x08010e3c                nan
 .text          0x08010e48      0x108 /home/laurence/CodeSourcery/Sourcery_G++_Lite/bin/../lib/gcc/arm-none-eabi/4.5.2/../../../../arm-none-eabi/lib/thumb2/libm.a(lib_a-s_scalbn.o)
                0x08010e48                scalbn
 .text          0x08010f50       0x14 /home/laurence/CodeSourcery/Sourcery_G++_Lite/bin/../lib/gcc/arm-none-eabi/4.5.2/../../../../arm-none-eabi/lib/thumb2/libm.a(lib_a-s_copysign.o)
                0x08010f50                copysign
 *fill*         0x08010f64        0x4 00
 .text          0x08010f68      0x2b0 /home/laurence/CodeSourcery/Sourcery_G++_Lite/bin/../lib/gcc/arm-none-eabi/4.5.2/thumb2/libgcc.a(_divsi3.o)
                0x08010f68                __aeabi_idiv
                0x08010f68                __divsi3
                0x080111fc                __aeabi_idivmod
 .text          0x08011218        0x4 /home/laurence/CodeSourcery/Sourcery_G++_Lite/bin/../lib/gcc/arm-none-eabi/4.5.2/thumb2/libgcc.a(_dvmd_tls.o)
                0x08011218                __aeabi_ldiv0
                0x08011218                __aeabi_idiv0
 .text          0x0801121c      0x370 /home/laurence/CodeSourcery/Sourcery_G++_Lite/bin/../lib/gcc/arm-none-eabi/4.5.2/thumb2/libgcc.a(_arm_addsubdf3.o)
                0x0801121c                __aeabi_drsub
                0x08011224                __aeabi_dsub
                0x08011224                __subdf3
                0x08011228                __adddf3
                0x08011228                __aeabi_dadd
                0x080114a0                __aeabi_ui2d
                0x080114a0                __floatunsidf
                0x080114c0                __floatsidf
                0x080114c0                __aeabi_i2d
                0x080114e4                __extendsfdf2
                0x080114e4                __aeabi_f2d
                0x08011520                __aeabi_ul2d
                0x08011520                __floatundidf
                0x08011530                __floatdidf
                0x08011530                __aeabi_l2d
 .text          0x0801158c      0x424 /home/laurence/CodeSourcery/Sourcery_G++_Lite/bin/../lib/gcc/arm-none-eabi/4.5.2/thumb2/libgcc.a(_arm_muldivdf3.o)
                0x0801158c                __aeabi_dmul
                0x0801158c                __muldf3
                0x080117e0                __aeabi_ddiv
                0x080117e0                __divdf3
 .text          0x080119b0      0x110 /home/laurence/CodeSourcery/Sourcery_G++_Lite/bin/../lib/gcc/arm-none-eabi/4.5.2/thumb2/libgcc.a(_arm_cmpdf2.o)
                0x080119b0                __gtdf2
                0x080119b0                __gedf2
                0x080119b8                __ltdf2
                0x080119b8                __ledf2
                0x080119c0                __cmpdf2
                0x080119c0                __eqdf2
                0x080119c0                __nedf2
                0x08011a3c                __aeabi_cdrcmple
                0x08011a4c                __aeabi_cdcmple
                0x08011a4c                __aeabi_cdcmpeq
                0x08011a5c                __aeabi_dcmpeq
                0x08011a70                __aeabi_dcmplt
                0x08011a84                __aeabi_dcmple
                0x08011a98                __aeabi_dcmpge
                0x08011aac                __aeabi_dcmpgt
 .text          0x08011ac0       0x50 /home/laurence/CodeSourcery/Sourcery_G++_Lite/bin/../lib/gcc/arm-none-eabi/4.5.2/thumb2/libgcc.a(_arm_fixdfsi.o)
                0x08011ac0                __fixdfsi
                0x08011ac0                __aeabi_d2iz
 .text          0x08011b10       0x40 /home/laurence/CodeSourcery/Sourcery_G++_Lite/bin/../lib/gcc/arm-none-eabi/4.5.2/thumb2/libgcc.a(_arm_fixunsdfsi.o)
                0x08011b10                __fixunsdfsi
                0x08011b10                __aeabi_d2uiz
 .text          0x08011b50       0xa0 /home/laurence/CodeSourcery/Sourcery_G++_Lite/bin/../lib/gcc/arm-none-eabi/4.5.2/thumb2/libgcc.a(_arm_truncdfsf2.o)
                0x08011b50                __aeabi_d2f
                0x08011b50                __truncdfsf2
 .text          0x08011bf0      0x21c /home/laurence/CodeSourcery/Sourcery_G++_Lite/bin/../lib/gcc/arm-none-eabi/4.5.2/thumb2/libgcc.a(_arm_addsubsf3.o)
                0x08011bf0                __aeabi_frsub
                0x08011bf8                __subsf3
                0x08011bf8                __aeabi_fsub
                0x08011bfc                __aeabi_fadd
                0x08011bfc                __addsf3
                0x08011d5c                __aeabi_ui2f
                0x08011d5c                __floatunsisf
                0x08011d64                __aeabi_i2f
                0x08011d64                __floatsisf
                0x08011d80                __floatundisf
                0x08011d80                __aeabi_ul2f
                0x08011d90                __floatdisf
                0x08011d90                __aeabi_l2f
 .text          0x08011e0c      0x2a0 /home/laurence/CodeSourcery/Sourcery_G++_Lite/bin/../lib/gcc/arm-none-eabi/4.5.2/thumb2/libgcc.a(_arm_muldivsf3.o)
                0x08011e0c                __mulsf3
                0x08011e0c                __aeabi_fmul
                0x08011f74                __divsf3
                0x08011f74                __aeabi_fdiv
 .text          0x080120ac       0xec /home/laurence/CodeSourcery/Sourcery_G++_Lite/bin/../lib/gcc/arm-none-eabi/4.5.2/thumb2/libgcc.a(_arm_cmpsf2.o)
                0x080120ac                __gtsf2
                0x080120ac                __gesf2
                0x080120b4                __lesf2
                0x080120b4                __ltsf2
                0x080120bc                __nesf2
                0x080120bc                __eqsf2
                0x080120bc                __cmpsf2
                0x0801211c                __aeabi_cfrcmple
                0x08012124                __aeabi_cfcmple
                0x08012124                __aeabi_cfcmpeq
                0x08012134                __aeabi_fcmpeq
                0x08012148                __aeabi_fcmplt
                0x0801215c                __aeabi_fcmple
                0x08012170                __aeabi_fcmpge
                0x08012184                __aeabi_fcmpgt
 .text          0x08012198       0x40 /home/laurence/CodeSourcery/Sourcery_G++_Lite/bin/../lib/gcc/arm-none-eabi/4.5.2/thumb2/libgcc.a(_arm_fixunssfsi.o)
                0x08012198                __aeabi_f2uiz
                0x08012198                __fixunssfsi
 .text          0x080121d8        0x8 /home/laurence/CodeSourcery/Sourcery_G++_Lite/bin/../lib/gcc/arm-none-eabi/4.5.2/../../../../arm-none-eabi/lib/thumb2/libc.a(lib_a-abs.o)
                0x080121d8                abs
 .text          0x080121e0        0xc /home/laurence/CodeSourcery/Sourcery_G++_Lite/bin/../lib/gcc/arm-none-eabi/4.5.2/../../../../arm-none-eabi/lib/thumb2/libc.a(lib_a-errno.o)
                0x080121e0                __errno
 .text          0x080121ec       0x20 /home/laurence/CodeSourcery/Sourcery_G++_Lite/bin/../lib/gcc/arm-none-eabi/4.5.2/../../../../arm-none-eabi/lib/thumb2/libc.a(lib_a-malloc.o)
                0x080121ec                malloc
                0x080121fc                free
 .text          0x0801220c      0x57c /home/laurence/CodeSourcery/Sourcery_G++_Lite/bin/../lib/gcc/arm-none-eabi/4.5.2/../../../../arm-none-eabi/lib/thumb2/libc.a(lib_a-mallocr.o)
                0x0801220c                _malloc_r
 .text          0x08012788        0x8 /home/laurence/CodeSourcery/Sourcery_G++_Lite/bin/../lib/gcc/arm-none-eabi/4.5.2/../../../../arm-none-eabi/lib/thumb2/libc.a(lib_a-mlock.o)
                0x08012788                __malloc_lock
                0x0801278c                __malloc_unlock
 .text          0x08012790       0x28 /home/laurence/CodeSourcery/Sourcery_G++_Lite/bin/../lib/gcc/arm-none-eabi/4.5.2/../../../../arm-none-eabi/lib/thumb2/libc.a(lib_a-sbrkr.o)
                0x08012790                _sbrk_r
 .text          0x080127b8       0x60 /home/laurence/CodeSourcery/Sourcery_G++_Lite/bin/../lib/gcc/arm-none-eabi/4.5.2/../../../../arm-none-eabi/lib/thumb2/libc.a(lib_a-strlen.o)
                0x080127b8                strlen
 .text          0x08012818      0x240 /home/laurence/CodeSourcery/Sourcery_G++_Lite/bin/../lib/gcc/arm-none-eabi/4.5.2/../../../../arm-none-eabi/lib/thumb2/libc.a(lib_a-freer.o)
                0x08012818                _malloc_trim_r
                0x080128c0                _free_r
 .text          0x08012a58       0x30 /home/laurence/CodeSourcery/Sourcery_G++_Lite/bin/../lib/gcc/arm-none-eabi/4.5.2/../../../../arm-none-eabi/lib/thumb2/libcs3.a(start_c.o)
                0x08012a58                __cs3_premain
 .text.cs3.init
                0x08012a88       0x50 /home/laurence/CodeSourcery/Sourcery_G++_Lite/bin/../lib/gcc/arm-none-eabi/4.5.2/../../../../arm-none-eabi/lib/thumb2/libcs3.a(start_c.o)
                0x08012a88                __cs3_start_c
 .text          0x08012ad8       0x40 /home/laurence/CodeSourcery/Sourcery_G++_Lite/bin/../lib/gcc/arm-none-eabi/4.5.2/../../../../arm-none-eabi/lib/thumb2/libcs3unhosted.a(unhosted-sbrk.o)
                0x08012ad8                _sbrk
 .text.cs3.init
                0x08012b18       0x10 /home/laurence/CodeSourcery/Sourcery_G++_Lite/bin/../lib/gcc/arm-none-eabi/4.5.2/../../../../arm-none-eabi/lib/thumb2/libcs3unhosted.a(unhosted-start.o)
                0x08012b18                _start
 .text          0x08012b28        0x2 lib/libcs3-lanchon-stm32.a(lanchon_stm32_isr_interrupt.o)
                0x08012b28                MemManageException
                0x08012b28                BusFaultException
                0x08012b28                DMAChannel7_IRQHandler
                0x08012b28                DebugMonitor
                0x08012b28                SVCHandler
                0x08012b28                HardFaultException
                0x08012b28                __STM32ReservedException8
                0x08012b28                __STM32DefaultExceptionHandler
                0x08012b28                CAN_SCE_IRQHandler
                0x08012b28                __STM32ReservedException10
                0x08012b28                __STM32ReservedException13
                0x08012b28                NMIException
                0x08012b28                DMAChannel4_IRQHandler
                0x08012b28                PendSVC
                0x08012b28                CAN_RX1_IRQHandler
                0x08012b28                ADC_IRQHandler
                0x08012b28                DMAChannel5_IRQHandler
                0x08012b28                DMAChannel2_IRQHandler
                0x08012b28                __STM32ReservedException7
                0x08012b28                UsageFaultException
                0x08012b28                DMAChannel6_IRQHandler
                0x08012b28                DMAChannel3_IRQHandler
                0x08012b28                __STM32ReservedException9
 *fill*         0x08012b2a        0x2 00
 .text          0x08012b2c       0x50 /home/laurence/CodeSourcery/Sourcery_G++_Lite/bin/../lib/gcc/arm-none-eabi/4.5.2/../../../../arm-none-eabi/lib/thumb2/libc.a(lib_a-init.o)
                0x08012b2c                __libc_init_array
 *(.plt)
 *(.gnu.warning)
 *(.glue_7t)
 .glue_7t       0x00000000        0x0 linker stubs
 *(.glue_7)
 .glue_7        0x00000000        0x0 linker stubs
 *(.vfp11_veneer)
 .vfp11_veneer  0x00000000        0x0 linker stubs
 *(.rodata .rodata.* .gnu.linkonce.r.*)
 .rodata        0x08012b7c       0xac Util/USB/usb_desc.o
                0x08012b7c                MASS_DeviceDescriptor
                0x08012b90                MASS_ConfigDescriptor
                0x08012bb0                MASS_StringLangID
                0x08012bb4                MASS_StringVendor
                0x08012be8                MASS_StringProduct
                0x08012c18                MASS_StringInterface
 .rodata        0x08012c28     0x7738 Util/fat_fs/option/cc932.o
 .rodata.str1.4
                0x0801a360       0x13 Util/fat_fs/src/ff.o
                                 0x14 (size before relaxing)
 *fill*         0x0801a373        0x1 00
 .rodata        0x0801a374        0xc Util/fat_fs/src/rtc.o
 .rodata        0x0801a380       0x14 Util/rprintf.o
 .rodata.str1.4
                0x0801a394       0x1a Util/rprintf.o
                                 0x1c (size before relaxing)
 *fill*         0x0801a3ae        0x2 00
 .rodata.str1.4
                0x0801a3b0       0xc8 main.o
 .rodata.str1.4
                0x0801a478        0x5 /home/laurence/CodeSourcery/Sourcery_G++_Lite/bin/../lib/gcc/arm-none-eabi/4.5.2/../../../../arm-none-eabi/lib/thumb2/libm.a(lib_a-w_asin.o)
                                  0xc (size before relaxing)
 *fill*         0x0801a47d        0x3 00
 .rodata.str1.4
                0x0801a480        0x5 /home/laurence/CodeSourcery/Sourcery_G++_Lite/bin/../lib/gcc/arm-none-eabi/4.5.2/../../../../arm-none-eabi/lib/thumb2/libm.a(lib_a-w_sqrt.o)
                                  0x8 (size before relaxing)
 *fill*         0x0801a485        0x3 00
 .rodata        0x0801a488      0x188 /home/laurence/CodeSourcery/Sourcery_G++_Lite/bin/../lib/gcc/arm-none-eabi/4.5.2/../../../../arm-none-eabi/lib/thumb2/libm.a(lib_a-e_rem_pio2.o)
 .rodata        0x0801a610       0x50 /home/laurence/CodeSourcery/Sourcery_G++_Lite/bin/../lib/gcc/arm-none-eabi/4.5.2/../../../../arm-none-eabi/lib/thumb2/libm.a(lib_a-k_rem_pio2.o)
 .rodata.str1.4
                0x0801a660        0x4 /home/laurence/CodeSourcery/Sourcery_G++_Lite/bin/../lib/gcc/arm-none-eabi/4.5.2/../../../../arm-none-eabi/lib/thumb2/libc.a(lib_a-impure.o)
 *(.ARM.extab* .gnu.linkonce.armextab.*)
 *(.gcc_except_table)
 *(.eh_frame_hdr)
 *(.eh_frame)
                0x0801a664                . = ALIGN (0x4)
 *(.init)
 .init          0x0801a664        0x4 /home/laurence/CodeSourcery/Sourcery_G++_Lite/bin/../lib/gcc/arm-none-eabi/4.5.2/thumb2/crti.o
                0x0801a664                _init
 .init          0x0801a668        0x8 /home/laurence/CodeSourcery/Sourcery_G++_Lite/bin/../lib/gcc/arm-none-eabi/4.5.2/thumb2/crtn.o
                0x0801a670                . = ALIGN (0x4)
                0x0801a670                __preinit_array_start = .
 *(.preinit_array)
                0x0801a670                __preinit_array_end = .
                0x0801a670                . = ALIGN (0x4)
                0x0801a670                __init_array_start = .
 *(SORT(.init_array.*))
 *(.init_array)
 .init_array    0x0801a670        0x4 /home/laurence/CodeSourcery/Sourcery_G++_Lite/bin/../lib/gcc/arm-none-eabi/4.5.2/thumb2/crtbegin.o
                0x0801a674                __init_array_end = .
                0x0801a674                . = ALIGN (0x4)
 *crtbegin.o(.ctors)
 *(EXCLUDE_FILE(*crtend.o) .ctors)
 *(SORT(.ctors.*))
 *crtend.o(.ctors)
                0x0801a674                . = ALIGN (0x4)
 *(.fini)
 .fini          0x0801a674        0x4 /home/laurence/CodeSourcery/Sourcery_G++_Lite/bin/../lib/gcc/arm-none-eabi/4.5.2/thumb2/crti.o
                0x0801a674                _fini
 .fini          0x0801a678        0x8 /home/laurence/CodeSourcery/Sourcery_G++_Lite/bin/../lib/gcc/arm-none-eabi/4.5.2/thumb2/crtn.o
                0x0801a680                . = ALIGN (0x4)
                0x0801a680                __fini_array_start = .
 *(.fini_array)
 .fini_array    0x0801a680        0x4 /home/laurence/CodeSourcery/Sourcery_G++_Lite/bin/../lib/gcc/arm-none-eabi/4.5.2/thumb2/crtbegin.o
 *(SORT(.fini_array.*))
                0x0801a684                __fini_array_end = .
 *crtbegin.o(.dtors)
 *(EXCLUDE_FILE(*crtend.o) .dtors)
 *(SORT(.dtors.*))
 *crtend.o(.dtors)
                0x0801a684                . = ALIGN (0x4)
                0x0801a684                __cs3_regions = .
                0x0801a684        0x4 LONG 0x0
                0x0801a688        0x4 LONG 0x801a698 __cs3_region_init_ram
                0x0801a68c        0x4 LONG 0x20000000 __cs3_region_start_ram
                0x0801a690        0x4 LONG 0x680 __cs3_region_init_size_ram
                0x0801a694        0x4 LONG 0x7d0 __cs3_region_zero_size_ram
                0x0801a698                __exidx_start = .

.v4_bx          0x0801a698        0x0
 .v4_bx         0x00000000        0x0 linker stubs

.ARM.exidx
 *(.ARM.exidx* .gnu.linkonce.armexidx.*)
                0x0801a698                __exidx_end = .

.text.align     0x0801a698        0x0
                0x0801a698                . = ALIGN (0x8)
                0x0801a698                _etext = .
                0x08020000                __cs3_region_end_rom = (__cs3_region_start_rom + 0x20000)
                0x00020000                __cs3_region_size_rom = 0x20000
                0x00000001                __cs3_region_num = 0x1

.data           0x20000000      0x680 load address 0x0801a698
                0x20000000                __cs3_region_start_ram = .
 *(.cs3.region-head.ram)
 *(.jcr)
 .jcr           0x20000000        0x0 /home/laurence/CodeSourcery/Sourcery_G++_Lite/bin/../lib/gcc/arm-none-eabi/4.5.2/thumb2/crtbegin.o
 .jcr           0x20000000        0x4 /home/laurence/CodeSourcery/Sourcery_G++_Lite/bin/../lib/gcc/arm-none-eabi/4.5.2/thumb2/crtend.o
 *(.got.plt)
 *(.got)
 *(.shdata)
 *(.data .data.* .gnu.linkonce.d.*)
 .data          0x20000004       0x74 Util/USB/scsi_data.o
                0x20000004                Standard_Inquiry_Data
                0x20000028                Standard_Inquiry_Data2
                0x2000004c                Mode_Sense6_data
                0x20000050                Mode_Sense10_data
                0x20000058                Scsi_Sense_Data
                0x2000006c                ReadFormatCapacity_Data
 .data          0x20000078       0x1c Util/USB/usb_desc.o
                0x20000078                MASS_StringSerial
 .data          0x20000094       0x38 Util/USB/usb_istr.o
                0x20000094                pEpInt_IN
                0x200000b0                pEpInt_OUT
 .data          0x200000cc       0x90 Util/USB/usb_prop.o
                0x200000cc                String_Descriptor
                0x200000f4                Config_Descriptor
                0x200000fc                Device_Descriptor
                0x20000104                Device_Property
                0x20000134                Device_Table
                0x20000138                User_Standard_Requests
 .data          0x2000015c        0x1 Util/USB/usb_pwr.o
                0x2000015c                fSuspendEnabled
 .data          0x2000015d        0x1 Util/fat_fs/src/sd_spi_stm32.o
 .data          0x2000015e       0x14 lib/STM32F10x_StdPeriph_Driver/libstm32fw.a(stm32f10x_rcc.o)
 .data          0x20000172        0x1 /home/laurence/CodeSourcery/Sourcery_G++_Lite/bin/../lib/gcc/arm-none-eabi/4.5.2/../../../../arm-none-eabi/lib/thumb2/libm.a(lib_a-s_lib_ver.o)
                0x20000172                __fdlib_version
 *fill*         0x20000173        0x1 00
 .data          0x20000174       0xf4 /home/laurence/CodeSourcery/Sourcery_G++_Lite/bin/../lib/gcc/arm-none-eabi/4.5.2/../../../../arm-none-eabi/lib/thumb2/libc.a(lib_a-impure.o)
                0x20000174                _impure_ptr
 .data          0x20000268      0x410 /home/laurence/CodeSourcery/Sourcery_G++_Lite/bin/../lib/gcc/arm-none-eabi/4.5.2/../../../../arm-none-eabi/lib/thumb2/libc.a(lib_a-mallocr.o)
                0x20000268                __malloc_av_
                0x20000670                __malloc_sbrk_base
                0x20000674                __malloc_trim_threshold
 .data          0x20000678        0x4 /home/laurence/CodeSourcery/Sourcery_G++_Lite/bin/../lib/gcc/arm-none-eabi/4.5.2/../../../../arm-none-eabi/lib/thumb2/libcs3unhosted.a(unhosted-sbrk.o)
 .data          0x2000067c        0x4 /home/laurence/CodeSourcery/Sourcery_G++_Lite/bin/../lib/gcc/arm-none-eabi/4.5.2/../../../../arm-none-eabi/lib/thumb2/libcs3.a(heap.o)
                0x2000067c                __cs3_heap_limit
 *(.ram)
                0x20000680                . = ALIGN (0x8)
                0x20000680                _edata = .

.bss            0x20000680      0x7d0 load address 0x0801ad18
 *(.shbss)
 *(.bss .bss.* .gnu.linkonce.b.*)
 .bss           0x20000680        0x1 /home/laurence/CodeSourcery/Sourcery_G++_Lite/bin/../lib/gcc/arm-none-eabi/4.5.2/thumb2/crtbegin.o
 *fill*         0x20000681        0x3 00
 .bss           0x20000684       0x18 Sensors/ppg.o
 .bss           0x2000069c        0x4 Sensors/pressure.o
 .bss           0x200006a0        0x4 Util/USB/mass_mal.o
                0x200006a0                Status
 .bss           0x200006a4       0x1c Util/USB/memory.o
                0x200006a4                TransferState
                0x200006b0                Block_Read_count
                0x200006b4                Counter
 .bss           0x200006c0       0x10 Util/USB/scsi_data.o
                0x200006c0                Page00_Inquiry_Data
                0x200006c8                ReadCapacity10_Data
 .bss           0x200006d0        0x1 Util/USB/usb_istr.o
                0x200006d0                bIntPackSOF
 *fill*         0x200006d1        0x3 00
 .bss           0x200006d4        0x4 Util/USB/usb_prop.o
                0x200006d4                Max_Lun
 .bss           0x200006d8        0x4 Util/USB/usb_pwr.o
                0x200006d8                bDeviceState
 .bss           0x200006dc        0x8 Util/fat_fs/src/ff.o
 .bss           0x200006e4       0x10 Util/fat_fs/src/sd_spi_stm32.o
 .bss           0x200006f4       0x84 Util/rprintf.o
 .bss           0x20000778        0x4 interrupts.o
 .bss           0x2000077c      0x234 main.o
                0x200009ac                file_opened
 .bss           0x200009b0        0x1 lib/STM32_USB-FS-Device_Driver/libstm32usb.a(usb_core.o)
                0x200009b0                Data_Mul_MaxPacketSize
 *fill*         0x200009b1        0x3 00
 .bss           0x200009b4       0x34 /home/laurence/CodeSourcery/Sourcery_G++_Lite/bin/../lib/gcc/arm-none-eabi/4.5.2/../../../../arm-none-eabi/lib/thumb2/libc.a(lib_a-mallocr.o)
                0x200009b4                __malloc_top_pad
                0x200009b8                __malloc_current_mallinfo
                0x200009e0                __malloc_max_sbrked_mem
                0x200009e4                __malloc_max_total_mem
 *(COMMON)
 COMMON         0x200009e8       0x1c Util/USB/mass_mal.o
                0x200009e8                Mass_Memory_Size
                0x200009f0                Mass_Block_Size
                0x200009f8                Mass_Block_Count
                0x20000a00                Data_Buffer
 COMMON         0x20000a04        0x8 Util/USB/memory.o
                0x20000a04                Block_offset
                0x20000a08                Idx
 COMMON         0x20000a0c       0x7c Util/USB/usb_bot.o
                0x20000a0c                CBW
                0x20000a2c                Data_Len
                0x20000a2e                Bot_State
                0x20000a30                SCSI_LBA
                0x20000a34                CSW
                0x20000a44                SCSI_BlkLen
                0x20000a48                Bulk_Data_Buff
 COMMON         0x20000a88        0x2 Util/USB/usb_istr.o
                0x20000a88                wIstr
 *fill*         0x20000a8a        0x2 00
 COMMON         0x20000a8c        0x2 Util/USB/usb_pwr.o
                0x20000a8c                ResumeS
 *fill*         0x20000a8e        0x2 00
 COMMON         0x20000a90        0x4 adc.o
                0x20000a90                ADC1_Convertion_buff
 COMMON         0x20000a94        0x1 gpio.o
                0x20000a94                bootsource
 *fill*         0x20000a95        0x3 00
 COMMON         0x20000a98        0x4 interrupts.o
                0x20000a98                Millis
 COMMON         0x20000a9c      0x370 main.o
                0x20000a9c                Pressure_control
                0x20000aa0                pressure_setpoint
                0x20000aa4                f_err_code
                0x20000aa8                Buff
                0x20000ac0                FATFS_info
                0x20000ae0                print_string
                0x20000be0                a
                0x20000be4                reported_pressure
                0x20000be8                FATFS_logfile
 COMMON         0x20000e0c        0x2 lib/STM32_USB-FS-Device_Driver/libstm32usb.a(usb_core.o)
                0x20000e0c                StatusInfo
 *fill*         0x20000e0e        0x2 00
 COMMON         0x20000e10       0x32 lib/STM32_USB-FS-Device_Driver/libstm32usb.a(usb_init.o)
                0x20000e10                SaveState
                0x20000e14                pProperty
                0x20000e18                EPindex
                0x20000e1c                Device_Info
                0x20000e38                pUser_Standard_Requests
                0x20000e3c                pInformation
                0x20000e40                wInterrupt_Mask
 COMMON         0x20000e42        0x4 lib/STM32_USB-FS-Device_Driver/libstm32usb.a(usb_int.o)
                0x20000e42                SaveRState
                0x20000e44                SaveTState
 *fill*         0x20000e46        0x2 00
 COMMON         0x20000e48        0x4 /home/laurence/CodeSourcery/Sourcery_G++_Lite/bin/../lib/gcc/arm-none-eabi/4.5.2/../../../../arm-none-eabi/lib/thumb2/libc.a(lib_a-reent.o)
                0x20000e48                errno
 *(.ram.b)
                0x20000e50                . = ALIGN (0x8)
 *fill*         0x20000e4c        0x4 00
                0x20000e50                _end = .
                0x20000e50                __end = .
                0x20005000                __cs3_region_end_ram = (__cs3_region_start_ram + 0x5000)
                0x00005000                __cs3_region_size_ram = 0x5000
                0x0801a698                __cs3_region_init_ram = LOADADDR (.data)
                0x00000680                __cs3_region_init_size_ram = (_edata - ADDR (.data))
                0x000007d0                __cs3_region_zero_size_ram = (_end - _edata)
                0x00000001                __cs3_region_num = 0x1

.stab
 *(.stab)

.stabstr
 *(.stabstr)

.debug
 *(.debug)

.line
 *(.line)

.debug_srcinfo
 *(.debug_srcinfo)

.debug_sfnames
 *(.debug_sfnames)

.comment        0x00000000       0x2a
 .comment       0x00000000       0x2a Sensors/ppg.o
                                 0x2b (size before relaxing)
 .comment       0x00000000       0x2b Sensors/pressure.o
 .comment       0x00000000       0x2b Util/USB/hw_config.o
 .comment       0x00000000       0x2b Util/USB/mass_mal.o
 .comment       0x00000000       0x2b Util/USB/memory.o
 .comment       0x00000000       0x2b Util/USB/scsi_data.o
 .comment       0x00000000       0x2b Util/USB/usb_bot.o
 .comment       0x00000000       0x2b Util/USB/usb_desc.o
 .comment       0x00000000       0x2b Util/USB/usb_endp.o
 .comment       0x00000000       0x2b Util/USB/usb_istr.o
 .comment       0x00000000       0x2b Util/USB/usb_prop.o
 .comment       0x00000000       0x2b Util/USB/usb_pwr.o
 .comment       0x00000000       0x2b Util/USB/usb_scsi.o
 .comment       0x00000000       0x2b Util/buffer.o
 .comment       0x00000000       0x2b Util/fat_fs/option/cc932.o
 .comment       0x00000000       0x2b Util/fat_fs/option/syscall.o
 .comment       0x00000000       0x2b Util/fat_fs/src/fattime.o
 .comment       0x00000000       0x2b Util/fat_fs/src/ff.o
 .comment       0x00000000       0x2b Util/fat_fs/src/rtc.o
 .comment       0x00000000       0x2b Util/fat_fs/src/sd_spi_stm32.o
 .comment       0x00000000       0x2b Util/rprintf.o
 .comment       0x00000000       0x2b Util/stm32_eval_spi_sd.o
 .comment       0x00000000       0x2b adc.o
 .comment       0x00000000       0x2b gpio.o
 .comment       0x00000000       0x2b interrupts.o
 .comment       0x00000000       0x2b lib/CMSIS_CM3/core_cm3.o
 .comment       0x00000000       0x2b lib/CMSIS_CM3/system_stm32f10x.o
 .comment       0x00000000       0x2b main.o
 .comment       0x00000000       0x2b pwr.o
 .comment       0x00000000       0x2b timer.o
 .comment       0x00000000       0x2b usart.o
 .comment       0x00000000       0x2b lib/STM32F10x_StdPeriph_Driver/libstm32fw.a(misc.o)
 .comment       0x00000000       0x2b lib/STM32F10x_StdPeriph_Driver/libstm32fw.a(stm32f10x_adc.o)
 .comment       0x00000000       0x2b lib/STM32F10x_StdPeriph_Driver/libstm32fw.a(stm32f10x_bkp.o)
 .comment       0x00000000       0x2b lib/STM32F10x_StdPeriph_Driver/libstm32fw.a(stm32f10x_dma.o)
 .comment       0x00000000       0x2b lib/STM32F10x_StdPeriph_Driver/libstm32fw.a(stm32f10x_exti.o)
 .comment       0x00000000       0x2b lib/STM32F10x_StdPeriph_Driver/libstm32fw.a(stm32f10x_gpio.o)
 .comment       0x00000000       0x2b lib/STM32F10x_StdPeriph_Driver/libstm32fw.a(stm32f10x_pwr.o)
 .comment       0x00000000       0x2b lib/STM32F10x_StdPeriph_Driver/libstm32fw.a(stm32f10x_rcc.o)
 .comment       0x00000000       0x2b lib/STM32F10x_StdPeriph_Driver/libstm32fw.a(stm32f10x_rtc.o)
 .comment       0x00000000       0x2b lib/STM32F10x_StdPeriph_Driver/libstm32fw.a(stm32f10x_spi.o)
 .comment       0x00000000       0x2b lib/STM32F10x_StdPeriph_Driver/libstm32fw.a(stm32f10x_tim.o)
 .comment       0x00000000       0x2b lib/STM32F10x_StdPeriph_Driver/libstm32fw.a(stm32f10x_usart.o)
 .comment       0x00000000       0x2b lib/STM32_USB-FS-Device_Driver/libstm32usb.a(usb_core.o)
 .comment       0x00000000       0x2b lib/STM32_USB-FS-Device_Driver/libstm32usb.a(usb_init.o)
 .comment       0x00000000       0x2b lib/STM32_USB-FS-Device_Driver/libstm32usb.a(usb_int.o)
 .comment       0x00000000       0x2b lib/STM32_USB-FS-Device_Driver/libstm32usb.a(usb_mem.o)
 .comment       0x00000000       0x2b lib/STM32_USB-FS-Device_Driver/libstm32usb.a(usb_regs.o)
 .comment       0x00000000       0x2b lib/STM32_USB-FS-Device_Driver/libstm32usb.a(usb_sil.o)

.debug_aranges  0x00000000      0x3a8
 *(.debug_aranges)
 .debug_aranges
                0x00000000       0x20 Sensors/ppg.o
 .debug_aranges
                0x00000020       0x20 Sensors/pressure.o
 .debug_aranges
                0x00000040       0x20 Util/USB/hw_config.o
 .debug_aranges
                0x00000060       0x20 Util/USB/mass_mal.o
 .debug_aranges
                0x00000080       0x20 Util/USB/memory.o
 .debug_aranges
                0x000000a0       0x20 Util/USB/usb_bot.o
 .debug_aranges
                0x000000c0       0x20 Util/USB/usb_endp.o
 .debug_aranges
                0x000000e0       0x20 Util/USB/usb_istr.o
 .debug_aranges
                0x00000100       0x20 Util/USB/usb_prop.o
 .debug_aranges
                0x00000120       0x20 Util/USB/usb_pwr.o
 .debug_aranges
                0x00000140       0x20 Util/USB/usb_scsi.o
 .debug_aranges
                0x00000160       0x20 Util/buffer.o
 .debug_aranges
                0x00000180       0x20 Util/fat_fs/option/cc932.o
 .debug_aranges
                0x000001a0       0x20 Util/fat_fs/src/fattime.o
 .debug_aranges
                0x000001c0       0x20 Util/fat_fs/src/ff.o
 .debug_aranges
                0x000001e0       0x20 Util/fat_fs/src/rtc.o
 .debug_aranges
                0x00000200       0x20 Util/fat_fs/src/sd_spi_stm32.o
 .debug_aranges
                0x00000220       0x20 Util/rprintf.o
 .debug_aranges
                0x00000240       0x20 Util/stm32_eval_spi_sd.o
 .debug_aranges
                0x00000260       0x20 adc.o
 .debug_aranges
                0x00000280       0x20 gpio.o
 .debug_aranges
                0x000002a0       0x20 interrupts.o
 .debug_aranges
                0x000002c0       0x20 lib/CMSIS_CM3/core_cm3.o
 .debug_aranges
                0x000002e0       0x28 lib/CMSIS_CM3/startup/gcc/startup_stm32f10x_md.o
 .debug_aranges
                0x00000308       0x20 lib/CMSIS_CM3/system_stm32f10x.o
 .debug_aranges
                0x00000328       0x20 main.o
 .debug_aranges
                0x00000348       0x20 pwr.o
 .debug_aranges
                0x00000368       0x20 timer.o
 .debug_aranges
                0x00000388       0x20 usart.o

.debug_pubnames
                0x00000000     0x144d
 *(.debug_pubnames)
 .debug_pubnames
                0x00000000       0x4e Sensors/ppg.o
 .debug_pubnames
                0x0000004e       0x47 Sensors/pressure.o
 .debug_pubnames
                0x00000095      0x113 Util/USB/hw_config.o
 .debug_pubnames
                0x000001a8       0xa5 Util/USB/mass_mal.o
 .debug_pubnames
                0x0000024d       0x7f Util/USB/memory.o
 .debug_pubnames
                0x000002cc       0xd2 Util/USB/scsi_data.o
 .debug_pubnames
                0x0000039e       0xd9 Util/USB/usb_bot.o
 .debug_pubnames
                0x00000477       0xb8 Util/USB/usb_desc.o
 .debug_pubnames
                0x0000052f       0x3b Util/USB/usb_endp.o
 .debug_pubnames
                0x0000056a       0x56 Util/USB/usb_istr.o
 .debug_pubnames
                0x000005c0      0x1f6 Util/USB/usb_prop.o
 .debug_pubnames
                0x000007b6       0x83 Util/USB/usb_pwr.o
 .debug_pubnames
                0x00000839      0x195 Util/USB/usb_scsi.o
 .debug_pubnames
                0x000009ce       0x48 Util/buffer.o
 .debug_pubnames
                0x00000a16       0x31 Util/fat_fs/option/cc932.o
 .debug_pubnames
                0x00000a47       0x22 Util/fat_fs/src/fattime.o
 .debug_pubnames
                0x00000a69      0x14a Util/fat_fs/src/ff.o
 .debug_pubnames
                0x00000bb3       0x55 Util/fat_fs/src/rtc.o
 .debug_pubnames
                0x00000c08       0x75 Util/fat_fs/src/sd_spi_stm32.o
 .debug_pubnames
                0x00000c7d       0xf9 Util/rprintf.o
 .debug_pubnames
                0x00000d76      0x167 Util/stm32_eval_spi_sd.o
 .debug_pubnames
                0x00000edd       0x66 adc.o
 .debug_pubnames
                0x00000f43       0x64 gpio.o
 .debug_pubnames
                0x00000fa7       0xe9 interrupts.o
 .debug_pubnames
                0x00001090      0x159 lib/CMSIS_CM3/core_cm3.o
 .debug_pubnames
                0x000011e9       0xa3 lib/CMSIS_CM3/system_stm32f10x.o
 .debug_pubnames
                0x0000128c       0xe6 main.o
 .debug_pubnames
                0x00001372       0x3c pwr.o
 .debug_pubnames
                0x000013ae       0x3b timer.o
 .debug_pubnames
                0x000013e9       0x64 usart.o

.debug_info     0x00000000     0xdfbe
 *(.debug_info .gnu.linkonce.wi.*)
 .debug_info    0x00000000      0x29a Sensors/ppg.o
 .debug_info    0x0000029a      0x14f Sensors/pressure.o
 .debug_info    0x000003e9      0x731 Util/USB/hw_config.o
 .debug_info    0x00000b1a      0x302 Util/USB/mass_mal.o
 .debug_info    0x00000e1c      0x333 Util/USB/memory.o
 .debug_info    0x0000114f      0x16b Util/USB/scsi_data.o
 .debug_info    0x000012ba      0x49d Util/USB/usb_bot.o
 .debug_info    0x00001757      0x187 Util/USB/usb_desc.o
 .debug_info    0x000018de       0x98 Util/USB/usb_endp.o
 .debug_info    0x00001976      0x311 Util/USB/usb_istr.o
 .debug_info    0x00001c87      0x9b4 Util/USB/usb_prop.o
 .debug_info    0x0000263b      0x3c3 Util/USB/usb_pwr.o
 .debug_info    0x000029fe      0x899 Util/USB/usb_scsi.o
 .debug_info    0x00003297      0x194 Util/buffer.o
 .debug_info    0x0000342b      0x1b9 Util/fat_fs/option/cc932.o
 .debug_info    0x000035e4       0x77 Util/fat_fs/option/syscall.o
 .debug_info    0x0000365b      0x15a Util/fat_fs/src/fattime.o
 .debug_info    0x000037b5     0x325b Util/fat_fs/src/ff.o
 .debug_info    0x00006a10      0x532 Util/fat_fs/src/rtc.o
 .debug_info    0x00006f42     0x183f Util/fat_fs/src/sd_spi_stm32.o
 .debug_info    0x00008781      0xe1f Util/rprintf.o
 .debug_info    0x000095a0     0x1a18 Util/stm32_eval_spi_sd.o
 .debug_info    0x0000afb8      0x453 adc.o
 .debug_info    0x0000b40b      0x287 gpio.o
 .debug_info    0x0000b692      0xbbe interrupts.o
 .debug_info    0x0000c250      0x547 lib/CMSIS_CM3/core_cm3.o
 .debug_info    0x0000c797       0x79 lib/CMSIS_CM3/startup/gcc/startup_stm32f10x_md.o
 .debug_info    0x0000c810      0x2d0 lib/CMSIS_CM3/system_stm32f10x.o
 .debug_info    0x0000cae0      0xa87 main.o
 .debug_info    0x0000d567       0xcf pwr.o
 .debug_info    0x0000d636      0x53f timer.o
 .debug_info    0x0000db75      0x449 usart.o

.debug_abbrev   0x00000000     0x2d03
 *(.debug_abbrev)
 .debug_abbrev  0x00000000      0x153 Sensors/ppg.o
 .debug_abbrev  0x00000153       0xc2 Sensors/pressure.o
 .debug_abbrev  0x00000215      0x2d3 Util/USB/hw_config.o
 .debug_abbrev  0x000004e8      0x111 Util/USB/mass_mal.o
 .debug_abbrev  0x000005f9      0x110 Util/USB/memory.o
 .debug_abbrev  0x00000709       0x5c Util/USB/scsi_data.o
 .debug_abbrev  0x00000765      0x198 Util/USB/usb_bot.o
 .debug_abbrev  0x000008fd       0x63 Util/USB/usb_desc.o
 .debug_abbrev  0x00000960       0x41 Util/USB/usb_endp.o
 .debug_abbrev  0x000009a1      0x113 Util/USB/usb_istr.o
 .debug_abbrev  0x00000ab4      0x1d0 Util/USB/usb_prop.o
 .debug_abbrev  0x00000c84      0x1bd Util/USB/usb_pwr.o
 .debug_abbrev  0x00000e41      0x253 Util/USB/usb_scsi.o
 .debug_abbrev  0x00001094       0xc1 Util/buffer.o
 .debug_abbrev  0x00001155       0xd2 Util/fat_fs/option/cc932.o
 .debug_abbrev  0x00001227       0x2c Util/fat_fs/option/syscall.o
 .debug_abbrev  0x00001253       0x97 Util/fat_fs/src/fattime.o
 .debug_abbrev  0x000012ea      0x2f7 Util/fat_fs/src/ff.o
 .debug_abbrev  0x000015e1      0x213 Util/fat_fs/src/rtc.o
 .debug_abbrev  0x000017f4      0x34b Util/fat_fs/src/sd_spi_stm32.o
 .debug_abbrev  0x00001b3f      0x2e4 Util/rprintf.o
 .debug_abbrev  0x00001e23      0x2e8 Util/stm32_eval_spi_sd.o
 .debug_abbrev  0x0000210b      0x143 adc.o
 .debug_abbrev  0x0000224e      0x143 gpio.o
 .debug_abbrev  0x00002391      0x29e interrupts.o
 .debug_abbrev  0x0000262f       0xc1 lib/CMSIS_CM3/core_cm3.o
 .debug_abbrev  0x000026f0       0x12 lib/CMSIS_CM3/startup/gcc/startup_stm32f10x_md.o
 .debug_abbrev  0x00002702      0x112 lib/CMSIS_CM3/system_stm32f10x.o
 .debug_abbrev  0x00002814      0x1d7 main.o
 .debug_abbrev  0x000029eb       0x79 pwr.o
 .debug_abbrev  0x00002a64      0x119 timer.o
 .debug_abbrev  0x00002b7d      0x186 usart.o

.debug_line     0x00000000     0xa93f
 *(.debug_line)
 .debug_line    0x00000000      0x616 Sensors/ppg.o
 .debug_line    0x00000616      0x311 Sensors/pressure.o
 .debug_line    0x00000927      0x5e6 Util/USB/hw_config.o
 .debug_line    0x00000f0d      0x558 Util/USB/mass_mal.o
 .debug_line    0x00001465      0x454 Util/USB/memory.o
 .debug_line    0x000018b9      0x323 Util/USB/scsi_data.o
 .debug_line    0x00001bdc      0x546 Util/USB/usb_bot.o
 .debug_line    0x00002122      0x2d7 Util/USB/usb_desc.o
 .debug_line    0x000023f9      0x3a4 Util/USB/usb_endp.o
 .debug_line    0x0000279d      0x3df Util/USB/usb_istr.o
 .debug_line    0x00002b7c      0x493 Util/USB/usb_prop.o
 .debug_line    0x0000300f      0x43c Util/USB/usb_pwr.o
 .debug_line    0x0000344b      0x63d Util/USB/usb_scsi.o
 .debug_line    0x00003a88      0x4a4 Util/buffer.o
 .debug_line    0x00003f2c       0xd8 Util/fat_fs/option/cc932.o
 .debug_line    0x00004004      0x2fc Util/fat_fs/option/syscall.o
 .debug_line    0x00004300      0x179 Util/fat_fs/src/fattime.o
 .debug_line    0x00004479     0x1c86 Util/fat_fs/src/ff.o
 .debug_line    0x000060ff      0x469 Util/fat_fs/src/rtc.o
 .debug_line    0x00006568      0x830 Util/fat_fs/src/sd_spi_stm32.o
 .debug_line    0x00006d98      0xcbe Util/rprintf.o
 .debug_line    0x00007a56      0x98f Util/stm32_eval_spi_sd.o
 .debug_line    0x000083e5      0x511 adc.o
 .debug_line    0x000088f6      0x36e gpio.o
 .debug_line    0x00008c64      0x51b interrupts.o
 .debug_line    0x0000917f      0x198 lib/CMSIS_CM3/core_cm3.o
 .debug_line    0x00009317       0x84 lib/CMSIS_CM3/startup/gcc/startup_stm32f10x_md.o
 .debug_line    0x0000939b      0x320 lib/CMSIS_CM3/system_stm32f10x.o
 .debug_line    0x000096bb      0x709 main.o
 .debug_line    0x00009dc4      0x2dd pwr.o
 .debug_line    0x0000a0a1      0x346 timer.o
 .debug_line    0x0000a3e7      0x558 usart.o

.debug_frame    0x00000000     0x1d84
 *(.debug_frame)
 .debug_frame   0x00000000       0x70 Sensors/ppg.o
 .debug_frame   0x00000070       0x60 Sensors/pressure.o
 .debug_frame   0x000000d0       0xec Util/USB/hw_config.o
 .debug_frame   0x000001bc       0x80 Util/USB/mass_mal.o
 .debug_frame   0x0000023c       0x50 Util/USB/memory.o
 .debug_frame   0x0000028c       0xc0 Util/USB/usb_bot.o
 .debug_frame   0x0000034c       0x30 Util/USB/usb_endp.o
 .debug_frame   0x0000037c       0x2c Util/USB/usb_istr.o
 .debug_frame   0x000003a8      0x11c Util/USB/usb_prop.o
 .debug_frame   0x000004c4       0x94 Util/USB/usb_pwr.o
 .debug_frame   0x00000558      0x180 Util/USB/usb_scsi.o
 .debug_frame   0x000006d8       0x64 Util/buffer.o
 .debug_frame   0x0000073c       0x3c Util/fat_fs/option/cc932.o
 .debug_frame   0x00000778       0x2c Util/fat_fs/src/fattime.o
 .debug_frame   0x000007a4      0x564 Util/fat_fs/src/ff.o
 .debug_frame   0x00000d08       0x84 Util/fat_fs/src/rtc.o
 .debug_frame   0x00000d8c      0x12c Util/fat_fs/src/sd_spi_stm32.o
 .debug_frame   0x00000eb8      0x1d4 Util/rprintf.o
 .debug_frame   0x0000108c      0x25c Util/stm32_eval_spi_sd.o
 .debug_frame   0x000012e8       0x74 adc.o
 .debug_frame   0x0000135c       0x60 gpio.o
 .debug_frame   0x000013bc       0xf0 interrupts.o
 .debug_frame   0x000014ac      0x170 lib/CMSIS_CM3/core_cm3.o
 .debug_frame   0x0000161c       0x24 lib/CMSIS_CM3/system_stm32f10x.o
 .debug_frame   0x00001640       0x70 main.o
 .debug_frame   0x000016b0       0x50 pwr.o
 .debug_frame   0x00001700       0x68 timer.o
 .debug_frame   0x00001768       0x78 usart.o
 .debug_frame   0x000017e0       0x30 /home/laurence/CodeSourcery/Sourcery_G++_Lite/bin/../lib/gcc/arm-none-eabi/4.5.2/../../../../arm-none-eabi/lib/thumb2/libm.a(lib_a-s_sin.o)
 .debug_frame   0x00001810       0x34 /home/laurence/CodeSourcery/Sourcery_G++_Lite/bin/../lib/gcc/arm-none-eabi/4.5.2/../../../../arm-none-eabi/lib/thumb2/libm.a(lib_a-w_asin.o)
 .debug_frame   0x00001844       0x38 /home/laurence/CodeSourcery/Sourcery_G++_Lite/bin/../lib/gcc/arm-none-eabi/4.5.2/../../../../arm-none-eabi/lib/thumb2/libm.a(lib_a-w_sqrt.o)
 .debug_frame   0x0000187c       0x3c /home/laurence/CodeSourcery/Sourcery_G++_Lite/bin/../lib/gcc/arm-none-eabi/4.5.2/../../../../arm-none-eabi/lib/thumb2/libm.a(lib_a-e_asin.o)
 .debug_frame   0x000018b8       0x3c /home/laurence/CodeSourcery/Sourcery_G++_Lite/bin/../lib/gcc/arm-none-eabi/4.5.2/../../../../arm-none-eabi/lib/thumb2/libm.a(lib_a-e_rem_pio2.o)
 .debug_frame   0x000018f4       0x34 /home/laurence/CodeSourcery/Sourcery_G++_Lite/bin/../lib/gcc/arm-none-eabi/4.5.2/../../../../arm-none-eabi/lib/thumb2/libm.a(lib_a-e_sqrt.o)
 .debug_frame   0x00001928       0x3c /home/laurence/CodeSourcery/Sourcery_G++_Lite/bin/../lib/gcc/arm-none-eabi/4.5.2/../../../../arm-none-eabi/lib/thumb2/libm.a(lib_a-k_cos.o)
 .debug_frame   0x00001964       0x3c /home/laurence/CodeSourcery/Sourcery_G++_Lite/bin/../lib/gcc/arm-none-eabi/4.5.2/../../../../arm-none-eabi/lib/thumb2/libm.a(lib_a-k_rem_pio2.o)
 .debug_frame   0x000019a0       0x3c /home/laurence/CodeSourcery/Sourcery_G++_Lite/bin/../lib/gcc/arm-none-eabi/4.5.2/../../../../arm-none-eabi/lib/thumb2/libm.a(lib_a-k_sin.o)
 .debug_frame   0x000019dc       0x20 /home/laurence/CodeSourcery/Sourcery_G++_Lite/bin/../lib/gcc/arm-none-eabi/4.5.2/../../../../arm-none-eabi/lib/thumb2/libm.a(lib_a-s_fabs.o)
 .debug_frame   0x000019fc       0x34 /home/laurence/CodeSourcery/Sourcery_G++_Lite/bin/../lib/gcc/arm-none-eabi/4.5.2/../../../../arm-none-eabi/lib/thumb2/libm.a(lib_a-s_floor.o)
 .debug_frame   0x00001a30       0x28 /home/laurence/CodeSourcery/Sourcery_G++_Lite/bin/../lib/gcc/arm-none-eabi/4.5.2/../../../../arm-none-eabi/lib/thumb2/libm.a(lib_a-s_fpclassify.o)
 .debug_frame   0x00001a58       0x20 /home/laurence/CodeSourcery/Sourcery_G++_Lite/bin/../lib/gcc/arm-none-eabi/4.5.2/../../../../arm-none-eabi/lib/thumb2/libm.a(lib_a-s_matherr.o)
 .debug_frame   0x00001a78       0x20 /home/laurence/CodeSourcery/Sourcery_G++_Lite/bin/../lib/gcc/arm-none-eabi/4.5.2/../../../../arm-none-eabi/lib/thumb2/libm.a(lib_a-s_nan.o)
 .debug_frame   0x00001a98       0x30 /home/laurence/CodeSourcery/Sourcery_G++_Lite/bin/../lib/gcc/arm-none-eabi/4.5.2/../../../../arm-none-eabi/lib/thumb2/libm.a(lib_a-s_scalbn.o)
 .debug_frame   0x00001ac8       0x28 /home/laurence/CodeSourcery/Sourcery_G++_Lite/bin/../lib/gcc/arm-none-eabi/4.5.2/../../../../arm-none-eabi/lib/thumb2/libm.a(lib_a-s_copysign.o)
 .debug_frame   0x00001af0       0x20 /home/laurence/CodeSourcery/Sourcery_G++_Lite/bin/../lib/gcc/arm-none-eabi/4.5.2/thumb2/libgcc.a(_divsi3.o)
 .debug_frame   0x00001b10       0x20 /home/laurence/CodeSourcery/Sourcery_G++_Lite/bin/../lib/gcc/arm-none-eabi/4.5.2/../../../../arm-none-eabi/lib/thumb2/libc.a(lib_a-abs.o)
 .debug_frame   0x00001b30       0x20 /home/laurence/CodeSourcery/Sourcery_G++_Lite/bin/../lib/gcc/arm-none-eabi/4.5.2/../../../../arm-none-eabi/lib/thumb2/libc.a(lib_a-errno.o)
 .debug_frame   0x00001b50       0x30 /home/laurence/CodeSourcery/Sourcery_G++_Lite/bin/../lib/gcc/arm-none-eabi/4.5.2/../../../../arm-none-eabi/lib/thumb2/libc.a(lib_a-malloc.o)
 .debug_frame   0x00001b80       0x3c /home/laurence/CodeSourcery/Sourcery_G++_Lite/bin/../lib/gcc/arm-none-eabi/4.5.2/../../../../arm-none-eabi/lib/thumb2/libc.a(lib_a-mallocr.o)
 .debug_frame   0x00001bbc       0x30 /home/laurence/CodeSourcery/Sourcery_G++_Lite/bin/../lib/gcc/arm-none-eabi/4.5.2/../../../../arm-none-eabi/lib/thumb2/libc.a(lib_a-mlock.o)
 .debug_frame   0x00001bec       0x2c /home/laurence/CodeSourcery/Sourcery_G++_Lite/bin/../lib/gcc/arm-none-eabi/4.5.2/../../../../arm-none-eabi/lib/thumb2/libc.a(lib_a-sbrkr.o)
 .debug_frame   0x00001c18       0x20 /home/laurence/CodeSourcery/Sourcery_G++_Lite/bin/../lib/gcc/arm-none-eabi/4.5.2/../../../../arm-none-eabi/lib/thumb2/libc.a(lib_a-strlen.o)
 .debug_frame   0x00001c38       0x50 /home/laurence/CodeSourcery/Sourcery_G++_Lite/bin/../lib/gcc/arm-none-eabi/4.5.2/../../../../arm-none-eabi/lib/thumb2/libc.a(lib_a-freer.o)
 .debug_frame   0x00001c88       0x68 /home/laurence/CodeSourcery/Sourcery_G++_Lite/bin/../lib/gcc/arm-none-eabi/4.5.2/../../../../arm-none-eabi/lib/thumb2/libc.a(lib_a-reent.o)
 .debug_frame   0x00001cf0       0x40 /home/laurence/CodeSourcery/Sourcery_G++_Lite/bin/../lib/gcc/arm-none-eabi/4.5.2/../../../../arm-none-eabi/lib/thumb2/libcs3.a(start_c.o)
 .debug_frame   0x00001d30       0x28 /home/laurence/CodeSourcery/Sourcery_G++_Lite/bin/../lib/gcc/arm-none-eabi/4.5.2/../../../../arm-none-eabi/lib/thumb2/libcs3unhosted.a(unhosted-sbrk.o)
 .debug_frame   0x00001d58       0x2c /home/laurence/CodeSourcery/Sourcery_G++_Lite/bin/../lib/gcc/arm-none-eabi/4.5.2/../../../../arm-none-eabi/lib/thumb2/libc.a(lib_a-init.o)

.debug_str      0x00000000     0x2e4e
 *(.debug_str)
 .debug_str     0x00000000      0x144 Sensors/ppg.o
                                0x1a8 (size before relaxing)
 .debug_str     0x00000144       0x55 Sensors/pressure.o
                                0x12d (size before relaxing)
 .debug_str     0x00000199      0x637 Util/USB/hw_config.o
                                0x742 (size before relaxing)
 .debug_str     0x000007d0       0xad Util/USB/mass_mal.o
                                0x1b6 (size before relaxing)
 .debug_str     0x0000087d       0xd5 Util/USB/memory.o
                                0x200 (size before relaxing)
 .debug_str     0x00000952       0xa5 Util/USB/scsi_data.o
                                0x170 (size before relaxing)
 .debug_str     0x000009f7       0xd6 Util/USB/usb_bot.o
                                0x22f (size before relaxing)
 .debug_str     0x00000acd       0x8c Util/USB/usb_desc.o
                                0x159 (size before relaxing)
 .debug_str     0x00000b59       0x35 Util/USB/usb_endp.o
                                 0xe8 (size before relaxing)
 .debug_str     0x00000b8e      0x1bf Util/USB/usb_istr.o
                                0x2dd (size before relaxing)
 .debug_str     0x00000d4d      0x334 Util/USB/usb_prop.o
                                0x7e5 (size before relaxing)
 .debug_str     0x00001081       0x6c Util/USB/usb_pwr.o
                                0x2c2 (size before relaxing)
 .debug_str     0x000010ed      0x197 Util/USB/usb_scsi.o
                                0x39c (size before relaxing)
 .debug_str     0x00001284       0x38 Util/buffer.o
                                0x134 (size before relaxing)
 .debug_str     0x000012bc       0x5a Util/fat_fs/option/cc932.o
                                 0xe1 (size before relaxing)
 .debug_str     0x00001316       0x1d Util/fat_fs/option/syscall.o
                                 0xd5 (size before relaxing)
 .debug_str     0x00001333       0x47 Util/fat_fs/src/fattime.o
                                0x11a (size before relaxing)
 .debug_str     0x0000137a      0x4c5 Util/fat_fs/src/ff.o
                                0x5c2 (size before relaxing)
 .debug_str     0x0000183f       0xa8 Util/fat_fs/src/rtc.o
                                0x1aa (size before relaxing)
 .debug_str     0x000018e7      0x51f Util/fat_fs/src/sd_spi_stm32.o
                                0x691 (size before relaxing)
 .debug_str     0x00001e06      0x134 Util/rprintf.o
                                0x22e (size before relaxing)
 .debug_str     0x00001f3a      0x4ea Util/stm32_eval_spi_sd.o
                                0x84c (size before relaxing)
 .debug_str     0x00002424      0x12d adc.o
                                0x31b (size before relaxing)
 .debug_str     0x00002551       0x45 gpio.o
                                0x263 (size before relaxing)
 .debug_str     0x00002596      0x2d2 interrupts.o
                                0x861 (size before relaxing)
 .debug_str     0x00002868      0x13d lib/CMSIS_CM3/core_cm3.o
                                0x22f (size before relaxing)
 .debug_str     0x000029a5      0x12d lib/CMSIS_CM3/system_stm32f10x.o
                                0x20a (size before relaxing)
 .debug_str     0x00002ad2      0x11c main.o
                                0x58a (size before relaxing)
 .debug_str     0x00002bee       0x1e pwr.o
                                 0xef (size before relaxing)
 .debug_str     0x00002c0c      0x15e timer.o
                                0x38c (size before relaxing)
 .debug_str     0x00002d6a       0xe4 usart.o
                                0x343 (size before relaxing)

.debug_loc      0x00000000     0xfcaa
 *(.debug_loc)
 .debug_loc     0x00000000      0x1a7 Sensors/ppg.o
 .debug_loc     0x000001a7       0xdd Sensors/pressure.o