Archive member included because of file (symbol)

lib/STM32F10x_StdPeriph_Driver/libstm32fw.a(misc.o)
                              interrupts.o (NVIC_PriorityGroupConfig)
lib/STM32F10x_StdPeriph_Driver/libstm32fw.a(stm32f10x_adc.o)
                              adc.o (ADC_DeInit)
lib/STM32F10x_StdPeriph_Driver/libstm32fw.a(stm32f10x_bkp.o)
                              Util/fat_fs/src/rtc.o (BKP_DeInit)
lib/STM32F10x_StdPeriph_Driver/libstm32fw.a(stm32f10x_dbgmcu.o)
                              main.o (DBGMCU_Config)
lib/STM32F10x_StdPeriph_Driver/libstm32fw.a(stm32f10x_dma.o)
                              Util/fat_fs/src/sd_spi_stm32.o (DMA_DeInit)
lib/STM32F10x_StdPeriph_Driver/libstm32fw.a(stm32f10x_exti.o)
                              interrupts.o (EXTI_DeInit)
lib/STM32F10x_StdPeriph_Driver/libstm32fw.a(stm32f10x_gpio.o)
                              Util/fat_fs/src/sd_spi_stm32.o (GPIO_Init)
lib/STM32F10x_StdPeriph_Driver/libstm32fw.a(stm32f10x_i2c.o)
                              i2c_int.o (I2C_DeInit)
lib/STM32F10x_StdPeriph_Driver/libstm32fw.a(stm32f10x_iwdg.o)
                              watchdog.o (IWDG_WriteAccessCmd)
lib/STM32F10x_StdPeriph_Driver/libstm32fw.a(stm32f10x_pwr.o)
                              pwr.o (PWR_DeInit)
lib/STM32F10x_StdPeriph_Driver/libstm32fw.a(stm32f10x_rcc.o)
                              interrupts.o (RCC_HCLKConfig)
lib/STM32F10x_StdPeriph_Driver/libstm32fw.a(stm32f10x_rtc.o)
                              Util/fat_fs/src/rtc.o (RTC_GetCounter)
lib/STM32F10x_StdPeriph_Driver/libstm32fw.a(stm32f10x_spi.o)
                              Util/fat_fs/src/sd_spi_stm32.o (SPI_I2S_DeInit)
lib/STM32F10x_StdPeriph_Driver/libstm32fw.a(stm32f10x_tim.o)
                              timer.o (TIM_DeInit)
lib/STM32F10x_StdPeriph_Driver/libstm32fw.a(stm32f10x_usart.o)
                              usart.o (USART_Init)
lib/STM32_USB-FS-Device_Driver/libstm32usb.a(usb_core.o)
                              Util/USB/usb_prop.o (Standard_GetDescriptorData)
lib/STM32_USB-FS-Device_Driver/libstm32usb.a(usb_init.o)
                              main.o (USB_Init)
lib/STM32_USB-FS-Device_Driver/libstm32usb.a(usb_int.o)
                              Util/USB/usb_istr.o (CTR_LP)
lib/STM32_USB-FS-Device_Driver/libstm32usb.a(usb_mem.o)
                              lib/STM32_USB-FS-Device_Driver/libstm32usb.a(usb_core.o) (UserToPMABufferCopy)
lib/STM32_USB-FS-Device_Driver/libstm32usb.a(usb_regs.o)
                              Util/USB/usb_prop.o (SetBTABLE)
lib/STM32_USB-FS-Device_Driver/libstm32usb.a(usb_sil.o)
                              Util/USB/usb_prop.o (USB_SIL_Init)
/home/laurence/CodeSourcery/Sourcery_G++_Lite/bin/../lib/gcc/arm-none-eabi/4.5.2/../../../../arm-none-eabi/lib/thumb2/libm.a(lib_a-sf_sin.o)
                              Sensors/ppg_new.o (sinf)
/home/laurence/CodeSourcery/Sourcery_G++_Lite/bin/../lib/gcc/arm-none-eabi/4.5.2/../../../../arm-none-eabi/lib/thumb2/libm.a(lib_a-wf_asin.o)
                              Sensors/ppg_new.o (asinf)
/home/laurence/CodeSourcery/Sourcery_G++_Lite/bin/../lib/gcc/arm-none-eabi/4.5.2/../../../../arm-none-eabi/lib/thumb2/libm.a(lib_a-wf_sqrt.o)
                              Sensors/ppg_new.o (sqrtf)
/home/laurence/CodeSourcery/Sourcery_G++_Lite/bin/../lib/gcc/arm-none-eabi/4.5.2/../../../../arm-none-eabi/lib/thumb2/libm.a(lib_a-ef_asin.o)
                              /home/laurence/CodeSourcery/Sourcery_G++_Lite/bin/../lib/gcc/arm-none-eabi/4.5.2/../../../../arm-none-eabi/lib/thumb2/libm.a(lib_a-wf_asin.o) (__ieee754_asinf)
/home/laurence/CodeSourcery/Sourcery_G++_Lite/bin/../lib/gcc/arm-none-eabi/4.5.2/../../../../arm-none-eabi/lib/thumb2/libm.a(lib_a-ef_rem_pio2.o)
                              /home/laurence/CodeSourcery/Sourcery_G++_Lite/bin/../lib/gcc/arm-none-eabi/4.5.2/../../../../arm-none-eabi/lib/thumb2/libm.a(lib_a-sf_sin.o) (__ieee754_rem_pio2f)
/home/laurence/CodeSourcery/Sourcery_G++_Lite/bin/../lib/gcc/arm-none-eabi/4.5.2/../../../../arm-none-eabi/lib/thumb2/libm.a(lib_a-ef_sqrt.o)
                              /home/laurence/CodeSourcery/Sourcery_G++_Lite/bin/../lib/gcc/arm-none-eabi/4.5.2/../../../../arm-none-eabi/lib/thumb2/libm.a(lib_a-wf_sqrt.o) (__ieee754_sqrtf)
/home/laurence/CodeSourcery/Sourcery_G++_Lite/bin/../lib/gcc/arm-none-eabi/4.5.2/../../../../arm-none-eabi/lib/thumb2/libm.a(lib_a-kf_cos.o)
                              /home/laurence/CodeSourcery/Sourcery_G++_Lite/bin/../lib/gcc/arm-none-eabi/4.5.2/../../../../arm-none-eabi/lib/thumb2/libm.a(lib_a-sf_sin.o) (__kernel_cosf)
/home/laurence/CodeSourcery/Sourcery_G++_Lite/bin/../lib/gcc/arm-none-eabi/4.5.2/../../../../arm-none-eabi/lib/thumb2/libm.a(lib_a-kf_rem_pio2.o)
                              /home/laurence/CodeSourcery/Sourcery_G++_Lite/bin/../lib/gcc/arm-none-eabi/4.5.2/../../../../arm-none-eabi/lib/thumb2/libm.a(lib_a-ef_rem_pio2.o) (__kernel_rem_pio2f)
[...]
Memory Configuration

Name             Origin             Length             Attributes
ram              0x20000000         0x00005000         xrw
rom              0x08000000         0x00020000         xr
*default*        0x00000000         0xffffffff

Linker script and memory map

LOAD /home/laurence/CodeSourcery/Sourcery_G++_Lite/bin/../lib/gcc/arm-none-eabi/4.5.2/thumb2/crti.o
LOAD /home/laurence/CodeSourcery/Sourcery_G++_Lite/bin/../lib/gcc/arm-none-eabi/4.5.2/thumb2/crtbegin.o
LOAD Sensors/ppg_new.o
LOAD Sensors/pressure.o
LOAD Sensors/temperature.o
LOAD Util/USB/hw_config.o
LOAD Util/USB/mass_mal.o
LOAD Util/USB/memory.o
LOAD Util/USB/scsi_data.o
LOAD Util/USB/usb_bot.o
LOAD Util/USB/usb_desc.o
LOAD Util/USB/usb_endp.o
LOAD Util/USB/usb_istr.o
LOAD Util/USB/usb_prop.o
LOAD Util/USB/usb_pwr.o
LOAD Util/USB/usb_scsi.o
LOAD Util/buffer.o
LOAD Util/delay.o
LOAD Util/fat_fs/option/cc932.o
LOAD Util/fat_fs/option/syscall.o
LOAD Util/fat_fs/src/fattime.o
LOAD Util/fat_fs/src/ff.o
LOAD Util/fat_fs/src/rtc.o
LOAD Util/fat_fs/src/sd_spi_stm32.o
LOAD Util/rprintf.o
LOAD adc.o
LOAD gpio.o
LOAD i2c_int.o
LOAD interrupts.o
LOAD lib/CMSIS_CM3/core_cm3.o
LOAD lib/CMSIS_CM3/startup/gcc/startup_stm32f10x_md.o
LOAD lib/CMSIS_CM3/system_stm32f10x.o
LOAD main.o
LOAD pwr.o
LOAD timer.o
LOAD usart.o
LOAD watchdog.o
LOAD lib/STM32F10x_StdPeriph_Driver/libstm32fw.a
LOAD lib/STM32_USB-FS-Device_Driver/libstm32usb.a
LOAD /home/laurence/CodeSourcery/Sourcery_G++_Lite/bin/../lib/gcc/arm-none-eabi/4.5.2/../../../../arm-none-eabi/lib/thumb2/libm.a
START GROUP
LOAD /home/laurence/CodeSourcery/Sourcery_G++_Lite/bin/../lib/gcc/arm-none-eabi/4.5.2/thumb2/libgcc.a
LOAD /home/laurence/CodeSourcery/Sourcery_G++_Lite/bin/../lib/gcc/arm-none-eabi/4.5.2/../../../../arm-none-eabi/lib/thumb2/libc.a
END GROUP
LOAD /home/laurence/CodeSourcery/Sourcery_G++_Lite/bin/../lib/gcc/arm-none-eabi/4.5.2/thumb2/crtend.o
LOAD /home/laurence/CodeSourcery/Sourcery_G++_Lite/bin/../lib/gcc/arm-none-eabi/4.5.2/thumb2/crtn.o
START GROUP
LOAD /home/laurence/CodeSourcery/Sourcery_G++_Lite/bin/../lib/gcc/arm-none-eabi/4.5.2/thumb2/libgcc.a
LOAD /home/laurence/CodeSourcery/Sourcery_G++_Lite/bin/../lib/gcc/arm-none-eabi/4.5.2/../../../../arm-none-eabi/lib/thumb2/libc.a
LOAD /home/laurence/CodeSourcery/Sourcery_G++_Lite/bin/../lib/gcc/arm-none-eabi/4.5.2/../../../../arm-none-eabi/lib/thumb2/libcs3.a
LOAD /home/laurence/CodeSourcery/Sourcery_G++_Lite/bin/../lib/gcc/arm-none-eabi/4.5.2/../../../../arm-none-eabi/lib/thumb2/libcs3unhosted.a
LOAD lib/libcs3-lanchon-stm32.a
END GROUP
                0x20005000                PROVIDE (__cs3_stack, (__cs3_region_start_ram + __cs3_region_size_ram))
                0x20000fe0                PROVIDE (__cs3_heap_start, _end)
                0x20005000                PROVIDE (__cs3_heap_end, (__cs3_region_start_ram + __cs3_region_size_ram))

.text           0x08000000    0x1298c
 CREATE_OBJECT_SYMBOLS
                0x08000000                __cs3_region_start_rom = .
 *(.cs3.region-head.rom)
                0x08000000                __cs3_interrupt_vector = __cs3_interrupt_vector_lanchon_stm32
 *(.cs3.interrupt_vector)
 .cs3.interrupt_vector
                0x08000000       0xec lib/libcs3-lanchon-stm32.a(lanchon-stm32-vector.o)
                0x08000000                __cs3_interrupt_vector_lanchon_stm32
                0x08000001                ASSERT ((. != __cs3_interrupt_vector_lanchon_stm32), No interrupt vector)
 *(.rom)
 *(.rom.b)
                0x0800aa70                PROVIDE (__cs3_reset_lanchon_stm32, _start)
                0x0800aa70                __cs3_reset = __cs3_reset_lanchon_stm32
 *(.cs3.reset)
 *(.text .text.* .gnu.linkonce.t.*)
 .text          0x080000ec       0x30 /home/laurence/CodeSourcery/Sourcery_G++_Lite/bin/../lib/gcc/arm-none-eabi/4.5.2/thumb2/crtbegin.o
 .text.PPG_LO_Filter
                0x0800011c      0x12c Sensors/ppg_new.o
                0x0800011c                PPG_LO_Filter
 .text.PWM_Linear
                0x08000248       0x38 Sensors/ppg_new.o
                0x08000248                PWM_Linear
 .text.PPG_correct_brightness
                0x08000280       0x70 Sensors/ppg_new.o
                0x08000280                PPG_correct_brightness
 .text.PPG_Automatic_Brightness_Control
                0x080002f0       0xe4 Sensors/ppg_new.o
                0x080002f0                PPG_Automatic_Brightness_Control
 .text.calibrate_sensor
                0x080003d4       0x44 Sensors/pressure.o
                0x080003d4                calibrate_sensor
 .text.conv_diff
                0x08000418       0x38 Sensors/pressure.o
                0x08000418                conv_diff
 .text.filterloop
                0x08000450       0x58 Sensors/pressure.o
                0x08000450                filterloop
 .text.convert_tmp102_temp
                0x080004a8       0x32 Sensors/temperature.o
                0x080004a8                convert_tmp102_temp
 *fill*         0x080004da        0x6 00
 .text.convert_thermistor_temp
                0x080004e0       0x38 Sensors/temperature.o
                0x080004e0                convert_thermistor_temp
 .text.IntToUnicode
                0x08000518       0x24 Util/USB/hw_config.o
 .text.Set_USBClock
                0x0800053c       0x16 Util/USB/hw_config.o
                0x0800053c                Set_USBClock
 *fill*         0x08000552        0x2 00
 .text.Enter_LowPowerMode
                0x08000554        0xc Util/USB/hw_config.o
                0x08000554                Enter_LowPowerMode
 .text.Leave_LowPowerMode
                0x08000560       0x1c Util/USB/hw_config.o
                0x08000560                Leave_LowPowerMode
 .text.USB_Interrupts_Config
                0x0800057c       0x38 Util/USB/hw_config.o
                0x0800057c                USB_Interrupts_Config
 .text.Led_RW_ON
                0x080005b4       0x10 Util/USB/hw_config.o
                0x080005b4                Led_RW_ON
 .text.Led_RW_OFF
                0x080005c4       0x10 Util/USB/hw_config.o
                0x080005c4                Led_RW_OFF
 .text.USB_Configured_LED
                0x080005d4       0x10 Util/USB/hw_config.o
                0x080005d4                USB_Configured_LED
 .text.USB_NotConfigured_LED
                0x080005e4       0x10 Util/USB/hw_config.o
                0x080005e4                USB_NotConfigured_LED
 .text.USB_Cable_Config
                0x080005f4        0x2 Util/USB/hw_config.o
                0x080005f4                USB_Cable_Config
 *fill*         0x080005f6        0x2 00
 .text.Get_SerialNum
                0x080005f8       0x38 Util/USB/hw_config.o
                0x080005f8                Get_SerialNum
 .text.MAL_Config
                0x08000630        0x6 Util/USB/hw_config.o
                0x08000630                MAL_Config
 .text.Set_System
                0x08000636        0x4 Util/USB/hw_config.o
                0x08000636                Set_System
 *fill*         0x0800063a        0x2 00
 .text.MAL_Init
                0x0800063c       0x44 Util/USB/mass_mal.o
                0x0800063c                MAL_Init
 .text.MAL_Write
                0x08000680       0x30 Util/USB/mass_mal.o
                0x08000680                MAL_Write
 .text.MAL_Read
                0x080006b0       0x28 Util/USB/mass_mal.o
                0x080006b0                MAL_Read
 .text.MAL_GetStatus
                0x080006d8       0x64 Util/USB/mass_mal.o
                0x080006d8                MAL_GetStatus
 .text.Read_Memory
                0x0800073c      0x124 Util/USB/memory.o
                0x0800073c                Read_Memory
 .text.Write_Memory
                0x08000860      0x108 Util/USB/memory.o
                0x08000860                Write_Memory
 .text.Transfer_Data_Request
                0x08000968       0x34 Util/USB/usb_bot.o
                0x08000968                Transfer_Data_Request
 .text.Set_CSW  0x0800099c       0x3c Util/USB/usb_bot.o
                0x0800099c                Set_CSW
 .text.Mass_Storage_In
                0x080009d8       0x5c Util/USB/usb_bot.o
                0x080009d8                Mass_Storage_In
 .text.Bot_Abort
                0x08000a34       0x38 Util/USB/usb_bot.o
                0x08000a34                Bot_Abort
 .text.CBW_Decode
                0x08000a6c      0x1e4 Util/USB/usb_bot.o
                0x08000a6c                CBW_Decode
 .text.Mass_Storage_Out
                0x08000c50       0x70 Util/USB/usb_bot.o
                0x08000c50                Mass_Storage_Out
 .text.EP1_IN_Callback
                0x08000cc0        0x4 Util/USB/usb_endp.o
                0x08000cc0                EP1_IN_Callback
 .text.EP2_OUT_Callback
                0x08000cc4        0x4 Util/USB/usb_endp.o
                0x08000cc4                EP2_OUT_Callback
 .text.USB_Istr
                0x08000cc8       0xd8 Util/USB/usb_istr.o
                0x08000cc8                USB_Istr
 .text.Mass_Storage_SetDeviceAddress
                0x08000da0        0xc Util/USB/usb_prop.o
                0x08000da0                Mass_Storage_SetDeviceAddress
 .text.MASS_Status_In
                0x08000dac        0x2 Util/USB/usb_prop.o
                0x08000dac                MASS_Status_In
 .text.MASS_Status_Out
                0x08000dae        0x2 Util/USB/usb_prop.o
                0x08000dae                MASS_Status_Out
 .text.MASS_Get_Interface_Setting
                0x08000db0       0x10 Util/USB/usb_prop.o
                0x08000db0                MASS_Get_Interface_Setting
 .text.Get_Max_Lun
                0x08000dc0       0x18 Util/USB/usb_prop.o
                0x08000dc0                Get_Max_Lun
 .text.MASS_Data_Setup
                0x08000dd8       0x40 Util/USB/usb_prop.o
                0x08000dd8                MASS_Data_Setup
 .text.MASS_GetStringDescriptor
                0x08000e18       0x20 Util/USB/usb_prop.o
                0x08000e18                MASS_GetStringDescriptor
 .text.MASS_GetConfigDescriptor
                0x08000e38        0xc Util/USB/usb_prop.o
                0x08000e38                MASS_GetConfigDescriptor
 .text.MASS_GetDeviceDescriptor
                0x08000e44        0xc Util/USB/usb_prop.o
                0x08000e44                MASS_GetDeviceDescriptor
 .text.MASS_NoData_Setup
                0x08000e50       0x50 Util/USB/usb_prop.o
                0x08000e50                MASS_NoData_Setup
 .text.Mass_Storage_SetConfiguration
                0x08000ea0       0x30 Util/USB/usb_prop.o
                0x08000ea0                Mass_Storage_SetConfiguration
 .text.Mass_Storage_ClearFeature
                0x08000ed0       0x1c Util/USB/usb_prop.o
                0x08000ed0                Mass_Storage_ClearFeature
 .text.MASS_Reset
                0x08000eec       0xec Util/USB/usb_prop.o
                0x08000eec                MASS_Reset
 .text.MASS_init
                0x08000fd8       0x24 Util/USB/usb_prop.o
                0x08000fd8                MASS_init
 .text.PowerOn  0x08000ffc       0x30 Util/USB/usb_pwr.o
                0x08000ffc                PowerOn
 .text.Suspend  0x0800102c       0x44 Util/USB/usb_pwr.o
                0x0800102c                Suspend
 .text.Resume_Init
                0x08001070       0x40 Util/USB/usb_pwr.o
                0x08001070                Resume_Init
 .text.Resume   0x080010b0       0x8c Util/USB/usb_pwr.o
                0x080010b0                Resume
 .text.SCSI_Inquiry_Cmd
                0x0800113c       0x38 Util/USB/usb_scsi.o
                0x0800113c                SCSI_Inquiry_Cmd
 .text.SCSI_ModeSense6_Cmd
                0x08001174        0xc Util/USB/usb_scsi.o
                0x08001174                SCSI_ModeSense6_Cmd
 .text.SCSI_ModeSense10_Cmd
                0x08001180        0xc Util/USB/usb_scsi.o
                0x08001180                SCSI_ModeSense10_Cmd
 .text.SCSI_RequestSense_Cmd
                0x0800118c       0x18 Util/USB/usb_scsi.o
                0x0800118c                SCSI_RequestSense_Cmd
 .text.Set_Scsi_Sense_Data
                0x080011a4        0xc Util/USB/usb_scsi.o
                0x080011a4                Set_Scsi_Sense_Data
 .text.SCSI_ReadCapacity10_Cmd
                0x080011b0       0x70 Util/USB/usb_scsi.o
                0x080011b0                SCSI_ReadCapacity10_Cmd
 .text.SCSI_ReadFormatCapacity_Cmd
                0x08001220       0x68 Util/USB/usb_scsi.o
                0x08001220                SCSI_ReadFormatCapacity_Cmd
 .text.SCSI_Start_Stop_Unit_Cmd
                0x08001288        0x8 Util/USB/usb_scsi.o
                0x08001288                SCSI_Start_Stop_Unit_Cmd
 .text.SCSI_Verify10_Cmd
                0x08001290       0x38 Util/USB/usb_scsi.o
                0x08001290                SCSI_Verify10_Cmd
 .text.SCSI_TestUnitReady_Cmd
                0x080012c8       0x34 Util/USB/usb_scsi.o
                0x080012c8                SCSI_TestUnitReady_Cmd
 .text.SCSI_Format_Cmd
                0x080012fc       0x16 Util/USB/usb_scsi.o
                0x080012fc                SCSI_Format_Cmd
 *fill*         0x08001312        0x2 00
 .text.SCSI_Invalid_Cmd
                0x08001314       0x34 Util/USB/usb_scsi.o
                0x08001314                SCSI_Invalid_Cmd
 .text.SCSI_Address_Management
                0x08001348       0x70 Util/USB/usb_scsi.o
                0x08001348                SCSI_Address_Management
 .text.SCSI_Write10_Cmd
                0x080013b8       0x70 Util/USB/usb_scsi.o
                0x080013b8                SCSI_Write10_Cmd
 .text.SCSI_Read10_Cmd
                0x08001428       0x6c Util/USB/usb_scsi.o
                0x08001428                SCSI_Read10_Cmd
 .text.Add_To_Buffer
                0x08001494       0x32 Util/buffer.o
                0x08001494                Add_To_Buffer
 .text.Get_From_Buffer
                0x080014c6       0x2e Util/buffer.o
                0x080014c6                Get_From_Buffer
 .text.Empty_Buffer
                0x080014f4        0x6 Util/buffer.o
                0x080014f4                Empty_Buffer
 .text.init_buffer
                0x080014fa       0x12 Util/buffer.o
                0x080014fa                init_buffer
 .text.Delay    0x0800150c       0x2c Util/delay.o
                0x0800150c                Delay
 .text.ff_convert
                0x08001538       0x60 Util/fat_fs/option/cc932.o
                0x08001538                ff_convert
 .text.ff_wtoupper
                0x08001598       0x24 Util/fat_fs/option/cc932.o
                0x08001598                ff_wtoupper
 .text.get_fattime
                0x080015bc       0x44 Util/fat_fs/src/fattime.o
                0x080015bc                get_fattime
 .text.mem_cpy  0x08001600       0x10 Util/fat_fs/src/ff.o
 .text.mem_set  0x08001610        0xc Util/fat_fs/src/ff.o
 .text.chk_chr  0x0800161c        0xe Util/fat_fs/src/ff.o
 .text.sum_sfn  0x0800162a       0x1e Util/fat_fs/src/ff.o
 .text.validate
                0x08001648       0x26 Util/fat_fs/src/ff.o
 *fill*         0x0800166e        0x2 00
 .text.check_fs
                0x08001670       0x8c Util/fat_fs/src/ff.o
 .text.chk_mounted
                0x080016fc      0x338 Util/fat_fs/src/ff.o
 .text.get_fileinfo
                0x08001a34      0x10c Util/fat_fs/src/ff.o
 .text.move_window
                0x08001b40       0x7c Util/fat_fs/src/ff.o
 .text.sync     0x08001bbc       0xb2 Util/fat_fs/src/ff.o
 .text.clust2sect
                0x08001c6e       0x1a Util/fat_fs/src/ff.o
                0x08001c6e                clust2sect
 .text.get_fat  0x08001c88       0xd4 Util/fat_fs/src/ff.o
                0x08001c88                get_fat
 .text.dir_sdi  0x08001d5c       0x8a Util/fat_fs/src/ff.o
 .text.put_fat  0x08001de6       0xf4 Util/fat_fs/src/ff.o
                0x08001de6                put_fat
 .text.create_chain
                0x08001eda       0x9e Util/fat_fs/src/ff.o
 .text.dir_next
                0x08001f78      0x10c Util/fat_fs/src/ff.o
 .text.dir_find
                0x08002084      0x144 Util/fat_fs/src/ff.o
 .text.follow_path
                0x080021c8      0x2c8 Util/fat_fs/src/ff.o
 .text.remove_chain
                0x08002490       0x5a Util/fat_fs/src/ff.o
 .text.gen_numname
                0x080024ea       0x9a Util/fat_fs/src/ff.o
                0x080024ea                gen_numname
 .text.dir_register
                0x08002584      0x1c0 Util/fat_fs/src/ff.o
 .text.f_mount  0x08002744       0x20 Util/fat_fs/src/ff.o
                0x08002744                f_mount
 .text.f_open   0x08002764      0x152 Util/fat_fs/src/ff.o
                0x08002764                f_open
 .text.f_write  0x080028b6      0x1b6 Util/fat_fs/src/ff.o
                0x080028b6                f_write
 .text.f_sync   0x08002a6c       0xb2 Util/fat_fs/src/ff.o
                0x08002a6c                f_sync
 .text.f_close  0x08002b1e        0xe Util/fat_fs/src/ff.o
                0x08002b1e                f_close
 .text.f_lseek  0x08002b2c      0x164 Util/fat_fs/src/ff.o
                0x08002b2c                f_lseek
 .text.f_stat   0x08002c90       0x44 Util/fat_fs/src/ff.o
                0x08002c90                f_stat
 .text.f_truncate
                0x08002cd4       0x98 Util/fat_fs/src/ff.o
                0x08002cd4                f_truncate
 .text.f_putc   0x08002d6c       0x22 Util/fat_fs/src/ff.o
                0x08002d6c                f_putc
 .text.f_puts   0x08002d8e       0x26 Util/fat_fs/src/ff.o
                0x08002d8e                f_puts
 .text.isDST    0x08002db4       0x32 Util/fat_fs/src/rtc.o
 *fill*         0x08002de6        0x2 00
 .text.counter_to_struct
                0x08002de8       0xb0 Util/fat_fs/src/rtc.o
 .text.rtc_gettime
                0x08002e98       0x78 Util/fat_fs/src/rtc.o
                0x08002e98                rtc_gettime
 .text.my_RTC_SetCounter
                0x08002f10       0x22 Util/fat_fs/src/rtc.o
                0x08002f10                my_RTC_SetCounter
 *fill*         0x08002f32        0x2 00
 .text.rtc_settime
                0x08002f34       0xc8 Util/fat_fs/src/rtc.o
                0x08002f34                rtc_settime
 .text.rtc_init
                0x08002ffc       0x98 Util/fat_fs/src/rtc.o
                0x08002ffc                rtc_init
 .text.interface_speed
                0x08003094       0x20 Util/fat_fs/src/sd_spi_stm32.o
 .text.power_on
                0x080030b4       0xf0 Util/fat_fs/src/sd_spi_stm32.o
 .text.stm32_spi_rw
                0x080031a4       0x24 Util/fat_fs/src/sd_spi_stm32.o
 .text.rcvr_spi
                0x080031c8        0x6 Util/fat_fs/src/sd_spi_stm32.o
 *fill*         0x080031ce        0x2 00
 .text.wait_ready
                0x080031d0       0x20 Util/fat_fs/src/sd_spi_stm32.o
 .text.send_cmd
                0x080031f0       0x94 Util/fat_fs/src/sd_spi_stm32.o
 .text.stm32_dma_transfer
                0x08003284       0xc8 Util/fat_fs/src/sd_spi_stm32.o
 .text.xmit_datablock
                0x0800334c       0x4e Util/fat_fs/src/sd_spi_stm32.o
 *fill*         0x0800339a        0x2 00
 .text.release_spi
                0x0800339c       0x18 Util/fat_fs/src/sd_spi_stm32.o
                0x0800339c                release_spi
 .text.wrapup_transaction
                0x080033b4       0x2c Util/fat_fs/src/sd_spi_stm32.o
                0x080033b4                wrapup_transaction
 .text.stop_cmd
                0x080033e0        0x8 Util/fat_fs/src/sd_spi_stm32.o
                0x080033e0                stop_cmd
 .text.rcvr_datablock
                0x080033e8       0x54 Util/fat_fs/src/sd_spi_stm32.o
                0x080033e8                rcvr_datablock
 .text.disk_initialize
                0x0800343c      0x128 Util/fat_fs/src/sd_spi_stm32.o
                0x0800343c                disk_initialize
 .text.disk_status
                0x08003564       0x10 Util/fat_fs/src/sd_spi_stm32.o
                0x08003564                disk_status
 .text.disk_read
                0x08003574       0x9c Util/fat_fs/src/sd_spi_stm32.o
                0x08003574                disk_read
 .text.disk_write
                0x08003610       0xac Util/fat_fs/src/sd_spi_stm32.o
                0x08003610                disk_write
 .text.disk_ioctl
                0x080036bc      0x284 Util/fat_fs/src/sd_spi_stm32.o
                0x080036bc                disk_ioctl
 .text.disk_timerproc
                0x08003940       0x44 Util/fat_fs/src/sd_spi_stm32.o
                0x08003940                disk_timerproc
 .text.rprintfInit
                0x08003984        0xc Util/rprintf.o
                0x08003984                rprintfInit
 .text.rprintfChar
                0x08003990       0x1c Util/rprintf.o
                0x08003990                rprintfChar
 .text.rprintfFloat
                0x080039ac       0xc0 Util/rprintf.o
                0x080039ac                rprintfFloat
 .text.Isdigit  0x08003a6c        0xe Util/rprintf.o
                0x08003a6c                Isdigit
 .text.atoiRamRom
                0x08003a7a       0x26 Util/rprintf.o
                0x08003a7a                atoiRamRom
 .text.rStrLen  0x08003aa0       0x10 Util/rprintf.o
                0x08003aa0                rStrLen
 .text.rprintf2RamRom
                0x08003ab0      0x310 Util/rprintf.o
                0x08003ab0                rprintf2RamRom
 .text.readADC2
                0x08003dc0       0x38 adc.o
                0x08003dc0                readADC2
 .text.ADC_Configuration
                0x08003df8      0x1d0 adc.o
                0x08003df8                ADC_Configuration
 .text.setup_gpio
                0x08003fc8      0x15c gpio.o
                0x08003fc8                setup_gpio
 .text.switch_leds_on
                0x08004124       0x20 gpio.o
                0x08004124                switch_leds_on
 .text.switch_leds_off
                0x08004144       0x20 gpio.o
                0x08004144                switch_leds_off
 .text.red_flash
                0x08004164       0x2c gpio.o
                0x08004164                red_flash
 .text.I2C1_EV_IRQHandler
                0x08004190      0x4e0 i2c_int.o
                0x08004190                I2C1_EV_IRQHandler
 .text.I2C1_Request_Job
                0x08004670       0x54 i2c_int.o
                0x08004670                I2C1_Request_Job
 .text.I2C1_Setup_Job
                0x080046c4       0x14 i2c_int.o
                0x080046c4                I2C1_Setup_Job
 .text.I2C_Config
                0x080046d8      0x128 i2c_int.o
                0x080046d8                I2C_Config
 .text.I2C1_ER_IRQHandler
                0x08004800       0xf4 i2c_int.o
                0x08004800                I2C1_ER_IRQHandler
 .text.ISR_Config
                0x080048f4       0x76 interrupts.o
                0x080048f4                ISR_Config
 *fill*         0x0800496a        0x2 00
 .text.EXTI_ONOFF_EN
                0x0800496c       0x54 interrupts.o
                0x0800496c                EXTI_ONOFF_EN
 .text.DMA_ISR_Config
                0x080049c0       0x22 interrupts.o
                0x080049c0                DMA_ISR_Config
 *fill*         0x080049e2        0x2 00
 .text.SysTick_Configuration
                0x080049e4       0x2c interrupts.o
                0x080049e4                SysTick_Configuration
 .text.EXTI0_IRQHandler
                0x08004a10       0x90 interrupts.o
                0x08004a10                EXTI0_IRQHandler
 .text.DMAChannel1_IRQHandler
                0x08004aa0       0xc4 interrupts.o
                0x08004aa0                DMAChannel1_IRQHandler
 .text.ADC1_2_IRQHandler
                0x08004b64       0x9c interrupts.o
                0x08004b64                ADC1_2_IRQHandler
 .text.SysTickHandler
                0x08004c00      0x2f8 interrupts.o
                0x08004c00                SysTickHandler
 .text.USB_HP_CAN_TX_IRQHandler
                0x08004ef8        0x4 interrupts.o
                0x08004ef8                USB_HP_CAN_TX_IRQHandler
 .text.USB_LP_CAN_RX0_IRQHandler
                0x08004efc        0x4 interrupts.o
                0x08004efc                USB_LP_CAN_RX0_IRQHandler
 .text.NMIException
                0x08004f00        0x2 interrupts.o
                0x08004f00                NMIException
 .text.HardFaultException
                0x08004f02        0x2 interrupts.o
                0x08004f02                HardFaultException
 .text.MemManageException
                0x08004f04        0x2 interrupts.o
                0x08004f04                MemManageException
 .text.BusFaultException
                0x08004f06        0x2 interrupts.o
                0x08004f06                BusFaultException
 .text.UsageFaultException
                0x08004f08        0x2 interrupts.o
                0x08004f08                UsageFaultException
 .text.Default_Handler
                0x08004f0a        0x2 lib/CMSIS_CM3/startup/gcc/startup_stm32f10x_md.o
                0x08004f0a                EXTI2_IRQHandler
                0x08004f0a                DebugMon_Handler
                0x08004f0a                TIM1_CC_IRQHandler
                0x08004f0a                HardFault_Handler
                0x08004f0a                SysTick_Handler
                0x08004f0a                PVD_IRQHandler
                0x08004f0a                PendSV_Handler
                0x08004f0a                NMI_Handler
                0x08004f0a                EXTI3_IRQHandler
                0x08004f0a                I2C2_EV_IRQHandler
                0x08004f0a                UsageFault_Handler
                0x08004f0a                SPI1_IRQHandler
                0x08004f0a                TAMPER_IRQHandler
                0x08004f0a                DMA1_Channel4_IRQHandler
                0x08004f0a                USART3_IRQHandler
                0x08004f0a                RTC_IRQHandler
                0x08004f0a                DMA1_Channel7_IRQHandler
                0x08004f0a                CAN1_RX1_IRQHandler
                0x08004f0a                TIM4_IRQHandler
                0x08004f0a                DMA1_Channel6_IRQHandler
                0x08004f0a                TIM3_IRQHandler
                0x08004f0a                RCC_IRQHandler
                0x08004f0a                TIM1_TRG_COM_IRQHandler
                0x08004f0a                DMA1_Channel1_IRQHandler
                0x08004f0a                Default_Handler
                0x08004f0a                EXTI15_10_IRQHandler
                0x08004f0a                EXTI9_5_IRQHandler
                0x08004f0a                SPI2_IRQHandler
                0x08004f0a                MemManage_Handler
                0x08004f0a                SVC_Handler
                0x08004f0a                DMA1_Channel5_IRQHandler
                0x08004f0a                EXTI4_IRQHandler
                0x08004f0a                USB_LP_CAN1_RX0_IRQHandler
                0x08004f0a                USB_HP_CAN1_TX_IRQHandler
                0x08004f0a                DMA1_Channel3_IRQHandler
                0x08004f0a                TIM1_UP_IRQHandler
                0x08004f0a                WWDG_IRQHandler
                0x08004f0a                TIM2_IRQHandler
                0x08004f0a                TIM1_BRK_IRQHandler
                0x08004f0a                EXTI1_IRQHandler
                0x08004f0a                RTCAlarm_IRQHandler
                0x08004f0a                USART2_IRQHandler
                0x08004f0a                I2C2_ER_IRQHandler
                0x08004f0a                DMA1_Channel2_IRQHandler
                0x08004f0a                CAN1_SCE_IRQHandler
                0x08004f0a                FLASH_IRQHandler
                0x08004f0a                BusFault_Handler
                0x08004f0a                USART1_IRQHandler
                0x08004f0a                USBWakeUp_IRQHandler
 .text.SystemInit
                0x08004f0c       0xf4 lib/CMSIS_CM3/system_stm32f10x.o
                0x08004f0c                SystemInit
 .text.__str_print_char
                0x08005000       0x30 main.o
                0x08005000                __str_print_char
 .text.__fat_print_char
                0x08005030       0x1c main.o
                0x08005030                __fat_print_char
 *fill*         0x0800504c        0x4 00
 .text.detect_sensors
                0x08005050      0x168 main.o
                0x08005050                detect_sensors
 .text.main     0x080051b8      0x6d8 main.o
                0x080051b8                main
 .text.setuppwr
                0x08005890       0x14 pwr.o
                0x08005890                setuppwr
 .text.shutdown
                0x080058a4       0x10 pwr.o
                0x080058a4                shutdown
 .text.disable_pin
                0x080058b4        0x6 pwr.o
                0x080058b4                disable_pin
 *fill*         0x080058ba        0x2 00
 .text.shutdown_filesystem
                0x080058bc       0x4c pwr.o
                0x080058bc                shutdown_filesystem
 .text.setup_pwm
                0x08005908      0x244 timer.o
                0x08005908                setup_pwm
 .text.Set_Motor
                0x08005b4c       0x40 timer.o
                0x08005b4c                Set_Motor
 .text.Default_Usart_Config
                0x08005b8c       0x1a usart.o
                0x08005b8c                Default_Usart_Config
 *fill*         0x08005ba6        0x2 00
 .text.Usarts_Init
                0x08005ba8       0x90 usart.o
                0x08005ba8                Usarts_Init
 .text.__usart_send_char
                0x08005c38       0x1c usart.o
                0x08005c38                __usart_send_char
 .text.Usart_Send_Str
                0x08005c54       0x18 usart.o
                0x08005c54                Usart_Send_Str
 .text.Watchdog_Config
                0x08005c6c       0x2a watchdog.o
                0x08005c6c                Watchdog_Config
 *fill*         0x08005c96        0x2 00
 .text.NVIC_PriorityGroupConfig
                0x08005c98       0x14 lib/STM32F10x_StdPeriph_Driver/libstm32fw.a(misc.o)
                0x08005c98                NVIC_PriorityGroupConfig
 .text.NVIC_Init
                0x08005cac       0x60 lib/STM32F10x_StdPeriph_Driver/libstm32fw.a(misc.o)
                0x08005cac                NVIC_Init
 .text.NVIC_SetVectorTable
                0x08005d0c       0x14 lib/STM32F10x_StdPeriph_Driver/libstm32fw.a(misc.o)
                0x08005d0c                NVIC_SetVectorTable
 .text.SysTick_CLKSourceConfig
                0x08005d20       0x18 lib/STM32F10x_StdPeriph_Driver/libstm32fw.a(misc.o)
                0x08005d20                SysTick_CLKSourceConfig
 .text.ADC_DeInit
                0x08005d38       0x5c lib/STM32F10x_StdPeriph_Driver/libstm32fw.a(stm32f10x_adc.o)
                0x08005d38                ADC_DeInit
 .text.ADC_Init
                0x08005d94       0x4c lib/STM32F10x_StdPeriph_Driver/libstm32fw.a(stm32f10x_adc.o)
                0x08005d94                ADC_Init
 .text.ADC_Cmd  0x08005de0       0x14 lib/STM32F10x_StdPeriph_Driver/libstm32fw.a(stm32f10x_adc.o)
                0x08005de0                ADC_Cmd
 .text.ADC_DMACmd
                0x08005df4       0x14 lib/STM32F10x_StdPeriph_Driver/libstm32fw.a(stm32f10x_adc.o)
                0x08005df4                ADC_DMACmd
 .text.ADC_ITConfig
                0x08005e08       0x14 lib/STM32F10x_StdPeriph_Driver/libstm32fw.a(stm32f10x_adc.o)
                0x08005e08                ADC_ITConfig
 .text.ADC_ResetCalibration
                0x08005e1c        0xa lib/STM32F10x_StdPeriph_Driver/libstm32fw.a(stm32f10x_adc.o)
                0x08005e1c                ADC_ResetCalibration
 .text.ADC_GetResetCalibrationStatus
                0x08005e26        0x8 lib/STM32F10x_StdPeriph_Driver/libstm32fw.a(stm32f10x_adc.o)
                0x08005e26                ADC_GetResetCalibrationStatus
 .text.ADC_StartCalibration
                0x08005e2e        0xa lib/STM32F10x_StdPeriph_Driver/libstm32fw.a(stm32f10x_adc.o)
                0x08005e2e                ADC_StartCalibration
 .text.ADC_GetCalibrationStatus
                0x08005e38        0x8 lib/STM32F10x_StdPeriph_Driver/libstm32fw.a(stm32f10x_adc.o)
                0x08005e38                ADC_GetCalibrationStatus
 .text.ADC_SoftwareStartConvCmd
                0x08005e40       0x14 lib/STM32F10x_StdPeriph_Driver/libstm32fw.a(stm32f10x_adc.o)
                0x08005e40                ADC_SoftwareStartConvCmd
 .text.ADC_RegularChannelConfig
                0x08005e54       0x8e lib/STM32F10x_StdPeriph_Driver/libstm32fw.a(stm32f10x_adc.o)
                0x08005e54                ADC_RegularChannelConfig
 .text.ADC_GetConversionValue
                0x08005ee2        0x6 lib/STM32F10x_StdPeriph_Driver/libstm32fw.a(stm32f10x_adc.o)
                0x08005ee2                ADC_GetConversionValue
 .text.ADC_ExternalTrigInjectedConvConfig
                0x08005ee8        0xe lib/STM32F10x_StdPeriph_Driver/libstm32fw.a(stm32f10x_adc.o)
                0x08005ee8                ADC_ExternalTrigInjectedConvConfig
 .text.ADC_SoftwareStartInjectedConvCmd
                0x08005ef6       0x14 lib/STM32F10x_StdPeriph_Driver/libstm32fw.a(stm32f10x_adc.o)
                0x08005ef6                ADC_SoftwareStartInjectedConvCmd
 .text.ADC_InjectedChannelConfig
                0x08005f0a       0x5c lib/STM32F10x_StdPeriph_Driver/libstm32fw.a(stm32f10x_adc.o)
                0x08005f0a                ADC_InjectedChannelConfig
 .text.ADC_InjectedSequencerLengthConfig
                0x08005f66       0x10 lib/STM32F10x_StdPeriph_Driver/libstm32fw.a(stm32f10x_adc.o)
                0x08005f66                ADC_InjectedSequencerLengthConfig
 .text.ADC_GetInjectedConversionValue
                0x08005f76       0x1a lib/STM32F10x_StdPeriph_Driver/libstm32fw.a(stm32f10x_adc.o)
                0x08005f76                ADC_GetInjectedConversionValue
 .text.ADC_AnalogWatchdogCmd
                0x08005f90       0x12 lib/STM32F10x_StdPeriph_Driver/libstm32fw.a(stm32f10x_adc.o)
                0x08005f90                ADC_AnalogWatchdogCmd
 .text.ADC_AnalogWatchdogThresholdsConfig
                0x08005fa2        0x6 lib/STM32F10x_StdPeriph_Driver/libstm32fw.a(stm32f10x_adc.o)
                0x08005fa2                ADC_AnalogWatchdogThresholdsConfig
 .text.ADC_AnalogWatchdogSingleChannelConfig
                0x08005fa8        0xe lib/STM32F10x_StdPeriph_Driver/libstm32fw.a(stm32f10x_adc.o)
                0x08005fa8                ADC_AnalogWatchdogSingleChannelConfig
 .text.ADC_GetFlagStatus
                0x08005fb6        0xc lib/STM32F10x_StdPeriph_Driver/libstm32fw.a(stm32f10x_adc.o)
                0x08005fb6                ADC_GetFlagStatus
 .text.ADC_ClearFlag
                0x08005fc2        0x6 lib/STM32F10x_StdPeriph_Driver/libstm32fw.a(stm32f10x_adc.o)
                0x08005fc2                ADC_ClearFlag
 .text.ADC_GetITStatus
                0x08005fc8       0x16 lib/STM32F10x_StdPeriph_Driver/libstm32fw.a(stm32f10x_adc.o)
                0x08005fc8                ADC_GetITStatus
 .text.ADC_ClearITPendingBit
                0x08005fde        0x8 lib/STM32F10x_StdPeriph_Driver/libstm32fw.a(stm32f10x_adc.o)
                0x08005fde                ADC_ClearITPendingBit
 .text.BKP_DeInit
                0x08005fe6       0x12 lib/STM32F10x_StdPeriph_Driver/libstm32fw.a(stm32f10x_bkp.o)
                0x08005fe6                BKP_DeInit
 .text.BKP_WriteBackupRegister
                0x08005ff8       0x1c lib/STM32F10x_StdPeriph_Driver/libstm32fw.a(stm32f10x_bkp.o)
                0x08005ff8                BKP_WriteBackupRegister
 .text.BKP_ReadBackupRegister
                0x08006014       0x20 lib/STM32F10x_StdPeriph_Driver/libstm32fw.a(stm32f10x_bkp.o)
                0x08006014                BKP_ReadBackupRegister
 .text.DBGMCU_Config
                0x08006034       0x18 lib/STM32F10x_StdPeriph_Driver/libstm32fw.a(stm32f10x_dbgmcu.o)
                0x08006034                DBGMCU_Config
 .text.DMA_DeInit
                0x0800604c       0xfc lib/STM32F10x_StdPeriph_Driver/libstm32fw.a(stm32f10x_dma.o)
                0x0800604c                DMA_DeInit
 .text.DMA_Init
                0x08006148       0x40 lib/STM32F10x_StdPeriph_Driver/libstm32fw.a(stm32f10x_dma.o)
                0x08006148                DMA_Init
 .text.DMA_StructInit
                0x08006188       0x1a lib/STM32F10x_StdPeriph_Driver/libstm32fw.a(stm32f10x_dma.o)
                0x08006188                DMA_StructInit
 .text.DMA_Cmd  0x080061a2       0x14 lib/STM32F10x_StdPeriph_Driver/libstm32fw.a(stm32f10x_dma.o)
                0x080061a2                DMA_Cmd
 .text.DMA_ITConfig
                0x080061b6       0x12 lib/STM32F10x_StdPeriph_Driver/libstm32fw.a(stm32f10x_dma.o)
                0x080061b6                DMA_ITConfig
 .text.DMA_GetCurrDataCounter
                0x080061c8        0x6 lib/STM32F10x_StdPeriph_Driver/libstm32fw.a(stm32f10x_dma.o)
                0x080061c8                DMA_GetCurrDataCounter
 *fill*         0x080061ce        0x2 00
 .text.DMA_GetFlagStatus
                0x080061d0       0x20 lib/STM32F10x_StdPeriph_Driver/libstm32fw.a(stm32f10x_dma.o)
                0x080061d0                DMA_GetFlagStatus
 .text.DMA_ClearFlag
                0x080061f0       0x18 lib/STM32F10x_StdPeriph_Driver/libstm32fw.a(stm32f10x_dma.o)
                0x080061f0                DMA_ClearFlag
 .text.DMA_GetITStatus
                0x08006208       0x20 lib/STM32F10x_StdPeriph_Driver/libstm32fw.a(stm32f10x_dma.o)
                0x08006208                DMA_GetITStatus
 .text.DMA_ClearITPendingBit
                0x08006228       0x18 lib/STM32F10x_StdPeriph_Driver/libstm32fw.a(stm32f10x_dma.o)
                0x08006228                DMA_ClearITPendingBit
 .text.EXTI_DeInit
                0x08006240       0x1c lib/STM32F10x_StdPeriph_Driver/libstm32fw.a(stm32f10x_exti.o)
                0x08006240                EXTI_DeInit
 .text.EXTI_Init
                0x0800625c       0x84 lib/STM32F10x_StdPeriph_Driver/libstm32fw.a(stm32f10x_exti.o)
                0x0800625c                EXTI_Init
 .text.EXTI_GetITStatus
                0x080062e0       0x1c lib/STM32F10x_StdPeriph_Driver/libstm32fw.a(stm32f10x_exti.o)
                0x080062e0                EXTI_GetITStatus
 .text.EXTI_ClearITPendingBit
                0x080062fc        0xc lib/STM32F10x_StdPeriph_Driver/libstm32fw.a(stm32f10x_exti.o)
                0x080062fc                EXTI_ClearITPendingBit
 .text.GPIO_Init
                0x08006308       0x98 lib/STM32F10x_StdPeriph_Driver/libstm32fw.a(stm32f10x_gpio.o)
                0x08006308                GPIO_Init
 .text.GPIO_ReadInputDataBit
                0x080063a0        0xc lib/STM32F10x_StdPeriph_Driver/libstm32fw.a(stm32f10x_gpio.o)
                0x080063a0                GPIO_ReadInputDataBit
 .text.GPIO_SetBits
                0x080063ac        0x4 lib/STM32F10x_StdPeriph_Driver/libstm32fw.a(stm32f10x_gpio.o)
                0x080063ac                GPIO_SetBits
 .text.GPIO_ResetBits
                0x080063b0        0x4 lib/STM32F10x_StdPeriph_Driver/libstm32fw.a(stm32f10x_gpio.o)
                0x080063b0                GPIO_ResetBits
 .text.GPIO_WriteBit
                0x080063b4        0xa lib/STM32F10x_StdPeriph_Driver/libstm32fw.a(stm32f10x_gpio.o)
                0x080063b4                GPIO_WriteBit
 *fill*         0x080063be        0x2 00
 .text.GPIO_PinRemapConfig
                0x080063c0       0x58 lib/STM32F10x_StdPeriph_Driver/libstm32fw.a(stm32f10x_gpio.o)
                0x080063c0                GPIO_PinRemapConfig
 .text.GPIO_EXTILineConfig
                0x08006418       0x34 lib/STM32F10x_StdPeriph_Driver/libstm32fw.a(stm32f10x_gpio.o)
                0x08006418                GPIO_EXTILineConfig
 .text.I2C_DeInit
                0x0800644c       0x34 lib/STM32F10x_StdPeriph_Driver/libstm32fw.a(stm32f10x_i2c.o)
                0x0800644c                I2C_DeInit
 .text.I2C_Init
                0x08006480       0xd0 lib/STM32F10x_StdPeriph_Driver/libstm32fw.a(stm32f10x_i2c.o)
                0x08006480                I2C_Init
 .text.I2C_Cmd  0x08006550       0x1a lib/STM32F10x_StdPeriph_Driver/libstm32fw.a(stm32f10x_i2c.o)
                0x08006550                I2C_Cmd
 .text.I2C_GenerateSTART
                0x0800656a       0x1a lib/STM32F10x_StdPeriph_Driver/libstm32fw.a(stm32f10x_i2c.o)
                0x0800656a                I2C_GenerateSTART
 .text.I2C_GenerateSTOP
                0x08006584       0x1a lib/STM32F10x_StdPeriph_Driver/libstm32fw.a(stm32f10x_i2c.o)
                0x08006584                I2C_GenerateSTOP
 .text.I2C_AcknowledgeConfig
                0x0800659e       0x1a lib/STM32F10x_StdPeriph_Driver/libstm32fw.a(stm32f10x_i2c.o)
                0x0800659e                I2C_AcknowledgeConfig
 .text.I2C_ITConfig
                0x080065b8       0x16 lib/STM32F10x_StdPeriph_Driver/libstm32fw.a(stm32f10x_i2c.o)
                0x080065b8                I2C_ITConfig
 .text.I2C_SendData
                0x080065ce        0x4 lib/STM32F10x_StdPeriph_Driver/libstm32fw.a(stm32f10x_i2c.o)
                0x080065ce                I2C_SendData
 .text.I2C_ReceiveData
                0x080065d2        0x6 lib/STM32F10x_StdPeriph_Driver/libstm32fw.a(stm32f10x_i2c.o)
                0x080065d2                I2C_ReceiveData
 .text.I2C_Send7bitAddress
                0x080065d8       0x10 lib/STM32F10x_StdPeriph_Driver/libstm32fw.a(stm32f10x_i2c.o)
                0x080065d8                I2C_Send7bitAddress
 .text.I2C_SoftwareResetCmd
                0x080065e8       0x18 lib/STM32F10x_StdPeriph_Driver/libstm32fw.a(stm32f10x_i2c.o)
                0x080065e8                I2C_SoftwareResetCmd
 .text.IWDG_WriteAccessCmd
                0x08006600        0xc lib/STM32F10x_StdPeriph_Driver/libstm32fw.a(stm32f10x_iwdg.o)
                0x08006600                IWDG_WriteAccessCmd
 .text.IWDG_SetPrescaler
                0x0800660c        0xc lib/STM32F10x_StdPeriph_Driver/libstm32fw.a(stm32f10x_iwdg.o)
                0x0800660c                IWDG_SetPrescaler
 .text.IWDG_SetReload
                0x08006618        0xc lib/STM32F10x_StdPeriph_Driver/libstm32fw.a(stm32f10x_iwdg.o)
                0x08006618                IWDG_SetReload
 .text.IWDG_ReloadCounter
                0x08006624       0x10 lib/STM32F10x_StdPeriph_Driver/libstm32fw.a(stm32f10x_iwdg.o)
                0x08006624                IWDG_ReloadCounter
 .text.IWDG_Enable
                0x08006634       0x10 lib/STM32F10x_StdPeriph_Driver/libstm32fw.a(stm32f10x_iwdg.o)
                0x08006634                IWDG_Enable
 .text.__WFI    0x08006644        0x4 lib/STM32F10x_StdPeriph_Driver/libstm32fw.a(stm32f10x_pwr.o)
 .text.PWR_DeInit
                0x08006648       0x1a lib/STM32F10x_StdPeriph_Driver/libstm32fw.a(stm32f10x_pwr.o)
                0x08006648                PWR_DeInit
 *fill*         0x08006662        0x2 00
 .text.PWR_BackupAccessCmd
                0x08006664        0xc lib/STM32F10x_StdPeriph_Driver/libstm32fw.a(stm32f10x_pwr.o)
                0x08006664                PWR_BackupAccessCmd
 .text.PWR_WakeUpPinCmd
                0x08006670        0xc lib/STM32F10x_StdPeriph_Driver/libstm32fw.a(stm32f10x_pwr.o)
                0x08006670                PWR_WakeUpPinCmd
 .text.PWR_EnterSTANDBYMode
                0x0800667c       0x28 lib/STM32F10x_StdPeriph_Driver/libstm32fw.a(stm32f10x_pwr.o)
                0x0800667c                PWR_EnterSTANDBYMode
 .text.RCC_HCLKConfig
                0x080066a4       0x14 lib/STM32F10x_StdPeriph_Driver/libstm32fw.a(stm32f10x_rcc.o)
                0x080066a4                RCC_HCLKConfig
 .text.RCC_USBCLKConfig
                0x080066b8        0xc lib/STM32F10x_StdPeriph_Driver/libstm32fw.a(stm32f10x_rcc.o)
                0x080066b8                RCC_USBCLKConfig
 .text.RCC_ADCCLKConfig
                0x080066c4       0x14 lib/STM32F10x_StdPeriph_Driver/libstm32fw.a(stm32f10x_rcc.o)
                0x080066c4                RCC_ADCCLKConfig
 .text.RCC_LSEConfig
                0x080066d8       0x20 lib/STM32F10x_StdPeriph_Driver/libstm32fw.a(stm32f10x_rcc.o)
                0x080066d8                RCC_LSEConfig
 .text.RCC_RTCCLKConfig
                0x080066f8       0x10 lib/STM32F10x_StdPeriph_Driver/libstm32fw.a(stm32f10x_rcc.o)
                0x080066f8                RCC_RTCCLKConfig
 .text.RCC_RTCCLKCmd
                0x08006708        0xc lib/STM32F10x_StdPeriph_Driver/libstm32fw.a(stm32f10x_rcc.o)
                0x08006708                RCC_RTCCLKCmd
 .text.RCC_GetClocksFreq
                0x08006714       0xa8 lib/STM32F10x_StdPeriph_Driver/libstm32fw.a(stm32f10x_rcc.o)
                0x08006714                RCC_GetClocksFreq
 .text.RCC_AHBPeriphClockCmd
                0x080067bc       0x18 lib/STM32F10x_StdPeriph_Driver/libstm32fw.a(stm32f10x_rcc.o)
                0x080067bc                RCC_AHBPeriphClockCmd
 .text.RCC_APB2PeriphClockCmd
                0x080067d4       0x18 lib/STM32F10x_StdPeriph_Driver/libstm32fw.a(stm32f10x_rcc.o)
                0x080067d4                RCC_APB2PeriphClockCmd
 .text.RCC_APB1PeriphClockCmd
                0x080067ec       0x18 lib/STM32F10x_StdPeriph_Driver/libstm32fw.a(stm32f10x_rcc.o)
                0x080067ec                RCC_APB1PeriphClockCmd
 .text.RCC_APB2PeriphResetCmd
                0x08006804       0x18 lib/STM32F10x_StdPeriph_Driver/libstm32fw.a(stm32f10x_rcc.o)
                0x08006804                RCC_APB2PeriphResetCmd
 .text.RCC_APB1PeriphResetCmd
                0x0800681c       0x18 lib/STM32F10x_StdPeriph_Driver/libstm32fw.a(stm32f10x_rcc.o)
                0x0800681c                RCC_APB1PeriphResetCmd
 .text.RCC_BackupResetCmd
                0x08006834        0xc lib/STM32F10x_StdPeriph_Driver/libstm32fw.a(stm32f10x_rcc.o)
                0x08006834                RCC_BackupResetCmd
 .text.RCC_GetFlagStatus
                0x08006840       0x28 lib/STM32F10x_StdPeriph_Driver/libstm32fw.a(stm32f10x_rcc.o)
                0x08006840                RCC_GetFlagStatus
 .text.RTC_EnterConfigMode
                0x08006868       0x14 lib/STM32F10x_StdPeriph_Driver/libstm32fw.a(stm32f10x_rtc.o)
                0x08006868                RTC_EnterConfigMode
 .text.RTC_ExitConfigMode
                0x0800687c       0x14 lib/STM32F10x_StdPeriph_Driver/libstm32fw.a(stm32f10x_rtc.o)
                0x0800687c                RTC_ExitConfigMode
 .text.RTC_GetCounter
                0x08006890       0x14 lib/STM32F10x_StdPeriph_Driver/libstm32fw.a(stm32f10x_rtc.o)
                0x08006890                RTC_GetCounter
 .text.RTC_SetCounter
                0x080068a4       0x1c lib/STM32F10x_StdPeriph_Driver/libstm32fw.a(stm32f10x_rtc.o)
                0x080068a4                RTC_SetCounter
 .text.RTC_SetPrescaler
                0x080068c0       0x20 lib/STM32F10x_StdPeriph_Driver/libstm32fw.a(stm32f10x_rtc.o)
                0x080068c0                RTC_SetPrescaler
 .text.RTC_WaitForLastTask
                0x080068e0       0x10 lib/STM32F10x_StdPeriph_Driver/libstm32fw.a(stm32f10x_rtc.o)
                0x080068e0                RTC_WaitForLastTask
 .text.RTC_WaitForSynchro
                0x080068f0       0x20 lib/STM32F10x_StdPeriph_Driver/libstm32fw.a(stm32f10x_rtc.o)
                0x080068f0                RTC_WaitForSynchro
 .text.SPI_I2S_DeInit
                0x08006910       0x64 lib/STM32F10x_StdPeriph_Driver/libstm32fw.a(stm32f10x_spi.o)
                0x08006910                SPI_I2S_DeInit
 .text.SPI_Init
                0x08006974       0x40 lib/STM32F10x_StdPeriph_Driver/libstm32fw.a(stm32f10x_spi.o)
                0x08006974                SPI_Init
 .text.SPI_Cmd  0x080069b4       0x1a lib/STM32F10x_StdPeriph_Driver/libstm32fw.a(stm32f10x_spi.o)
                0x080069b4                SPI_Cmd
 .text.SPI_I2S_DMACmd
                0x080069ce       0x16 lib/STM32F10x_StdPeriph_Driver/libstm32fw.a(stm32f10x_spi.o)
                0x080069ce                SPI_I2S_DMACmd
 .text.SPI_I2S_SendData
                0x080069e4        0x4 lib/STM32F10x_StdPeriph_Driver/libstm32fw.a(stm32f10x_spi.o)
                0x080069e4                SPI_I2S_SendData
 .text.SPI_I2S_ReceiveData
                0x080069e8        0x6 lib/STM32F10x_StdPeriph_Driver/libstm32fw.a(stm32f10x_spi.o)
                0x080069e8                SPI_I2S_ReceiveData
 .text.SPI_CalculateCRC
                0x080069ee       0x1a lib/STM32F10x_StdPeriph_Driver/libstm32fw.a(stm32f10x_spi.o)
                0x080069ee                SPI_CalculateCRC
 .text.SPI_I2S_GetFlagStatus
                0x08006a08        0xc lib/STM32F10x_StdPeriph_Driver/libstm32fw.a(stm32f10x_spi.o)
                0x08006a08                SPI_I2S_GetFlagStatus
 .text.TIM_DeInit
                0x08006a14       0xc8 lib/STM32F10x_StdPeriph_Driver/libstm32fw.a(stm32f10x_tim.o)
                0x08006a14                TIM_DeInit
 .text.TIM_TimeBaseInit
                0x08006adc       0x3c lib/STM32F10x_StdPeriph_Driver/libstm32fw.a(stm32f10x_tim.o)
                0x08006adc                TIM_TimeBaseInit
 .text.TIM_OC1Init
                0x08006b18       0x80 lib/STM32F10x_StdPeriph_Driver/libstm32fw.a(stm32f10x_tim.o)
                0x08006b18                TIM_OC1Init
 .text.TIM_OC2Init
                0x08006b98       0x88 lib/STM32F10x_StdPeriph_Driver/libstm32fw.a(stm32f10x_tim.o)
                0x08006b98                TIM_OC2Init
 .text.TIM_OC3Init
                0x08006c20       0x84 lib/STM32F10x_StdPeriph_Driver/libstm32fw.a(stm32f10x_tim.o)
                0x08006c20                TIM_OC3Init
 .text.TIM_OC4Init
                0x08006ca4       0x64 lib/STM32F10x_StdPeriph_Driver/libstm32fw.a(stm32f10x_tim.o)
                0x08006ca4                TIM_OC4Init
 .text.TIM_Cmd  0x08006d08       0x1a lib/STM32F10x_StdPeriph_Driver/libstm32fw.a(stm32f10x_tim.o)
                0x08006d08                TIM_Cmd
 .text.TIM_CtrlPWMOutputs
                0x08006d22       0x1e lib/STM32F10x_StdPeriph_Driver/libstm32fw.a(stm32f10x_tim.o)
                0x08006d22                TIM_CtrlPWMOutputs
 .text.TIM_SelectInputTrigger
                0x08006d40       0x12 lib/STM32F10x_StdPeriph_Driver/libstm32fw.a(stm32f10x_tim.o)
                0x08006d40                TIM_SelectInputTrigger
 .text.TIM_ARRPreloadConfig
                0x08006d52       0x1a lib/STM32F10x_StdPeriph_Driver/libstm32fw.a(stm32f10x_tim.o)
                0x08006d52                TIM_ARRPreloadConfig
 .text.TIM_OC1PreloadConfig
                0x08006d6c       0x12 lib/STM32F10x_StdPeriph_Driver/libstm32fw.a(stm32f10x_tim.o)
                0x08006d6c                TIM_OC1PreloadConfig
 .text.TIM_OC2PreloadConfig
                0x08006d7e       0x12 lib/STM32F10x_StdPeriph_Driver/libstm32fw.a(stm32f10x_tim.o)
                0x08006d7e                TIM_OC2PreloadConfig
 .text.TIM_OC3PreloadConfig
                0x08006d90       0x12 lib/STM32F10x_StdPeriph_Driver/libstm32fw.a(stm32f10x_tim.o)
                0x08006d90                TIM_OC3PreloadConfig
 .text.TIM_OC4PreloadConfig
                0x08006da2       0x12 lib/STM32F10x_StdPeriph_Driver/libstm32fw.a(stm32f10x_tim.o)
                0x08006da2                TIM_OC4PreloadConfig
 .text.TIM_SelectOutputTrigger
                0x08006db4       0x18 lib/STM32F10x_StdPeriph_Driver/libstm32fw.a(stm32f10x_tim.o)
                0x08006db4                TIM_SelectOutputTrigger
 .text.TIM_SelectSlaveMode
                0x08006dcc       0x18 lib/STM32F10x_StdPeriph_Driver/libstm32fw.a(stm32f10x_tim.o)
                0x08006dcc                TIM_SelectSlaveMode
 .text.TIM_SelectMasterSlaveMode
                0x08006de4       0x18 lib/STM32F10x_StdPeriph_Driver/libstm32fw.a(stm32f10x_tim.o)
                0x08006de4                TIM_SelectMasterSlaveMode
 .text.TIM_SetCompare1
                0x08006dfc        0x4 lib/STM32F10x_StdPeriph_Driver/libstm32fw.a(stm32f10x_tim.o)
                0x08006dfc                TIM_SetCompare1
 .text.TIM_SetCompare3
                0x08006e00        0x4 lib/STM32F10x_StdPeriph_Driver/libstm32fw.a(stm32f10x_tim.o)
                0x08006e00                TIM_SetCompare3
 .text.TIM_SetCompare4
                0x08006e04        0x6 lib/STM32F10x_StdPeriph_Driver/libstm32fw.a(stm32f10x_tim.o)
                0x08006e04                TIM_SetCompare4
 *fill*         0x08006e0a        0x2 00
 .text.USART_Init
                0x08006e0c       0x90 lib/STM32F10x_StdPeriph_Driver/libstm32fw.a(stm32f10x_usart.o)
                0x08006e0c                USART_Init
 .text.USART_Cmd
                0x08006e9c       0x1a lib/STM32F10x_StdPeriph_Driver/libstm32fw.a(stm32f10x_usart.o)
                0x08006e9c                USART_Cmd
 .text.USART_SendData
                0x08006eb6        0x8 lib/STM32F10x_StdPeriph_Driver/libstm32fw.a(stm32f10x_usart.o)
                0x08006eb6                USART_SendData
 .text.USART_GetFlagStatus
                0x08006ebe        0xc lib/STM32F10x_StdPeriph_Driver/libstm32fw.a(stm32f10x_usart.o)
                0x08006ebe                USART_GetFlagStatus
 *fill*         0x08006eca        0x2 00
 .text.Standard_GetConfiguration
                0x08006ecc       0x24 lib/STM32_USB-FS-Device_Driver/libstm32usb.a(usb_core.o)
                0x08006ecc                Standard_GetConfiguration
 .text.Standard_GetInterface
                0x08006ef0       0x24 lib/STM32_USB-FS-Device_Driver/libstm32usb.a(usb_core.o)
                0x08006ef0                Standard_GetInterface
 .text.Standard_GetStatus
                0x08006f14       0xa8 lib/STM32_USB-FS-Device_Driver/libstm32usb.a(usb_core.o)
                0x08006f14                Standard_GetStatus
 .text.DataStageIn
                0x08006fbc       0xa8 lib/STM32_USB-FS-Device_Driver/libstm32usb.a(usb_core.o)
 .text.Standard_SetConfiguration
                0x08007064       0x3c lib/STM32_USB-FS-Device_Driver/libstm32usb.a(usb_core.o)
                0x08007064                Standard_SetConfiguration
 .text.Standard_SetInterface
                0x080070a0       0x4c lib/STM32_USB-FS-Device_Driver/libstm32usb.a(usb_core.o)
                0x080070a0                Standard_SetInterface
 .text.Standard_ClearFeature
                0x080070ec       0xec lib/STM32_USB-FS-Device_Driver/libstm32usb.a(usb_core.o)
                0x080070ec                Standard_ClearFeature
 .text.Standard_SetEndPointFeature
                0x080071d8       0x9c lib/STM32_USB-FS-Device_Driver/libstm32usb.a(usb_core.o)
                0x080071d8                Standard_SetEndPointFeature
 .text.Standard_SetDeviceFeature
                0x08007274       0x24 lib/STM32_USB-FS-Device_Driver/libstm32usb.a(usb_core.o)
                0x08007274                Standard_SetDeviceFeature
 .text.Standard_GetDescriptorData
                0x08007298       0x1c lib/STM32_USB-FS-Device_Driver/libstm32usb.a(usb_core.o)
                0x08007298                Standard_GetDescriptorData
 .text.Post0_Process
                0x080072b4       0x44 lib/STM32_USB-FS-Device_Driver/libstm32usb.a(usb_core.o)
                0x080072b4                Post0_Process
 .text.Out0_Process
                0x080072f8       0xd0 lib/STM32_USB-FS-Device_Driver/libstm32usb.a(usb_core.o)
                0x080072f8                Out0_Process
 .text.Setup0_Process
                0x080073c8      0x2f4 lib/STM32_USB-FS-Device_Driver/libstm32usb.a(usb_core.o)
                0x080073c8                Setup0_Process
 .text.SetDeviceAddress
                0x080076bc       0x48 lib/STM32_USB-FS-Device_Driver/libstm32usb.a(usb_core.o)
                0x080076bc                SetDeviceAddress
 .text.In0_Process
                0x08007704       0x5c lib/STM32_USB-FS-Device_Driver/libstm32usb.a(usb_core.o)
                0x08007704                In0_Process
 .text.NOP_Process
                0x08007760        0x2 lib/STM32_USB-FS-Device_Driver/libstm32usb.a(usb_core.o)
                0x08007760                NOP_Process
 *fill*         0x08007762        0x2 00
 .text.USB_Init
                0x08007764       0x38 lib/STM32_USB-FS-Device_Driver/libstm32usb.a(usb_init.o)
                0x08007764                USB_Init
 .text.CTR_LP   0x0800779c      0x18c lib/STM32_USB-FS-Device_Driver/libstm32usb.a(usb_int.o)
                0x0800779c                CTR_LP
 .text.CTR_HP   0x08007928       0x80 lib/STM32_USB-FS-Device_Driver/libstm32usb.a(usb_int.o)
                0x08007928                CTR_HP
 .text.UserToPMABufferCopy
                0x080079a8       0x2e lib/STM32_USB-FS-Device_Driver/libstm32usb.a(usb_mem.o)
                0x080079a8                UserToPMABufferCopy
 .text.PMAToUserBufferCopy
                0x080079d6       0x20 lib/STM32_USB-FS-Device_Driver/libstm32usb.a(usb_mem.o)
                0x080079d6                PMAToUserBufferCopy
 *fill*         0x080079f6        0x2 00
 .text.SetBTABLE
                0x080079f8       0x14 lib/STM32_USB-FS-Device_Driver/libstm32usb.a(usb_regs.o)
                0x080079f8                SetBTABLE
 .text.SetEPType
                0x08007a0c       0x1a lib/STM32_USB-FS-Device_Driver/libstm32usb.a(usb_regs.o)
                0x08007a0c                SetEPType
 .text.SetEPTxStatus
                0x08007a26       0x38 lib/STM32_USB-FS-Device_Driver/libstm32usb.a(usb_regs.o)
                0x08007a26                SetEPTxStatus
 .text.SetEPRxStatus
                0x08007a5e       0x38 lib/STM32_USB-FS-Device_Driver/libstm32usb.a(usb_regs.o)
                0x08007a5e                SetEPRxStatus
 .text.SetEPRxValid
                0x08007a96       0x24 lib/STM32_USB-FS-Device_Driver/libstm32usb.a(usb_regs.o)
                0x08007a96                SetEPRxValid
 .text.Clear_Status_Out
                0x08007aba       0x20 lib/STM32_USB-FS-Device_Driver/libstm32usb.a(usb_regs.o)
                0x08007aba                Clear_Status_Out
 .text.ClearDTOG_RX
                0x08007ada       0x28 lib/STM32_USB-FS-Device_Driver/libstm32usb.a(usb_regs.o)
                0x08007ada                ClearDTOG_RX
 .text.ClearDTOG_TX
                0x08007b02       0x28 lib/STM32_USB-FS-Device_Driver/libstm32usb.a(usb_regs.o)
                0x08007b02                ClearDTOG_TX
 *fill*         0x08007b2a        0x2 00
 .text.SetEPTxAddr
                0x08007b2c       0x24 lib/STM32_USB-FS-Device_Driver/libstm32usb.a(usb_regs.o)
                0x08007b2c                SetEPTxAddr
 .text.SetEPRxAddr
                0x08007b50       0x24 lib/STM32_USB-FS-Device_Driver/libstm32usb.a(usb_regs.o)
                0x08007b50                SetEPRxAddr
 .text.GetEPTxAddr
                0x08007b74       0x1c lib/STM32_USB-FS-Device_Driver/libstm32usb.a(usb_regs.o)
                0x08007b74                GetEPTxAddr
 .text.GetEPRxAddr
                0x08007b90       0x1c lib/STM32_USB-FS-Device_Driver/libstm32usb.a(usb_regs.o)
                0x08007b90                GetEPRxAddr
 .text.SetEPTxCount
                0x08007bac       0x1c lib/STM32_USB-FS-Device_Driver/libstm32usb.a(usb_regs.o)
                0x08007bac                SetEPTxCount
 .text.SetEPRxCount
                0x08007bc8       0x40 lib/STM32_USB-FS-Device_Driver/libstm32usb.a(usb_regs.o)
                0x08007bc8                SetEPRxCount
 .text.GetEPRxCount
                0x08007c08       0x20 lib/STM32_USB-FS-Device_Driver/libstm32usb.a(usb_regs.o)
                0x08007c08                GetEPRxCount
 .text.ByteSwap
                0x08007c28        0xa lib/STM32_USB-FS-Device_Driver/libstm32usb.a(usb_regs.o)
                0x08007c28                ByteSwap
 *fill*         0x08007c32        0x2 00
 .text.USB_SIL_Init
                0x08007c34       0x20 lib/STM32_USB-FS-Device_Driver/libstm32usb.a(usb_sil.o)
                0x08007c34                USB_SIL_Init
 .text.USB_SIL_Write
                0x08007c54       0x28 lib/STM32_USB-FS-Device_Driver/libstm32usb.a(usb_sil.o)
                0x08007c54                USB_SIL_Write
 .text.USB_SIL_Read
                0x08007c7c       0x24 lib/STM32_USB-FS-Device_Driver/libstm32usb.a(usb_sil.o)
                0x08007c7c                USB_SIL_Read
 .text          0x08007ca0       0x78 /home/laurence/CodeSourcery/Sourcery_G++_Lite/bin/../lib/gcc/arm-none-eabi/4.5.2/../../../../arm-none-eabi/lib/thumb2/libm.a(lib_a-sf_sin.o)
                0x08007ca0                sinf
 .text          0x08007d18       0xa8 /home/laurence/CodeSourcery/Sourcery_G++_Lite/bin/../lib/gcc/arm-none-eabi/4.5.2/../../../../arm-none-eabi/lib/thumb2/libm.a(lib_a-wf_asin.o)
                0x08007d18                asinf
 .text          0x08007dc0       0xa4 /home/laurence/CodeSourcery/Sourcery_G++_Lite/bin/../lib/gcc/arm-none-eabi/4.5.2/../../../../arm-none-eabi/lib/thumb2/libm.a(lib_a-wf_sqrt.o)
                0x08007dc0                sqrtf
 .text          0x08007e64      0x318 /home/laurence/CodeSourcery/Sourcery_G++_Lite/bin/../lib/gcc/arm-none-eabi/4.5.2/../../../../arm-none-eabi/lib/thumb2/libm.a(lib_a-ef_asin.o)
                0x08007e64                __ieee754_asinf
 .text          0x0800817c      0x358 /home/laurence/CodeSourcery/Sourcery_G++_Lite/bin/../lib/gcc/arm-none-eabi/4.5.2/../../../../arm-none-eabi/lib/thumb2/libm.a(lib_a-ef_rem_pio2.o)
                0x0800817c                __ieee754_rem_pio2f
 .text          0x080084d4       0xb0 /home/laurence/CodeSourcery/Sourcery_G++_Lite/bin/../lib/gcc/arm-none-eabi/4.5.2/../../../../arm-none-eabi/lib/thumb2/libm.a(lib_a-ef_sqrt.o)
                0x080084d4                __ieee754_sqrtf
 .text          0x08008584      0x1b8 /home/laurence/CodeSourcery/Sourcery_G++_Lite/bin/../lib/gcc/arm-none-eabi/4.5.2/../../../../arm-none-eabi/lib/thumb2/libm.a(lib_a-kf_cos.o)
                0x08008584                __kernel_cosf
 .text          0x0800873c      0x63c /home/laurence/CodeSourcery/Sourcery_G++_Lite/bin/../lib/gcc/arm-none-eabi/4.5.2/../../../../arm-none-eabi/lib/thumb2/libm.a(lib_a-kf_rem_pio2.o)
                0x0800873c                __kernel_rem_pio2f
 .text          0x08008d78      0x100 /home/laurence/CodeSourcery/Sourcery_G++_Lite/bin/../lib/gcc/arm-none-eabi/4.5.2/../../../../arm-none-eabi/lib/thumb2/libm.a(lib_a-kf_sin.o)
                0x08008d78                __kernel_sinf
 .text          0x08008e78        0x4 /home/laurence/CodeSourcery/Sourcery_G++_Lite/bin/../lib/gcc/arm-none-eabi/4.5.2/../../../../arm-none-eabi/lib/thumb2/libm.a(lib_a-s_matherr.o)
                0x08008e78                matherr
 .text          0x08008e7c        0xc /home/laurence/CodeSourcery/Sourcery_G++_Lite/bin/../lib/gcc/arm-none-eabi/4.5.2/../../../../arm-none-eabi/lib/thumb2/libm.a(lib_a-s_nan.o)
                0x08008e7c                nan
 .text          0x08008e88        0x8 /home/laurence/CodeSourcery/Sourcery_G++_Lite/bin/../lib/gcc/arm-none-eabi/4.5.2/../../../../arm-none-eabi/lib/thumb2/libm.a(lib_a-sf_fabs.o)
                0x08008e88                fabsf
 .text          0x08008e90       0xa0 /home/laurence/CodeSourcery/Sourcery_G++_Lite/bin/../lib/gcc/arm-none-eabi/4.5.2/../../../../arm-none-eabi/lib/thumb2/libm.a(lib_a-sf_floor.o)
                0x08008e90                floorf
 .text          0x08008f30       0x7c /home/laurence/CodeSourcery/Sourcery_G++_Lite/bin/../lib/gcc/arm-none-eabi/4.5.2/../../../../arm-none-eabi/lib/thumb2/libm.a(lib_a-sf_fpclassify.o)
                0x08008f30                __fpclassifyf
 .text          0x08008fac       0xc0 /home/laurence/CodeSourcery/Sourcery_G++_Lite/bin/../lib/gcc/arm-none-eabi/4.5.2/../../../../arm-none-eabi/lib/thumb2/libm.a(lib_a-sf_scalbn.o)
                0x08008fac                scalbnf
 .text          0x0800906c       0x10 /home/laurence/CodeSourcery/Sourcery_G++_Lite/bin/../lib/gcc/arm-none-eabi/4.5.2/../../../../arm-none-eabi/lib/thumb2/libm.a(lib_a-sf_copysign.o)
                0x0800906c                copysignf
 .text          0x0800907c      0x370 /home/laurence/CodeSourcery/Sourcery_G++_Lite/bin/../lib/gcc/arm-none-eabi/4.5.2/thumb2/libgcc.a(_arm_addsubdf3.o)
                0x0800907c                __aeabi_drsub
                0x08009084                __aeabi_dsub
                0x08009084                __subdf3
                0x08009088                __adddf3
                0x08009088                __aeabi_dadd
                0x08009300                __aeabi_ui2d
                0x08009300                __floatunsidf
                0x08009320                __floatsidf
                0x08009320                __aeabi_i2d
                0x08009344                __extendsfdf2
                0x08009344                __aeabi_f2d
                0x08009380                __aeabi_ul2d
                0x08009380                __floatundidf
                0x08009390                __floatdidf
                0x08009390                __aeabi_l2d
 .text          0x080093ec      0x424 /home/laurence/CodeSourcery/Sourcery_G++_Lite/bin/../lib/gcc/arm-none-eabi/4.5.2/thumb2/libgcc.a(_arm_muldivdf3.o)
                0x080093ec                __aeabi_dmul
                0x080093ec                __muldf3
                0x08009640                __aeabi_ddiv
                0x08009640                __divdf3
 .text          0x08009810      0x110 /home/laurence/CodeSourcery/Sourcery_G++_Lite/bin/../lib/gcc/arm-none-eabi/4.5.2/thumb2/libgcc.a(_arm_cmpdf2.o)
                0x08009810                __gtdf2
                0x08009810                __gedf2
                0x08009818                __ltdf2
                0x08009818                __ledf2
                0x08009820                __cmpdf2
                0x08009820                __eqdf2
                0x08009820                __nedf2
                0x0800989c                __aeabi_cdrcmple
                0x080098ac                __aeabi_cdcmple
                0x080098ac                __aeabi_cdcmpeq
                0x080098bc                __aeabi_dcmpeq
                0x080098d0                __aeabi_dcmplt
                0x080098e4                __aeabi_dcmple
                0x080098f8                __aeabi_dcmpge
                0x0800990c                __aeabi_dcmpgt
 .text          0x08009920       0x50 /home/laurence/CodeSourcery/Sourcery_G++_Lite/bin/../lib/gcc/arm-none-eabi/4.5.2/thumb2/libgcc.a(_arm_fixdfsi.o)
                0x08009920                __fixdfsi
                0x08009920                __aeabi_d2iz
 .text          0x08009970       0x40 /home/laurence/CodeSourcery/Sourcery_G++_Lite/bin/../lib/gcc/arm-none-eabi/4.5.2/thumb2/libgcc.a(_arm_fixunsdfsi.o)
                0x08009970                __fixunsdfsi
                0x08009970                __aeabi_d2uiz
 .text          0x080099b0       0xa0 /home/laurence/CodeSourcery/Sourcery_G++_Lite/bin/../lib/gcc/arm-none-eabi/4.5.2/thumb2/libgcc.a(_arm_truncdfsf2.o)
                0x080099b0                __aeabi_d2f
                0x080099b0                __truncdfsf2
 .text          0x08009a50      0x21c /home/laurence/CodeSourcery/Sourcery_G++_Lite/bin/../lib/gcc/arm-none-eabi/4.5.2/thumb2/libgcc.a(_arm_addsubsf3.o)
                0x08009a50                __aeabi_frsub
                0x08009a58                __subsf3
                0x08009a58                __aeabi_fsub
                0x08009a5c                __aeabi_fadd
                0x08009a5c                __addsf3
                0x08009bbc                __aeabi_ui2f
                0x08009bbc                __floatunsisf
                0x08009bc4                __aeabi_i2f
                0x08009bc4                __floatsisf
                0x08009be0                __floatundisf
                0x08009be0                __aeabi_ul2f
                0x08009bf0                __floatdisf
                0x08009bf0                __aeabi_l2f
 .text          0x08009c6c      0x2a0 /home/laurence/CodeSourcery/Sourcery_G++_Lite/bin/../lib/gcc/arm-none-eabi/4.5.2/thumb2/libgcc.a(_arm_muldivsf3.o)
                0x08009c6c                __mulsf3
                0x08009c6c                __aeabi_fmul
                0x08009dd4                __divsf3
                0x08009dd4                __aeabi_fdiv
 .text          0x08009f0c       0xec /home/laurence/CodeSourcery/Sourcery_G++_Lite/bin/../lib/gcc/arm-none-eabi/4.5.2/thumb2/libgcc.a(_arm_cmpsf2.o)
                0x08009f0c                __gtsf2
                0x08009f0c                __gesf2
                0x08009f14                __lesf2
                0x08009f14                __ltsf2
                0x08009f1c                __nesf2
                0x08009f1c                __eqsf2
                0x08009f1c                __cmpsf2
                0x08009f7c                __aeabi_cfrcmple
                0x08009f84                __aeabi_cfcmple
                0x08009f84                __aeabi_cfcmpeq
                0x08009f94                __aeabi_fcmpeq
                0x08009fa8                __aeabi_fcmplt
                0x08009fbc                __aeabi_fcmple
                0x08009fd0                __aeabi_fcmpge
                0x08009fe4                __aeabi_fcmpgt
 .text          0x08009ff8       0x4c /home/laurence/CodeSourcery/Sourcery_G++_Lite/bin/../lib/gcc/arm-none-eabi/4.5.2/thumb2/libgcc.a(_arm_fixsfsi.o)
                0x08009ff8                __fixsfsi
                0x08009ff8                __aeabi_f2iz
 .text          0x0800a044       0x40 /home/laurence/CodeSourcery/Sourcery_G++_Lite/bin/../lib/gcc/arm-none-eabi/4.5.2/thumb2/libgcc.a(_arm_fixunssfsi.o)
                0x0800a044                __aeabi_f2uiz
                0x0800a044                __fixunssfsi
 .text          0x0800a084        0xc /home/laurence/CodeSourcery/Sourcery_G++_Lite/bin/../lib/gcc/arm-none-eabi/4.5.2/../../../../arm-none-eabi/lib/thumb2/libc.a(lib_a-errno.o)
                0x0800a084                __errno
 .text          0x0800a090       0x20 /home/laurence/CodeSourcery/Sourcery_G++_Lite/bin/../lib/gcc/arm-none-eabi/4.5.2/../../../../arm-none-eabi/lib/thumb2/libc.a(lib_a-malloc.o)
                0x0800a090                malloc
                0x0800a0a0                free
 .text          0x0800a0b0      0x57c /home/laurence/CodeSourcery/Sourcery_G++_Lite/bin/../lib/gcc/arm-none-eabi/4.5.2/../../../../arm-none-eabi/lib/thumb2/libc.a(lib_a-mallocr.o)
                0x0800a0b0                _malloc_r
 .text          0x0800a62c       0xb4 /home/laurence/CodeSourcery/Sourcery_G++_Lite/bin/../lib/gcc/arm-none-eabi/4.5.2/../../../../arm-none-eabi/lib/thumb2/libc.a(lib_a-memset.o)
                0x0800a62c                memset
 .text          0x0800a6e0        0x8 /home/laurence/CodeSourcery/Sourcery_G++_Lite/bin/../lib/gcc/arm-none-eabi/4.5.2/../../../../arm-none-eabi/lib/thumb2/libc.a(lib_a-mlock.o)
                0x0800a6e0                __malloc_lock
                0x0800a6e4                __malloc_unlock
 .text          0x0800a6e8       0x28 /home/laurence/CodeSourcery/Sourcery_G++_Lite/bin/../lib/gcc/arm-none-eabi/4.5.2/../../../../arm-none-eabi/lib/thumb2/libc.a(lib_a-sbrkr.o)
                0x0800a6e8                _sbrk_r
 .text          0x0800a710       0x60 /home/laurence/CodeSourcery/Sourcery_G++_Lite/bin/../lib/gcc/arm-none-eabi/4.5.2/../../../../arm-none-eabi/lib/thumb2/libc.a(lib_a-strlen.o)
                0x0800a710                strlen
 .text          0x0800a770      0x240 /home/laurence/CodeSourcery/Sourcery_G++_Lite/bin/../lib/gcc/arm-none-eabi/4.5.2/../../../../arm-none-eabi/lib/thumb2/libc.a(lib_a-freer.o)
                0x0800a770                _malloc_trim_r
                0x0800a818                _free_r
 .text          0x0800a9b0       0x30 /home/laurence/CodeSourcery/Sourcery_G++_Lite/bin/../lib/gcc/arm-none-eabi/4.5.2/../../../../arm-none-eabi/lib/thumb2/libcs3.a(start_c.o)
                0x0800a9b0                __cs3_premain
 .text.cs3.init
                0x0800a9e0       0x50 /home/laurence/CodeSourcery/Sourcery_G++_Lite/bin/../lib/gcc/arm-none-eabi/4.5.2/../../../../arm-none-eabi/lib/thumb2/libcs3.a(start_c.o)
                0x0800a9e0                __cs3_start_c
 .text          0x0800aa30       0x40 /home/laurence/CodeSourcery/Sourcery_G++_Lite/bin/../lib/gcc/arm-none-eabi/4.5.2/../../../../arm-none-eabi/lib/thumb2/libcs3unhosted.a(unhosted-sbrk.o)
                0x0800aa30                _sbrk
 .text.cs3.init
                0x0800aa70       0x10 /home/laurence/CodeSourcery/Sourcery_G++_Lite/bin/../lib/gcc/arm-none-eabi/4.5.2/../../../../arm-none-eabi/lib/thumb2/libcs3unhosted.a(unhosted-start.o)
                0x0800aa70                _start
 .text          0x0800aa80        0x2 lib/libcs3-lanchon-stm32.a(lanchon_stm32_isr_interrupt.o)
                0x0800aa80                DMAChannel7_IRQHandler
                0x0800aa80                DebugMonitor
                0x0800aa80                SVCHandler
                0x0800aa80                __STM32ReservedException8
                0x0800aa80                __STM32DefaultExceptionHandler
                0x0800aa80                CAN_SCE_IRQHandler
                0x0800aa80                __STM32ReservedException10
                0x0800aa80                __STM32ReservedException13
                0x0800aa80                DMAChannel4_IRQHandler
                0x0800aa80                PendSVC
                0x0800aa80                CAN_RX1_IRQHandler
                0x0800aa80                ADC_IRQHandler
                0x0800aa80                DMAChannel5_IRQHandler
                0x0800aa80                DMAChannel2_IRQHandler
                0x0800aa80                __STM32ReservedException7
                0x0800aa80                DMAChannel6_IRQHandler
                0x0800aa80                DMAChannel3_IRQHandler
                0x0800aa80                __STM32ReservedException9
 *fill*         0x0800aa82        0x2 00
 .text          0x0800aa84       0x50 /home/laurence/CodeSourcery/Sourcery_G++_Lite/bin/../lib/gcc/arm-none-eabi/4.5.2/../../../../arm-none-eabi/lib/thumb2/libc.a(lib_a-init.o)
                0x0800aa84                __libc_init_array
 *(.plt)
 *(.gnu.warning)
 *(.glue_7t)
 .glue_7t       0x00000000        0x0 linker stubs
 *(.glue_7)
 .glue_7        0x00000000        0x0 linker stubs
 *(.vfp11_veneer)
 .vfp11_veneer  0x00000000        0x0 linker stubs
 *(.rodata .rodata.* .gnu.linkonce.r.*)
 .rodata.sinusoid.7312
                0x0800aad4       0x48 Sensors/ppg_new.o
 .rodata.cosinusoid.7313
                0x0800ab1c       0x48 Sensors/ppg_new.o
 .rodata.xcoeffs
                0x0800ab64       0x34 Sensors/pressure.o
 .rodata.MASS_StringLangID
                0x0800ab98        0x4 Util/USB/usb_desc.o
                0x0800ab98                MASS_StringLangID
 .rodata.MASS_ConfigDescriptor
                0x0800ab9c       0x20 Util/USB/usb_desc.o
                0x0800ab9c                MASS_ConfigDescriptor
 .rodata.MASS_StringProduct
                0x0800abbc       0x2e Util/USB/usb_desc.o
                0x0800abbc                MASS_StringProduct
 .rodata.MASS_DeviceDescriptor
                0x0800abea       0x12 Util/USB/usb_desc.o
                0x0800abea                MASS_DeviceDescriptor
 .rodata.MASS_StringInterface
                0x0800abfc       0x10 Util/USB/usb_desc.o
                0x0800abfc                MASS_StringInterface
 .rodata.MASS_StringVendor
                0x0800ac0c       0x32 Util/USB/usb_desc.o
                0x0800ac0c                MASS_StringVendor
 .rodata.tbl_upper.4123
                0x0800ac3e      0x1e0 Util/fat_fs/option/cc932.o
 .rodata.uni2sjis
                0x0800ae1e     0x7378 Util/fat_fs/option/cc932.o
 .rodata.tbl_lower.4122
                0x08012196      0x1e0 Util/fat_fs/option/cc932.o
 .rodata.str1.1
                0x08012376       0x10 Util/fat_fs/src/ff.o
 .rodata.LfnOfs
                0x08012386        0xd Util/fat_fs/src/ff.o
 .rodata.DaysInMonth
                0x08012393        0xc Util/fat_fs/src/rtc.o
 .rodata.str1.1
                0x0801239f        0x6 Util/rprintf.o
 .rodata.TMP102_setup
                0x080123a5        0x2 i2c_int.o
                0x080123a5                TMP102_setup
 .rodata.str1.1
                0x080123a7       0x10 interrupts.o
 *fill*         0x080123b7        0x1 00
 .rodata.SystemFrequency
                0x080123b8        0x4 lib/CMSIS_CM3/system_stm32f10x.o
                0x080123b8                SystemFrequency
 .rodata.str1.1
                0x080123bc      0x13e main.o
 .rodata.str1.1
                0x080124fa       0x16 pwr.o
 .rodata.str1.4
                0x08012510        0x9 /home/laurence/CodeSourcery/Sourcery_G++_Lite/bin/../lib/gcc/arm-none-eabi/4.5.2/../../../../arm-none-eabi/lib/thumb2/libm.a(lib_a-wf_asin.o)
                                  0xc (size before relaxing)
 *fill*         0x08012519        0x3 00
 .rodata.str1.4
                0x0801251c        0x6 /home/laurence/CodeSourcery/Sourcery_G++_Lite/bin/../lib/gcc/arm-none-eabi/4.5.2/../../../../arm-none-eabi/lib/thumb2/libm.a(lib_a-wf_sqrt.o)
                                  0x8 (size before relaxing)
 *fill*         0x08012522        0x2 00
 .rodata        0x08012524      0x398 /home/laurence/CodeSourcery/Sourcery_G++_Lite/bin/../lib/gcc/arm-none-eabi/4.5.2/../../../../arm-none-eabi/lib/thumb2/libm.a(lib_a-ef_rem_pio2.o)
 .rodata        0x080128bc       0x38 /home/laurence/CodeSourcery/Sourcery_G++_Lite/bin/../lib/gcc/arm-none-eabi/4.5.2/../../../../arm-none-eabi/lib/thumb2/libm.a(lib_a-kf_rem_pio2.o)
 .rodata        0x080128f4       0x60 /home/laurence/CodeSourcery/Sourcery_G++_Lite/bin/../lib/gcc/arm-none-eabi/4.5.2/../../../../arm-none-eabi/lib/thumb2/libc.a(lib_a-findfp.o)
                0x080128f4                __sf_fake_stdin
                0x08012914                __sf_fake_stdout
                0x08012934                __sf_fake_stderr
 .rodata.str1.4
                0x08012954        0x4 /home/laurence/CodeSourcery/Sourcery_G++_Lite/bin/../lib/gcc/arm-none-eabi/4.5.2/../../../../arm-none-eabi/lib/thumb2/libc.a(lib_a-impure.o)
 *(.ARM.extab* .gnu.linkonce.armextab.*)
 *(.gcc_except_table)
 *(.eh_frame_hdr)
 *(.eh_frame)
                0x08012958                . = ALIGN (0x4)
 *(.init)
 .init          0x08012958        0x4 /home/laurence/CodeSourcery/Sourcery_G++_Lite/bin/../lib/gcc/arm-none-eabi/4.5.2/thumb2/crti.o
                0x08012958                _init
 .init          0x0801295c        0x8 /home/laurence/CodeSourcery/Sourcery_G++_Lite/bin/../lib/gcc/arm-none-eabi/4.5.2/thumb2/crtn.o
                0x08012964                . = ALIGN (0x4)
                0x08012964                _sidata = .
                0x08012964                __preinit_array_start = .
 *(.preinit_array)
                0x08012964                __preinit_array_end = .
                0x08012964                . = ALIGN (0x4)
                0x08012964                __init_array_start = .
 *(SORT(.init_array.*))
 *(.init_array)
 .init_array    0x08012964        0x4 /home/laurence/CodeSourcery/Sourcery_G++_Lite/bin/../lib/gcc/arm-none-eabi/4.5.2/thumb2/crtbegin.o
                0x08012968                __init_array_end = .
                0x08012968                . = ALIGN (0x4)
 *crtbegin.o(.ctors)
 *(EXCLUDE_FILE(*crtend.o) .ctors)
 *(SORT(.ctors.*))
 *crtend.o(.ctors)
                0x08012968                . = ALIGN (0x4)
 *(.fini)
 .fini          0x08012968        0x4 /home/laurence/CodeSourcery/Sourcery_G++_Lite/bin/../lib/gcc/arm-none-eabi/4.5.2/thumb2/crti.o
                0x08012968                _fini
 .fini          0x0801296c        0x8 /home/laurence/CodeSourcery/Sourcery_G++_Lite/bin/../lib/gcc/arm-none-eabi/4.5.2/thumb2/crtn.o
                0x08012974                . = ALIGN (0x4)
                0x08012974                __fini_array_start = .
 *(.fini_array)
 .fini_array    0x08012974        0x4 /home/laurence/CodeSourcery/Sourcery_G++_Lite/bin/../lib/gcc/arm-none-eabi/4.5.2/thumb2/crtbegin.o
 *(SORT(.fini_array.*))
                0x08012978                __fini_array_end = .
 *crtbegin.o(.dtors)
 *(EXCLUDE_FILE(*crtend.o) .dtors)
 *(SORT(.dtors.*))
 *crtend.o(.dtors)
                0x08012978                . = ALIGN (0x4)
                0x08012978                __cs3_regions = .
                0x08012978        0x4 LONG 0x0
                0x0801297c        0x4 LONG 0x8012990 __cs3_region_init_ram
                0x08012980        0x4 LONG 0x20000000 __cs3_region_start_ram
                0x08012984        0x4 LONG 0x690 __cs3_region_init_size_ram
                0x08012988        0x4 LONG 0x950 __cs3_region_zero_size_ram
                0x0801298c                __exidx_start = .

.v4_bx          0x0801298c        0x0
 .v4_bx         0x00000000        0x0 linker stubs

.ARM.exidx
 *(.ARM.exidx* .gnu.linkonce.armexidx.*)
                0x0801298c                __exidx_end = .

.text.align     0x0801298c        0x4
                0x08012990                . = ALIGN (0x8)
 *fill*         0x0801298c        0x4 00
                0x08012990                _etext = .
                0x08020000                __cs3_region_end_rom = (__cs3_region_start_rom + 0x20000)
                0x00020000                __cs3_region_size_rom = 0x20000
                0x00000001                __cs3_region_num = 0x1

.data           0x20000000      0x690 load address 0x08012990
                0x20000000                __cs3_region_start_ram = .
                0x20000000                _sdata = .
 *(.cs3.region-head.ram)
 *(.jcr)
 .jcr           0x20000000        0x0 /home/laurence/CodeSourcery/Sourcery_G++_Lite/bin/../lib/gcc/arm-none-eabi/4.5.2/thumb2/crtbegin.o
 .jcr           0x20000000        0x4 /home/laurence/CodeSourcery/Sourcery_G++_Lite/bin/../lib/gcc/arm-none-eabi/4.5.2/thumb2/crtend.o
 *(.got.plt)
 *(.got)
 *(.shdata)
 *(.data .data.* .gnu.linkonce.d.*)
 .data.Mode_Sense10_data
                0x20000004        0x8 Util/USB/scsi_data.o
                0x20000004                Mode_Sense10_data
 .data.Mode_Sense6_data
                0x2000000c        0x4 Util/USB/scsi_data.o
                0x2000000c                Mode_Sense6_data
 .data.Scsi_Sense_Data
                0x20000010       0x12 Util/USB/scsi_data.o
                0x20000010                Scsi_Sense_Data
 .data.ReadFormatCapacity_Data
                0x20000022        0xc Util/USB/scsi_data.o
                0x20000022                ReadFormatCapacity_Data
 .data.Standard_Inquiry_Data2
                0x2000002e       0x24 Util/USB/scsi_data.o
                0x2000002e                Standard_Inquiry_Data2
 .data.Standard_Inquiry_Data
                0x20000052       0x24 Util/USB/scsi_data.o
                0x20000052                Standard_Inquiry_Data
 .data.MASS_StringSerial
                0x20000076       0x1a Util/USB/usb_desc.o
                0x20000076                MASS_StringSerial
 .data.pEpInt_IN
                0x20000090       0x1c Util/USB/usb_istr.o
                0x20000090                pEpInt_IN
 .data.pEpInt_OUT
                0x200000ac       0x1c Util/USB/usb_istr.o
                0x200000ac                pEpInt_OUT
 .data.Config_Descriptor
                0x200000c8        0x8 Util/USB/usb_prop.o
                0x200000c8                Config_Descriptor
 .data.Device_Property
                0x200000d0       0x30 Util/USB/usb_prop.o
                0x200000d0                Device_Property
 .data.User_Standard_Requests
                0x20000100       0x24 Util/USB/usb_prop.o
                0x20000100                User_Standard_Requests
 .data.Device_Descriptor
                0x20000124        0x8 Util/USB/usb_prop.o
                0x20000124                Device_Descriptor
 .data.String_Descriptor
                0x2000012c       0x28 Util/USB/usb_prop.o
                0x2000012c                String_Descriptor
 .data.Device_Table
                0x20000154        0x2 Util/USB/usb_prop.o
                0x20000154                Device_Table
 .data.fSuspendEnabled
                0x20000156        0x1 Util/USB/usb_pwr.o
                0x20000156                fSuspendEnabled
 *fill*         0x20000157        0x1 00
 .data.rw_workbyte.7589
                0x20000158        0x2 Util/fat_fs/src/sd_spi_stm32.o
 .data.Stat     0x2000015a        0x1 Util/fat_fs/src/sd_spi_stm32.o
 *fill*         0x2000015b        0x1 00
 .data.I2C_jobs
                0x2000015c       0x10 i2c_int.o
                0x2000015c                I2C_jobs
 .data.ADCPrescTable
                0x2000016c        0x4 lib/STM32F10x_StdPeriph_Driver/libstm32fw.a(stm32f10x_rcc.o)
 .data.APBAHBPrescTable
                0x20000170       0x10 lib/STM32F10x_StdPeriph_Driver/libstm32fw.a(stm32f10x_rcc.o)
 .data          0x20000180        0x1 /home/laurence/CodeSourcery/Sourcery_G++_Lite/bin/../lib/gcc/arm-none-eabi/4.5.2/../../../../arm-none-eabi/lib/thumb2/libm.a(lib_a-s_lib_ver.o)
                0x20000180                __fdlib_version
 *fill*         0x20000181        0x3 00
 .data          0x20000184       0xf4 /home/laurence/CodeSourcery/Sourcery_G++_Lite/bin/../lib/gcc/arm-none-eabi/4.5.2/../../../../arm-none-eabi/lib/thumb2/libc.a(lib_a-impure.o)
                0x20000184                _impure_ptr
 .data          0x20000278      0x410 /home/laurence/CodeSourcery/Sourcery_G++_Lite/bin/../lib/gcc/arm-none-eabi/4.5.2/../../../../arm-none-eabi/lib/thumb2/libc.a(lib_a-mallocr.o)
                0x20000278                __malloc_av_
                0x20000680                __malloc_sbrk_base
                0x20000684                __malloc_trim_threshold
 .data          0x20000688        0x4 /home/laurence/CodeSourcery/Sourcery_G++_Lite/bin/../lib/gcc/arm-none-eabi/4.5.2/../../../../arm-none-eabi/lib/thumb2/libcs3unhosted.a(unhosted-sbrk.o)
 .data          0x2000068c        0x4 /home/laurence/CodeSourcery/Sourcery_G++_Lite/bin/../lib/gcc/arm-none-eabi/4.5.2/../../../../arm-none-eabi/lib/thumb2/libcs3.a(heap.o)
                0x2000068c                __cs3_heap_limit
 *(.ram)
                0x20000690                . = ALIGN (0x8)
                0x20000690                _edata = .

.bss            0x20000690      0x950 load address 0x08013020
                0x20000690                _sbss = .
 *(.shbss)
 *(.bss .bss.* .gnu.linkonce.b.*)
 .bss           0x20000690        0x1 /home/laurence/CodeSourcery/Sourcery_G++_Lite/bin/../lib/gcc/arm-none-eabi/4.5.2/thumb2/crtbegin.o
 *fill*         0x20000691        0x3 00
 .bss.Last_PPG_Values
                0x20000694        0xc Sensors/ppg_new.o
                0x20000694                Last_PPG_Values
 .bss.bindex.7309
                0x200006a0        0x1 Sensors/ppg_new.o
 *fill*         0x200006a1        0x3 00
 .bss.Frequency_Bin.7310
                0x200006a4       0x18 Sensors/ppg_new.o
 .bss.xv        0x200006bc       0x34 Sensors/pressure.o
 .bss.Pressure_Offset
                0x200006f0        0x4 Sensors/pressure.o
                0x200006f0                Pressure_Offset
 .bss.Reported_Pressure
                0x200006f4        0x4 Sensors/pressure.o
                0x200006f4                Reported_Pressure
 .bss.Device_Temperature
                0x200006f8        0x4 Sensors/temperature.o
                0x200006f8                Device_Temperature
 .bss.TMP102_Reported_Temperature
                0x200006fc        0x4 Sensors/temperature.o
                0x200006fc                TMP102_Reported_Temperature
 .bss.TMP102_Data_Buffer
                0x20000700        0x2 Sensors/temperature.o
                0x20000700                TMP102_Data_Buffer
 *fill*         0x20000702        0x2 00
 .bss.Data_Buffer
                0x20000704        0x4 Util/USB/mass_mal.o
                0x20000704                Data_Buffer
 .bss.Mass_Block_Size
                0x20000708        0x8 Util/USB/mass_mal.o
                0x20000708                Mass_Block_Size
 .bss.Status    0x20000710        0x4 Util/USB/mass_mal.o
                0x20000710                Status
 .bss.Mass_Memory_Size
                0x20000714        0x8 Util/USB/mass_mal.o
                0x20000714                Mass_Memory_Size
 .bss.Mass_Block_Count
                0x2000071c        0x8 Util/USB/mass_mal.o
                0x2000071c                Mass_Block_Count
 .bss.Used_CMD18.7652
                0x20000724        0x1 Util/USB/memory.o
 *fill*         0x20000725        0x3 00
 .bss.Block_offset
                0x20000728        0x4 Util/USB/memory.o
                0x20000728                Block_offset
 .bss.Counter   0x2000072c        0x4 Util/USB/memory.o
                0x2000072c                Counter
 .bss.W_Length.7664
                0x20000730        0x4 Util/USB/memory.o
 .bss.W_Offset.7663
                0x20000734        0x4 Util/USB/memory.o
 .bss.Idx       0x20000738        0x4 Util/USB/memory.o
                0x20000738                Idx
 .bss.Length.7651
                0x2000073c        0x4 Util/USB/memory.o
 .bss.TransferState
                0x20000740        0x1 Util/USB/memory.o
                0x20000740                TransferState
 .bss.ReadCapacity10_Data
                0x20000741        0x8 Util/USB/scsi_data.o
                0x20000741                ReadCapacity10_Data
 .bss.Page00_Inquiry_Data
                0x20000749        0x5 Util/USB/scsi_data.o
                0x20000749                Page00_Inquiry_Data
 .bss.Data_Len  0x2000074e        0x2 Util/USB/usb_bot.o
                0x2000074e                Data_Len
 .bss.CBW       0x20000750       0x20 Util/USB/usb_bot.o
                0x20000750                CBW
 .bss.Bot_State
                0x20000770        0x1 Util/USB/usb_bot.o
                0x20000770                Bot_State
 *fill*         0x20000771        0x3 00
 .bss.SCSI_BlkLen
                0x20000774        0x4 Util/USB/usb_bot.o
                0x20000774                SCSI_BlkLen
 .bss.Bulk_Data_Buff
                0x20000778       0x40 Util/USB/usb_bot.o
                0x20000778                Bulk_Data_Buff
 .bss.SCSI_LBA  0x200007b8        0x4 Util/USB/usb_bot.o
                0x200007b8                SCSI_LBA
 .bss.CSW       0x200007bc       0x10 Util/USB/usb_bot.o
                0x200007bc                CSW
 .bss.bIntPackSOF
                0x200007cc        0x1 Util/USB/usb_istr.o
                0x200007cc                bIntPackSOF
 *fill*         0x200007cd        0x1 00
 .bss.wIstr     0x200007ce        0x2 Util/USB/usb_istr.o
                0x200007ce                wIstr
 .bss.Max_Lun   0x200007d0        0x4 Util/USB/usb_prop.o
                0x200007d0                Max_Lun
 .bss.ResumeS   0x200007d4        0x2 Util/USB/usb_pwr.o
                0x200007d4                ResumeS
 *fill*         0x200007d6        0x2 00
 .bss.bDeviceState
                0x200007d8        0x4 Util/USB/usb_pwr.o
                0x200007d8                bDeviceState
 .bss.Fsid      0x200007dc        0x2 Util/fat_fs/src/ff.o
 *fill*         0x200007de        0x2 00
 .bss.FatFs     0x200007e0        0x4 Util/fat_fs/src/ff.o
 .bss.Timer1    0x200007e4        0x4 Util/fat_fs/src/sd_spi_stm32.o
 .bss.Timer2    0x200007e8        0x4 Util/fat_fs/src/sd_spi_stm32.o
 .bss.CardType  0x200007ec        0x1 Util/fat_fs/src/sd_spi_stm32.o
 .bss.Sd_Spi_Called_From_USB_MSC
                0x200007ed        0x1 Util/fat_fs/src/sd_spi_stm32.o
                0x200007ed                Sd_Spi_Called_From_USB_MSC
 *fill*         0x200007ee        0x2 00
 .bss.pv.7712   0x200007f0        0x4 Util/fat_fs/src/sd_spi_stm32.o
 .bss.rputchar  0x200007f4        0x4 Util/rprintf.o
 .bss.buf       0x200007f8       0x80 Util/rprintf.o
 .bss.ADC1_Convertion_buff
                0x20000878        0x4 adc.o
                0x20000878                ADC1_Convertion_buff
 .bss.bootsource
                0x2000087c        0x1 gpio.o
                0x2000087c                bootsource
 *fill*         0x2000087d        0x3 00
 .bss.Completed_Jobs
                0x20000880        0x4 i2c_int.o
                0x20000880                Completed_Jobs
 .bss.job       0x20000884        0x1 i2c_int.o
                0x20000884                job
 .bss.subaddress_sent.6748
                0x20000885        0x1 i2c_int.o
 .bss.final_stop.6749
                0x20000886        0x1 i2c_int.o
 *fill*         0x20000887        0x1 00
 .bss.Jobs      0x20000888        0x4 i2c_int.o
                0x20000888                Jobs
 .bss.I2C1error
                0x2000088c        0x2 i2c_int.o
                0x2000088c                I2C1error
 .bss.index.6750
                0x2000088e        0x1 i2c_int.o
 *fill*         0x2000088f        0x1 00
 .bss.old_pressure.7934
                0x20000890        0x4 interrupts.o
 .bss.Last_Button_Press.7936
                0x20000894        0x4 interrupts.o
 .bss.tmpindex.7938
                0x20000898        0x1 interrupts.o
 *fill*         0x20000899        0x1 00
 .bss.Enabled_iterations.7935
                0x2000089a        0x2 interrupts.o
 .bss.System_state_counter.7937
                0x2000089c        0x1 interrupts.o
 .bss.decimation_counter.7924
                0x2000089d        0x1 interrupts.o
 .bss.Button_hold_tim
                0x2000089e        0x1 interrupts.o
                0x2000089e                Button_hold_tim
 *fill*         0x2000089f        0x1 00
 .bss.I.7933    0x200008a0        0x4 interrupts.o
 .bss.Buff      0x200008a4       0x24 main.o
                0x200008a4                Buff
 .bss.Millis    0x200008c8        0x4 main.o
                0x200008c8                Millis
 .bss.f_err_code
                0x200008cc        0x1 main.o
                0x200008cc                f_err_code
 .bss.print_string
                0x200008cd      0x100 main.o
                0x200008cd                print_string
 .bss.Pressure_control
                0x200009cd        0x1 main.o
                0x200009cd                Pressure_control
 *fill*         0x200009ce        0x2 00
 .bss.FATFS_Obj
                0x200009d0      0x230 main.o
 .bss.Sensors   0x20000c00        0x1 main.o
                0x20000c00                Sensors
 *fill*         0x20000c01        0x3 00
 .bss.Temperatures_Buffer
                0x20000c04        0xc main.o
                0x20000c04                Temperatures_Buffer
 .bss.Pressures_Buffer