Archive member included because of file (symbol)

lib/STM32F10x_StdPeriph_Driver/libstm32fw.a(misc.o)
                              Util/USB/hw_config.o (NVIC_PriorityGroupConfig)
lib/STM32F10x_StdPeriph_Driver/libstm32fw.a(stm32f10x_adc.o)
                              adc.o (ADC_DeInit)
lib/STM32F10x_StdPeriph_Driver/libstm32fw.a(stm32f10x_bkp.o)
                              Util/fat_fs/src/rtc.o (BKP_DeInit)
lib/STM32F10x_StdPeriph_Driver/libstm32fw.a(stm32f10x_dma.o)
                              Util/fat_fs/src/sd_spi_stm32.o (DMA_DeInit)
lib/STM32F10x_StdPeriph_Driver/libstm32fw.a(stm32f10x_exti.o)
                              interrupts.o (EXTI_DeInit)
lib/STM32F10x_StdPeriph_Driver/libstm32fw.a(stm32f10x_gpio.o)
                              Util/fat_fs/src/sd_spi_stm32.o (GPIO_Init)
lib/STM32F10x_StdPeriph_Driver/libstm32fw.a(stm32f10x_i2c.o)
                              i2c_int.o (I2C_DeInit)
lib/STM32F10x_StdPeriph_Driver/libstm32fw.a(stm32f10x_iwdg.o)
                              watchdog.o (IWDG_WriteAccessCmd)
lib/STM32F10x_StdPeriph_Driver/libstm32fw.a(stm32f10x_pwr.o)
                              pwr.o (PWR_DeInit)
lib/STM32F10x_StdPeriph_Driver/libstm32fw.a(stm32f10x_rcc.o)
                              interrupts.o (RCC_HCLKConfig)
lib/STM32F10x_StdPeriph_Driver/libstm32fw.a(stm32f10x_rtc.o)
                              Util/fat_fs/src/rtc.o (RTC_GetCounter)
lib/STM32F10x_StdPeriph_Driver/libstm32fw.a(stm32f10x_spi.o)
                              Util/fat_fs/src/sd_spi_stm32.o (SPI_I2S_DeInit)
lib/STM32F10x_StdPeriph_Driver/libstm32fw.a(stm32f10x_tim.o)
                              timer.o (TIM_DeInit)
lib/STM32F10x_StdPeriph_Driver/libstm32fw.a(stm32f10x_usart.o)
                              usart.o (USART_Init)
lib/STM32_USB-FS-Device_Driver/libstm32usb.a(usb_core.o)
                              Util/USB/usb_prop.o (Standard_GetDescriptorData)
lib/STM32_USB-FS-Device_Driver/libstm32usb.a(usb_init.o)
                              main.o (USB_Init)
lib/STM32_USB-FS-Device_Driver/libstm32usb.a(usb_int.o)
                              Util/USB/usb_istr.o (CTR_LP)
lib/STM32_USB-FS-Device_Driver/libstm32usb.a(usb_mem.o)
                              lib/STM32_USB-FS-Device_Driver/libstm32usb.a(usb_core.o) (UserToPMABufferCopy)
lib/STM32_USB-FS-Device_Driver/libstm32usb.a(usb_regs.o)
                              Util/USB/usb_prop.o (SetBTABLE)
lib/STM32_USB-FS-Device_Driver/libstm32usb.a(usb_sil.o)
                              Util/USB/usb_prop.o (USB_SIL_Init)
/home/laurence/CodeSourcery/Sourcery_G++_Lite/bin/../lib/gcc/arm-none-eabi/4.5.2/../../../../arm-none-eabi/lib/thumb2/libm.a(lib_a-sf_sin.o)
                              Sensors/ppg.o (sinf)
/home/laurence/CodeSourcery/Sourcery_G++_Lite/bin/../lib/gcc/arm-none-eabi/4.5.2/../../../../arm-none-eabi/lib/thumb2/libm.a(lib_a-w_sqrt.o)
                              Sensors/ppg.o (sqrt)
/home/laurence/CodeSourcery/Sourcery_G++_Lite/bin/../lib/gcc/arm-none-eabi/4.5.2/../../../../arm-none-eabi/lib/thumb2/libm.a(lib_a-wf_asin.o)
                              Sensors/ppg.o (asinf)
/home/laurence/CodeSourcery/Sourcery_G++_Lite/bin/../lib/gcc/arm-none-eabi/4.5.2/../../../../arm-none-eabi/lib/thumb2/libm.a(lib_a-e_sqrt.o)
                              /home/laurence/CodeSourcery/Sourcery_G++_Lite/bin/../lib/gcc/arm-none-eabi/4.5.2/../../../../arm-none-eabi/lib/thumb2/libm.a(lib_a-w_sqrt.o) (__ieee754_sqrt)
/home/laurence/CodeSourcery/Sourcery_G++_Lite/bin/../lib/gcc/arm-none-eabi/4.5.2/../../../../arm-none-eabi/lib/thumb2/libm.a(lib_a-ef_asin.o)
                              /home/laurence/CodeSourcery/Sourcery_G++_Lite/bin/../lib/gcc/arm-none-eabi/4.5.2/../../../../arm-none-eabi/lib/thumb2/libm.a(lib_a-wf_asin.o) (__ieee754_asinf)
/home/laurence/CodeSourcery/Sourcery_G++_Lite/bin/../lib/gcc/arm-none-eabi/4.5.2/../../../../arm-none-eabi/lib/thumb2/libm.a(lib_a-ef_rem_pio2.o)
                              /home/laurence/CodeSourcery/Sourcery_G++_Lite/bin/../lib/gcc/arm-none-eabi/4.5.2/../../../../arm-none-eabi/lib/thumb2/libm.a(lib_a-sf_sin.o) (__ieee754_rem_pio2f)
/home/laurence/CodeSourcery/Sourcery_G++_Lite/bin/../lib/gcc/arm-none-eabi/4.5.2/../../../../arm-none-eabi/lib/thumb2/libm.a(lib_a-ef_sqrt.o)
                              /home/laurence/CodeSourcery/Sourcery_G++_Lite/bin/../lib/gcc/arm-none-eabi/4.5.2/../../../../arm-none-eabi/lib/thumb2/libm.a(lib_a-ef_asin.o) (__ieee754_sqrtf)
/home/laurence/CodeSourcery/Sourcery_G++_Lite/bin/../lib/gcc/arm-none-eabi/4.5.2/../../../../arm-none-eabi/lib/thumb2/libm.a(lib_a-kf_cos.o)
                              /home/laurence/CodeSourcery/Sourcery_G++_Lite/bin/../lib/gcc/arm-none-eabi/4.5.2/../../../../arm-none-eabi/lib/thumb2/libm.a(lib_a-sf_sin.o) (__kernel_cosf)
/home/laurence/CodeSourcery/Sourcery_G++_Lite/bin/../lib/gcc/arm-none-eabi/4.5.2/../../../../arm-none-eabi/lib/thumb2/libm.a(lib_a-kf_rem_pio2.o)
[...]
Memory Configuration

Name             Origin             Length             Attributes
ram              0x20000000         0x00005000         xrw
rom              0x08000000         0x00020000         xr
*default*        0x00000000         0xffffffff

Linker script and memory map

LOAD /home/laurence/CodeSourcery/Sourcery_G++_Lite/bin/../lib/gcc/arm-none-eabi/4.5.2/thumb2/crti.o
LOAD /home/laurence/CodeSourcery/Sourcery_G++_Lite/bin/../lib/gcc/arm-none-eabi/4.5.2/thumb2/crtbegin.o
LOAD Sensors/ppg.o
LOAD Sensors/pressure.o
LOAD Sensors/temperature.o
LOAD Util/USB/hw_config.o
LOAD Util/USB/mass_mal.o
LOAD Util/USB/memory.o
LOAD Util/USB/scsi_data.o
LOAD Util/USB/usb_bot.o
LOAD Util/USB/usb_desc.o
LOAD Util/USB/usb_endp.o
LOAD Util/USB/usb_istr.o
LOAD Util/USB/usb_prop.o
LOAD Util/USB/usb_pwr.o
LOAD Util/USB/usb_scsi.o
LOAD Util/buffer.o
LOAD Util/delay.o
LOAD Util/fat_fs/option/cc932.o
LOAD Util/fat_fs/option/syscall.o
LOAD Util/fat_fs/src/fattime.o
LOAD Util/fat_fs/src/ff.o
LOAD Util/fat_fs/src/rtc.o
LOAD Util/fat_fs/src/sd_spi_stm32.o
LOAD Util/rprintf.o
LOAD Util/stm32_eval_spi_sd.o
LOAD adc.o
LOAD gpio.o
LOAD i2c_int.o
LOAD interrupts.o
LOAD lib/CMSIS_CM3/core_cm3.o
LOAD lib/CMSIS_CM3/startup/gcc/startup_stm32f10x_md.o
LOAD lib/CMSIS_CM3/system_stm32f10x.o
LOAD main.o
LOAD pwr.o
LOAD timer.o
LOAD usart.o
LOAD watchdog.o
LOAD lib/STM32F10x_StdPeriph_Driver/libstm32fw.a
LOAD lib/STM32_USB-FS-Device_Driver/libstm32usb.a
LOAD /home/laurence/CodeSourcery/Sourcery_G++_Lite/bin/../lib/gcc/arm-none-eabi/4.5.2/../../../../arm-none-eabi/lib/thumb2/libm.a
START GROUP
LOAD /home/laurence/CodeSourcery/Sourcery_G++_Lite/bin/../lib/gcc/arm-none-eabi/4.5.2/thumb2/libgcc.a
LOAD /home/laurence/CodeSourcery/Sourcery_G++_Lite/bin/../lib/gcc/arm-none-eabi/4.5.2/../../../../arm-none-eabi/lib/thumb2/libc.a
END GROUP
LOAD /home/laurence/CodeSourcery/Sourcery_G++_Lite/bin/../lib/gcc/arm-none-eabi/4.5.2/thumb2/crtend.o
LOAD /home/laurence/CodeSourcery/Sourcery_G++_Lite/bin/../lib/gcc/arm-none-eabi/4.5.2/thumb2/crtn.o
START GROUP
LOAD /home/laurence/CodeSourcery/Sourcery_G++_Lite/bin/../lib/gcc/arm-none-eabi/4.5.2/thumb2/libgcc.a
LOAD /home/laurence/CodeSourcery/Sourcery_G++_Lite/bin/../lib/gcc/arm-none-eabi/4.5.2/../../../../arm-none-eabi/lib/thumb2/libc.a
LOAD /home/laurence/CodeSourcery/Sourcery_G++_Lite/bin/../lib/gcc/arm-none-eabi/4.5.2/../../../../arm-none-eabi/lib/thumb2/libcs3.a
LOAD /home/laurence/CodeSourcery/Sourcery_G++_Lite/bin/../lib/gcc/arm-none-eabi/4.5.2/../../../../arm-none-eabi/lib/thumb2/libcs3unhosted.a
LOAD lib/libcs3-lanchon-stm32.a
END GROUP
                0x20005000                PROVIDE (__cs3_stack, (__cs3_region_start_ram + __cs3_region_size_ram))
                0x20000ef8                PROVIDE (__cs3_heap_start, _end)
                0x20005000                PROVIDE (__cs3_heap_end, (__cs3_region_start_ram + __cs3_region_size_ram))

.text           0x08000000    0x1b824
 CREATE_OBJECT_SYMBOLS
                0x08000000                __cs3_region_start_rom = .
 *(.cs3.region-head.rom)
                0x08000000                __cs3_interrupt_vector = __cs3_interrupt_vector_lanchon_stm32
 *(.cs3.interrupt_vector)
 .cs3.interrupt_vector
                0x08000000       0xec lib/libcs3-lanchon-stm32.a(lanchon-stm32-vector.o)
                0x08000000                __cs3_interrupt_vector_lanchon_stm32
                0x08000001                ASSERT ((. != __cs3_interrupt_vector_lanchon_stm32), No interrupt vector)
 *(.rom)
 *(.rom.b)
                0x08013a68                PROVIDE (__cs3_reset_lanchon_stm32, _start)
                0x08013a68                __cs3_reset = __cs3_reset_lanchon_stm32
 *(.cs3.reset)
 *(.text .text.* .gnu.linkonce.t.*)
 .text          0x080000ec       0x30 /home/laurence/CodeSourcery/Sourcery_G++_Lite/bin/../lib/gcc/arm-none-eabi/4.5.2/thumb2/crtbegin.o
 *fill*         0x0800011c        0x4 00
 .text          0x08000120      0x4f8 Sensors/ppg.o
                0x08000120                PPG_LO_Filter
                0x080003d4                PPG_Automatic_Brightness_Control
                0x08000554                PPG_correct_brightness
                0x080005e0                PWM_Linear
 .text          0x08000618      0x258 Sensors/pressure.o
                0x08000618                calibrate_sensor
                0x08000664                conv_adc_diff
                0x0800069c                conv_diff
                0x080006cc                filterloop
 .text          0x08000870       0x50 Sensors/temperature.o
                0x08000870                convert_die_temp
                0x0800088c                convert_tmp102_temp
 .text          0x080008c0      0x2a0 Util/USB/hw_config.o
                0x080008c0                Set_System
                0x080008c8                Set_USBClock
                0x080008e0                Enter_LowPowerMode
                0x080008ec                Leave_LowPowerMode
                0x0800090c                USB_Interrupts_Config
                0x08000950                Led_RW_ON
                0x08000960                Led_RW_OFF
                0x08000970                USB_Configured_LED
                0x08000980                USB_NotConfigured_LED
                0x08000990                USB_Cable_Config
                0x08000994                Get_SerialNum
                0x08000b58                MAL_Config
 .text          0x08000b60       0xe4 Util/USB/mass_mal.o
                0x08000b60                MAL_Init
                0x08000bac                MAL_Write
                0x08000bd0                MAL_Read
                0x08000bf4                MAL_GetStatus
 .text          0x08000c44      0x1d8 Util/USB/memory.o
                0x08000c44                Read_Memory
                0x08000d28                Write_Memory
 .text          0x08000e1c      0x628 Util/USB/usb_bot.o
                0x08000e1c                Mass_Storage_In
                0x08000ea4                CBW_Decode
                0x08001304                Mass_Storage_Out
                0x08001394                Transfer_Data_Request
                0x080013c8                Set_CSW
                0x08001404                Bot_Abort
 .text          0x08001444        0x8 Util/USB/usb_endp.o
                0x08001444                EP1_IN_Callback
                0x08001448                EP2_OUT_Callback
 .text          0x0800144c       0xf0 Util/USB/usb_istr.o
                0x0800144c                USB_Istr
 .text          0x0800153c      0x268 Util/USB/usb_prop.o
                0x0800153c                Mass_Storage_SetDeviceAddress
                0x08001548                MASS_Status_In
                0x0800154c                MASS_Status_Out
                0x08001550                MASS_Get_Interface_Setting
                0x08001560                Get_Max_Lun
                0x08001578                MASS_Data_Setup
                0x080015bc                MASS_GetStringDescriptor
                0x080015dc                MASS_GetConfigDescriptor
                0x080015e8                MASS_GetDeviceDescriptor
                0x080015f4                MASS_NoData_Setup
                0x08001644                Mass_Storage_SetConfiguration
                0x08001674                Mass_Storage_ClearFeature
                0x08001690                MASS_Reset
                0x08001780                MASS_init
 .text          0x080017a4      0x1c4 Util/USB/usb_pwr.o
                0x080017a4                PowerOn
                0x080017d4                PowerOff
                0x080017f8                Suspend
                0x0800183c                Resume_Init
                0x0800187c                Resume
 .text          0x08001968      0x460 Util/USB/usb_scsi.o
                0x08001968                SCSI_Inquiry_Cmd
                0x080019a0                SCSI_ReadFormatCapacity_Cmd
                0x08001a14                SCSI_ReadCapacity10_Cmd
                0x08001a90                SCSI_ModeSense6_Cmd
                0x08001a9c                SCSI_ModeSense10_Cmd
                0x08001aa8                SCSI_RequestSense_Cmd
                0x08001ac0                Set_Scsi_Sense_Data
                0x08001acc                SCSI_Start_Stop_Unit_Cmd
                0x08001ad4                SCSI_Read10_Cmd
                0x08001b84                SCSI_Write10_Cmd
                0x08001c30                SCSI_Verify10_Cmd
                0x08001c70                SCSI_Valid_Cmd
                0x08001ca8                SCSI_TestUnitReady_Cmd
                0x08001cdc                SCSI_Format_Cmd
                0x08001d08                SCSI_Invalid_Cmd
                0x08001d44                SCSI_Address_Management
 .text          0x08001dc8       0x78 Util/buffer.o
                0x08001dc8                Add_To_Buffer
                0x08001dfc                Get_From_Buffer
                0x08001e2c                init_buffer
 .text          0x08001e40       0x34 Util/delay.o
                0x08001e40                Delay
 .text          0x08001e74      0x25c Util/fat_fs/option/cc932.o
                0x08001e74                ff_convert
                0x080020a0                ff_wtoupper
 .text          0x080020d0       0x48 Util/fat_fs/src/fattime.o
                0x080020d0                get_fattime
 .text          0x08002118     0x643c Util/fat_fs/src/ff.o
                0x08002a00                clust2sect
                0x08002a1c                get_fat
                0x08002fc0                put_fat
                0x08004d64                gen_numname
                0x080059fc                f_mount
                0x08005a1c                f_open
                0x08005e88                f_read
                0x08006270                f_write
                0x080066a4                f_sync
                0x0800687c                f_close
                0x0800688c                f_lseek
                0x08006a58                f_opendir
                0x08006ac4                f_readdir
                0x08006b38                f_stat
                0x08006b80                f_getfree
                0x08006de4                f_truncate
                0x08006f54                f_unlink
                0x0800706c                f_mkdir
                0x08007494                f_chmod
                0x080074f0                f_utime
                0x08007550                f_rename
                0x08007810                f_gets
                0x0800792c                f_putc
                0x08007950                f_puts
                0x0800798c                f_printf
 .text          0x08008554      0x484 Util/fat_fs/src/rtc.o
                0x08008554                rtc_gettime
                0x080086d4                my_RTC_SetCounter
                0x080086f8                rtc_settime
                0x0800892c                rtc_init
 .text          0x080089d8      0xfa8 Util/fat_fs/src/sd_spi_stm32.o
                0x08008e10                disk_initialize
                0x08008fbc                disk_status
                0x08008fcc                disk_read
                0x08009148                disk_write
                0x080092e8                disk_ioctl
                0x08009944                disk_timerproc
 .text          0x08009980     0x182c Util/rprintf.o
                0x08009980                rprintfInit
                0x0800998c                rprintfChar
                0x080099b4                rprintfStr
                0x080099ec                rprintfStrLen
                0x08009bb0                rprintfCRLF
                0x08009bc8                rprintfu04
                0x08009bf4                rprintfu08
                0x08009c3c                rprintfu16
                0x08009cd8                rprintfu32
                0x08009e24                rprintfNum
                0x0800a094                rprintfFloat
                0x0800a358                rprintf2RamRom
                0x0800b154                Isdigit
                0x0800b164                atoiRamRom
                0x0800b19c                rStrLen
 .text          0x0800b1ac      0x23c adc.o
                0x0800b1ac                ADC_Configuration
                0x0800b368                readADC2
                0x0800b3a0                setADC2
                0x0800b3c0                getADC2
 .text          0x0800b3e8      0x240 gpio.o
                0x0800b3e8                setup_gpio
                0x0800b59c                switch_leds_on
                0x0800b5c4                switch_leds_off
                0x0800b5ec                red_flash
                0x0800b61c                get_wkup
 .text          0x0800b628      0x86c i2c_int.o
                0x0800b628                I2C1_EV_IRQHandler
                0x0800bba8                I2C1_Request_Job
                0x0800bbfc                I2C1_Setup_Job
                0x0800bc10                I2C_Config
                0x0800bd98                I2C1_ER_IRQHandler
 *fill*         0x0800be94        0x4 00
 .text          0x0800be98      0x5b0 interrupts.o
                0x0800be98                ISR_Config
                0x0800bf0c                EXTI_ONOFF_EN
                0x0800bf6c                DMA_ISR_Config
                0x0800bf94                SysTick_Configuration
                0x0800bfcc                EXTI0_IRQHandler
                0x0800c058                DMAChannel1_IRQHandler
                0x0800c084                ADC1_2_IRQHandler
                0x0800c118                SysTickHandler
                0x0800c43c                USB_HP_CAN_TX_IRQHandler
                0x0800c440                USB_LP_CAN_RX0_IRQHandler
 .text.Default_Handler
                0x0800c448        0x2 lib/CMSIS_CM3/startup/gcc/startup_stm32f10x_md.o
                0x0800c448                EXTI2_IRQHandler
                0x0800c448                DebugMon_Handler
                0x0800c448                TIM1_CC_IRQHandler
                0x0800c448                HardFault_Handler
                0x0800c448                SysTick_Handler
                0x0800c448                PVD_IRQHandler
                0x0800c448                PendSV_Handler
                0x0800c448                NMI_Handler
                0x0800c448                EXTI3_IRQHandler
                0x0800c448                I2C2_EV_IRQHandler
                0x0800c448                UsageFault_Handler
                0x0800c448                SPI1_IRQHandler
                0x0800c448                TAMPER_IRQHandler
                0x0800c448                DMA1_Channel4_IRQHandler
                0x0800c448                USART3_IRQHandler
                0x0800c448                RTC_IRQHandler
                0x0800c448                DMA1_Channel7_IRQHandler
                0x0800c448                CAN1_RX1_IRQHandler
                0x0800c448                TIM4_IRQHandler
                0x0800c448                DMA1_Channel6_IRQHandler
                0x0800c448                TIM3_IRQHandler
                0x0800c448                RCC_IRQHandler
                0x0800c448                TIM1_TRG_COM_IRQHandler
                0x0800c448                DMA1_Channel1_IRQHandler
                0x0800c448                Default_Handler
                0x0800c448                EXTI15_10_IRQHandler
                0x0800c448                EXTI9_5_IRQHandler
                0x0800c448                SPI2_IRQHandler
                0x0800c448                MemManage_Handler
                0x0800c448                SVC_Handler
                0x0800c448                DMA1_Channel5_IRQHandler
                0x0800c448                EXTI4_IRQHandler
                0x0800c448                USB_LP_CAN1_RX0_IRQHandler
                0x0800c448                USB_HP_CAN1_TX_IRQHandler
                0x0800c448                DMA1_Channel3_IRQHandler
                0x0800c448                TIM1_UP_IRQHandler
                0x0800c448                WWDG_IRQHandler
                0x0800c448                TIM2_IRQHandler
                0x0800c448                TIM1_BRK_IRQHandler
                0x0800c448                EXTI1_IRQHandler
                0x0800c448                RTCAlarm_IRQHandler
                0x0800c448                USART2_IRQHandler
                0x0800c448                I2C2_ER_IRQHandler
                0x0800c448                DMA1_Channel2_IRQHandler
                0x0800c448                CAN1_SCE_IRQHandler
                0x0800c448                FLASH_IRQHandler
                0x0800c448                BusFault_Handler
                0x0800c448                USART1_IRQHandler
                0x0800c448                USBWakeUp_IRQHandler
 *fill*         0x0800c44a        0x2 00
 .text          0x0800c44c       0xfc lib/CMSIS_CM3/system_stm32f10x.o
                0x0800c44c                SystemInit
 .text          0x0800c548      0x698 main.o
                0x0800c548                __str_print_char
                0x0800c574                __fat_print_char
                0x0800c594                main
                0x0800cb34                detect_sensors
 .text          0x0800cbe0       0x70 pwr.o
                0x0800cbe0                setuppwr
                0x0800cbf4                shutdown
                0x0800cc04                disable_pin
                0x0800cc0c                shutdown_filesystem
 .text          0x0800cc50      0x1e8 timer.o
                0x0800cc50                setup_pwm
                0x0800cd98                Tryfudge
                0x0800cdf0                Set_Motor
 .text          0x0800ce38      0x110 usart.o
                0x0800ce38                Usarts_Init
                0x0800cee4                Default_Usart_Config
                0x0800cf00                Usart_Send_Str
                0x0800cf2c                __usart_send_char
 .text          0x0800cf48       0x40 watchdog.o
                0x0800cf48                Watchdog_Config
                0x0800cf74                Watchdog_Reset_Detect
 .text          0x0800cf88       0xb8 lib/STM32F10x_StdPeriph_Driver/libstm32fw.a(misc.o)
                0x0800cf88                NVIC_PriorityGroupConfig
                0x0800cf9c                NVIC_Init
                0x0800cffc                NVIC_SetVectorTable
                0x0800d010                NVIC_SystemLPConfig
                0x0800d028                SysTick_CLKSourceConfig
 .text          0x0800d040      0x380 lib/STM32F10x_StdPeriph_Driver/libstm32fw.a(stm32f10x_adc.o)
                0x0800d040                ADC_DeInit
                0x0800d09c                ADC_Init
                0x0800d0e8                ADC_StructInit
                0x0800d0fa                ADC_Cmd
                0x0800d10e                ADC_DMACmd
                0x0800d122                ADC_ITConfig
                0x0800d136                ADC_ResetCalibration
                0x0800d140                ADC_GetResetCalibrationStatus
                0x0800d148                ADC_StartCalibration
                0x0800d152                ADC_GetCalibrationStatus
                0x0800d15a                ADC_SoftwareStartConvCmd
                0x0800d16e                ADC_GetSoftwareStartConvStatus
                0x0800d176                ADC_DiscModeChannelCountConfig
                0x0800d186                ADC_DiscModeCmd
                0x0800d19a                ADC_RegularChannelConfig
                0x0800d228                ADC_ExternalTrigConvCmd
                0x0800d23c                ADC_GetConversionValue
                0x0800d242                ADC_GetDualModeConversionValue
                0x0800d24c                ADC_AutoInjectedConvCmd
                0x0800d260                ADC_InjectedDiscModeCmd
                0x0800d274                ADC_ExternalTrigInjectedConvConfig
                0x0800d282                ADC_ExternalTrigInjectedConvCmd
                0x0800d296                ADC_SoftwareStartInjectedConvCmd
                0x0800d2aa                ADC_GetSoftwareStartInjectedConvCmdStatus
                0x0800d2b2                ADC_InjectedChannelConfig
                0x0800d30e                ADC_InjectedSequencerLengthConfig
                0x0800d31e                ADC_SetInjectedOffset
                0x0800d334                ADC_GetInjectedConversionValue
                0x0800d34e                ADC_AnalogWatchdogCmd
                0x0800d360                ADC_AnalogWatchdogThresholdsConfig
                0x0800d366                ADC_AnalogWatchdogSingleChannelConfig
                0x0800d374                ADC_TempSensorVrefintCmd
                0x0800d390                ADC_GetFlagStatus
                0x0800d39c                ADC_ClearFlag
                0x0800d3a2                ADC_GetITStatus
                0x0800d3b8                ADC_ClearITPendingBit
 .text          0x0800d3c0       0xe0 lib/STM32F10x_StdPeriph_Driver/libstm32fw.a(stm32f10x_bkp.o)
                0x0800d3c0                BKP_DeInit
                0x0800d3d2                BKP_TamperPinLevelConfig
                0x0800d3dc                BKP_TamperPinCmd
                0x0800d3e8                BKP_ITConfig
                0x0800d3f4                BKP_RTCOutputConfig
                0x0800d40c                BKP_SetRTCCalibrationValue
                0x0800d424                BKP_WriteBackupRegister
                0x0800d440                BKP_ReadBackupRegister
                0x0800d460                BKP_GetFlagStatus
                0x0800d46c                BKP_ClearFlag
                0x0800d480                BKP_GetITStatus
                0x0800d48c                BKP_ClearITPendingBit
 .text          0x0800d4a0      0x1f0 lib/STM32F10x_StdPeriph_Driver/libstm32fw.a(stm32f10x_dma.o)
                0x0800d4a0                DMA_DeInit
                0x0800d59c                DMA_Init
                0x0800d5dc                DMA_StructInit
                0x0800d5f6                DMA_Cmd
                0x0800d60a                DMA_ITConfig
                0x0800d61c                DMA_GetCurrDataCounter
                0x0800d622                DMA_GetFlagStatus
                0x0800d640                DMA_ClearFlag
                0x0800d658                DMA_GetITStatus
                0x0800d678                DMA_ClearITPendingBit
 .text          0x0800d690      0x108 lib/STM32F10x_StdPeriph_Driver/libstm32fw.a(stm32f10x_exti.o)
                0x0800d690                EXTI_DeInit
                0x0800d6ac                EXTI_Init
                0x0800d730                EXTI_StructInit
                0x0800d73e                EXTI_GenerateSWInterrupt
                0x0800d750                EXTI_GetFlagStatus
                0x0800d764                EXTI_ClearFlag
                0x0800d770                EXTI_GetITStatus
                0x0800d78c                EXTI_ClearITPendingBit
 .text          0x0800d798      0x278 lib/STM32F10x_StdPeriph_Driver/libstm32fw.a(stm32f10x_gpio.o)
                0x0800d798                GPIO_DeInit
                0x0800d844                GPIO_AFIODeInit
                0x0800d85a                GPIO_Init
                0x0800d8f2                GPIO_StructInit
                0x0800d902                GPIO_ReadInputDataBit
                0x0800d90e                GPIO_ReadInputData
                0x0800d914                GPIO_ReadOutputDataBit
                0x0800d920                GPIO_ReadOutputData
                0x0800d926                GPIO_SetBits
                0x0800d92a                GPIO_ResetBits
                0x0800d92e                GPIO_WriteBit
                0x0800d938                GPIO_Write
                0x0800d93c                GPIO_PinLockConfig
                0x0800d94c                GPIO_EventOutputConfig
                0x0800d96c                GPIO_EventOutputCmd
                0x0800d978                GPIO_PinRemapConfig
                0x0800d9d0                GPIO_EXTILineConfig
                0x0800da04                GPIO_ETH_MediaInterfaceConfig
 .text          0x0800da10      0x3b4 lib/STM32F10x_StdPeriph_Driver/libstm32fw.a(stm32f10x_i2c.o)
                0x0800da10                I2C_DeInit
                0x0800da44                I2C_Init
                0x0800db14                I2C_StructInit
                0x0800db30                I2C_Cmd
                0x0800db4a                I2C_DMACmd
                0x0800db64                I2C_DMALastTransferCmd
                0x0800db7e                I2C_GenerateSTART
                0x0800db98                I2C_GenerateSTOP
                0x0800dbb2                I2C_AcknowledgeConfig
                0x0800dbcc                I2C_OwnAddress2Config
                0x0800dbe2                I2C_DualAddressCmd
                0x0800dbfc                I2C_GeneralCallCmd
                0x0800dc16                I2C_ITConfig
                0x0800dc2c                I2C_SendData
                0x0800dc30                I2C_ReceiveData
                0x0800dc36                I2C_Send7bitAddress
                0x0800dc46                I2C_ReadRegister
                0x0800dc5e                I2C_SoftwareResetCmd
                0x0800dc76                I2C_SMBusAlertConfig
                0x0800dc94                I2C_TransmitPEC
                0x0800dcae                I2C_PECPositionConfig
                0x0800dccc                I2C_CalculatePEC
                0x0800dce6                I2C_GetPEC
                0x0800dcee                I2C_ARPCmd
                0x0800dd08                I2C_StretchClockCmd
                0x0800dd22                I2C_FastModeDutyCycleConfig
                0x0800dd40                I2C_GetLastEvent
                0x0800dd50                I2C_CheckEvent
                0x0800dd68                I2C_GetFlagStatus
                0x0800dd9c                I2C_ClearFlag
                0x0800dda2                I2C_GetITStatus
                0x0800ddbe                I2C_ClearITPendingBit
 .text          0x0800ddc4       0x58 lib/STM32F10x_StdPeriph_Driver/libstm32fw.a(stm32f10x_iwdg.o)
                0x0800ddc4                IWDG_WriteAccessCmd
                0x0800ddd0                IWDG_SetPrescaler
                0x0800dddc                IWDG_SetReload
                0x0800dde8                IWDG_ReloadCounter
                0x0800ddf8                IWDG_Enable
                0x0800de08                IWDG_GetFlagStatus
 .text          0x0800de1c       0xcc lib/STM32F10x_StdPeriph_Driver/libstm32fw.a(stm32f10x_pwr.o)
                0x0800de20                PWR_DeInit
                0x0800de3a                PWR_BackupAccessCmd
                0x0800de44                PWR_PVDCmd
                0x0800de50                PWR_PVDLevelConfig
                0x0800de64                PWR_WakeUpPinCmd
                0x0800de70                PWR_EnterSTOPMode
                0x0800de9c                PWR_EnterSTANDBYMode
                0x0800dec4                PWR_GetFlagStatus
                0x0800ded8                PWR_ClearFlag
 .text          0x0800dee8      0x360 lib/STM32F10x_StdPeriph_Driver/libstm32fw.a(stm32f10x_rcc.o)
                0x0800dee8                RCC_DeInit
                0x0800df28                RCC_HSEConfig
                0x0800df60                RCC_AdjustHSICalibrationValue
                0x0800df74                RCC_HSICmd
                0x0800df80                RCC_PLLConfig
                0x0800df98                RCC_PLLCmd
                0x0800dfa4                RCC_SYSCLKConfig
                0x0800dfb8                RCC_GetSYSCLKSource
                0x0800dfc8                RCC_HCLKConfig
                0x0800dfdc                RCC_PCLK1Config
                0x0800dff0                RCC_PCLK2Config
                0x0800e004                RCC_ITConfig
                0x0800e01c                RCC_USBCLKConfig
                0x0800e028                RCC_ADCCLKConfig
                0x0800e03c                RCC_LSEConfig
                0x0800e05c                RCC_LSICmd
                0x0800e068                RCC_RTCCLKConfig
                0x0800e078                RCC_RTCCLKCmd
                0x0800e084                RCC_GetClocksFreq
                0x0800e128                RCC_AHBPeriphClockCmd
                0x0800e140                RCC_APB2PeriphClockCmd
                0x0800e158                RCC_APB1PeriphClockCmd
                0x0800e170                RCC_APB2PeriphResetCmd
                0x0800e188                RCC_APB1PeriphResetCmd
                0x0800e1a0                RCC_BackupResetCmd
                0x0800e1ac                RCC_ClockSecuritySystemCmd
                0x0800e1b8                RCC_MCOConfig
                0x0800e1c4                RCC_GetFlagStatus
                0x0800e1ec                RCC_WaitForHSEStartUp
                0x0800e218                RCC_ClearFlag
                0x0800e228                RCC_GetITStatus
                0x0800e23c                RCC_ClearITPendingBit
 .text          0x0800e248      0x158 lib/STM32F10x_StdPeriph_Driver/libstm32fw.a(stm32f10x_rtc.o)
                0x0800e248                RTC_ITConfig
                0x0800e264                RTC_EnterConfigMode
                0x0800e278                RTC_ExitConfigMode
                0x0800e28c                RTC_GetCounter
                0x0800e2a0                RTC_SetCounter
                0x0800e2bc                RTC_SetPrescaler
                0x0800e2dc                RTC_SetAlarm
                0x0800e2f8                RTC_GetDivider
                0x0800e310                RTC_WaitForLastTask
                0x0800e320                RTC_WaitForSynchro
                0x0800e340                RTC_GetFlagStatus
                0x0800e354                RTC_ClearFlag
                0x0800e368                RTC_GetITStatus
                0x0800e38c                RTC_ClearITPendingBit
 .text          0x0800e3a0      0x2d4 lib/STM32F10x_StdPeriph_Driver/libstm32fw.a(stm32f10x_spi.o)
                0x0800e3a0                SPI_I2S_DeInit
                0x0800e404                SPI_Init
                0x0800e444                I2S_Init
                0x0800e4e4                SPI_StructInit
                0x0800e4fc                I2S_StructInit
                0x0800e50e                SPI_Cmd
                0x0800e528                I2S_Cmd
                0x0800e542                SPI_I2S_ITConfig
                0x0800e560                SPI_I2S_DMACmd
                0x0800e576                SPI_I2S_SendData
                0x0800e57a                SPI_I2S_ReceiveData
                0x0800e580                SPI_NSSInternalSoftwareConfig
                0x0800e5a0                SPI_SSOutputCmd
                0x0800e5ba                SPI_DataSizeConfig
                0x0800e5d2                SPI_TransmitCRC
                0x0800e5de                SPI_CalculateCRC
                0x0800e5f8                SPI_GetCRC
                0x0800e608                SPI_GetCRCPolynomial
                0x0800e60e                SPI_BiDirectionalLineConfig
                0x0800e62c                SPI_I2S_GetFlagStatus
                0x0800e638                SPI_I2S_ClearFlag
                0x0800e63e                SPI_I2S_GetITStatus
                0x0800e664                SPI_I2S_ClearITPendingBit
 .text          0x0800e674      0xa80 lib/STM32F10x_StdPeriph_Driver/libstm32fw.a(stm32f10x_tim.o)
                0x0800e6e2                TIM_DeInit
                0x0800e7ac                TIM_TimeBaseInit
                0x0800e7e8                TIM_OC1Init
                0x0800e868                TIM_OC2Init
                0x0800e8f0                TIM_OC3Init
                0x0800e974                TIM_OC4Init
                0x0800e9d8                TIM_BDTRConfig
                0x0800e9fa                TIM_TimeBaseStructInit
                0x0800ea0c                TIM_OCStructInit
                0x0800ea20                TIM_ICStructInit
                0x0800ea30                TIM_BDTRStructInit
                0x0800ea42                TIM_Cmd
                0x0800ea5c                TIM_CtrlPWMOutputs
                0x0800ea7a                TIM_ITConfig
                0x0800ea90                TIM_GenerateEvent
                0x0800ea94                TIM_DMAConfig
                0x0800ea9c                TIM_DMACmd
                0x0800eab2                TIM_InternalClockConfig
                0x0800eac0                TIM_ETRConfig
                0x0800ead6                TIM_ETRClockMode2Config
                0x0800eaea                TIM_ETRClockMode1Config
                0x0800eb04                TIM_PrescalerConfig
                0x0800eb0a                TIM_CounterModeConfig
                0x0800eb1c                TIM_SelectInputTrigger
                0x0800eb2e                TIM_TIxExternalClockConfig
                0x0800eb5c                TIM_ITRxExternalClockConfig
                0x0800eb70                TIM_EncoderInterfaceConfig
                0x0800ebae                TIM_ForcedOC1Config
                0x0800ebc0                TIM_ForcedOC2Config
                0x0800ebd2                TIM_ForcedOC3Config
                0x0800ebe4                TIM_ForcedOC4Config
                0x0800ebf6                TIM_ARRPreloadConfig
                0x0800ec10                TIM_SelectCOM
                0x0800ec2a                TIM_SelectCCDMA
                0x0800ec44                TIM_CCPreloadControl
                0x0800ec5e                TIM_OC1PreloadConfig
                0x0800ec70                TIM_OC2PreloadConfig
                0x0800ec82                TIM_OC3PreloadConfig
                0x0800ec94                TIM_OC4PreloadConfig
                0x0800eca6                TIM_OC1FastConfig
                0x0800ecb8                TIM_OC2FastConfig
                0x0800ecca                TIM_OC3FastConfig
                0x0800ecdc                TIM_OC4FastConfig
                0x0800ecee                TIM_ClearOC1Ref
                0x0800ed00                TIM_ClearOC2Ref
                0x0800ed0e                TIM_ClearOC3Ref
                0x0800ed20                TIM_ClearOC4Ref
                0x0800ed2e                TIM_OC1PolarityConfig
                0x0800ed40                TIM_OC1NPolarityConfig
                0x0800ed52                TIM_OC2PolarityConfig
                0x0800ed64                TIM_OC2NPolarityConfig
                0x0800ed76                TIM_OC3PolarityConfig
                0x0800ed88                TIM_OC3NPolarityConfig
                0x0800ed9a                TIM_OC4PolarityConfig
                0x0800edac                TIM_CCxCmd
                0x0800edca                TIM_CCxNCmd
                0x0800ede8                TIM_SelectOCxM
                0x0800ee34                TIM_UpdateDisableConfig
                0x0800ee4e                TIM_UpdateRequestConfig
                0x0800ee68                TIM_SelectHallSensor
                0x0800ee82                TIM_SelectOnePulseMode
                0x0800ee9a                TIM_SelectOutputTrigger
                0x0800eeb2                TIM_SelectSlaveMode
                0x0800eeca                TIM_SelectMasterSlaveMode
                0x0800eee2                TIM_SetCounter
                0x0800eee6                TIM_SetAutoreload
                0x0800eeea                TIM_SetCompare1
                0x0800eeee                TIM_SetCompare2
                0x0800eef2                TIM_SetCompare3
                0x0800eef6                TIM_SetCompare4
                0x0800eefc                TIM_SetIC1Prescaler
                0x0800ef14                TIM_SetIC2Prescaler
                0x0800ef2c                TIM_PWMIConfig
                0x0800ef98                TIM_SetIC3Prescaler
                0x0800efb0                TIM_SetIC4Prescaler
                0x0800efc8                TIM_ICInit
                0x0800f08c                TIM_SetClockDivision
                0x0800f09e                TIM_GetCapture1
                0x0800f0a4                TIM_GetCapture2
                0x0800f0aa                TIM_GetCapture3
                0x0800f0b0                TIM_GetCapture4
                0x0800f0b8                TIM_GetCounter
                0x0800f0be                TIM_GetPrescaler
                0x0800f0c4                TIM_GetFlagStatus
                0x0800f0d0                TIM_ClearFlag
                0x0800f0d6                TIM_GetITStatus
                0x0800f0ec                TIM_ClearITPendingBit
 .text          0x0800f0f4      0x374 lib/STM32F10x_StdPeriph_Driver/libstm32fw.a(stm32f10x_usart.o)
                0x0800f0f4                USART_DeInit
                0x0800f18c                USART_Init
                0x0800f21c                USART_StructInit
                0x0800f232                USART_ClockInit
                0x0800f258                USART_ClockStructInit
                0x0800f264                USART_Cmd
                0x0800f27e                USART_ITConfig
                0x0800f2b4                USART_DMACmd
                0x0800f2ca                USART_SetAddress
                0x0800f2e2                USART_WakeUpConfig
                0x0800f2fa                USART_ReceiverWakeUpCmd
                0x0800f314                USART_LINBreakDetectLengthConfig
                0x0800f32c                USART_LINCmd
                0x0800f346                USART_SendData
                0x0800f34e                USART_ReceiveData
                0x0800f356                USART_SendBreak
                0x0800f362                USART_SetGuardTime
                0x0800f374                USART_SetPrescaler
                0x0800f388                USART_SmartCardCmd
                0x0800f3a2                USART_SmartCardNACKCmd
                0x0800f3bc                USART_HalfDuplexCmd
                0x0800f3d6                USART_IrDAConfig
                0x0800f3ee                USART_IrDACmd
                0x0800f408                USART_GetFlagStatus
                0x0800f414                USART_ClearFlag
                0x0800f41a                USART_GetITStatus
                0x0800f45a                USART_ClearITPendingBit
 .text          0x0800f468      0xa54 lib/STM32_USB-FS-Device_Driver/libstm32usb.a(usb_core.o)
                0x0800f468                Standard_GetConfiguration
                0x0800f490                Standard_GetInterface
                0x0800f4b8                Standard_GetStatus
                0x0800f62c                Standard_SetConfiguration
                0x0800f668                Standard_SetInterface
                0x0800f6b8                Standard_ClearFeature
                0x0800f7b4                Standard_SetEndPointFeature
                0x0800f868                Standard_SetDeviceFeature
                0x0800f88c                Standard_GetDescriptorData
                0x0800f8a8                Post0_Process
                0x0800f8f0                Out0_Process
                0x0800f9cc                Setup0_Process
                0x0800fd9c                SetDeviceAddress
                0x0800fe58                In0_Process
                0x0800feb8                NOP_Process
 .text          0x0800febc       0x38 lib/STM32_USB-FS-Device_Driver/libstm32usb.a(usb_init.o)
                0x0800febc                USB_Init
 .text          0x0800fef4      0x25c lib/STM32_USB-FS-Device_Driver/libstm32usb.a(usb_int.o)
                0x0800fef4                CTR_LP
                0x080100bc                CTR_HP
 .text          0x08010150       0xb8 lib/STM32_USB-FS-Device_Driver/libstm32usb.a(usb_mem.o)
                0x08010150                UserToPMABufferCopy
                0x080101b8                PMAToUserBufferCopy
 .text          0x08010208      0x880 lib/STM32_USB-FS-Device_Driver/libstm32usb.a(usb_regs.o)
                0x08010208                SetCNTR
                0x08010214                GetCNTR
                0x08010220                SetISTR
                0x0801022c                GetISTR
                0x08010238                GetFNR
                0x08010244                SetDADDR
                0x08010250                GetDADDR
                0x0801025c                SetBTABLE
                0x08010270                GetBTABLE
                0x0801027c                SetENDPOINT
                0x0801028c                GetENDPOINT
                0x0801029c                SetEPType
                0x080102b8                GetEPType
                0x080102cc                SetEPTxStatus
                0x0801030c                SetEPRxStatus
                0x0801034c                SetDouBleBuffEPStall
                0x08010374                GetEPTxStatus
                0x08010388                GetEPRxStatus
                0x0801039c                SetEPTxValid
                0x080103c0                SetEPRxValid
                0x080103e4                SetEP_KIND
                0x08010404                ClearEP_KIND
                0x08010424                Clear_Status_Out
                0x08010444                Set_Status_Out
                0x08010464                SetEPDoubleBuff
                0x08010484                ClearEPDoubleBuff
                0x080104a4                GetTxStallStatus
                0x080104c4                GetRxStallStatus
                0x080104e4                ClearEP_CTR_RX
                0x080104fc                ClearEP_CTR_TX
                0x08010514                ToggleDTOG_RX
                0x08010534                ToggleDTOG_TX
                0x08010554                ClearDTOG_RX
                0x0801057c                ClearDTOG_TX
                0x080105a4                SetEPAddress
                0x080105c8                GetEPAddress
                0x080105dc                SetEPTxAddr
                0x08010600                SetEPRxAddr
                0x08010628                GetEPTxAddr
                0x08010648                GetEPRxAddr
                0x08010668                SetEPTxCount
                0x08010688                SetEPCountRxReg
                0x080106b4                SetEPRxCount
                0x080106fc                GetEPTxCount
                0x08010720                GetEPRxCount
                0x08010744                SetEPDblBuffAddr
                0x0801078c                SetEPDblBuf0Addr
                0x080107b0                SetEPDblBuf1Addr
                0x080107d8                GetEPDblBuf0Addr
                0x080107f8                GetEPDblBuf1Addr
                0x08010818                SetEPDblBuffCount
                0x080108c4                SetEPDblBuf0Count
                0x0801092c                SetEPDblBuf1Count
                0x08010994                GetEPDblBuf0Count
                0x080109b8                GetEPDblBuf1Count
                0x080109dc                GetEPDblBufDir
                0x08010a24                FreeUserBuffer
                0x08010a74                ToWord
                0x08010a7c                ByteSwap
 .text          0x08010a88       0x6c lib/STM32_USB-FS-Device_Driver/libstm32usb.a(usb_sil.o)
                0x08010a88                USB_SIL_Init
                0x08010aa8                USB_SIL_Write
                0x08010ad0                USB_SIL_Read
 .text          0x08010af4       0x78 /home/laurence/CodeSourcery/Sourcery_G++_Lite/bin/../lib/gcc/arm-none-eabi/4.5.2/../../../../arm-none-eabi/lib/thumb2/libm.a(lib_a-sf_sin.o)
                0x08010af4                sinf
 .text          0x08010b6c       0xac /home/laurence/CodeSourcery/Sourcery_G++_Lite/bin/../lib/gcc/arm-none-eabi/4.5.2/../../../../arm-none-eabi/lib/thumb2/libm.a(lib_a-w_sqrt.o)
                0x08010b6c                sqrt
 .text          0x08010c18       0xa8 /home/laurence/CodeSourcery/Sourcery_G++_Lite/bin/../lib/gcc/arm-none-eabi/4.5.2/../../../../arm-none-eabi/lib/thumb2/libm.a(lib_a-wf_asin.o)
                0x08010c18                asinf
 .text          0x08010cc0      0x1c0 /home/laurence/CodeSourcery/Sourcery_G++_Lite/bin/../lib/gcc/arm-none-eabi/4.5.2/../../../../arm-none-eabi/lib/thumb2/libm.a(lib_a-e_sqrt.o)
                0x08010cc0                __ieee754_sqrt
 .text          0x08010e80      0x318 /home/laurence/CodeSourcery/Sourcery_G++_Lite/bin/../lib/gcc/arm-none-eabi/4.5.2/../../../../arm-none-eabi/lib/thumb2/libm.a(lib_a-ef_asin.o)
                0x08010e80                __ieee754_asinf
 .text          0x08011198      0x358 /home/laurence/CodeSourcery/Sourcery_G++_Lite/bin/../lib/gcc/arm-none-eabi/4.5.2/../../../../arm-none-eabi/lib/thumb2/libm.a(lib_a-ef_rem_pio2.o)
                0x08011198                __ieee754_rem_pio2f
 .text          0x080114f0       0xb0 /home/laurence/CodeSourcery/Sourcery_G++_Lite/bin/../lib/gcc/arm-none-eabi/4.5.2/../../../../arm-none-eabi/lib/thumb2/libm.a(lib_a-ef_sqrt.o)
                0x080114f0                __ieee754_sqrtf
 .text          0x080115a0      0x1b8 /home/laurence/CodeSourcery/Sourcery_G++_Lite/bin/../lib/gcc/arm-none-eabi/4.5.2/../../../../arm-none-eabi/lib/thumb2/libm.a(lib_a-kf_cos.o)
                0x080115a0                __kernel_cosf
 .text          0x08011758      0x63c /home/laurence/CodeSourcery/Sourcery_G++_Lite/bin/../lib/gcc/arm-none-eabi/4.5.2/../../../../arm-none-eabi/lib/thumb2/libm.a(lib_a-kf_rem_pio2.o)
                0x08011758                __kernel_rem_pio2f
 .text          0x08011d94      0x100 /home/laurence/CodeSourcery/Sourcery_G++_Lite/bin/../lib/gcc/arm-none-eabi/4.5.2/../../../../arm-none-eabi/lib/thumb2/libm.a(lib_a-kf_sin.o)
                0x08011d94                __kernel_sinf
 .text          0x08011e94       0x90 /home/laurence/CodeSourcery/Sourcery_G++_Lite/bin/../lib/gcc/arm-none-eabi/4.5.2/../../../../arm-none-eabi/lib/thumb2/libm.a(lib_a-s_fpclassify.o)
                0x08011e94                __fpclassifyd
 .text          0x08011f24        0x4 /home/laurence/CodeSourcery/Sourcery_G++_Lite/bin/../lib/gcc/arm-none-eabi/4.5.2/../../../../arm-none-eabi/lib/thumb2/libm.a(lib_a-s_matherr.o)
                0x08011f24                matherr
 .text          0x08011f28        0xc /home/laurence/CodeSourcery/Sourcery_G++_Lite/bin/../lib/gcc/arm-none-eabi/4.5.2/../../../../arm-none-eabi/lib/thumb2/libm.a(lib_a-s_nan.o)
                0x08011f28                nan
 .text          0x08011f34        0x8 /home/laurence/CodeSourcery/Sourcery_G++_Lite/bin/../lib/gcc/arm-none-eabi/4.5.2/../../../../arm-none-eabi/lib/thumb2/libm.a(lib_a-sf_fabs.o)
                0x08011f34                fabsf
 .text          0x08011f3c       0xa0 /home/laurence/CodeSourcery/Sourcery_G++_Lite/bin/../lib/gcc/arm-none-eabi/4.5.2/../../../../arm-none-eabi/lib/thumb2/libm.a(lib_a-sf_floor.o)
                0x08011f3c                floorf
 .text          0x08011fdc       0x7c /home/laurence/CodeSourcery/Sourcery_G++_Lite/bin/../lib/gcc/arm-none-eabi/4.5.2/../../../../arm-none-eabi/lib/thumb2/libm.a(lib_a-sf_fpclassify.o)
                0x08011fdc                __fpclassifyf
 .text          0x08012058       0xc0 /home/laurence/CodeSourcery/Sourcery_G++_Lite/bin/../lib/gcc/arm-none-eabi/4.5.2/../../../../arm-none-eabi/lib/thumb2/libm.a(lib_a-sf_scalbn.o)
                0x08012058                scalbnf
 .text          0x08012118       0x10 /home/laurence/CodeSourcery/Sourcery_G++_Lite/bin/../lib/gcc/arm-none-eabi/4.5.2/../../../../arm-none-eabi/lib/thumb2/libm.a(lib_a-sf_copysign.o)
                0x08012118                copysignf
 .text          0x08012128      0x370 /home/laurence/CodeSourcery/Sourcery_G++_Lite/bin/../lib/gcc/arm-none-eabi/4.5.2/thumb2/libgcc.a(_arm_addsubdf3.o)
                0x08012128                __aeabi_drsub
                0x08012130                __aeabi_dsub
                0x08012130                __subdf3
                0x08012134                __adddf3
                0x08012134                __aeabi_dadd
                0x080123ac                __aeabi_ui2d
                0x080123ac                __floatunsidf
                0x080123cc                __floatsidf
                0x080123cc                __aeabi_i2d
                0x080123f0                __extendsfdf2
                0x080123f0                __aeabi_f2d
                0x0801242c                __aeabi_ul2d
                0x0801242c                __floatundidf
                0x0801243c                __floatdidf
                0x0801243c                __aeabi_l2d
 .text          0x08012498      0x424 /home/laurence/CodeSourcery/Sourcery_G++_Lite/bin/../lib/gcc/arm-none-eabi/4.5.2/thumb2/libgcc.a(_arm_muldivdf3.o)
                0x08012498                __aeabi_dmul
                0x08012498                __muldf3
                0x080126ec                __aeabi_ddiv
                0x080126ec                __divdf3
 .text          0x080128bc      0x110 /home/laurence/CodeSourcery/Sourcery_G++_Lite/bin/../lib/gcc/arm-none-eabi/4.5.2/thumb2/libgcc.a(_arm_cmpdf2.o)
                0x080128bc                __gtdf2
                0x080128bc                __gedf2
                0x080128c4                __ltdf2
                0x080128c4                __ledf2
                0x080128cc                __cmpdf2
                0x080128cc                __eqdf2
                0x080128cc                __nedf2
                0x08012948                __aeabi_cdrcmple
                0x08012958                __aeabi_cdcmple
                0x08012958                __aeabi_cdcmpeq
                0x08012968                __aeabi_dcmpeq
                0x0801297c                __aeabi_dcmplt
                0x08012990                __aeabi_dcmple
                0x080129a4                __aeabi_dcmpge
                0x080129b8                __aeabi_dcmpgt
 .text          0x080129cc       0x50 /home/laurence/CodeSourcery/Sourcery_G++_Lite/bin/../lib/gcc/arm-none-eabi/4.5.2/thumb2/libgcc.a(_arm_fixdfsi.o)
                0x080129cc                __fixdfsi
                0x080129cc                __aeabi_d2iz
 .text          0x08012a1c       0x40 /home/laurence/CodeSourcery/Sourcery_G++_Lite/bin/../lib/gcc/arm-none-eabi/4.5.2/thumb2/libgcc.a(_arm_fixunsdfsi.o)
                0x08012a1c                __fixunsdfsi
                0x08012a1c                __aeabi_d2uiz
 .text          0x08012a5c       0xa0 /home/laurence/CodeSourcery/Sourcery_G++_Lite/bin/../lib/gcc/arm-none-eabi/4.5.2/thumb2/libgcc.a(_arm_truncdfsf2.o)
                0x08012a5c                __aeabi_d2f
                0x08012a5c                __truncdfsf2
 .text          0x08012afc      0x21c /home/laurence/CodeSourcery/Sourcery_G++_Lite/bin/../lib/gcc/arm-none-eabi/4.5.2/thumb2/libgcc.a(_arm_addsubsf3.o)
                0x08012afc                __aeabi_frsub
                0x08012b04                __subsf3
                0x08012b04                __aeabi_fsub
                0x08012b08                __aeabi_fadd
                0x08012b08                __addsf3
                0x08012c68                __aeabi_ui2f
                0x08012c68                __floatunsisf
                0x08012c70                __aeabi_i2f
                0x08012c70                __floatsisf
                0x08012c8c                __floatundisf
                0x08012c8c                __aeabi_ul2f
                0x08012c9c                __floatdisf
                0x08012c9c                __aeabi_l2f
 .text          0x08012d18      0x2a0 /home/laurence/CodeSourcery/Sourcery_G++_Lite/bin/../lib/gcc/arm-none-eabi/4.5.2/thumb2/libgcc.a(_arm_muldivsf3.o)
                0x08012d18                __mulsf3
                0x08012d18                __aeabi_fmul
                0x08012e80                __divsf3
                0x08012e80                __aeabi_fdiv
 .text          0x08012fb8       0xec /home/laurence/CodeSourcery/Sourcery_G++_Lite/bin/../lib/gcc/arm-none-eabi/4.5.2/thumb2/libgcc.a(_arm_cmpsf2.o)
                0x08012fb8                __gtsf2
                0x08012fb8                __gesf2
                0x08012fc0                __lesf2
                0x08012fc0                __ltsf2
                0x08012fc8                __nesf2
                0x08012fc8                __eqsf2
                0x08012fc8                __cmpsf2
                0x08013028                __aeabi_cfrcmple
                0x08013030                __aeabi_cfcmple
                0x08013030                __aeabi_cfcmpeq
                0x08013040                __aeabi_fcmpeq
                0x08013054                __aeabi_fcmplt
                0x08013068                __aeabi_fcmple
                0x0801307c                __aeabi_fcmpge
                0x08013090                __aeabi_fcmpgt
 .text          0x080130a4       0x4c /home/laurence/CodeSourcery/Sourcery_G++_Lite/bin/../lib/gcc/arm-none-eabi/4.5.2/thumb2/libgcc.a(_arm_fixsfsi.o)
                0x080130a4                __fixsfsi
                0x080130a4                __aeabi_f2iz
 .text          0x080130f0       0x40 /home/laurence/CodeSourcery/Sourcery_G++_Lite/bin/../lib/gcc/arm-none-eabi/4.5.2/thumb2/libgcc.a(_arm_fixunssfsi.o)
                0x080130f0                __aeabi_f2uiz
                0x080130f0                __fixunssfsi
 .text          0x08013130        0xc /home/laurence/CodeSourcery/Sourcery_G++_Lite/bin/../lib/gcc/arm-none-eabi/4.5.2/../../../../arm-none-eabi/lib/thumb2/libc.a(lib_a-errno.o)
                0x08013130                __errno
 .text          0x0801313c       0x20 /home/laurence/CodeSourcery/Sourcery_G++_Lite/bin/../lib/gcc/arm-none-eabi/4.5.2/../../../../arm-none-eabi/lib/thumb2/libc.a(lib_a-malloc.o)
                0x0801313c                malloc
                0x0801314c                free
 .text          0x0801315c      0x57c /home/laurence/CodeSourcery/Sourcery_G++_Lite/bin/../lib/gcc/arm-none-eabi/4.5.2/../../../../arm-none-eabi/lib/thumb2/libc.a(lib_a-mallocr.o)
                0x0801315c                _malloc_r
 .text          0x080136d8        0x8 /home/laurence/CodeSourcery/Sourcery_G++_Lite/bin/../lib/gcc/arm-none-eabi/4.5.2/../../../../arm-none-eabi/lib/thumb2/libc.a(lib_a-mlock.o)
                0x080136d8                __malloc_lock
                0x080136dc                __malloc_unlock
 .text          0x080136e0       0x28 /home/laurence/CodeSourcery/Sourcery_G++_Lite/bin/../lib/gcc/arm-none-eabi/4.5.2/../../../../arm-none-eabi/lib/thumb2/libc.a(lib_a-sbrkr.o)
                0x080136e0                _sbrk_r
 .text          0x08013708       0x60 /home/laurence/CodeSourcery/Sourcery_G++_Lite/bin/../lib/gcc/arm-none-eabi/4.5.2/../../../../arm-none-eabi/lib/thumb2/libc.a(lib_a-strlen.o)
                0x08013708                strlen
 .text          0x08013768      0x240 /home/laurence/CodeSourcery/Sourcery_G++_Lite/bin/../lib/gcc/arm-none-eabi/4.5.2/../../../../arm-none-eabi/lib/thumb2/libc.a(lib_a-freer.o)
                0x08013768                _malloc_trim_r
                0x08013810                _free_r
 .text          0x080139a8       0x30 /home/laurence/CodeSourcery/Sourcery_G++_Lite/bin/../lib/gcc/arm-none-eabi/4.5.2/../../../../arm-none-eabi/lib/thumb2/libcs3.a(start_c.o)
                0x080139a8                __cs3_premain
 .text.cs3.init
                0x080139d8       0x50 /home/laurence/CodeSourcery/Sourcery_G++_Lite/bin/../lib/gcc/arm-none-eabi/4.5.2/../../../../arm-none-eabi/lib/thumb2/libcs3.a(start_c.o)
                0x080139d8                __cs3_start_c
 .text          0x08013a28       0x40 /home/laurence/CodeSourcery/Sourcery_G++_Lite/bin/../lib/gcc/arm-none-eabi/4.5.2/../../../../arm-none-eabi/lib/thumb2/libcs3unhosted.a(unhosted-sbrk.o)
                0x08013a28                _sbrk
 .text.cs3.init
                0x08013a68       0x10 /home/laurence/CodeSourcery/Sourcery_G++_Lite/bin/../lib/gcc/arm-none-eabi/4.5.2/../../../../arm-none-eabi/lib/thumb2/libcs3unhosted.a(unhosted-start.o)
                0x08013a68                _start
 .text          0x08013a78        0x2 lib/libcs3-lanchon-stm32.a(lanchon_stm32_isr_interrupt.o)
                0x08013a78                MemManageException
                0x08013a78                BusFaultException
                0x08013a78                DMAChannel7_IRQHandler
                0x08013a78                DebugMonitor
                0x08013a78                SVCHandler
                0x08013a78                HardFaultException
                0x08013a78                __STM32ReservedException8
                0x08013a78                __STM32DefaultExceptionHandler
                0x08013a78                CAN_SCE_IRQHandler
                0x08013a78                __STM32ReservedException10
                0x08013a78                __STM32ReservedException13
                0x08013a78                NMIException
                0x08013a78                DMAChannel4_IRQHandler
                0x08013a78                PendSVC
                0x08013a78                CAN_RX1_IRQHandler
                0x08013a78                ADC_IRQHandler
                0x08013a78                DMAChannel5_IRQHandler
                0x08013a78                DMAChannel2_IRQHandler
                0x08013a78                __STM32ReservedException7
                0x08013a78                UsageFaultException
                0x08013a78                DMAChannel6_IRQHandler
                0x08013a78                DMAChannel3_IRQHandler
                0x08013a78                __STM32ReservedException9
 *fill*         0x08013a7a        0x2 00
 .text          0x08013a7c       0x50 /home/laurence/CodeSourcery/Sourcery_G++_Lite/bin/../lib/gcc/arm-none-eabi/4.5.2/../../../../arm-none-eabi/lib/thumb2/libc.a(lib_a-init.o)
                0x08013a7c                __libc_init_array
 *(.plt)
 *(.gnu.warning)
 *(.glue_7t)
 .glue_7t       0x00000000        0x0 linker stubs
 *(.glue_7)
 .glue_7        0x00000000        0x0 linker stubs
 *(.vfp11_veneer)
 .vfp11_veneer  0x00000000        0x0 linker stubs
 *(.rodata .rodata.* .gnu.linkonce.r.*)
 .rodata        0x08013acc       0xac Util/USB/usb_desc.o
                0x08013acc                MASS_DeviceDescriptor
                0x08013ae0                MASS_ConfigDescriptor
                0x08013b00                MASS_StringLangID
                0x08013b04                MASS_StringVendor
                0x08013b38                MASS_StringProduct
                0x08013b68                MASS_StringInterface
 .rodata        0x08013b78     0x7738 Util/fat_fs/option/cc932.o
 .rodata.str1.4
                0x0801b2b0       0x13 Util/fat_fs/src/ff.o
                                 0x14 (size before relaxing)
 *fill*         0x0801b2c3        0x1 00
 .rodata        0x0801b2c4        0xc Util/fat_fs/src/rtc.o
 .rodata        0x0801b2d0       0x14 Util/rprintf.o
 .rodata.str1.4
                0x0801b2e4       0x1a Util/rprintf.o
                                 0x1c (size before relaxing)
 *fill*         0x0801b2fe        0x2 00
 .rodata        0x0801b300        0x4 i2c_int.o
                0x0801b300                TMP102_setup
 .rodata.str1.4
                0x0801b304       0x10 interrupts.o
 .rodata        0x0801b314       0x14 lib/CMSIS_CM3/system_stm32f10x.o
                0x0801b314                SystemFrequency
                0x0801b318                SystemFrequency_SysClk
                0x0801b31c                SystemFrequency_AHBClk
                0x0801b320                SystemFrequency_APB1Clk
                0x0801b324                SystemFrequency_APB2Clk
 .rodata.str1.4
                0x0801b328       0xc9 main.o
                                 0xd0 (size before relaxing)
 *fill*         0x0801b3f1        0x3 00
 .rodata.str1.4
                0x0801b3f4       0x16 pwr.o
                                 0x18 (size before relaxing)
 *fill*         0x0801b40a        0x2 00
 .rodata.str1.4
                0x0801b40c        0x5 /home/laurence/CodeSourcery/Sourcery_G++_Lite/bin/../lib/gcc/arm-none-eabi/4.5.2/../../../../arm-none-eabi/lib/thumb2/libm.a(lib_a-w_sqrt.o)
                                  0x8 (size before relaxing)
 *fill*         0x0801b411        0x3 00
 .rodata.str1.4
                0x0801b414        0x6 /home/laurence/CodeSourcery/Sourcery_G++_Lite/bin/../lib/gcc/arm-none-eabi/4.5.2/../../../../arm-none-eabi/lib/thumb2/libm.a(lib_a-wf_asin.o)
                                  0xc (size before relaxing)
 *fill*         0x0801b41a        0x2 00
 .rodata        0x0801b41c      0x398 /home/laurence/CodeSourcery/Sourcery_G++_Lite/bin/../lib/gcc/arm-none-eabi/4.5.2/../../../../arm-none-eabi/lib/thumb2/libm.a(lib_a-ef_rem_pio2.o)
 .rodata        0x0801b7b4       0x38 /home/laurence/CodeSourcery/Sourcery_G++_Lite/bin/../lib/gcc/arm-none-eabi/4.5.2/../../../../arm-none-eabi/lib/thumb2/libm.a(lib_a-kf_rem_pio2.o)
 .rodata.str1.4
                0x0801b7ec        0x4 /home/laurence/CodeSourcery/Sourcery_G++_Lite/bin/../lib/gcc/arm-none-eabi/4.5.2/../../../../arm-none-eabi/lib/thumb2/libc.a(lib_a-impure.o)
 *(.ARM.extab* .gnu.linkonce.armextab.*)
 *(.gcc_except_table)
 *(.eh_frame_hdr)
 *(.eh_frame)
                0x0801b7f0                . = ALIGN (0x4)
 *(.init)
 .init          0x0801b7f0        0x4 /home/laurence/CodeSourcery/Sourcery_G++_Lite/bin/../lib/gcc/arm-none-eabi/4.5.2/thumb2/crti.o
                0x0801b7f0                _init
 .init          0x0801b7f4        0x8 /home/laurence/CodeSourcery/Sourcery_G++_Lite/bin/../lib/gcc/arm-none-eabi/4.5.2/thumb2/crtn.o
                0x0801b7fc                . = ALIGN (0x4)
                0x0801b7fc                __preinit_array_start = .
 *(.preinit_array)
                0x0801b7fc                __preinit_array_end = .
                0x0801b7fc                . = ALIGN (0x4)
                0x0801b7fc                __init_array_start = .
 *(SORT(.init_array.*))
 *(.init_array)
 .init_array    0x0801b7fc        0x4 /home/laurence/CodeSourcery/Sourcery_G++_Lite/bin/../lib/gcc/arm-none-eabi/4.5.2/thumb2/crtbegin.o
                0x0801b800                __init_array_end = .
                0x0801b800                . = ALIGN (0x4)
 *crtbegin.o(.ctors)
 *(EXCLUDE_FILE(*crtend.o) .ctors)
 *(SORT(.ctors.*))
 *crtend.o(.ctors)
                0x0801b800                . = ALIGN (0x4)
 *(.fini)
 .fini          0x0801b800        0x4 /home/laurence/CodeSourcery/Sourcery_G++_Lite/bin/../lib/gcc/arm-none-eabi/4.5.2/thumb2/crti.o
                0x0801b800                _fini
 .fini          0x0801b804        0x8 /home/laurence/CodeSourcery/Sourcery_G++_Lite/bin/../lib/gcc/arm-none-eabi/4.5.2/thumb2/crtn.o
                0x0801b80c                . = ALIGN (0x4)
                0x0801b80c                __fini_array_start = .
 *(.fini_array)
 .fini_array    0x0801b80c        0x4 /home/laurence/CodeSourcery/Sourcery_G++_Lite/bin/../lib/gcc/arm-none-eabi/4.5.2/thumb2/crtbegin.o
 *(SORT(.fini_array.*))
                0x0801b810                __fini_array_end = .
 *crtbegin.o(.dtors)
 *(EXCLUDE_FILE(*crtend.o) .dtors)
 *(SORT(.dtors.*))
 *crtend.o(.dtors)
                0x0801b810                . = ALIGN (0x4)
                0x0801b810                __cs3_regions = .
                0x0801b810        0x4 LONG 0x0
                0x0801b814        0x4 LONG 0x801b828 __cs3_region_init_ram
                0x0801b818        0x4 LONG 0x20000000 __cs3_region_start_ram
                0x0801b81c        0x4 LONG 0x698 __cs3_region_init_size_ram
                0x0801b820        0x4 LONG 0x860 __cs3_region_zero_size_ram
                0x0801b824                __exidx_start = .

.v4_bx          0x0801b824        0x0
 .v4_bx         0x00000000        0x0 linker stubs

.ARM.exidx
 *(.ARM.exidx* .gnu.linkonce.armexidx.*)
                0x0801b824                __exidx_end = .

.text.align     0x0801b824        0x4
                0x0801b828                . = ALIGN (0x8)
 *fill*         0x0801b824        0x4 00
                0x0801b828                _etext = .
                0x08020000                __cs3_region_end_rom = (__cs3_region_start_rom + 0x20000)
                0x00020000                __cs3_region_size_rom = 0x20000
                0x00000001                __cs3_region_num = 0x1

.data           0x20000000      0x698 load address 0x0801b828
                0x20000000                __cs3_region_start_ram = .
 *(.cs3.region-head.ram)
 *(.jcr)
 .jcr           0x20000000        0x0 /home/laurence/CodeSourcery/Sourcery_G++_Lite/bin/../lib/gcc/arm-none-eabi/4.5.2/thumb2/crtbegin.o
 .jcr           0x20000000        0x4 /home/laurence/CodeSourcery/Sourcery_G++_Lite/bin/../lib/gcc/arm-none-eabi/4.5.2/thumb2/crtend.o
 *(.got.plt)
 *(.got)
 *(.shdata)
 *(.data .data.* .gnu.linkonce.d.*)
 .data          0x20000004       0x74 Util/USB/scsi_data.o
                0x20000004                Standard_Inquiry_Data
                0x20000028                Standard_Inquiry_Data2
                0x2000004c                Mode_Sense6_data
                0x20000050                Mode_Sense10_data
                0x20000058                Scsi_Sense_Data
                0x2000006c                ReadFormatCapacity_Data
 .data          0x20000078       0x1c Util/USB/usb_desc.o
                0x20000078                MASS_StringSerial
 .data          0x20000094       0x38 Util/USB/usb_istr.o
                0x20000094                pEpInt_IN
                0x200000b0                pEpInt_OUT
 .data          0x200000cc       0x90 Util/USB/usb_prop.o
                0x200000cc                String_Descriptor
                0x200000f4                Config_Descriptor
                0x200000fc                Device_Descriptor
                0x20000104                Device_Property
                0x20000134                Device_Table
                0x20000138                User_Standard_Requests
 .data          0x2000015c        0x1 Util/USB/usb_pwr.o
                0x2000015c                fSuspendEnabled
 .data          0x2000015d        0x1 Util/fat_fs/src/sd_spi_stm32.o
 *fill*         0x2000015e        0x2 00
 .data          0x20000160       0x10 i2c_int.o
                0x20000160                I2C_jobs
 .data          0x20000170       0x14 lib/STM32F10x_StdPeriph_Driver/libstm32fw.a(stm32f10x_rcc.o)
 .data          0x20000184        0x1 /home/laurence/CodeSourcery/Sourcery_G++_Lite/bin/../lib/gcc/arm-none-eabi/4.5.2/../../../../arm-none-eabi/lib/thumb2/libm.a(lib_a-s_lib_ver.o)
                0x20000184                __fdlib_version
 *fill*         0x20000185        0x3 00
 .data          0x20000188       0xf4 /home/laurence/CodeSourcery/Sourcery_G++_Lite/bin/../lib/gcc/arm-none-eabi/4.5.2/../../../../arm-none-eabi/lib/thumb2/libc.a(lib_a-impure.o)
                0x20000188                _impure_ptr
 .data          0x2000027c      0x410 /home/laurence/CodeSourcery/Sourcery_G++_Lite/bin/../lib/gcc/arm-none-eabi/4.5.2/../../../../arm-none-eabi/lib/thumb2/libc.a(lib_a-mallocr.o)
                0x2000027c                __malloc_av_
                0x20000684                __malloc_sbrk_base
                0x20000688                __malloc_trim_threshold
 .data          0x2000068c        0x4 /home/laurence/CodeSourcery/Sourcery_G++_Lite/bin/../lib/gcc/arm-none-eabi/4.5.2/../../../../arm-none-eabi/lib/thumb2/libcs3unhosted.a(unhosted-sbrk.o)
 .data          0x20000690        0x4 /home/laurence/CodeSourcery/Sourcery_G++_Lite/bin/../lib/gcc/arm-none-eabi/4.5.2/../../../../arm-none-eabi/lib/thumb2/libcs3.a(heap.o)
                0x20000690                __cs3_heap_limit
 *(.ram)
                0x20000698                . = ALIGN (0x8)
 *fill*         0x20000694        0x4 00
                0x20000698                _edata = .

.bss            0x20000698      0x860 load address 0x0801bec0
 *(.shbss)
 *(.bss .bss.* .gnu.linkonce.b.*)
 .bss           0x20000698        0x1 /home/laurence/CodeSourcery/Sourcery_G++_Lite/bin/../lib/gcc/arm-none-eabi/4.5.2/thumb2/crtbegin.o
 *fill*         0x20000699        0x3 00
 .bss           0x2000069c       0x18 Sensors/ppg.o
 .bss           0x200006b4       0x34 Sensors/pressure.o
 .bss           0x200006e8        0x4 Util/USB/mass_mal.o
                0x200006e8                Status
 .bss           0x200006ec       0x1c Util/USB/memory.o
                0x200006ec                TransferState
                0x200006f8                Block_Read_count
                0x200006fc                Counter
 .bss           0x20000708       0x10 Util/USB/scsi_data.o
                0x20000708                Page00_Inquiry_Data
                0x20000710                ReadCapacity10_Data
 .bss           0x20000718        0x1 Util/USB/usb_istr.o
                0x20000718                bIntPackSOF
 *fill*         0x20000719        0x3 00
 .bss           0x2000071c        0x4 Util/USB/usb_prop.o
                0x2000071c                Max_Lun
 .bss           0x20000720        0x4 Util/USB/usb_pwr.o
                0x20000720                bDeviceState
 .bss           0x20000724        0x8 Util/fat_fs/src/ff.o
 .bss           0x2000072c       0x10 Util/fat_fs/src/sd_spi_stm32.o
 .bss           0x2000073c       0x84 Util/rprintf.o
 .bss           0x200007c0        0x3 i2c_int.o
 *fill*         0x200007c3        0x1 00
 .bss           0x200007c4       0x18 interrupts.o
 .bss           0x200007dc      0x234 main.o
                0x20000a0c                file_opened
 .bss           0x20000a10        0x1 lib/STM32_USB-FS-Device_Driver/libstm32usb.a(usb_core.o)
                0x20000a10                Data_Mul_MaxPacketSize
 *fill*         0x20000a11        0x3 00
 .bss           0x20000a14       0x34 /home/laurence/CodeSourcery/Sourcery_G++_Lite/bin/../lib/gcc/arm-none-eabi/4.5.2/../../../../arm-none-eabi/lib/thumb2/libc.a(lib_a-mallocr.o)
                0x20000a14                __malloc_top_pad
                0x20000a18                __malloc_current_mallinfo
                0x20000a40                __malloc_max_sbrked_mem
                0x20000a44                __malloc_max_total_mem
 *(COMMON)
 COMMON         0x20000a48        0xc Sensors/ppg.o
                0x20000a48                Last_PPG_Values
 COMMON         0x20000a54        0x4 Sensors/pressure.o
                0x20000a54                pressure_offset
 COMMON         0x20000a58        0x2 Sensors/temperature.o
                0x20000a58                TMP102_Data_Buffer
 *fill*         0x20000a5a        0x2 00
 COMMON         0x20000a5c       0x1c Util/USB/mass_mal.o
                0x20000a5c                Mass_Memory_Size
                0x20000a64                Mass_Block_Size
                0x20000a6c                Mass_Block_Count
                0x20000a74                Data_Buffer
 COMMON         0x20000a78        0x8 Util/USB/memory.o
                0x20000a78                Block_offset
                0x20000a7c                Idx
 COMMON         0x20000a80       0x7c Util/USB/usb_bot.o
                0x20000a80                CBW
                0x20000aa0                Data_Len
                0x20000aa2                Bot_State
                0x20000aa4                SCSI_LBA
                0x20000aa8                CSW
                0x20000ab8                SCSI_BlkLen
                0x20000abc                Bulk_Data_Buff
 COMMON         0x20000afc        0x2 Util/USB/usb_istr.o
                0x20000afc                wIstr
 *fill*         0x20000afe        0x2 00
 COMMON         0x20000b00        0x2 Util/USB/usb_pwr.o
                0x20000b00                ResumeS
 *fill*         0x20000b02        0x2 00
 COMMON         0x20000b04        0x4 adc.o
                0x20000b04                ADC1_Convertion_buff
 COMMON         0x20000b08        0x1 gpio.o
                0x20000b08                bootsource
 *fill*         0x20000b09        0x3 00
 COMMON         0x20000b0c        0xd i2c_int.o
                0x20000b0c                I2C1error
                0x20000b10                Jobs
                0x20000b14                Completed_Jobs
                0x20000b18                job
 COMMON         0x20000b19        0x1 interrupts.o
                0x20000b19                Button_hold_tim
 *fill*         0x20000b1a        0x2 00
 COMMON         0x20000b1c      0x398 main.o
                0x20000b1c                Pressure_control
                0x20000b20                Temperatures_Buffer
                0x20000b2c                pressure_setpoint
                0x20000b30                f_err_code
                0x20000b34                Device_Temperature
                0x20000b38                Buff
                0x20000b50                System_state_Global
                0x20000b54                Millis
                0x20000b58                Sensors
                0x20000b5c                FATFS_info
                0x20000b7c                Pressures_Buffer
                0x20000b88                print_string
                0x20000c88                a
                0x20000c8c                reported_pressure
                0x20000c90                FATFS_logfile
 COMMON         0x20000eb4        0x2 lib/STM32_USB-FS-Device_Driver/libstm32usb.a(usb_core.o)
                0x20000eb4                StatusInfo
 *fill*         0x20000eb6        0x2 00
 COMMON         0x20000eb8       0x32 lib/STM32_USB-FS-Device_Driver/libstm32usb.a(usb_init.o)
                0x20000eb8                SaveState
                0x20000ebc                pProperty
                0x20000ec0                EPindex
                0x20000ec4                Device_Info
                0x20000ee0                pUser_Standard_Requests
                0x20000ee4                pInformation
                0x20000ee8                wInterrupt_Mask
 COMMON         0x20000eea        0x4 lib/STM32_USB-FS-Device_Driver/libstm32usb.a(usb_int.o)
                0x20000eea                SaveRState
                0x20000eec                SaveTState
 *fill*         0x20000eee        0x2 00
 COMMON         0x20000ef0        0x4 /home/laurence/CodeSourcery/Sourcery_G++_Lite/bin/../lib/gcc/arm-none-eabi/4.5.2/../../../../arm-none-eabi/lib/thumb2/libc.a(lib_a-reent.o)
                0x20000ef0                errno
 *(.ram.b)
                0x20000ef8                . = ALIGN (0x8)
 *fill*         0x20000ef4        0x4 00
                0x20000ef8                _end = .
                0x20000ef8                __end = .
                0x20005000                __cs3_region_end_ram = (__cs3_region_start_ram + 0x5000)
                0x00005000                __cs3_region_size_ram = 0x5000
                0x0801b828                __cs3_region_init_ram = LOADADDR (.data)
                0x00000698                __cs3_region_init_size_ram = (_edata - ADDR (.data))
                0x00000860                __cs3_region_zero_size_ram = (_end - _edata)
                0x00000001                __cs3_region_num = 0x1

.stab
 *(.stab)

.stabstr
 *(.stabstr)

.debug
 *(.debug)

.line
 *(.line)

.debug_srcinfo
 *(.debug_srcinfo)

.debug_sfnames
 *(.debug_sfnames)

.comment        0x00000000       0x2a
 .comment       0x00000000       0x2a Sensors/ppg.o
                                 0x2b (size before relaxing)
 .comment       0x00000000       0x2b Sensors/pressure.o
 .comment       0x00000000       0x2b Sensors/temperature.o
 .comment       0x00000000       0x2b Util/USB/hw_config.o
 .comment       0x00000000       0x2b Util/USB/mass_mal.o
 .comment       0x00000000       0x2b Util/USB/memory.o
 .comment       0x00000000       0x2b Util/USB/scsi_data.o
 .comment       0x00000000       0x2b Util/USB/usb_bot.o
 .comment       0x00000000       0x2b Util/USB/usb_desc.o
 .comment       0x00000000       0x2b Util/USB/usb_endp.o
 .comment       0x00000000       0x2b Util/USB/usb_istr.o
 .comment       0x00000000       0x2b Util/USB/usb_prop.o
 .comment       0x00000000       0x2b Util/USB/usb_pwr.o
 .comment       0x00000000       0x2b Util/USB/usb_scsi.o
 .comment       0x00000000       0x2b Util/buffer.o
 .comment       0x00000000       0x2b Util/delay.o
 .comment       0x00000000       0x2b Util/fat_fs/option/cc932.o
 .comment       0x00000000       0x2b Util/fat_fs/option/syscall.o
 .comment       0x00000000       0x2b Util/fat_fs/src/fattime.o
 .comment       0x00000000       0x2b Util/fat_fs/src/ff.o
 .comment       0x00000000       0x2b Util/fat_fs/src/rtc.o
 .comment       0x00000000       0x2b Util/fat_fs/src/sd_spi_stm32.o
 .comment       0x00000000       0x2b Util/rprintf.o
 .comment       0x00000000       0x2b Util/stm32_eval_spi_sd.o
 .comment       0x00000000       0x2b adc.o
 .comment       0x00000000       0x2b gpio.o
 .comment       0x00000000       0x2b i2c_int.o
 .comment       0x00000000       0x2b interrupts.o
 .comment       0x00000000       0x2b lib/CMSIS_CM3/core_cm3.o
 .comment       0x00000000       0x2b lib/CMSIS_CM3/system_stm32f10x.o
 .comment       0x00000000       0x2b main.o
 .comment       0x00000000       0x2b pwr.o
 .comment       0x00000000       0x2b timer.o
 .comment       0x00000000       0x2b usart.o
 .comment       0x00000000       0x2b watchdog.o
 .comment       0x00000000       0x2b lib/STM32F10x_StdPeriph_Driver/libstm32fw.a(misc.o)
 .comment       0x00000000       0x2b lib/STM32F10x_StdPeriph_Driver/libstm32fw.a(stm32f10x_adc.o)
 .comment       0x00000000       0x2b lib/STM32F10x_StdPeriph_Driver/libstm32fw.a(stm32f10x_bkp.o)
 .comment       0x00000000       0x2b lib/STM32F10x_StdPeriph_Driver/libstm32fw.a(stm32f10x_dma.o)
 .comment       0x00000000       0x2b lib/STM32F10x_StdPeriph_Driver/libstm32fw.a(stm32f10x_exti.o)
 .comment       0x00000000       0x2b lib/STM32F10x_StdPeriph_Driver/libstm32fw.a(stm32f10x_gpio.o)
 .comment       0x00000000       0x2b lib/STM32F10x_StdPeriph_Driver/libstm32fw.a(stm32f10x_i2c.o)
 .comment       0x00000000       0x2b lib/STM32F10x_StdPeriph_Driver/libstm32fw.a(stm32f10x_iwdg.o)
 .comment       0x00000000       0x2b lib/STM32F10x_StdPeriph_Driver/libstm32fw.a(stm32f10x_pwr.o)
 .comment       0x00000000       0x2b lib/STM32F10x_StdPeriph_Driver/libstm32fw.a(stm32f10x_rcc.o)
 .comment       0x00000000       0x2b lib/STM32F10x_StdPeriph_Driver/libstm32fw.a(stm32f10x_rtc.o)
 .comment       0x00000000       0x2b lib/STM32F10x_StdPeriph_Driver/libstm32fw.a(stm32f10x_spi.o)
 .comment       0x00000000       0x2b lib/STM32F10x_StdPeriph_Driver/libstm32fw.a(stm32f10x_tim.o)
 .comment       0x00000000       0x2b lib/STM32F10x_StdPeriph_Driver/libstm32fw.a(stm32f10x_usart.o)
 .comment       0x00000000       0x2b lib/STM32_USB-FS-Device_Driver/libstm32usb.a(usb_core.o)
 .comment       0x00000000       0x2b lib/STM32_USB-FS-Device_Driver/libstm32usb.a(usb_init.o)
 .comment       0x00000000       0x2b lib/STM32_USB-FS-Device_Driver/libstm32usb.a(usb_int.o)
 .comment       0x00000000       0x2b lib/STM32_USB-FS-Device_Driver/libstm32usb.a(usb_mem.o)
 .comment       0x00000000       0x2b lib/STM32_USB-FS-Device_Driver/libstm32usb.a(usb_regs.o)
 .comment       0x00000000       0x2b lib/STM32_USB-FS-Device_Driver/libstm32usb.a(usb_sil.o)

.debug_aranges  0x00000000      0x428
 *(.debug_aranges)
 .debug_aranges
                0x00000000       0x20 Sensors/ppg.o
 .debug_aranges
                0x00000020       0x20 Sensors/pressure.o
 .debug_aranges
                0x00000040       0x20 Sensors/temperature.o
 .debug_aranges
                0x00000060       0x20 Util/USB/hw_config.o
 .debug_aranges
                0x00000080       0x20 Util/USB/mass_mal.o
 .debug_aranges
                0x000000a0       0x20 Util/USB/memory.o
 .debug_aranges
                0x000000c0       0x20 Util/USB/usb_bot.o
 .debug_aranges
                0x000000e0       0x20 Util/USB/usb_endp.o
 .debug_aranges
                0x00000100       0x20 Util/USB/usb_istr.o
 .debug_aranges
                0x00000120       0x20 Util/USB/usb_prop.o
 .debug_aranges
                0x00000140       0x20 Util/USB/usb_pwr.o
 .debug_aranges
                0x00000160       0x20 Util/USB/usb_scsi.o
 .debug_aranges
                0x00000180       0x20 Util/buffer.o
 .debug_aranges
                0x000001a0       0x20 Util/delay.o
 .debug_aranges
                0x000001c0       0x20 Util/fat_fs/option/cc932.o
 .debug_aranges
                0x000001e0       0x20 Util/fat_fs/src/fattime.o
 .debug_aranges
                0x00000200       0x20 Util/fat_fs/src/ff.o
 .debug_aranges
                0x00000220       0x20 Util/fat_fs/src/rtc.o
 .debug_aranges
                0x00000240       0x20 Util/fat_fs/src/sd_spi_stm32.o
 .debug_aranges
                0x00000260       0x20 Util/rprintf.o
 .debug_aranges
                0x00000280       0x20 Util/stm32_eval_spi_sd.o
 .debug_aranges
                0x000002a0       0x20 adc.o
 .debug_aranges
                0x000002c0       0x20 gpio.o
 .debug_aranges
                0x000002e0       0x20 i2c_int.o
 .debug_aranges
                0x00000300       0x20 interrupts.o
 .debug_aranges
                0x00000320       0x20 lib/CMSIS_CM3/core_cm3.o
 .debug_aranges
                0x00000340       0x28 lib/CMSIS_CM3/startup/gcc/startup_stm32f10x_md.o
 .debug_aranges
                0x00000368       0x20 lib/CMSIS_CM3/system_stm32f10x.o
 .debug_aranges
                0x00000388       0x20 main.o
 .debug_aranges
                0x000003a8       0x20 pwr.o
 .debug_aranges
                0x000003c8       0x20 timer.o
 .debug_aranges
                0x000003e8       0x20 usart.o
 .debug_aranges
                0x00000408       0x20 watchdog.o

.debug_pubnames
                0x00000000     0x16ed
 *(.debug_pubnames)
 .debug_pubnames
                0x00000000       0x87 Sensors/ppg.o
 .debug_pubnames
                0x00000087       0x6a Sensors/pressure.o
 .debug_pubnames
                0x000000f1       0x56 Sensors/temperature.o
 .debug_pubnames
                0x00000147      0x113 Util/USB/hw_config.o
 .debug_pubnames
                0x0000025a       0xa5 Util/USB/mass_mal.o
 .debug_pubnames
                0x000002ff       0x7f Util/USB/memory.o
 .debug_pubnames
                0x0000037e       0xd2 Util/USB/scsi_data.o
 .debug_pubnames
                0x00000450       0xd9 Util/USB/usb_bot.o
 .debug_pubnames
                0x00000529       0xb8 Util/USB/usb_desc.o
 .debug_pubnames
                0x000005e1       0x3b Util/USB/usb_endp.o
 .debug_pubnames
                0x0000061c       0x56 Util/USB/usb_istr.o
 .debug_pubnames
                0x00000672      0x1f6 Util/USB/usb_prop.o
 .debug_pubnames
                0x00000868       0x83 Util/USB/usb_pwr.o
 .debug_pubnames
                0x000008eb      0x195 Util/USB/usb_scsi.o
 .debug_pubnames
                0x00000a80       0x48 Util/buffer.o
 .debug_pubnames
                0x00000ac8       0x1c Util/delay.o
 .debug_pubnames
                0x00000ae4       0x31 Util/fat_fs/option/cc932.o
 .debug_pubnames
                0x00000b15       0x22 Util/fat_fs/src/fattime.o
 .debug_pubnames
                0x00000b37      0x14a Util/fat_fs/src/ff.o
 .debug_pubnames
                0x00000c81       0x55 Util/fat_fs/src/rtc.o
 .debug_pubnames
                0x00000cd6       0x75 Util/fat_fs/src/sd_spi_stm32.o
 .debug_pubnames
                0x00000d4b       0xf9 Util/rprintf.o
 .debug_pubnames
                0x00000e44      0x167 Util/stm32_eval_spi_sd.o
 .debug_pubnames
                0x00000fab       0x66 adc.o
 .debug_pubnames
                0x00001011       0x72 gpio.o
 .debug_pubnames
                0x00001083       0xc7 i2c_int.o
 .debug_pubnames
                0x0000114a      0x108 interrupts.o
 .debug_pubnames
                0x00001252      0x159 lib/CMSIS_CM3/core_cm3.o
 .debug_pubnames
                0x000013ab       0xa3 lib/CMSIS_CM3/system_stm32f10x.o
 .debug_pubnames
                0x0000144e      0x16c main.o
 .debug_pubnames
                0x000015ba       0x54 pwr.o
 .debug_pubnames
                0x0000160e       0x3b timer.o
 .debug_pubnames
                0x00001649       0x64 usart.o
 .debug_pubnames
                0x000016ad       0x40 watchdog.o

.debug_info     0x00000000     0xf1b2
 *(.debug_info .gnu.linkonce.wi.*)
 .debug_info    0x00000000      0x635 Sensors/ppg.o
 .debug_info    0x00000635      0x1e1 Sensors/pressure.o
 .debug_info    0x00000816       0xfa Sensors/temperature.o
 .debug_info    0x00000910      0x731 Util/USB/hw_config.o
 .debug_info    0x00001041      0x302 Util/USB/mass_mal.o
 .debug_info    0x00001343      0x333 Util/USB/memory.o
 .debug_info    0x00001676      0x16b Util/USB/scsi_data.o
 .debug_info    0x000017e1      0x49d Util/USB/usb_bot.o
 .debug_info    0x00001c7e      0x187 Util/USB/usb_desc.o
 .debug_info    0x00001e05       0x98 Util/USB/usb_endp.o
 .debug_info    0x00001e9d      0x311 Util/USB/usb_istr.o
 .debug_info    0x000021ae      0x9b4 Util/USB/usb_prop.o
 .debug_info    0x00002b62      0x3c3 Util/USB/usb_pwr.o
 .debug_info    0x00002f25      0x899 Util/USB/usb_scsi.o
 .debug_info    0x000037be      0x194 Util/buffer.o
 .debug_info    0x00003952       0xc8 Util/delay.o
 .debug_info    0x00003a1a      0x1b9 Util/fat_fs/option/cc932.o
 .debug_info    0x00003bd3       0x77 Util/fat_fs/option/syscall.o
 .debug_info    0x00003c4a      0x15a Util/fat_fs/src/fattime.o
 .debug_info    0x00003da4     0x325b Util/fat_fs/src/ff.o
 .debug_info    0x00006fff      0x532 Util/fat_fs/src/rtc.o
 .debug_info    0x00007531     0x183f Util/fat_fs/src/sd_spi_stm32.o
 .debug_info    0x00008d70      0xe1f Util/rprintf.o
 .debug_info    0x00009b8f     0x1a18 Util/stm32_eval_spi_sd.o
 .debug_info    0x0000b5a7      0x448 adc.o
 .debug_info    0x0000b9ef      0x2a3 gpio.o
 .debug_info    0x0000bc92      0x6af i2c_int.o
 .debug_info    0x0000c341      0xebc interrupts.o
 .debug_info    0x0000d1fd      0x547 lib/CMSIS_CM3/core_cm3.o
 .debug_info    0x0000d744       0x79 lib/CMSIS_CM3/startup/gcc/startup_stm32f10x_md.o
 .debug_info    0x0000d7bd      0x2d0 lib/CMSIS_CM3/system_stm32f10x.o
 .debug_info    0x0000da8d      0x979 main.o
 .debug_info    0x0000e406      0x346 pwr.o
 .debug_info    0x0000e74c      0x53f timer.o
 .debug_info    0x0000ec8b      0x449 usart.o
 .debug_info    0x0000f0d4       0xde watchdog.o

.debug_abbrev   0x00000000     0x3228
 *(.debug_abbrev)
 .debug_abbrev  0x00000000      0x1bc Sensors/ppg.o
 .debug_abbrev  0x000001bc      0x111 Sensors/pressure.o
 .debug_abbrev  0x000002cd       0x79 Sensors/temperature.o
 .debug_abbrev  0x00000346      0x2d3 Util/USB/hw_config.o
 .debug_abbrev  0x00000619      0x111 Util/USB/mass_mal.o
 .debug_abbrev  0x0000072a      0x110 Util/USB/memory.o
 .debug_abbrev  0x0000083a       0x5c Util/USB/scsi_data.o
 .debug_abbrev  0x00000896      0x198 Util/USB/usb_bot.o
 .debug_abbrev  0x00000a2e       0x63 Util/USB/usb_desc.o
 .debug_abbrev  0x00000a91       0x41 Util/USB/usb_endp.o
 .debug_abbrev  0x00000ad2      0x113 Util/USB/usb_istr.o
 .debug_abbrev  0x00000be5      0x1d0 Util/USB/usb_prop.o
 .debug_abbrev  0x00000db5      0x1bd Util/USB/usb_pwr.o
 .debug_abbrev  0x00000f72      0x253 Util/USB/usb_scsi.o
 .debug_abbrev  0x000011c5       0xc1 Util/buffer.o
 .debug_abbrev  0x00001286       0x7e Util/delay.o
 .debug_abbrev  0x00001304       0xd2 Util/fat_fs/option/cc932.o
 .debug_abbrev  0x000013d6       0x2c Util/fat_fs/option/syscall.o
 .debug_abbrev  0x00001402       0x97 Util/fat_fs/src/fattime.o
 .debug_abbrev  0x00001499      0x2f7 Util/fat_fs/src/ff.o
 .debug_abbrev  0x00001790      0x213 Util/fat_fs/src/rtc.o
 .debug_abbrev  0x000019a3      0x34b Util/fat_fs/src/sd_spi_stm32.o
 .debug_abbrev  0x00001cee      0x2e4 Util/rprintf.o
 .debug_abbrev  0x00001fd2      0x2e8 Util/stm32_eval_spi_sd.o
 .debug_abbrev  0x000022ba      0x143 adc.o
 .debug_abbrev  0x000023fd      0x158 gpio.o
 .debug_abbrev  0x00002555      0x1f5 i2c_int.o
 .debug_abbrev  0x0000274a      0x27f interrupts.o
 .debug_abbrev  0x000029c9       0xc1 lib/CMSIS_CM3/core_cm3.o
 .debug_abbrev  0x00002a8a       0x12 lib/CMSIS_CM3/startup/gcc/startup_stm32f10x_md.o
 .debug_abbrev  0x00002a9c      0x112 lib/CMSIS_CM3/system_stm32f10x.o
 .debug_abbrev  0x00002bae      0x23a main.o
 .debug_abbrev  0x00002de8      0x10c pwr.o
 .debug_abbrev  0x00002ef4      0x119 timer.o
 .debug_abbrev  0x0000300d      0x186 usart.o
 .debug_abbrev  0x00003193       0x95 watchdog.o

.debug_line     0x00000000     0xc255
 *(.debug_line)
 .debug_line    0x00000000      0x6d7 Sensors/ppg.o
 .debug_line    0x000006d7      0x320 Sensors/pressure.o
 .debug_line    0x000009f7      0x4ec Sensors/temperature.o
 .debug_line    0x00000ee3      0x5e6 Util/USB/hw_config.o
 .debug_line    0x000014c9      0x558 Util/USB/mass_mal.o
 .debug_line    0x00001a21      0x454 Util/USB/memory.o
 .debug_line    0x00001e75      0x323 Util/USB/scsi_data.o
 .debug_line    0x00002198      0x546 Util/USB/usb_bot.o
 .debug_line    0x000026de      0x2d7 Util/USB/usb_desc.o
 .debug_line    0x000029b5      0x3a4 Util/USB/usb_endp.o
 .debug_line    0x00002d59      0x3df Util/USB/usb_istr.o
 .debug_line    0x00003138      0x493 Util/USB/usb_prop.o
 .debug_line    0x000035cb      0x43c Util/USB/usb_pwr.o
 .debug_line    0x00003a07      0x63d Util/USB/usb_scsi.o
 .debug_line    0x00004044      0x4a4 Util/buffer.o
 .debug_line    0x000044e8      0x2e7 Util/delay.o
 .debug_line    0x000047cf       0xd8 Util/fat_fs/option/cc932.o
 .debug_line    0x000048a7      0x2fc Util/fat_fs/option/syscall.o
 .debug_line    0x00004ba3      0x179 Util/fat_fs/src/fattime.o
 .debug_line    0x00004d1c     0x1c86 Util/fat_fs/src/ff.o
 .debug_line    0x000069a2      0x469 Util/fat_fs/src/rtc.o
 .debug_line    0x00006e0b      0x830 Util/fat_fs/src/sd_spi_stm32.o
 .debug_line    0x0000763b      0xce7 Util/rprintf.o
 .debug_line    0x00008322      0x98f Util/stm32_eval_spi_sd.o
 .debug_line    0x00008cb1      0x6e6 adc.o
 .debug_line    0x00009397      0x409 gpio.o
 .debug_line    0x000097a0      0x6a5 i2c_int.o
 .debug_line    0x00009e45      0x798 interrupts.o
 .debug_line    0x0000a5dd      0x198 lib/CMSIS_CM3/core_cm3.o
 .debug_line    0x0000a775       0x84 lib/CMSIS_CM3/startup/gcc/startup_stm32f10x_md.o
 .debug_line    0x0000a7f9      0x320 lib/CMSIS_CM3/system_stm32f10x.o
 .debug_line    0x0000ab19      0x80b main.o
 .debug_line    0x0000b324      0x37d pwr.o
 .debug_line    0x0000b6a1      0x349 timer.o
 .debug_line    0x0000b9ea      0x579 usart.o
 .debug_line    0x0000bf63      0x2f2 watchdog.o

.debug_frame    0x00000000     0x1f70
 *(.debug_frame)
 .debug_frame   0x00000000       0x94 Sensors/ppg.o
 .debug_frame   0x00000094       0x8c Sensors/pressure.o
 .debug_frame   0x00000120       0x40 Sensors/temperature.o
 .debug_frame   0x00000160       0xec Util/USB/hw_config.o
 .debug_frame   0x0000024c       0x80 Util/USB/mass_mal.o
 .debug_frame   0x000002cc       0x50 Util/USB/memory.o
 .debug_frame   0x0000031c       0xc0 Util/USB/usb_bot.o
 .debug_frame   0x000003dc       0x30 Util/USB/usb_endp.o
 .debug_frame   0x0000040c       0x2c Util/USB/usb_istr.o
 .debug_frame   0x00000438      0x11c Util/USB/usb_prop.o
 .debug_frame   0x00000554       0x94 Util/USB/usb_pwr.o
 .debug_frame   0x000005e8      0x180 Util/USB/usb_scsi.o
 .debug_frame   0x00000768       0x64 Util/buffer.o
 .debug_frame   0x000007cc       0x24 Util/delay.o
 .debug_frame   0x000007f0       0x3c Util/fat_fs/option/cc932.o
 .debug_frame   0x0000082c       0x2c Util/fat_fs/src/fattime.o
 .debug_frame   0x00000858      0x564 Util/fat_fs/src/ff.o
 .debug_frame   0x00000dbc       0x84 Util/fat_fs/src/rtc.o
 .debug_frame   0x00000e40      0x12c Util/fat_fs/src/sd_spi_stm32.o
 .debug_frame   0x00000f6c      0x1d4 Util/rprintf.o
 .debug_frame   0x00001140      0x25c Util/stm32_eval_spi_sd.o
 .debug_frame   0x0000139c       0x78 adc.o
 .debug_frame   0x00001414       0x78 gpio.o
 .debug_frame   0x0000148c       0xa0 i2c_int.o
 .debug_frame   0x0000152c      0x118 interrupts.o
 .debug_frame   0x00001644      0x170 lib/CMSIS_CM3/core_cm3.o
 .debug_frame   0x000017b4       0x24 lib/CMSIS_CM3/system_stm32f10x.o
 .debug_frame   0x000017d8       0x90 main.o
 .debug_frame   0x00001868       0x70 pwr.o
 .debug_frame   0x000018d8       0x64 timer.o
 .debug_frame   0x0000193c       0x78 usart.o
 .debug_frame   0x000019b4       0x40 watchdog.o
 .debug_frame   0x000019f4       0x2c /home/laurence/CodeSourcery/Sourcery_G++_Lite/bin/../lib/gcc/arm-none-eabi/4.5.2/../../../../arm-none-eabi/lib/thumb2/libm.a(lib_a-sf_sin.o)
 .debug_frame   0x00001a20       0x38 /home/laurence/CodeSourcery/Sourcery_G++_Lite/bin/../lib/gcc/arm-none-eabi/4.5.2/../../../../arm-none-eabi/lib/thumb2/libm.a(lib_a-w_sqrt.o)
 .debug_frame   0x00001a58       0x30 /home/laurence/CodeSourcery/Sourcery_G++_Lite/bin/../lib/gcc/arm-none-eabi/4.5.2/../../../../arm-none-eabi/lib/thumb2/libm.a(lib_a-wf_asin.o)
 .debug_frame   0x00001a88       0x34 /home/laurence/CodeSourcery/Sourcery_G++_Lite/bin/../lib/gcc/arm-none-eabi/4.5.2/../../../../arm-none-eabi/lib/thumb2/libm.a(lib_a-e_sqrt.o)
 .debug_frame   0x00001abc       0x34 /home/laurence/CodeSourcery/Sourcery_G++_Lite/bin/../lib/gcc/arm-none-eabi/4.5.2/../../../../arm-none-eabi/lib/thumb2/libm.a(lib_a-ef_asin.o)
 .debug_frame   0x00001af0       0x3c /home/laurence/CodeSourcery/Sourcery_G++_Lite/bin/../lib/gcc/arm-none-eabi/4.5.2/../../../../arm-none-eabi/lib/thumb2/libm.a(lib_a-ef_rem_pio2.o)
 .debug_frame   0x00001b2c       0x2c /home/laurence/CodeSourcery/Sourcery_G++_Lite/bin/../lib/gcc/arm-none-eabi/4.5.2/../../../../arm-none-eabi/lib/thumb2/libm.a(lib_a-ef_sqrt.o)
 .debug_frame   0x00001b58       0x34 /home/laurence/CodeSourcery/Sourcery_G++_Lite/bin/../lib/gcc/arm-none-eabi/4.5.2/../../../../arm-none-eabi/lib/thumb2/libm.a(lib_a-kf_cos.o)
 .debug_frame   0x00001b8c       0x3c /home/laurence/CodeSourcery/Sourcery_G++_Lite/bin/../lib/gcc/arm-none-eabi/4.5.2/../../../../arm-none-eabi/lib/thumb2/libm.a(lib_a-kf_rem_pio2.o)