Archive member included because of file (symbol)

lib/STM32F10x_StdPeriph_Driver/libstm32fw.a(misc.o)
                              Util/USB/hw_config.o (NVIC_PriorityGroupConfig)
lib/STM32F10x_StdPeriph_Driver/libstm32fw.a(stm32f10x_adc.o)
                              adc.o (ADC_DeInit)
lib/STM32F10x_StdPeriph_Driver/libstm32fw.a(stm32f10x_bkp.o)
                              Util/fat_fs/src/rtc.o (BKP_DeInit)
lib/STM32F10x_StdPeriph_Driver/libstm32fw.a(stm32f10x_dma.o)
                              Util/fat_fs/src/sd_spi_stm32.o (DMA_DeInit)
lib/STM32F10x_StdPeriph_Driver/libstm32fw.a(stm32f10x_exti.o)
                              interrupts.o (EXTI_DeInit)
lib/STM32F10x_StdPeriph_Driver/libstm32fw.a(stm32f10x_gpio.o)
                              Util/fat_fs/src/sd_spi_stm32.o (GPIO_Init)
lib/STM32F10x_StdPeriph_Driver/libstm32fw.a(stm32f10x_pwr.o)
                              pwr.o (PWR_DeInit)
lib/STM32F10x_StdPeriph_Driver/libstm32fw.a(stm32f10x_rcc.o)
                              interrupts.o (RCC_HCLKConfig)
lib/STM32F10x_StdPeriph_Driver/libstm32fw.a(stm32f10x_rtc.o)
                              Util/fat_fs/src/rtc.o (RTC_GetCounter)
lib/STM32F10x_StdPeriph_Driver/libstm32fw.a(stm32f10x_spi.o)
                              Util/fat_fs/src/sd_spi_stm32.o (SPI_I2S_DeInit)
lib/STM32F10x_StdPeriph_Driver/libstm32fw.a(stm32f10x_usart.o)
                              usart.o (USART_Init)
lib/STM32_USB-FS-Device_Driver/libstm32usb.a(usb_core.o)
                              Util/USB/usb_prop.o (Standard_GetDescriptorData)
lib/STM32_USB-FS-Device_Driver/libstm32usb.a(usb_init.o)
                              main.o (USB_Init)
lib/STM32_USB-FS-Device_Driver/libstm32usb.a(usb_int.o)
                              Util/USB/usb_istr.o (CTR_LP)
lib/STM32_USB-FS-Device_Driver/libstm32usb.a(usb_mem.o)
                              lib/STM32_USB-FS-Device_Driver/libstm32usb.a(usb_core.o) (UserToPMABufferCopy)
lib/STM32_USB-FS-Device_Driver/libstm32usb.a(usb_regs.o)
                              Util/USB/usb_prop.o (SetBTABLE)
lib/STM32_USB-FS-Device_Driver/libstm32usb.a(usb_sil.o)
                              Util/USB/usb_prop.o (USB_SIL_Init)
/home/laurence/CodeSourcery/Sourcery_G++_Lite/bin/../lib/gcc/arm-none-eabi/4.5.2/thumb2/libgcc.a(_arm_addsubdf3.o)
                              Sensors/pressure.o (__aeabi_f2d)
/home/laurence/CodeSourcery/Sourcery_G++_Lite/bin/../lib/gcc/arm-none-eabi/4.5.2/thumb2/libgcc.a(_arm_muldivdf3.o)
                              Sensors/pressure.o (__aeabi_dmul)
/home/laurence/CodeSourcery/Sourcery_G++_Lite/bin/../lib/gcc/arm-none-eabi/4.5.2/thumb2/libgcc.a(_arm_truncdfsf2.o)
                              Sensors/pressure.o (__aeabi_d2f)
/home/laurence/CodeSourcery/Sourcery_G++_Lite/bin/../lib/gcc/arm-none-eabi/4.5.2/thumb2/libgcc.a(_arm_addsubsf3.o)
                              Sensors/pressure.o (__aeabi_fsub)
/home/laurence/CodeSourcery/Sourcery_G++_Lite/bin/../lib/gcc/arm-none-eabi/4.5.2/thumb2/libgcc.a(_arm_muldivsf3.o)
                              Sensors/pressure.o (__aeabi_fmul)
/home/laurence/CodeSourcery/Sourcery_G++_Lite/bin/../lib/gcc/arm-none-eabi/4.5.2/thumb2/libgcc.a(_arm_cmpsf2.o)
                              Util/rprintf.o (__aeabi_fcmpeq)
/home/laurence/CodeSourcery/Sourcery_G++_Lite/bin/../lib/gcc/arm-none-eabi/4.5.2/thumb2/libgcc.a(_arm_fixunssfsi.o)
                              Util/rprintf.o (__aeabi_f2uiz)
/home/laurence/CodeSourcery/Sourcery_G++_Lite/bin/../lib/gcc/arm-none-eabi/4.5.2/../../../../arm-none-eabi/lib/thumb2/libc.a(lib_a-malloc.o)
                              Util/USB/mass_mal.o (malloc)
/home/laurence/CodeSourcery/Sourcery_G++_Lite/bin/../lib/gcc/arm-none-eabi/4.5.2/../../../../arm-none-eabi/lib/thumb2/libc.a(lib_a-mallocr.o)
                              /home/laurence/CodeSourcery/Sourcery_G++_Lite/bin/../lib/gcc/arm-none-eabi/4.5.2/../../../../arm-none-eabi/lib/thumb2/libc.a(lib_a-malloc.o) (_malloc_r)
/home/laurence/CodeSourcery/Sourcery_G++_Lite/bin/../lib/gcc/arm-none-eabi/4.5.2/../../../../arm-none-eabi/lib/thumb2/libc.a(lib_a-mlock.o)
                              /home/laurence/CodeSourcery/Sourcery_G++_Lite/bin/../lib/gcc/arm-none-eabi/4.5.2/../../../../arm-none-eabi/lib/thumb2/libc.a(lib_a-mallocr.o) (__malloc_lock)
/home/laurence/CodeSourcery/Sourcery_G++_Lite/bin/../lib/gcc/arm-none-eabi/4.5.2/../../../../arm-none-eabi/lib/thumb2/libc.a(lib_a-sbrkr.o)
                              /home/laurence/CodeSourcery/Sourcery_G++_Lite/bin/../lib/gcc/arm-none-eabi/4.5.2/../../../../arm-none-eabi/lib/thumb2/libc.a(lib_a-mallocr.o) (_sbrk_r)
/home/laurence/CodeSourcery/Sourcery_G++_Lite/bin/../lib/gcc/arm-none-eabi/4.5.2/../../../../arm-none-eabi/lib/thumb2/libc.a(lib_a-strlen.o)
                              main.o (strlen)
/home/laurence/CodeSourcery/Sourcery_G++_Lite/bin/../lib/gcc/arm-none-eabi/4.5.2/../../../../arm-none-eabi/lib/thumb2/libc.a(lib_a-freer.o)
[...]
Memory Configuration

Name             Origin             Length             Attributes
ram              0x20000000         0x00005000         xrw
rom              0x08000000         0x00020000         xr
*default*        0x00000000         0xffffffff

Linker script and memory map

LOAD /home/laurence/CodeSourcery/Sourcery_G++_Lite/bin/../lib/gcc/arm-none-eabi/4.5.2/thumb2/crti.o
LOAD /home/laurence/CodeSourcery/Sourcery_G++_Lite/bin/../lib/gcc/arm-none-eabi/4.5.2/thumb2/crtbegin.o
LOAD Sensors/pressure.o
LOAD Util/USB/hw_config.o
LOAD Util/USB/mass_mal.o
LOAD Util/USB/memory.o
LOAD Util/USB/scsi_data.o
LOAD Util/USB/usb_bot.o
LOAD Util/USB/usb_desc.o
LOAD Util/USB/usb_endp.o
LOAD Util/USB/usb_istr.o
LOAD Util/USB/usb_prop.o
LOAD Util/USB/usb_pwr.o
LOAD Util/USB/usb_scsi.o
LOAD Util/fat_fs/option/cc932.o
LOAD Util/fat_fs/option/syscall.o
LOAD Util/fat_fs/src/fattime.o
LOAD Util/fat_fs/src/ff.o
LOAD Util/fat_fs/src/rtc.o
LOAD Util/fat_fs/src/sd_spi_stm32.o
LOAD Util/rprintf.o
LOAD Util/stm32_eval_spi_sd.o
LOAD adc.o
LOAD gpio.o
LOAD interrupts.o
LOAD lib/CMSIS_CM3/core_cm3.o
LOAD lib/CMSIS_CM3/startup/gcc/startup_stm32f10x_md.o
LOAD lib/CMSIS_CM3/system_stm32f10x.o
LOAD main.o
LOAD pwr.o
LOAD usart.o
LOAD lib/STM32F10x_StdPeriph_Driver/libstm32fw.a
LOAD lib/STM32_USB-FS-Device_Driver/libstm32usb.a
LOAD /home/laurence/CodeSourcery/Sourcery_G++_Lite/bin/../lib/gcc/arm-none-eabi/4.5.2/../../../../arm-none-eabi/lib/thumb2/libm.a
START GROUP
LOAD /home/laurence/CodeSourcery/Sourcery_G++_Lite/bin/../lib/gcc/arm-none-eabi/4.5.2/thumb2/libgcc.a
LOAD /home/laurence/CodeSourcery/Sourcery_G++_Lite/bin/../lib/gcc/arm-none-eabi/4.5.2/../../../../arm-none-eabi/lib/thumb2/libc.a
END GROUP
LOAD /home/laurence/CodeSourcery/Sourcery_G++_Lite/bin/../lib/gcc/arm-none-eabi/4.5.2/thumb2/crtend.o
LOAD /home/laurence/CodeSourcery/Sourcery_G++_Lite/bin/../lib/gcc/arm-none-eabi/4.5.2/thumb2/crtn.o
START GROUP
LOAD /home/laurence/CodeSourcery/Sourcery_G++_Lite/bin/../lib/gcc/arm-none-eabi/4.5.2/thumb2/libgcc.a
LOAD /home/laurence/CodeSourcery/Sourcery_G++_Lite/bin/../lib/gcc/arm-none-eabi/4.5.2/../../../../arm-none-eabi/lib/thumb2/libc.a
LOAD /home/laurence/CodeSourcery/Sourcery_G++_Lite/bin/../lib/gcc/arm-none-eabi/4.5.2/../../../../arm-none-eabi/lib/thumb2/libcs3.a
LOAD /home/laurence/CodeSourcery/Sourcery_G++_Lite/bin/../lib/gcc/arm-none-eabi/4.5.2/../../../../arm-none-eabi/lib/thumb2/libcs3unhosted.a
LOAD lib/libcs3-lanchon-stm32.a
END GROUP
                0x20005000                PROVIDE (__cs3_stack, (__cs3_region_start_ram + __cs3_region_size_ram))
                0x20000e08                PROVIDE (__cs3_heap_start, _end)
                0x20005000                PROVIDE (__cs3_heap_end, (__cs3_region_start_ram + __cs3_region_size_ram))

.text           0x08000000    0x10b68
 CREATE_OBJECT_SYMBOLS
                0x08000000                __cs3_region_start_rom = .
 *(.cs3.region-head.rom)
                0x08000000                __cs3_interrupt_vector = __cs3_interrupt_vector_lanchon_stm32
 *(.cs3.interrupt_vector)
 .cs3.interrupt_vector
                0x08000000       0xec lib/libcs3-lanchon-stm32.a(lanchon-stm32-vector.o)
                0x08000000                __cs3_interrupt_vector_lanchon_stm32
                0x08000001                ASSERT ((. != __cs3_interrupt_vector_lanchon_stm32), No interrupt vector)
 *(.rom)
 *(.rom.b)
                0x0800920c                PROVIDE (__cs3_reset_lanchon_stm32, _start)
                0x0800920c                __cs3_reset = __cs3_reset_lanchon_stm32
 *(.cs3.reset)
 *(.text .text.* .gnu.linkonce.t.*)
 .text          0x080000ec       0x30 /home/laurence/CodeSourcery/Sourcery_G++_Lite/bin/../lib/gcc/arm-none-eabi/4.5.2/thumb2/crtbegin.o
 *fill*         0x0800011c        0x4 00
 .text          0x08000120       0x68 Sensors/pressure.o
                0x08000120                calibrate_sensor
                0x08000150                conv_adc_diff
 .text          0x08000188      0x124 Util/USB/hw_config.o
                0x080001ac                Set_USBClock
                0x080001c2                Enter_LowPowerMode
                0x080001d0                Leave_LowPowerMode
                0x080001ec                USB_Interrupts_Config
                0x0800022c                Led_RW_ON
                0x0800023c                Led_RW_OFF
                0x0800024c                USB_Configured_LED
                0x0800025c                USB_NotConfigured_LED
                0x0800026c                USB_Cable_Config
                0x0800026e                Get_SerialNum
                0x080002a4                MAL_Config
                0x080002aa                Set_System
 .text          0x080002ac       0xcc Util/USB/mass_mal.o
                0x080002ac                MAL_Init
                0x080002e8                MAL_Write
                0x0800030c                MAL_Read
                0x08000330                MAL_GetStatus
 .text          0x08000378      0x1b0 Util/USB/memory.o
                0x08000378                Read_Memory
                0x08000440                Write_Memory
 .text          0x08000528      0x31c Util/USB/usb_bot.o
                0x08000528                Transfer_Data_Request
                0x08000558                Set_CSW
                0x08000590                Mass_Storage_In
                0x080005e0                Bot_Abort
                0x08000618                CBW_Decode
                0x080007ec                Mass_Storage_Out
 .text          0x08000844        0x8 Util/USB/usb_endp.o
                0x08000844                EP1_IN_Callback
                0x08000848                EP2_OUT_Callback
 .text          0x0800084c       0xd0 Util/USB/usb_istr.o
                0x0800084c                USB_Istr
 .text          0x0800091c      0x25c Util/USB/usb_prop.o
                0x0800091c                Mass_Storage_SetDeviceAddress
                0x08000928                MASS_Status_In
                0x0800092a                MASS_Status_Out
                0x0800092c                MASS_Get_Interface_Setting
                0x0800093c                Get_Max_Lun
                0x08000954                MASS_Data_Setup
                0x08000994                MASS_GetStringDescriptor
                0x080009b4                MASS_GetConfigDescriptor
                0x080009c0                MASS_GetDeviceDescriptor
                0x080009cc                MASS_NoData_Setup
                0x08000a1c                Mass_Storage_SetConfiguration
                0x08000a4c                Mass_Storage_ClearFeature
                0x08000a68                MASS_Reset
                0x08000b54                MASS_init
 .text          0x08000b78      0x15c Util/USB/usb_pwr.o
                0x08000b78                PowerOn
                0x08000ba8                PowerOff
                0x08000bcc                Suspend
                0x08000c0c                Resume_Init
                0x08000c48                Resume
 .text          0x08000cd4      0x398 Util/USB/usb_scsi.o
                0x08000cd4                SCSI_Inquiry_Cmd
                0x08000d0c                SCSI_ModeSense6_Cmd
                0x08000d18                SCSI_ModeSense10_Cmd
                0x08000d24                SCSI_RequestSense_Cmd
                0x08000d3c                Set_Scsi_Sense_Data
                0x08000d48                SCSI_ReadCapacity10_Cmd
                0x08000db8                SCSI_ReadFormatCapacity_Cmd
                0x08000e20                SCSI_Start_Stop_Unit_Cmd
                0x08000e28                SCSI_Verify10_Cmd
                0x08000e60                SCSI_Valid_Cmd
                0x08000e8c                SCSI_TestUnitReady_Cmd
                0x08000ec0                SCSI_Format_Cmd
                0x08000eec                SCSI_Invalid_Cmd
                0x08000f20                SCSI_Address_Management
                0x08000f90                SCSI_Write10_Cmd
                0x08001000                SCSI_Read10_Cmd
 .text          0x0800106c       0x88 Util/fat_fs/option/cc932.o
                0x0800106c                ff_convert
                0x080010cc                ff_wtoupper
 .text          0x080010f4       0x44 Util/fat_fs/src/fattime.o
                0x080010f4                get_fattime
 .text          0x08001138     0x230c Util/fat_fs/src/ff.o
                0x080017aa                clust2sect
                0x080017c4                get_fat
                0x08001922                put_fat
                0x08002176                gen_numname
                0x080023d0                f_mount
                0x080023f0                f_open
                0x08002542                f_read
                0x080026ba                f_write
                0x08002870                f_sync
                0x08002922                f_close
                0x08002930                f_lseek
                0x08002a94                f_opendir
                0x08002b00                f_readdir
                0x08002b5e                f_stat
                0x08002ba2                f_getfree
                0x08002c94                f_truncate
                0x08002d2c                f_unlink
                0x08002de0                f_mkdir
                0x08002faa                f_chmod
                0x08003002                f_utime
                0x0800305e                f_rename
                0x0800317a                f_gets
                0x080031c0                f_putc
                0x080031e2                f_puts
                0x08003208                f_printf
 .text          0x08003444      0x2e0 Util/fat_fs/src/rtc.o
                0x08003528                rtc_gettime
                0x080035a0                my_RTC_SetCounter
                0x080035c2                rtc_settime
                0x0800368c                rtc_init
 .text          0x08003724      0x890 Util/fat_fs/src/sd_spi_stm32.o
                0x08003a8a                disk_initialize
                0x08003bac                disk_status
                0x08003bbc                disk_read
                0x08003c48                disk_write
                0x08003cf4                disk_ioctl
                0x08003f78                disk_timerproc
 .text          0x08003fb4      0x568 Util/rprintf.o
                0x08003fb4                rprintfInit
                0x08003fc0                rprintfChar
                0x08003fdc                rprintfStr
                0x08003ff2                rprintfStrLen
                0x08004026                rprintfCRLF
                0x0800402a                rprintfu04
                0x08004034                rprintfu08
                0x08004046                rprintfu16
                0x08004058                rprintfu32
                0x0800406a                rprintfNum
                0x08004110                rprintfFloat
                0x080041c8                Isdigit
                0x080041d6                atoiRamRom
                0x080041fc                rStrLen
                0x0800420c                rprintf2RamRom
 .text          0x0800451c      0x150 adc.o
                0x0800451c                ADC_Configuration
                0x0800463c                readADC2
 .text          0x0800466c      0x164 gpio.o
                0x0800466c                setup_gpio
                0x08004784                switch_leds_on
                0x080047a4                switch_leds_off
                0x080047c4                get_wkup
 .text          0x080047d0      0x180 interrupts.o
                0x080047d0                ISR_Config
                0x08004804                EXTI_ONOFF_EN
                0x08004858                DMA_ISR_Config
                0x0800487a                SysTick_Configuration
                0x080048b0                EXTI0_IRQHandler
                0x08004924                DMAChannel1_IRQHandler
                0x08004944                SysTickHandler
                0x08004948                USB_HP_CAN_TX_IRQHandler
                0x0800494c                USB_LP_CAN_RX0_IRQHandler
 .text.Default_Handler
                0x08004950        0x2 lib/CMSIS_CM3/startup/gcc/startup_stm32f10x_md.o
                0x08004950                EXTI2_IRQHandler
                0x08004950                DebugMon_Handler
                0x08004950                TIM1_CC_IRQHandler
                0x08004950                HardFault_Handler
                0x08004950                SysTick_Handler
                0x08004950                PVD_IRQHandler
                0x08004950                PendSV_Handler
                0x08004950                NMI_Handler
                0x08004950                EXTI3_IRQHandler
                0x08004950                I2C2_EV_IRQHandler
                0x08004950                UsageFault_Handler
                0x08004950                ADC1_2_IRQHandler
                0x08004950                SPI1_IRQHandler
                0x08004950                TAMPER_IRQHandler
                0x08004950                DMA1_Channel4_IRQHandler
                0x08004950                USART3_IRQHandler
                0x08004950                RTC_IRQHandler
                0x08004950                DMA1_Channel7_IRQHandler
                0x08004950                CAN1_RX1_IRQHandler
                0x08004950                TIM4_IRQHandler
                0x08004950                I2C1_EV_IRQHandler
                0x08004950                DMA1_Channel6_IRQHandler
                0x08004950                TIM3_IRQHandler
                0x08004950                RCC_IRQHandler
                0x08004950                TIM1_TRG_COM_IRQHandler
                0x08004950                DMA1_Channel1_IRQHandler
                0x08004950                Default_Handler
                0x08004950                EXTI15_10_IRQHandler
                0x08004950                EXTI9_5_IRQHandler
                0x08004950                SPI2_IRQHandler
                0x08004950                MemManage_Handler
                0x08004950                SVC_Handler
                0x08004950                DMA1_Channel5_IRQHandler
                0x08004950                EXTI4_IRQHandler
                0x08004950                USB_LP_CAN1_RX0_IRQHandler
                0x08004950                USB_HP_CAN1_TX_IRQHandler
                0x08004950                DMA1_Channel3_IRQHandler
                0x08004950                TIM1_UP_IRQHandler
                0x08004950                WWDG_IRQHandler
                0x08004950                TIM2_IRQHandler
                0x08004950                TIM1_BRK_IRQHandler
                0x08004950                EXTI1_IRQHandler
                0x08004950                RTCAlarm_IRQHandler
                0x08004950                USART2_IRQHandler
                0x08004950                I2C2_ER_IRQHandler
                0x08004950                DMA1_Channel2_IRQHandler
                0x08004950                CAN1_SCE_IRQHandler
                0x08004950                FLASH_IRQHandler
                0x08004950                BusFault_Handler
                0x08004950                USART1_IRQHandler
                0x08004950                I2C1_ER_IRQHandler
                0x08004950                USBWakeUp_IRQHandler
 *fill*         0x08004952        0x2 00
 .text          0x08004954       0xf4 lib/CMSIS_CM3/system_stm32f10x.o
                0x08004954                SystemInit
 .text          0x08004a48      0x290 main.o
                0x08004a48                __str_print_char
                0x08004a70                __fat_print_char
                0x08004a90                main
 .text          0x08004cd8       0x2a pwr.o
                0x08004cd8                setuppwr
                0x08004cec                shutdown
                0x08004cfc                disable_pin
 *fill*         0x08004d02        0x2 00
 .text          0x08004d04       0xe0 usart.o
                0x08004d04                Default_Usart_Config
                0x08004d1e                Usarts_Init
                0x08004db0                __usart_send_char
                0x08004dcc                Usart_Send_Str
 .text          0x08004de4       0xb8 lib/STM32F10x_StdPeriph_Driver/libstm32fw.a(misc.o)
                0x08004de4                NVIC_PriorityGroupConfig
                0x08004df8                NVIC_Init
                0x08004e58                NVIC_SetVectorTable
                0x08004e6c                NVIC_SystemLPConfig
                0x08004e84                SysTick_CLKSourceConfig
 .text          0x08004e9c      0x380 lib/STM32F10x_StdPeriph_Driver/libstm32fw.a(stm32f10x_adc.o)
                0x08004e9c                ADC_DeInit
                0x08004ef8                ADC_Init
                0x08004f44                ADC_StructInit
                0x08004f56                ADC_Cmd
                0x08004f6a                ADC_DMACmd
                0x08004f7e                ADC_ITConfig
                0x08004f92                ADC_ResetCalibration
                0x08004f9c                ADC_GetResetCalibrationStatus
                0x08004fa4                ADC_StartCalibration
                0x08004fae                ADC_GetCalibrationStatus
                0x08004fb6                ADC_SoftwareStartConvCmd
                0x08004fca                ADC_GetSoftwareStartConvStatus
                0x08004fd2                ADC_DiscModeChannelCountConfig
                0x08004fe2                ADC_DiscModeCmd
                0x08004ff6                ADC_RegularChannelConfig
                0x08005084                ADC_ExternalTrigConvCmd
                0x08005098                ADC_GetConversionValue
                0x0800509e                ADC_GetDualModeConversionValue
                0x080050a8                ADC_AutoInjectedConvCmd
                0x080050bc                ADC_InjectedDiscModeCmd
                0x080050d0                ADC_ExternalTrigInjectedConvConfig
                0x080050de                ADC_ExternalTrigInjectedConvCmd
                0x080050f2                ADC_SoftwareStartInjectedConvCmd
                0x08005106                ADC_GetSoftwareStartInjectedConvCmdStatus
                0x0800510e                ADC_InjectedChannelConfig
                0x0800516a                ADC_InjectedSequencerLengthConfig
                0x0800517a                ADC_SetInjectedOffset
                0x08005190                ADC_GetInjectedConversionValue
                0x080051aa                ADC_AnalogWatchdogCmd
                0x080051bc                ADC_AnalogWatchdogThresholdsConfig
                0x080051c2                ADC_AnalogWatchdogSingleChannelConfig
                0x080051d0                ADC_TempSensorVrefintCmd
                0x080051ec                ADC_GetFlagStatus
                0x080051f8                ADC_ClearFlag
                0x080051fe                ADC_GetITStatus
                0x08005214                ADC_ClearITPendingBit
 .text          0x0800521c       0xe0 lib/STM32F10x_StdPeriph_Driver/libstm32fw.a(stm32f10x_bkp.o)
                0x0800521c                BKP_DeInit
                0x0800522e                BKP_TamperPinLevelConfig
                0x08005238                BKP_TamperPinCmd
                0x08005244                BKP_ITConfig
                0x08005250                BKP_RTCOutputConfig
                0x08005268                BKP_SetRTCCalibrationValue
                0x08005280                BKP_WriteBackupRegister
                0x0800529c                BKP_ReadBackupRegister
                0x080052bc                BKP_GetFlagStatus
                0x080052c8                BKP_ClearFlag
                0x080052dc                BKP_GetITStatus
                0x080052e8                BKP_ClearITPendingBit
 .text          0x080052fc      0x1f0 lib/STM32F10x_StdPeriph_Driver/libstm32fw.a(stm32f10x_dma.o)
                0x080052fc                DMA_DeInit
                0x080053f8                DMA_Init
                0x08005438                DMA_StructInit
                0x08005452                DMA_Cmd
                0x08005466                DMA_ITConfig
                0x08005478                DMA_GetCurrDataCounter
                0x0800547e                DMA_GetFlagStatus
                0x0800549c                DMA_ClearFlag
                0x080054b4                DMA_GetITStatus
                0x080054d4                DMA_ClearITPendingBit
 .text          0x080054ec      0x108 lib/STM32F10x_StdPeriph_Driver/libstm32fw.a(stm32f10x_exti.o)
                0x080054ec                EXTI_DeInit
                0x08005508                EXTI_Init
                0x0800558c                EXTI_StructInit
                0x0800559a                EXTI_GenerateSWInterrupt
                0x080055ac                EXTI_GetFlagStatus
                0x080055c0                EXTI_ClearFlag
                0x080055cc                EXTI_GetITStatus
                0x080055e8                EXTI_ClearITPendingBit
 .text          0x080055f4      0x278 lib/STM32F10x_StdPeriph_Driver/libstm32fw.a(stm32f10x_gpio.o)
                0x080055f4                GPIO_DeInit
                0x080056a0                GPIO_AFIODeInit
                0x080056b6                GPIO_Init
                0x0800574e                GPIO_StructInit
                0x0800575e                GPIO_ReadInputDataBit
                0x0800576a                GPIO_ReadInputData
                0x08005770                GPIO_ReadOutputDataBit
                0x0800577c                GPIO_ReadOutputData
                0x08005782                GPIO_SetBits
                0x08005786                GPIO_ResetBits
                0x0800578a                GPIO_WriteBit
                0x08005794                GPIO_Write
                0x08005798                GPIO_PinLockConfig
                0x080057a8                GPIO_EventOutputConfig
                0x080057c8                GPIO_EventOutputCmd
                0x080057d4                GPIO_PinRemapConfig
                0x0800582c                GPIO_EXTILineConfig
                0x08005860                GPIO_ETH_MediaInterfaceConfig
 .text          0x0800586c       0xcc lib/STM32F10x_StdPeriph_Driver/libstm32fw.a(stm32f10x_pwr.o)
                0x08005870                PWR_DeInit
                0x0800588a                PWR_BackupAccessCmd
                0x08005894                PWR_PVDCmd
                0x080058a0                PWR_PVDLevelConfig
                0x080058b4                PWR_WakeUpPinCmd
                0x080058c0                PWR_EnterSTOPMode
                0x080058ec                PWR_EnterSTANDBYMode
                0x08005914                PWR_GetFlagStatus
                0x08005928                PWR_ClearFlag
 .text          0x08005938      0x360 lib/STM32F10x_StdPeriph_Driver/libstm32fw.a(stm32f10x_rcc.o)
                0x08005938                RCC_DeInit
                0x08005978                RCC_HSEConfig
                0x080059b0                RCC_AdjustHSICalibrationValue
                0x080059c4                RCC_HSICmd
                0x080059d0                RCC_PLLConfig
                0x080059e8                RCC_PLLCmd
                0x080059f4                RCC_SYSCLKConfig
                0x08005a08                RCC_GetSYSCLKSource
                0x08005a18                RCC_HCLKConfig
                0x08005a2c                RCC_PCLK1Config
                0x08005a40                RCC_PCLK2Config
                0x08005a54                RCC_ITConfig
                0x08005a6c                RCC_USBCLKConfig
                0x08005a78                RCC_ADCCLKConfig
                0x08005a8c                RCC_LSEConfig
                0x08005aac                RCC_LSICmd
                0x08005ab8                RCC_RTCCLKConfig
                0x08005ac8                RCC_RTCCLKCmd
                0x08005ad4                RCC_GetClocksFreq
                0x08005b78                RCC_AHBPeriphClockCmd
                0x08005b90                RCC_APB2PeriphClockCmd
                0x08005ba8                RCC_APB1PeriphClockCmd
                0x08005bc0                RCC_APB2PeriphResetCmd
                0x08005bd8                RCC_APB1PeriphResetCmd
                0x08005bf0                RCC_BackupResetCmd
                0x08005bfc                RCC_ClockSecuritySystemCmd
                0x08005c08                RCC_MCOConfig
                0x08005c14                RCC_GetFlagStatus
                0x08005c3c                RCC_WaitForHSEStartUp
                0x08005c68                RCC_ClearFlag
                0x08005c78                RCC_GetITStatus
                0x08005c8c                RCC_ClearITPendingBit
 .text          0x08005c98      0x158 lib/STM32F10x_StdPeriph_Driver/libstm32fw.a(stm32f10x_rtc.o)
                0x08005c98                RTC_ITConfig
                0x08005cb4                RTC_EnterConfigMode
                0x08005cc8                RTC_ExitConfigMode
                0x08005cdc                RTC_GetCounter
                0x08005cf0                RTC_SetCounter
                0x08005d0c                RTC_SetPrescaler
                0x08005d2c                RTC_SetAlarm
                0x08005d48                RTC_GetDivider
                0x08005d60                RTC_WaitForLastTask
                0x08005d70                RTC_WaitForSynchro
                0x08005d90                RTC_GetFlagStatus
                0x08005da4                RTC_ClearFlag
                0x08005db8                RTC_GetITStatus
                0x08005ddc                RTC_ClearITPendingBit
 .text          0x08005df0      0x2d4 lib/STM32F10x_StdPeriph_Driver/libstm32fw.a(stm32f10x_spi.o)
                0x08005df0                SPI_I2S_DeInit
                0x08005e54                SPI_Init
                0x08005e94                I2S_Init
                0x08005f34                SPI_StructInit
                0x08005f4c                I2S_StructInit
                0x08005f5e                SPI_Cmd
                0x08005f78                I2S_Cmd
                0x08005f92                SPI_I2S_ITConfig
                0x08005fb0                SPI_I2S_DMACmd
                0x08005fc6                SPI_I2S_SendData
                0x08005fca                SPI_I2S_ReceiveData
                0x08005fd0                SPI_NSSInternalSoftwareConfig
                0x08005ff0                SPI_SSOutputCmd
                0x0800600a                SPI_DataSizeConfig
                0x08006022                SPI_TransmitCRC
                0x0800602e                SPI_CalculateCRC
                0x08006048                SPI_GetCRC
                0x08006058                SPI_GetCRCPolynomial
                0x0800605e                SPI_BiDirectionalLineConfig
                0x0800607c                SPI_I2S_GetFlagStatus
                0x08006088                SPI_I2S_ClearFlag
                0x0800608e                SPI_I2S_GetITStatus
                0x080060b4                SPI_I2S_ClearITPendingBit
 .text          0x080060c4      0x374 lib/STM32F10x_StdPeriph_Driver/libstm32fw.a(stm32f10x_usart.o)
                0x080060c4                USART_DeInit
                0x0800615c                USART_Init
                0x080061ec                USART_StructInit
                0x08006202                USART_ClockInit
                0x08006228                USART_ClockStructInit
                0x08006234                USART_Cmd
                0x0800624e                USART_ITConfig
                0x08006284                USART_DMACmd
                0x0800629a                USART_SetAddress
                0x080062b2                USART_WakeUpConfig
                0x080062ca                USART_ReceiverWakeUpCmd
                0x080062e4                USART_LINBreakDetectLengthConfig
                0x080062fc                USART_LINCmd
                0x08006316                USART_SendData
                0x0800631e                USART_ReceiveData
                0x08006326                USART_SendBreak
                0x08006332                USART_SetGuardTime
                0x08006344                USART_SetPrescaler
                0x08006358                USART_SmartCardCmd
                0x08006372                USART_SmartCardNACKCmd
                0x0800638c                USART_HalfDuplexCmd
                0x080063a6                USART_IrDAConfig
                0x080063be                USART_IrDACmd
                0x080063d8                USART_GetFlagStatus
                0x080063e4                USART_ClearFlag
                0x080063ea                USART_GetITStatus
                0x0800642a                USART_ClearITPendingBit
 .text          0x08006438      0xa54 lib/STM32_USB-FS-Device_Driver/libstm32usb.a(usb_core.o)
                0x08006438                Standard_GetConfiguration
                0x08006460                Standard_GetInterface
                0x08006488                Standard_GetStatus
                0x080065fc                Standard_SetConfiguration
                0x08006638                Standard_SetInterface
                0x08006688                Standard_ClearFeature
                0x08006784                Standard_SetEndPointFeature
                0x08006838                Standard_SetDeviceFeature
                0x0800685c                Standard_GetDescriptorData
                0x08006878                Post0_Process
                0x080068c0                Out0_Process
                0x0800699c                Setup0_Process
                0x08006d6c                SetDeviceAddress
                0x08006e28                In0_Process
                0x08006e88                NOP_Process
 .text          0x08006e8c       0x38 lib/STM32_USB-FS-Device_Driver/libstm32usb.a(usb_init.o)
                0x08006e8c                USB_Init
 .text          0x08006ec4      0x25c lib/STM32_USB-FS-Device_Driver/libstm32usb.a(usb_int.o)
                0x08006ec4                CTR_LP
                0x0800708c                CTR_HP
 .text          0x08007120       0xb8 lib/STM32_USB-FS-Device_Driver/libstm32usb.a(usb_mem.o)
                0x08007120                UserToPMABufferCopy
                0x08007188                PMAToUserBufferCopy
 .text          0x080071d8      0x880 lib/STM32_USB-FS-Device_Driver/libstm32usb.a(usb_regs.o)
                0x080071d8                SetCNTR
                0x080071e4                GetCNTR
                0x080071f0                SetISTR
                0x080071fc                GetISTR
                0x08007208                GetFNR
                0x08007214                SetDADDR
                0x08007220                GetDADDR
                0x0800722c                SetBTABLE
                0x08007240                GetBTABLE
                0x0800724c                SetENDPOINT
                0x0800725c                GetENDPOINT
                0x0800726c                SetEPType
                0x08007288                GetEPType
                0x0800729c                SetEPTxStatus
                0x080072dc                SetEPRxStatus
                0x0800731c                SetDouBleBuffEPStall
                0x08007344                GetEPTxStatus
                0x08007358                GetEPRxStatus
                0x0800736c                SetEPTxValid
                0x08007390                SetEPRxValid
                0x080073b4                SetEP_KIND
                0x080073d4                ClearEP_KIND
                0x080073f4                Clear_Status_Out
                0x08007414                Set_Status_Out
                0x08007434                SetEPDoubleBuff
                0x08007454                ClearEPDoubleBuff
                0x08007474                GetTxStallStatus
                0x08007494                GetRxStallStatus
                0x080074b4                ClearEP_CTR_RX
                0x080074cc                ClearEP_CTR_TX
                0x080074e4                ToggleDTOG_RX
                0x08007504                ToggleDTOG_TX
                0x08007524                ClearDTOG_RX
                0x0800754c                ClearDTOG_TX
                0x08007574                SetEPAddress
                0x08007598                GetEPAddress
                0x080075ac                SetEPTxAddr
                0x080075d0                SetEPRxAddr
                0x080075f8                GetEPTxAddr
                0x08007618                GetEPRxAddr
                0x08007638                SetEPTxCount
                0x08007658                SetEPCountRxReg
                0x08007684                SetEPRxCount
                0x080076cc                GetEPTxCount
                0x080076f0                GetEPRxCount
                0x08007714                SetEPDblBuffAddr
                0x0800775c                SetEPDblBuf0Addr
                0x08007780                SetEPDblBuf1Addr
                0x080077a8                GetEPDblBuf0Addr
                0x080077c8                GetEPDblBuf1Addr
                0x080077e8                SetEPDblBuffCount
                0x08007894                SetEPDblBuf0Count
                0x080078fc                SetEPDblBuf1Count
                0x08007964                GetEPDblBuf0Count
                0x08007988                GetEPDblBuf1Count
                0x080079ac                GetEPDblBufDir
                0x080079f4                FreeUserBuffer
                0x08007a44                ToWord
                0x08007a4c                ByteSwap
 .text          0x08007a58       0x6c lib/STM32_USB-FS-Device_Driver/libstm32usb.a(usb_sil.o)
                0x08007a58                USB_SIL_Init
                0x08007a78                USB_SIL_Write
                0x08007aa0                USB_SIL_Read
 .text          0x08007ac4      0x370 /home/laurence/CodeSourcery/Sourcery_G++_Lite/bin/../lib/gcc/arm-none-eabi/4.5.2/thumb2/libgcc.a(_arm_addsubdf3.o)
                0x08007ac4                __aeabi_drsub
                0x08007acc                __aeabi_dsub
                0x08007acc                __subdf3
                0x08007ad0                __adddf3
                0x08007ad0                __aeabi_dadd
                0x08007d48                __aeabi_ui2d
                0x08007d48                __floatunsidf
                0x08007d68                __floatsidf
                0x08007d68                __aeabi_i2d
                0x08007d8c                __extendsfdf2
                0x08007d8c                __aeabi_f2d
                0x08007dc8                __aeabi_ul2d
                0x08007dc8                __floatundidf
                0x08007dd8                __floatdidf
                0x08007dd8                __aeabi_l2d
 .text          0x08007e34      0x424 /home/laurence/CodeSourcery/Sourcery_G++_Lite/bin/../lib/gcc/arm-none-eabi/4.5.2/thumb2/libgcc.a(_arm_muldivdf3.o)
                0x08007e34                __aeabi_dmul
                0x08007e34                __muldf3
                0x08008088                __aeabi_ddiv
                0x08008088                __divdf3
 .text          0x08008258       0xa0 /home/laurence/CodeSourcery/Sourcery_G++_Lite/bin/../lib/gcc/arm-none-eabi/4.5.2/thumb2/libgcc.a(_arm_truncdfsf2.o)
                0x08008258                __aeabi_d2f
                0x08008258                __truncdfsf2
 .text          0x080082f8      0x21c /home/laurence/CodeSourcery/Sourcery_G++_Lite/bin/../lib/gcc/arm-none-eabi/4.5.2/thumb2/libgcc.a(_arm_addsubsf3.o)
                0x080082f8                __aeabi_frsub
                0x08008300                __subsf3
                0x08008300                __aeabi_fsub
                0x08008304                __aeabi_fadd
                0x08008304                __addsf3
                0x08008464                __aeabi_ui2f
                0x08008464                __floatunsisf
                0x0800846c                __aeabi_i2f
                0x0800846c                __floatsisf
                0x08008488                __floatundisf
                0x08008488                __aeabi_ul2f
                0x08008498                __floatdisf
                0x08008498                __aeabi_l2f
 .text          0x08008514      0x2a0 /home/laurence/CodeSourcery/Sourcery_G++_Lite/bin/../lib/gcc/arm-none-eabi/4.5.2/thumb2/libgcc.a(_arm_muldivsf3.o)
                0x08008514                __mulsf3
                0x08008514                __aeabi_fmul
                0x0800867c                __divsf3
                0x0800867c                __aeabi_fdiv
 .text          0x080087b4       0xec /home/laurence/CodeSourcery/Sourcery_G++_Lite/bin/../lib/gcc/arm-none-eabi/4.5.2/thumb2/libgcc.a(_arm_cmpsf2.o)
                0x080087b4                __gtsf2
                0x080087b4                __gesf2
                0x080087bc                __lesf2
                0x080087bc                __ltsf2
                0x080087c4                __nesf2
                0x080087c4                __eqsf2
                0x080087c4                __cmpsf2
                0x08008824                __aeabi_cfrcmple
                0x0800882c                __aeabi_cfcmple
                0x0800882c                __aeabi_cfcmpeq
                0x0800883c                __aeabi_fcmpeq
                0x08008850                __aeabi_fcmplt
                0x08008864                __aeabi_fcmple
                0x08008878                __aeabi_fcmpge
                0x0800888c                __aeabi_fcmpgt
 .text          0x080088a0       0x40 /home/laurence/CodeSourcery/Sourcery_G++_Lite/bin/../lib/gcc/arm-none-eabi/4.5.2/thumb2/libgcc.a(_arm_fixunssfsi.o)
                0x080088a0                __aeabi_f2uiz
                0x080088a0                __fixunssfsi
 .text          0x080088e0       0x20 /home/laurence/CodeSourcery/Sourcery_G++_Lite/bin/../lib/gcc/arm-none-eabi/4.5.2/../../../../arm-none-eabi/lib/thumb2/libc.a(lib_a-malloc.o)
                0x080088e0                malloc
                0x080088f0                free
 .text          0x08008900      0x57c /home/laurence/CodeSourcery/Sourcery_G++_Lite/bin/../lib/gcc/arm-none-eabi/4.5.2/../../../../arm-none-eabi/lib/thumb2/libc.a(lib_a-mallocr.o)
                0x08008900                _malloc_r
 .text          0x08008e7c        0x8 /home/laurence/CodeSourcery/Sourcery_G++_Lite/bin/../lib/gcc/arm-none-eabi/4.5.2/../../../../arm-none-eabi/lib/thumb2/libc.a(lib_a-mlock.o)
                0x08008e7c                __malloc_lock
                0x08008e80                __malloc_unlock
 .text          0x08008e84       0x28 /home/laurence/CodeSourcery/Sourcery_G++_Lite/bin/../lib/gcc/arm-none-eabi/4.5.2/../../../../arm-none-eabi/lib/thumb2/libc.a(lib_a-sbrkr.o)
                0x08008e84                _sbrk_r
 .text          0x08008eac       0x60 /home/laurence/CodeSourcery/Sourcery_G++_Lite/bin/../lib/gcc/arm-none-eabi/4.5.2/../../../../arm-none-eabi/lib/thumb2/libc.a(lib_a-strlen.o)
                0x08008eac                strlen
 .text          0x08008f0c      0x240 /home/laurence/CodeSourcery/Sourcery_G++_Lite/bin/../lib/gcc/arm-none-eabi/4.5.2/../../../../arm-none-eabi/lib/thumb2/libc.a(lib_a-freer.o)
                0x08008f0c                _malloc_trim_r
                0x08008fb4                _free_r
 .text          0x0800914c       0x30 /home/laurence/CodeSourcery/Sourcery_G++_Lite/bin/../lib/gcc/arm-none-eabi/4.5.2/../../../../arm-none-eabi/lib/thumb2/libcs3.a(start_c.o)
                0x0800914c                __cs3_premain
 .text.cs3.init
                0x0800917c       0x50 /home/laurence/CodeSourcery/Sourcery_G++_Lite/bin/../lib/gcc/arm-none-eabi/4.5.2/../../../../arm-none-eabi/lib/thumb2/libcs3.a(start_c.o)
                0x0800917c                __cs3_start_c
 .text          0x080091cc       0x40 /home/laurence/CodeSourcery/Sourcery_G++_Lite/bin/../lib/gcc/arm-none-eabi/4.5.2/../../../../arm-none-eabi/lib/thumb2/libcs3unhosted.a(unhosted-sbrk.o)
                0x080091cc                _sbrk
 .text.cs3.init
                0x0800920c       0x10 /home/laurence/CodeSourcery/Sourcery_G++_Lite/bin/../lib/gcc/arm-none-eabi/4.5.2/../../../../arm-none-eabi/lib/thumb2/libcs3unhosted.a(unhosted-start.o)
                0x0800920c                _start
 .text          0x0800921c        0x2 lib/libcs3-lanchon-stm32.a(lanchon_stm32_isr_interrupt.o)
                0x0800921c                MemManageException
                0x0800921c                BusFaultException
                0x0800921c                DMAChannel7_IRQHandler
                0x0800921c                DebugMonitor
                0x0800921c                SVCHandler
                0x0800921c                HardFaultException
                0x0800921c                __STM32ReservedException8
                0x0800921c                __STM32DefaultExceptionHandler
                0x0800921c                CAN_SCE_IRQHandler
                0x0800921c                __STM32ReservedException10
                0x0800921c                __STM32ReservedException13
                0x0800921c                NMIException
                0x0800921c                DMAChannel4_IRQHandler
                0x0800921c                PendSVC
                0x0800921c                CAN_RX1_IRQHandler
                0x0800921c                ADC_IRQHandler
                0x0800921c                DMAChannel5_IRQHandler
                0x0800921c                DMAChannel2_IRQHandler
                0x0800921c                __STM32ReservedException7
                0x0800921c                UsageFaultException
                0x0800921c                DMAChannel6_IRQHandler
                0x0800921c                DMAChannel3_IRQHandler
                0x0800921c                __STM32ReservedException9
 *fill*         0x0800921e        0x2 00
 .text          0x08009220        0xc /home/laurence/CodeSourcery/Sourcery_G++_Lite/bin/../lib/gcc/arm-none-eabi/4.5.2/../../../../arm-none-eabi/lib/thumb2/libc.a(lib_a-errno.o)
                0x08009220                __errno
 .text          0x0800922c       0x50 /home/laurence/CodeSourcery/Sourcery_G++_Lite/bin/../lib/gcc/arm-none-eabi/4.5.2/../../../../arm-none-eabi/lib/thumb2/libc.a(lib_a-init.o)
                0x0800922c                __libc_init_array
 *(.plt)
 *(.gnu.warning)
 *(.glue_7t)
 .glue_7t       0x00000000        0x0 linker stubs
 *(.glue_7)
 .glue_7        0x00000000        0x0 linker stubs
 *(.vfp11_veneer)
 .vfp11_veneer  0x00000000        0x0 linker stubs
 *(.rodata .rodata.* .gnu.linkonce.r.*)
 .rodata        0x0800927c       0x92 Util/USB/usb_desc.o
                0x0800927c                MASS_DeviceDescriptor
                0x0800928e                MASS_ConfigDescriptor
                0x080092ae                MASS_StringLangID
                0x080092b2                MASS_StringVendor
                0x080092d8                MASS_StringProduct
                0x080092fe                MASS_StringInterface
 .rodata        0x0800930e     0x7738 Util/fat_fs/option/cc932.o
 .rodata        0x08010a46        0xd Util/fat_fs/src/ff.o
 .rodata.str1.1
                0x08010a53       0x10 Util/fat_fs/src/ff.o
 .rodata        0x08010a63        0xc Util/fat_fs/src/rtc.o
 .rodata        0x08010a6f       0x11 Util/rprintf.o
 .rodata.str1.1
                0x08010a80        0x6 Util/rprintf.o
 .rodata.str1.1
                0x08010a86       0xa7 main.o
 *fill*         0x08010b2d        0x3 00
 .rodata.str1.4
                0x08010b30        0x4 /home/laurence/CodeSourcery/Sourcery_G++_Lite/bin/../lib/gcc/arm-none-eabi/4.5.2/../../../../arm-none-eabi/lib/thumb2/libc.a(lib_a-impure.o)
 *(.ARM.extab* .gnu.linkonce.armextab.*)
 *(.gcc_except_table)
 *(.eh_frame_hdr)
 *(.eh_frame)
                0x08010b34                . = ALIGN (0x4)
 *(.init)
 .init          0x08010b34        0x4 /home/laurence/CodeSourcery/Sourcery_G++_Lite/bin/../lib/gcc/arm-none-eabi/4.5.2/thumb2/crti.o
                0x08010b34                _init
 .init          0x08010b38        0x8 /home/laurence/CodeSourcery/Sourcery_G++_Lite/bin/../lib/gcc/arm-none-eabi/4.5.2/thumb2/crtn.o
                0x08010b40                . = ALIGN (0x4)
                0x08010b40                __preinit_array_start = .
 *(.preinit_array)
                0x08010b40                __preinit_array_end = .
                0x08010b40                . = ALIGN (0x4)
                0x08010b40                __init_array_start = .
 *(SORT(.init_array.*))
 *(.init_array)
 .init_array    0x08010b40        0x4 /home/laurence/CodeSourcery/Sourcery_G++_Lite/bin/../lib/gcc/arm-none-eabi/4.5.2/thumb2/crtbegin.o
                0x08010b44                __init_array_end = .
                0x08010b44                . = ALIGN (0x4)
 *crtbegin.o(.ctors)
 *(EXCLUDE_FILE(*crtend.o) .ctors)
 *(SORT(.ctors.*))
 *crtend.o(.ctors)
                0x08010b44                . = ALIGN (0x4)
 *(.fini)
 .fini          0x08010b44        0x4 /home/laurence/CodeSourcery/Sourcery_G++_Lite/bin/../lib/gcc/arm-none-eabi/4.5.2/thumb2/crti.o
                0x08010b44                _fini
 .fini          0x08010b48        0x8 /home/laurence/CodeSourcery/Sourcery_G++_Lite/bin/../lib/gcc/arm-none-eabi/4.5.2/thumb2/crtn.o
                0x08010b50                . = ALIGN (0x4)
                0x08010b50                __fini_array_start = .
 *(.fini_array)
 .fini_array    0x08010b50        0x4 /home/laurence/CodeSourcery/Sourcery_G++_Lite/bin/../lib/gcc/arm-none-eabi/4.5.2/thumb2/crtbegin.o
 *(SORT(.fini_array.*))
                0x08010b54                __fini_array_end = .
 *crtbegin.o(.dtors)
 *(EXCLUDE_FILE(*crtend.o) .dtors)
 *(SORT(.dtors.*))
 *crtend.o(.dtors)
                0x08010b54                . = ALIGN (0x4)
                0x08010b54                __cs3_regions = .
                0x08010b54        0x4 LONG 0x0
                0x08010b58        0x4 LONG 0x8010b68 __cs3_region_init_ram
                0x08010b5c        0x4 LONG 0x20000000 __cs3_region_start_ram
                0x08010b60        0x4 LONG 0x680 __cs3_region_init_size_ram
                0x08010b64        0x4 LONG 0x788 __cs3_region_zero_size_ram
                0x08010b68                __exidx_start = .

.v4_bx          0x08010b68        0x0
 .v4_bx         0x00000000        0x0 linker stubs

.ARM.exidx
 *(.ARM.exidx* .gnu.linkonce.armexidx.*)
                0x08010b68                __exidx_end = .

.text.align     0x08010b68        0x0
                0x08010b68                . = ALIGN (0x8)
                0x08010b68                _etext = .
                0x08020000                __cs3_region_end_rom = (__cs3_region_start_rom + 0x20000)
                0x00020000                __cs3_region_size_rom = 0x20000
                0x00000001                __cs3_region_num = 0x1

.data           0x20000000      0x680 load address 0x08010b68
                0x20000000                __cs3_region_start_ram = .
 *(.cs3.region-head.ram)
 *(.jcr)
 .jcr           0x20000000        0x0 /home/laurence/CodeSourcery/Sourcery_G++_Lite/bin/../lib/gcc/arm-none-eabi/4.5.2/thumb2/crtbegin.o
 .jcr           0x20000000        0x4 /home/laurence/CodeSourcery/Sourcery_G++_Lite/bin/../lib/gcc/arm-none-eabi/4.5.2/thumb2/crtend.o
 *(.got.plt)
 *(.got)
 *(.shdata)
 *(.data .data.* .gnu.linkonce.d.*)
 .data          0x20000004       0x72 Util/USB/scsi_data.o
                0x20000004                Standard_Inquiry_Data
                0x20000028                Standard_Inquiry_Data2
                0x2000004c                Mode_Sense6_data
                0x20000050                Mode_Sense10_data
                0x20000058                Scsi_Sense_Data
                0x2000006a                ReadFormatCapacity_Data
 .data          0x20000076       0x1a Util/USB/usb_desc.o
                0x20000076                MASS_StringSerial
 .data          0x20000090       0x38 Util/USB/usb_istr.o
                0x20000090                pEpInt_IN
                0x200000ac                pEpInt_OUT
 .data          0x200000c8       0x90 Util/USB/usb_prop.o
                0x200000c8                String_Descriptor
                0x200000f0                Config_Descriptor
                0x200000f8                Device_Descriptor
                0x20000100                Device_Property
                0x20000130                Device_Table
                0x20000134                User_Standard_Requests
 .data          0x20000158        0x1 Util/USB/usb_pwr.o
                0x20000158                fSuspendEnabled
 .data          0x20000159        0x1 Util/fat_fs/src/sd_spi_stm32.o
 .data          0x2000015a       0x14 lib/STM32F10x_StdPeriph_Driver/libstm32fw.a(stm32f10x_rcc.o)
 *fill*         0x2000016e        0x2 00
 .data          0x20000170      0x410 /home/laurence/CodeSourcery/Sourcery_G++_Lite/bin/../lib/gcc/arm-none-eabi/4.5.2/../../../../arm-none-eabi/lib/thumb2/libc.a(lib_a-mallocr.o)
                0x20000170                __malloc_av_
                0x20000578                __malloc_sbrk_base
                0x2000057c                __malloc_trim_threshold
 .data          0x20000580       0xf4 /home/laurence/CodeSourcery/Sourcery_G++_Lite/bin/../lib/gcc/arm-none-eabi/4.5.2/../../../../arm-none-eabi/lib/thumb2/libc.a(lib_a-impure.o)
                0x20000580                _impure_ptr
 .data          0x20000674        0x4 /home/laurence/CodeSourcery/Sourcery_G++_Lite/bin/../lib/gcc/arm-none-eabi/4.5.2/../../../../arm-none-eabi/lib/thumb2/libcs3unhosted.a(unhosted-sbrk.o)
 .data          0x20000678        0x4 /home/laurence/CodeSourcery/Sourcery_G++_Lite/bin/../lib/gcc/arm-none-eabi/4.5.2/../../../../arm-none-eabi/lib/thumb2/libcs3.a(heap.o)
                0x20000678                __cs3_heap_limit
 *(.ram)
                0x20000680                . = ALIGN (0x8)
 *fill*         0x2000067c        0x4 00
                0x20000680                _edata = .

.bss            0x20000680      0x788 load address 0x080111e8
 *(.shbss)
 *(.bss .bss.* .gnu.linkonce.b.*)
 .bss           0x20000680        0x1 /home/laurence/CodeSourcery/Sourcery_G++_Lite/bin/../lib/gcc/arm-none-eabi/4.5.2/thumb2/crtbegin.o
 *fill*         0x20000681        0x3 00
 .bss           0x20000684        0x4 Sensors/pressure.o
 .bss           0x20000688       0x20 Util/USB/mass_mal.o
                0x20000688                Status
                0x2000068c                Data_Buffer
                0x20000690                Mass_Block_Count
                0x20000698                Mass_Block_Size
                0x200006a0                Mass_Memory_Size
 .bss           0x200006a8       0x24 Util/USB/memory.o
                0x200006a8                TransferState
                0x200006b4                Block_Read_count
                0x200006b8                Block_offset
                0x200006bc                Counter
                0x200006c8                Idx
 .bss           0x200006cc        0xd Util/USB/scsi_data.o
                0x200006cc                Page00_Inquiry_Data
                0x200006d1                ReadCapacity10_Data
 *fill*         0x200006d9        0x3 00
 .bss           0x200006dc       0x80 Util/USB/usb_bot.o
                0x200006dc                Bot_State
                0x200006e0                CSW
                0x200006f0                CBW
                0x20000710                SCSI_LBA
                0x20000714                SCSI_BlkLen
                0x20000718                Data_Len
                0x2000071a                Bulk_Data_Buff
 .bss           0x2000075c        0x4 Util/USB/usb_istr.o
                0x2000075c                wIstr
                0x2000075e                bIntPackSOF
 .bss           0x20000760        0x4 Util/USB/usb_prop.o
                0x20000760                Max_Lun
 .bss           0x20000764        0x8 Util/USB/usb_pwr.o
                0x20000764                ResumeS
                0x20000768                bDeviceState
 .bss           0x2000076c        0x8 Util/fat_fs/src/ff.o
 .bss           0x20000774       0x10 Util/fat_fs/src/sd_spi_stm32.o
 .bss           0x20000784       0x84 Util/rprintf.o
 .bss           0x20000808        0x4 adc.o
                0x20000808                ADC1_Convertion_buff
 .bss           0x2000080c        0x1 gpio.o
                0x2000080c                bootsource
 *fill*         0x2000080d        0x3 00
 .bss           0x20000810      0x580 main.o
                0x20000810                print_string
                0x20000910                FATFS_logfile
                0x20000b34                a
                0x20000d68                f_err_code
                0x20000d6c                FATFS_info
                0x20000d8c                file_opened
 .bss           0x20000d90        0x1 lib/STM32_USB-FS-Device_Driver/libstm32usb.a(usb_core.o)
                0x20000d90                Data_Mul_MaxPacketSize
 *fill*         0x20000d91        0x3 00
 .bss           0x20000d94       0x34 /home/laurence/CodeSourcery/Sourcery_G++_Lite/bin/../lib/gcc/arm-none-eabi/4.5.2/../../../../arm-none-eabi/lib/thumb2/libc.a(lib_a-mallocr.o)
                0x20000d94                __malloc_top_pad
                0x20000d98                __malloc_current_mallinfo
                0x20000dc0                __malloc_max_sbrked_mem
                0x20000dc4                __malloc_max_total_mem
 *(COMMON)
 COMMON         0x20000dc8        0x2 lib/STM32_USB-FS-Device_Driver/libstm32usb.a(usb_core.o)
                0x20000dc8                StatusInfo
 *fill*         0x20000dca        0x2 00
 COMMON         0x20000dcc       0x32 lib/STM32_USB-FS-Device_Driver/libstm32usb.a(usb_init.o)
                0x20000dcc                SaveState
                0x20000dd0                pProperty
                0x20000dd4                EPindex
                0x20000dd8                Device_Info
                0x20000df4                pUser_Standard_Requests
                0x20000df8                pInformation
                0x20000dfc                wInterrupt_Mask
 COMMON         0x20000dfe        0x4 lib/STM32_USB-FS-Device_Driver/libstm32usb.a(usb_int.o)
                0x20000dfe                SaveRState
                0x20000e00                SaveTState
 *fill*         0x20000e02        0x2 00
 COMMON         0x20000e04        0x4 /home/laurence/CodeSourcery/Sourcery_G++_Lite/bin/../lib/gcc/arm-none-eabi/4.5.2/../../../../arm-none-eabi/lib/thumb2/libc.a(lib_a-reent.o)
                0x20000e04                errno
 *(.ram.b)
                0x20000e08                . = ALIGN (0x8)
                0x20000e08                _end = .
                0x20000e08                __end = .
                0x20005000                __cs3_region_end_ram = (__cs3_region_start_ram + 0x5000)
                0x00005000                __cs3_region_size_ram = 0x5000
                0x08010b68                __cs3_region_init_ram = LOADADDR (.data)
                0x00000680                __cs3_region_init_size_ram = (_edata - ADDR (.data))
                0x00000788                __cs3_region_zero_size_ram = (_end - _edata)
                0x00000001                __cs3_region_num = 0x1

.stab
 *(.stab)

.stabstr
 *(.stabstr)

.debug
 *(.debug)

.line
 *(.line)

.debug_srcinfo
 *(.debug_srcinfo)

.debug_sfnames
 *(.debug_sfnames)

.debug_aranges
 *(.debug_aranges)

.debug_pubnames
 *(.debug_pubnames)

.debug_info
 *(.debug_info .gnu.linkonce.wi.*)

.debug_abbrev
 *(.debug_abbrev)

.debug_line
 *(.debug_line)

.comment        0x00000000       0x2a
 .comment       0x00000000       0x2a Sensors/pressure.o
                                 0x2b (size before relaxing)
 .comment       0x00000000       0x2b Util/USB/hw_config.o
 .comment       0x00000000       0x2b Util/USB/mass_mal.o
 .comment       0x00000000       0x2b Util/USB/memory.o
 .comment       0x00000000       0x2b Util/USB/scsi_data.o
 .comment       0x00000000       0x2b Util/USB/usb_bot.o
 .comment       0x00000000       0x2b Util/USB/usb_desc.o
 .comment       0x00000000       0x2b Util/USB/usb_endp.o
 .comment       0x00000000       0x2b Util/USB/usb_istr.o
 .comment       0x00000000       0x2b Util/USB/usb_prop.o
 .comment       0x00000000       0x2b Util/USB/usb_pwr.o
 .comment       0x00000000       0x2b Util/USB/usb_scsi.o
 .comment       0x00000000       0x2b Util/fat_fs/option/cc932.o
 .comment       0x00000000       0x2b Util/fat_fs/option/syscall.o
 .comment       0x00000000       0x2b Util/fat_fs/src/fattime.o
 .comment       0x00000000       0x2b Util/fat_fs/src/ff.o
 .comment       0x00000000       0x2b Util/fat_fs/src/rtc.o
 .comment       0x00000000       0x2b Util/fat_fs/src/sd_spi_stm32.o
 .comment       0x00000000       0x2b Util/rprintf.o
 .comment       0x00000000       0x2b Util/stm32_eval_spi_sd.o
 .comment       0x00000000       0x2b adc.o
 .comment       0x00000000       0x2b gpio.o
 .comment       0x00000000       0x2b interrupts.o
 .comment       0x00000000       0x2b lib/CMSIS_CM3/core_cm3.o
 .comment       0x00000000       0x2b lib/CMSIS_CM3/system_stm32f10x.o
 .comment       0x00000000       0x2b main.o
 .comment       0x00000000       0x2b pwr.o
 .comment       0x00000000       0x2b usart.o
 .comment       0x00000000       0x2b lib/STM32F10x_StdPeriph_Driver/libstm32fw.a(misc.o)
 .comment       0x00000000       0x2b lib/STM32F10x_StdPeriph_Driver/libstm32fw.a(stm32f10x_adc.o)
 .comment       0x00000000       0x2b lib/STM32F10x_StdPeriph_Driver/libstm32fw.a(stm32f10x_bkp.o)
 .comment       0x00000000       0x2b lib/STM32F10x_StdPeriph_Driver/libstm32fw.a(stm32f10x_dma.o)
 .comment       0x00000000       0x2b lib/STM32F10x_StdPeriph_Driver/libstm32fw.a(stm32f10x_exti.o)
 .comment       0x00000000       0x2b lib/STM32F10x_StdPeriph_Driver/libstm32fw.a(stm32f10x_gpio.o)
 .comment       0x00000000       0x2b lib/STM32F10x_StdPeriph_Driver/libstm32fw.a(stm32f10x_pwr.o)
 .comment       0x00000000       0x2b lib/STM32F10x_StdPeriph_Driver/libstm32fw.a(stm32f10x_rcc.o)
 .comment       0x00000000       0x2b lib/STM32F10x_StdPeriph_Driver/libstm32fw.a(stm32f10x_rtc.o)
 .comment       0x00000000       0x2b lib/STM32F10x_StdPeriph_Driver/libstm32fw.a(stm32f10x_spi.o)
 .comment       0x00000000       0x2b lib/STM32F10x_StdPeriph_Driver/libstm32fw.a(stm32f10x_usart.o)
 .comment       0x00000000       0x2b lib/STM32_USB-FS-Device_Driver/libstm32usb.a(usb_core.o)
 .comment       0x00000000       0x2b lib/STM32_USB-FS-Device_Driver/libstm32usb.a(usb_init.o)
 .comment       0x00000000       0x2b lib/STM32_USB-FS-Device_Driver/libstm32usb.a(usb_int.o)
 .comment       0x00000000       0x2b lib/STM32_USB-FS-Device_Driver/libstm32usb.a(usb_mem.o)
 .comment       0x00000000       0x2b lib/STM32_USB-FS-Device_Driver/libstm32usb.a(usb_regs.o)
 .comment       0x00000000       0x2b lib/STM32_USB-FS-Device_Driver/libstm32usb.a(usb_sil.o)

.debug_frame    0x00000000      0x254
 *(.debug_frame)
 .debug_frame   0x00000000       0x30 /home/laurence/CodeSourcery/Sourcery_G++_Lite/bin/../lib/gcc/arm-none-eabi/4.5.2/../../../../arm-none-eabi/lib/thumb2/libc.a(lib_a-malloc.o)
 .debug_frame   0x00000030       0x3c /home/laurence/CodeSourcery/Sourcery_G++_Lite/bin/../lib/gcc/arm-none-eabi/4.5.2/../../../../arm-none-eabi/lib/thumb2/libc.a(lib_a-mallocr.o)
 .debug_frame   0x0000006c       0x30 /home/laurence/CodeSourcery/Sourcery_G++_Lite/bin/../lib/gcc/arm-none-eabi/4.5.2/../../../../arm-none-eabi/lib/thumb2/libc.a(lib_a-mlock.o)
 .debug_frame   0x0000009c       0x2c /home/laurence/CodeSourcery/Sourcery_G++_Lite/bin/../lib/gcc/arm-none-eabi/4.5.2/../../../../arm-none-eabi/lib/thumb2/libc.a(lib_a-sbrkr.o)
 .debug_frame   0x000000c8       0x20 /home/laurence/CodeSourcery/Sourcery_G++_Lite/bin/../lib/gcc/arm-none-eabi/4.5.2/../../../../arm-none-eabi/lib/thumb2/libc.a(lib_a-strlen.o)
 .debug_frame   0x000000e8       0x50 /home/laurence/CodeSourcery/Sourcery_G++_Lite/bin/../lib/gcc/arm-none-eabi/4.5.2/../../../../arm-none-eabi/lib/thumb2/libc.a(lib_a-freer.o)
 .debug_frame   0x00000138       0x68 /home/laurence/CodeSourcery/Sourcery_G++_Lite/bin/../lib/gcc/arm-none-eabi/4.5.2/../../../../arm-none-eabi/lib/thumb2/libc.a(lib_a-reent.o)
 .debug_frame   0x000001a0       0x40 /home/laurence/CodeSourcery/Sourcery_G++_Lite/bin/../lib/gcc/arm-none-eabi/4.5.2/../../../../arm-none-eabi/lib/thumb2/libcs3.a(start_c.o)
 .debug_frame   0x000001e0       0x28 /home/laurence/CodeSourcery/Sourcery_G++_Lite/bin/../lib/gcc/arm-none-eabi/4.5.2/../../../../arm-none-eabi/lib/thumb2/libcs3unhosted.a(unhosted-sbrk.o)
 .debug_frame   0x00000208       0x20 /home/laurence/CodeSourcery/Sourcery_G++_Lite/bin/../lib/gcc/arm-none-eabi/4.5.2/../../../../arm-none-eabi/lib/thumb2/libc.a(lib_a-errno.o)
 .debug_frame   0x00000228       0x2c /home/laurence/CodeSourcery/Sourcery_G++_Lite/bin/../lib/gcc/arm-none-eabi/4.5.2/../../../../arm-none-eabi/lib/thumb2/libc.a(lib_a-init.o)

.debug_str
 *(.debug_str)

.debug_loc
 *(.debug_loc)

.debug_macinfo
 *(.debug_macinfo)

.debug_weaknames
 *(.debug_weaknames)

.debug_funcnames
 *(.debug_funcnames)

.debug_typenames
 *(.debug_typenames)

.debug_varnames
 *(.debug_varnames)

.note.gnu.arm.ident
 *(.note.gnu.arm.ident)

.ARM.attributes
                0x00000000       0x25
 *(.ARM.attributes)
 .ARM.attributes
                0x00000000       0x19 /home/laurence/CodeSourcery/Sourcery_G++_Lite/bin/../lib/gcc/arm-none-eabi/4.5.2/thumb2/crti.o
 .ARM.attributes
                0x00000019       0x29 /home/laurence/CodeSourcery/Sourcery_G++_Lite/bin/../lib/gcc/arm-none-eabi/4.5.2/thumb2/crtbegin.o
 .ARM.attributes
                0x00000042       0x31 Sensors/pressure.o
 .ARM.attributes
                0x00000073       0x31 Util/USB/hw_config.o
 .ARM.attributes
                0x000000a4       0x31 Util/USB/mass_mal.o
 .ARM.attributes
                0x000000d5       0x31 Util/USB/memory.o
 .ARM.attributes
                0x00000106       0x31 Util/USB/scsi_data.o
 .ARM.attributes
                0x00000137       0x31 Util/USB/usb_bot.o
 .ARM.attributes
                0x00000168       0x31 Util/USB/usb_desc.o
 .ARM.attributes
                0x00000199       0x31 Util/USB/usb_endp.o
 .ARM.attributes
                0x000001ca       0x31 Util/USB/usb_istr.o
 .ARM.attributes
                0x000001fb       0x31 Util/USB/usb_prop.o
 .ARM.attributes
                0x0000022c       0x31 Util/USB/usb_pwr.o
 .ARM.attributes
                0x0000025d       0x31 Util/USB/usb_scsi.o
 .ARM.attributes
                0x0000028e       0x31 Util/fat_fs/option/cc932.o
 .ARM.attributes
                0x000002bf       0x31 Util/fat_fs/option/syscall.o
 .ARM.attributes
                0x000002f0       0x31 Util/fat_fs/src/fattime.o
 .ARM.attributes
                0x00000321       0x31 Util/fat_fs/src/ff.o
 .ARM.attributes
                0x00000352       0x31 Util/fat_fs/src/rtc.o
 .ARM.attributes
                0x00000383       0x31 Util/fat_fs/src/sd_spi_stm32.o
 .ARM.attributes
                0x000003b4       0x31 Util/rprintf.o
 .ARM.attributes
                0x000003e5       0x31 Util/stm32_eval_spi_sd.o
 .ARM.attributes
                0x00000416       0x31 adc.o
 .ARM.attributes
                0x00000447       0x31 gpio.o
 .ARM.attributes
                0x00000478       0x31 interrupts.o
 .ARM.attributes
                0x000004a9       0x31 lib/CMSIS_CM3/core_cm3.o
 .ARM.attributes
                0x000004da       0x21 lib/CMSIS_CM3/startup/gcc/startup_stm32f10x_md.o
 .ARM.attributes
                0x000004fb       0x31 lib/CMSIS_CM3/system_stm32f10x.o
 .ARM.attributes
                0x0000052c       0x31 main.o
 .ARM.attributes
                0x0000055d       0x31 pwr.o
 .ARM.attributes
                0x0000058e       0x31 usart.o
 .ARM.attributes
                0x000005bf       0x31 lib/STM32F10x_StdPeriph_Driver/libstm32fw.a(misc.o)
 .ARM.attributes
                0x000005f0       0x31 lib/STM32F10x_StdPeriph_Driver/libstm32fw.a(stm32f10x_adc.o)
 .ARM.attributes
                0x00000621       0x31 lib/STM32F10x_StdPeriph_Driver/libstm32fw.a(stm32f10x_bkp.o)
 .ARM.attributes
                0x00000652       0x31 lib/STM32F10x_StdPeriph_Driver/libstm32fw.a(stm32f10x_dma.o)
 .ARM.attributes
                0x00000683       0x31 lib/STM32F10x_StdPeriph_Driver/libstm32fw.a(stm32f10x_exti.o)
 .ARM.attributes
                0x000006b4       0x31 lib/STM32F10x_StdPeriph_Driver/libstm32fw.a(stm32f10x_gpio.o)
 .ARM.attributes
                0x000006e5       0x31 lib/STM32F10x_StdPeriph_Driver/libstm32fw.a(stm32f10x_pwr.o)
 .ARM.attributes
                0x00000716       0x31 lib/STM32F10x_StdPeriph_Driver/libstm32fw.a(stm32f10x_rcc.o)
 .ARM.attributes
                0x00000747       0x31 lib/STM32F10x_StdPeriph_Driver/libstm32fw.a(stm32f10x_rtc.o)
 .ARM.attributes
                0x00000778       0x31 lib/STM32F10x_StdPeriph_Driver/libstm32fw.a(stm32f10x_spi.o)
 .ARM.attributes
                0x000007a9       0x31 lib/STM32F10x_StdPeriph_Driver/libstm32fw.a(stm32f10x_usart.o)
 .ARM.attributes
                0x000007da       0x31 lib/STM32_USB-FS-Device_Driver/libstm32usb.a(usb_core.o)
 .ARM.attributes
                0x0000080b       0x31 lib/STM32_USB-FS-Device_Driver/libstm32usb.a(usb_init.o)
 .ARM.attributes
                0x0000083c       0x31 lib/STM32_USB-FS-Device_Driver/libstm32usb.a(usb_int.o)
 .ARM.attributes
                0x0000086d       0x31 lib/STM32_USB-FS-Device_Driver/libstm32usb.a(usb_mem.o)
 .ARM.attributes
                0x0000089e       0x31 lib/STM32_USB-FS-Device_Driver/libstm32usb.a(usb_regs.o)
 .ARM.attributes
                0x000008cf       0x31 lib/STM32_USB-FS-Device_Driver/libstm32usb.a(usb_sil.o)
 .ARM.attributes
                0x00000900       0x1b /home/laurence/CodeSourcery/Sourcery_G++_Lite/bin/../lib/gcc/arm-none-eabi/4.5.2/thumb2/libgcc.a(_arm_addsubdf3.o)
 .ARM.attributes
                0x0000091b       0x1b /home/laurence/CodeSourcery/Sourcery_G++_Lite/bin/../lib/gcc/arm-none-eabi/4.5.2/thumb2/libgcc.a(_arm_muldivdf3.o)
 .ARM.attributes
                0x00000936       0x1b /home/laurence/CodeSourcery/Sourcery_G++_Lite/bin/../lib/gcc/arm-none-eabi/4.5.2/thumb2/libgcc.a(_arm_truncdfsf2.o)
 .ARM.attributes
                0x00000951       0x1b /home/laurence/CodeSourcery/Sourcery_G++_Lite/bin/../lib/gcc/arm-none-eabi/4.5.2/thumb2/libgcc.a(_arm_addsubsf3.o)
 .ARM.attributes
                0x0000096c       0x1b /home/laurence/CodeSourcery/Sourcery_G++_Lite/bin/../lib/gcc/arm-none-eabi/4.5.2/thumb2/libgcc.a(_arm_muldivsf3.o)
 .ARM.attributes
                0x00000987       0x1b /home/laurence/CodeSourcery/Sourcery_G++_Lite/bin/../lib/gcc/arm-none-eabi/4.5.2/thumb2/libgcc.a(_arm_cmpsf2.o)
 .ARM.attributes
                0x000009a2       0x1b /home/laurence/CodeSourcery/Sourcery_G++_Lite/bin/../lib/gcc/arm-none-eabi/4.5.2/thumb2/libgcc.a(_arm_fixunssfsi.o)
 .ARM.attributes
                0x000009bd       0x29 /home/laurence/CodeSourcery/Sourcery_G++_Lite/bin/../lib/gcc/arm-none-eabi/4.5.2/../../../../arm-none-eabi/lib/thumb2/libc.a(lib_a-malloc.o)
 .ARM.attributes
                0x000009e6       0x29 /home/laurence/CodeSourcery/Sourcery_G++_Lite/bin/../lib/gcc/arm-none-eabi/4.5.2/../../../../arm-none-eabi/lib/thumb2/libc.a(lib_a-mallocr.o)
 .ARM.attributes
                0x00000a0f       0x29 /home/laurence/CodeSourcery/Sourcery_G++_Lite/bin/../lib/gcc/arm-none-eabi/4.5.2/../../../../arm-none-eabi/lib/thumb2/libc.a(lib_a-mlock.o)
 .ARM.attributes
                0x00000a38       0x29 /home/laurence/CodeSourcery/Sourcery_G++_Lite/bin/../lib/gcc/arm-none-eabi/4.5.2/../../../../arm-none-eabi/lib/thumb2/libc.a(lib_a-sbrkr.o)
 .ARM.attributes
                0x00000a61       0x29 /home/laurence/CodeSourcery/Sourcery_G++_Lite/bin/../lib/gcc/arm-none-eabi/4.5.2/../../../../arm-none-eabi/lib/thumb2/libc.a(lib_a-strlen.o)
 .ARM.attributes
                0x00000a8a       0x29 /home/laurence/CodeSourcery/Sourcery_G++_Lite/bin/../lib/gcc/arm-none-eabi/4.5.2/../../../../arm-none-eabi/lib/thumb2/libc.a(lib_a-freer.o)
 .ARM.attributes
                0x00000ab3       0x29 /home/laurence/CodeSourcery/Sourcery_G++_Lite/bin/../lib/gcc/arm-none-eabi/4.5.2/../../../../arm-none-eabi/lib/thumb2/libc.a(lib_a-impure.o)
 .ARM.attributes
                0x00000adc       0x29 /home/laurence/CodeSourcery/Sourcery_G++_Lite/bin/../lib/gcc/arm-none-eabi/4.5.2/../../../../arm-none-eabi/lib/thumb2/libc.a(lib_a-reent.o)
 .ARM.attributes
                0x00000b05       0x29 /home/laurence/CodeSourcery/Sourcery_G++_Lite/bin/../lib/gcc/arm-none-eabi/4.5.2/thumb2/crtend.o
 .ARM.attributes
                0x00000b2e       0x19 /home/laurence/CodeSourcery/Sourcery_G++_Lite/bin/../lib/gcc/arm-none-eabi/4.5.2/thumb2/crtn.o
 .ARM.attributes
                0x00000b47       0x29 /home/laurence/CodeSourcery/Sourcery_G++_Lite/bin/../lib/gcc/arm-none-eabi/4.5.2/../../../../arm-none-eabi/lib/thumb2/libcs3.a(start_c.o)
 .ARM.attributes
                0x00000b70       0x29 /home/laurence/CodeSourcery/Sourcery_G++_Lite/bin/../lib/gcc/arm-none-eabi/4.5.2/../../../../arm-none-eabi/lib/thumb2/libcs3unhosted.a(unhosted-sbrk.o)
 .ARM.attributes
                0x00000b99       0x19 /home/laurence/CodeSourcery/Sourcery_G++_Lite/bin/../lib/gcc/arm-none-eabi/4.5.2/../../../../arm-none-eabi/lib/thumb2/libcs3unhosted.a(unhosted-start.o)
 .ARM.attributes
                0x00000bb2       0x1f lib/libcs3-lanchon-stm32.a(lanchon-stm32-vector.o)
 .ARM.attributes
                0x00000bd1       0x21 lib/libcs3-lanchon-stm32.a(lanchon_stm32_isr_interrupt.o)
 .ARM.attributes
                0x00000bf2       0x29 /home/laurence/CodeSourcery/Sourcery_G++_Lite/bin/../lib/gcc/arm-none-eabi/4.5.2/../../../../arm-none-eabi/lib/thumb2/libc.a(lib_a-errno.o)
 .ARM.attributes
                0x00000c1b       0x29 /home/laurence/CodeSourcery/Sourcery_G++_Lite/bin/../lib/gcc/arm-none-eabi/4.5.2/../../../../arm-none-eabi/lib/thumb2/libc.a(lib_a-init.o)
 .ARM.attributes
                0x00000c44       0x29 /home/laurence/CodeSourcery/Sourcery_G++_Lite/bin/../lib/gcc/arm-none-eabi/4.5.2/../../../../arm-none-eabi/lib/thumb2/libcs3.a(heap.o)

/DISCARD/
 *(.note.GNU-stack)
OUTPUT(main.elf elf32-littlearm)

Cross Reference Table

Symbol                                            File
ADC1_2_IRQHandler                                 lib/CMSIS_CM3/startup/gcc/startup_stm32f10x_md.o
ADC1_Convertion_buff                              adc.o
                                                  interrupts.o
ADC_AnalogWatchdogCmd                             lib/STM32F10x_StdPeriph_Driver/libstm32fw.a(stm32f10x_adc.o)
ADC_AnalogWatchdogSingleChannelConfig             lib/STM32F10x_StdPeriph_Driver/libstm32fw.a(stm32f10x_adc.o)
ADC_AnalogWatchdogThresholdsConfig                lib/STM32F10x_StdPeriph_Driver/libstm32fw.a(stm32f10x_adc.o)
ADC_AutoInjectedConvCmd                           lib/STM32F10x_StdPeriph_Driver/libstm32fw.a(stm32f10x_adc.o)
ADC_ClearFlag                                     lib/STM32F10x_StdPeriph_Driver/libstm32fw.a(stm32f10x_adc.o)
ADC_ClearITPendingBit                             lib/STM32F10x_StdPeriph_Driver/libstm32fw.a(stm32f10x_adc.o)
ADC_Cmd                                           lib/STM32F10x_StdPeriph_Driver/libstm32fw.a(stm32f10x_adc.o)
                                                  adc.o
ADC_Configuration                                 adc.o
                                                  main.o
ADC_DMACmd                                        lib/STM32F10x_StdPeriph_Driver/libstm32fw.a(stm32f10x_adc.o)
                                                  adc.o
ADC_DeInit                                        lib/STM32F10x_StdPeriph_Driver/libstm32fw.a(stm32f10x_adc.o)
                                                  adc.o
ADC_DiscModeChannelCountConfig                    lib/STM32F10x_StdPeriph_Driver/libstm32fw.a(stm32f10x_adc.o)
ADC_DiscModeCmd                                   lib/STM32F10x_StdPeriph_Driver/libstm32fw.a(stm32f10x_adc.o)
ADC_ExternalTrigConvCmd                           lib/STM32F10x_StdPeriph_Driver/libstm32fw.a(stm32f10x_adc.o)
ADC_ExternalTrigInjectedConvCmd                   lib/STM32F10x_StdPeriph_Driver/libstm32fw.a(stm32f10x_adc.o)
ADC_ExternalTrigInjectedConvConfig                lib/STM32F10x_StdPeriph_Driver/libstm32fw.a(stm32f10x_adc.o)
ADC_GetCalibrationStatus                          lib/STM32F10x_StdPeriph_Driver/libstm32fw.a(stm32f10x_adc.o)
                                                  adc.o
ADC_GetConversionValue                            lib/STM32F10x_StdPeriph_Driver/libstm32fw.a(stm32f10x_adc.o)
                                                  adc.o
ADC_GetDualModeConversionValue                    lib/STM32F10x_StdPeriph_Driver/libstm32fw.a(stm32f10x_adc.o)
ADC_GetFlagStatus                                 lib/STM32F10x_StdPeriph_Driver/libstm32fw.a(stm32f10x_adc.o)
                                                  adc.o
ADC_GetITStatus                                   lib/STM32F10x_StdPeriph_Driver/libstm32fw.a(stm32f10x_adc.o)
ADC_GetInjectedConversionValue                    lib/STM32F10x_StdPeriph_Driver/libstm32fw.a(stm32f10x_adc.o)
ADC_GetResetCalibrationStatus                     lib/STM32F10x_StdPeriph_Driver/libstm32fw.a(stm32f10x_adc.o)
                                                  adc.o
ADC_GetSoftwareStartConvStatus                    lib/STM32F10x_StdPeriph_Driver/libstm32fw.a(stm32f10x_adc.o)
ADC_GetSoftwareStartInjectedConvCmdStatus         lib/STM32F10x_StdPeriph_Driver/libstm32fw.a(stm32f10x_adc.o)
ADC_IRQHandler                                    lib/libcs3-lanchon-stm32.a(lanchon_stm32_isr_interrupt.o)
                                                  lib/libcs3-lanchon-stm32.a(lanchon-stm32-vector.o)
ADC_ITConfig                                      lib/STM32F10x_StdPeriph_Driver/libstm32fw.a(stm32f10x_adc.o)
ADC_Init                                          lib/STM32F10x_StdPeriph_Driver/libstm32fw.a(stm32f10x_adc.o)
                                                  adc.o
ADC_InjectedChannelConfig                         lib/STM32F10x_StdPeriph_Driver/libstm32fw.a(stm32f10x_adc.o)
ADC_InjectedDiscModeCmd                           lib/STM32F10x_StdPeriph_Driver/libstm32fw.a(stm32f10x_adc.o)
ADC_InjectedSequencerLengthConfig                 lib/STM32F10x_StdPeriph_Driver/libstm32fw.a(stm32f10x_adc.o)
ADC_RegularChannelConfig                          lib/STM32F10x_StdPeriph_Driver/libstm32fw.a(stm32f10x_adc.o)
                                                  adc.o
ADC_ResetCalibration                              lib/STM32F10x_StdPeriph_Driver/libstm32fw.a(stm32f10x_adc.o)
                                                  adc.o
ADC_SetInjectedOffset                             lib/STM32F10x_StdPeriph_Driver/libstm32fw.a(stm32f10x_adc.o)
ADC_SoftwareStartConvCmd                          lib/STM32F10x_StdPeriph_Driver/libstm32fw.a(stm32f10x_adc.o)
                                                  adc.o
ADC_SoftwareStartInjectedConvCmd                  lib/STM32F10x_StdPeriph_Driver/libstm32fw.a(stm32f10x_adc.o)
ADC_StartCalibration                              lib/STM32F10x_StdPeriph_Driver/libstm32fw.a(stm32f10x_adc.o)
                                                  adc.o
ADC_StructInit                                    lib/STM32F10x_StdPeriph_Driver/libstm32fw.a(stm32f10x_adc.o)
ADC_TempSensorVrefintCmd                          lib/STM32F10x_StdPeriph_Driver/libstm32fw.a(stm32f10x_adc.o)
BKP_ClearFlag                                     lib/STM32F10x_StdPeriph_Driver/libstm32fw.a(stm32f10x_bkp.o)
BKP_ClearITPendingBit                             lib/STM32F10x_StdPeriph_Driver/libstm32fw.a(stm32f10x_bkp.o)
BKP_DeInit                                        lib/STM32F10x_StdPeriph_Driver/libstm32fw.a(stm32f10x_bkp.o)
                                                  Util/fat_fs/src/rtc.o
BKP_GetFlagStatus                                 lib/STM32F10x_StdPeriph_Driver/libstm32fw.a(stm32f10x_bkp.o)
BKP_GetITStatus                                   lib/STM32F10x_StdPeriph_Driver/libstm32fw.a(stm32f10x_bkp.o)
BKP_ITConfig                                      lib/STM32F10x_StdPeriph_Driver/libstm32fw.a(stm32f10x_bkp.o)
BKP_RTCOutputConfig                               lib/STM32F10x_StdPeriph_Driver/libstm32fw.a(stm32f10x_bkp.o)
BKP_ReadBackupRegister                            lib/STM32F10x_StdPeriph_Driver/libstm32fw.a(stm32f10x_bkp.o)
                                                  Util/fat_fs/src/rtc.o
BKP_SetRTCCalibrationValue                        lib/STM32F10x_StdPeriph_Driver/libstm32fw.a(stm32f10x_bkp.o)
BKP_TamperPinCmd                                  lib/STM32F10x_StdPeriph_Driver/libstm32fw.a(stm32f10x_bkp.o)
BKP_TamperPinLevelConfig                          lib/STM32F10x_StdPeriph_Driver/libstm32fw.a(stm32f10x_bkp.o)
BKP_WriteBackupRegister                           lib/STM32F10x_StdPeriph_Driver/libstm32fw.a(stm32f10x_bkp.o)
                                                  Util/fat_fs/src/rtc.o
Block_Read_count                                  Util/USB/memory.o
Block_offset                                      Util/USB/memory.o
Bot_Abort                                         Util/USB/usb_bot.o
                                                  Util/USB/usb_scsi.o
                                                  Util/USB/usb_prop.o
Bot_State                                         Util/USB/usb_bot.o
                                                  Util/USB/usb_scsi.o
                                                  Util/USB/usb_prop.o
                                                  Util/USB/memory.o
Bulk_Data_Buff                                    Util/USB/usb_bot.o
                                                  Util/USB/memory.o
BusFaultException                                 lib/libcs3-lanchon-stm32.a(lanchon_stm32_isr_interrupt.o)
                                                  lib/libcs3-lanchon-stm32.a(lanchon-stm32-vector.o)
BusFault_Handler                                  lib/CMSIS_CM3/startup/gcc/startup_stm32f10x_md.o
ByteSwap                                          lib/STM32_USB-FS-Device_Driver/libstm32usb.a(usb_regs.o)
                                                  lib/STM32_USB-FS-Device_Driver/libstm32usb.a(usb_core.o)
CAN1_RX1_IRQHandler                               lib/CMSIS_CM3/startup/gcc/startup_stm32f10x_md.o
CAN1_SCE_IRQHandler                               lib/CMSIS_CM3/startup/gcc/startup_stm32f10x_md.o
CAN_RX1_IRQHandler                                lib/libcs3-lanchon-stm32.a(lanchon_stm32_isr_interrupt.o)
                                                  lib/libcs3-lanchon-stm32.a(lanchon-stm32-vector.o)
CAN_SCE_IRQHandler                                lib/libcs3-lanchon-stm32.a(lanchon_stm32_isr_interrupt.o)
                                                  lib/libcs3-lanchon-stm32.a(lanchon-stm32-vector.o)
CBW                                               Util/USB/usb_bot.o
                                                  Util/USB/usb_scsi.o
                                                  Util/USB/usb_prop.o
CBW_Decode                                        Util/USB/usb_bot.o
CSW                                               Util/USB/usb_bot.o
                                                  Util/USB/memory.o
CTR_HP                                            lib/STM32_USB-FS-Device_Driver/libstm32usb.a(usb_int.o)
                                                  interrupts.o
CTR_LP                                            lib/STM32_USB-FS-Device_Driver/libstm32usb.a(usb_int.o)
                                                  Util/USB/usb_istr.o
ClearDTOG_RX                                      lib/STM32_USB-FS-Device_Driver/libstm32usb.a(usb_regs.o)
                                                  lib/STM32_USB-FS-Device_Driver/libstm32usb.a(usb_core.o)
                                                  Util/USB/usb_prop.o
ClearDTOG_TX                                      lib/STM32_USB-FS-Device_Driver/libstm32usb.a(usb_regs.o)
                                                  lib/STM32_USB-FS-Device_Driver/libstm32usb.a(usb_core.o)
                                                  Util/USB/usb_prop.o
ClearEPDoubleBuff                                 lib/STM32_USB-FS-Device_Driver/libstm32usb.a(usb_regs.o)
ClearEP_CTR_RX                                    lib/STM32_USB-FS-Device_Driver/libstm32usb.a(usb_regs.o)
ClearEP_CTR_TX                                    lib/STM32_USB-FS-Device_Driver/libstm32usb.a(usb_regs.o)
ClearEP_KIND                                      lib/STM32_USB-FS-Device_Driver/libstm32usb.a(usb_regs.o)
Clear_Status_Out                                  lib/STM32_USB-FS-Device_Driver/libstm32usb.a(usb_regs.o)
                                                  Util/USB/usb_prop.o
Config_Descriptor                                 Util/USB/usb_prop.o
Counter                                           Util/USB/memory.o
DMA1_Channel1_IRQHandler                          lib/CMSIS_CM3/startup/gcc/startup_stm32f10x_md.o
DMA1_Channel2_IRQHandler                          lib/CMSIS_CM3/startup/gcc/startup_stm32f10x_md.o
DMA1_Channel3_IRQHandler                          lib/CMSIS_CM3/startup/gcc/startup_stm32f10x_md.o
DMA1_Channel4_IRQHandler                          lib/CMSIS_CM3/startup/gcc/startup_stm32f10x_md.o
DMA1_Channel5_IRQHandler                          lib/CMSIS_CM3/startup/gcc/startup_stm32f10x_md.o
DMA1_Channel6_IRQHandler                          lib/CMSIS_CM3/startup/gcc/startup_stm32f10x_md.o
DMA1_Channel7_IRQHandler                          lib/CMSIS_CM3/startup/gcc/startup_stm32f10x_md.o
DMAChannel1_IRQHandler                            interrupts.o
                                                  lib/libcs3-lanchon-stm32.a(lanchon-stm32-vector.o)
DMAChannel2_IRQHandler                            lib/libcs3-lanchon-stm32.a(lanchon_stm32_isr_interrupt.o)
                                                  lib/libcs3-lanchon-stm32.a(lanchon-stm32-vector.o)
DMAChannel3_IRQHandler                            lib/libcs3-lanchon-stm32.a(lanchon_stm32_isr_interrupt.o)
                                                  lib/libcs3-lanchon-stm32.a(lanchon-stm32-vector.o)
DMAChannel4_IRQHandler                            lib/libcs3-lanchon-stm32.a(lanchon_stm32_isr_interrupt.o)
                                                  lib/libcs3-lanchon-stm32.a(lanchon-stm32-vector.o)
DMAChannel5_IRQHandler                            lib/libcs3-lanchon-stm32.a(lanchon_stm32_isr_interrupt.o)
                                                  lib/libcs3-lanchon-stm32.a(lanchon-stm32-vector.o)
DMAChannel6_IRQHandler                            lib/libcs3-lanchon-stm32.a(lanchon_stm32_isr_interrupt.o)
                                                  lib/libcs3-lanchon-stm32.a(lanchon-stm32-vector.o)
DMAChannel7_IRQHandler                            lib/libcs3-lanchon-stm32.a(lanchon_stm32_isr_interrupt.o)
                                                  lib/libcs3-lanchon-stm32.a(lanchon-stm32-vector.o)
DMA_ClearFlag                                     lib/STM32F10x_StdPeriph_Driver/libstm32fw.a(stm32f10x_dma.o)
                                                  adc.o
DMA_ClearITPendingBit                             lib/STM32F10x_StdPeriph_Driver/libstm32fw.a(stm32f10x_dma.o)
DMA_Cmd                                           lib/STM32F10x_StdPeriph_Driver/libstm32fw.a(stm32f10x_dma.o)
                                                  adc.o
                                                  Util/fat_fs/src/sd_spi_stm32.o
DMA_DeInit                                        lib/STM32F10x_StdPeriph_Driver/libstm32fw.a(stm32f10x_dma.o)
                                                  adc.o
                                                  Util/fat_fs/src/sd_spi_stm32.o
DMA_GetCurrDataCounter                            lib/STM32F10x_StdPeriph_Driver/libstm32fw.a(stm32f10x_dma.o)
DMA_GetFlagStatus                                 lib/STM32F10x_StdPeriph_Driver/libstm32fw.a(stm32f10x_dma.o)
                                                  Util/fat_fs/src/sd_spi_stm32.o
DMA_GetITStatus                                   lib/STM32F10x_StdPeriph_Driver/libstm32fw.a(stm32f10x_dma.o)
                                                  interrupts.o
DMA_ISR_Config                                    interrupts.o
DMA_ITConfig                                      lib/STM32F10x_StdPeriph_Driver/libstm32fw.a(stm32f10x_dma.o)
                                                  adc.o
DMA_Init                                          lib/STM32F10x_StdPeriph_Driver/libstm32fw.a(stm32f10x_dma.o)
                                                  adc.o
                                                  Util/fat_fs/src/sd_spi_stm32.o
DMA_StructInit                                    lib/STM32F10x_StdPeriph_Driver/libstm32fw.a(stm32f10x_dma.o)
Data_Buffer                                       Util/USB/mass_mal.o
                                                  Util/USB/memory.o
Data_Len                                          Util/USB/usb_bot.o
                                                  Util/USB/memory.o
Data_Mul_MaxPacketSize                            lib/STM32_USB-FS-Device_Driver/libstm32usb.a(usb_core.o)
DebugMon_Handler                                  lib/CMSIS_CM3/startup/gcc/startup_stm32f10x_md.o
DebugMonitor                                      lib/libcs3-lanchon-stm32.a(lanchon_stm32_isr_interrupt.o)
                                                  lib/libcs3-lanchon-stm32.a(lanchon-stm32-vector.o)
Default_Handler                                   lib/CMSIS_CM3/startup/gcc/startup_stm32f10x_md.o
Default_Usart_Config                              usart.o
Device_Descriptor                                 Util/USB/usb_prop.o
Device_Info                                       lib/STM32_USB-FS-Device_Driver/libstm32usb.a(usb_init.o)
                                                  Util/USB/usb_prop.o
                                                  Util/USB/hw_config.o
Device_Property                                   Util/USB/usb_prop.o
                                                  lib/STM32_USB-FS-Device_Driver/libstm32usb.a(usb_init.o)
                                                  lib/STM32_USB-FS-Device_Driver/libstm32usb.a(usb_core.o)
                                                  Util/USB/usb_istr.o
Device_Table                                      Util/USB/usb_prop.o
                                                  lib/STM32_USB-FS-Device_Driver/libstm32usb.a(usb_core.o)
EP1_IN_Callback                                   Util/USB/usb_endp.o
                                                  Util/USB/usb_istr.o
EP2_OUT_Callback                                  Util/USB/usb_endp.o
                                                  Util/USB/usb_istr.o
EPindex                                           lib/STM32_USB-FS-Device_Driver/libstm32usb.a(usb_int.o)
                                                  lib/STM32_USB-FS-Device_Driver/libstm32usb.a(usb_init.o)
EXTI0_IRQHandler                                  interrupts.o
                                                  lib/libcs3-lanchon-stm32.a(lanchon-stm32-vector.o)
EXTI15_10_IRQHandler                              lib/CMSIS_CM3/startup/gcc/startup_stm32f10x_md.o
                                                  lib/libcs3-lanchon-stm32.a(lanchon-stm32-vector.o)
EXTI1_IRQHandler                                  lib/CMSIS_CM3/startup/gcc/startup_stm32f10x_md.o
                                                  lib/libcs3-lanchon-stm32.a(lanchon-stm32-vector.o)
EXTI2_IRQHandler                                  lib/CMSIS_CM3/startup/gcc/startup_stm32f10x_md.o
                                                  lib/libcs3-lanchon-stm32.a(lanchon-stm32-vector.o)
EXTI3_IRQHandler                                  lib/CMSIS_CM3/startup/gcc/startup_stm32f10x_md.o
                                                  lib/libcs3-lanchon-stm32.a(lanchon-stm32-vector.o)
EXTI4_IRQHandler                                  lib/CMSIS_CM3/startup/gcc/startup_stm32f10x_md.o
                                                  lib/libcs3-lanchon-stm32.a(lanchon-stm32-vector.o)
EXTI9_5_IRQHandler                                lib/CMSIS_CM3/startup/gcc/startup_stm32f10x_md.o
                                                  lib/libcs3-lanchon-stm32.a(lanchon-stm32-vector.o)
EXTI_ClearFlag                                    lib/STM32F10x_StdPeriph_Driver/libstm32fw.a(stm32f10x_exti.o)
EXTI_ClearITPendingBit                            lib/STM32F10x_StdPeriph_Driver/libstm32fw.a(stm32f10x_exti.o)
                                                  interrupts.o
EXTI_DeInit                                       lib/STM32F10x_StdPeriph_Driver/libstm32fw.a(stm32f10x_exti.o)
                                                  interrupts.o
EXTI_GenerateSWInterrupt                          lib/STM32F10x_StdPeriph_Driver/libstm32fw.a(stm32f10x_exti.o)
EXTI_GetFlagStatus                                lib/STM32F10x_StdPeriph_Driver/libstm32fw.a(stm32f10x_exti.o)
EXTI_GetITStatus                                  lib/STM32F10x_StdPeriph_Driver/libstm32fw.a(stm32f10x_exti.o)
                                                  interrupts.o
EXTI_Init                                         lib/STM32F10x_StdPeriph_Driver/libstm32fw.a(stm32f10x_exti.o)
                                                  interrupts.o
EXTI_ONOFF_EN                                     interrupts.o
                                                  main.o
EXTI_StructInit                                   lib/STM32F10x_StdPeriph_Driver/libstm32fw.a(stm32f10x_exti.o)
Enter_LowPowerMode                                Util/USB/hw_config.o
                                                  Util/USB/usb_pwr.o
FATFS_info                                        main.o
FATFS_logfile                                     main.o
                                                  interrupts.o
FLASH_IRQHandler                                  lib/CMSIS_CM3/startup/gcc/startup_stm32f10x_md.o
                                                  lib/libcs3-lanchon-stm32.a(lanchon-stm32-vector.o)
FreeUserBuffer                                    lib/STM32_USB-FS-Device_Driver/libstm32usb.a(usb_regs.o)
GPIO_AFIODeInit                                   lib/STM32F10x_StdPeriph_Driver/libstm32fw.a(stm32f10x_gpio.o)
GPIO_DeInit                                       lib/STM32F10x_StdPeriph_Driver/libstm32fw.a(stm32f10x_gpio.o)
GPIO_ETH_MediaInterfaceConfig                     lib/STM32F10x_StdPeriph_Driver/libstm32fw.a(stm32f10x_gpio.o)
GPIO_EXTILineConfig                               lib/STM32F10x_StdPeriph_Driver/libstm32fw.a(stm32f10x_gpio.o)
                                                  interrupts.o
GPIO_EventOutputCmd                               lib/STM32F10x_StdPeriph_Driver/libstm32fw.a(stm32f10x_gpio.o)
GPIO_EventOutputConfig                            lib/STM32F10x_StdPeriph_Driver/libstm32fw.a(stm32f10x_gpio.o)
GPIO_Init                                         lib/STM32F10x_StdPeriph_Driver/libstm32fw.a(stm32f10x_gpio.o)
                                                  usart.o
                                                  gpio.o
                                                  Util/stm32_eval_spi_sd.o
                                                  Util/fat_fs/src/sd_spi_stm32.o
GPIO_PinLockConfig                                lib/STM32F10x_StdPeriph_Driver/libstm32fw.a(stm32f10x_gpio.o)
GPIO_PinRemapConfig                               lib/STM32F10x_StdPeriph_Driver/libstm32fw.a(stm32f10x_gpio.o)
GPIO_ReadInputData                                lib/STM32F10x_StdPeriph_Driver/libstm32fw.a(stm32f10x_gpio.o)
GPIO_ReadInputDataBit                             lib/STM32F10x_StdPeriph_Driver/libstm32fw.a(stm32f10x_gpio.o)
                                                  interrupts.o
                                                  gpio.o
GPIO_ReadOutputData                               lib/STM32F10x_StdPeriph_Driver/libstm32fw.a(stm32f10x_gpio.o)
GPIO_ReadOutputDataBit                            lib/STM32F10x_StdPeriph_Driver/libstm32fw.a(stm32f10x_gpio.o)
GPIO_ResetBits                                    lib/STM32F10x_StdPeriph_Driver/libstm32fw.a(stm32f10x_gpio.o)
                                                  Util/stm32_eval_spi_sd.o
                                                  Util/fat_fs/src/sd_spi_stm32.o
GPIO_SetBits                                      lib/STM32F10x_StdPeriph_Driver/libstm32fw.a(stm32f10x_gpio.o)
                                                  Util/stm32_eval_spi_sd.o
                                                  Util/fat_fs/src/sd_spi_stm32.o
GPIO_StructInit                                   lib/STM32F10x_StdPeriph_Driver/libstm32fw.a(stm32f10x_gpio.o)
GPIO_Write                                        lib/STM32F10x_StdPeriph_Driver/libstm32fw.a(stm32f10x_gpio.o)
GPIO_WriteBit                                     lib/STM32F10x_StdPeriph_Driver/libstm32fw.a(stm32f10x_gpio.o)
                                                  main.o
                                                  gpio.o
                                                  Util/USB/usb_pwr.o
                                                  Util/USB/mass_mal.o
                                                  Util/USB/hw_config.o
GetBTABLE                                         lib/STM32_USB-FS-Device_Driver/libstm32usb.a(usb_regs.o)
GetCNTR                                           lib/STM32_USB-FS-Device_Driver/libstm32usb.a(usb_regs.o)
GetDADDR                                          lib/STM32_USB-FS-Device_Driver/libstm32usb.a(usb_regs.o)
GetENDPOINT                                       lib/STM32_USB-FS-Device_Driver/libstm32usb.a(usb_regs.o)
GetEPAddress                                      lib/STM32_USB-FS-Device_Driver/libstm32usb.a(usb_regs.o)