Archive member included because of file (symbol)

lib/STM32F10x_StdPeriph_Driver/libstm32fw.a(misc.o)
                              Util/USB/hw_config.o (NVIC_PriorityGroupConfig)
lib/STM32F10x_StdPeriph_Driver/libstm32fw.a(stm32f10x_adc.o)
                              adc.o (ADC_DeInit)
lib/STM32F10x_StdPeriph_Driver/libstm32fw.a(stm32f10x_bkp.o)
                              Util/fat_fs/src/rtc.o (BKP_DeInit)
lib/STM32F10x_StdPeriph_Driver/libstm32fw.a(stm32f10x_dma.o)
                              Util/fat_fs/src/sd_spi_stm32.o (DMA_DeInit)
lib/STM32F10x_StdPeriph_Driver/libstm32fw.a(stm32f10x_exti.o)
                              interrupts.o (EXTI_DeInit)
lib/STM32F10x_StdPeriph_Driver/libstm32fw.a(stm32f10x_gpio.o)
                              Util/fat_fs/src/sd_spi_stm32.o (GPIO_Init)
lib/STM32F10x_StdPeriph_Driver/libstm32fw.a(stm32f10x_pwr.o)
                              pwr.o (PWR_DeInit)
lib/STM32F10x_StdPeriph_Driver/libstm32fw.a(stm32f10x_rcc.o)
                              interrupts.o (RCC_HCLKConfig)
lib/STM32F10x_StdPeriph_Driver/libstm32fw.a(stm32f10x_rtc.o)
                              Util/fat_fs/src/rtc.o (RTC_GetCounter)
lib/STM32F10x_StdPeriph_Driver/libstm32fw.a(stm32f10x_spi.o)
                              Util/fat_fs/src/sd_spi_stm32.o (SPI_I2S_DeInit)
lib/STM32F10x_StdPeriph_Driver/libstm32fw.a(stm32f10x_usart.o)
                              usart.o (USART_Init)
lib/STM32_USB-FS-Device_Driver/libstm32usb.a(usb_core.o)
                              Util/USB/usb_prop.o (Standard_GetDescriptorData)
lib/STM32_USB-FS-Device_Driver/libstm32usb.a(usb_init.o)
                              main.o (USB_Init)
lib/STM32_USB-FS-Device_Driver/libstm32usb.a(usb_int.o)
                              Util/USB/usb_istr.o (CTR_LP)
lib/STM32_USB-FS-Device_Driver/libstm32usb.a(usb_mem.o)
                              lib/STM32_USB-FS-Device_Driver/libstm32usb.a(usb_core.o) (UserToPMABufferCopy)
lib/STM32_USB-FS-Device_Driver/libstm32usb.a(usb_regs.o)
                              Util/USB/usb_prop.o (SetBTABLE)
lib/STM32_USB-FS-Device_Driver/libstm32usb.a(usb_sil.o)
                              Util/USB/usb_prop.o (USB_SIL_Init)
/home/laurence/CodeSourcery/Sourcery_G++_Lite/bin/../lib/gcc/arm-none-eabi/4.5.2/thumb2/libgcc.a(_arm_addsubdf3.o)
                              Sensors/pressure.o (__aeabi_dsub)
/home/laurence/CodeSourcery/Sourcery_G++_Lite/bin/../lib/gcc/arm-none-eabi/4.5.2/thumb2/libgcc.a(_arm_muldivdf3.o)
                              Sensors/pressure.o (__aeabi_dmul)
/home/laurence/CodeSourcery/Sourcery_G++_Lite/bin/../lib/gcc/arm-none-eabi/4.5.2/thumb2/libgcc.a(_arm_truncdfsf2.o)
                              Sensors/pressure.o (__aeabi_d2f)
/home/laurence/CodeSourcery/Sourcery_G++_Lite/bin/../lib/gcc/arm-none-eabi/4.5.2/thumb2/libgcc.a(_arm_addsubsf3.o)
                              Util/rprintf.o (__aeabi_fsub)
/home/laurence/CodeSourcery/Sourcery_G++_Lite/bin/../lib/gcc/arm-none-eabi/4.5.2/thumb2/libgcc.a(_arm_muldivsf3.o)
                              Util/rprintf.o (__aeabi_fmul)
/home/laurence/CodeSourcery/Sourcery_G++_Lite/bin/../lib/gcc/arm-none-eabi/4.5.2/thumb2/libgcc.a(_arm_cmpsf2.o)
                              Util/rprintf.o (__aeabi_fcmpeq)
/home/laurence/CodeSourcery/Sourcery_G++_Lite/bin/../lib/gcc/arm-none-eabi/4.5.2/thumb2/libgcc.a(_arm_fixunssfsi.o)
                              Util/rprintf.o (__aeabi_f2uiz)
/home/laurence/CodeSourcery/Sourcery_G++_Lite/bin/../lib/gcc/arm-none-eabi/4.5.2/../../../../arm-none-eabi/lib/thumb2/libc.a(lib_a-malloc.o)
                              Util/USB/mass_mal.o (malloc)
/home/laurence/CodeSourcery/Sourcery_G++_Lite/bin/../lib/gcc/arm-none-eabi/4.5.2/../../../../arm-none-eabi/lib/thumb2/libc.a(lib_a-mallocr.o)
                              /home/laurence/CodeSourcery/Sourcery_G++_Lite/bin/../lib/gcc/arm-none-eabi/4.5.2/../../../../arm-none-eabi/lib/thumb2/libc.a(lib_a-malloc.o) (_malloc_r)
/home/laurence/CodeSourcery/Sourcery_G++_Lite/bin/../lib/gcc/arm-none-eabi/4.5.2/../../../../arm-none-eabi/lib/thumb2/libc.a(lib_a-mlock.o)
                              /home/laurence/CodeSourcery/Sourcery_G++_Lite/bin/../lib/gcc/arm-none-eabi/4.5.2/../../../../arm-none-eabi/lib/thumb2/libc.a(lib_a-mallocr.o) (__malloc_lock)
/home/laurence/CodeSourcery/Sourcery_G++_Lite/bin/../lib/gcc/arm-none-eabi/4.5.2/../../../../arm-none-eabi/lib/thumb2/libc.a(lib_a-sbrkr.o)
                              /home/laurence/CodeSourcery/Sourcery_G++_Lite/bin/../lib/gcc/arm-none-eabi/4.5.2/../../../../arm-none-eabi/lib/thumb2/libc.a(lib_a-mallocr.o) (_sbrk_r)
/home/laurence/CodeSourcery/Sourcery_G++_Lite/bin/../lib/gcc/arm-none-eabi/4.5.2/../../../../arm-none-eabi/lib/thumb2/libc.a(lib_a-freer.o)
                              /home/laurence/CodeSourcery/Sourcery_G++_Lite/bin/../lib/gcc/arm-none-eabi/4.5.2/../../../../arm-none-eabi/lib/thumb2/libc.a(lib_a-malloc.o) (_free_r)
[...]
Memory Configuration

Name             Origin             Length             Attributes
ram              0x20000000         0x00005000         xrw
rom              0x08000000         0x00020000         xr
*default*        0x00000000         0xffffffff

Linker script and memory map

LOAD /home/laurence/CodeSourcery/Sourcery_G++_Lite/bin/../lib/gcc/arm-none-eabi/4.5.2/thumb2/crti.o
LOAD /home/laurence/CodeSourcery/Sourcery_G++_Lite/bin/../lib/gcc/arm-none-eabi/4.5.2/thumb2/crtbegin.o
LOAD Sensors/pressure.o
LOAD Util/USB/hw_config.o
LOAD Util/USB/mass_mal.o
LOAD Util/USB/memory.o
LOAD Util/USB/scsi_data.o
LOAD Util/USB/usb_bot.o
LOAD Util/USB/usb_desc.o
LOAD Util/USB/usb_endp.o
LOAD Util/USB/usb_istr.o
LOAD Util/USB/usb_prop.o
LOAD Util/USB/usb_pwr.o
LOAD Util/USB/usb_scsi.o
LOAD Util/fat_fs/src/fattime.o
LOAD Util/fat_fs/src/ff.o
LOAD Util/fat_fs/src/rtc.o
LOAD Util/fat_fs/src/sd_spi_stm32.o
LOAD Util/rprintf.o
LOAD Util/stm32_eval_spi_sd.o
LOAD adc.o
LOAD gpio.o
LOAD interrupts.o
LOAD lib/CMSIS_CM3/core_cm3.o
LOAD lib/CMSIS_CM3/startup/gcc/startup_stm32f10x_md.o
LOAD lib/CMSIS_CM3/system_stm32f10x.o
LOAD main.o
LOAD pwr.o
LOAD usart.o
LOAD lib/STM32F10x_StdPeriph_Driver/libstm32fw.a
LOAD lib/STM32_USB-FS-Device_Driver/libstm32usb.a
LOAD /home/laurence/CodeSourcery/Sourcery_G++_Lite/bin/../lib/gcc/arm-none-eabi/4.5.2/../../../../arm-none-eabi/lib/thumb2/libm.a
START GROUP
LOAD /home/laurence/CodeSourcery/Sourcery_G++_Lite/bin/../lib/gcc/arm-none-eabi/4.5.2/thumb2/libgcc.a
LOAD /home/laurence/CodeSourcery/Sourcery_G++_Lite/bin/../lib/gcc/arm-none-eabi/4.5.2/../../../../arm-none-eabi/lib/thumb2/libc.a
END GROUP
LOAD /home/laurence/CodeSourcery/Sourcery_G++_Lite/bin/../lib/gcc/arm-none-eabi/4.5.2/thumb2/crtend.o
LOAD /home/laurence/CodeSourcery/Sourcery_G++_Lite/bin/../lib/gcc/arm-none-eabi/4.5.2/thumb2/crtn.o
START GROUP
LOAD /home/laurence/CodeSourcery/Sourcery_G++_Lite/bin/../lib/gcc/arm-none-eabi/4.5.2/thumb2/libgcc.a
LOAD /home/laurence/CodeSourcery/Sourcery_G++_Lite/bin/../lib/gcc/arm-none-eabi/4.5.2/../../../../arm-none-eabi/lib/thumb2/libc.a
LOAD /home/laurence/CodeSourcery/Sourcery_G++_Lite/bin/../lib/gcc/arm-none-eabi/4.5.2/../../../../arm-none-eabi/lib/thumb2/libcs3.a
LOAD /home/laurence/CodeSourcery/Sourcery_G++_Lite/bin/../lib/gcc/arm-none-eabi/4.5.2/../../../../arm-none-eabi/lib/thumb2/libcs3unhosted.a
LOAD lib/libcs3-lanchon-stm32.a
END GROUP
                0x20005000                PROVIDE (__cs3_stack, (__cs3_region_start_ram + __cs3_region_size_ram))
                0x20000878                PROVIDE (__cs3_heap_start, _end)
                0x20005000                PROVIDE (__cs3_heap_end, (__cs3_region_start_ram + __cs3_region_size_ram))

.text           0x08000000     0x8e2c
 CREATE_OBJECT_SYMBOLS
                0x08000000                __cs3_region_start_rom = .
 *(.cs3.region-head.rom)
                0x08000000                __cs3_interrupt_vector = __cs3_interrupt_vector_lanchon_stm32
 *(.cs3.interrupt_vector)
 .cs3.interrupt_vector
                0x08000000       0xec lib/libcs3-lanchon-stm32.a(lanchon-stm32-vector.o)
                0x08000000                __cs3_interrupt_vector_lanchon_stm32
                0x08000001                ASSERT ((. != __cs3_interrupt_vector_lanchon_stm32), No interrupt vector)
 *(.rom)
 *(.rom.b)
                0x08008cac                PROVIDE (__cs3_reset_lanchon_stm32, _start)
                0x08008cac                __cs3_reset = __cs3_reset_lanchon_stm32
 *(.cs3.reset)
 *(.text .text.* .gnu.linkonce.t.*)
 .text          0x080000ec       0x30 /home/laurence/CodeSourcery/Sourcery_G++_Lite/bin/../lib/gcc/arm-none-eabi/4.5.2/thumb2/crtbegin.o
 *fill*         0x0800011c        0x4 00
 .text          0x08000120      0x130 Sensors/pressure.o
                0x08000120                calibrate_sensor
                0x08000208                conv_adc_diff
 .text          0x08000250      0x2a0 Util/USB/hw_config.o
                0x08000250                Set_System
                0x08000258                Set_USBClock
                0x08000270                Enter_LowPowerMode
                0x0800027c                Leave_LowPowerMode
                0x0800029c                USB_Interrupts_Config
                0x080002e0                Led_RW_ON
                0x080002f0                Led_RW_OFF
                0x08000300                USB_Configured_LED
                0x08000310                USB_NotConfigured_LED
                0x08000320                USB_Cable_Config
                0x08000324                Get_SerialNum
                0x080004e8                MAL_Config
 .text          0x080004f0       0xd8 Util/USB/mass_mal.o
                0x080004f0                MAL_Init
                0x08000538                MAL_Write
                0x0800055c                MAL_Read
                0x08000580                MAL_GetStatus
 .text          0x080005c8      0x1cc Util/USB/memory.o
                0x080005c8                Read_Memory
                0x080006a4                Write_Memory
 .text          0x08000794      0x654 Util/USB/usb_bot.o
                0x08000794                Mass_Storage_In
                0x0800080c                CBW_Decode
                0x08000cc8                Mass_Storage_Out
                0x08000d3c                Transfer_Data_Request
                0x08000d6c                Set_CSW
                0x08000da8                Bot_Abort
 .text          0x08000de8        0x8 Util/USB/usb_endp.o
                0x08000de8                EP1_IN_Callback
                0x08000dec                EP2_OUT_Callback
 .text          0x08000df0       0xec Util/USB/usb_istr.o
                0x08000df0                USB_Istr
 .text          0x08000edc      0x268 Util/USB/usb_prop.o
                0x08000edc                Mass_Storage_SetDeviceAddress
                0x08000ee8                MASS_Status_In
                0x08000eec                MASS_Status_Out
                0x08000ef0                MASS_Get_Interface_Setting
                0x08000f00                Get_Max_Lun
                0x08000f18                MASS_Data_Setup
                0x08000f5c                MASS_GetStringDescriptor
                0x08000f7c                MASS_GetConfigDescriptor
                0x08000f88                MASS_GetDeviceDescriptor
                0x08000f94                MASS_NoData_Setup
                0x08000fe4                Mass_Storage_SetConfiguration
                0x08001014                Mass_Storage_ClearFeature
                0x08001030                MASS_Reset
                0x08001120                MASS_init
 .text          0x08001144      0x1c4 Util/USB/usb_pwr.o
                0x08001144                PowerOn
                0x08001174                PowerOff
                0x08001198                Suspend
                0x080011dc                Resume_Init
                0x0800121c                Resume
 .text          0x08001308      0x460 Util/USB/usb_scsi.o
                0x08001308                SCSI_Inquiry_Cmd
                0x08001340                SCSI_ReadFormatCapacity_Cmd
                0x080013b4                SCSI_ReadCapacity10_Cmd
                0x08001430                SCSI_ModeSense6_Cmd
                0x0800143c                SCSI_ModeSense10_Cmd
                0x08001448                SCSI_RequestSense_Cmd
                0x08001460                Set_Scsi_Sense_Data
                0x0800146c                SCSI_Start_Stop_Unit_Cmd
                0x08001474                SCSI_Read10_Cmd
                0x08001524                SCSI_Write10_Cmd
                0x080015d0                SCSI_Verify10_Cmd
                0x08001610                SCSI_Valid_Cmd
                0x08001648                SCSI_TestUnitReady_Cmd
                0x0800167c                SCSI_Format_Cmd
                0x080016a8                SCSI_Invalid_Cmd
                0x080016e4                SCSI_Address_Management
 .text          0x08001768      0xfa8 Util/fat_fs/src/sd_spi_stm32.o
                0x08001ba0                disk_initialize
                0x08001d4c                disk_status
                0x08001d5c                disk_read
                0x08001ed8                disk_write
                0x08002078                disk_ioctl
                0x080026d4                disk_timerproc
 .text          0x08002710     0x1dcc Util/rprintf.o
                0x08002710                rprintfInit
                0x0800271c                rprintfChar
                0x08002744                rprintfStr
                0x0800277c                rprintfStrLen
                0x0800298c                rprintfCRLF
                0x080029a4                rprintfu04
                0x080029d0                rprintfu08
                0x08002a18                rprintfu16
                0x08002ab4                rprintfu32
                0x08002c00                rprintfNum
                0x080030a8                rprintfFloat
                0x08003314                rprintf2RamRom
                0x08004484                Isdigit
                0x08004494                atoiRamRom
                0x080044cc                rStrLen
 .text          0x080044dc       0xa0 adc.o
                0x080044dc                ADC_Configuration
                0x0800454c                readADC1
 .text          0x0800457c      0x16c gpio.o
                0x0800457c                setup_gpio
                0x0800468c                switch_leds_on
                0x080046b4                switch_leds_off
                0x080046dc                get_wkup
 .text          0x080046e8      0x12c interrupts.o
                0x080046e8                EXTI_Config
                0x08004774                SysTick_Configuration
                0x080047a8                EXTI0_IRQHandler
                0x08004808                SysTickHandler
                0x0800480c                USB_HP_CAN_TX_IRQHandler
                0x08004810                USB_LP_CAN_RX0_IRQHandler
 .text.Default_Handler
                0x08004814        0x2 lib/CMSIS_CM3/startup/gcc/startup_stm32f10x_md.o
                0x08004814                EXTI2_IRQHandler
                0x08004814                DebugMon_Handler
                0x08004814                TIM1_CC_IRQHandler
                0x08004814                HardFault_Handler
                0x08004814                SysTick_Handler
                0x08004814                PVD_IRQHandler
                0x08004814                PendSV_Handler
                0x08004814                NMI_Handler
                0x08004814                EXTI3_IRQHandler
                0x08004814                I2C2_EV_IRQHandler
                0x08004814                UsageFault_Handler
                0x08004814                ADC1_2_IRQHandler
                0x08004814                SPI1_IRQHandler
                0x08004814                TAMPER_IRQHandler
                0x08004814                DMA1_Channel4_IRQHandler
                0x08004814                USART3_IRQHandler
                0x08004814                RTC_IRQHandler
                0x08004814                DMA1_Channel7_IRQHandler
                0x08004814                CAN1_RX1_IRQHandler
                0x08004814                TIM4_IRQHandler
                0x08004814                I2C1_EV_IRQHandler
                0x08004814                DMA1_Channel6_IRQHandler
                0x08004814                TIM3_IRQHandler
                0x08004814                RCC_IRQHandler
                0x08004814                TIM1_TRG_COM_IRQHandler
                0x08004814                DMA1_Channel1_IRQHandler
                0x08004814                Default_Handler
                0x08004814                EXTI15_10_IRQHandler
                0x08004814                EXTI9_5_IRQHandler
                0x08004814                SPI2_IRQHandler
                0x08004814                MemManage_Handler
                0x08004814                SVC_Handler
                0x08004814                DMA1_Channel5_IRQHandler
                0x08004814                EXTI4_IRQHandler
                0x08004814                USB_LP_CAN1_RX0_IRQHandler
                0x08004814                USB_HP_CAN1_TX_IRQHandler
                0x08004814                DMA1_Channel3_IRQHandler
                0x08004814                TIM1_UP_IRQHandler
                0x08004814                WWDG_IRQHandler
                0x08004814                TIM2_IRQHandler
                0x08004814                TIM1_BRK_IRQHandler
                0x08004814                EXTI1_IRQHandler
                0x08004814                RTCAlarm_IRQHandler
                0x08004814                USART2_IRQHandler
                0x08004814                I2C2_ER_IRQHandler
                0x08004814                DMA1_Channel2_IRQHandler
                0x08004814                CAN1_SCE_IRQHandler
                0x08004814                FLASH_IRQHandler
                0x08004814                BusFault_Handler
                0x08004814                USART1_IRQHandler
                0x08004814                I2C1_ER_IRQHandler
                0x08004814                USBWakeUp_IRQHandler
 *fill*         0x08004816        0x2 00
 .text          0x08004818       0xfc lib/CMSIS_CM3/system_stm32f10x.o
                0x08004818                SystemInit
 .text          0x08004914       0xcc main.o
                0x08004914                main
 .text          0x080049e0       0x2c pwr.o
                0x080049e0                setuppwr
                0x080049f4                shutdown
                0x08004a04                disable_pin
 .text          0x08004a0c      0x110 usart.o
                0x08004a0c                Usarts_Init
                0x08004ab8                Default_Usart_Config
                0x08004ad4                Usart_Send_Str
                0x08004b00                __usart_send_char
 .text          0x08004b1c       0xb8 lib/STM32F10x_StdPeriph_Driver/libstm32fw.a(misc.o)
                0x08004b1c                NVIC_PriorityGroupConfig
                0x08004b30                NVIC_Init
                0x08004b90                NVIC_SetVectorTable
                0x08004ba4                NVIC_SystemLPConfig
                0x08004bbc                SysTick_CLKSourceConfig
 .text          0x08004bd4      0x380 lib/STM32F10x_StdPeriph_Driver/libstm32fw.a(stm32f10x_adc.o)
                0x08004bd4                ADC_DeInit
                0x08004c30                ADC_Init
                0x08004c7c                ADC_StructInit
                0x08004c8e                ADC_Cmd
                0x08004ca2                ADC_DMACmd
                0x08004cb6                ADC_ITConfig
                0x08004cca                ADC_ResetCalibration
                0x08004cd4                ADC_GetResetCalibrationStatus
                0x08004cdc                ADC_StartCalibration
                0x08004ce6                ADC_GetCalibrationStatus
                0x08004cee                ADC_SoftwareStartConvCmd
                0x08004d02                ADC_GetSoftwareStartConvStatus
                0x08004d0a                ADC_DiscModeChannelCountConfig
                0x08004d1a                ADC_DiscModeCmd
                0x08004d2e                ADC_RegularChannelConfig
                0x08004dbc                ADC_ExternalTrigConvCmd
                0x08004dd0                ADC_GetConversionValue
                0x08004dd6                ADC_GetDualModeConversionValue
                0x08004de0                ADC_AutoInjectedConvCmd
                0x08004df4                ADC_InjectedDiscModeCmd
                0x08004e08                ADC_ExternalTrigInjectedConvConfig
                0x08004e16                ADC_ExternalTrigInjectedConvCmd
                0x08004e2a                ADC_SoftwareStartInjectedConvCmd
                0x08004e3e                ADC_GetSoftwareStartInjectedConvCmdStatus
                0x08004e46                ADC_InjectedChannelConfig
                0x08004ea2                ADC_InjectedSequencerLengthConfig
                0x08004eb2                ADC_SetInjectedOffset
                0x08004ec8                ADC_GetInjectedConversionValue
                0x08004ee2                ADC_AnalogWatchdogCmd
                0x08004ef4                ADC_AnalogWatchdogThresholdsConfig
                0x08004efa                ADC_AnalogWatchdogSingleChannelConfig
                0x08004f08                ADC_TempSensorVrefintCmd
                0x08004f24                ADC_GetFlagStatus
                0x08004f30                ADC_ClearFlag
                0x08004f36                ADC_GetITStatus
                0x08004f4c                ADC_ClearITPendingBit
 .text          0x08004f54      0x1f0 lib/STM32F10x_StdPeriph_Driver/libstm32fw.a(stm32f10x_dma.o)
                0x08004f54                DMA_DeInit
                0x08005050                DMA_Init
                0x08005090                DMA_StructInit
                0x080050aa                DMA_Cmd
                0x080050be                DMA_ITConfig
                0x080050d0                DMA_GetCurrDataCounter
                0x080050d6                DMA_GetFlagStatus
                0x080050f4                DMA_ClearFlag
                0x0800510c                DMA_GetITStatus
                0x0800512c                DMA_ClearITPendingBit
 .text          0x08005144      0x108 lib/STM32F10x_StdPeriph_Driver/libstm32fw.a(stm32f10x_exti.o)
                0x08005144                EXTI_DeInit
                0x08005160                EXTI_Init
                0x080051e4                EXTI_StructInit
                0x080051f2                EXTI_GenerateSWInterrupt
                0x08005204                EXTI_GetFlagStatus
                0x08005218                EXTI_ClearFlag
                0x08005224                EXTI_GetITStatus
                0x08005240                EXTI_ClearITPendingBit
 .text          0x0800524c      0x278 lib/STM32F10x_StdPeriph_Driver/libstm32fw.a(stm32f10x_gpio.o)
                0x0800524c                GPIO_DeInit
                0x080052f8                GPIO_AFIODeInit
                0x0800530e                GPIO_Init
                0x080053a6                GPIO_StructInit
                0x080053b6                GPIO_ReadInputDataBit
                0x080053c2                GPIO_ReadInputData
                0x080053c8                GPIO_ReadOutputDataBit
                0x080053d4                GPIO_ReadOutputData
                0x080053da                GPIO_SetBits
                0x080053de                GPIO_ResetBits
                0x080053e2                GPIO_WriteBit
                0x080053ec                GPIO_Write
                0x080053f0                GPIO_PinLockConfig
                0x08005400                GPIO_EventOutputConfig
                0x08005420                GPIO_EventOutputCmd
                0x0800542c                GPIO_PinRemapConfig
                0x08005484                GPIO_EXTILineConfig
                0x080054b8                GPIO_ETH_MediaInterfaceConfig
 .text          0x080054c4       0xcc lib/STM32F10x_StdPeriph_Driver/libstm32fw.a(stm32f10x_pwr.o)
                0x080054c8                PWR_DeInit
                0x080054e2                PWR_BackupAccessCmd
                0x080054ec                PWR_PVDCmd
                0x080054f8                PWR_PVDLevelConfig
                0x0800550c                PWR_WakeUpPinCmd
                0x08005518                PWR_EnterSTOPMode
                0x08005544                PWR_EnterSTANDBYMode
                0x0800556c                PWR_GetFlagStatus
                0x08005580                PWR_ClearFlag
 .text          0x08005590      0x360 lib/STM32F10x_StdPeriph_Driver/libstm32fw.a(stm32f10x_rcc.o)
                0x08005590                RCC_DeInit
                0x080055d0                RCC_HSEConfig
                0x08005608                RCC_AdjustHSICalibrationValue
                0x0800561c                RCC_HSICmd
                0x08005628                RCC_PLLConfig
                0x08005640                RCC_PLLCmd
                0x0800564c                RCC_SYSCLKConfig
                0x08005660                RCC_GetSYSCLKSource
                0x08005670                RCC_HCLKConfig
                0x08005684                RCC_PCLK1Config
                0x08005698                RCC_PCLK2Config
                0x080056ac                RCC_ITConfig
                0x080056c4                RCC_USBCLKConfig
                0x080056d0                RCC_ADCCLKConfig
                0x080056e4                RCC_LSEConfig
                0x08005704                RCC_LSICmd
                0x08005710                RCC_RTCCLKConfig
                0x08005720                RCC_RTCCLKCmd
                0x0800572c                RCC_GetClocksFreq
                0x080057d0                RCC_AHBPeriphClockCmd
                0x080057e8                RCC_APB2PeriphClockCmd
                0x08005800                RCC_APB1PeriphClockCmd
                0x08005818                RCC_APB2PeriphResetCmd
                0x08005830                RCC_APB1PeriphResetCmd
                0x08005848                RCC_BackupResetCmd
                0x08005854                RCC_ClockSecuritySystemCmd
                0x08005860                RCC_MCOConfig
                0x0800586c                RCC_GetFlagStatus
                0x08005894                RCC_WaitForHSEStartUp
                0x080058c0                RCC_ClearFlag
                0x080058d0                RCC_GetITStatus
                0x080058e4                RCC_ClearITPendingBit
 .text          0x080058f0      0x2d4 lib/STM32F10x_StdPeriph_Driver/libstm32fw.a(stm32f10x_spi.o)
                0x080058f0                SPI_I2S_DeInit
                0x08005954                SPI_Init
                0x08005994                I2S_Init
                0x08005a34                SPI_StructInit
                0x08005a4c                I2S_StructInit
                0x08005a5e                SPI_Cmd
                0x08005a78                I2S_Cmd
                0x08005a92                SPI_I2S_ITConfig
                0x08005ab0                SPI_I2S_DMACmd
                0x08005ac6                SPI_I2S_SendData
                0x08005aca                SPI_I2S_ReceiveData
                0x08005ad0                SPI_NSSInternalSoftwareConfig
                0x08005af0                SPI_SSOutputCmd
                0x08005b0a                SPI_DataSizeConfig
                0x08005b22                SPI_TransmitCRC
                0x08005b2e                SPI_CalculateCRC
                0x08005b48                SPI_GetCRC
                0x08005b58                SPI_GetCRCPolynomial
                0x08005b5e                SPI_BiDirectionalLineConfig
                0x08005b7c                SPI_I2S_GetFlagStatus
                0x08005b88                SPI_I2S_ClearFlag
                0x08005b8e                SPI_I2S_GetITStatus
                0x08005bb4                SPI_I2S_ClearITPendingBit
 .text          0x08005bc4      0x374 lib/STM32F10x_StdPeriph_Driver/libstm32fw.a(stm32f10x_usart.o)
                0x08005bc4                USART_DeInit
                0x08005c5c                USART_Init
                0x08005cec                USART_StructInit
                0x08005d02                USART_ClockInit
                0x08005d28                USART_ClockStructInit
                0x08005d34                USART_Cmd
                0x08005d4e                USART_ITConfig
                0x08005d84                USART_DMACmd
                0x08005d9a                USART_SetAddress
                0x08005db2                USART_WakeUpConfig
                0x08005dca                USART_ReceiverWakeUpCmd
                0x08005de4                USART_LINBreakDetectLengthConfig
                0x08005dfc                USART_LINCmd
                0x08005e16                USART_SendData
                0x08005e1e                USART_ReceiveData
                0x08005e26                USART_SendBreak
                0x08005e32                USART_SetGuardTime
                0x08005e44                USART_SetPrescaler
                0x08005e58                USART_SmartCardCmd
                0x08005e72                USART_SmartCardNACKCmd
                0x08005e8c                USART_HalfDuplexCmd
                0x08005ea6                USART_IrDAConfig
                0x08005ebe                USART_IrDACmd
                0x08005ed8                USART_GetFlagStatus
                0x08005ee4                USART_ClearFlag
                0x08005eea                USART_GetITStatus
                0x08005f2a                USART_ClearITPendingBit
 .text          0x08005f38      0xa54 lib/STM32_USB-FS-Device_Driver/libstm32usb.a(usb_core.o)
                0x08005f38                Standard_GetConfiguration
                0x08005f60                Standard_GetInterface
                0x08005f88                Standard_GetStatus
                0x080060fc                Standard_SetConfiguration
                0x08006138                Standard_SetInterface
                0x08006188                Standard_ClearFeature
                0x08006284                Standard_SetEndPointFeature
                0x08006338                Standard_SetDeviceFeature
                0x0800635c                Standard_GetDescriptorData
                0x08006378                Post0_Process
                0x080063c0                Out0_Process
                0x0800649c                Setup0_Process
                0x0800686c                SetDeviceAddress
                0x08006928                In0_Process
                0x08006988                NOP_Process
 .text          0x0800698c       0x38 lib/STM32_USB-FS-Device_Driver/libstm32usb.a(usb_init.o)
                0x0800698c                USB_Init
 .text          0x080069c4      0x25c lib/STM32_USB-FS-Device_Driver/libstm32usb.a(usb_int.o)
                0x080069c4                CTR_LP
                0x08006b8c                CTR_HP
 .text          0x08006c20       0xb8 lib/STM32_USB-FS-Device_Driver/libstm32usb.a(usb_mem.o)
                0x08006c20                UserToPMABufferCopy
                0x08006c88                PMAToUserBufferCopy
 .text          0x08006cd8      0x880 lib/STM32_USB-FS-Device_Driver/libstm32usb.a(usb_regs.o)
                0x08006cd8                SetCNTR
                0x08006ce4                GetCNTR
                0x08006cf0                SetISTR
                0x08006cfc                GetISTR
                0x08006d08                GetFNR
                0x08006d14                SetDADDR
                0x08006d20                GetDADDR
                0x08006d2c                SetBTABLE
                0x08006d40                GetBTABLE
                0x08006d4c                SetENDPOINT
                0x08006d5c                GetENDPOINT
                0x08006d6c                SetEPType
                0x08006d88                GetEPType
                0x08006d9c                SetEPTxStatus
                0x08006ddc                SetEPRxStatus
                0x08006e1c                SetDouBleBuffEPStall
                0x08006e44                GetEPTxStatus
                0x08006e58                GetEPRxStatus
                0x08006e6c                SetEPTxValid
                0x08006e90                SetEPRxValid
                0x08006eb4                SetEP_KIND
                0x08006ed4                ClearEP_KIND
                0x08006ef4                Clear_Status_Out
                0x08006f14                Set_Status_Out
                0x08006f34                SetEPDoubleBuff
                0x08006f54                ClearEPDoubleBuff
                0x08006f74                GetTxStallStatus
                0x08006f94                GetRxStallStatus
                0x08006fb4                ClearEP_CTR_RX
                0x08006fcc                ClearEP_CTR_TX
                0x08006fe4                ToggleDTOG_RX
                0x08007004                ToggleDTOG_TX
                0x08007024                ClearDTOG_RX
                0x0800704c                ClearDTOG_TX
                0x08007074                SetEPAddress
                0x08007098                GetEPAddress
                0x080070ac                SetEPTxAddr
                0x080070d0                SetEPRxAddr
                0x080070f8                GetEPTxAddr
                0x08007118                GetEPRxAddr
                0x08007138                SetEPTxCount
                0x08007158                SetEPCountRxReg
                0x08007184                SetEPRxCount
                0x080071cc                GetEPTxCount
                0x080071f0                GetEPRxCount
                0x08007214                SetEPDblBuffAddr
                0x0800725c                SetEPDblBuf0Addr
                0x08007280                SetEPDblBuf1Addr
                0x080072a8                GetEPDblBuf0Addr
                0x080072c8                GetEPDblBuf1Addr
                0x080072e8                SetEPDblBuffCount
                0x08007394                SetEPDblBuf0Count
                0x080073fc                SetEPDblBuf1Count
                0x08007464                GetEPDblBuf0Count
                0x08007488                GetEPDblBuf1Count
                0x080074ac                GetEPDblBufDir
                0x080074f4                FreeUserBuffer
                0x08007544                ToWord
                0x0800754c                ByteSwap
 .text          0x08007558       0x6c lib/STM32_USB-FS-Device_Driver/libstm32usb.a(usb_sil.o)
                0x08007558                USB_SIL_Init
                0x08007578                USB_SIL_Write
                0x080075a0                USB_SIL_Read
 .text          0x080075c4      0x370 /home/laurence/CodeSourcery/Sourcery_G++_Lite/bin/../lib/gcc/arm-none-eabi/4.5.2/thumb2/libgcc.a(_arm_addsubdf3.o)
                0x080075c4                __aeabi_drsub
                0x080075cc                __aeabi_dsub
                0x080075cc                __subdf3
                0x080075d0                __adddf3
                0x080075d0                __aeabi_dadd
                0x08007848                __aeabi_ui2d
                0x08007848                __floatunsidf
                0x08007868                __floatsidf
                0x08007868                __aeabi_i2d
                0x0800788c                __extendsfdf2
                0x0800788c                __aeabi_f2d
                0x080078c8                __aeabi_ul2d
                0x080078c8                __floatundidf
                0x080078d8                __floatdidf
                0x080078d8                __aeabi_l2d
 .text          0x08007934      0x424 /home/laurence/CodeSourcery/Sourcery_G++_Lite/bin/../lib/gcc/arm-none-eabi/4.5.2/thumb2/libgcc.a(_arm_muldivdf3.o)
                0x08007934                __aeabi_dmul
                0x08007934                __muldf3
                0x08007b88                __aeabi_ddiv
                0x08007b88                __divdf3
 .text          0x08007d58       0xa0 /home/laurence/CodeSourcery/Sourcery_G++_Lite/bin/../lib/gcc/arm-none-eabi/4.5.2/thumb2/libgcc.a(_arm_truncdfsf2.o)
                0x08007d58                __aeabi_d2f
                0x08007d58                __truncdfsf2
 .text          0x08007df8      0x21c /home/laurence/CodeSourcery/Sourcery_G++_Lite/bin/../lib/gcc/arm-none-eabi/4.5.2/thumb2/libgcc.a(_arm_addsubsf3.o)
                0x08007df8                __aeabi_frsub
                0x08007e00                __subsf3
                0x08007e00                __aeabi_fsub
                0x08007e04                __aeabi_fadd
                0x08007e04                __addsf3
                0x08007f64                __aeabi_ui2f
                0x08007f64                __floatunsisf
                0x08007f6c                __aeabi_i2f
                0x08007f6c                __floatsisf
                0x08007f88                __floatundisf
                0x08007f88                __aeabi_ul2f
                0x08007f98                __floatdisf
                0x08007f98                __aeabi_l2f
 .text          0x08008014      0x2a0 /home/laurence/CodeSourcery/Sourcery_G++_Lite/bin/../lib/gcc/arm-none-eabi/4.5.2/thumb2/libgcc.a(_arm_muldivsf3.o)
                0x08008014                __mulsf3
                0x08008014                __aeabi_fmul
                0x0800817c                __divsf3
                0x0800817c                __aeabi_fdiv
 .text          0x080082b4       0xec /home/laurence/CodeSourcery/Sourcery_G++_Lite/bin/../lib/gcc/arm-none-eabi/4.5.2/thumb2/libgcc.a(_arm_cmpsf2.o)
                0x080082b4                __gtsf2
                0x080082b4                __gesf2
                0x080082bc                __lesf2
                0x080082bc                __ltsf2
                0x080082c4                __nesf2
                0x080082c4                __eqsf2
                0x080082c4                __cmpsf2
                0x08008324                __aeabi_cfrcmple
                0x0800832c                __aeabi_cfcmple
                0x0800832c                __aeabi_cfcmpeq
                0x0800833c                __aeabi_fcmpeq
                0x08008350                __aeabi_fcmplt
                0x08008364                __aeabi_fcmple
                0x08008378                __aeabi_fcmpge
                0x0800838c                __aeabi_fcmpgt
 .text          0x080083a0       0x40 /home/laurence/CodeSourcery/Sourcery_G++_Lite/bin/../lib/gcc/arm-none-eabi/4.5.2/thumb2/libgcc.a(_arm_fixunssfsi.o)
                0x080083a0                __aeabi_f2uiz
                0x080083a0                __fixunssfsi
 .text          0x080083e0       0x20 /home/laurence/CodeSourcery/Sourcery_G++_Lite/bin/../lib/gcc/arm-none-eabi/4.5.2/../../../../arm-none-eabi/lib/thumb2/libc.a(lib_a-malloc.o)
                0x080083e0                malloc
                0x080083f0                free
 .text          0x08008400      0x57c /home/laurence/CodeSourcery/Sourcery_G++_Lite/bin/../lib/gcc/arm-none-eabi/4.5.2/../../../../arm-none-eabi/lib/thumb2/libc.a(lib_a-mallocr.o)
                0x08008400                _malloc_r
 .text          0x0800897c        0x8 /home/laurence/CodeSourcery/Sourcery_G++_Lite/bin/../lib/gcc/arm-none-eabi/4.5.2/../../../../arm-none-eabi/lib/thumb2/libc.a(lib_a-mlock.o)
                0x0800897c                __malloc_lock
                0x08008980                __malloc_unlock
 .text          0x08008984       0x28 /home/laurence/CodeSourcery/Sourcery_G++_Lite/bin/../lib/gcc/arm-none-eabi/4.5.2/../../../../arm-none-eabi/lib/thumb2/libc.a(lib_a-sbrkr.o)
                0x08008984                _sbrk_r
 .text          0x080089ac      0x240 /home/laurence/CodeSourcery/Sourcery_G++_Lite/bin/../lib/gcc/arm-none-eabi/4.5.2/../../../../arm-none-eabi/lib/thumb2/libc.a(lib_a-freer.o)
                0x080089ac                _malloc_trim_r
                0x08008a54                _free_r
 .text          0x08008bec       0x30 /home/laurence/CodeSourcery/Sourcery_G++_Lite/bin/../lib/gcc/arm-none-eabi/4.5.2/../../../../arm-none-eabi/lib/thumb2/libcs3.a(start_c.o)
                0x08008bec                __cs3_premain
 .text.cs3.init
                0x08008c1c       0x50 /home/laurence/CodeSourcery/Sourcery_G++_Lite/bin/../lib/gcc/arm-none-eabi/4.5.2/../../../../arm-none-eabi/lib/thumb2/libcs3.a(start_c.o)
                0x08008c1c                __cs3_start_c
 .text          0x08008c6c       0x40 /home/laurence/CodeSourcery/Sourcery_G++_Lite/bin/../lib/gcc/arm-none-eabi/4.5.2/../../../../arm-none-eabi/lib/thumb2/libcs3unhosted.a(unhosted-sbrk.o)
                0x08008c6c                _sbrk
 .text.cs3.init
                0x08008cac       0x10 /home/laurence/CodeSourcery/Sourcery_G++_Lite/bin/../lib/gcc/arm-none-eabi/4.5.2/../../../../arm-none-eabi/lib/thumb2/libcs3unhosted.a(unhosted-start.o)
                0x08008cac                _start
 .text          0x08008cbc        0x2 lib/libcs3-lanchon-stm32.a(lanchon_stm32_isr_interrupt.o)
                0x08008cbc                MemManageException
                0x08008cbc                BusFaultException
                0x08008cbc                DMAChannel7_IRQHandler
                0x08008cbc                DebugMonitor
                0x08008cbc                SVCHandler
                0x08008cbc                HardFaultException
                0x08008cbc                __STM32ReservedException8
                0x08008cbc                __STM32DefaultExceptionHandler
                0x08008cbc                DMAChannel1_IRQHandler
                0x08008cbc                CAN_SCE_IRQHandler
                0x08008cbc                __STM32ReservedException10
                0x08008cbc                __STM32ReservedException13
                0x08008cbc                NMIException
                0x08008cbc                DMAChannel4_IRQHandler
                0x08008cbc                PendSVC
                0x08008cbc                CAN_RX1_IRQHandler
                0x08008cbc                ADC_IRQHandler
                0x08008cbc                DMAChannel5_IRQHandler
                0x08008cbc                DMAChannel2_IRQHandler
                0x08008cbc                __STM32ReservedException7
                0x08008cbc                UsageFaultException
                0x08008cbc                DMAChannel6_IRQHandler
                0x08008cbc                DMAChannel3_IRQHandler
                0x08008cbc                __STM32ReservedException9
 *fill*         0x08008cbe        0x2 00
 .text          0x08008cc0        0xc /home/laurence/CodeSourcery/Sourcery_G++_Lite/bin/../lib/gcc/arm-none-eabi/4.5.2/../../../../arm-none-eabi/lib/thumb2/libc.a(lib_a-errno.o)
                0x08008cc0                __errno
 .text          0x08008ccc       0x50 /home/laurence/CodeSourcery/Sourcery_G++_Lite/bin/../lib/gcc/arm-none-eabi/4.5.2/../../../../arm-none-eabi/lib/thumb2/libc.a(lib_a-init.o)
                0x08008ccc                __libc_init_array
 *(.plt)
 *(.gnu.warning)
 *(.glue_7t)
 .glue_7t       0x00000000        0x0 linker stubs
 *(.glue_7)
 .glue_7        0x00000000        0x0 linker stubs
 *(.vfp11_veneer)
 .vfp11_veneer  0x00000000        0x0 linker stubs
 *(.rodata .rodata.* .gnu.linkonce.r.*)
 .rodata        0x08008d1c       0x98 Util/USB/usb_desc.o
                0x08008d1c                MASS_DeviceDescriptor
                0x08008d30                MASS_ConfigDescriptor
                0x08008d50                MASS_StringLangID
                0x08008d54                MASS_StringVendor
                0x08008d7c                MASS_StringProduct
                0x08008da4                MASS_StringInterface
 .rodata        0x08008db4       0x14 Util/rprintf.o
 .rodata.str1.4
                0x08008dc8       0x1a Util/rprintf.o
                                 0x1c (size before relaxing)
 *fill*         0x08008de2        0x2 00
 .rodata.str1.4
                0x08008de4        0xe main.o
                                 0x10 (size before relaxing)
 *fill*         0x08008df2        0x2 00
 .rodata.str1.4
                0x08008df4        0x4 /home/laurence/CodeSourcery/Sourcery_G++_Lite/bin/../lib/gcc/arm-none-eabi/4.5.2/../../../../arm-none-eabi/lib/thumb2/libc.a(lib_a-impure.o)
 *(.ARM.extab* .gnu.linkonce.armextab.*)
 *(.gcc_except_table)
 *(.eh_frame_hdr)
 *(.eh_frame)
                0x08008df8                . = ALIGN (0x4)
 *(.init)
 .init          0x08008df8        0x4 /home/laurence/CodeSourcery/Sourcery_G++_Lite/bin/../lib/gcc/arm-none-eabi/4.5.2/thumb2/crti.o
                0x08008df8                _init
 .init          0x08008dfc        0x8 /home/laurence/CodeSourcery/Sourcery_G++_Lite/bin/../lib/gcc/arm-none-eabi/4.5.2/thumb2/crtn.o
                0x08008e04                . = ALIGN (0x4)
                0x08008e04                __preinit_array_start = .
 *(.preinit_array)
                0x08008e04                __preinit_array_end = .
                0x08008e04                . = ALIGN (0x4)
                0x08008e04                __init_array_start = .
 *(SORT(.init_array.*))
 *(.init_array)
 .init_array    0x08008e04        0x4 /home/laurence/CodeSourcery/Sourcery_G++_Lite/bin/../lib/gcc/arm-none-eabi/4.5.2/thumb2/crtbegin.o
                0x08008e08                __init_array_end = .
                0x08008e08                . = ALIGN (0x4)
 *crtbegin.o(.ctors)
 *(EXCLUDE_FILE(*crtend.o) .ctors)
 *(SORT(.ctors.*))
 *crtend.o(.ctors)
                0x08008e08                . = ALIGN (0x4)
 *(.fini)
 .fini          0x08008e08        0x4 /home/laurence/CodeSourcery/Sourcery_G++_Lite/bin/../lib/gcc/arm-none-eabi/4.5.2/thumb2/crti.o
                0x08008e08                _fini
 .fini          0x08008e0c        0x8 /home/laurence/CodeSourcery/Sourcery_G++_Lite/bin/../lib/gcc/arm-none-eabi/4.5.2/thumb2/crtn.o
                0x08008e14                . = ALIGN (0x4)
                0x08008e14                __fini_array_start = .
 *(.fini_array)
 .fini_array    0x08008e14        0x4 /home/laurence/CodeSourcery/Sourcery_G++_Lite/bin/../lib/gcc/arm-none-eabi/4.5.2/thumb2/crtbegin.o
 *(SORT(.fini_array.*))
                0x08008e18                __fini_array_end = .
 *crtbegin.o(.dtors)
 *(EXCLUDE_FILE(*crtend.o) .dtors)
 *(SORT(.dtors.*))
 *crtend.o(.dtors)
                0x08008e18                . = ALIGN (0x4)
                0x08008e18                __cs3_regions = .
                0x08008e18        0x4 LONG 0x0
                0x08008e1c        0x4 LONG 0x8008e30 __cs3_region_init_ram
                0x08008e20        0x4 LONG 0x20000000 __cs3_region_start_ram
                0x08008e24        0x4 LONG 0x680 __cs3_region_init_size_ram
                0x08008e28        0x4 LONG 0x1f8 __cs3_region_zero_size_ram
                0x08008e2c                __exidx_start = .

.v4_bx          0x08008e2c        0x0
 .v4_bx         0x00000000        0x0 linker stubs

.ARM.exidx
 *(.ARM.exidx* .gnu.linkonce.armexidx.*)
                0x08008e2c                __exidx_end = .

.text.align     0x08008e2c        0x4
                0x08008e30                . = ALIGN (0x8)
 *fill*         0x08008e2c        0x4 00
                0x08008e30                _etext = .
                0x08020000                __cs3_region_end_rom = (__cs3_region_start_rom + 0x20000)
                0x00020000                __cs3_region_size_rom = 0x20000
                0x00000001                __cs3_region_num = 0x1

.data           0x20000000      0x680 load address 0x08008e30
                0x20000000                __cs3_region_start_ram = .
 *(.cs3.region-head.ram)
 *(.jcr)
 .jcr           0x20000000        0x0 /home/laurence/CodeSourcery/Sourcery_G++_Lite/bin/../lib/gcc/arm-none-eabi/4.5.2/thumb2/crtbegin.o
 .jcr           0x20000000        0x4 /home/laurence/CodeSourcery/Sourcery_G++_Lite/bin/../lib/gcc/arm-none-eabi/4.5.2/thumb2/crtend.o
 *(.got.plt)
 *(.got)
 *(.shdata)
 *(.data .data.* .gnu.linkonce.d.*)
 .data          0x20000004       0x74 Util/USB/scsi_data.o
                0x20000004                Standard_Inquiry_Data
                0x20000028                Standard_Inquiry_Data2
                0x2000004c                Mode_Sense6_data
                0x20000050                Mode_Sense10_data
                0x20000058                Scsi_Sense_Data
                0x2000006c                ReadFormatCapacity_Data
 .data          0x20000078       0x1c Util/USB/usb_desc.o
                0x20000078                MASS_StringSerial
 .data          0x20000094       0x38 Util/USB/usb_istr.o
                0x20000094                pEpInt_IN
                0x200000b0                pEpInt_OUT
 .data          0x200000cc       0x90 Util/USB/usb_prop.o
                0x200000cc                String_Descriptor
                0x200000f4                Config_Descriptor
                0x200000fc                Device_Descriptor
                0x20000104                Device_Property
                0x20000134                Device_Table
                0x20000138                User_Standard_Requests
 .data          0x2000015c        0x1 Util/USB/usb_pwr.o
                0x2000015c                fSuspendEnabled
 .data          0x2000015d        0x1 Util/fat_fs/src/sd_spi_stm32.o
 .data          0x2000015e       0x14 lib/STM32F10x_StdPeriph_Driver/libstm32fw.a(stm32f10x_rcc.o)
 *fill*         0x20000172        0x2 00
 .data          0x20000174      0x410 /home/laurence/CodeSourcery/Sourcery_G++_Lite/bin/../lib/gcc/arm-none-eabi/4.5.2/../../../../arm-none-eabi/lib/thumb2/libc.a(lib_a-mallocr.o)
                0x20000174                __malloc_av_
                0x2000057c                __malloc_sbrk_base
                0x20000580                __malloc_trim_threshold
 .data          0x20000584       0xf4 /home/laurence/CodeSourcery/Sourcery_G++_Lite/bin/../lib/gcc/arm-none-eabi/4.5.2/../../../../arm-none-eabi/lib/thumb2/libc.a(lib_a-impure.o)
                0x20000584                _impure_ptr
 .data          0x20000678        0x4 /home/laurence/CodeSourcery/Sourcery_G++_Lite/bin/../lib/gcc/arm-none-eabi/4.5.2/../../../../arm-none-eabi/lib/thumb2/libcs3unhosted.a(unhosted-sbrk.o)
 .data          0x2000067c        0x4 /home/laurence/CodeSourcery/Sourcery_G++_Lite/bin/../lib/gcc/arm-none-eabi/4.5.2/../../../../arm-none-eabi/lib/thumb2/libcs3.a(heap.o)
                0x2000067c                __cs3_heap_limit
 *(.ram)
                0x20000680                . = ALIGN (0x8)
                0x20000680                _edata = .

.bss            0x20000680      0x1f8 load address 0x080094b0
 *(.shbss)
 *(.bss .bss.* .gnu.linkonce.b.*)
 .bss           0x20000680        0x1 /home/laurence/CodeSourcery/Sourcery_G++_Lite/bin/../lib/gcc/arm-none-eabi/4.5.2/thumb2/crtbegin.o
 *fill*         0x20000681        0x3 00
 .bss           0x20000684        0x4 Sensors/pressure.o
 .bss           0x20000688       0x20 Util/USB/mass_mal.o
                0x20000688                Status
                0x2000068c                Data_Buffer
                0x20000690                Mass_Block_Count
                0x20000698                Mass_Block_Size
                0x200006a0                Mass_Memory_Size
 .bss           0x200006a8       0x24 Util/USB/memory.o
                0x200006a8                TransferState
                0x200006b4                Block_Read_count
                0x200006b8                Block_offset
                0x200006bc                Counter
                0x200006c8                Idx
 .bss           0x200006cc       0x10 Util/USB/scsi_data.o
                0x200006cc                Page00_Inquiry_Data
                0x200006d4                ReadCapacity10_Data
 .bss           0x200006dc       0x80 Util/USB/usb_bot.o
                0x200006dc                Bot_State
                0x200006e0                CBW
                0x20000700                SCSI_LBA
                0x20000704                SCSI_BlkLen
                0x20000708                CSW
                0x20000718                Data_Len
                0x2000071c                Bulk_Data_Buff
 .bss           0x2000075c        0x4 Util/USB/usb_istr.o
                0x2000075c                wIstr
                0x2000075e                bIntPackSOF
 .bss           0x20000760        0x4 Util/USB/usb_prop.o
                0x20000760                Max_Lun
 .bss           0x20000764        0x8 Util/USB/usb_pwr.o
                0x20000764                ResumeS
                0x20000768                bDeviceState
 .bss           0x2000076c       0x10 Util/fat_fs/src/sd_spi_stm32.o
 .bss           0x2000077c       0x84 Util/rprintf.o
 .bss           0x20000800        0x1 gpio.o
                0x20000800                bootsource
 .bss           0x20000801        0x1 lib/STM32_USB-FS-Device_Driver/libstm32usb.a(usb_core.o)
                0x20000801                Data_Mul_MaxPacketSize
 *fill*         0x20000802        0x2 00
 .bss           0x20000804       0x34 /home/laurence/CodeSourcery/Sourcery_G++_Lite/bin/../lib/gcc/arm-none-eabi/4.5.2/../../../../arm-none-eabi/lib/thumb2/libc.a(lib_a-mallocr.o)
                0x20000804                __malloc_top_pad
                0x20000808                __malloc_current_mallinfo
                0x20000830                __malloc_max_sbrked_mem
                0x20000834                __malloc_max_total_mem
 *(COMMON)
 COMMON         0x20000838        0x2 lib/STM32_USB-FS-Device_Driver/libstm32usb.a(usb_core.o)
                0x20000838                StatusInfo
 *fill*         0x2000083a        0x2 00
 COMMON         0x2000083c       0x32 lib/STM32_USB-FS-Device_Driver/libstm32usb.a(usb_init.o)
                0x2000083c                SaveState
                0x20000840                pProperty
                0x20000844                EPindex
                0x20000848                Device_Info
                0x20000864                pUser_Standard_Requests
                0x20000868                pInformation
                0x2000086c                wInterrupt_Mask
 COMMON         0x2000086e        0x4 lib/STM32_USB-FS-Device_Driver/libstm32usb.a(usb_int.o)
                0x2000086e                SaveRState
                0x20000870                SaveTState
 *fill*         0x20000872        0x2 00
 COMMON         0x20000874        0x4 /home/laurence/CodeSourcery/Sourcery_G++_Lite/bin/../lib/gcc/arm-none-eabi/4.5.2/../../../../arm-none-eabi/lib/thumb2/libc.a(lib_a-reent.o)
                0x20000874                errno
 *(.ram.b)
                0x20000878                . = ALIGN (0x8)
                0x20000878                _end = .
                0x20000878                __end = .
                0x20005000                __cs3_region_end_ram = (__cs3_region_start_ram + 0x5000)
                0x00005000                __cs3_region_size_ram = 0x5000
                0x08008e30                __cs3_region_init_ram = LOADADDR (.data)
                0x00000680                __cs3_region_init_size_ram = (_edata - ADDR (.data))
                0x000001f8                __cs3_region_zero_size_ram = (_end - _edata)
                0x00000001                __cs3_region_num = 0x1

.stab
 *(.stab)

.stabstr
 *(.stabstr)

.debug
 *(.debug)

.line
 *(.line)

.debug_srcinfo
 *(.debug_srcinfo)

.debug_sfnames
 *(.debug_sfnames)

.debug_aranges
 *(.debug_aranges)

.debug_pubnames
 *(.debug_pubnames)

.debug_info
 *(.debug_info .gnu.linkonce.wi.*)

.debug_abbrev
 *(.debug_abbrev)

.debug_line
 *(.debug_line)

.comment        0x00000000       0x2a
 .comment       0x00000000       0x2a Sensors/pressure.o
                                 0x2b (size before relaxing)
 .comment       0x00000000       0x2b Util/USB/hw_config.o
 .comment       0x00000000       0x2b Util/USB/mass_mal.o
 .comment       0x00000000       0x2b Util/USB/memory.o
 .comment       0x00000000       0x2b Util/USB/scsi_data.o
 .comment       0x00000000       0x2b Util/USB/usb_bot.o
 .comment       0x00000000       0x2b Util/USB/usb_desc.o
 .comment       0x00000000       0x2b Util/USB/usb_endp.o
 .comment       0x00000000       0x2b Util/USB/usb_istr.o
 .comment       0x00000000       0x2b Util/USB/usb_prop.o
 .comment       0x00000000       0x2b Util/USB/usb_pwr.o
 .comment       0x00000000       0x2b Util/USB/usb_scsi.o
 .comment       0x00000000       0x2b Util/fat_fs/src/fattime.o
 .comment       0x00000000       0x2b Util/fat_fs/src/ff.o
 .comment       0x00000000       0x2b Util/fat_fs/src/rtc.o
 .comment       0x00000000       0x2b Util/fat_fs/src/sd_spi_stm32.o
 .comment       0x00000000       0x2b Util/rprintf.o
 .comment       0x00000000       0x2b Util/stm32_eval_spi_sd.o
 .comment       0x00000000       0x2b adc.o
 .comment       0x00000000       0x2b gpio.o
 .comment       0x00000000       0x2b interrupts.o
 .comment       0x00000000       0x2b lib/CMSIS_CM3/core_cm3.o
 .comment       0x00000000       0x2b lib/CMSIS_CM3/system_stm32f10x.o
 .comment       0x00000000       0x2b main.o
 .comment       0x00000000       0x2b pwr.o
 .comment       0x00000000       0x2b usart.o
 .comment       0x00000000       0x2b lib/STM32F10x_StdPeriph_Driver/libstm32fw.a(misc.o)
 .comment       0x00000000       0x2b lib/STM32F10x_StdPeriph_Driver/libstm32fw.a(stm32f10x_adc.o)
 .comment       0x00000000       0x2b lib/STM32F10x_StdPeriph_Driver/libstm32fw.a(stm32f10x_bkp.o)
 .comment       0x00000000       0x2b lib/STM32F10x_StdPeriph_Driver/libstm32fw.a(stm32f10x_dma.o)
 .comment       0x00000000       0x2b lib/STM32F10x_StdPeriph_Driver/libstm32fw.a(stm32f10x_exti.o)
 .comment       0x00000000       0x2b lib/STM32F10x_StdPeriph_Driver/libstm32fw.a(stm32f10x_gpio.o)
 .comment       0x00000000       0x2b lib/STM32F10x_StdPeriph_Driver/libstm32fw.a(stm32f10x_pwr.o)
 .comment       0x00000000       0x2b lib/STM32F10x_StdPeriph_Driver/libstm32fw.a(stm32f10x_rcc.o)
 .comment       0x00000000       0x2b lib/STM32F10x_StdPeriph_Driver/libstm32fw.a(stm32f10x_rtc.o)
 .comment       0x00000000       0x2b lib/STM32F10x_StdPeriph_Driver/libstm32fw.a(stm32f10x_spi.o)
 .comment       0x00000000       0x2b lib/STM32F10x_StdPeriph_Driver/libstm32fw.a(stm32f10x_usart.o)
 .comment       0x00000000       0x2b lib/STM32_USB-FS-Device_Driver/libstm32usb.a(usb_core.o)
 .comment       0x00000000       0x2b lib/STM32_USB-FS-Device_Driver/libstm32usb.a(usb_init.o)
 .comment       0x00000000       0x2b lib/STM32_USB-FS-Device_Driver/libstm32usb.a(usb_int.o)
 .comment       0x00000000       0x2b lib/STM32_USB-FS-Device_Driver/libstm32usb.a(usb_mem.o)
 .comment       0x00000000       0x2b lib/STM32_USB-FS-Device_Driver/libstm32usb.a(usb_regs.o)
 .comment       0x00000000       0x2b lib/STM32_USB-FS-Device_Driver/libstm32usb.a(usb_sil.o)

.debug_frame    0x00000000      0x234
 *(.debug_frame)
 .debug_frame   0x00000000       0x30 /home/laurence/CodeSourcery/Sourcery_G++_Lite/bin/../lib/gcc/arm-none-eabi/4.5.2/../../../../arm-none-eabi/lib/thumb2/libc.a(lib_a-malloc.o)
 .debug_frame   0x00000030       0x3c /home/laurence/CodeSourcery/Sourcery_G++_Lite/bin/../lib/gcc/arm-none-eabi/4.5.2/../../../../arm-none-eabi/lib/thumb2/libc.a(lib_a-mallocr.o)
 .debug_frame   0x0000006c       0x30 /home/laurence/CodeSourcery/Sourcery_G++_Lite/bin/../lib/gcc/arm-none-eabi/4.5.2/../../../../arm-none-eabi/lib/thumb2/libc.a(lib_a-mlock.o)
 .debug_frame   0x0000009c       0x2c /home/laurence/CodeSourcery/Sourcery_G++_Lite/bin/../lib/gcc/arm-none-eabi/4.5.2/../../../../arm-none-eabi/lib/thumb2/libc.a(lib_a-sbrkr.o)
 .debug_frame   0x000000c8       0x50 /home/laurence/CodeSourcery/Sourcery_G++_Lite/bin/../lib/gcc/arm-none-eabi/4.5.2/../../../../arm-none-eabi/lib/thumb2/libc.a(lib_a-freer.o)
 .debug_frame   0x00000118       0x68 /home/laurence/CodeSourcery/Sourcery_G++_Lite/bin/../lib/gcc/arm-none-eabi/4.5.2/../../../../arm-none-eabi/lib/thumb2/libc.a(lib_a-reent.o)
 .debug_frame   0x00000180       0x40 /home/laurence/CodeSourcery/Sourcery_G++_Lite/bin/../lib/gcc/arm-none-eabi/4.5.2/../../../../arm-none-eabi/lib/thumb2/libcs3.a(start_c.o)
 .debug_frame   0x000001c0       0x28 /home/laurence/CodeSourcery/Sourcery_G++_Lite/bin/../lib/gcc/arm-none-eabi/4.5.2/../../../../arm-none-eabi/lib/thumb2/libcs3unhosted.a(unhosted-sbrk.o)
 .debug_frame   0x000001e8       0x20 /home/laurence/CodeSourcery/Sourcery_G++_Lite/bin/../lib/gcc/arm-none-eabi/4.5.2/../../../../arm-none-eabi/lib/thumb2/libc.a(lib_a-errno.o)
 .debug_frame   0x00000208       0x2c /home/laurence/CodeSourcery/Sourcery_G++_Lite/bin/../lib/gcc/arm-none-eabi/4.5.2/../../../../arm-none-eabi/lib/thumb2/libc.a(lib_a-init.o)

.debug_str
 *(.debug_str)

.debug_loc
 *(.debug_loc)

.debug_macinfo
 *(.debug_macinfo)

.debug_weaknames
 *(.debug_weaknames)

.debug_funcnames
 *(.debug_funcnames)

.debug_typenames
 *(.debug_typenames)

.debug_varnames
 *(.debug_varnames)

.note.gnu.arm.ident
 *(.note.gnu.arm.ident)

.ARM.attributes
                0x00000000       0x25
 *(.ARM.attributes)
 .ARM.attributes
                0x00000000       0x19 /home/laurence/CodeSourcery/Sourcery_G++_Lite/bin/../lib/gcc/arm-none-eabi/4.5.2/thumb2/crti.o
 .ARM.attributes
                0x00000019       0x29 /home/laurence/CodeSourcery/Sourcery_G++_Lite/bin/../lib/gcc/arm-none-eabi/4.5.2/thumb2/crtbegin.o
 .ARM.attributes
                0x00000042       0x31 Sensors/pressure.o
 .ARM.attributes
                0x00000073       0x31 Util/USB/hw_config.o
 .ARM.attributes
                0x000000a4       0x31 Util/USB/mass_mal.o
 .ARM.attributes
                0x000000d5       0x31 Util/USB/memory.o
 .ARM.attributes
                0x00000106       0x31 Util/USB/scsi_data.o
 .ARM.attributes
                0x00000137       0x31 Util/USB/usb_bot.o
 .ARM.attributes
                0x00000168       0x31 Util/USB/usb_desc.o
 .ARM.attributes
                0x00000199       0x31 Util/USB/usb_endp.o
 .ARM.attributes
                0x000001ca       0x31 Util/USB/usb_istr.o
 .ARM.attributes
                0x000001fb       0x31 Util/USB/usb_prop.o
 .ARM.attributes
                0x0000022c       0x31 Util/USB/usb_pwr.o
 .ARM.attributes
                0x0000025d       0x31 Util/USB/usb_scsi.o
 .ARM.attributes
                0x0000028e       0x31 Util/fat_fs/src/fattime.o
 .ARM.attributes
                0x000002bf       0x31 Util/fat_fs/src/ff.o
 .ARM.attributes
                0x000002f0       0x31 Util/fat_fs/src/rtc.o
 .ARM.attributes
                0x00000321       0x31 Util/fat_fs/src/sd_spi_stm32.o
 .ARM.attributes
                0x00000352       0x31 Util/rprintf.o
 .ARM.attributes
                0x00000383       0x31 Util/stm32_eval_spi_sd.o
 .ARM.attributes
                0x000003b4       0x31 adc.o
 .ARM.attributes
                0x000003e5       0x31 gpio.o
 .ARM.attributes
                0x00000416       0x31 interrupts.o
 .ARM.attributes
                0x00000447       0x31 lib/CMSIS_CM3/core_cm3.o
 .ARM.attributes
                0x00000478       0x21 lib/CMSIS_CM3/startup/gcc/startup_stm32f10x_md.o
 .ARM.attributes
                0x00000499       0x31 lib/CMSIS_CM3/system_stm32f10x.o
 .ARM.attributes
                0x000004ca       0x31 main.o
 .ARM.attributes
                0x000004fb       0x31 pwr.o
 .ARM.attributes
                0x0000052c       0x31 usart.o
 .ARM.attributes
                0x0000055d       0x31 lib/STM32F10x_StdPeriph_Driver/libstm32fw.a(misc.o)
 .ARM.attributes
                0x0000058e       0x31 lib/STM32F10x_StdPeriph_Driver/libstm32fw.a(stm32f10x_adc.o)
 .ARM.attributes
                0x000005bf       0x31 lib/STM32F10x_StdPeriph_Driver/libstm32fw.a(stm32f10x_bkp.o)
 .ARM.attributes
                0x000005f0       0x31 lib/STM32F10x_StdPeriph_Driver/libstm32fw.a(stm32f10x_dma.o)
 .ARM.attributes
                0x00000621       0x31 lib/STM32F10x_StdPeriph_Driver/libstm32fw.a(stm32f10x_exti.o)
 .ARM.attributes
                0x00000652       0x31 lib/STM32F10x_StdPeriph_Driver/libstm32fw.a(stm32f10x_gpio.o)
 .ARM.attributes
                0x00000683       0x31 lib/STM32F10x_StdPeriph_Driver/libstm32fw.a(stm32f10x_pwr.o)
 .ARM.attributes
                0x000006b4       0x31 lib/STM32F10x_StdPeriph_Driver/libstm32fw.a(stm32f10x_rcc.o)
 .ARM.attributes
                0x000006e5       0x31 lib/STM32F10x_StdPeriph_Driver/libstm32fw.a(stm32f10x_rtc.o)
 .ARM.attributes
                0x00000716       0x31 lib/STM32F10x_StdPeriph_Driver/libstm32fw.a(stm32f10x_spi.o)
 .ARM.attributes
                0x00000747       0x31 lib/STM32F10x_StdPeriph_Driver/libstm32fw.a(stm32f10x_usart.o)
 .ARM.attributes
                0x00000778       0x31 lib/STM32_USB-FS-Device_Driver/libstm32usb.a(usb_core.o)
 .ARM.attributes
                0x000007a9       0x31 lib/STM32_USB-FS-Device_Driver/libstm32usb.a(usb_init.o)
 .ARM.attributes
                0x000007da       0x31 lib/STM32_USB-FS-Device_Driver/libstm32usb.a(usb_int.o)
 .ARM.attributes
                0x0000080b       0x31 lib/STM32_USB-FS-Device_Driver/libstm32usb.a(usb_mem.o)
 .ARM.attributes
                0x0000083c       0x31 lib/STM32_USB-FS-Device_Driver/libstm32usb.a(usb_regs.o)
 .ARM.attributes
                0x0000086d       0x31 lib/STM32_USB-FS-Device_Driver/libstm32usb.a(usb_sil.o)
 .ARM.attributes
                0x0000089e       0x1b /home/laurence/CodeSourcery/Sourcery_G++_Lite/bin/../lib/gcc/arm-none-eabi/4.5.2/thumb2/libgcc.a(_arm_addsubdf3.o)
 .ARM.attributes
                0x000008b9       0x1b /home/laurence/CodeSourcery/Sourcery_G++_Lite/bin/../lib/gcc/arm-none-eabi/4.5.2/thumb2/libgcc.a(_arm_muldivdf3.o)
 .ARM.attributes
                0x000008d4       0x1b /home/laurence/CodeSourcery/Sourcery_G++_Lite/bin/../lib/gcc/arm-none-eabi/4.5.2/thumb2/libgcc.a(_arm_truncdfsf2.o)
 .ARM.attributes
                0x000008ef       0x1b /home/laurence/CodeSourcery/Sourcery_G++_Lite/bin/../lib/gcc/arm-none-eabi/4.5.2/thumb2/libgcc.a(_arm_addsubsf3.o)
 .ARM.attributes
                0x0000090a       0x1b /home/laurence/CodeSourcery/Sourcery_G++_Lite/bin/../lib/gcc/arm-none-eabi/4.5.2/thumb2/libgcc.a(_arm_muldivsf3.o)
 .ARM.attributes
                0x00000925       0x1b /home/laurence/CodeSourcery/Sourcery_G++_Lite/bin/../lib/gcc/arm-none-eabi/4.5.2/thumb2/libgcc.a(_arm_cmpsf2.o)
 .ARM.attributes
                0x00000940       0x1b /home/laurence/CodeSourcery/Sourcery_G++_Lite/bin/../lib/gcc/arm-none-eabi/4.5.2/thumb2/libgcc.a(_arm_fixunssfsi.o)
 .ARM.attributes
                0x0000095b       0x29 /home/laurence/CodeSourcery/Sourcery_G++_Lite/bin/../lib/gcc/arm-none-eabi/4.5.2/../../../../arm-none-eabi/lib/thumb2/libc.a(lib_a-malloc.o)
 .ARM.attributes
                0x00000984       0x29 /home/laurence/CodeSourcery/Sourcery_G++_Lite/bin/../lib/gcc/arm-none-eabi/4.5.2/../../../../arm-none-eabi/lib/thumb2/libc.a(lib_a-mallocr.o)
 .ARM.attributes
                0x000009ad       0x29 /home/laurence/CodeSourcery/Sourcery_G++_Lite/bin/../lib/gcc/arm-none-eabi/4.5.2/../../../../arm-none-eabi/lib/thumb2/libc.a(lib_a-mlock.o)
 .ARM.attributes
                0x000009d6       0x29 /home/laurence/CodeSourcery/Sourcery_G++_Lite/bin/../lib/gcc/arm-none-eabi/4.5.2/../../../../arm-none-eabi/lib/thumb2/libc.a(lib_a-sbrkr.o)
 .ARM.attributes
                0x000009ff       0x29 /home/laurence/CodeSourcery/Sourcery_G++_Lite/bin/../lib/gcc/arm-none-eabi/4.5.2/../../../../arm-none-eabi/lib/thumb2/libc.a(lib_a-freer.o)
 .ARM.attributes
                0x00000a28       0x29 /home/laurence/CodeSourcery/Sourcery_G++_Lite/bin/../lib/gcc/arm-none-eabi/4.5.2/../../../../arm-none-eabi/lib/thumb2/libc.a(lib_a-impure.o)
 .ARM.attributes
                0x00000a51       0x29 /home/laurence/CodeSourcery/Sourcery_G++_Lite/bin/../lib/gcc/arm-none-eabi/4.5.2/../../../../arm-none-eabi/lib/thumb2/libc.a(lib_a-reent.o)
 .ARM.attributes
                0x00000a7a       0x29 /home/laurence/CodeSourcery/Sourcery_G++_Lite/bin/../lib/gcc/arm-none-eabi/4.5.2/thumb2/crtend.o
 .ARM.attributes
                0x00000aa3       0x19 /home/laurence/CodeSourcery/Sourcery_G++_Lite/bin/../lib/gcc/arm-none-eabi/4.5.2/thumb2/crtn.o
 .ARM.attributes
                0x00000abc       0x29 /home/laurence/CodeSourcery/Sourcery_G++_Lite/bin/../lib/gcc/arm-none-eabi/4.5.2/../../../../arm-none-eabi/lib/thumb2/libcs3.a(start_c.o)
 .ARM.attributes
                0x00000ae5       0x29 /home/laurence/CodeSourcery/Sourcery_G++_Lite/bin/../lib/gcc/arm-none-eabi/4.5.2/../../../../arm-none-eabi/lib/thumb2/libcs3unhosted.a(unhosted-sbrk.o)
 .ARM.attributes
                0x00000b0e       0x19 /home/laurence/CodeSourcery/Sourcery_G++_Lite/bin/../lib/gcc/arm-none-eabi/4.5.2/../../../../arm-none-eabi/lib/thumb2/libcs3unhosted.a(unhosted-start.o)
 .ARM.attributes
                0x00000b27       0x1f lib/libcs3-lanchon-stm32.a(lanchon-stm32-vector.o)
 .ARM.attributes
                0x00000b46       0x21 lib/libcs3-lanchon-stm32.a(lanchon_stm32_isr_interrupt.o)
 .ARM.attributes
                0x00000b67       0x29 /home/laurence/CodeSourcery/Sourcery_G++_Lite/bin/../lib/gcc/arm-none-eabi/4.5.2/../../../../arm-none-eabi/lib/thumb2/libc.a(lib_a-errno.o)
 .ARM.attributes
                0x00000b90       0x29 /home/laurence/CodeSourcery/Sourcery_G++_Lite/bin/../lib/gcc/arm-none-eabi/4.5.2/../../../../arm-none-eabi/lib/thumb2/libc.a(lib_a-init.o)
 .ARM.attributes
                0x00000bb9       0x29 /home/laurence/CodeSourcery/Sourcery_G++_Lite/bin/../lib/gcc/arm-none-eabi/4.5.2/../../../../arm-none-eabi/lib/thumb2/libcs3.a(heap.o)

/DISCARD/
 *(.note.GNU-stack)
OUTPUT(main.elf elf32-littlearm)

Cross Reference Table

Symbol                                            File
ADC1_2_IRQHandler                                 lib/CMSIS_CM3/startup/gcc/startup_stm32f10x_md.o
ADC_AnalogWatchdogCmd                             lib/STM32F10x_StdPeriph_Driver/libstm32fw.a(stm32f10x_adc.o)
ADC_AnalogWatchdogSingleChannelConfig             lib/STM32F10x_StdPeriph_Driver/libstm32fw.a(stm32f10x_adc.o)
ADC_AnalogWatchdogThresholdsConfig                lib/STM32F10x_StdPeriph_Driver/libstm32fw.a(stm32f10x_adc.o)
ADC_AutoInjectedConvCmd                           lib/STM32F10x_StdPeriph_Driver/libstm32fw.a(stm32f10x_adc.o)
ADC_ClearFlag                                     lib/STM32F10x_StdPeriph_Driver/libstm32fw.a(stm32f10x_adc.o)
ADC_ClearITPendingBit                             lib/STM32F10x_StdPeriph_Driver/libstm32fw.a(stm32f10x_adc.o)
ADC_Cmd                                           lib/STM32F10x_StdPeriph_Driver/libstm32fw.a(stm32f10x_adc.o)
                                                  adc.o
ADC_Configuration                                 adc.o
                                                  main.o
ADC_DMACmd                                        lib/STM32F10x_StdPeriph_Driver/libstm32fw.a(stm32f10x_adc.o)
ADC_DeInit                                        lib/STM32F10x_StdPeriph_Driver/libstm32fw.a(stm32f10x_adc.o)
                                                  adc.o
ADC_DiscModeChannelCountConfig                    lib/STM32F10x_StdPeriph_Driver/libstm32fw.a(stm32f10x_adc.o)
ADC_DiscModeCmd                                   lib/STM32F10x_StdPeriph_Driver/libstm32fw.a(stm32f10x_adc.o)
ADC_ExternalTrigConvCmd                           lib/STM32F10x_StdPeriph_Driver/libstm32fw.a(stm32f10x_adc.o)
ADC_ExternalTrigInjectedConvCmd                   lib/STM32F10x_StdPeriph_Driver/libstm32fw.a(stm32f10x_adc.o)
ADC_ExternalTrigInjectedConvConfig                lib/STM32F10x_StdPeriph_Driver/libstm32fw.a(stm32f10x_adc.o)
ADC_GetCalibrationStatus                          lib/STM32F10x_StdPeriph_Driver/libstm32fw.a(stm32f10x_adc.o)
                                                  adc.o
ADC_GetConversionValue                            lib/STM32F10x_StdPeriph_Driver/libstm32fw.a(stm32f10x_adc.o)
                                                  adc.o
ADC_GetDualModeConversionValue                    lib/STM32F10x_StdPeriph_Driver/libstm32fw.a(stm32f10x_adc.o)
ADC_GetFlagStatus                                 lib/STM32F10x_StdPeriph_Driver/libstm32fw.a(stm32f10x_adc.o)
                                                  adc.o
ADC_GetITStatus                                   lib/STM32F10x_StdPeriph_Driver/libstm32fw.a(stm32f10x_adc.o)
ADC_GetInjectedConversionValue                    lib/STM32F10x_StdPeriph_Driver/libstm32fw.a(stm32f10x_adc.o)
ADC_GetResetCalibrationStatus                     lib/STM32F10x_StdPeriph_Driver/libstm32fw.a(stm32f10x_adc.o)
                                                  adc.o
ADC_GetSoftwareStartConvStatus                    lib/STM32F10x_StdPeriph_Driver/libstm32fw.a(stm32f10x_adc.o)
ADC_GetSoftwareStartInjectedConvCmdStatus         lib/STM32F10x_StdPeriph_Driver/libstm32fw.a(stm32f10x_adc.o)
ADC_IRQHandler                                    lib/libcs3-lanchon-stm32.a(lanchon_stm32_isr_interrupt.o)
                                                  lib/libcs3-lanchon-stm32.a(lanchon-stm32-vector.o)
ADC_ITConfig                                      lib/STM32F10x_StdPeriph_Driver/libstm32fw.a(stm32f10x_adc.o)
ADC_Init                                          lib/STM32F10x_StdPeriph_Driver/libstm32fw.a(stm32f10x_adc.o)
                                                  adc.o
ADC_InjectedChannelConfig                         lib/STM32F10x_StdPeriph_Driver/libstm32fw.a(stm32f10x_adc.o)
ADC_InjectedDiscModeCmd                           lib/STM32F10x_StdPeriph_Driver/libstm32fw.a(stm32f10x_adc.o)
ADC_InjectedSequencerLengthConfig                 lib/STM32F10x_StdPeriph_Driver/libstm32fw.a(stm32f10x_adc.o)
ADC_RegularChannelConfig                          lib/STM32F10x_StdPeriph_Driver/libstm32fw.a(stm32f10x_adc.o)
                                                  adc.o
ADC_ResetCalibration                              lib/STM32F10x_StdPeriph_Driver/libstm32fw.a(stm32f10x_adc.o)
                                                  adc.o
ADC_SetInjectedOffset                             lib/STM32F10x_StdPeriph_Driver/libstm32fw.a(stm32f10x_adc.o)
ADC_SoftwareStartConvCmd                          lib/STM32F10x_StdPeriph_Driver/libstm32fw.a(stm32f10x_adc.o)
                                                  adc.o
ADC_SoftwareStartInjectedConvCmd                  lib/STM32F10x_StdPeriph_Driver/libstm32fw.a(stm32f10x_adc.o)
ADC_StartCalibration                              lib/STM32F10x_StdPeriph_Driver/libstm32fw.a(stm32f10x_adc.o)
                                                  adc.o
ADC_StructInit                                    lib/STM32F10x_StdPeriph_Driver/libstm32fw.a(stm32f10x_adc.o)
ADC_TempSensorVrefintCmd                          lib/STM32F10x_StdPeriph_Driver/libstm32fw.a(stm32f10x_adc.o)
BKP_ClearFlag                                     lib/STM32F10x_StdPeriph_Driver/libstm32fw.a(stm32f10x_bkp.o)
BKP_ClearITPendingBit                             lib/STM32F10x_StdPeriph_Driver/libstm32fw.a(stm32f10x_bkp.o)
BKP_DeInit                                        lib/STM32F10x_StdPeriph_Driver/libstm32fw.a(stm32f10x_bkp.o)
                                                  Util/fat_fs/src/rtc.o
BKP_GetFlagStatus                                 lib/STM32F10x_StdPeriph_Driver/libstm32fw.a(stm32f10x_bkp.o)
BKP_GetITStatus                                   lib/STM32F10x_StdPeriph_Driver/libstm32fw.a(stm32f10x_bkp.o)
BKP_ITConfig                                      lib/STM32F10x_StdPeriph_Driver/libstm32fw.a(stm32f10x_bkp.o)
BKP_RTCOutputConfig                               lib/STM32F10x_StdPeriph_Driver/libstm32fw.a(stm32f10x_bkp.o)
BKP_ReadBackupRegister                            lib/STM32F10x_StdPeriph_Driver/libstm32fw.a(stm32f10x_bkp.o)
                                                  Util/fat_fs/src/rtc.o
BKP_SetRTCCalibrationValue                        lib/STM32F10x_StdPeriph_Driver/libstm32fw.a(stm32f10x_bkp.o)
BKP_TamperPinCmd                                  lib/STM32F10x_StdPeriph_Driver/libstm32fw.a(stm32f10x_bkp.o)
BKP_TamperPinLevelConfig                          lib/STM32F10x_StdPeriph_Driver/libstm32fw.a(stm32f10x_bkp.o)
BKP_WriteBackupRegister                           lib/STM32F10x_StdPeriph_Driver/libstm32fw.a(stm32f10x_bkp.o)
                                                  Util/fat_fs/src/rtc.o
Block_Read_count                                  Util/USB/memory.o
Block_offset                                      Util/USB/memory.o
Bot_Abort                                         Util/USB/usb_bot.o
                                                  Util/USB/usb_scsi.o
                                                  Util/USB/usb_prop.o
Bot_State                                         Util/USB/usb_bot.o
                                                  Util/USB/usb_scsi.o
                                                  Util/USB/usb_prop.o
                                                  Util/USB/memory.o
Bulk_Data_Buff                                    Util/USB/usb_bot.o
                                                  Util/USB/memory.o
BusFaultException                                 lib/libcs3-lanchon-stm32.a(lanchon_stm32_isr_interrupt.o)
                                                  lib/libcs3-lanchon-stm32.a(lanchon-stm32-vector.o)
BusFault_Handler                                  lib/CMSIS_CM3/startup/gcc/startup_stm32f10x_md.o
ByteSwap                                          lib/STM32_USB-FS-Device_Driver/libstm32usb.a(usb_regs.o)
                                                  lib/STM32_USB-FS-Device_Driver/libstm32usb.a(usb_core.o)
CAN1_RX1_IRQHandler                               lib/CMSIS_CM3/startup/gcc/startup_stm32f10x_md.o
CAN1_SCE_IRQHandler                               lib/CMSIS_CM3/startup/gcc/startup_stm32f10x_md.o
CAN_RX1_IRQHandler                                lib/libcs3-lanchon-stm32.a(lanchon_stm32_isr_interrupt.o)
                                                  lib/libcs3-lanchon-stm32.a(lanchon-stm32-vector.o)
CAN_SCE_IRQHandler                                lib/libcs3-lanchon-stm32.a(lanchon_stm32_isr_interrupt.o)
                                                  lib/libcs3-lanchon-stm32.a(lanchon-stm32-vector.o)
CBW                                               Util/USB/usb_bot.o
                                                  Util/USB/usb_scsi.o
                                                  Util/USB/usb_prop.o
CBW_Decode                                        Util/USB/usb_bot.o
CSW                                               Util/USB/usb_bot.o
                                                  Util/USB/memory.o
CTR_HP                                            lib/STM32_USB-FS-Device_Driver/libstm32usb.a(usb_int.o)
                                                  interrupts.o
CTR_LP                                            lib/STM32_USB-FS-Device_Driver/libstm32usb.a(usb_int.o)
                                                  Util/USB/usb_istr.o
ClearDTOG_RX                                      lib/STM32_USB-FS-Device_Driver/libstm32usb.a(usb_regs.o)
                                                  lib/STM32_USB-FS-Device_Driver/libstm32usb.a(usb_core.o)
                                                  Util/USB/usb_prop.o
ClearDTOG_TX                                      lib/STM32_USB-FS-Device_Driver/libstm32usb.a(usb_regs.o)
                                                  lib/STM32_USB-FS-Device_Driver/libstm32usb.a(usb_core.o)
                                                  Util/USB/usb_prop.o
ClearEPDoubleBuff                                 lib/STM32_USB-FS-Device_Driver/libstm32usb.a(usb_regs.o)
ClearEP_CTR_RX                                    lib/STM32_USB-FS-Device_Driver/libstm32usb.a(usb_regs.o)
ClearEP_CTR_TX                                    lib/STM32_USB-FS-Device_Driver/libstm32usb.a(usb_regs.o)
ClearEP_KIND                                      lib/STM32_USB-FS-Device_Driver/libstm32usb.a(usb_regs.o)
Clear_Status_Out                                  lib/STM32_USB-FS-Device_Driver/libstm32usb.a(usb_regs.o)
                                                  Util/USB/usb_prop.o
Config_Descriptor                                 Util/USB/usb_prop.o
Counter                                           Util/USB/memory.o
DMA1_Channel1_IRQHandler                          lib/CMSIS_CM3/startup/gcc/startup_stm32f10x_md.o
DMA1_Channel2_IRQHandler                          lib/CMSIS_CM3/startup/gcc/startup_stm32f10x_md.o
DMA1_Channel3_IRQHandler                          lib/CMSIS_CM3/startup/gcc/startup_stm32f10x_md.o
DMA1_Channel4_IRQHandler                          lib/CMSIS_CM3/startup/gcc/startup_stm32f10x_md.o
DMA1_Channel5_IRQHandler                          lib/CMSIS_CM3/startup/gcc/startup_stm32f10x_md.o
DMA1_Channel6_IRQHandler                          lib/CMSIS_CM3/startup/gcc/startup_stm32f10x_md.o
DMA1_Channel7_IRQHandler                          lib/CMSIS_CM3/startup/gcc/startup_stm32f10x_md.o
DMAChannel1_IRQHandler                            lib/libcs3-lanchon-stm32.a(lanchon_stm32_isr_interrupt.o)
                                                  lib/libcs3-lanchon-stm32.a(lanchon-stm32-vector.o)
DMAChannel2_IRQHandler                            lib/libcs3-lanchon-stm32.a(lanchon_stm32_isr_interrupt.o)
                                                  lib/libcs3-lanchon-stm32.a(lanchon-stm32-vector.o)
DMAChannel3_IRQHandler                            lib/libcs3-lanchon-stm32.a(lanchon_stm32_isr_interrupt.o)
                                                  lib/libcs3-lanchon-stm32.a(lanchon-stm32-vector.o)
DMAChannel4_IRQHandler                            lib/libcs3-lanchon-stm32.a(lanchon_stm32_isr_interrupt.o)
                                                  lib/libcs3-lanchon-stm32.a(lanchon-stm32-vector.o)
DMAChannel5_IRQHandler                            lib/libcs3-lanchon-stm32.a(lanchon_stm32_isr_interrupt.o)
                                                  lib/libcs3-lanchon-stm32.a(lanchon-stm32-vector.o)
DMAChannel6_IRQHandler                            lib/libcs3-lanchon-stm32.a(lanchon_stm32_isr_interrupt.o)
                                                  lib/libcs3-lanchon-stm32.a(lanchon-stm32-vector.o)
DMAChannel7_IRQHandler                            lib/libcs3-lanchon-stm32.a(lanchon_stm32_isr_interrupt.o)
                                                  lib/libcs3-lanchon-stm32.a(lanchon-stm32-vector.o)
DMA_ClearFlag                                     lib/STM32F10x_StdPeriph_Driver/libstm32fw.a(stm32f10x_dma.o)
DMA_ClearITPendingBit                             lib/STM32F10x_StdPeriph_Driver/libstm32fw.a(stm32f10x_dma.o)
DMA_Cmd                                           lib/STM32F10x_StdPeriph_Driver/libstm32fw.a(stm32f10x_dma.o)
                                                  Util/fat_fs/src/sd_spi_stm32.o
DMA_DeInit                                        lib/STM32F10x_StdPeriph_Driver/libstm32fw.a(stm32f10x_dma.o)
                                                  Util/fat_fs/src/sd_spi_stm32.o
DMA_GetCurrDataCounter                            lib/STM32F10x_StdPeriph_Driver/libstm32fw.a(stm32f10x_dma.o)
DMA_GetFlagStatus                                 lib/STM32F10x_StdPeriph_Driver/libstm32fw.a(stm32f10x_dma.o)
                                                  Util/fat_fs/src/sd_spi_stm32.o
DMA_GetITStatus                                   lib/STM32F10x_StdPeriph_Driver/libstm32fw.a(stm32f10x_dma.o)
DMA_ITConfig                                      lib/STM32F10x_StdPeriph_Driver/libstm32fw.a(stm32f10x_dma.o)
DMA_Init                                          lib/STM32F10x_StdPeriph_Driver/libstm32fw.a(stm32f10x_dma.o)
                                                  Util/fat_fs/src/sd_spi_stm32.o
DMA_StructInit                                    lib/STM32F10x_StdPeriph_Driver/libstm32fw.a(stm32f10x_dma.o)
Data_Buffer                                       Util/USB/mass_mal.o
                                                  Util/USB/memory.o
Data_Len                                          Util/USB/usb_bot.o
                                                  Util/USB/memory.o
Data_Mul_MaxPacketSize                            lib/STM32_USB-FS-Device_Driver/libstm32usb.a(usb_core.o)
DebugMon_Handler                                  lib/CMSIS_CM3/startup/gcc/startup_stm32f10x_md.o
DebugMonitor                                      lib/libcs3-lanchon-stm32.a(lanchon_stm32_isr_interrupt.o)
                                                  lib/libcs3-lanchon-stm32.a(lanchon-stm32-vector.o)
Default_Handler                                   lib/CMSIS_CM3/startup/gcc/startup_stm32f10x_md.o
Default_Usart_Config                              usart.o
Device_Descriptor                                 Util/USB/usb_prop.o
Device_Info                                       lib/STM32_USB-FS-Device_Driver/libstm32usb.a(usb_init.o)
                                                  Util/USB/usb_prop.o
                                                  Util/USB/hw_config.o
Device_Property                                   Util/USB/usb_prop.o
                                                  lib/STM32_USB-FS-Device_Driver/libstm32usb.a(usb_init.o)
                                                  lib/STM32_USB-FS-Device_Driver/libstm32usb.a(usb_core.o)
                                                  Util/USB/usb_istr.o
Device_Table                                      Util/USB/usb_prop.o
                                                  lib/STM32_USB-FS-Device_Driver/libstm32usb.a(usb_core.o)
EP1_IN_Callback                                   Util/USB/usb_endp.o
                                                  Util/USB/usb_istr.o
EP2_OUT_Callback                                  Util/USB/usb_endp.o
                                                  Util/USB/usb_istr.o
EPindex                                           lib/STM32_USB-FS-Device_Driver/libstm32usb.a(usb_int.o)
                                                  lib/STM32_USB-FS-Device_Driver/libstm32usb.a(usb_init.o)
EXTI0_IRQHandler                                  interrupts.o
                                                  lib/libcs3-lanchon-stm32.a(lanchon-stm32-vector.o)
EXTI15_10_IRQHandler                              lib/CMSIS_CM3/startup/gcc/startup_stm32f10x_md.o
                                                  lib/libcs3-lanchon-stm32.a(lanchon-stm32-vector.o)
EXTI1_IRQHandler                                  lib/CMSIS_CM3/startup/gcc/startup_stm32f10x_md.o
                                                  lib/libcs3-lanchon-stm32.a(lanchon-stm32-vector.o)
EXTI2_IRQHandler                                  lib/CMSIS_CM3/startup/gcc/startup_stm32f10x_md.o
                                                  lib/libcs3-lanchon-stm32.a(lanchon-stm32-vector.o)
EXTI3_IRQHandler                                  lib/CMSIS_CM3/startup/gcc/startup_stm32f10x_md.o
                                                  lib/libcs3-lanchon-stm32.a(lanchon-stm32-vector.o)
EXTI4_IRQHandler                                  lib/CMSIS_CM3/startup/gcc/startup_stm32f10x_md.o
                                                  lib/libcs3-lanchon-stm32.a(lanchon-stm32-vector.o)
EXTI9_5_IRQHandler                                lib/CMSIS_CM3/startup/gcc/startup_stm32f10x_md.o
                                                  lib/libcs3-lanchon-stm32.a(lanchon-stm32-vector.o)
EXTI_ClearFlag                                    lib/STM32F10x_StdPeriph_Driver/libstm32fw.a(stm32f10x_exti.o)
EXTI_ClearITPendingBit                            lib/STM32F10x_StdPeriph_Driver/libstm32fw.a(stm32f10x_exti.o)
                                                  interrupts.o
EXTI_Config                                       interrupts.o
                                                  main.o
EXTI_DeInit                                       lib/STM32F10x_StdPeriph_Driver/libstm32fw.a(stm32f10x_exti.o)
                                                  interrupts.o
EXTI_GenerateSWInterrupt                          lib/STM32F10x_StdPeriph_Driver/libstm32fw.a(stm32f10x_exti.o)
EXTI_GetFlagStatus                                lib/STM32F10x_StdPeriph_Driver/libstm32fw.a(stm32f10x_exti.o)
EXTI_GetITStatus                                  lib/STM32F10x_StdPeriph_Driver/libstm32fw.a(stm32f10x_exti.o)
                                                  interrupts.o
EXTI_Init                                         lib/STM32F10x_StdPeriph_Driver/libstm32fw.a(stm32f10x_exti.o)
                                                  interrupts.o
EXTI_StructInit                                   lib/STM32F10x_StdPeriph_Driver/libstm32fw.a(stm32f10x_exti.o)
Enter_LowPowerMode                                Util/USB/hw_config.o
                                                  Util/USB/usb_pwr.o
FLASH_IRQHandler                                  lib/CMSIS_CM3/startup/gcc/startup_stm32f10x_md.o
                                                  lib/libcs3-lanchon-stm32.a(lanchon-stm32-vector.o)
FreeUserBuffer                                    lib/STM32_USB-FS-Device_Driver/libstm32usb.a(usb_regs.o)
GPIO_AFIODeInit                                   lib/STM32F10x_StdPeriph_Driver/libstm32fw.a(stm32f10x_gpio.o)
GPIO_DeInit                                       lib/STM32F10x_StdPeriph_Driver/libstm32fw.a(stm32f10x_gpio.o)
GPIO_ETH_MediaInterfaceConfig                     lib/STM32F10x_StdPeriph_Driver/libstm32fw.a(stm32f10x_gpio.o)
GPIO_EXTILineConfig                               lib/STM32F10x_StdPeriph_Driver/libstm32fw.a(stm32f10x_gpio.o)
                                                  interrupts.o
GPIO_EventOutputCmd                               lib/STM32F10x_StdPeriph_Driver/libstm32fw.a(stm32f10x_gpio.o)
GPIO_EventOutputConfig                            lib/STM32F10x_StdPeriph_Driver/libstm32fw.a(stm32f10x_gpio.o)
GPIO_Init                                         lib/STM32F10x_StdPeriph_Driver/libstm32fw.a(stm32f10x_gpio.o)
                                                  usart.o
                                                  gpio.o
                                                  Util/stm32_eval_spi_sd.o
                                                  Util/fat_fs/src/sd_spi_stm32.o
GPIO_PinLockConfig                                lib/STM32F10x_StdPeriph_Driver/libstm32fw.a(stm32f10x_gpio.o)
GPIO_PinRemapConfig                               lib/STM32F10x_StdPeriph_Driver/libstm32fw.a(stm32f10x_gpio.o)
GPIO_ReadInputData                                lib/STM32F10x_StdPeriph_Driver/libstm32fw.a(stm32f10x_gpio.o)
GPIO_ReadInputDataBit                             lib/STM32F10x_StdPeriph_Driver/libstm32fw.a(stm32f10x_gpio.o)
                                                  interrupts.o
                                                  gpio.o
GPIO_ReadOutputData                               lib/STM32F10x_StdPeriph_Driver/libstm32fw.a(stm32f10x_gpio.o)
GPIO_ReadOutputDataBit                            lib/STM32F10x_StdPeriph_Driver/libstm32fw.a(stm32f10x_gpio.o)
GPIO_ResetBits                                    lib/STM32F10x_StdPeriph_Driver/libstm32fw.a(stm32f10x_gpio.o)
                                                  Util/stm32_eval_spi_sd.o
                                                  Util/fat_fs/src/sd_spi_stm32.o
GPIO_SetBits                                      lib/STM32F10x_StdPeriph_Driver/libstm32fw.a(stm32f10x_gpio.o)
                                                  Util/stm32_eval_spi_sd.o
                                                  Util/fat_fs/src/sd_spi_stm32.o
GPIO_StructInit                                   lib/STM32F10x_StdPeriph_Driver/libstm32fw.a(stm32f10x_gpio.o)
GPIO_Write                                        lib/STM32F10x_StdPeriph_Driver/libstm32fw.a(stm32f10x_gpio.o)
GPIO_WriteBit                                     lib/STM32F10x_StdPeriph_Driver/libstm32fw.a(stm32f10x_gpio.o)
                                                  main.o
                                                  gpio.o
                                                  Util/USB/usb_pwr.o
                                                  Util/USB/mass_mal.o
                                                  Util/USB/hw_config.o
GetBTABLE                                         lib/STM32_USB-FS-Device_Driver/libstm32usb.a(usb_regs.o)
GetCNTR                                           lib/STM32_USB-FS-Device_Driver/libstm32usb.a(usb_regs.o)
GetDADDR                                          lib/STM32_USB-FS-Device_Driver/libstm32usb.a(usb_regs.o)
GetENDPOINT                                       lib/STM32_USB-FS-Device_Driver/libstm32usb.a(usb_regs.o)
GetEPAddress                                      lib/STM32_USB-FS-Device_Driver/libstm32usb.a(usb_regs.o)
GetEPDblBuf0Addr                                  lib/STM32_USB-FS-Device_Driver/libstm32usb.a(usb_regs.o)
GetEPDblBuf0Count                                 lib/STM32_USB-FS-Device_Driver/libstm32usb.a(usb_regs.o)
GetEPDblBuf1Addr                                  lib/STM32_USB-FS-Device_Driver/libstm32usb.a(usb_regs.o)
GetEPDblBuf1Count                                 lib/STM32_USB-FS-Device_Driver/libstm32usb.a(usb_regs.o)
GetEPDblBufDir                                    lib/STM32_USB-FS-Device_Driver/libstm32usb.a(usb_regs.o)
GetEPRxAddr                                       lib/STM32_USB-FS-Device_Driver/libstm32usb.a(usb_regs.o)
                                                  lib/STM32_USB-FS-Device_Driver/libstm32usb.a(usb_sil.o)
                                                  lib/STM32_USB-FS-Device_Driver/libstm32usb.a(usb_core.o)
GetEPRxCount                                      lib/STM32_USB-FS-Device_Driver/libstm32usb.a(usb_regs.o)
                                                  lib/STM32_USB-FS-Device_Driver/libstm32usb.a(usb_sil.o)
GetEPRxStatus                                     lib/STM32_USB-FS-Device_Driver/libstm32usb.a(usb_regs.o)
GetEPTxAddr                                       lib/STM32_USB-FS-Device_Driver/libstm32usb.a(usb_regs.o)
                                                  lib/STM32_USB-FS-Device_Driver/libstm32usb.a(usb_sil.o)
                                                  lib/STM32_USB-FS-Device_Driver/libstm32usb.a(usb_core.o)
GetEPTxCount                                      lib/STM32_USB-FS-Device_Driver/libstm32usb.a(usb_regs.o)
GetEPTxStatus                                     lib/STM32_USB-FS-Device_Driver/libstm32usb.a(usb_regs.o)
GetEPType                                         lib/STM32_USB-FS-Device_Driver/libstm32usb.a(usb_regs.o)
GetFNR                                            lib/STM32_USB-FS-Device_Driver/libstm32usb.a(usb_regs.o)
GetISTR                                           lib/STM32_USB-FS-Device_Driver/libstm32usb.a(usb_regs.o)
GetRxStallStatus                                  lib/STM32_USB-FS-Device_Driver/libstm32usb.a(usb_regs.o)
GetTxStallStatus                                  lib/STM32_USB-FS-Device_Driver/libstm32usb.a(usb_regs.o)
Get_Max_Lun                                       Util/USB/usb_prop.o
Get_SerialNum                                     Util/USB/hw_config.o
                                                  Util/USB/usb_prop.o
HSEStartUpStatus                                  Util/USB/hw_config.o
HardFaultException                                lib/libcs3-lanchon-stm32.a(lanchon_stm32_isr_interrupt.o)
                                                  lib/libcs3-lanchon-stm32.a(lanchon-stm32-vector.o)
HardFault_Handler                                 lib/CMSIS_CM3/startup/gcc/startup_stm32f10x_md.o
I2C1_ER_IRQHandler                                lib/CMSIS_CM3/startup/gcc/startup_stm32f10x_md.o
                                                  lib/libcs3-lanchon-stm32.a(lanchon-stm32-vector.o)
I2C1_EV_IRQHandler                                lib/CMSIS_CM3/startup/gcc/startup_stm32f10x_md.o
                                                  lib/libcs3-lanchon-stm32.a(lanchon-stm32-vector.o)
I2C2_ER_IRQHandler                                lib/CMSIS_CM3/startup/gcc/startup_stm32f10x_md.o
                                                  lib/libcs3-lanchon-stm32.a(lanchon-stm32-vector.o)
I2C2_EV_IRQHandler                                lib/CMSIS_CM3/startup/gcc/startup_stm32f10x_md.o
                                                  lib/libcs3-lanchon-stm32.a(lanchon-stm32-vector.o)
I2S_Cmd                                           lib/STM32F10x_StdPeriph_Driver/libstm32fw.a(stm32f10x_spi.o)
I2S_Init                                          lib/STM32F10x_StdPeriph_Driver/libstm32fw.a(stm32f10x_spi.o)
I2S_StructInit                                    lib/STM32F10x_StdPeriph_Driver/libstm32fw.a(stm32f10x_spi.o)
Idx                                               Util/USB/memory.o
In0_Process                                       lib/STM32_USB-FS-Device_Driver/libstm32usb.a(usb_core.o)
                                                  lib/STM32_USB-FS-Device_Driver/libstm32usb.a(usb_int.o)
Isdigit                                           Util/rprintf.o
Leave_LowPowerMode                                Util/USB/hw_config.o
                                                  Util/USB/usb_pwr.o
Led_RW_OFF                                        Util/USB/hw_config.o
                                                  Util/USB/memory.o
Led_RW_ON                                         Util/USB/hw_config.o
                                                  Util/USB/memory.o
MAL_Config                                        Util/USB/hw_config.o
MAL_GetStatus                                     Util/USB/mass_mal.o
                                                  Util/USB/usb_scsi.o
MAL_Init                                          Util/USB/mass_mal.o
                                                  Util/USB/hw_config.o
MAL_Read                                          Util/USB/mass_mal.o
                                                  Util/USB/memory.o
MAL_Write                                         Util/USB/mass_mal.o
                                                  Util/USB/memory.o
MASS_ConfigDescriptor                             Util/USB/usb_desc.o
                                                  Util/USB/usb_prop.o
MASS_Data_Setup                                   Util/USB/usb_prop.o
MASS_DeviceDescriptor                             Util/USB/usb_desc.o
                                                  Util/USB/usb_prop.o
MASS_GetConfigDescriptor                          Util/USB/usb_prop.o
MASS_GetDeviceDescriptor                          Util/USB/usb_prop.o
MASS_GetStringDescriptor                          Util/USB/usb_prop.o
MASS_Get_Interface_Setting                        Util/USB/usb_prop.o
MASS_NoData_Setup                                 Util/USB/usb_prop.o
MASS_Reset                                        Util/USB/usb_prop.o
MASS_Status_In                                    Util/USB/usb_prop.o
MASS_Status_Out                                   Util/USB/usb_prop.o
MASS_StringInterface                              Util/USB/usb_desc.o