Archive member included because of file (symbol)

lib/STM32F10x_StdPeriph_Driver/libstm32fw.a(misc.o)
                              Util/USB/hw_config.o (NVIC_PriorityGroupConfig)
lib/STM32F10x_StdPeriph_Driver/libstm32fw.a(stm32f10x_adc.o)
                              adc.o (ADC_DeInit)
lib/STM32F10x_StdPeriph_Driver/libstm32fw.a(stm32f10x_bkp.o)
                              Util/fat_fs/src/rtc.o (BKP_DeInit)
lib/STM32F10x_StdPeriph_Driver/libstm32fw.a(stm32f10x_dma.o)
                              Util/fat_fs/src/sd_spi_stm32.o (DMA_DeInit)
lib/STM32F10x_StdPeriph_Driver/libstm32fw.a(stm32f10x_exti.o)
                              interrupts.o (EXTI_DeInit)
lib/STM32F10x_StdPeriph_Driver/libstm32fw.a(stm32f10x_gpio.o)
                              Util/fat_fs/src/sd_spi_stm32.o (GPIO_Init)
lib/STM32F10x_StdPeriph_Driver/libstm32fw.a(stm32f10x_pwr.o)
                              pwr.o (PWR_DeInit)
lib/STM32F10x_StdPeriph_Driver/libstm32fw.a(stm32f10x_rcc.o)
                              interrupts.o (RCC_HCLKConfig)
lib/STM32F10x_StdPeriph_Driver/libstm32fw.a(stm32f10x_rtc.o)
                              Util/fat_fs/src/rtc.o (RTC_GetCounter)
lib/STM32F10x_StdPeriph_Driver/libstm32fw.a(stm32f10x_spi.o)
                              Util/fat_fs/src/sd_spi_stm32.o (SPI_I2S_DeInit)
lib/STM32F10x_StdPeriph_Driver/libstm32fw.a(stm32f10x_usart.o)
                              usart.o (USART_Init)
lib/STM32_USB-FS-Device_Driver/libstm32usb.a(usb_core.o)
                              Util/USB/usb_prop.o (Standard_GetDescriptorData)
lib/STM32_USB-FS-Device_Driver/libstm32usb.a(usb_init.o)
                              main.o (USB_Init)
lib/STM32_USB-FS-Device_Driver/libstm32usb.a(usb_int.o)
                              Util/USB/usb_istr.o (CTR_LP)
lib/STM32_USB-FS-Device_Driver/libstm32usb.a(usb_mem.o)
                              lib/STM32_USB-FS-Device_Driver/libstm32usb.a(usb_core.o) (UserToPMABufferCopy)
lib/STM32_USB-FS-Device_Driver/libstm32usb.a(usb_regs.o)
                              Util/USB/usb_prop.o (SetBTABLE)
lib/STM32_USB-FS-Device_Driver/libstm32usb.a(usb_sil.o)
                              Util/USB/usb_prop.o (USB_SIL_Init)
/home/laurence/CodeSourcery/Sourcery_G++_Lite/bin/../lib/gcc/arm-none-eabi/4.5.2/thumb2/libgcc.a(_arm_addsubdf3.o)
                              Sensors/pressure.o (__aeabi_dsub)
/home/laurence/CodeSourcery/Sourcery_G++_Lite/bin/../lib/gcc/arm-none-eabi/4.5.2/thumb2/libgcc.a(_arm_muldivdf3.o)
                              Sensors/pressure.o (__aeabi_dmul)
/home/laurence/CodeSourcery/Sourcery_G++_Lite/bin/../lib/gcc/arm-none-eabi/4.5.2/thumb2/libgcc.a(_arm_truncdfsf2.o)
                              Sensors/pressure.o (__aeabi_d2f)
/home/laurence/CodeSourcery/Sourcery_G++_Lite/bin/../lib/gcc/arm-none-eabi/4.5.2/thumb2/libgcc.a(_arm_addsubsf3.o)
                              Util/rprintf.o (__aeabi_fsub)
/home/laurence/CodeSourcery/Sourcery_G++_Lite/bin/../lib/gcc/arm-none-eabi/4.5.2/thumb2/libgcc.a(_arm_muldivsf3.o)
                              Util/rprintf.o (__aeabi_fmul)
/home/laurence/CodeSourcery/Sourcery_G++_Lite/bin/../lib/gcc/arm-none-eabi/4.5.2/thumb2/libgcc.a(_arm_cmpsf2.o)
                              Util/rprintf.o (__aeabi_fcmpeq)
/home/laurence/CodeSourcery/Sourcery_G++_Lite/bin/../lib/gcc/arm-none-eabi/4.5.2/thumb2/libgcc.a(_arm_fixunssfsi.o)
                              Util/rprintf.o (__aeabi_f2uiz)
/home/laurence/CodeSourcery/Sourcery_G++_Lite/bin/../lib/gcc/arm-none-eabi/4.5.2/../../../../arm-none-eabi/lib/thumb2/libc.a(lib_a-malloc.o)
                              Util/USB/mass_mal.o (malloc)
/home/laurence/CodeSourcery/Sourcery_G++_Lite/bin/../lib/gcc/arm-none-eabi/4.5.2/../../../../arm-none-eabi/lib/thumb2/libc.a(lib_a-mallocr.o)
                              /home/laurence/CodeSourcery/Sourcery_G++_Lite/bin/../lib/gcc/arm-none-eabi/4.5.2/../../../../arm-none-eabi/lib/thumb2/libc.a(lib_a-malloc.o) (_malloc_r)
/home/laurence/CodeSourcery/Sourcery_G++_Lite/bin/../lib/gcc/arm-none-eabi/4.5.2/../../../../arm-none-eabi/lib/thumb2/libc.a(lib_a-mlock.o)
                              /home/laurence/CodeSourcery/Sourcery_G++_Lite/bin/../lib/gcc/arm-none-eabi/4.5.2/../../../../arm-none-eabi/lib/thumb2/libc.a(lib_a-mallocr.o) (__malloc_lock)
/home/laurence/CodeSourcery/Sourcery_G++_Lite/bin/../lib/gcc/arm-none-eabi/4.5.2/../../../../arm-none-eabi/lib/thumb2/libc.a(lib_a-sbrkr.o)
                              /home/laurence/CodeSourcery/Sourcery_G++_Lite/bin/../lib/gcc/arm-none-eabi/4.5.2/../../../../arm-none-eabi/lib/thumb2/libc.a(lib_a-mallocr.o) (_sbrk_r)
/home/laurence/CodeSourcery/Sourcery_G++_Lite/bin/../lib/gcc/arm-none-eabi/4.5.2/../../../../arm-none-eabi/lib/thumb2/libc.a(lib_a-strlen.o)
                              main.o (strlen)
/home/laurence/CodeSourcery/Sourcery_G++_Lite/bin/../lib/gcc/arm-none-eabi/4.5.2/../../../../arm-none-eabi/lib/thumb2/libc.a(lib_a-freer.o)
[...]
Memory Configuration

Name             Origin             Length             Attributes
ram              0x20000000         0x00005000         xrw
rom              0x08000000         0x00020000         xr
*default*        0x00000000         0xffffffff

Linker script and memory map

LOAD /home/laurence/CodeSourcery/Sourcery_G++_Lite/bin/../lib/gcc/arm-none-eabi/4.5.2/thumb2/crti.o
LOAD /home/laurence/CodeSourcery/Sourcery_G++_Lite/bin/../lib/gcc/arm-none-eabi/4.5.2/thumb2/crtbegin.o
LOAD Sensors/pressure.o
LOAD Util/USB/hw_config.o
LOAD Util/USB/mass_mal.o
LOAD Util/USB/memory.o
LOAD Util/USB/scsi_data.o
LOAD Util/USB/usb_bot.o
LOAD Util/USB/usb_desc.o
LOAD Util/USB/usb_endp.o
LOAD Util/USB/usb_istr.o
LOAD Util/USB/usb_prop.o
LOAD Util/USB/usb_pwr.o
LOAD Util/USB/usb_scsi.o
LOAD Util/fat_fs/src/fattime.o
LOAD Util/fat_fs/src/ff.o
LOAD Util/fat_fs/src/rtc.o
LOAD Util/fat_fs/src/sd_spi_stm32.o
LOAD Util/rprintf.o
LOAD Util/stm32_eval_spi_sd.o
LOAD adc.o
LOAD gpio.o
LOAD interrupts.o
LOAD lib/CMSIS_CM3/core_cm3.o
LOAD lib/CMSIS_CM3/startup/gcc/startup_stm32f10x_md.o
LOAD lib/CMSIS_CM3/system_stm32f10x.o
LOAD main.o
LOAD pwr.o
LOAD usart.o
LOAD lib/STM32F10x_StdPeriph_Driver/libstm32fw.a
LOAD lib/STM32_USB-FS-Device_Driver/libstm32usb.a
LOAD /home/laurence/CodeSourcery/Sourcery_G++_Lite/bin/../lib/gcc/arm-none-eabi/4.5.2/../../../../arm-none-eabi/lib/thumb2/libm.a
START GROUP
LOAD /home/laurence/CodeSourcery/Sourcery_G++_Lite/bin/../lib/gcc/arm-none-eabi/4.5.2/thumb2/libgcc.a
LOAD /home/laurence/CodeSourcery/Sourcery_G++_Lite/bin/../lib/gcc/arm-none-eabi/4.5.2/../../../../arm-none-eabi/lib/thumb2/libc.a
END GROUP
LOAD /home/laurence/CodeSourcery/Sourcery_G++_Lite/bin/../lib/gcc/arm-none-eabi/4.5.2/thumb2/crtend.o
LOAD /home/laurence/CodeSourcery/Sourcery_G++_Lite/bin/../lib/gcc/arm-none-eabi/4.5.2/thumb2/crtn.o
START GROUP
LOAD /home/laurence/CodeSourcery/Sourcery_G++_Lite/bin/../lib/gcc/arm-none-eabi/4.5.2/thumb2/libgcc.a
LOAD /home/laurence/CodeSourcery/Sourcery_G++_Lite/bin/../lib/gcc/arm-none-eabi/4.5.2/../../../../arm-none-eabi/lib/thumb2/libc.a
LOAD /home/laurence/CodeSourcery/Sourcery_G++_Lite/bin/../lib/gcc/arm-none-eabi/4.5.2/../../../../arm-none-eabi/lib/thumb2/libcs3.a
LOAD /home/laurence/CodeSourcery/Sourcery_G++_Lite/bin/../lib/gcc/arm-none-eabi/4.5.2/../../../../arm-none-eabi/lib/thumb2/libcs3unhosted.a
LOAD lib/libcs3-lanchon-stm32.a
END GROUP
                0x20005000                PROVIDE (__cs3_stack, (__cs3_region_start_ram + __cs3_region_size_ram))
                0x20000de8                PROVIDE (__cs3_heap_start, _end)
                0x20005000                PROVIDE (__cs3_heap_end, (__cs3_region_start_ram + __cs3_region_size_ram))

.text           0x08000000     0xdce0
 CREATE_OBJECT_SYMBOLS
                0x08000000                __cs3_region_start_rom = .
 *(.cs3.region-head.rom)
                0x08000000                __cs3_interrupt_vector = __cs3_interrupt_vector_lanchon_stm32
 *(.cs3.interrupt_vector)
 .cs3.interrupt_vector
                0x08000000       0xec lib/libcs3-lanchon-stm32.a(lanchon-stm32-vector.o)
                0x08000000                __cs3_interrupt_vector_lanchon_stm32
                0x08000001                ASSERT ((. != __cs3_interrupt_vector_lanchon_stm32), No interrupt vector)
 *(.rom)
 *(.rom.b)
                0x0800dacc                PROVIDE (__cs3_reset_lanchon_stm32, _start)
                0x0800dacc                __cs3_reset = __cs3_reset_lanchon_stm32
 *(.cs3.reset)
 *(.text .text.* .gnu.linkonce.t.*)
 .text          0x080000ec       0x30 /home/laurence/CodeSourcery/Sourcery_G++_Lite/bin/../lib/gcc/arm-none-eabi/4.5.2/thumb2/crtbegin.o
 *fill*         0x0800011c        0x4 00
 .text          0x08000120      0x130 Sensors/pressure.o
                0x08000120                calibrate_sensor
                0x08000208                conv_adc_diff
 .text          0x08000250      0x2a0 Util/USB/hw_config.o
                0x08000250                Set_System
                0x08000258                Set_USBClock
                0x08000270                Enter_LowPowerMode
                0x0800027c                Leave_LowPowerMode
                0x0800029c                USB_Interrupts_Config
                0x080002e0                Led_RW_ON
                0x080002f0                Led_RW_OFF
                0x08000300                USB_Configured_LED
                0x08000310                USB_NotConfigured_LED
                0x08000320                USB_Cable_Config
                0x08000324                Get_SerialNum
                0x080004e8                MAL_Config
 .text          0x080004f0       0xd8 Util/USB/mass_mal.o
                0x080004f0                MAL_Init
                0x08000538                MAL_Write
                0x0800055c                MAL_Read
                0x08000580                MAL_GetStatus
 .text          0x080005c8      0x1cc Util/USB/memory.o
                0x080005c8                Read_Memory
                0x080006a4                Write_Memory
 .text          0x08000794      0x654 Util/USB/usb_bot.o
                0x08000794                Mass_Storage_In
                0x0800080c                CBW_Decode
                0x08000cc8                Mass_Storage_Out
                0x08000d3c                Transfer_Data_Request
                0x08000d6c                Set_CSW
                0x08000da8                Bot_Abort
 .text          0x08000de8        0x8 Util/USB/usb_endp.o
                0x08000de8                EP1_IN_Callback
                0x08000dec                EP2_OUT_Callback
 .text          0x08000df0       0xec Util/USB/usb_istr.o
                0x08000df0                USB_Istr
 .text          0x08000edc      0x268 Util/USB/usb_prop.o
                0x08000edc                Mass_Storage_SetDeviceAddress
                0x08000ee8                MASS_Status_In
                0x08000eec                MASS_Status_Out
                0x08000ef0                MASS_Get_Interface_Setting
                0x08000f00                Get_Max_Lun
                0x08000f18                MASS_Data_Setup
                0x08000f5c                MASS_GetStringDescriptor
                0x08000f7c                MASS_GetConfigDescriptor
                0x08000f88                MASS_GetDeviceDescriptor
                0x08000f94                MASS_NoData_Setup
                0x08000fe4                Mass_Storage_SetConfiguration
                0x08001014                Mass_Storage_ClearFeature
                0x08001030                MASS_Reset
                0x08001120                MASS_init
 .text          0x08001144      0x1c4 Util/USB/usb_pwr.o
                0x08001144                PowerOn
                0x08001174                PowerOff
                0x08001198                Suspend
                0x080011dc                Resume_Init
                0x0800121c                Resume
 .text          0x08001308      0x460 Util/USB/usb_scsi.o
                0x08001308                SCSI_Inquiry_Cmd
                0x08001340                SCSI_ReadFormatCapacity_Cmd
                0x080013b4                SCSI_ReadCapacity10_Cmd
                0x08001430                SCSI_ModeSense6_Cmd
                0x0800143c                SCSI_ModeSense10_Cmd
                0x08001448                SCSI_RequestSense_Cmd
                0x08001460                Set_Scsi_Sense_Data
                0x0800146c                SCSI_Start_Stop_Unit_Cmd
                0x08001474                SCSI_Read10_Cmd
                0x08001524                SCSI_Write10_Cmd
                0x080015d0                SCSI_Verify10_Cmd
                0x08001610                SCSI_Valid_Cmd
                0x08001648                SCSI_TestUnitReady_Cmd
                0x0800167c                SCSI_Format_Cmd
                0x080016a8                SCSI_Invalid_Cmd
                0x080016e4                SCSI_Address_Management
 .text          0x08001768       0x48 Util/fat_fs/src/fattime.o
                0x08001768                get_fattime
 .text          0x080017b0     0x44dc Util/fat_fs/src/ff.o
                0x08001ea4                clust2sect
                0x08001ec0                get_fat
                0x08002464                put_fat
                0x08003880                f_mount
                0x080038a0                f_open
                0x08003d0c                f_read
                0x080041cc                f_write
                0x080046f4                f_sync
                0x080048cc                f_close
                0x080048dc                f_lseek
                0x08004aa8                f_opendir
                0x08004b10                f_readdir
                0x08004cb8                f_stat
                0x08004d00                f_getfree
                0x08004f64                f_truncate
                0x080050d4                f_unlink
                0x08005434                f_mkdir
                0x08005874                f_chmod
                0x080058cc                f_utime
                0x08005928                f_rename
 .text          0x08005c8c      0x4f4 Util/fat_fs/src/rtc.o
                0x08005c8c                rtc_gettime
                0x08005e0c                my_RTC_SetCounter
                0x08005e30                rtc_settime
                0x080060d4                rtc_init
 .text          0x08006180      0xfa8 Util/fat_fs/src/sd_spi_stm32.o
                0x080065b8                disk_initialize
                0x08006764                disk_status
                0x08006774                disk_read
                0x080068f0                disk_write
                0x08006a90                disk_ioctl
                0x080070ec                disk_timerproc
 .text          0x08007128     0x1dcc Util/rprintf.o
                0x08007128                rprintfInit
                0x08007134                rprintfChar
                0x0800715c                rprintfStr
                0x08007194                rprintfStrLen
                0x080073a4                rprintfCRLF
                0x080073bc                rprintfu04
                0x080073e8                rprintfu08
                0x08007430                rprintfu16
                0x080074cc                rprintfu32
                0x08007618                rprintfNum
                0x08007ac0                rprintfFloat
                0x08007d2c                rprintf2RamRom
                0x08008e9c                Isdigit
                0x08008eac                atoiRamRom
                0x08008ee4                rStrLen
 .text          0x08008ef4       0xa0 adc.o
                0x08008ef4                ADC_Configuration
                0x08008f64                readADC1
 .text          0x08008f94      0x16c gpio.o
                0x08008f94                setup_gpio
                0x080090a4                switch_leds_on
                0x080090cc                switch_leds_off
                0x080090f4                get_wkup
 .text          0x08009100      0x148 interrupts.o
                0x08009100                EXTI_Config
                0x0800918c                SysTick_Configuration
                0x080091c0                EXTI0_IRQHandler
                0x0800923c                SysTickHandler
                0x08009240                USB_HP_CAN_TX_IRQHandler
                0x08009244                USB_LP_CAN_RX0_IRQHandler
 .text.Default_Handler
                0x08009248        0x2 lib/CMSIS_CM3/startup/gcc/startup_stm32f10x_md.o
                0x08009248                EXTI2_IRQHandler
                0x08009248                DebugMon_Handler
                0x08009248                TIM1_CC_IRQHandler
                0x08009248                HardFault_Handler
                0x08009248                SysTick_Handler
                0x08009248                PVD_IRQHandler
                0x08009248                PendSV_Handler
                0x08009248                NMI_Handler
                0x08009248                EXTI3_IRQHandler
                0x08009248                I2C2_EV_IRQHandler
                0x08009248                UsageFault_Handler
                0x08009248                ADC1_2_IRQHandler
                0x08009248                SPI1_IRQHandler
                0x08009248                TAMPER_IRQHandler
                0x08009248                DMA1_Channel4_IRQHandler
                0x08009248                USART3_IRQHandler
                0x08009248                RTC_IRQHandler
                0x08009248                DMA1_Channel7_IRQHandler
                0x08009248                CAN1_RX1_IRQHandler
                0x08009248                TIM4_IRQHandler
                0x08009248                I2C1_EV_IRQHandler
                0x08009248                DMA1_Channel6_IRQHandler
                0x08009248                TIM3_IRQHandler
                0x08009248                RCC_IRQHandler
                0x08009248                TIM1_TRG_COM_IRQHandler
                0x08009248                DMA1_Channel1_IRQHandler
                0x08009248                Default_Handler
                0x08009248                EXTI15_10_IRQHandler
                0x08009248                EXTI9_5_IRQHandler
                0x08009248                SPI2_IRQHandler
                0x08009248                MemManage_Handler
                0x08009248                SVC_Handler
                0x08009248                DMA1_Channel5_IRQHandler
                0x08009248                EXTI4_IRQHandler
                0x08009248                USB_LP_CAN1_RX0_IRQHandler
                0x08009248                USB_HP_CAN1_TX_IRQHandler
                0x08009248                DMA1_Channel3_IRQHandler
                0x08009248                TIM1_UP_IRQHandler
                0x08009248                WWDG_IRQHandler
                0x08009248                TIM2_IRQHandler
                0x08009248                TIM1_BRK_IRQHandler
                0x08009248                EXTI1_IRQHandler
                0x08009248                RTCAlarm_IRQHandler
                0x08009248                USART2_IRQHandler
                0x08009248                I2C2_ER_IRQHandler
                0x08009248                DMA1_Channel2_IRQHandler
                0x08009248                CAN1_SCE_IRQHandler
                0x08009248                FLASH_IRQHandler
                0x08009248                BusFault_Handler
                0x08009248                USART1_IRQHandler
                0x08009248                I2C1_ER_IRQHandler
                0x08009248                USBWakeUp_IRQHandler
 *fill*         0x0800924a        0x2 00
 .text          0x0800924c       0xfc lib/CMSIS_CM3/system_stm32f10x.o
                0x0800924c                SystemInit
 .text          0x08009348      0x220 main.o
                0x08009348                __str_print_char
                0x08009374                main
                0x08009544                __fat_print_char
 .text          0x08009568       0x2c pwr.o
                0x08009568                setuppwr
                0x0800957c                shutdown
                0x0800958c                disable_pin
 .text          0x08009594      0x110 usart.o
                0x08009594                Usarts_Init
                0x08009640                Default_Usart_Config
                0x0800965c                Usart_Send_Str
                0x08009688                __usart_send_char
 .text          0x080096a4       0xb8 lib/STM32F10x_StdPeriph_Driver/libstm32fw.a(misc.o)
                0x080096a4                NVIC_PriorityGroupConfig
                0x080096b8                NVIC_Init
                0x08009718                NVIC_SetVectorTable
                0x0800972c                NVIC_SystemLPConfig
                0x08009744                SysTick_CLKSourceConfig
 .text          0x0800975c      0x380 lib/STM32F10x_StdPeriph_Driver/libstm32fw.a(stm32f10x_adc.o)
                0x0800975c                ADC_DeInit
                0x080097b8                ADC_Init
                0x08009804                ADC_StructInit
                0x08009816                ADC_Cmd
                0x0800982a                ADC_DMACmd
                0x0800983e                ADC_ITConfig
                0x08009852                ADC_ResetCalibration
                0x0800985c                ADC_GetResetCalibrationStatus
                0x08009864                ADC_StartCalibration
                0x0800986e                ADC_GetCalibrationStatus
                0x08009876                ADC_SoftwareStartConvCmd
                0x0800988a                ADC_GetSoftwareStartConvStatus
                0x08009892                ADC_DiscModeChannelCountConfig
                0x080098a2                ADC_DiscModeCmd
                0x080098b6                ADC_RegularChannelConfig
                0x08009944                ADC_ExternalTrigConvCmd
                0x08009958                ADC_GetConversionValue
                0x0800995e                ADC_GetDualModeConversionValue
                0x08009968                ADC_AutoInjectedConvCmd
                0x0800997c                ADC_InjectedDiscModeCmd
                0x08009990                ADC_ExternalTrigInjectedConvConfig
                0x0800999e                ADC_ExternalTrigInjectedConvCmd
                0x080099b2                ADC_SoftwareStartInjectedConvCmd
                0x080099c6                ADC_GetSoftwareStartInjectedConvCmdStatus
                0x080099ce                ADC_InjectedChannelConfig
                0x08009a2a                ADC_InjectedSequencerLengthConfig
                0x08009a3a                ADC_SetInjectedOffset
                0x08009a50                ADC_GetInjectedConversionValue
                0x08009a6a                ADC_AnalogWatchdogCmd
                0x08009a7c                ADC_AnalogWatchdogThresholdsConfig
                0x08009a82                ADC_AnalogWatchdogSingleChannelConfig
                0x08009a90                ADC_TempSensorVrefintCmd
                0x08009aac                ADC_GetFlagStatus
                0x08009ab8                ADC_ClearFlag
                0x08009abe                ADC_GetITStatus
                0x08009ad4                ADC_ClearITPendingBit
 .text          0x08009adc       0xe0 lib/STM32F10x_StdPeriph_Driver/libstm32fw.a(stm32f10x_bkp.o)
                0x08009adc                BKP_DeInit
                0x08009aee                BKP_TamperPinLevelConfig
                0x08009af8                BKP_TamperPinCmd
                0x08009b04                BKP_ITConfig
                0x08009b10                BKP_RTCOutputConfig
                0x08009b28                BKP_SetRTCCalibrationValue
                0x08009b40                BKP_WriteBackupRegister
                0x08009b5c                BKP_ReadBackupRegister
                0x08009b7c                BKP_GetFlagStatus
                0x08009b88                BKP_ClearFlag
                0x08009b9c                BKP_GetITStatus
                0x08009ba8                BKP_ClearITPendingBit
 .text          0x08009bbc      0x1f0 lib/STM32F10x_StdPeriph_Driver/libstm32fw.a(stm32f10x_dma.o)
                0x08009bbc                DMA_DeInit
                0x08009cb8                DMA_Init
                0x08009cf8                DMA_StructInit
                0x08009d12                DMA_Cmd
                0x08009d26                DMA_ITConfig
                0x08009d38                DMA_GetCurrDataCounter
                0x08009d3e                DMA_GetFlagStatus
                0x08009d5c                DMA_ClearFlag
                0x08009d74                DMA_GetITStatus
                0x08009d94                DMA_ClearITPendingBit
 .text          0x08009dac      0x108 lib/STM32F10x_StdPeriph_Driver/libstm32fw.a(stm32f10x_exti.o)
                0x08009dac                EXTI_DeInit
                0x08009dc8                EXTI_Init
                0x08009e4c                EXTI_StructInit
                0x08009e5a                EXTI_GenerateSWInterrupt
                0x08009e6c                EXTI_GetFlagStatus
                0x08009e80                EXTI_ClearFlag
                0x08009e8c                EXTI_GetITStatus
                0x08009ea8                EXTI_ClearITPendingBit
 .text          0x08009eb4      0x278 lib/STM32F10x_StdPeriph_Driver/libstm32fw.a(stm32f10x_gpio.o)
                0x08009eb4                GPIO_DeInit
                0x08009f60                GPIO_AFIODeInit
                0x08009f76                GPIO_Init
                0x0800a00e                GPIO_StructInit
                0x0800a01e                GPIO_ReadInputDataBit
                0x0800a02a                GPIO_ReadInputData
                0x0800a030                GPIO_ReadOutputDataBit
                0x0800a03c                GPIO_ReadOutputData
                0x0800a042                GPIO_SetBits
                0x0800a046                GPIO_ResetBits
                0x0800a04a                GPIO_WriteBit
                0x0800a054                GPIO_Write
                0x0800a058                GPIO_PinLockConfig
                0x0800a068                GPIO_EventOutputConfig
                0x0800a088                GPIO_EventOutputCmd
                0x0800a094                GPIO_PinRemapConfig
                0x0800a0ec                GPIO_EXTILineConfig
                0x0800a120                GPIO_ETH_MediaInterfaceConfig
 .text          0x0800a12c       0xcc lib/STM32F10x_StdPeriph_Driver/libstm32fw.a(stm32f10x_pwr.o)
                0x0800a130                PWR_DeInit
                0x0800a14a                PWR_BackupAccessCmd
                0x0800a154                PWR_PVDCmd
                0x0800a160                PWR_PVDLevelConfig
                0x0800a174                PWR_WakeUpPinCmd
                0x0800a180                PWR_EnterSTOPMode
                0x0800a1ac                PWR_EnterSTANDBYMode
                0x0800a1d4                PWR_GetFlagStatus
                0x0800a1e8                PWR_ClearFlag
 .text          0x0800a1f8      0x360 lib/STM32F10x_StdPeriph_Driver/libstm32fw.a(stm32f10x_rcc.o)
                0x0800a1f8                RCC_DeInit
                0x0800a238                RCC_HSEConfig
                0x0800a270                RCC_AdjustHSICalibrationValue
                0x0800a284                RCC_HSICmd
                0x0800a290                RCC_PLLConfig
                0x0800a2a8                RCC_PLLCmd
                0x0800a2b4                RCC_SYSCLKConfig
                0x0800a2c8                RCC_GetSYSCLKSource
                0x0800a2d8                RCC_HCLKConfig
                0x0800a2ec                RCC_PCLK1Config
                0x0800a300                RCC_PCLK2Config
                0x0800a314                RCC_ITConfig
                0x0800a32c                RCC_USBCLKConfig
                0x0800a338                RCC_ADCCLKConfig
                0x0800a34c                RCC_LSEConfig
                0x0800a36c                RCC_LSICmd
                0x0800a378                RCC_RTCCLKConfig
                0x0800a388                RCC_RTCCLKCmd
                0x0800a394                RCC_GetClocksFreq
                0x0800a438                RCC_AHBPeriphClockCmd
                0x0800a450                RCC_APB2PeriphClockCmd
                0x0800a468                RCC_APB1PeriphClockCmd
                0x0800a480                RCC_APB2PeriphResetCmd
                0x0800a498                RCC_APB1PeriphResetCmd
                0x0800a4b0                RCC_BackupResetCmd
                0x0800a4bc                RCC_ClockSecuritySystemCmd
                0x0800a4c8                RCC_MCOConfig
                0x0800a4d4                RCC_GetFlagStatus
                0x0800a4fc                RCC_WaitForHSEStartUp
                0x0800a528                RCC_ClearFlag
                0x0800a538                RCC_GetITStatus
                0x0800a54c                RCC_ClearITPendingBit
 .text          0x0800a558      0x158 lib/STM32F10x_StdPeriph_Driver/libstm32fw.a(stm32f10x_rtc.o)
                0x0800a558                RTC_ITConfig
                0x0800a574                RTC_EnterConfigMode
                0x0800a588                RTC_ExitConfigMode
                0x0800a59c                RTC_GetCounter
                0x0800a5b0                RTC_SetCounter
                0x0800a5cc                RTC_SetPrescaler
                0x0800a5ec                RTC_SetAlarm
                0x0800a608                RTC_GetDivider
                0x0800a620                RTC_WaitForLastTask
                0x0800a630                RTC_WaitForSynchro
                0x0800a650                RTC_GetFlagStatus
                0x0800a664                RTC_ClearFlag
                0x0800a678                RTC_GetITStatus
                0x0800a69c                RTC_ClearITPendingBit
 .text          0x0800a6b0      0x2d4 lib/STM32F10x_StdPeriph_Driver/libstm32fw.a(stm32f10x_spi.o)
                0x0800a6b0                SPI_I2S_DeInit
                0x0800a714                SPI_Init
                0x0800a754                I2S_Init
                0x0800a7f4                SPI_StructInit
                0x0800a80c                I2S_StructInit
                0x0800a81e                SPI_Cmd
                0x0800a838                I2S_Cmd
                0x0800a852                SPI_I2S_ITConfig
                0x0800a870                SPI_I2S_DMACmd
                0x0800a886                SPI_I2S_SendData
                0x0800a88a                SPI_I2S_ReceiveData
                0x0800a890                SPI_NSSInternalSoftwareConfig
                0x0800a8b0                SPI_SSOutputCmd
                0x0800a8ca                SPI_DataSizeConfig
                0x0800a8e2                SPI_TransmitCRC
                0x0800a8ee                SPI_CalculateCRC
                0x0800a908                SPI_GetCRC
                0x0800a918                SPI_GetCRCPolynomial
                0x0800a91e                SPI_BiDirectionalLineConfig
                0x0800a93c                SPI_I2S_GetFlagStatus
                0x0800a948                SPI_I2S_ClearFlag
                0x0800a94e                SPI_I2S_GetITStatus
                0x0800a974                SPI_I2S_ClearITPendingBit
 .text          0x0800a984      0x374 lib/STM32F10x_StdPeriph_Driver/libstm32fw.a(stm32f10x_usart.o)
                0x0800a984                USART_DeInit
                0x0800aa1c                USART_Init
                0x0800aaac                USART_StructInit
                0x0800aac2                USART_ClockInit
                0x0800aae8                USART_ClockStructInit
                0x0800aaf4                USART_Cmd
                0x0800ab0e                USART_ITConfig
                0x0800ab44                USART_DMACmd
                0x0800ab5a                USART_SetAddress
                0x0800ab72                USART_WakeUpConfig
                0x0800ab8a                USART_ReceiverWakeUpCmd
                0x0800aba4                USART_LINBreakDetectLengthConfig
                0x0800abbc                USART_LINCmd
                0x0800abd6                USART_SendData
                0x0800abde                USART_ReceiveData
                0x0800abe6                USART_SendBreak
                0x0800abf2                USART_SetGuardTime
                0x0800ac04                USART_SetPrescaler
                0x0800ac18                USART_SmartCardCmd
                0x0800ac32                USART_SmartCardNACKCmd
                0x0800ac4c                USART_HalfDuplexCmd
                0x0800ac66                USART_IrDAConfig
                0x0800ac7e                USART_IrDACmd
                0x0800ac98                USART_GetFlagStatus
                0x0800aca4                USART_ClearFlag
                0x0800acaa                USART_GetITStatus
                0x0800acea                USART_ClearITPendingBit
 .text          0x0800acf8      0xa54 lib/STM32_USB-FS-Device_Driver/libstm32usb.a(usb_core.o)
                0x0800acf8                Standard_GetConfiguration
                0x0800ad20                Standard_GetInterface
                0x0800ad48                Standard_GetStatus
                0x0800aebc                Standard_SetConfiguration
                0x0800aef8                Standard_SetInterface
                0x0800af48                Standard_ClearFeature
                0x0800b044                Standard_SetEndPointFeature
                0x0800b0f8                Standard_SetDeviceFeature
                0x0800b11c                Standard_GetDescriptorData
                0x0800b138                Post0_Process
                0x0800b180                Out0_Process
                0x0800b25c                Setup0_Process
                0x0800b62c                SetDeviceAddress
                0x0800b6e8                In0_Process
                0x0800b748                NOP_Process
 .text          0x0800b74c       0x38 lib/STM32_USB-FS-Device_Driver/libstm32usb.a(usb_init.o)
                0x0800b74c                USB_Init
 .text          0x0800b784      0x25c lib/STM32_USB-FS-Device_Driver/libstm32usb.a(usb_int.o)
                0x0800b784                CTR_LP
                0x0800b94c                CTR_HP
 .text          0x0800b9e0       0xb8 lib/STM32_USB-FS-Device_Driver/libstm32usb.a(usb_mem.o)
                0x0800b9e0                UserToPMABufferCopy
                0x0800ba48                PMAToUserBufferCopy
 .text          0x0800ba98      0x880 lib/STM32_USB-FS-Device_Driver/libstm32usb.a(usb_regs.o)
                0x0800ba98                SetCNTR
                0x0800baa4                GetCNTR
                0x0800bab0                SetISTR
                0x0800babc                GetISTR
                0x0800bac8                GetFNR
                0x0800bad4                SetDADDR
                0x0800bae0                GetDADDR
                0x0800baec                SetBTABLE
                0x0800bb00                GetBTABLE
                0x0800bb0c                SetENDPOINT
                0x0800bb1c                GetENDPOINT
                0x0800bb2c                SetEPType
                0x0800bb48                GetEPType
                0x0800bb5c                SetEPTxStatus
                0x0800bb9c                SetEPRxStatus
                0x0800bbdc                SetDouBleBuffEPStall
                0x0800bc04                GetEPTxStatus
                0x0800bc18                GetEPRxStatus
                0x0800bc2c                SetEPTxValid
                0x0800bc50                SetEPRxValid
                0x0800bc74                SetEP_KIND
                0x0800bc94                ClearEP_KIND
                0x0800bcb4                Clear_Status_Out
                0x0800bcd4                Set_Status_Out
                0x0800bcf4                SetEPDoubleBuff
                0x0800bd14                ClearEPDoubleBuff
                0x0800bd34                GetTxStallStatus
                0x0800bd54                GetRxStallStatus
                0x0800bd74                ClearEP_CTR_RX
                0x0800bd8c                ClearEP_CTR_TX
                0x0800bda4                ToggleDTOG_RX
                0x0800bdc4                ToggleDTOG_TX
                0x0800bde4                ClearDTOG_RX
                0x0800be0c                ClearDTOG_TX
                0x0800be34                SetEPAddress
                0x0800be58                GetEPAddress
                0x0800be6c                SetEPTxAddr
                0x0800be90                SetEPRxAddr
                0x0800beb8                GetEPTxAddr
                0x0800bed8                GetEPRxAddr
                0x0800bef8                SetEPTxCount
                0x0800bf18                SetEPCountRxReg
                0x0800bf44                SetEPRxCount
                0x0800bf8c                GetEPTxCount
                0x0800bfb0                GetEPRxCount
                0x0800bfd4                SetEPDblBuffAddr
                0x0800c01c                SetEPDblBuf0Addr
                0x0800c040                SetEPDblBuf1Addr
                0x0800c068                GetEPDblBuf0Addr
                0x0800c088                GetEPDblBuf1Addr
                0x0800c0a8                SetEPDblBuffCount
                0x0800c154                SetEPDblBuf0Count
                0x0800c1bc                SetEPDblBuf1Count
                0x0800c224                GetEPDblBuf0Count
                0x0800c248                GetEPDblBuf1Count
                0x0800c26c                GetEPDblBufDir
                0x0800c2b4                FreeUserBuffer
                0x0800c304                ToWord
                0x0800c30c                ByteSwap
 .text          0x0800c318       0x6c lib/STM32_USB-FS-Device_Driver/libstm32usb.a(usb_sil.o)
                0x0800c318                USB_SIL_Init
                0x0800c338                USB_SIL_Write
                0x0800c360                USB_SIL_Read
 .text          0x0800c384      0x370 /home/laurence/CodeSourcery/Sourcery_G++_Lite/bin/../lib/gcc/arm-none-eabi/4.5.2/thumb2/libgcc.a(_arm_addsubdf3.o)
                0x0800c384                __aeabi_drsub
                0x0800c38c                __aeabi_dsub
                0x0800c38c                __subdf3
                0x0800c390                __adddf3
                0x0800c390                __aeabi_dadd
                0x0800c608                __aeabi_ui2d
                0x0800c608                __floatunsidf
                0x0800c628                __floatsidf
                0x0800c628                __aeabi_i2d
                0x0800c64c                __extendsfdf2
                0x0800c64c                __aeabi_f2d
                0x0800c688                __aeabi_ul2d
                0x0800c688                __floatundidf
                0x0800c698                __floatdidf
                0x0800c698                __aeabi_l2d
 .text          0x0800c6f4      0x424 /home/laurence/CodeSourcery/Sourcery_G++_Lite/bin/../lib/gcc/arm-none-eabi/4.5.2/thumb2/libgcc.a(_arm_muldivdf3.o)
                0x0800c6f4                __aeabi_dmul
                0x0800c6f4                __muldf3
                0x0800c948                __aeabi_ddiv
                0x0800c948                __divdf3
 .text          0x0800cb18       0xa0 /home/laurence/CodeSourcery/Sourcery_G++_Lite/bin/../lib/gcc/arm-none-eabi/4.5.2/thumb2/libgcc.a(_arm_truncdfsf2.o)
                0x0800cb18                __aeabi_d2f
                0x0800cb18                __truncdfsf2
 .text          0x0800cbb8      0x21c /home/laurence/CodeSourcery/Sourcery_G++_Lite/bin/../lib/gcc/arm-none-eabi/4.5.2/thumb2/libgcc.a(_arm_addsubsf3.o)
                0x0800cbb8                __aeabi_frsub
                0x0800cbc0                __subsf3
                0x0800cbc0                __aeabi_fsub
                0x0800cbc4                __aeabi_fadd
                0x0800cbc4                __addsf3
                0x0800cd24                __aeabi_ui2f
                0x0800cd24                __floatunsisf
                0x0800cd2c                __aeabi_i2f
                0x0800cd2c                __floatsisf
                0x0800cd48                __floatundisf
                0x0800cd48                __aeabi_ul2f
                0x0800cd58                __floatdisf
                0x0800cd58                __aeabi_l2f
 .text          0x0800cdd4      0x2a0 /home/laurence/CodeSourcery/Sourcery_G++_Lite/bin/../lib/gcc/arm-none-eabi/4.5.2/thumb2/libgcc.a(_arm_muldivsf3.o)
                0x0800cdd4                __mulsf3
                0x0800cdd4                __aeabi_fmul
                0x0800cf3c                __divsf3
                0x0800cf3c                __aeabi_fdiv
 .text          0x0800d074       0xec /home/laurence/CodeSourcery/Sourcery_G++_Lite/bin/../lib/gcc/arm-none-eabi/4.5.2/thumb2/libgcc.a(_arm_cmpsf2.o)
                0x0800d074                __gtsf2
                0x0800d074                __gesf2
                0x0800d07c                __lesf2
                0x0800d07c                __ltsf2
                0x0800d084                __nesf2
                0x0800d084                __eqsf2
                0x0800d084                __cmpsf2
                0x0800d0e4                __aeabi_cfrcmple
                0x0800d0ec                __aeabi_cfcmple
                0x0800d0ec                __aeabi_cfcmpeq
                0x0800d0fc                __aeabi_fcmpeq
                0x0800d110                __aeabi_fcmplt
                0x0800d124                __aeabi_fcmple
                0x0800d138                __aeabi_fcmpge
                0x0800d14c                __aeabi_fcmpgt
 .text          0x0800d160       0x40 /home/laurence/CodeSourcery/Sourcery_G++_Lite/bin/../lib/gcc/arm-none-eabi/4.5.2/thumb2/libgcc.a(_arm_fixunssfsi.o)
                0x0800d160                __aeabi_f2uiz
                0x0800d160                __fixunssfsi
 .text          0x0800d1a0       0x20 /home/laurence/CodeSourcery/Sourcery_G++_Lite/bin/../lib/gcc/arm-none-eabi/4.5.2/../../../../arm-none-eabi/lib/thumb2/libc.a(lib_a-malloc.o)
                0x0800d1a0                malloc
                0x0800d1b0                free
 .text          0x0800d1c0      0x57c /home/laurence/CodeSourcery/Sourcery_G++_Lite/bin/../lib/gcc/arm-none-eabi/4.5.2/../../../../arm-none-eabi/lib/thumb2/libc.a(lib_a-mallocr.o)
                0x0800d1c0                _malloc_r
 .text          0x0800d73c        0x8 /home/laurence/CodeSourcery/Sourcery_G++_Lite/bin/../lib/gcc/arm-none-eabi/4.5.2/../../../../arm-none-eabi/lib/thumb2/libc.a(lib_a-mlock.o)
                0x0800d73c                __malloc_lock
                0x0800d740                __malloc_unlock
 .text          0x0800d744       0x28 /home/laurence/CodeSourcery/Sourcery_G++_Lite/bin/../lib/gcc/arm-none-eabi/4.5.2/../../../../arm-none-eabi/lib/thumb2/libc.a(lib_a-sbrkr.o)
                0x0800d744                _sbrk_r
 .text          0x0800d76c       0x60 /home/laurence/CodeSourcery/Sourcery_G++_Lite/bin/../lib/gcc/arm-none-eabi/4.5.2/../../../../arm-none-eabi/lib/thumb2/libc.a(lib_a-strlen.o)
                0x0800d76c                strlen
 .text          0x0800d7cc      0x240 /home/laurence/CodeSourcery/Sourcery_G++_Lite/bin/../lib/gcc/arm-none-eabi/4.5.2/../../../../arm-none-eabi/lib/thumb2/libc.a(lib_a-freer.o)
                0x0800d7cc                _malloc_trim_r
                0x0800d874                _free_r
 .text          0x0800da0c       0x30 /home/laurence/CodeSourcery/Sourcery_G++_Lite/bin/../lib/gcc/arm-none-eabi/4.5.2/../../../../arm-none-eabi/lib/thumb2/libcs3.a(start_c.o)
                0x0800da0c                __cs3_premain
 .text.cs3.init
                0x0800da3c       0x50 /home/laurence/CodeSourcery/Sourcery_G++_Lite/bin/../lib/gcc/arm-none-eabi/4.5.2/../../../../arm-none-eabi/lib/thumb2/libcs3.a(start_c.o)
                0x0800da3c                __cs3_start_c
 .text          0x0800da8c       0x40 /home/laurence/CodeSourcery/Sourcery_G++_Lite/bin/../lib/gcc/arm-none-eabi/4.5.2/../../../../arm-none-eabi/lib/thumb2/libcs3unhosted.a(unhosted-sbrk.o)
                0x0800da8c                _sbrk
 .text.cs3.init
                0x0800dacc       0x10 /home/laurence/CodeSourcery/Sourcery_G++_Lite/bin/../lib/gcc/arm-none-eabi/4.5.2/../../../../arm-none-eabi/lib/thumb2/libcs3unhosted.a(unhosted-start.o)
                0x0800dacc                _start
 .text          0x0800dadc        0x2 lib/libcs3-lanchon-stm32.a(lanchon_stm32_isr_interrupt.o)
                0x0800dadc                MemManageException
                0x0800dadc                BusFaultException
                0x0800dadc                DMAChannel7_IRQHandler
                0x0800dadc                DebugMonitor
                0x0800dadc                SVCHandler
                0x0800dadc                HardFaultException
                0x0800dadc                __STM32ReservedException8
                0x0800dadc                __STM32DefaultExceptionHandler
                0x0800dadc                DMAChannel1_IRQHandler
                0x0800dadc                CAN_SCE_IRQHandler
                0x0800dadc                __STM32ReservedException10
                0x0800dadc                __STM32ReservedException13
                0x0800dadc                NMIException
                0x0800dadc                DMAChannel4_IRQHandler
                0x0800dadc                PendSVC
                0x0800dadc                CAN_RX1_IRQHandler
                0x0800dadc                ADC_IRQHandler
                0x0800dadc                DMAChannel5_IRQHandler
                0x0800dadc                DMAChannel2_IRQHandler
                0x0800dadc                __STM32ReservedException7
                0x0800dadc                UsageFaultException
                0x0800dadc                DMAChannel6_IRQHandler
                0x0800dadc                DMAChannel3_IRQHandler
                0x0800dadc                __STM32ReservedException9
 *fill*         0x0800dade        0x2 00
 .text          0x0800dae0        0xc /home/laurence/CodeSourcery/Sourcery_G++_Lite/bin/../lib/gcc/arm-none-eabi/4.5.2/../../../../arm-none-eabi/lib/thumb2/libc.a(lib_a-errno.o)
                0x0800dae0                __errno
 .text          0x0800daec       0x50 /home/laurence/CodeSourcery/Sourcery_G++_Lite/bin/../lib/gcc/arm-none-eabi/4.5.2/../../../../arm-none-eabi/lib/thumb2/libc.a(lib_a-init.o)
                0x0800daec                __libc_init_array
 *(.plt)
 *(.gnu.warning)
 *(.glue_7t)
 .glue_7t       0x00000000        0x0 linker stubs
 *(.glue_7)
 .glue_7        0x00000000        0x0 linker stubs
 *(.vfp11_veneer)
 .vfp11_veneer  0x00000000        0x0 linker stubs
 *(.rodata .rodata.* .gnu.linkonce.r.*)
 .rodata        0x0800db3c       0x98 Util/USB/usb_desc.o
                0x0800db3c                MASS_DeviceDescriptor
                0x0800db50                MASS_ConfigDescriptor
                0x0800db70                MASS_StringLangID
                0x0800db74                MASS_StringVendor
                0x0800db9c                MASS_StringProduct
                0x0800dbc4                MASS_StringInterface
 .rodata.str1.4
                0x0800dbd4        0xf Util/fat_fs/src/ff.o
                                 0x10 (size before relaxing)
 *fill*         0x0800dbe3        0x1 00
 .rodata        0x0800dbe4        0xc Util/fat_fs/src/rtc.o
 .rodata        0x0800dbf0       0x14 Util/rprintf.o
 .rodata.str1.4
                0x0800dc04       0x1a Util/rprintf.o
                                 0x1c (size before relaxing)
 *fill*         0x0800dc1e        0x2 00
 .rodata.str1.4
                0x0800dc20       0x86 main.o
                                 0x88 (size before relaxing)
 *fill*         0x0800dca6        0x2 00
 .rodata.str1.4
                0x0800dca8        0x4 /home/laurence/CodeSourcery/Sourcery_G++_Lite/bin/../lib/gcc/arm-none-eabi/4.5.2/../../../../arm-none-eabi/lib/thumb2/libc.a(lib_a-impure.o)
 *(.ARM.extab* .gnu.linkonce.armextab.*)
 *(.gcc_except_table)
 *(.eh_frame_hdr)
 *(.eh_frame)
                0x0800dcac                . = ALIGN (0x4)
 *(.init)
 .init          0x0800dcac        0x4 /home/laurence/CodeSourcery/Sourcery_G++_Lite/bin/../lib/gcc/arm-none-eabi/4.5.2/thumb2/crti.o
                0x0800dcac                _init
 .init          0x0800dcb0        0x8 /home/laurence/CodeSourcery/Sourcery_G++_Lite/bin/../lib/gcc/arm-none-eabi/4.5.2/thumb2/crtn.o
                0x0800dcb8                . = ALIGN (0x4)
                0x0800dcb8                __preinit_array_start = .
 *(.preinit_array)
                0x0800dcb8                __preinit_array_end = .
                0x0800dcb8                . = ALIGN (0x4)
                0x0800dcb8                __init_array_start = .
 *(SORT(.init_array.*))
 *(.init_array)
 .init_array    0x0800dcb8        0x4 /home/laurence/CodeSourcery/Sourcery_G++_Lite/bin/../lib/gcc/arm-none-eabi/4.5.2/thumb2/crtbegin.o
                0x0800dcbc                __init_array_end = .
                0x0800dcbc                . = ALIGN (0x4)
 *crtbegin.o(.ctors)
 *(EXCLUDE_FILE(*crtend.o) .ctors)
 *(SORT(.ctors.*))
 *crtend.o(.ctors)
                0x0800dcbc                . = ALIGN (0x4)
 *(.fini)
 .fini          0x0800dcbc        0x4 /home/laurence/CodeSourcery/Sourcery_G++_Lite/bin/../lib/gcc/arm-none-eabi/4.5.2/thumb2/crti.o
                0x0800dcbc                _fini
 .fini          0x0800dcc0        0x8 /home/laurence/CodeSourcery/Sourcery_G++_Lite/bin/../lib/gcc/arm-none-eabi/4.5.2/thumb2/crtn.o
                0x0800dcc8                . = ALIGN (0x4)
                0x0800dcc8                __fini_array_start = .
 *(.fini_array)
 .fini_array    0x0800dcc8        0x4 /home/laurence/CodeSourcery/Sourcery_G++_Lite/bin/../lib/gcc/arm-none-eabi/4.5.2/thumb2/crtbegin.o
 *(SORT(.fini_array.*))
                0x0800dccc                __fini_array_end = .
 *crtbegin.o(.dtors)
 *(EXCLUDE_FILE(*crtend.o) .dtors)
 *(SORT(.dtors.*))
 *crtend.o(.dtors)
                0x0800dccc                . = ALIGN (0x4)
                0x0800dccc                __cs3_regions = .
                0x0800dccc        0x4 LONG 0x0
                0x0800dcd0        0x4 LONG 0x800dce0 __cs3_region_init_ram
                0x0800dcd4        0x4 LONG 0x20000000 __cs3_region_start_ram
                0x0800dcd8        0x4 LONG 0x680 __cs3_region_init_size_ram
                0x0800dcdc        0x4 LONG 0x768 __cs3_region_zero_size_ram
                0x0800dce0                __exidx_start = .

.v4_bx          0x0800dce0        0x0
 .v4_bx         0x00000000        0x0 linker stubs

.ARM.exidx
 *(.ARM.exidx* .gnu.linkonce.armexidx.*)
                0x0800dce0                __exidx_end = .

.text.align     0x0800dce0        0x0
                0x0800dce0                . = ALIGN (0x8)
                0x0800dce0                _etext = .
                0x08020000                __cs3_region_end_rom = (__cs3_region_start_rom + 0x20000)
                0x00020000                __cs3_region_size_rom = 0x20000
                0x00000001                __cs3_region_num = 0x1

.data           0x20000000      0x680 load address 0x0800dce0
                0x20000000                __cs3_region_start_ram = .
 *(.cs3.region-head.ram)
 *(.jcr)
 .jcr           0x20000000        0x0 /home/laurence/CodeSourcery/Sourcery_G++_Lite/bin/../lib/gcc/arm-none-eabi/4.5.2/thumb2/crtbegin.o
 .jcr           0x20000000        0x4 /home/laurence/CodeSourcery/Sourcery_G++_Lite/bin/../lib/gcc/arm-none-eabi/4.5.2/thumb2/crtend.o
 *(.got.plt)
 *(.got)
 *(.shdata)
 *(.data .data.* .gnu.linkonce.d.*)
 .data          0x20000004       0x74 Util/USB/scsi_data.o
                0x20000004                Standard_Inquiry_Data
                0x20000028                Standard_Inquiry_Data2
                0x2000004c                Mode_Sense6_data
                0x20000050                Mode_Sense10_data
                0x20000058                Scsi_Sense_Data
                0x2000006c                ReadFormatCapacity_Data
 .data          0x20000078       0x1c Util/USB/usb_desc.o
                0x20000078                MASS_StringSerial
 .data          0x20000094       0x38 Util/USB/usb_istr.o
                0x20000094                pEpInt_IN
                0x200000b0                pEpInt_OUT
 .data          0x200000cc       0x90 Util/USB/usb_prop.o
                0x200000cc                String_Descriptor
                0x200000f4                Config_Descriptor
                0x200000fc                Device_Descriptor
                0x20000104                Device_Property
                0x20000134                Device_Table
                0x20000138                User_Standard_Requests
 .data          0x2000015c        0x1 Util/USB/usb_pwr.o
                0x2000015c                fSuspendEnabled
 .data          0x2000015d        0x1 Util/fat_fs/src/sd_spi_stm32.o
 .data          0x2000015e       0x14 lib/STM32F10x_StdPeriph_Driver/libstm32fw.a(stm32f10x_rcc.o)
 *fill*         0x20000172        0x2 00
 .data          0x20000174      0x410 /home/laurence/CodeSourcery/Sourcery_G++_Lite/bin/../lib/gcc/arm-none-eabi/4.5.2/../../../../arm-none-eabi/lib/thumb2/libc.a(lib_a-mallocr.o)
                0x20000174                __malloc_av_
                0x2000057c                __malloc_sbrk_base
                0x20000580                __malloc_trim_threshold
 .data          0x20000584       0xf4 /home/laurence/CodeSourcery/Sourcery_G++_Lite/bin/../lib/gcc/arm-none-eabi/4.5.2/../../../../arm-none-eabi/lib/thumb2/libc.a(lib_a-impure.o)
                0x20000584                _impure_ptr
 .data          0x20000678        0x4 /home/laurence/CodeSourcery/Sourcery_G++_Lite/bin/../lib/gcc/arm-none-eabi/4.5.2/../../../../arm-none-eabi/lib/thumb2/libcs3unhosted.a(unhosted-sbrk.o)
 .data          0x2000067c        0x4 /home/laurence/CodeSourcery/Sourcery_G++_Lite/bin/../lib/gcc/arm-none-eabi/4.5.2/../../../../arm-none-eabi/lib/thumb2/libcs3.a(heap.o)
                0x2000067c                __cs3_heap_limit
 *(.ram)
                0x20000680                . = ALIGN (0x8)
                0x20000680                _edata = .

.bss            0x20000680      0x768 load address 0x0800e360
 *(.shbss)
 *(.bss .bss.* .gnu.linkonce.b.*)
 .bss           0x20000680        0x1 /home/laurence/CodeSourcery/Sourcery_G++_Lite/bin/../lib/gcc/arm-none-eabi/4.5.2/thumb2/crtbegin.o
 *fill*         0x20000681        0x3 00
 .bss           0x20000684        0x4 Sensors/pressure.o
 .bss           0x20000688       0x20 Util/USB/mass_mal.o
                0x20000688                Status
                0x2000068c                Data_Buffer
                0x20000690                Mass_Block_Count
                0x20000698                Mass_Block_Size
                0x200006a0                Mass_Memory_Size
 .bss           0x200006a8       0x24 Util/USB/memory.o
                0x200006a8                TransferState
                0x200006b4                Block_Read_count
                0x200006b8                Block_offset
                0x200006bc                Counter
                0x200006c8                Idx
 .bss           0x200006cc       0x10 Util/USB/scsi_data.o
                0x200006cc                Page00_Inquiry_Data
                0x200006d4                ReadCapacity10_Data
 .bss           0x200006dc       0x80 Util/USB/usb_bot.o
                0x200006dc                Bot_State
                0x200006e0                CBW
                0x20000700                SCSI_LBA
                0x20000704                SCSI_BlkLen
                0x20000708                CSW
                0x20000718                Data_Len
                0x2000071c                Bulk_Data_Buff
 .bss           0x2000075c        0x4 Util/USB/usb_istr.o
                0x2000075c                wIstr
                0x2000075e                bIntPackSOF
 .bss           0x20000760        0x4 Util/USB/usb_prop.o
                0x20000760                Max_Lun
 .bss           0x20000764        0x8 Util/USB/usb_pwr.o
                0x20000764                ResumeS
                0x20000768                bDeviceState
 .bss           0x2000076c        0x8 Util/fat_fs/src/ff.o
 .bss           0x20000774       0x10 Util/fat_fs/src/sd_spi_stm32.o
 .bss           0x20000784       0x84 Util/rprintf.o
 .bss           0x20000808        0x1 gpio.o
                0x20000808                bootsource
 *fill*         0x20000809        0x3 00
 .bss           0x2000080c      0x560 main.o
                0x2000080c                print_string
                0x20000b3c                f_err_code
                0x20000b40                FATFS_logfile
                0x20000d64                file_opened
                0x20000d68                a
 .bss           0x20000d6c        0x1 lib/STM32_USB-FS-Device_Driver/libstm32usb.a(usb_core.o)
                0x20000d6c                Data_Mul_MaxPacketSize
 *fill*         0x20000d6d        0x3 00
 .bss           0x20000d70       0x34 /home/laurence/CodeSourcery/Sourcery_G++_Lite/bin/../lib/gcc/arm-none-eabi/4.5.2/../../../../arm-none-eabi/lib/thumb2/libc.a(lib_a-mallocr.o)
                0x20000d70                __malloc_top_pad
                0x20000d74                __malloc_current_mallinfo
                0x20000d9c                __malloc_max_sbrked_mem
                0x20000da0                __malloc_max_total_mem
 *(COMMON)
 COMMON         0x20000da4        0x2 lib/STM32_USB-FS-Device_Driver/libstm32usb.a(usb_core.o)
                0x20000da4                StatusInfo
 *fill*         0x20000da6        0x2 00
 COMMON         0x20000da8       0x32 lib/STM32_USB-FS-Device_Driver/libstm32usb.a(usb_init.o)
                0x20000da8                SaveState
                0x20000dac                pProperty
                0x20000db0                EPindex
                0x20000db4                Device_Info
                0x20000dd0                pUser_Standard_Requests
                0x20000dd4                pInformation
                0x20000dd8                wInterrupt_Mask
 COMMON         0x20000dda        0x4 lib/STM32_USB-FS-Device_Driver/libstm32usb.a(usb_int.o)
                0x20000dda                SaveRState
                0x20000ddc                SaveTState
 *fill*         0x20000dde        0x2 00
 COMMON         0x20000de0        0x4 /home/laurence/CodeSourcery/Sourcery_G++_Lite/bin/../lib/gcc/arm-none-eabi/4.5.2/../../../../arm-none-eabi/lib/thumb2/libc.a(lib_a-reent.o)
                0x20000de0                errno
 *(.ram.b)
                0x20000de8                . = ALIGN (0x8)
 *fill*         0x20000de4        0x4 00
                0x20000de8                _end = .
                0x20000de8                __end = .
                0x20005000                __cs3_region_end_ram = (__cs3_region_start_ram + 0x5000)
                0x00005000                __cs3_region_size_ram = 0x5000
                0x0800dce0                __cs3_region_init_ram = LOADADDR (.data)
                0x00000680                __cs3_region_init_size_ram = (_edata - ADDR (.data))
                0x00000768                __cs3_region_zero_size_ram = (_end - _edata)
                0x00000001                __cs3_region_num = 0x1

.stab
 *(.stab)

.stabstr
 *(.stabstr)

.debug
 *(.debug)

.line
 *(.line)

.debug_srcinfo
 *(.debug_srcinfo)

.debug_sfnames
 *(.debug_sfnames)

.debug_aranges
 *(.debug_aranges)

.debug_pubnames
 *(.debug_pubnames)

.debug_info
 *(.debug_info .gnu.linkonce.wi.*)

.debug_abbrev
 *(.debug_abbrev)

.debug_line
 *(.debug_line)

.comment        0x00000000       0x2a
 .comment       0x00000000       0x2a Sensors/pressure.o
                                 0x2b (size before relaxing)
 .comment       0x00000000       0x2b Util/USB/hw_config.o
 .comment       0x00000000       0x2b Util/USB/mass_mal.o
 .comment       0x00000000       0x2b Util/USB/memory.o
 .comment       0x00000000       0x2b Util/USB/scsi_data.o
 .comment       0x00000000       0x2b Util/USB/usb_bot.o
 .comment       0x00000000       0x2b Util/USB/usb_desc.o
 .comment       0x00000000       0x2b Util/USB/usb_endp.o
 .comment       0x00000000       0x2b Util/USB/usb_istr.o
 .comment       0x00000000       0x2b Util/USB/usb_prop.o
 .comment       0x00000000       0x2b Util/USB/usb_pwr.o
 .comment       0x00000000       0x2b Util/USB/usb_scsi.o
 .comment       0x00000000       0x2b Util/fat_fs/src/fattime.o
 .comment       0x00000000       0x2b Util/fat_fs/src/ff.o
 .comment       0x00000000       0x2b Util/fat_fs/src/rtc.o
 .comment       0x00000000       0x2b Util/fat_fs/src/sd_spi_stm32.o
 .comment       0x00000000       0x2b Util/rprintf.o
 .comment       0x00000000       0x2b Util/stm32_eval_spi_sd.o
 .comment       0x00000000       0x2b adc.o
 .comment       0x00000000       0x2b gpio.o
 .comment       0x00000000       0x2b interrupts.o
 .comment       0x00000000       0x2b lib/CMSIS_CM3/core_cm3.o
 .comment       0x00000000       0x2b lib/CMSIS_CM3/system_stm32f10x.o
 .comment       0x00000000       0x2b main.o
 .comment       0x00000000       0x2b pwr.o
 .comment       0x00000000       0x2b usart.o
 .comment       0x00000000       0x2b lib/STM32F10x_StdPeriph_Driver/libstm32fw.a(misc.o)
 .comment       0x00000000       0x2b lib/STM32F10x_StdPeriph_Driver/libstm32fw.a(stm32f10x_adc.o)
 .comment       0x00000000       0x2b lib/STM32F10x_StdPeriph_Driver/libstm32fw.a(stm32f10x_bkp.o)
 .comment       0x00000000       0x2b lib/STM32F10x_StdPeriph_Driver/libstm32fw.a(stm32f10x_dma.o)
 .comment       0x00000000       0x2b lib/STM32F10x_StdPeriph_Driver/libstm32fw.a(stm32f10x_exti.o)
 .comment       0x00000000       0x2b lib/STM32F10x_StdPeriph_Driver/libstm32fw.a(stm32f10x_gpio.o)
 .comment       0x00000000       0x2b lib/STM32F10x_StdPeriph_Driver/libstm32fw.a(stm32f10x_pwr.o)
 .comment       0x00000000       0x2b lib/STM32F10x_StdPeriph_Driver/libstm32fw.a(stm32f10x_rcc.o)
 .comment       0x00000000       0x2b lib/STM32F10x_StdPeriph_Driver/libstm32fw.a(stm32f10x_rtc.o)
 .comment       0x00000000       0x2b lib/STM32F10x_StdPeriph_Driver/libstm32fw.a(stm32f10x_spi.o)
 .comment       0x00000000       0x2b lib/STM32F10x_StdPeriph_Driver/libstm32fw.a(stm32f10x_usart.o)
 .comment       0x00000000       0x2b lib/STM32_USB-FS-Device_Driver/libstm32usb.a(usb_core.o)
 .comment       0x00000000       0x2b lib/STM32_USB-FS-Device_Driver/libstm32usb.a(usb_init.o)
 .comment       0x00000000       0x2b lib/STM32_USB-FS-Device_Driver/libstm32usb.a(usb_int.o)
 .comment       0x00000000       0x2b lib/STM32_USB-FS-Device_Driver/libstm32usb.a(usb_mem.o)
 .comment       0x00000000       0x2b lib/STM32_USB-FS-Device_Driver/libstm32usb.a(usb_regs.o)
 .comment       0x00000000       0x2b lib/STM32_USB-FS-Device_Driver/libstm32usb.a(usb_sil.o)

.debug_frame    0x00000000      0x254
 *(.debug_frame)
 .debug_frame   0x00000000       0x30 /home/laurence/CodeSourcery/Sourcery_G++_Lite/bin/../lib/gcc/arm-none-eabi/4.5.2/../../../../arm-none-eabi/lib/thumb2/libc.a(lib_a-malloc.o)
 .debug_frame   0x00000030       0x3c /home/laurence/CodeSourcery/Sourcery_G++_Lite/bin/../lib/gcc/arm-none-eabi/4.5.2/../../../../arm-none-eabi/lib/thumb2/libc.a(lib_a-mallocr.o)
 .debug_frame   0x0000006c       0x30 /home/laurence/CodeSourcery/Sourcery_G++_Lite/bin/../lib/gcc/arm-none-eabi/4.5.2/../../../../arm-none-eabi/lib/thumb2/libc.a(lib_a-mlock.o)
 .debug_frame   0x0000009c       0x2c /home/laurence/CodeSourcery/Sourcery_G++_Lite/bin/../lib/gcc/arm-none-eabi/4.5.2/../../../../arm-none-eabi/lib/thumb2/libc.a(lib_a-sbrkr.o)
 .debug_frame   0x000000c8       0x20 /home/laurence/CodeSourcery/Sourcery_G++_Lite/bin/../lib/gcc/arm-none-eabi/4.5.2/../../../../arm-none-eabi/lib/thumb2/libc.a(lib_a-strlen.o)
 .debug_frame   0x000000e8       0x50 /home/laurence/CodeSourcery/Sourcery_G++_Lite/bin/../lib/gcc/arm-none-eabi/4.5.2/../../../../arm-none-eabi/lib/thumb2/libc.a(lib_a-freer.o)
 .debug_frame   0x00000138       0x68 /home/laurence/CodeSourcery/Sourcery_G++_Lite/bin/../lib/gcc/arm-none-eabi/4.5.2/../../../../arm-none-eabi/lib/thumb2/libc.a(lib_a-reent.o)
 .debug_frame   0x000001a0       0x40 /home/laurence/CodeSourcery/Sourcery_G++_Lite/bin/../lib/gcc/arm-none-eabi/4.5.2/../../../../arm-none-eabi/lib/thumb2/libcs3.a(start_c.o)
 .debug_frame   0x000001e0       0x28 /home/laurence/CodeSourcery/Sourcery_G++_Lite/bin/../lib/gcc/arm-none-eabi/4.5.2/../../../../arm-none-eabi/lib/thumb2/libcs3unhosted.a(unhosted-sbrk.o)
 .debug_frame   0x00000208       0x20 /home/laurence/CodeSourcery/Sourcery_G++_Lite/bin/../lib/gcc/arm-none-eabi/4.5.2/../../../../arm-none-eabi/lib/thumb2/libc.a(lib_a-errno.o)
 .debug_frame   0x00000228       0x2c /home/laurence/CodeSourcery/Sourcery_G++_Lite/bin/../lib/gcc/arm-none-eabi/4.5.2/../../../../arm-none-eabi/lib/thumb2/libc.a(lib_a-init.o)

.debug_str
 *(.debug_str)

.debug_loc
 *(.debug_loc)

.debug_macinfo
 *(.debug_macinfo)

.debug_weaknames
 *(.debug_weaknames)

.debug_funcnames
 *(.debug_funcnames)

.debug_typenames
 *(.debug_typenames)

.debug_varnames
 *(.debug_varnames)

.note.gnu.arm.ident
 *(.note.gnu.arm.ident)

.ARM.attributes
                0x00000000       0x25
 *(.ARM.attributes)
 .ARM.attributes
                0x00000000       0x19 /home/laurence/CodeSourcery/Sourcery_G++_Lite/bin/../lib/gcc/arm-none-eabi/4.5.2/thumb2/crti.o
 .ARM.attributes
                0x00000019       0x29 /home/laurence/CodeSourcery/Sourcery_G++_Lite/bin/../lib/gcc/arm-none-eabi/4.5.2/thumb2/crtbegin.o
 .ARM.attributes
                0x00000042       0x31 Sensors/pressure.o
 .ARM.attributes
                0x00000073       0x31 Util/USB/hw_config.o
 .ARM.attributes
                0x000000a4       0x31 Util/USB/mass_mal.o
 .ARM.attributes
                0x000000d5       0x31 Util/USB/memory.o
 .ARM.attributes
                0x00000106       0x31 Util/USB/scsi_data.o
 .ARM.attributes
                0x00000137       0x31 Util/USB/usb_bot.o
 .ARM.attributes
                0x00000168       0x31 Util/USB/usb_desc.o
 .ARM.attributes
                0x00000199       0x31 Util/USB/usb_endp.o
 .ARM.attributes
                0x000001ca       0x31 Util/USB/usb_istr.o
 .ARM.attributes
                0x000001fb       0x31 Util/USB/usb_prop.o
 .ARM.attributes
                0x0000022c       0x31 Util/USB/usb_pwr.o
 .ARM.attributes
                0x0000025d       0x31 Util/USB/usb_scsi.o
 .ARM.attributes
                0x0000028e       0x31 Util/fat_fs/src/fattime.o
 .ARM.attributes
                0x000002bf       0x31 Util/fat_fs/src/ff.o
 .ARM.attributes
                0x000002f0       0x31 Util/fat_fs/src/rtc.o
 .ARM.attributes
                0x00000321       0x31 Util/fat_fs/src/sd_spi_stm32.o
 .ARM.attributes
                0x00000352       0x31 Util/rprintf.o
 .ARM.attributes
                0x00000383       0x31 Util/stm32_eval_spi_sd.o
 .ARM.attributes
                0x000003b4       0x31 adc.o
 .ARM.attributes
                0x000003e5       0x31 gpio.o
 .ARM.attributes
                0x00000416       0x31 interrupts.o
 .ARM.attributes
                0x00000447       0x31 lib/CMSIS_CM3/core_cm3.o
 .ARM.attributes
                0x00000478       0x21 lib/CMSIS_CM3/startup/gcc/startup_stm32f10x_md.o
 .ARM.attributes
                0x00000499       0x31 lib/CMSIS_CM3/system_stm32f10x.o
 .ARM.attributes
                0x000004ca       0x31 main.o
 .ARM.attributes
                0x000004fb       0x31 pwr.o
 .ARM.attributes
                0x0000052c       0x31 usart.o
 .ARM.attributes
                0x0000055d       0x31 lib/STM32F10x_StdPeriph_Driver/libstm32fw.a(misc.o)
 .ARM.attributes
                0x0000058e       0x31 lib/STM32F10x_StdPeriph_Driver/libstm32fw.a(stm32f10x_adc.o)
 .ARM.attributes
                0x000005bf       0x31 lib/STM32F10x_StdPeriph_Driver/libstm32fw.a(stm32f10x_bkp.o)
 .ARM.attributes
                0x000005f0       0x31 lib/STM32F10x_StdPeriph_Driver/libstm32fw.a(stm32f10x_dma.o)
 .ARM.attributes
                0x00000621       0x31 lib/STM32F10x_StdPeriph_Driver/libstm32fw.a(stm32f10x_exti.o)
 .ARM.attributes
                0x00000652       0x31 lib/STM32F10x_StdPeriph_Driver/libstm32fw.a(stm32f10x_gpio.o)
 .ARM.attributes
                0x00000683       0x31 lib/STM32F10x_StdPeriph_Driver/libstm32fw.a(stm32f10x_pwr.o)
 .ARM.attributes
                0x000006b4       0x31 lib/STM32F10x_StdPeriph_Driver/libstm32fw.a(stm32f10x_rcc.o)
 .ARM.attributes
                0x000006e5       0x31 lib/STM32F10x_StdPeriph_Driver/libstm32fw.a(stm32f10x_rtc.o)
 .ARM.attributes
                0x00000716       0x31 lib/STM32F10x_StdPeriph_Driver/libstm32fw.a(stm32f10x_spi.o)
 .ARM.attributes
                0x00000747       0x31 lib/STM32F10x_StdPeriph_Driver/libstm32fw.a(stm32f10x_usart.o)
 .ARM.attributes
                0x00000778       0x31 lib/STM32_USB-FS-Device_Driver/libstm32usb.a(usb_core.o)
 .ARM.attributes
                0x000007a9       0x31 lib/STM32_USB-FS-Device_Driver/libstm32usb.a(usb_init.o)
 .ARM.attributes
                0x000007da       0x31 lib/STM32_USB-FS-Device_Driver/libstm32usb.a(usb_int.o)
 .ARM.attributes
                0x0000080b       0x31 lib/STM32_USB-FS-Device_Driver/libstm32usb.a(usb_mem.o)
 .ARM.attributes
                0x0000083c       0x31 lib/STM32_USB-FS-Device_Driver/libstm32usb.a(usb_regs.o)
 .ARM.attributes
                0x0000086d       0x31 lib/STM32_USB-FS-Device_Driver/libstm32usb.a(usb_sil.o)
 .ARM.attributes
                0x0000089e       0x1b /home/laurence/CodeSourcery/Sourcery_G++_Lite/bin/../lib/gcc/arm-none-eabi/4.5.2/thumb2/libgcc.a(_arm_addsubdf3.o)
 .ARM.attributes
                0x000008b9       0x1b /home/laurence/CodeSourcery/Sourcery_G++_Lite/bin/../lib/gcc/arm-none-eabi/4.5.2/thumb2/libgcc.a(_arm_muldivdf3.o)
 .ARM.attributes
                0x000008d4       0x1b /home/laurence/CodeSourcery/Sourcery_G++_Lite/bin/../lib/gcc/arm-none-eabi/4.5.2/thumb2/libgcc.a(_arm_truncdfsf2.o)
 .ARM.attributes
                0x000008ef       0x1b /home/laurence/CodeSourcery/Sourcery_G++_Lite/bin/../lib/gcc/arm-none-eabi/4.5.2/thumb2/libgcc.a(_arm_addsubsf3.o)
 .ARM.attributes
                0x0000090a       0x1b /home/laurence/CodeSourcery/Sourcery_G++_Lite/bin/../lib/gcc/arm-none-eabi/4.5.2/thumb2/libgcc.a(_arm_muldivsf3.o)
 .ARM.attributes
                0x00000925       0x1b /home/laurence/CodeSourcery/Sourcery_G++_Lite/bin/../lib/gcc/arm-none-eabi/4.5.2/thumb2/libgcc.a(_arm_cmpsf2.o)
 .ARM.attributes
                0x00000940       0x1b /home/laurence/CodeSourcery/Sourcery_G++_Lite/bin/../lib/gcc/arm-none-eabi/4.5.2/thumb2/libgcc.a(_arm_fixunssfsi.o)
 .ARM.attributes
                0x0000095b       0x29 /home/laurence/CodeSourcery/Sourcery_G++_Lite/bin/../lib/gcc/arm-none-eabi/4.5.2/../../../../arm-none-eabi/lib/thumb2/libc.a(lib_a-malloc.o)
 .ARM.attributes
                0x00000984       0x29 /home/laurence/CodeSourcery/Sourcery_G++_Lite/bin/../lib/gcc/arm-none-eabi/4.5.2/../../../../arm-none-eabi/lib/thumb2/libc.a(lib_a-mallocr.o)
 .ARM.attributes
                0x000009ad       0x29 /home/laurence/CodeSourcery/Sourcery_G++_Lite/bin/../lib/gcc/arm-none-eabi/4.5.2/../../../../arm-none-eabi/lib/thumb2/libc.a(lib_a-mlock.o)
 .ARM.attributes
                0x000009d6       0x29 /home/laurence/CodeSourcery/Sourcery_G++_Lite/bin/../lib/gcc/arm-none-eabi/4.5.2/../../../../arm-none-eabi/lib/thumb2/libc.a(lib_a-sbrkr.o)
 .ARM.attributes
                0x000009ff       0x29 /home/laurence/CodeSourcery/Sourcery_G++_Lite/bin/../lib/gcc/arm-none-eabi/4.5.2/../../../../arm-none-eabi/lib/thumb2/libc.a(lib_a-strlen.o)
 .ARM.attributes
                0x00000a28       0x29 /home/laurence/CodeSourcery/Sourcery_G++_Lite/bin/../lib/gcc/arm-none-eabi/4.5.2/../../../../arm-none-eabi/lib/thumb2/libc.a(lib_a-freer.o)
 .ARM.attributes
                0x00000a51       0x29 /home/laurence/CodeSourcery/Sourcery_G++_Lite/bin/../lib/gcc/arm-none-eabi/4.5.2/../../../../arm-none-eabi/lib/thumb2/libc.a(lib_a-impure.o)
 .ARM.attributes
                0x00000a7a       0x29 /home/laurence/CodeSourcery/Sourcery_G++_Lite/bin/../lib/gcc/arm-none-eabi/4.5.2/../../../../arm-none-eabi/lib/thumb2/libc.a(lib_a-reent.o)
 .ARM.attributes
                0x00000aa3       0x29 /home/laurence/CodeSourcery/Sourcery_G++_Lite/bin/../lib/gcc/arm-none-eabi/4.5.2/thumb2/crtend.o
 .ARM.attributes
                0x00000acc       0x19 /home/laurence/CodeSourcery/Sourcery_G++_Lite/bin/../lib/gcc/arm-none-eabi/4.5.2/thumb2/crtn.o
 .ARM.attributes
                0x00000ae5       0x29 /home/laurence/CodeSourcery/Sourcery_G++_Lite/bin/../lib/gcc/arm-none-eabi/4.5.2/../../../../arm-none-eabi/lib/thumb2/libcs3.a(start_c.o)
 .ARM.attributes
                0x00000b0e       0x29 /home/laurence/CodeSourcery/Sourcery_G++_Lite/bin/../lib/gcc/arm-none-eabi/4.5.2/../../../../arm-none-eabi/lib/thumb2/libcs3unhosted.a(unhosted-sbrk.o)
 .ARM.attributes
                0x00000b37       0x19 /home/laurence/CodeSourcery/Sourcery_G++_Lite/bin/../lib/gcc/arm-none-eabi/4.5.2/../../../../arm-none-eabi/lib/thumb2/libcs3unhosted.a(unhosted-start.o)
 .ARM.attributes
                0x00000b50       0x1f lib/libcs3-lanchon-stm32.a(lanchon-stm32-vector.o)
 .ARM.attributes
                0x00000b6f       0x21 lib/libcs3-lanchon-stm32.a(lanchon_stm32_isr_interrupt.o)
 .ARM.attributes
                0x00000b90       0x29 /home/laurence/CodeSourcery/Sourcery_G++_Lite/bin/../lib/gcc/arm-none-eabi/4.5.2/../../../../arm-none-eabi/lib/thumb2/libc.a(lib_a-errno.o)
 .ARM.attributes
                0x00000bb9       0x29 /home/laurence/CodeSourcery/Sourcery_G++_Lite/bin/../lib/gcc/arm-none-eabi/4.5.2/../../../../arm-none-eabi/lib/thumb2/libc.a(lib_a-init.o)
 .ARM.attributes
                0x00000be2       0x29 /home/laurence/CodeSourcery/Sourcery_G++_Lite/bin/../lib/gcc/arm-none-eabi/4.5.2/../../../../arm-none-eabi/lib/thumb2/libcs3.a(heap.o)

/DISCARD/
 *(.note.GNU-stack)
OUTPUT(main.elf elf32-littlearm)

Cross Reference Table

Symbol                                            File
ADC1_2_IRQHandler                                 lib/CMSIS_CM3/startup/gcc/startup_stm32f10x_md.o
ADC_AnalogWatchdogCmd                             lib/STM32F10x_StdPeriph_Driver/libstm32fw.a(stm32f10x_adc.o)
ADC_AnalogWatchdogSingleChannelConfig             lib/STM32F10x_StdPeriph_Driver/libstm32fw.a(stm32f10x_adc.o)
ADC_AnalogWatchdogThresholdsConfig                lib/STM32F10x_StdPeriph_Driver/libstm32fw.a(stm32f10x_adc.o)
ADC_AutoInjectedConvCmd                           lib/STM32F10x_StdPeriph_Driver/libstm32fw.a(stm32f10x_adc.o)
ADC_ClearFlag                                     lib/STM32F10x_StdPeriph_Driver/libstm32fw.a(stm32f10x_adc.o)
ADC_ClearITPendingBit                             lib/STM32F10x_StdPeriph_Driver/libstm32fw.a(stm32f10x_adc.o)
ADC_Cmd                                           lib/STM32F10x_StdPeriph_Driver/libstm32fw.a(stm32f10x_adc.o)
                                                  adc.o
ADC_Configuration                                 adc.o
                                                  main.o
ADC_DMACmd                                        lib/STM32F10x_StdPeriph_Driver/libstm32fw.a(stm32f10x_adc.o)
ADC_DeInit                                        lib/STM32F10x_StdPeriph_Driver/libstm32fw.a(stm32f10x_adc.o)
                                                  adc.o
ADC_DiscModeChannelCountConfig                    lib/STM32F10x_StdPeriph_Driver/libstm32fw.a(stm32f10x_adc.o)
ADC_DiscModeCmd                                   lib/STM32F10x_StdPeriph_Driver/libstm32fw.a(stm32f10x_adc.o)
ADC_ExternalTrigConvCmd                           lib/STM32F10x_StdPeriph_Driver/libstm32fw.a(stm32f10x_adc.o)
ADC_ExternalTrigInjectedConvCmd                   lib/STM32F10x_StdPeriph_Driver/libstm32fw.a(stm32f10x_adc.o)
ADC_ExternalTrigInjectedConvConfig                lib/STM32F10x_StdPeriph_Driver/libstm32fw.a(stm32f10x_adc.o)
ADC_GetCalibrationStatus                          lib/STM32F10x_StdPeriph_Driver/libstm32fw.a(stm32f10x_adc.o)
                                                  adc.o
ADC_GetConversionValue                            lib/STM32F10x_StdPeriph_Driver/libstm32fw.a(stm32f10x_adc.o)
                                                  adc.o
ADC_GetDualModeConversionValue                    lib/STM32F10x_StdPeriph_Driver/libstm32fw.a(stm32f10x_adc.o)
ADC_GetFlagStatus                                 lib/STM32F10x_StdPeriph_Driver/libstm32fw.a(stm32f10x_adc.o)
                                                  adc.o
ADC_GetITStatus                                   lib/STM32F10x_StdPeriph_Driver/libstm32fw.a(stm32f10x_adc.o)
ADC_GetInjectedConversionValue                    lib/STM32F10x_StdPeriph_Driver/libstm32fw.a(stm32f10x_adc.o)
ADC_GetResetCalibrationStatus                     lib/STM32F10x_StdPeriph_Driver/libstm32fw.a(stm32f10x_adc.o)
                                                  adc.o
ADC_GetSoftwareStartConvStatus                    lib/STM32F10x_StdPeriph_Driver/libstm32fw.a(stm32f10x_adc.o)
ADC_GetSoftwareStartInjectedConvCmdStatus         lib/STM32F10x_StdPeriph_Driver/libstm32fw.a(stm32f10x_adc.o)
ADC_IRQHandler                                    lib/libcs3-lanchon-stm32.a(lanchon_stm32_isr_interrupt.o)
                                                  lib/libcs3-lanchon-stm32.a(lanchon-stm32-vector.o)
ADC_ITConfig                                      lib/STM32F10x_StdPeriph_Driver/libstm32fw.a(stm32f10x_adc.o)
ADC_Init                                          lib/STM32F10x_StdPeriph_Driver/libstm32fw.a(stm32f10x_adc.o)
                                                  adc.o
ADC_InjectedChannelConfig                         lib/STM32F10x_StdPeriph_Driver/libstm32fw.a(stm32f10x_adc.o)
ADC_InjectedDiscModeCmd                           lib/STM32F10x_StdPeriph_Driver/libstm32fw.a(stm32f10x_adc.o)
ADC_InjectedSequencerLengthConfig                 lib/STM32F10x_StdPeriph_Driver/libstm32fw.a(stm32f10x_adc.o)
ADC_RegularChannelConfig                          lib/STM32F10x_StdPeriph_Driver/libstm32fw.a(stm32f10x_adc.o)
                                                  adc.o
ADC_ResetCalibration                              lib/STM32F10x_StdPeriph_Driver/libstm32fw.a(stm32f10x_adc.o)
                                                  adc.o
ADC_SetInjectedOffset                             lib/STM32F10x_StdPeriph_Driver/libstm32fw.a(stm32f10x_adc.o)
ADC_SoftwareStartConvCmd                          lib/STM32F10x_StdPeriph_Driver/libstm32fw.a(stm32f10x_adc.o)
                                                  adc.o
ADC_SoftwareStartInjectedConvCmd                  lib/STM32F10x_StdPeriph_Driver/libstm32fw.a(stm32f10x_adc.o)
ADC_StartCalibration                              lib/STM32F10x_StdPeriph_Driver/libstm32fw.a(stm32f10x_adc.o)
                                                  adc.o
ADC_StructInit                                    lib/STM32F10x_StdPeriph_Driver/libstm32fw.a(stm32f10x_adc.o)
ADC_TempSensorVrefintCmd                          lib/STM32F10x_StdPeriph_Driver/libstm32fw.a(stm32f10x_adc.o)
BKP_ClearFlag                                     lib/STM32F10x_StdPeriph_Driver/libstm32fw.a(stm32f10x_bkp.o)
BKP_ClearITPendingBit                             lib/STM32F10x_StdPeriph_Driver/libstm32fw.a(stm32f10x_bkp.o)
BKP_DeInit                                        lib/STM32F10x_StdPeriph_Driver/libstm32fw.a(stm32f10x_bkp.o)
                                                  Util/fat_fs/src/rtc.o
BKP_GetFlagStatus                                 lib/STM32F10x_StdPeriph_Driver/libstm32fw.a(stm32f10x_bkp.o)
BKP_GetITStatus                                   lib/STM32F10x_StdPeriph_Driver/libstm32fw.a(stm32f10x_bkp.o)
BKP_ITConfig                                      lib/STM32F10x_StdPeriph_Driver/libstm32fw.a(stm32f10x_bkp.o)
BKP_RTCOutputConfig                               lib/STM32F10x_StdPeriph_Driver/libstm32fw.a(stm32f10x_bkp.o)
BKP_ReadBackupRegister                            lib/STM32F10x_StdPeriph_Driver/libstm32fw.a(stm32f10x_bkp.o)
                                                  Util/fat_fs/src/rtc.o
BKP_SetRTCCalibrationValue                        lib/STM32F10x_StdPeriph_Driver/libstm32fw.a(stm32f10x_bkp.o)
BKP_TamperPinCmd                                  lib/STM32F10x_StdPeriph_Driver/libstm32fw.a(stm32f10x_bkp.o)
BKP_TamperPinLevelConfig                          lib/STM32F10x_StdPeriph_Driver/libstm32fw.a(stm32f10x_bkp.o)
BKP_WriteBackupRegister                           lib/STM32F10x_StdPeriph_Driver/libstm32fw.a(stm32f10x_bkp.o)
                                                  Util/fat_fs/src/rtc.o
Block_Read_count                                  Util/USB/memory.o
Block_offset                                      Util/USB/memory.o
Bot_Abort                                         Util/USB/usb_bot.o
                                                  Util/USB/usb_scsi.o
                                                  Util/USB/usb_prop.o
Bot_State                                         Util/USB/usb_bot.o
                                                  Util/USB/usb_scsi.o
                                                  Util/USB/usb_prop.o
                                                  Util/USB/memory.o
Bulk_Data_Buff                                    Util/USB/usb_bot.o
                                                  Util/USB/memory.o
BusFaultException                                 lib/libcs3-lanchon-stm32.a(lanchon_stm32_isr_interrupt.o)
                                                  lib/libcs3-lanchon-stm32.a(lanchon-stm32-vector.o)
BusFault_Handler                                  lib/CMSIS_CM3/startup/gcc/startup_stm32f10x_md.o
ByteSwap                                          lib/STM32_USB-FS-Device_Driver/libstm32usb.a(usb_regs.o)
                                                  lib/STM32_USB-FS-Device_Driver/libstm32usb.a(usb_core.o)
CAN1_RX1_IRQHandler                               lib/CMSIS_CM3/startup/gcc/startup_stm32f10x_md.o
CAN1_SCE_IRQHandler                               lib/CMSIS_CM3/startup/gcc/startup_stm32f10x_md.o
CAN_RX1_IRQHandler                                lib/libcs3-lanchon-stm32.a(lanchon_stm32_isr_interrupt.o)
                                                  lib/libcs3-lanchon-stm32.a(lanchon-stm32-vector.o)
CAN_SCE_IRQHandler                                lib/libcs3-lanchon-stm32.a(lanchon_stm32_isr_interrupt.o)
                                                  lib/libcs3-lanchon-stm32.a(lanchon-stm32-vector.o)
CBW                                               Util/USB/usb_bot.o
                                                  Util/USB/usb_scsi.o
                                                  Util/USB/usb_prop.o
CBW_Decode                                        Util/USB/usb_bot.o
CSW                                               Util/USB/usb_bot.o
                                                  Util/USB/memory.o
CTR_HP                                            lib/STM32_USB-FS-Device_Driver/libstm32usb.a(usb_int.o)
                                                  interrupts.o
CTR_LP                                            lib/STM32_USB-FS-Device_Driver/libstm32usb.a(usb_int.o)
                                                  Util/USB/usb_istr.o
ClearDTOG_RX                                      lib/STM32_USB-FS-Device_Driver/libstm32usb.a(usb_regs.o)
                                                  lib/STM32_USB-FS-Device_Driver/libstm32usb.a(usb_core.o)
                                                  Util/USB/usb_prop.o
ClearDTOG_TX                                      lib/STM32_USB-FS-Device_Driver/libstm32usb.a(usb_regs.o)
                                                  lib/STM32_USB-FS-Device_Driver/libstm32usb.a(usb_core.o)
                                                  Util/USB/usb_prop.o
ClearEPDoubleBuff                                 lib/STM32_USB-FS-Device_Driver/libstm32usb.a(usb_regs.o)
ClearEP_CTR_RX                                    lib/STM32_USB-FS-Device_Driver/libstm32usb.a(usb_regs.o)
ClearEP_CTR_TX                                    lib/STM32_USB-FS-Device_Driver/libstm32usb.a(usb_regs.o)
ClearEP_KIND                                      lib/STM32_USB-FS-Device_Driver/libstm32usb.a(usb_regs.o)
Clear_Status_Out                                  lib/STM32_USB-FS-Device_Driver/libstm32usb.a(usb_regs.o)
                                                  Util/USB/usb_prop.o
Config_Descriptor                                 Util/USB/usb_prop.o
Counter                                           Util/USB/memory.o
DMA1_Channel1_IRQHandler                          lib/CMSIS_CM3/startup/gcc/startup_stm32f10x_md.o
DMA1_Channel2_IRQHandler                          lib/CMSIS_CM3/startup/gcc/startup_stm32f10x_md.o
DMA1_Channel3_IRQHandler                          lib/CMSIS_CM3/startup/gcc/startup_stm32f10x_md.o
DMA1_Channel4_IRQHandler                          lib/CMSIS_CM3/startup/gcc/startup_stm32f10x_md.o
DMA1_Channel5_IRQHandler                          lib/CMSIS_CM3/startup/gcc/startup_stm32f10x_md.o
DMA1_Channel6_IRQHandler                          lib/CMSIS_CM3/startup/gcc/startup_stm32f10x_md.o
DMA1_Channel7_IRQHandler                          lib/CMSIS_CM3/startup/gcc/startup_stm32f10x_md.o
DMAChannel1_IRQHandler                            lib/libcs3-lanchon-stm32.a(lanchon_stm32_isr_interrupt.o)
                                                  lib/libcs3-lanchon-stm32.a(lanchon-stm32-vector.o)
DMAChannel2_IRQHandler                            lib/libcs3-lanchon-stm32.a(lanchon_stm32_isr_interrupt.o)
                                                  lib/libcs3-lanchon-stm32.a(lanchon-stm32-vector.o)
DMAChannel3_IRQHandler                            lib/libcs3-lanchon-stm32.a(lanchon_stm32_isr_interrupt.o)
                                                  lib/libcs3-lanchon-stm32.a(lanchon-stm32-vector.o)
DMAChannel4_IRQHandler                            lib/libcs3-lanchon-stm32.a(lanchon_stm32_isr_interrupt.o)
                                                  lib/libcs3-lanchon-stm32.a(lanchon-stm32-vector.o)
DMAChannel5_IRQHandler                            lib/libcs3-lanchon-stm32.a(lanchon_stm32_isr_interrupt.o)
                                                  lib/libcs3-lanchon-stm32.a(lanchon-stm32-vector.o)
DMAChannel6_IRQHandler                            lib/libcs3-lanchon-stm32.a(lanchon_stm32_isr_interrupt.o)
                                                  lib/libcs3-lanchon-stm32.a(lanchon-stm32-vector.o)
DMAChannel7_IRQHandler                            lib/libcs3-lanchon-stm32.a(lanchon_stm32_isr_interrupt.o)
                                                  lib/libcs3-lanchon-stm32.a(lanchon-stm32-vector.o)
DMA_ClearFlag                                     lib/STM32F10x_StdPeriph_Driver/libstm32fw.a(stm32f10x_dma.o)
DMA_ClearITPendingBit                             lib/STM32F10x_StdPeriph_Driver/libstm32fw.a(stm32f10x_dma.o)
DMA_Cmd                                           lib/STM32F10x_StdPeriph_Driver/libstm32fw.a(stm32f10x_dma.o)
                                                  Util/fat_fs/src/sd_spi_stm32.o
DMA_DeInit                                        lib/STM32F10x_StdPeriph_Driver/libstm32fw.a(stm32f10x_dma.o)
                                                  Util/fat_fs/src/sd_spi_stm32.o
DMA_GetCurrDataCounter                            lib/STM32F10x_StdPeriph_Driver/libstm32fw.a(stm32f10x_dma.o)
DMA_GetFlagStatus                                 lib/STM32F10x_StdPeriph_Driver/libstm32fw.a(stm32f10x_dma.o)
                                                  Util/fat_fs/src/sd_spi_stm32.o
DMA_GetITStatus                                   lib/STM32F10x_StdPeriph_Driver/libstm32fw.a(stm32f10x_dma.o)
DMA_ITConfig                                      lib/STM32F10x_StdPeriph_Driver/libstm32fw.a(stm32f10x_dma.o)
DMA_Init                                          lib/STM32F10x_StdPeriph_Driver/libstm32fw.a(stm32f10x_dma.o)
                                                  Util/fat_fs/src/sd_spi_stm32.o
DMA_StructInit                                    lib/STM32F10x_StdPeriph_Driver/libstm32fw.a(stm32f10x_dma.o)
Data_Buffer                                       Util/USB/mass_mal.o
                                                  Util/USB/memory.o
Data_Len                                          Util/USB/usb_bot.o
                                                  Util/USB/memory.o
Data_Mul_MaxPacketSize                            lib/STM32_USB-FS-Device_Driver/libstm32usb.a(usb_core.o)
DebugMon_Handler                                  lib/CMSIS_CM3/startup/gcc/startup_stm32f10x_md.o
DebugMonitor                                      lib/libcs3-lanchon-stm32.a(lanchon_stm32_isr_interrupt.o)
                                                  lib/libcs3-lanchon-stm32.a(lanchon-stm32-vector.o)
Default_Handler                                   lib/CMSIS_CM3/startup/gcc/startup_stm32f10x_md.o
Default_Usart_Config                              usart.o
Device_Descriptor                                 Util/USB/usb_prop.o
Device_Info                                       lib/STM32_USB-FS-Device_Driver/libstm32usb.a(usb_init.o)
                                                  Util/USB/usb_prop.o
                                                  Util/USB/hw_config.o
Device_Property                                   Util/USB/usb_prop.o
                                                  lib/STM32_USB-FS-Device_Driver/libstm32usb.a(usb_init.o)
                                                  lib/STM32_USB-FS-Device_Driver/libstm32usb.a(usb_core.o)
                                                  Util/USB/usb_istr.o
Device_Table                                      Util/USB/usb_prop.o
                                                  lib/STM32_USB-FS-Device_Driver/libstm32usb.a(usb_core.o)
EP1_IN_Callback                                   Util/USB/usb_endp.o
                                                  Util/USB/usb_istr.o
EP2_OUT_Callback                                  Util/USB/usb_endp.o
                                                  Util/USB/usb_istr.o
EPindex                                           lib/STM32_USB-FS-Device_Driver/libstm32usb.a(usb_int.o)
                                                  lib/STM32_USB-FS-Device_Driver/libstm32usb.a(usb_init.o)
EXTI0_IRQHandler                                  interrupts.o
                                                  lib/libcs3-lanchon-stm32.a(lanchon-stm32-vector.o)
EXTI15_10_IRQHandler                              lib/CMSIS_CM3/startup/gcc/startup_stm32f10x_md.o
                                                  lib/libcs3-lanchon-stm32.a(lanchon-stm32-vector.o)
EXTI1_IRQHandler                                  lib/CMSIS_CM3/startup/gcc/startup_stm32f10x_md.o
                                                  lib/libcs3-lanchon-stm32.a(lanchon-stm32-vector.o)
EXTI2_IRQHandler                                  lib/CMSIS_CM3/startup/gcc/startup_stm32f10x_md.o
                                                  lib/libcs3-lanchon-stm32.a(lanchon-stm32-vector.o)
EXTI3_IRQHandler                                  lib/CMSIS_CM3/startup/gcc/startup_stm32f10x_md.o
                                                  lib/libcs3-lanchon-stm32.a(lanchon-stm32-vector.o)
EXTI4_IRQHandler                                  lib/CMSIS_CM3/startup/gcc/startup_stm32f10x_md.o
                                                  lib/libcs3-lanchon-stm32.a(lanchon-stm32-vector.o)
EXTI9_5_IRQHandler                                lib/CMSIS_CM3/startup/gcc/startup_stm32f10x_md.o
                                                  lib/libcs3-lanchon-stm32.a(lanchon-stm32-vector.o)
EXTI_ClearFlag                                    lib/STM32F10x_StdPeriph_Driver/libstm32fw.a(stm32f10x_exti.o)
EXTI_ClearITPendingBit                            lib/STM32F10x_StdPeriph_Driver/libstm32fw.a(stm32f10x_exti.o)
                                                  interrupts.o
EXTI_Config                                       interrupts.o
                                                  main.o
EXTI_DeInit                                       lib/STM32F10x_StdPeriph_Driver/libstm32fw.a(stm32f10x_exti.o)
                                                  interrupts.o
EXTI_GenerateSWInterrupt                          lib/STM32F10x_StdPeriph_Driver/libstm32fw.a(stm32f10x_exti.o)
EXTI_GetFlagStatus                                lib/STM32F10x_StdPeriph_Driver/libstm32fw.a(stm32f10x_exti.o)
EXTI_GetITStatus                                  lib/STM32F10x_StdPeriph_Driver/libstm32fw.a(stm32f10x_exti.o)
                                                  interrupts.o
EXTI_Init                                         lib/STM32F10x_StdPeriph_Driver/libstm32fw.a(stm32f10x_exti.o)
                                                  interrupts.o
EXTI_StructInit                                   lib/STM32F10x_StdPeriph_Driver/libstm32fw.a(stm32f10x_exti.o)
Enter_LowPowerMode                                Util/USB/hw_config.o
                                                  Util/USB/usb_pwr.o
FATFS_logfile                                     main.o
                                                  interrupts.o
FLASH_IRQHandler                                  lib/CMSIS_CM3/startup/gcc/startup_stm32f10x_md.o
                                                  lib/libcs3-lanchon-stm32.a(lanchon-stm32-vector.o)
FreeUserBuffer                                    lib/STM32_USB-FS-Device_Driver/libstm32usb.a(usb_regs.o)
GPIO_AFIODeInit                                   lib/STM32F10x_StdPeriph_Driver/libstm32fw.a(stm32f10x_gpio.o)
GPIO_DeInit                                       lib/STM32F10x_StdPeriph_Driver/libstm32fw.a(stm32f10x_gpio.o)
GPIO_ETH_MediaInterfaceConfig                     lib/STM32F10x_StdPeriph_Driver/libstm32fw.a(stm32f10x_gpio.o)
GPIO_EXTILineConfig                               lib/STM32F10x_StdPeriph_Driver/libstm32fw.a(stm32f10x_gpio.o)
                                                  interrupts.o
GPIO_EventOutputCmd                               lib/STM32F10x_StdPeriph_Driver/libstm32fw.a(stm32f10x_gpio.o)
GPIO_EventOutputConfig                            lib/STM32F10x_StdPeriph_Driver/libstm32fw.a(stm32f10x_gpio.o)
GPIO_Init                                         lib/STM32F10x_StdPeriph_Driver/libstm32fw.a(stm32f10x_gpio.o)
                                                  usart.o
                                                  gpio.o
                                                  Util/stm32_eval_spi_sd.o
                                                  Util/fat_fs/src/sd_spi_stm32.o
GPIO_PinLockConfig                                lib/STM32F10x_StdPeriph_Driver/libstm32fw.a(stm32f10x_gpio.o)
GPIO_PinRemapConfig                               lib/STM32F10x_StdPeriph_Driver/libstm32fw.a(stm32f10x_gpio.o)
GPIO_ReadInputData                                lib/STM32F10x_StdPeriph_Driver/libstm32fw.a(stm32f10x_gpio.o)
GPIO_ReadInputDataBit                             lib/STM32F10x_StdPeriph_Driver/libstm32fw.a(stm32f10x_gpio.o)
                                                  interrupts.o
                                                  gpio.o
GPIO_ReadOutputData                               lib/STM32F10x_StdPeriph_Driver/libstm32fw.a(stm32f10x_gpio.o)
GPIO_ReadOutputDataBit                            lib/STM32F10x_StdPeriph_Driver/libstm32fw.a(stm32f10x_gpio.o)
GPIO_ResetBits                                    lib/STM32F10x_StdPeriph_Driver/libstm32fw.a(stm32f10x_gpio.o)
                                                  Util/stm32_eval_spi_sd.o
                                                  Util/fat_fs/src/sd_spi_stm32.o
GPIO_SetBits                                      lib/STM32F10x_StdPeriph_Driver/libstm32fw.a(stm32f10x_gpio.o)
                                                  Util/stm32_eval_spi_sd.o
                                                  Util/fat_fs/src/sd_spi_stm32.o
GPIO_StructInit                                   lib/STM32F10x_StdPeriph_Driver/libstm32fw.a(stm32f10x_gpio.o)
GPIO_Write                                        lib/STM32F10x_StdPeriph_Driver/libstm32fw.a(stm32f10x_gpio.o)
GPIO_WriteBit                                     lib/STM32F10x_StdPeriph_Driver/libstm32fw.a(stm32f10x_gpio.o)
                                                  main.o
                                                  gpio.o
                                                  Util/USB/usb_pwr.o
                                                  Util/USB/mass_mal.o
                                                  Util/USB/hw_config.o
GetBTABLE                                         lib/STM32_USB-FS-Device_Driver/libstm32usb.a(usb_regs.o)
GetCNTR                                           lib/STM32_USB-FS-Device_Driver/libstm32usb.a(usb_regs.o)
GetDADDR                                          lib/STM32_USB-FS-Device_Driver/libstm32usb.a(usb_regs.o)
GetENDPOINT                                       lib/STM32_USB-FS-Device_Driver/libstm32usb.a(usb_regs.o)
GetEPAddress                                      lib/STM32_USB-FS-Device_Driver/libstm32usb.a(usb_regs.o)
GetEPDblBuf0Addr                                  lib/STM32_USB-FS-Device_Driver/libstm32usb.a(usb_regs.o)
GetEPDblBuf0Count                                 lib/STM32_USB-FS-Device_Driver/libstm32usb.a(usb_regs.o)
GetEPDblBuf1Addr                                  lib/STM32_USB-FS-Device_Driver/libstm32usb.a(usb_regs.o)
GetEPDblBuf1Count                                 lib/STM32_USB-FS-Device_Driver/libstm32usb.a(usb_regs.o)
GetEPDblBufDir                                    lib/STM32_USB-FS-Device_Driver/libstm32usb.a(usb_regs.o)
GetEPRxAddr                                       lib/STM32_USB-FS-Device_Driver/libstm32usb.a(usb_regs.o)
                                                  lib/STM32_USB-FS-Device_Driver/libstm32usb.a(usb_sil.o)
                                                  lib/STM32_USB-FS-Device_Driver/libstm32usb.a(usb_core.o)
GetEPRxCount                                      lib/STM32_USB-FS-Device_Driver/libstm32usb.a(usb_regs.o)
                                                  lib/STM32_USB-FS-Device_Driver/libstm32usb.a(usb_sil.o)
GetEPRxStatus                                     lib/STM32_USB-FS-Device_Driver/libstm32usb.a(usb_regs.o)
GetEPTxAddr                                       lib/STM32_USB-FS-Device_Driver/libstm32usb.a(usb_regs.o)
                                                  lib/STM32_USB-FS-Device_Driver/libstm32usb.a(usb_sil.o)
                                                  lib/STM32_USB-FS-Device_Driver/libstm32usb.a(usb_core.o)
GetEPTxCount                                      lib/STM32_USB-FS-Device_Driver/libstm32usb.a(usb_regs.o)