Archive member included because of file (symbol)

lib/STM32F10x_StdPeriph_Driver/libstm32fw.a(misc.o)
                              Util/USB/hw_config.o (NVIC_PriorityGroupConfig)
lib/STM32F10x_StdPeriph_Driver/libstm32fw.a(stm32f10x_adc.o)
                              adc.o (ADC_DeInit)
lib/STM32F10x_StdPeriph_Driver/libstm32fw.a(stm32f10x_bkp.o)
                              Util/fat_fs/src/rtc.o (BKP_DeInit)
lib/STM32F10x_StdPeriph_Driver/libstm32fw.a(stm32f10x_dbgmcu.o)
                              main.o (DBGMCU_Config)
lib/STM32F10x_StdPeriph_Driver/libstm32fw.a(stm32f10x_dma.o)
                              Util/fat_fs/src/sd_spi_stm32.o (DMA_DeInit)
lib/STM32F10x_StdPeriph_Driver/libstm32fw.a(stm32f10x_exti.o)
                              interrupts.o (EXTI_DeInit)
lib/STM32F10x_StdPeriph_Driver/libstm32fw.a(stm32f10x_gpio.o)
                              Util/fat_fs/src/sd_spi_stm32.o (GPIO_Init)
lib/STM32F10x_StdPeriph_Driver/libstm32fw.a(stm32f10x_i2c.o)
                              i2c_int.o (I2C_DeInit)
lib/STM32F10x_StdPeriph_Driver/libstm32fw.a(stm32f10x_iwdg.o)
                              watchdog.o (IWDG_WriteAccessCmd)
lib/STM32F10x_StdPeriph_Driver/libstm32fw.a(stm32f10x_pwr.o)
                              pwr.o (PWR_DeInit)
lib/STM32F10x_StdPeriph_Driver/libstm32fw.a(stm32f10x_rcc.o)
                              interrupts.o (RCC_HCLKConfig)
lib/STM32F10x_StdPeriph_Driver/libstm32fw.a(stm32f10x_rtc.o)
                              Util/fat_fs/src/rtc.o (RTC_GetCounter)
lib/STM32F10x_StdPeriph_Driver/libstm32fw.a(stm32f10x_spi.o)
                              Util/fat_fs/src/sd_spi_stm32.o (SPI_I2S_DeInit)
lib/STM32F10x_StdPeriph_Driver/libstm32fw.a(stm32f10x_tim.o)
                              timer.o (TIM_DeInit)
lib/STM32F10x_StdPeriph_Driver/libstm32fw.a(stm32f10x_usart.o)
                              usart.o (USART_Init)
lib/STM32_USB-FS-Device_Driver/libstm32usb.a(usb_core.o)
                              Util/USB/usb_prop.o (Standard_GetDescriptorData)
lib/STM32_USB-FS-Device_Driver/libstm32usb.a(usb_init.o)
                              main.o (USB_Init)
lib/STM32_USB-FS-Device_Driver/libstm32usb.a(usb_int.o)
                              Util/USB/usb_istr.o (CTR_LP)
lib/STM32_USB-FS-Device_Driver/libstm32usb.a(usb_mem.o)
                              lib/STM32_USB-FS-Device_Driver/libstm32usb.a(usb_core.o) (UserToPMABufferCopy)
lib/STM32_USB-FS-Device_Driver/libstm32usb.a(usb_regs.o)
                              Util/USB/usb_prop.o (SetBTABLE)
lib/STM32_USB-FS-Device_Driver/libstm32usb.a(usb_sil.o)
                              Util/USB/usb_prop.o (USB_SIL_Init)
/home/laurence/CodeSourcery/Sourcery_G++_Lite/bin/../lib/gcc/arm-none-eabi/4.5.2/../../../../arm-none-eabi/lib/thumb2/libm.a(lib_a-sf_sin.o)
                              Sensors/ppg_new.o (sinf)
/home/laurence/CodeSourcery/Sourcery_G++_Lite/bin/../lib/gcc/arm-none-eabi/4.5.2/../../../../arm-none-eabi/lib/thumb2/libm.a(lib_a-wf_asin.o)
                              Sensors/ppg_new.o (asinf)
/home/laurence/CodeSourcery/Sourcery_G++_Lite/bin/../lib/gcc/arm-none-eabi/4.5.2/../../../../arm-none-eabi/lib/thumb2/libm.a(lib_a-wf_sqrt.o)
                              Sensors/ppg_new.o (sqrtf)
/home/laurence/CodeSourcery/Sourcery_G++_Lite/bin/../lib/gcc/arm-none-eabi/4.5.2/../../../../arm-none-eabi/lib/thumb2/libm.a(lib_a-ef_asin.o)
                              /home/laurence/CodeSourcery/Sourcery_G++_Lite/bin/../lib/gcc/arm-none-eabi/4.5.2/../../../../arm-none-eabi/lib/thumb2/libm.a(lib_a-wf_asin.o) (__ieee754_asinf)
/home/laurence/CodeSourcery/Sourcery_G++_Lite/bin/../lib/gcc/arm-none-eabi/4.5.2/../../../../arm-none-eabi/lib/thumb2/libm.a(lib_a-ef_rem_pio2.o)
                              /home/laurence/CodeSourcery/Sourcery_G++_Lite/bin/../lib/gcc/arm-none-eabi/4.5.2/../../../../arm-none-eabi/lib/thumb2/libm.a(lib_a-sf_sin.o) (__ieee754_rem_pio2f)
/home/laurence/CodeSourcery/Sourcery_G++_Lite/bin/../lib/gcc/arm-none-eabi/4.5.2/../../../../arm-none-eabi/lib/thumb2/libm.a(lib_a-ef_sqrt.o)
                              /home/laurence/CodeSourcery/Sourcery_G++_Lite/bin/../lib/gcc/arm-none-eabi/4.5.2/../../../../arm-none-eabi/lib/thumb2/libm.a(lib_a-wf_sqrt.o) (__ieee754_sqrtf)
/home/laurence/CodeSourcery/Sourcery_G++_Lite/bin/../lib/gcc/arm-none-eabi/4.5.2/../../../../arm-none-eabi/lib/thumb2/libm.a(lib_a-kf_cos.o)
                              /home/laurence/CodeSourcery/Sourcery_G++_Lite/bin/../lib/gcc/arm-none-eabi/4.5.2/../../../../arm-none-eabi/lib/thumb2/libm.a(lib_a-sf_sin.o) (__kernel_cosf)
/home/laurence/CodeSourcery/Sourcery_G++_Lite/bin/../lib/gcc/arm-none-eabi/4.5.2/../../../../arm-none-eabi/lib/thumb2/libm.a(lib_a-kf_rem_pio2.o)
                              /home/laurence/CodeSourcery/Sourcery_G++_Lite/bin/../lib/gcc/arm-none-eabi/4.5.2/../../../../arm-none-eabi/lib/thumb2/libm.a(lib_a-ef_rem_pio2.o) (__kernel_rem_pio2f)
[...]
Memory Configuration

Name             Origin             Length             Attributes
ram              0x20000000         0x00005000         xrw
rom              0x08000000         0x00020000         xr
*default*        0x00000000         0xffffffff

Linker script and memory map

LOAD /home/laurence/CodeSourcery/Sourcery_G++_Lite/bin/../lib/gcc/arm-none-eabi/4.5.2/thumb2/crti.o
LOAD /home/laurence/CodeSourcery/Sourcery_G++_Lite/bin/../lib/gcc/arm-none-eabi/4.5.2/thumb2/crtbegin.o
LOAD Sensors/ppg_new.o
LOAD Sensors/pressure.o
LOAD Sensors/temperature.o
LOAD Util/USB/hw_config.o
LOAD Util/USB/mass_mal.o
LOAD Util/USB/memory.o
LOAD Util/USB/scsi_data.o
LOAD Util/USB/usb_bot.o
LOAD Util/USB/usb_desc.o
LOAD Util/USB/usb_endp.o
LOAD Util/USB/usb_istr.o
LOAD Util/USB/usb_prop.o
LOAD Util/USB/usb_pwr.o
LOAD Util/USB/usb_scsi.o
LOAD Util/buffer.o
LOAD Util/delay.o
LOAD Util/fat_fs/option/cc932.o
LOAD Util/fat_fs/option/syscall.o
LOAD Util/fat_fs/src/fattime.o
LOAD Util/fat_fs/src/ff.o
LOAD Util/fat_fs/src/rtc.o
LOAD Util/fat_fs/src/sd_spi_stm32.o
LOAD Util/rprintf.o
LOAD Util/stm32_eval_spi_sd.o
LOAD adc.o
LOAD gpio.o
LOAD i2c_int.o
LOAD interrupts.o
LOAD lib/CMSIS_CM3/core_cm3.o
LOAD lib/CMSIS_CM3/startup/gcc/startup_stm32f10x_md.o
LOAD lib/CMSIS_CM3/system_stm32f10x.o
LOAD main.o
LOAD pwr.o
LOAD timer.o
LOAD usart.o
LOAD watchdog.o
LOAD lib/STM32F10x_StdPeriph_Driver/libstm32fw.a
LOAD lib/STM32_USB-FS-Device_Driver/libstm32usb.a
LOAD /home/laurence/CodeSourcery/Sourcery_G++_Lite/bin/../lib/gcc/arm-none-eabi/4.5.2/../../../../arm-none-eabi/lib/thumb2/libm.a
START GROUP
LOAD /home/laurence/CodeSourcery/Sourcery_G++_Lite/bin/../lib/gcc/arm-none-eabi/4.5.2/thumb2/libgcc.a
LOAD /home/laurence/CodeSourcery/Sourcery_G++_Lite/bin/../lib/gcc/arm-none-eabi/4.5.2/../../../../arm-none-eabi/lib/thumb2/libc.a
END GROUP
LOAD /home/laurence/CodeSourcery/Sourcery_G++_Lite/bin/../lib/gcc/arm-none-eabi/4.5.2/thumb2/crtend.o
LOAD /home/laurence/CodeSourcery/Sourcery_G++_Lite/bin/../lib/gcc/arm-none-eabi/4.5.2/thumb2/crtn.o
START GROUP
LOAD /home/laurence/CodeSourcery/Sourcery_G++_Lite/bin/../lib/gcc/arm-none-eabi/4.5.2/thumb2/libgcc.a
LOAD /home/laurence/CodeSourcery/Sourcery_G++_Lite/bin/../lib/gcc/arm-none-eabi/4.5.2/../../../../arm-none-eabi/lib/thumb2/libc.a
LOAD /home/laurence/CodeSourcery/Sourcery_G++_Lite/bin/../lib/gcc/arm-none-eabi/4.5.2/../../../../arm-none-eabi/lib/thumb2/libcs3.a
LOAD /home/laurence/CodeSourcery/Sourcery_G++_Lite/bin/../lib/gcc/arm-none-eabi/4.5.2/../../../../arm-none-eabi/lib/thumb2/libcs3unhosted.a
LOAD lib/libcs3-lanchon-stm32.a
END GROUP
                0x20005000                PROVIDE (__cs3_stack, (__cs3_region_start_ram + __cs3_region_size_ram))
                0x20001000                PROVIDE (__cs3_heap_start, _end)
                0x20005000                PROVIDE (__cs3_heap_end, (__cs3_region_start_ram + __cs3_region_size_ram))

.text           0x08000000    0x1b894
 CREATE_OBJECT_SYMBOLS
                0x08000000                __cs3_region_start_rom = .
 *(.cs3.region-head.rom)
                0x08000000                __cs3_interrupt_vector = __cs3_interrupt_vector_lanchon_stm32
 *(.cs3.interrupt_vector)
 .cs3.interrupt_vector
                0x08000000       0xec lib/libcs3-lanchon-stm32.a(lanchon-stm32-vector.o)
                0x08000000                __cs3_interrupt_vector_lanchon_stm32
                0x08000001                ASSERT ((. != __cs3_interrupt_vector_lanchon_stm32), No interrupt vector)
 *(.rom)
 *(.rom.b)
                0x080139e8                PROVIDE (__cs3_reset_lanchon_stm32, _start)
                0x080139e8                __cs3_reset = __cs3_reset_lanchon_stm32
 *(.cs3.reset)
 *(.text .text.* .gnu.linkonce.t.*)
 .text          0x080000ec       0x30 /home/laurence/CodeSourcery/Sourcery_G++_Lite/bin/../lib/gcc/arm-none-eabi/4.5.2/thumb2/crtbegin.o
 *fill*         0x0800011c        0x4 00
 .text          0x08000120      0x5d0 Sensors/ppg_new.o
                0x08000120                PPG_LO_Filter
                0x08000404                PPG_Automatic_Brightness_Control
                0x08000628                PPG_correct_brightness
                0x080006b8                PWM_Linear
 .text          0x080006f0      0x258 Sensors/pressure.o
                0x080006f0                calibrate_sensor
                0x0800073c                conv_adc_diff
                0x08000774                conv_diff
                0x080007a4                filterloop
 .text          0x08000948       0x50 Sensors/temperature.o
                0x08000948                convert_die_temp
                0x08000964                convert_tmp102_temp
 .text          0x08000998      0x2a0 Util/USB/hw_config.o
                0x08000998                Set_System
                0x080009a0                Set_USBClock
                0x080009b8                Enter_LowPowerMode
                0x080009c4                Leave_LowPowerMode
                0x080009e4                USB_Interrupts_Config
                0x08000a28                Led_RW_ON
                0x08000a38                Led_RW_OFF
                0x08000a48                USB_Configured_LED
                0x08000a58                USB_NotConfigured_LED
                0x08000a68                USB_Cable_Config
                0x08000a6c                Get_SerialNum
                0x08000c30                MAL_Config
 .text          0x08000c38       0xe4 Util/USB/mass_mal.o
                0x08000c38                MAL_Init
                0x08000c84                MAL_Write
                0x08000ca8                MAL_Read
                0x08000ccc                MAL_GetStatus
 .text          0x08000d1c      0x208 Util/USB/memory.o
                0x08000d1c                Read_Memory
                0x08000e30                Write_Memory
 .text          0x08000f24      0x628 Util/USB/usb_bot.o
                0x08000f24                Mass_Storage_In
                0x08000fac                CBW_Decode
                0x0800140c                Mass_Storage_Out
                0x0800149c                Transfer_Data_Request
                0x080014d0                Set_CSW
                0x0800150c                Bot_Abort
 .text          0x0800154c        0x8 Util/USB/usb_endp.o
                0x0800154c                EP1_IN_Callback
                0x08001550                EP2_OUT_Callback
 .text          0x08001554       0xf0 Util/USB/usb_istr.o
                0x08001554                USB_Istr
 .text          0x08001644      0x268 Util/USB/usb_prop.o
                0x08001644                Mass_Storage_SetDeviceAddress
                0x08001650                MASS_Status_In
                0x08001654                MASS_Status_Out
                0x08001658                MASS_Get_Interface_Setting
                0x08001668                Get_Max_Lun
                0x08001680                MASS_Data_Setup
                0x080016c4                MASS_GetStringDescriptor
                0x080016e4                MASS_GetConfigDescriptor
                0x080016f0                MASS_GetDeviceDescriptor
                0x080016fc                MASS_NoData_Setup
                0x0800174c                Mass_Storage_SetConfiguration
                0x0800177c                Mass_Storage_ClearFeature
                0x08001798                MASS_Reset
                0x08001888                MASS_init
 .text          0x080018ac      0x1c8 Util/USB/usb_pwr.o
                0x080018ac                PowerOn
                0x080018dc                PowerOff
                0x08001900                Suspend
                0x08001944                Resume_Init
                0x08001984                Resume
 .text          0x08001a74      0x44c Util/USB/usb_scsi.o
                0x08001a74                SCSI_Inquiry_Cmd
                0x08001aac                SCSI_ReadFormatCapacity_Cmd
                0x08001b20                SCSI_ReadCapacity10_Cmd
                0x08001b9c                SCSI_ModeSense6_Cmd
                0x08001ba8                SCSI_ModeSense10_Cmd
                0x08001bb4                SCSI_RequestSense_Cmd
                0x08001bcc                Set_Scsi_Sense_Data
                0x08001bd8                SCSI_Start_Stop_Unit_Cmd
                0x08001be0                SCSI_Read10_Cmd
                0x08001c90                SCSI_Write10_Cmd
                0x08001d3c                SCSI_Verify10_Cmd
                0x08001d7c                SCSI_Valid_Cmd
                0x08001db4                SCSI_TestUnitReady_Cmd
                0x08001de8                SCSI_Format_Cmd
                0x08001e00                SCSI_Invalid_Cmd
                0x08001e3c                SCSI_Address_Management
 .text          0x08001ec0       0x84 Util/buffer.o
                0x08001ec0                Add_To_Buffer
                0x08001ef4                Get_From_Buffer
                0x08001f28                Empty_Buffer
                0x08001f30                init_buffer
 .text          0x08001f44       0x34 Util/delay.o
                0x08001f44                Delay
 .text          0x08001f78      0x25c Util/fat_fs/option/cc932.o
                0x08001f78                ff_convert
                0x080021a4                ff_wtoupper
 .text          0x080021d4       0x48 Util/fat_fs/src/fattime.o
                0x080021d4                get_fattime
 .text          0x0800221c     0x643c Util/fat_fs/src/ff.o
                0x08002b04                clust2sect
                0x08002b20                get_fat
                0x080030c4                put_fat
                0x08004e68                gen_numname
                0x08005b00                f_mount
                0x08005b20                f_open
                0x08005f8c                f_read
                0x08006374                f_write
                0x080067a8                f_sync
                0x08006980                f_close
                0x08006990                f_lseek
                0x08006b5c                f_opendir
                0x08006bc8                f_readdir
                0x08006c3c                f_stat
                0x08006c84                f_getfree
                0x08006ee8                f_truncate
                0x08007058                f_unlink
                0x08007170                f_mkdir
                0x08007598                f_chmod
                0x080075f4                f_utime
                0x08007654                f_rename
                0x08007914                f_gets
                0x08007a30                f_putc
                0x08007a54                f_puts
                0x08007a90                f_printf
 .text          0x08008658      0x484 Util/fat_fs/src/rtc.o
                0x08008658                rtc_gettime
                0x080087d8                my_RTC_SetCounter
                0x080087fc                rtc_settime
                0x08008a30                rtc_init
 .text          0x08008adc     0x102c Util/fat_fs/src/sd_spi_stm32.o
                0x08008f10                disk_initialize
                0x080090b8                disk_status
                0x080090c8                disk_read
                0x080092d0                disk_write
                0x08009470                disk_ioctl
                0x08009acc                disk_timerproc
 .text          0x08009b08     0x182c Util/rprintf.o
                0x08009b08                rprintfInit
                0x08009b14                rprintfChar
                0x08009b3c                rprintfStr
                0x08009b74                rprintfStrLen
                0x08009d38                rprintfCRLF
                0x08009d50                rprintfu04
                0x08009d7c                rprintfu08
                0x08009dc4                rprintfu16
                0x08009e60                rprintfu32
                0x08009fac                rprintfNum
                0x0800a21c                rprintfFloat
                0x0800a4e0                rprintf2RamRom
                0x0800b2dc                Isdigit
                0x0800b2ec                atoiRamRom
                0x0800b324                rStrLen
 .text          0x0800b334      0x240 adc.o
                0x0800b334                ADC_Configuration
                0x0800b4f4                readADC2
                0x0800b52c                setADC2
                0x0800b54c                getADC2
 .text          0x0800b574      0x24c gpio.o
                0x0800b574                setup_gpio
                0x0800b734                switch_leds_on
                0x0800b75c                switch_leds_off
                0x0800b784                red_flash
                0x0800b7b4                get_wkup
 .text          0x0800b7c0      0x884 i2c_int.o
                0x0800b7c0                I2C1_EV_IRQHandler
                0x0800bd58                I2C1_Request_Job
                0x0800bdac                I2C1_Setup_Job
                0x0800bdc0                I2C_Config
                0x0800bf48                I2C1_ER_IRQHandler
 *fill*         0x0800c044        0x4 00
 .text          0x0800c048      0x628 interrupts.o
                0x0800c048                ISR_Config
                0x0800c0c4                EXTI_ONOFF_EN
                0x0800c124                DMA_ISR_Config
                0x0800c148                SysTick_Configuration
                0x0800c180                EXTI0_IRQHandler
                0x0800c210                DMAChannel1_IRQHandler
                0x0800c2c8                ADC1_2_IRQHandler
                0x0800c35c                SysTickHandler
                0x0800c654                USB_HP_CAN_TX_IRQHandler
                0x0800c658                USB_LP_CAN_RX0_IRQHandler
                0x0800c65c                NMIException
                0x0800c660                HardFaultException
                0x0800c664                MemManageException
                0x0800c668                BusFaultException
                0x0800c66c                UsageFaultException
 .text.Default_Handler
                0x0800c670        0x2 lib/CMSIS_CM3/startup/gcc/startup_stm32f10x_md.o
                0x0800c670                EXTI2_IRQHandler
                0x0800c670                DebugMon_Handler
                0x0800c670                TIM1_CC_IRQHandler
                0x0800c670                HardFault_Handler
                0x0800c670                SysTick_Handler
                0x0800c670                PVD_IRQHandler
                0x0800c670                PendSV_Handler
                0x0800c670                NMI_Handler
                0x0800c670                EXTI3_IRQHandler
                0x0800c670                I2C2_EV_IRQHandler
                0x0800c670                UsageFault_Handler
                0x0800c670                SPI1_IRQHandler
                0x0800c670                TAMPER_IRQHandler
                0x0800c670                DMA1_Channel4_IRQHandler
                0x0800c670                USART3_IRQHandler
                0x0800c670                RTC_IRQHandler
                0x0800c670                DMA1_Channel7_IRQHandler
                0x0800c670                CAN1_RX1_IRQHandler
                0x0800c670                TIM4_IRQHandler
                0x0800c670                DMA1_Channel6_IRQHandler
                0x0800c670                TIM3_IRQHandler
                0x0800c670                RCC_IRQHandler
                0x0800c670                TIM1_TRG_COM_IRQHandler
                0x0800c670                DMA1_Channel1_IRQHandler
                0x0800c670                Default_Handler
                0x0800c670                EXTI15_10_IRQHandler
                0x0800c670                EXTI9_5_IRQHandler
                0x0800c670                SPI2_IRQHandler
                0x0800c670                MemManage_Handler
                0x0800c670                SVC_Handler
                0x0800c670                DMA1_Channel5_IRQHandler
                0x0800c670                EXTI4_IRQHandler
                0x0800c670                USB_LP_CAN1_RX0_IRQHandler
                0x0800c670                USB_HP_CAN1_TX_IRQHandler
                0x0800c670                DMA1_Channel3_IRQHandler
                0x0800c670                TIM1_UP_IRQHandler
                0x0800c670                WWDG_IRQHandler
                0x0800c670                TIM2_IRQHandler
                0x0800c670                TIM1_BRK_IRQHandler
                0x0800c670                EXTI1_IRQHandler
                0x0800c670                RTCAlarm_IRQHandler
                0x0800c670                USART2_IRQHandler
                0x0800c670                I2C2_ER_IRQHandler
                0x0800c670                DMA1_Channel2_IRQHandler
                0x0800c670                CAN1_SCE_IRQHandler
                0x0800c670                FLASH_IRQHandler
                0x0800c670                BusFault_Handler
                0x0800c670                USART1_IRQHandler
                0x0800c670                USBWakeUp_IRQHandler
 *fill*         0x0800c672        0x2 00
 .text          0x0800c674       0xfc lib/CMSIS_CM3/system_stm32f10x.o
                0x0800c674                SystemInit
 .text          0x0800c770      0x768 main.o
                0x0800c770                __str_print_char
                0x0800c79c                __fat_print_char
                0x0800c7bc                main
                0x0800ce38                detect_sensors
 .text          0x0800ced8       0x70 pwr.o
                0x0800ced8                setuppwr
                0x0800ceec                shutdown
                0x0800cefc                disable_pin
                0x0800cf04                shutdown_filesystem
 .text          0x0800cf48      0x254 timer.o
                0x0800cf48                setup_pwm
                0x0800d0d4                Tryfudge
                0x0800d158                Set_Motor
 .text          0x0800d19c      0x110 usart.o
                0x0800d19c                Usarts_Init
                0x0800d248                Default_Usart_Config
                0x0800d264                Usart_Send_Str
                0x0800d290                __usart_send_char
 .text          0x0800d2ac       0x40 watchdog.o
                0x0800d2ac                Watchdog_Config
                0x0800d2d8                Watchdog_Reset_Detect
 .text          0x0800d2ec       0xbc lib/STM32F10x_StdPeriph_Driver/libstm32fw.a(misc.o)
                0x0800d2ec                NVIC_PriorityGroupConfig
                0x0800d300                NVIC_Init
                0x0800d364                NVIC_SetVectorTable
                0x0800d378                NVIC_SystemLPConfig
                0x0800d390                SysTick_CLKSourceConfig
 .text          0x0800d3a8      0x35c lib/STM32F10x_StdPeriph_Driver/libstm32fw.a(stm32f10x_adc.o)
                0x0800d3a8                ADC_DeInit
                0x0800d404                ADC_Init
                0x0800d44c                ADC_StructInit
                0x0800d45e                ADC_Cmd
                0x0800d470                ADC_DMACmd
                0x0800d482                ADC_ITConfig
                0x0800d494                ADC_ResetCalibration
                0x0800d49e                ADC_GetResetCalibrationStatus
                0x0800d4a6                ADC_StartCalibration
                0x0800d4b0                ADC_GetCalibrationStatus
                0x0800d4b8                ADC_SoftwareStartConvCmd
                0x0800d4ca                ADC_GetSoftwareStartConvStatus
                0x0800d4d2                ADC_DiscModeChannelCountConfig
                0x0800d4e2                ADC_DiscModeCmd
                0x0800d4f4                ADC_RegularChannelConfig
                0x0800d580                ADC_ExternalTrigConvCmd
                0x0800d592                ADC_GetConversionValue
                0x0800d598                ADC_GetDualModeConversionValue
                0x0800d5a4                ADC_AutoInjectedConvCmd
                0x0800d5b6                ADC_InjectedDiscModeCmd
                0x0800d5c8                ADC_ExternalTrigInjectedConvConfig
                0x0800d5d4                ADC_ExternalTrigInjectedConvCmd
                0x0800d5e6                ADC_SoftwareStartInjectedConvCmd
                0x0800d5f8                ADC_GetSoftwareStartInjectedConvCmdStatus
                0x0800d600                ADC_InjectedChannelConfig
                0x0800d65a                ADC_InjectedSequencerLengthConfig
                0x0800d66a                ADC_SetInjectedOffset
                0x0800d680                ADC_GetInjectedConversionValue
                0x0800d69a                ADC_AnalogWatchdogCmd
                0x0800d6aa                ADC_AnalogWatchdogThresholdsConfig
                0x0800d6b0                ADC_AnalogWatchdogSingleChannelConfig
                0x0800d6bc                ADC_TempSensorVrefintCmd
                0x0800d6d4                ADC_GetFlagStatus
                0x0800d6e0                ADC_ClearFlag
                0x0800d6e6                ADC_GetITStatus
                0x0800d6fc                ADC_ClearITPendingBit
 .text          0x0800d704       0xe0 lib/STM32F10x_StdPeriph_Driver/libstm32fw.a(stm32f10x_bkp.o)
                0x0800d704                BKP_DeInit
                0x0800d716                BKP_TamperPinLevelConfig
                0x0800d720                BKP_TamperPinCmd
                0x0800d72c                BKP_ITConfig
                0x0800d738                BKP_RTCOutputConfig
                0x0800d750                BKP_SetRTCCalibrationValue
                0x0800d768                BKP_WriteBackupRegister
                0x0800d784                BKP_ReadBackupRegister
                0x0800d7a4                BKP_GetFlagStatus
                0x0800d7b0                BKP_ClearFlag
                0x0800d7c4                BKP_GetITStatus
                0x0800d7d0                BKP_ClearITPendingBit
 .text          0x0800d7e4       0x34 lib/STM32F10x_StdPeriph_Driver/libstm32fw.a(stm32f10x_dbgmcu.o)
                0x0800d7e4                DBGMCU_GetREVID
                0x0800d7f0                DBGMCU_GetDEVID
                0x0800d800                DBGMCU_Config
 .text          0x0800d818      0x1d8 lib/STM32F10x_StdPeriph_Driver/libstm32fw.a(stm32f10x_dma.o)
                0x0800d818                DMA_DeInit
                0x0800d910                DMA_Init
                0x0800d94e                DMA_StructInit
                0x0800d968                DMA_Cmd
                0x0800d97a                DMA_ITConfig
                0x0800d98a                DMA_GetCurrDataCounter
                0x0800d990                DMA_GetFlagStatus
                0x0800d9ac                DMA_ClearFlag
                0x0800d9c0                DMA_GetITStatus
                0x0800d9dc                DMA_ClearITPendingBit
 .text          0x0800d9f0      0x104 lib/STM32F10x_StdPeriph_Driver/libstm32fw.a(stm32f10x_exti.o)
                0x0800d9f0                EXTI_DeInit
                0x0800da0c                EXTI_Init
                0x0800da90                EXTI_StructInit
                0x0800da9e                EXTI_GenerateSWInterrupt
                0x0800daac                EXTI_GetFlagStatus
                0x0800dac0                EXTI_ClearFlag
                0x0800dacc                EXTI_GetITStatus
                0x0800dae8                EXTI_ClearITPendingBit
 .text          0x0800daf4      0x274 lib/STM32F10x_StdPeriph_Driver/libstm32fw.a(stm32f10x_gpio.o)
                0x0800daf4                GPIO_DeInit
                0x0800dba0                GPIO_AFIODeInit
                0x0800dbb6                GPIO_Init
                0x0800dc56                GPIO_StructInit
                0x0800dc66                GPIO_ReadInputDataBit
                0x0800dc72                GPIO_ReadInputData
                0x0800dc78                GPIO_ReadOutputDataBit
                0x0800dc84                GPIO_ReadOutputData
                0x0800dc8a                GPIO_SetBits
                0x0800dc8e                GPIO_ResetBits
                0x0800dc92                GPIO_WriteBit
                0x0800dc9c                GPIO_Write
                0x0800dca0                GPIO_PinLockConfig
                0x0800dcb0                GPIO_EventOutputConfig
                0x0800dccc                GPIO_EventOutputCmd
                0x0800dcd8                GPIO_PinRemapConfig
                0x0800dd2c                GPIO_EXTILineConfig
                0x0800dd5c                GPIO_ETH_MediaInterfaceConfig
 .text          0x0800dd68      0x394 lib/STM32F10x_StdPeriph_Driver/libstm32fw.a(stm32f10x_i2c.o)
                0x0800dd68                I2C_DeInit
                0x0800dd9c                I2C_Init
                0x0800de70                I2C_StructInit
                0x0800de8c                I2C_Cmd
                0x0800dea4                I2C_DMACmd
                0x0800debc                I2C_DMALastTransferCmd
                0x0800ded4                I2C_GenerateSTART
                0x0800deec                I2C_GenerateSTOP
                0x0800df04                I2C_AcknowledgeConfig
                0x0800df1c                I2C_OwnAddress2Config
                0x0800df2e                I2C_DualAddressCmd
                0x0800df46                I2C_GeneralCallCmd
                0x0800df5e                I2C_ITConfig
                0x0800df70                I2C_SendData
                0x0800df74                I2C_ReceiveData
                0x0800df7a                I2C_Send7bitAddress
                0x0800df8a                I2C_ReadRegister
                0x0800dfa2                I2C_SoftwareResetCmd
                0x0800dfba                I2C_SMBusAlertConfig
                0x0800dfd6                I2C_TransmitPEC
                0x0800dfee                I2C_PECPositionConfig
                0x0800e00a                I2C_CalculatePEC
                0x0800e022                I2C_GetPEC
                0x0800e02a                I2C_ARPCmd
                0x0800e042                I2C_StretchClockCmd
                0x0800e05a                I2C_FastModeDutyCycleConfig
                0x0800e076                I2C_GetLastEvent
                0x0800e086                I2C_CheckEvent
                0x0800e09c                I2C_GetFlagStatus
                0x0800e0d0                I2C_ClearFlag
                0x0800e0d8                I2C_GetITStatus
                0x0800e0f4                I2C_ClearITPendingBit
 .text          0x0800e0fc       0x58 lib/STM32F10x_StdPeriph_Driver/libstm32fw.a(stm32f10x_iwdg.o)
                0x0800e0fc                IWDG_WriteAccessCmd
                0x0800e108                IWDG_SetPrescaler
                0x0800e114                IWDG_SetReload
                0x0800e120                IWDG_ReloadCounter
                0x0800e130                IWDG_Enable
                0x0800e140                IWDG_GetFlagStatus
 .text          0x0800e154       0xc8 lib/STM32F10x_StdPeriph_Driver/libstm32fw.a(stm32f10x_pwr.o)
                0x0800e154                PWR_DeInit
                0x0800e16e                PWR_BackupAccessCmd
                0x0800e178                PWR_PVDCmd
                0x0800e184                PWR_PVDLevelConfig
                0x0800e198                PWR_WakeUpPinCmd
                0x0800e1a4                PWR_EnterSTOPMode
                0x0800e1d0                PWR_EnterSTANDBYMode
                0x0800e1f8                PWR_GetFlagStatus
                0x0800e20c                PWR_ClearFlag
 .text          0x0800e21c      0x34c lib/STM32F10x_StdPeriph_Driver/libstm32fw.a(stm32f10x_rcc.o)
                0x0800e21c                RCC_DeInit
                0x0800e25c                RCC_HSEConfig
                0x0800e294                RCC_AdjustHSICalibrationValue
                0x0800e2a8                RCC_HSICmd
                0x0800e2b4                RCC_PLLConfig
                0x0800e2c8                RCC_PLLCmd
                0x0800e2d4                RCC_SYSCLKConfig
                0x0800e2e8                RCC_GetSYSCLKSource
                0x0800e2f8                RCC_HCLKConfig
                0x0800e30c                RCC_PCLK1Config
                0x0800e320                RCC_PCLK2Config
                0x0800e334                RCC_ITConfig
                0x0800e34c                RCC_USBCLKConfig
                0x0800e358                RCC_ADCCLKConfig
                0x0800e36c                RCC_LSEConfig
                0x0800e38c                RCC_LSICmd
                0x0800e398                RCC_RTCCLKConfig
                0x0800e3a8                RCC_RTCCLKCmd
                0x0800e3b4                RCC_GetClocksFreq
                0x0800e448                RCC_AHBPeriphClockCmd
                0x0800e460                RCC_APB2PeriphClockCmd
                0x0800e478                RCC_APB1PeriphClockCmd
                0x0800e490                RCC_APB2PeriphResetCmd
                0x0800e4a8                RCC_APB1PeriphResetCmd
                0x0800e4c0                RCC_BackupResetCmd
                0x0800e4cc                RCC_ClockSecuritySystemCmd
                0x0800e4d8                RCC_MCOConfig
                0x0800e4e4                RCC_GetFlagStatus
                0x0800e50c                RCC_WaitForHSEStartUp
                0x0800e538                RCC_ClearFlag
                0x0800e548                RCC_GetITStatus
                0x0800e55c                RCC_ClearITPendingBit
 .text          0x0800e568      0x158 lib/STM32F10x_StdPeriph_Driver/libstm32fw.a(stm32f10x_rtc.o)
                0x0800e568                RTC_ITConfig
                0x0800e580                RTC_EnterConfigMode
                0x0800e594                RTC_ExitConfigMode
                0x0800e5a8                RTC_GetCounter
                0x0800e5bc                RTC_SetCounter
                0x0800e5dc                RTC_SetPrescaler
                0x0800e5fc                RTC_SetAlarm
                0x0800e61c                RTC_GetDivider
                0x0800e634                RTC_WaitForLastTask
                0x0800e644                RTC_WaitForSynchro
                0x0800e660                RTC_GetFlagStatus
                0x0800e674                RTC_ClearFlag
                0x0800e688                RTC_GetITStatus
                0x0800e6ac                RTC_ClearITPendingBit
 .text          0x0800e6c0      0x2c0 lib/STM32F10x_StdPeriph_Driver/libstm32fw.a(stm32f10x_spi.o)
                0x0800e6c0                SPI_I2S_DeInit
                0x0800e724                SPI_Init
                0x0800e762                I2S_Init
                0x0800e802                SPI_StructInit
                0x0800e81a                I2S_StructInit
                0x0800e82c                SPI_Cmd
                0x0800e844                I2S_Cmd
                0x0800e85c                SPI_I2S_ITConfig
                0x0800e87a                SPI_I2S_DMACmd
                0x0800e88c                SPI_I2S_SendData
                0x0800e890                SPI_I2S_ReceiveData
                0x0800e896                SPI_NSSInternalSoftwareConfig
                0x0800e8b4                SPI_SSOutputCmd
                0x0800e8cc                SPI_DataSizeConfig
                0x0800e8e2                SPI_TransmitCRC
                0x0800e8ee                SPI_CalculateCRC
                0x0800e906                SPI_GetCRC
                0x0800e912                SPI_GetCRCPolynomial
                0x0800e918                SPI_BiDirectionalLineConfig
                0x0800e934                SPI_I2S_GetFlagStatus
                0x0800e940                SPI_I2S_ClearFlag
                0x0800e948                SPI_I2S_GetITStatus
                0x0800e96e                SPI_I2S_ClearITPendingBit
 .text          0x0800e980      0xa48 lib/STM32F10x_StdPeriph_Driver/libstm32fw.a(stm32f10x_tim.o)
                0x0800e9ec                TIM_DeInit
                0x0800eab4                TIM_TimeBaseInit
                0x0800eaf0                TIM_OC1Init
                0x0800eb64                TIM_OC2Init
                0x0800ebec                TIM_OC3Init
                0x0800ec70                TIM_OC4Init
                0x0800ecd8                TIM_BDTRConfig
                0x0800ecfa                TIM_TimeBaseStructInit
                0x0800ed0c                TIM_OCStructInit
                0x0800ed20                TIM_ICStructInit
                0x0800ed30                TIM_BDTRStructInit
                0x0800ed42                TIM_Cmd
                0x0800ed5a                TIM_CtrlPWMOutputs
                0x0800ed76                TIM_ITConfig
                0x0800ed88                TIM_GenerateEvent
                0x0800ed8c                TIM_DMAConfig
                0x0800ed94                TIM_DMACmd
                0x0800eda6                TIM_InternalClockConfig
                0x0800edb4                TIM_ITRxExternalClockConfig
                0x0800edce                TIM_TIxExternalClockConfig
                0x0800ee02                TIM_ETRConfig
                0x0800ee16                TIM_ETRClockMode2Config
                0x0800ee2a                TIM_ETRClockMode1Config
                0x0800ee44                TIM_PrescalerConfig
                0x0800ee4a                TIM_CounterModeConfig
                0x0800ee5a                TIM_SelectInputTrigger
                0x0800ee6a                TIM_EncoderInterfaceConfig
                0x0800eea6                TIM_ForcedOC1Config
                0x0800eeb6                TIM_ForcedOC2Config
                0x0800eeca                TIM_ForcedOC3Config
                0x0800eeda                TIM_ForcedOC4Config
                0x0800eeee                TIM_ARRPreloadConfig
                0x0800ef06                TIM_SelectCOM
                0x0800ef1e                TIM_SelectCCDMA
                0x0800ef36                TIM_CCPreloadControl
                0x0800ef4e                TIM_OC1PreloadConfig
                0x0800ef5e                TIM_OC2PreloadConfig
                0x0800ef72                TIM_OC3PreloadConfig
                0x0800ef82                TIM_OC4PreloadConfig
                0x0800ef96                TIM_OC1FastConfig
                0x0800efa6                TIM_OC2FastConfig
                0x0800efba                TIM_OC3FastConfig
                0x0800efca                TIM_OC4FastConfig
                0x0800efde                TIM_ClearOC1Ref
                0x0800efee                TIM_ClearOC2Ref
                0x0800effe                TIM_ClearOC3Ref
                0x0800f00e                TIM_ClearOC4Ref
                0x0800f01e                TIM_OC1PolarityConfig
                0x0800f02e                TIM_OC1NPolarityConfig
                0x0800f03e                TIM_OC2PolarityConfig
                0x0800f052                TIM_OC2NPolarityConfig
                0x0800f066                TIM_OC3PolarityConfig
                0x0800f07a                TIM_OC3NPolarityConfig
                0x0800f08e                TIM_OC4PolarityConfig
                0x0800f0a2                TIM_CCxCmd
                0x0800f0be                TIM_CCxNCmd
                0x0800f0da                TIM_SelectOCxM
                0x0800f120                TIM_UpdateDisableConfig
                0x0800f138                TIM_UpdateRequestConfig
                0x0800f150                TIM_SelectHallSensor
                0x0800f168                TIM_SelectOnePulseMode
                0x0800f17e                TIM_SelectOutputTrigger
                0x0800f194                TIM_SelectSlaveMode
                0x0800f1aa                TIM_SelectMasterSlaveMode
                0x0800f1c0                TIM_SetCounter
                0x0800f1c4                TIM_SetAutoreload
                0x0800f1c8                TIM_SetCompare1
                0x0800f1cc                TIM_SetCompare2
                0x0800f1d0                TIM_SetCompare3
                0x0800f1d4                TIM_SetCompare4
                0x0800f1da                TIM_SetIC1Prescaler
                0x0800f1f0                TIM_SetIC2Prescaler
                0x0800f20a                TIM_PWMIConfig
                0x0800f278                TIM_SetIC3Prescaler
                0x0800f28e                TIM_SetIC4Prescaler
                0x0800f2a8                TIM_ICInit
                0x0800f35e                TIM_SetClockDivision
                0x0800f36e                TIM_GetCapture1
                0x0800f374                TIM_GetCapture2
                0x0800f37a                TIM_GetCapture3
                0x0800f380                TIM_GetCapture4
                0x0800f388                TIM_GetCounter
                0x0800f38e                TIM_GetPrescaler
                0x0800f394                TIM_GetFlagStatus
                0x0800f3a0                TIM_ClearFlag
                0x0800f3a8                TIM_GetITStatus
                0x0800f3be                TIM_ClearITPendingBit
 .text          0x0800f3c8      0x348 lib/STM32F10x_StdPeriph_Driver/libstm32fw.a(stm32f10x_usart.o)
                0x0800f3c8                USART_DeInit
                0x0800f460                USART_Init
                0x0800f4e8                USART_StructInit
                0x0800f4fe                USART_ClockInit
                0x0800f51e                USART_ClockStructInit
                0x0800f52a                USART_Cmd
                0x0800f542                USART_ITConfig
                0x0800f572                USART_DMACmd
                0x0800f584                USART_SetAddress
                0x0800f59a                USART_WakeUpConfig
                0x0800f5b0                USART_ReceiverWakeUpCmd
                0x0800f5c8                USART_LINBreakDetectLengthConfig
                0x0800f5de                USART_LINCmd
                0x0800f5f6                USART_SendData
                0x0800f5fe                USART_ReceiveData
                0x0800f606                USART_SendBreak
                0x0800f612                USART_SetGuardTime
                0x0800f624                USART_SetPrescaler
                0x0800f636                USART_SmartCardCmd
                0x0800f64e                USART_SmartCardNACKCmd
                0x0800f666                USART_HalfDuplexCmd
                0x0800f67e                USART_IrDAConfig
                0x0800f694                USART_IrDACmd
                0x0800f6ac                USART_GetFlagStatus
                0x0800f6b8                USART_ClearFlag
                0x0800f6c0                USART_GetITStatus
                0x0800f700                USART_ClearITPendingBit
 .text          0x0800f710      0x948 lib/STM32_USB-FS-Device_Driver/libstm32usb.a(usb_core.o)
                0x0800f710                Standard_GetConfiguration
                0x0800f738                Standard_GetInterface
                0x0800f760                Standard_GetStatus
                0x0800f8b8                Standard_SetConfiguration
                0x0800f8f4                Standard_SetInterface
                0x0800f944                Standard_ClearFeature
                0x0800fa28                Standard_SetEndPointFeature
                0x0800fab4                Standard_SetDeviceFeature
                0x0800fadc                Standard_GetDescriptorData
                0x0800faf8                Post0_Process
                0x0800fb3c                Out0_Process
                0x0800fc28                Setup0_Process
                0x0800ffac                SetDeviceAddress
                0x0800fff0                In0_Process
                0x08010054                NOP_Process
 .text          0x08010058       0x44 lib/STM32_USB-FS-Device_Driver/libstm32usb.a(usb_init.o)
                0x08010058                USB_Init
 .text          0x0801009c      0x234 lib/STM32_USB-FS-Device_Driver/libstm32usb.a(usb_int.o)
                0x0801009c                CTR_LP
                0x08010244                CTR_HP
 .text          0x080102d0       0x60 lib/STM32_USB-FS-Device_Driver/libstm32usb.a(usb_mem.o)
                0x080102d0                UserToPMABufferCopy
                0x08010308                PMAToUserBufferCopy
 .text          0x08010330      0x870 lib/STM32_USB-FS-Device_Driver/libstm32usb.a(usb_regs.o)
                0x08010330                SetCNTR
                0x0801033c                GetCNTR
                0x0801034c                SetISTR
                0x08010358                GetISTR
                0x08010368                GetFNR
                0x08010378                SetDADDR
                0x08010384                GetDADDR
                0x08010394                SetBTABLE
                0x080103a8                GetBTABLE
                0x080103b8                SetENDPOINT
                0x080103c8                GetENDPOINT
                0x080103d8                SetEPType
                0x080103f0                GetEPType
                0x08010404                SetEPTxStatus
                0x08010434                SetEPRxStatus
                0x08010464                SetDouBleBuffEPStall
                0x0801048c                GetEPTxStatus
                0x080104a0                GetEPRxStatus
                0x080104b4                SetEPTxValid
                0x080104d8                SetEPRxValid
                0x080104fc                SetEP_KIND
                0x0801051c                ClearEP_KIND
                0x0801053c                Clear_Status_Out
                0x0801055c                Set_Status_Out
                0x0801057c                SetEPDoubleBuff
                0x0801059c                ClearEPDoubleBuff
                0x080105bc                GetTxStallStatus
                0x080105dc                GetRxStallStatus
                0x080105f8                ClearEP_CTR_RX
                0x08010610                ClearEP_CTR_TX
                0x08010628                ToggleDTOG_RX
                0x08010648                ToggleDTOG_TX
                0x08010668                ClearDTOG_RX
                0x0801068c                ClearDTOG_TX
                0x080106b0                SetEPAddress
                0x080106d0                GetEPAddress
                0x080106e4                SetEPTxAddr
                0x08010708                SetEPRxAddr
                0x08010730                GetEPTxAddr
                0x08010750                GetEPRxAddr
                0x08010770                SetEPTxCount
                0x08010790                SetEPCountRxReg
                0x080107b8                SetEPRxCount
                0x08010800                GetEPTxCount
                0x08010824                GetEPRxCount
                0x08010848                SetEPDblBuffAddr
                0x0801088c                SetEPDblBuf0Addr
                0x080108b0                SetEPDblBuf1Addr
                0x080108d8                GetEPDblBuf0Addr
                0x080108f8                GetEPDblBuf1Addr
                0x08010918                SetEPDblBuffCount
                0x080109d0                SetEPDblBuf0Count
                0x08010a40                SetEPDblBuf1Count
                0x08010ab0                GetEPDblBuf0Count
                0x08010ad4                GetEPDblBuf1Count
                0x08010af8                GetEPDblBufDir
                0x08010b44                FreeUserBuffer
                0x08010b8c                ToWord
                0x08010b94                ByteSwap
 .text          0x08010ba0       0x78 lib/STM32_USB-FS-Device_Driver/libstm32usb.a(usb_sil.o)
                0x08010ba0                USB_SIL_Init
                0x08010bcc                USB_SIL_Write
                0x08010bf4                USB_SIL_Read
 .text          0x08010c18       0x78 /home/laurence/CodeSourcery/Sourcery_G++_Lite/bin/../lib/gcc/arm-none-eabi/4.5.2/../../../../arm-none-eabi/lib/thumb2/libm.a(lib_a-sf_sin.o)
                0x08010c18                sinf
 .text          0x08010c90       0xa8 /home/laurence/CodeSourcery/Sourcery_G++_Lite/bin/../lib/gcc/arm-none-eabi/4.5.2/../../../../arm-none-eabi/lib/thumb2/libm.a(lib_a-wf_asin.o)
                0x08010c90                asinf
 .text          0x08010d38       0xa4 /home/laurence/CodeSourcery/Sourcery_G++_Lite/bin/../lib/gcc/arm-none-eabi/4.5.2/../../../../arm-none-eabi/lib/thumb2/libm.a(lib_a-wf_sqrt.o)
                0x08010d38                sqrtf
 .text          0x08010ddc      0x318 /home/laurence/CodeSourcery/Sourcery_G++_Lite/bin/../lib/gcc/arm-none-eabi/4.5.2/../../../../arm-none-eabi/lib/thumb2/libm.a(lib_a-ef_asin.o)
                0x08010ddc                __ieee754_asinf
 .text          0x080110f4      0x358 /home/laurence/CodeSourcery/Sourcery_G++_Lite/bin/../lib/gcc/arm-none-eabi/4.5.2/../../../../arm-none-eabi/lib/thumb2/libm.a(lib_a-ef_rem_pio2.o)
                0x080110f4                __ieee754_rem_pio2f
 .text          0x0801144c       0xb0 /home/laurence/CodeSourcery/Sourcery_G++_Lite/bin/../lib/gcc/arm-none-eabi/4.5.2/../../../../arm-none-eabi/lib/thumb2/libm.a(lib_a-ef_sqrt.o)
                0x0801144c                __ieee754_sqrtf
 .text          0x080114fc      0x1b8 /home/laurence/CodeSourcery/Sourcery_G++_Lite/bin/../lib/gcc/arm-none-eabi/4.5.2/../../../../arm-none-eabi/lib/thumb2/libm.a(lib_a-kf_cos.o)
                0x080114fc                __kernel_cosf
 .text          0x080116b4      0x63c /home/laurence/CodeSourcery/Sourcery_G++_Lite/bin/../lib/gcc/arm-none-eabi/4.5.2/../../../../arm-none-eabi/lib/thumb2/libm.a(lib_a-kf_rem_pio2.o)
                0x080116b4                __kernel_rem_pio2f
 .text          0x08011cf0      0x100 /home/laurence/CodeSourcery/Sourcery_G++_Lite/bin/../lib/gcc/arm-none-eabi/4.5.2/../../../../arm-none-eabi/lib/thumb2/libm.a(lib_a-kf_sin.o)
                0x08011cf0                __kernel_sinf
 .text          0x08011df0        0x4 /home/laurence/CodeSourcery/Sourcery_G++_Lite/bin/../lib/gcc/arm-none-eabi/4.5.2/../../../../arm-none-eabi/lib/thumb2/libm.a(lib_a-s_matherr.o)
                0x08011df0                matherr
 .text          0x08011df4        0xc /home/laurence/CodeSourcery/Sourcery_G++_Lite/bin/../lib/gcc/arm-none-eabi/4.5.2/../../../../arm-none-eabi/lib/thumb2/libm.a(lib_a-s_nan.o)
                0x08011df4                nan
 .text          0x08011e00        0x8 /home/laurence/CodeSourcery/Sourcery_G++_Lite/bin/../lib/gcc/arm-none-eabi/4.5.2/../../../../arm-none-eabi/lib/thumb2/libm.a(lib_a-sf_fabs.o)
                0x08011e00                fabsf
 .text          0x08011e08       0xa0 /home/laurence/CodeSourcery/Sourcery_G++_Lite/bin/../lib/gcc/arm-none-eabi/4.5.2/../../../../arm-none-eabi/lib/thumb2/libm.a(lib_a-sf_floor.o)
                0x08011e08                floorf
 .text          0x08011ea8       0x7c /home/laurence/CodeSourcery/Sourcery_G++_Lite/bin/../lib/gcc/arm-none-eabi/4.5.2/../../../../arm-none-eabi/lib/thumb2/libm.a(lib_a-sf_fpclassify.o)
                0x08011ea8                __fpclassifyf
 .text          0x08011f24       0xc0 /home/laurence/CodeSourcery/Sourcery_G++_Lite/bin/../lib/gcc/arm-none-eabi/4.5.2/../../../../arm-none-eabi/lib/thumb2/libm.a(lib_a-sf_scalbn.o)
                0x08011f24                scalbnf
 .text          0x08011fe4       0x10 /home/laurence/CodeSourcery/Sourcery_G++_Lite/bin/../lib/gcc/arm-none-eabi/4.5.2/../../../../arm-none-eabi/lib/thumb2/libm.a(lib_a-sf_copysign.o)
                0x08011fe4                copysignf
 .text          0x08011ff4      0x370 /home/laurence/CodeSourcery/Sourcery_G++_Lite/bin/../lib/gcc/arm-none-eabi/4.5.2/thumb2/libgcc.a(_arm_addsubdf3.o)
                0x08011ff4                __aeabi_drsub
                0x08011ffc                __aeabi_dsub
                0x08011ffc                __subdf3
                0x08012000                __adddf3
                0x08012000                __aeabi_dadd
                0x08012278                __aeabi_ui2d
                0x08012278                __floatunsidf
                0x08012298                __floatsidf
                0x08012298                __aeabi_i2d
                0x080122bc                __extendsfdf2
                0x080122bc                __aeabi_f2d
                0x080122f8                __aeabi_ul2d
                0x080122f8                __floatundidf
                0x08012308                __floatdidf
                0x08012308                __aeabi_l2d
 .text          0x08012364      0x424 /home/laurence/CodeSourcery/Sourcery_G++_Lite/bin/../lib/gcc/arm-none-eabi/4.5.2/thumb2/libgcc.a(_arm_muldivdf3.o)
                0x08012364                __aeabi_dmul
                0x08012364                __muldf3
                0x080125b8                __aeabi_ddiv
                0x080125b8                __divdf3
 .text          0x08012788      0x110 /home/laurence/CodeSourcery/Sourcery_G++_Lite/bin/../lib/gcc/arm-none-eabi/4.5.2/thumb2/libgcc.a(_arm_cmpdf2.o)
                0x08012788                __gtdf2
                0x08012788                __gedf2
                0x08012790                __ltdf2
                0x08012790                __ledf2
                0x08012798                __cmpdf2
                0x08012798                __eqdf2
                0x08012798                __nedf2
                0x08012814                __aeabi_cdrcmple
                0x08012824                __aeabi_cdcmple
                0x08012824                __aeabi_cdcmpeq
                0x08012834                __aeabi_dcmpeq
                0x08012848                __aeabi_dcmplt
                0x0801285c                __aeabi_dcmple
                0x08012870                __aeabi_dcmpge
                0x08012884                __aeabi_dcmpgt
 .text          0x08012898       0x50 /home/laurence/CodeSourcery/Sourcery_G++_Lite/bin/../lib/gcc/arm-none-eabi/4.5.2/thumb2/libgcc.a(_arm_fixdfsi.o)
                0x08012898                __fixdfsi
                0x08012898                __aeabi_d2iz
 .text          0x080128e8       0x40 /home/laurence/CodeSourcery/Sourcery_G++_Lite/bin/../lib/gcc/arm-none-eabi/4.5.2/thumb2/libgcc.a(_arm_fixunsdfsi.o)
                0x080128e8                __fixunsdfsi
                0x080128e8                __aeabi_d2uiz
 .text          0x08012928       0xa0 /home/laurence/CodeSourcery/Sourcery_G++_Lite/bin/../lib/gcc/arm-none-eabi/4.5.2/thumb2/libgcc.a(_arm_truncdfsf2.o)
                0x08012928                __aeabi_d2f
                0x08012928                __truncdfsf2
 .text          0x080129c8      0x21c /home/laurence/CodeSourcery/Sourcery_G++_Lite/bin/../lib/gcc/arm-none-eabi/4.5.2/thumb2/libgcc.a(_arm_addsubsf3.o)
                0x080129c8                __aeabi_frsub
                0x080129d0                __subsf3
                0x080129d0                __aeabi_fsub
                0x080129d4                __aeabi_fadd
                0x080129d4                __addsf3
                0x08012b34                __aeabi_ui2f
                0x08012b34                __floatunsisf
                0x08012b3c                __aeabi_i2f
                0x08012b3c                __floatsisf
                0x08012b58                __floatundisf
                0x08012b58                __aeabi_ul2f
                0x08012b68                __floatdisf
                0x08012b68                __aeabi_l2f
 .text          0x08012be4      0x2a0 /home/laurence/CodeSourcery/Sourcery_G++_Lite/bin/../lib/gcc/arm-none-eabi/4.5.2/thumb2/libgcc.a(_arm_muldivsf3.o)
                0x08012be4                __mulsf3
                0x08012be4                __aeabi_fmul
                0x08012d4c                __divsf3
                0x08012d4c                __aeabi_fdiv
 .text          0x08012e84       0xec /home/laurence/CodeSourcery/Sourcery_G++_Lite/bin/../lib/gcc/arm-none-eabi/4.5.2/thumb2/libgcc.a(_arm_cmpsf2.o)
                0x08012e84                __gtsf2
                0x08012e84                __gesf2
                0x08012e8c                __lesf2
                0x08012e8c                __ltsf2
                0x08012e94                __nesf2
                0x08012e94                __eqsf2
                0x08012e94                __cmpsf2
                0x08012ef4                __aeabi_cfrcmple
                0x08012efc                __aeabi_cfcmple
                0x08012efc                __aeabi_cfcmpeq
                0x08012f0c                __aeabi_fcmpeq
                0x08012f20                __aeabi_fcmplt
                0x08012f34                __aeabi_fcmple
                0x08012f48                __aeabi_fcmpge
                0x08012f5c                __aeabi_fcmpgt
 .text          0x08012f70       0x4c /home/laurence/CodeSourcery/Sourcery_G++_Lite/bin/../lib/gcc/arm-none-eabi/4.5.2/thumb2/libgcc.a(_arm_fixsfsi.o)
                0x08012f70                __fixsfsi
                0x08012f70                __aeabi_f2iz
 .text          0x08012fbc       0x40 /home/laurence/CodeSourcery/Sourcery_G++_Lite/bin/../lib/gcc/arm-none-eabi/4.5.2/thumb2/libgcc.a(_arm_fixunssfsi.o)
                0x08012fbc                __aeabi_f2uiz
                0x08012fbc                __fixunssfsi
 .text          0x08012ffc        0xc /home/laurence/CodeSourcery/Sourcery_G++_Lite/bin/../lib/gcc/arm-none-eabi/4.5.2/../../../../arm-none-eabi/lib/thumb2/libc.a(lib_a-errno.o)
                0x08012ffc                __errno
 .text          0x08013008       0x20 /home/laurence/CodeSourcery/Sourcery_G++_Lite/bin/../lib/gcc/arm-none-eabi/4.5.2/../../../../arm-none-eabi/lib/thumb2/libc.a(lib_a-malloc.o)
                0x08013008                malloc
                0x08013018                free
 .text          0x08013028      0x57c /home/laurence/CodeSourcery/Sourcery_G++_Lite/bin/../lib/gcc/arm-none-eabi/4.5.2/../../../../arm-none-eabi/lib/thumb2/libc.a(lib_a-mallocr.o)
                0x08013028                _malloc_r
 .text          0x080135a4       0xb4 /home/laurence/CodeSourcery/Sourcery_G++_Lite/bin/../lib/gcc/arm-none-eabi/4.5.2/../../../../arm-none-eabi/lib/thumb2/libc.a(lib_a-memset.o)
                0x080135a4                memset
 .text          0x08013658        0x8 /home/laurence/CodeSourcery/Sourcery_G++_Lite/bin/../lib/gcc/arm-none-eabi/4.5.2/../../../../arm-none-eabi/lib/thumb2/libc.a(lib_a-mlock.o)
                0x08013658                __malloc_lock
                0x0801365c                __malloc_unlock
 .text          0x08013660       0x28 /home/laurence/CodeSourcery/Sourcery_G++_Lite/bin/../lib/gcc/arm-none-eabi/4.5.2/../../../../arm-none-eabi/lib/thumb2/libc.a(lib_a-sbrkr.o)
                0x08013660                _sbrk_r
 .text          0x08013688       0x60 /home/laurence/CodeSourcery/Sourcery_G++_Lite/bin/../lib/gcc/arm-none-eabi/4.5.2/../../../../arm-none-eabi/lib/thumb2/libc.a(lib_a-strlen.o)
                0x08013688                strlen
 .text          0x080136e8      0x240 /home/laurence/CodeSourcery/Sourcery_G++_Lite/bin/../lib/gcc/arm-none-eabi/4.5.2/../../../../arm-none-eabi/lib/thumb2/libc.a(lib_a-freer.o)
                0x080136e8                _malloc_trim_r
                0x08013790                _free_r
 .text          0x08013928       0x30 /home/laurence/CodeSourcery/Sourcery_G++_Lite/bin/../lib/gcc/arm-none-eabi/4.5.2/../../../../arm-none-eabi/lib/thumb2/libcs3.a(start_c.o)
                0x08013928                __cs3_premain
 .text.cs3.init
                0x08013958       0x50 /home/laurence/CodeSourcery/Sourcery_G++_Lite/bin/../lib/gcc/arm-none-eabi/4.5.2/../../../../arm-none-eabi/lib/thumb2/libcs3.a(start_c.o)
                0x08013958                __cs3_start_c
 .text          0x080139a8       0x40 /home/laurence/CodeSourcery/Sourcery_G++_Lite/bin/../lib/gcc/arm-none-eabi/4.5.2/../../../../arm-none-eabi/lib/thumb2/libcs3unhosted.a(unhosted-sbrk.o)
                0x080139a8                _sbrk
 .text.cs3.init
                0x080139e8       0x10 /home/laurence/CodeSourcery/Sourcery_G++_Lite/bin/../lib/gcc/arm-none-eabi/4.5.2/../../../../arm-none-eabi/lib/thumb2/libcs3unhosted.a(unhosted-start.o)
                0x080139e8                _start
 .text          0x080139f8        0x2 lib/libcs3-lanchon-stm32.a(lanchon_stm32_isr_interrupt.o)
                0x080139f8                DMAChannel7_IRQHandler
                0x080139f8                DebugMonitor
                0x080139f8                SVCHandler
                0x080139f8                __STM32ReservedException8
                0x080139f8                __STM32DefaultExceptionHandler
                0x080139f8                CAN_SCE_IRQHandler
                0x080139f8                __STM32ReservedException10
                0x080139f8                __STM32ReservedException13
                0x080139f8                DMAChannel4_IRQHandler
                0x080139f8                PendSVC
                0x080139f8                CAN_RX1_IRQHandler
                0x080139f8                ADC_IRQHandler
                0x080139f8                DMAChannel5_IRQHandler
                0x080139f8                DMAChannel2_IRQHandler
                0x080139f8                __STM32ReservedException7
                0x080139f8                DMAChannel6_IRQHandler
                0x080139f8                DMAChannel3_IRQHandler
                0x080139f8                __STM32ReservedException9
 *fill*         0x080139fa        0x2 00
 .text          0x080139fc       0x50 /home/laurence/CodeSourcery/Sourcery_G++_Lite/bin/../lib/gcc/arm-none-eabi/4.5.2/../../../../arm-none-eabi/lib/thumb2/libc.a(lib_a-init.o)
                0x080139fc                __libc_init_array
 *(.plt)
 *(.gnu.warning)
 *(.glue_7t)
 .glue_7t       0x00000000        0x0 linker stubs
 *(.glue_7)
 .glue_7        0x00000000        0x0 linker stubs
 *(.vfp11_veneer)
 .vfp11_veneer  0x00000000        0x0 linker stubs
 *(.rodata .rodata.* .gnu.linkonce.r.*)
 .rodata        0x08013a4c       0x90 Sensors/ppg_new.o
 .rodata        0x08013adc       0xac Util/USB/usb_desc.o
                0x08013adc                MASS_DeviceDescriptor
                0x08013af0                MASS_ConfigDescriptor
                0x08013b10                MASS_StringLangID
                0x08013b14                MASS_StringVendor
                0x08013b48                MASS_StringProduct
                0x08013b78                MASS_StringInterface
 .rodata        0x08013b88     0x7738 Util/fat_fs/option/cc932.o
 .rodata.str1.4
                0x0801b2c0       0x13 Util/fat_fs/src/ff.o
                                 0x14 (size before relaxing)
 *fill*         0x0801b2d3        0x1 00
 .rodata        0x0801b2d4        0xc Util/fat_fs/src/rtc.o
 .rodata        0x0801b2e0       0x14 Util/rprintf.o
 .rodata.str1.4
                0x0801b2f4       0x1a Util/rprintf.o
                                 0x1c (size before relaxing)
 *fill*         0x0801b30e        0x2 00
 .rodata        0x0801b310        0x4 i2c_int.o
                0x0801b310                TMP102_setup
 .rodata.str1.4
                0x0801b314       0x10 interrupts.o
 .rodata        0x0801b324       0x14 lib/CMSIS_CM3/system_stm32f10x.o
                0x0801b324                SystemFrequency
                0x0801b328                SystemFrequency_SysClk
                0x0801b32c                SystemFrequency_AHBClk
                0x0801b330                SystemFrequency_APB1Clk
                0x0801b334                SystemFrequency_APB2Clk
 .rodata.str1.4
                0x0801b338       0xcd main.o
                                 0xd4 (size before relaxing)
 *fill*         0x0801b405        0x3 00
 .rodata.str1.4
                0x0801b408       0x16 pwr.o
                                 0x18 (size before relaxing)
 *fill*         0x0801b41e        0x2 00
 .rodata.str1.4
                0x0801b420        0x6 /home/laurence/CodeSourcery/Sourcery_G++_Lite/bin/../lib/gcc/arm-none-eabi/4.5.2/../../../../arm-none-eabi/lib/thumb2/libm.a(lib_a-wf_asin.o)
                                  0xc (size before relaxing)
 *fill*         0x0801b426        0x2 00
 .rodata.str1.4
                0x0801b428        0x8 /home/laurence/CodeSourcery/Sourcery_G++_Lite/bin/../lib/gcc/arm-none-eabi/4.5.2/../../../../arm-none-eabi/lib/thumb2/libm.a(lib_a-wf_sqrt.o)
 .rodata        0x0801b430      0x398 /home/laurence/CodeSourcery/Sourcery_G++_Lite/bin/../lib/gcc/arm-none-eabi/4.5.2/../../../../arm-none-eabi/lib/thumb2/libm.a(lib_a-ef_rem_pio2.o)
 .rodata        0x0801b7c8       0x38 /home/laurence/CodeSourcery/Sourcery_G++_Lite/bin/../lib/gcc/arm-none-eabi/4.5.2/../../../../arm-none-eabi/lib/thumb2/libm.a(lib_a-kf_rem_pio2.o)
 .rodata        0x0801b800       0x60 /home/laurence/CodeSourcery/Sourcery_G++_Lite/bin/../lib/gcc/arm-none-eabi/4.5.2/../../../../arm-none-eabi/lib/thumb2/libc.a(lib_a-findfp.o)
                0x0801b800                __sf_fake_stdin
                0x0801b820                __sf_fake_stdout
                0x0801b840                __sf_fake_stderr
 .rodata.str1.4
                0x00000000        0x4 /home/laurence/CodeSourcery/Sourcery_G++_Lite/bin/../lib/gcc/arm-none-eabi/4.5.2/../../../../arm-none-eabi/lib/thumb2/libc.a(lib_a-impure.o)
 *(.ARM.extab* .gnu.linkonce.armextab.*)
 *(.gcc_except_table)
 *(.eh_frame_hdr)
 *(.eh_frame)
                0x0801b860                . = ALIGN (0x4)
 *(.init)
 .init          0x0801b860        0x4 /home/laurence/CodeSourcery/Sourcery_G++_Lite/bin/../lib/gcc/arm-none-eabi/4.5.2/thumb2/crti.o
                0x0801b860                _init
 .init          0x0801b864        0x8 /home/laurence/CodeSourcery/Sourcery_G++_Lite/bin/../lib/gcc/arm-none-eabi/4.5.2/thumb2/crtn.o
                0x0801b86c                . = ALIGN (0x4)
                0x0801b86c                _sidata = .
                0x0801b86c                __preinit_array_start = .
 *(.preinit_array)
                0x0801b86c                __preinit_array_end = .
                0x0801b86c                . = ALIGN (0x4)
                0x0801b86c                __init_array_start = .
 *(SORT(.init_array.*))
 *(.init_array)
 .init_array    0x0801b86c        0x4 /home/laurence/CodeSourcery/Sourcery_G++_Lite/bin/../lib/gcc/arm-none-eabi/4.5.2/thumb2/crtbegin.o
                0x0801b870                __init_array_end = .
                0x0801b870                . = ALIGN (0x4)
 *crtbegin.o(.ctors)
 *(EXCLUDE_FILE(*crtend.o) .ctors)
 *(SORT(.ctors.*))
 *crtend.o(.ctors)
                0x0801b870                . = ALIGN (0x4)
 *(.fini)
 .fini          0x0801b870        0x4 /home/laurence/CodeSourcery/Sourcery_G++_Lite/bin/../lib/gcc/arm-none-eabi/4.5.2/thumb2/crti.o
                0x0801b870                _fini
 .fini          0x0801b874        0x8 /home/laurence/CodeSourcery/Sourcery_G++_Lite/bin/../lib/gcc/arm-none-eabi/4.5.2/thumb2/crtn.o
                0x0801b87c                . = ALIGN (0x4)
                0x0801b87c                __fini_array_start = .
 *(.fini_array)
 .fini_array    0x0801b87c        0x4 /home/laurence/CodeSourcery/Sourcery_G++_Lite/bin/../lib/gcc/arm-none-eabi/4.5.2/thumb2/crtbegin.o
 *(SORT(.fini_array.*))
                0x0801b880                __fini_array_end = .
 *crtbegin.o(.dtors)
 *(EXCLUDE_FILE(*crtend.o) .dtors)
 *(SORT(.dtors.*))
 *crtend.o(.dtors)
                0x0801b880                . = ALIGN (0x4)
                0x0801b880                __cs3_regions = .
                0x0801b880        0x4 LONG 0x0
                0x0801b884        0x4 LONG 0x801b898 __cs3_region_init_ram
                0x0801b888        0x4 LONG 0x20000000 __cs3_region_start_ram
                0x0801b88c        0x4 LONG 0x698 __cs3_region_init_size_ram
                0x0801b890        0x4 LONG 0x968 __cs3_region_zero_size_ram
                0x0801b894                __exidx_start = .

.v4_bx          0x0801b894        0x0
 .v4_bx         0x00000000        0x0 linker stubs

.ARM.exidx
 *(.ARM.exidx* .gnu.linkonce.armexidx.*)
                0x0801b894                __exidx_end = .

.text.align     0x0801b894        0x4
                0x0801b898                . = ALIGN (0x8)
 *fill*         0x0801b894        0x4 00
                0x0801b898                _etext = .
                0x08020000                __cs3_region_end_rom = (__cs3_region_start_rom + 0x20000)
                0x00020000                __cs3_region_size_rom = 0x20000
                0x00000001                __cs3_region_num = 0x1

.data           0x20000000      0x698 load address 0x0801b898
                0x20000000                __cs3_region_start_ram = .
                0x20000000                _sdata = .
 *(.cs3.region-head.ram)
 *(.jcr)
 .jcr           0x20000000        0x0 /home/laurence/CodeSourcery/Sourcery_G++_Lite/bin/../lib/gcc/arm-none-eabi/4.5.2/thumb2/crtbegin.o
 .jcr           0x20000000        0x4 /home/laurence/CodeSourcery/Sourcery_G++_Lite/bin/../lib/gcc/arm-none-eabi/4.5.2/thumb2/crtend.o
 *(.got.plt)
 *(.got)
 *(.shdata)
 *(.data .data.* .gnu.linkonce.d.*)
 .data          0x20000004       0x74 Util/USB/scsi_data.o
                0x20000004                Standard_Inquiry_Data
                0x20000028                Standard_Inquiry_Data2
                0x2000004c                Mode_Sense6_data
                0x20000050                Mode_Sense10_data
                0x20000058                Scsi_Sense_Data
                0x2000006c                ReadFormatCapacity_Data
 .data          0x20000078       0x1c Util/USB/usb_desc.o
                0x20000078                MASS_StringSerial
 .data          0x20000094       0x38 Util/USB/usb_istr.o
                0x20000094                pEpInt_IN
                0x200000b0                pEpInt_OUT
 .data          0x200000cc       0x90 Util/USB/usb_prop.o
                0x200000cc                String_Descriptor
                0x200000f4                Config_Descriptor
                0x200000fc                Device_Descriptor
                0x20000104                Device_Property
                0x20000134                Device_Table
                0x20000138                User_Standard_Requests
 .data          0x2000015c        0x1 Util/USB/usb_pwr.o
                0x2000015c                fSuspendEnabled
 .data          0x2000015d        0x1 Util/fat_fs/src/sd_spi_stm32.o
 *fill*         0x2000015e        0x2 00
 .data          0x20000160       0x10 i2c_int.o
                0x20000160                I2C_jobs
 .data          0x20000170       0x14 lib/STM32F10x_StdPeriph_Driver/libstm32fw.a(stm32f10x_rcc.o)
 .data          0x20000184        0x1 /home/laurence/CodeSourcery/Sourcery_G++_Lite/bin/../lib/gcc/arm-none-eabi/4.5.2/../../../../arm-none-eabi/lib/thumb2/libm.a(lib_a-s_lib_ver.o)
                0x20000184                __fdlib_version
 *fill*         0x20000185        0x3 00
 .data          0x20000188       0xf4 /home/laurence/CodeSourcery/Sourcery_G++_Lite/bin/../lib/gcc/arm-none-eabi/4.5.2/../../../../arm-none-eabi/lib/thumb2/libc.a(lib_a-impure.o)
                0x20000188                _impure_ptr
 .data          0x2000027c      0x410 /home/laurence/CodeSourcery/Sourcery_G++_Lite/bin/../lib/gcc/arm-none-eabi/4.5.2/../../../../arm-none-eabi/lib/thumb2/libc.a(lib_a-mallocr.o)
                0x2000027c                __malloc_av_
                0x20000684                __malloc_sbrk_base
                0x20000688                __malloc_trim_threshold
 .data          0x2000068c        0x4 /home/laurence/CodeSourcery/Sourcery_G++_Lite/bin/../lib/gcc/arm-none-eabi/4.5.2/../../../../arm-none-eabi/lib/thumb2/libcs3unhosted.a(unhosted-sbrk.o)
 .data          0x20000690        0x4 /home/laurence/CodeSourcery/Sourcery_G++_Lite/bin/../lib/gcc/arm-none-eabi/4.5.2/../../../../arm-none-eabi/lib/thumb2/libcs3.a(heap.o)
                0x20000690                __cs3_heap_limit
 *(.ram)
                0x20000698                . = ALIGN (0x8)
 *fill*         0x20000694        0x4 00
                0x20000698                _edata = .

.bss            0x20000698      0x968 load address 0x0801bf30
                0x20000698                _sbss = .
 *(.shbss)
 *(.bss .bss.* .gnu.linkonce.b.*)
 .bss           0x20000698        0x1 /home/laurence/CodeSourcery/Sourcery_G++_Lite/bin/../lib/gcc/arm-none-eabi/4.5.2/thumb2/crtbegin.o
 *fill*         0x20000699        0x3 00
 .bss           0x2000069c       0x20 Sensors/ppg_new.o
 .bss           0x200006bc       0x34 Sensors/pressure.o
 .bss           0x200006f0        0x4 Util/USB/mass_mal.o
                0x200006f0                Status
 .bss           0x200006f4       0x20 Util/USB/memory.o
                0x200006f4                TransferState
                0x20000700                Block_Read_count
                0x20000708                Counter
 .bss           0x20000714       0x10 Util/USB/scsi_data.o
                0x20000714                Page00_Inquiry_Data
                0x2000071c                ReadCapacity10_Data
 .bss           0x20000724        0x1 Util/USB/usb_istr.o
                0x20000724                bIntPackSOF
 *fill*         0x20000725        0x3 00
 .bss           0x20000728        0x4 Util/USB/usb_prop.o
                0x20000728                Max_Lun
 .bss           0x2000072c        0x4 Util/USB/usb_pwr.o
                0x2000072c                bDeviceState
 .bss           0x20000730        0x8 Util/fat_fs/src/ff.o
 .bss           0x20000738       0x10 Util/fat_fs/src/sd_spi_stm32.o
 .bss           0x20000748       0x84 Util/rprintf.o
 .bss           0x200007cc        0x3 i2c_int.o
 *fill*         0x200007cf        0x1 00
 .bss           0x200007d0       0x18 interrupts.o
 .bss           0x200007e8      0x234 main.o
                0x20000a18                file_opened
 .bss           0x20000a1c        0x1 lib/STM32_USB-FS-Device_Driver/libstm32usb.a(usb_core.o)
                0x20000a1c                Data_Mul_MaxPacketSize
 *fill*         0x20000a1d        0x3 00
 .bss           0x20000a20       0x34 /home/laurence/CodeSourcery/Sourcery_G++_Lite/bin/../lib/gcc/arm-none-eabi/4.5.2/../../../../arm-none-eabi/lib/thumb2/libc.a(lib_a-mallocr.o)
                0x20000a20                __malloc_top_pad
                0x20000a24                __malloc_current_mallinfo
                0x20000a4c                __malloc_max_sbrked_mem
                0x20000a50                __malloc_max_total_mem
 *(COMMON)
 COMMON         0x20000a54        0xc Sensors/ppg_new.o
                0x20000a54                Last_PPG_Values
 COMMON         0x20000a60        0x8 Sensors/pressure.o
                0x20000a60                Reported_Pressure
                0x20000a64                Pressure_Offset
 COMMON         0x20000a68        0xa Sensors/temperature.o
                0x20000a68                Device_Temperature
                0x20000a6c                TMP102_Reported_Temperature
                0x20000a70                TMP102_Data_Buffer
 *fill*         0x20000a72        0x2 00
 COMMON         0x20000a74       0x1c Util/USB/mass_mal.o
                0x20000a74                Mass_Memory_Size
                0x20000a7c                Mass_Block_Size
                0x20000a84                Mass_Block_Count
                0x20000a8c                Data_Buffer
 COMMON         0x20000a90        0x8 Util/USB/memory.o
                0x20000a90                Block_offset
                0x20000a94                Idx
 COMMON         0x20000a98       0x7c Util/USB/usb_bot.o
                0x20000a98                CBW
                0x20000ab8                Data_Len
                0x20000aba                Bot_State
                0x20000abc                SCSI_LBA
                0x20000ac0                CSW
                0x20000ad0                SCSI_BlkLen
                0x20000ad4                Bulk_Data_Buff
 COMMON         0x20000b14        0x2 Util/USB/usb_istr.o
                0x20000b14                wIstr
 *fill*         0x20000b16        0x2 00
 COMMON         0x20000b18        0x2 Util/USB/usb_pwr.o
                0x20000b18                ResumeS
 COMMON         0x20000b1a        0x1 Util/fat_fs/src/sd_spi_stm32.o
                0x20000b1a                Sd_Spi_Called_From_USB_MSC
 *fill*         0x20000b1b        0x1 00
 COMMON         0x20000b1c        0x4 adc.o
                0x20000b1c                ADC1_Convertion_buff
 COMMON         0x20000b20        0x1 gpio.o
                0x20000b20                bootsource
 *fill*         0x20000b21        0x3 00
 COMMON         0x20000b24        0xd i2c_int.o
                0x20000b24                I2C1error
                0x20000b28                Jobs
                0x20000b2c                Completed_Jobs
                0x20000b30                job
 COMMON         0x20000b31        0x1 interrupts.o
                0x20000b31                Button_hold_tim
 *fill*         0x20000b32        0x2 00
 COMMON         0x20000b34      0x48c main.o
                0x20000b34                Pressure_control
                0x20000b38                Temperatures_Buffer
                0x20000b44                f_err_code
                0x20000b48                Buff
                0x20000b6c                System_state_Global
                0x20000b70                Millis
                0x20000b74                Sensors
                0x20000b78                FATFS_info
                0x20000b98                Pressures_Buffer
                0x20000ba4                Pressure_Setpoint
                0x20000ba8                print_string
                0x20000ca8                a
                0x20000cac                FATFS_logfile
                0x20000ed0                my_reent
 COMMON         0x20000fc0        0x2 lib/STM32_USB-FS-Device_Driver/libstm32usb.a(usb_core.o)
                0x20000fc0                StatusInfo
 *fill*         0x20000fc2        0x2 00
 COMMON         0x20000fc4       0x32 lib/STM32_USB-FS-Device_Driver/libstm32usb.a(usb_init.o)
                0x20000fc4                SaveState
                0x20000fc8                pProperty
                0x20000fcc                EPindex
                0x20000fd0                Device_Info
                0x20000fec                pUser_Standard_Requests
                0x20000ff0                pInformation
                0x20000ff4                wInterrupt_Mask
 COMMON         0x20000ff6        0x4 lib/STM32_USB-FS-Device_Driver/libstm32usb.a(usb_int.o)
                0x20000ff6                SaveRState
                0x20000ff8                SaveTState
 *fill*         0x20000ffa        0x2 00
 COMMON         0x20000ffc        0x4 /home/laurence/CodeSourcery/Sourcery_G++_Lite/bin/../lib/gcc/arm-none-eabi/4.5.2/../../../../arm-none-eabi/lib/thumb2/libc.a(lib_a-reent.o)
                0x20000ffc                errno
 *(.ram.b)
                0x20001000                . = ALIGN (0x8)
                0x20001000                _ebss = .

.noinit         0x20001000        0x0 load address 0x0801bf30
 *(.noinit)
                0x20001000                . = ALIGN (0x8)
                0x20001000                _end = .
                0x20005000                __cs3_region_end_ram = (__cs3_region_start_ram + 0x5000)
                0x00005000                __cs3_region_size_ram = 0x5000
                0x0801b898                __cs3_region_init_ram = LOADADDR (.data)
                0x00000698                __cs3_region_init_size_ram = (_edata - ADDR (.data))
                0x00000968                __cs3_region_zero_size_ram = (_end - _edata)
                0x00000001                __cs3_region_num = 0x1

.stab
 *(.stab)

.stabstr
 *(.stabstr)

.debug
 *(.debug)

.line
 *(.line)

.debug_srcinfo
 *(.debug_srcinfo)

.debug_sfnames
 *(.debug_sfnames)

.comment        0x00000000       0x64
 .comment       0x00000000       0x2a Sensors/ppg_new.o
                                 0x2b (size before relaxing)
 .comment       0x00000000       0x2b Sensors/pressure.o
 .comment       0x00000000       0x2b Sensors/temperature.o
 .comment       0x00000000       0x2b Util/USB/hw_config.o
 .comment       0x00000000       0x2b Util/USB/mass_mal.o
 .comment       0x00000000       0x2b Util/USB/memory.o
 .comment       0x00000000       0x2b Util/USB/scsi_data.o
 .comment       0x00000000       0x2b Util/USB/usb_bot.o
 .comment       0x00000000       0x2b Util/USB/usb_desc.o
 .comment       0x00000000       0x2b Util/USB/usb_endp.o
 .comment       0x00000000       0x2b Util/USB/usb_istr.o
 .comment       0x00000000       0x2b Util/USB/usb_prop.o
 .comment       0x00000000       0x2b Util/USB/usb_pwr.o
 .comment       0x00000000       0x2b Util/USB/usb_scsi.o
 .comment       0x00000000       0x2b Util/buffer.o
 .comment       0x00000000       0x2b Util/delay.o
 .comment       0x00000000       0x2b Util/fat_fs/option/cc932.o
 .comment       0x00000000       0x2b Util/fat_fs/option/syscall.o
 .comment       0x00000000       0x2b Util/fat_fs/src/fattime.o
 .comment       0x00000000       0x2b Util/fat_fs/src/ff.o
 .comment       0x00000000       0x2b Util/fat_fs/src/rtc.o
 .comment       0x00000000       0x2b Util/fat_fs/src/sd_spi_stm32.o
 .comment       0x00000000       0x2b Util/rprintf.o
 .comment       0x00000000       0x2b Util/stm32_eval_spi_sd.o
 .comment       0x00000000       0x2b adc.o
 .comment       0x00000000       0x2b gpio.o
 .comment       0x00000000       0x2b i2c_int.o
 .comment       0x00000000       0x2b interrupts.o
 .comment       0x00000000       0x2b lib/CMSIS_CM3/core_cm3.o
 .comment       0x00000000       0x2b lib/CMSIS_CM3/system_stm32f10x.o
 .comment       0x00000000       0x2b main.o
 .comment       0x00000000       0x2b pwr.o
 .comment       0x00000000       0x2b timer.o
 .comment       0x00000000       0x2b usart.o
 .comment       0x00000000       0x2b watchdog.o
 .comment       0x0000002a       0x3a lib/STM32F10x_StdPeriph_Driver/libstm32fw.a(misc.o)
                                 0x3b (size before relaxing)
 .comment       0x00000000       0x3b lib/STM32F10x_StdPeriph_Driver/libstm32fw.a(stm32f10x_adc.o)
 .comment       0x00000000       0x3b lib/STM32F10x_StdPeriph_Driver/libstm32fw.a(stm32f10x_bkp.o)
 .comment       0x00000000       0x3b lib/STM32F10x_StdPeriph_Driver/libstm32fw.a(stm32f10x_dbgmcu.o)
 .comment       0x00000000       0x3b lib/STM32F10x_StdPeriph_Driver/libstm32fw.a(stm32f10x_dma.o)
 .comment       0x00000000       0x3b lib/STM32F10x_StdPeriph_Driver/libstm32fw.a(stm32f10x_exti.o)
 .comment       0x00000000       0x3b lib/STM32F10x_StdPeriph_Driver/libstm32fw.a(stm32f10x_gpio.o)
 .comment       0x00000000       0x3b lib/STM32F10x_StdPeriph_Driver/libstm32fw.a(stm32f10x_i2c.o)
 .comment       0x00000000       0x3b lib/STM32F10x_StdPeriph_Driver/libstm32fw.a(stm32f10x_iwdg.o)
 .comment       0x00000000       0x3b lib/STM32F10x_StdPeriph_Driver/libstm32fw.a(stm32f10x_pwr.o)
 .comment       0x00000000       0x3b lib/STM32F10x_StdPeriph_Driver/libstm32fw.a(stm32f10x_rcc.o)
 .comment       0x00000000       0x3b lib/STM32F10x_StdPeriph_Driver/libstm32fw.a(stm32f10x_rtc.o)
 .comment       0x00000000       0x3b lib/STM32F10x_StdPeriph_Driver/libstm32fw.a(stm32f10x_spi.o)
 .comment       0x00000000       0x3b lib/STM32F10x_StdPeriph_Driver/libstm32fw.a(stm32f10x_tim.o)
 .comment       0x00000000       0x3b lib/STM32F10x_StdPeriph_Driver/libstm32fw.a(stm32f10x_usart.o)
 .comment       0x00000000       0x3b lib/STM32_USB-FS-Device_Driver/libstm32usb.a(usb_core.o)
 .comment       0x00000000       0x3b lib/STM32_USB-FS-Device_Driver/libstm32usb.a(usb_init.o)
 .comment       0x00000000       0x3b lib/STM32_USB-FS-Device_Driver/libstm32usb.a(usb_int.o)
 .comment       0x00000000       0x3b lib/STM32_USB-FS-Device_Driver/libstm32usb.a(usb_mem.o)
 .comment       0x00000000       0x3b lib/STM32_USB-FS-Device_Driver/libstm32usb.a(usb_regs.o)
 .comment       0x00000000       0x3b lib/STM32_USB-FS-Device_Driver/libstm32usb.a(usb_sil.o)

.debug_aranges  0x00000000      0x428
 *(.debug_aranges)
 .debug_aranges
                0x00000000       0x20 Sensors/ppg_new.o
 .debug_aranges
                0x00000020       0x20 Sensors/pressure.o
 .debug_aranges
                0x00000040       0x20 Sensors/temperature.o
 .debug_aranges
                0x00000060       0x20 Util/USB/hw_config.o
 .debug_aranges
                0x00000080       0x20 Util/USB/mass_mal.o
 .debug_aranges
                0x000000a0       0x20 Util/USB/memory.o
 .debug_aranges
                0x000000c0       0x20 Util/USB/usb_bot.o
 .debug_aranges
                0x000000e0       0x20 Util/USB/usb_endp.o
 .debug_aranges
                0x00000100       0x20 Util/USB/usb_istr.o
 .debug_aranges
                0x00000120       0x20 Util/USB/usb_prop.o
 .debug_aranges
                0x00000140       0x20 Util/USB/usb_pwr.o
 .debug_aranges
                0x00000160       0x20 Util/USB/usb_scsi.o
 .debug_aranges
                0x00000180       0x20 Util/buffer.o
 .debug_aranges
                0x000001a0       0x20 Util/delay.o
 .debug_aranges
                0x000001c0       0x20 Util/fat_fs/option/cc932.o
 .debug_aranges
                0x000001e0       0x20 Util/fat_fs/src/fattime.o
 .debug_aranges
                0x00000200       0x20 Util/fat_fs/src/ff.o
 .debug_aranges
                0x00000220       0x20 Util/fat_fs/src/rtc.o
 .debug_aranges
                0x00000240       0x20 Util/fat_fs/src/sd_spi_stm32.o
 .debug_aranges
                0x00000260       0x20 Util/rprintf.o
 .debug_aranges
                0x00000280       0x20 Util/stm32_eval_spi_sd.o
 .debug_aranges
                0x000002a0       0x20 adc.o
 .debug_aranges
                0x000002c0       0x20 gpio.o
 .debug_aranges
                0x000002e0       0x20 i2c_int.o
 .debug_aranges
                0x00000300       0x20 interrupts.o
 .debug_aranges
                0x00000320       0x20 lib/CMSIS_CM3/core_cm3.o
 .debug_aranges
                0x00000340       0x28 lib/CMSIS_CM3/startup/gcc/startup_stm32f10x_md.o
 .debug_aranges
                0x00000368       0x20 lib/CMSIS_CM3/system_stm32f10x.o
 .debug_aranges
                0x00000388       0x20 main.o
 .debug_aranges
                0x000003a8       0x20 pwr.o
 .debug_aranges
                0x000003c8       0x20 timer.o
 .debug_aranges
                0x000003e8       0x20 usart.o
 .debug_aranges
                0x00000408       0x20 watchdog.o

.debug_pubnames
                0x00000000     0x17ce
 *(.debug_pubnames)
 .debug_pubnames
                0x00000000       0x87 Sensors/ppg_new.o
 .debug_pubnames
                0x00000087       0x80 Sensors/pressure.o
 .debug_pubnames
                0x00000107       0x8d Sensors/temperature.o
 .debug_pubnames
                0x00000194      0x113 Util/USB/hw_config.o
 .debug_pubnames
                0x000002a7       0xa5 Util/USB/mass_mal.o
 .debug_pubnames
                0x0000034c       0x7f Util/USB/memory.o
 .debug_pubnames
                0x000003cb       0xd2 Util/USB/scsi_data.o
 .debug_pubnames
                0x0000049d       0xd9 Util/USB/usb_bot.o
 .debug_pubnames
                0x00000576       0xb8 Util/USB/usb_desc.o
 .debug_pubnames
                0x0000062e       0x3b Util/USB/usb_endp.o
 .debug_pubnames
                0x00000669       0x56 Util/USB/usb_istr.o
 .debug_pubnames
                0x000006bf      0x1f6 Util/USB/usb_prop.o
 .debug_pubnames
                0x000008b5       0x83 Util/USB/usb_pwr.o
 .debug_pubnames
                0x00000938      0x195 Util/USB/usb_scsi.o
 .debug_pubnames
                0x00000acd       0x59 Util/buffer.o
 .debug_pubnames
                0x00000b26       0x1c Util/delay.o
 .debug_pubnames
                0x00000b42       0x31 Util/fat_fs/option/cc932.o
 .debug_pubnames
                0x00000b73       0x22 Util/fat_fs/src/fattime.o
 .debug_pubnames
                0x00000b95      0x14a Util/fat_fs/src/ff.o
 .debug_pubnames
                0x00000cdf       0x55 Util/fat_fs/src/rtc.o
 .debug_pubnames
                0x00000d34       0x94 Util/fat_fs/src/sd_spi_stm32.o
 .debug_pubnames
                0x00000dc8       0xf9 Util/rprintf.o
 .debug_pubnames
                0x00000ec1      0x167 Util/stm32_eval_spi_sd.o
 .debug_pubnames
                0x00001028       0x66 adc.o
 .debug_pubnames
                0x0000108e       0x72 gpio.o
 .debug_pubnames
                0x00001100       0xc7 i2c_int.o
 .debug_pubnames
                0x000011c7      0x175 interrupts.o
 .debug_pubnames
                0x0000133c      0x159 lib/CMSIS_CM3/core_cm3.o
 .debug_pubnames
                0x00001495       0xa3 lib/CMSIS_CM3/system_stm32f10x.o
 .debug_pubnames
                0x00001538      0x163 main.o
 .debug_pubnames
                0x0000169b       0x54 pwr.o
 .debug_pubnames
                0x000016ef       0x3b timer.o
 .debug_pubnames
                0x0000172a       0x64 usart.o
 .debug_pubnames
                0x0000178e       0x40 watchdog.o

.debug_info     0x00000000     0xff3d
 *(.debug_info .gnu.linkonce.wi.*)
 .debug_info    0x00000000      0x6cb Sensors/ppg_new.o
 .debug_info    0x000006cb      0x1ed Sensors/pressure.o
 .debug_info    0x000008b8      0x123 Sensors/temperature.o
 .debug_info    0x000009db      0x731 Util/USB/hw_config.o
 .debug_info    0x0000110c      0x302 Util/USB/mass_mal.o
 .debug_info    0x0000140e      0x3b3 Util/USB/memory.o
 .debug_info    0x000017c1      0x16b Util/USB/scsi_data.o
 .debug_info    0x0000192c      0x49d Util/USB/usb_bot.o
 .debug_info    0x00001dc9      0x187 Util/USB/usb_desc.o
 .debug_info    0x00001f50       0x98 Util/USB/usb_endp.o
 .debug_info    0x00001fe8      0x311 Util/USB/usb_istr.o
 .debug_info    0x000022f9      0x9bb Util/USB/usb_prop.o
 .debug_info    0x00002cb4      0x3c3 Util/USB/usb_pwr.o
 .debug_info    0x00003077      0x87e Util/USB/usb_scsi.o
 .debug_info    0x000038f5      0x1ba Util/buffer.o
 .debug_info    0x00003aaf       0xc8 Util/delay.o
 .debug_info    0x00003b77      0x1b9 Util/fat_fs/option/cc932.o
 .debug_info    0x00003d30       0x77 Util/fat_fs/option/syscall.o
 .debug_info    0x00003da7      0x15a Util/fat_fs/src/fattime.o
 .debug_info    0x00003f01     0x325b Util/fat_fs/src/ff.o
 .debug_info    0x0000715c      0x532 Util/fat_fs/src/rtc.o
 .debug_info    0x0000768e     0x1920 Util/fat_fs/src/sd_spi_stm32.o
 .debug_info    0x00008fae      0xe1f Util/rprintf.o
 .debug_info    0x00009dcd     0x1a18 Util/stm32_eval_spi_sd.o
 .debug_info    0x0000b7e5      0x44d adc.o
 .debug_info    0x0000bc32      0x2a3 gpio.o
 .debug_info    0x0000bed5      0x6ba i2c_int.o
 .debug_info    0x0000c58f      0xf3e interrupts.o
 .debug_info    0x0000d4cd      0x543 lib/CMSIS_CM3/core_cm3.o
 .debug_info    0x0000da10       0x82 lib/CMSIS_CM3/startup/gcc/startup_stm32f10x_md.o
 .debug_info    0x0000da92      0x2d0 lib/CMSIS_CM3/system_stm32f10x.o
 .debug_info    0x0000dd62     0x1402 main.o
 .debug_info    0x0000f164      0x346 pwr.o
 .debug_info    0x0000f4aa      0x56c timer.o
 .debug_info    0x0000fa16      0x449 usart.o
 .debug_info    0x0000fe5f       0xde watchdog.o

.debug_abbrev   0x00000000     0x3354
 *(.debug_abbrev)
 .debug_abbrev  0x00000000      0x1d1 Sensors/ppg_new.o
 .debug_abbrev  0x000001d1      0x10a Sensors/pressure.o
 .debug_abbrev  0x000002db       0x79 Sensors/temperature.o
 .debug_abbrev  0x00000354      0x2d3 Util/USB/hw_config.o
 .debug_abbrev  0x00000627      0x111 Util/USB/mass_mal.o
 .debug_abbrev  0x00000738      0x148 Util/USB/memory.o
 .debug_abbrev  0x00000880       0x5c Util/USB/scsi_data.o
 .debug_abbrev  0x000008dc      0x198 Util/USB/usb_bot.o
 .debug_abbrev  0x00000a74       0x63 Util/USB/usb_desc.o
 .debug_abbrev  0x00000ad7       0x41 Util/USB/usb_endp.o
 .debug_abbrev  0x00000b18      0x113 Util/USB/usb_istr.o
 .debug_abbrev  0x00000c2b      0x1d0 Util/USB/usb_prop.o
 .debug_abbrev  0x00000dfb      0x1bd Util/USB/usb_pwr.o
 .debug_abbrev  0x00000fb8      0x253 Util/USB/usb_scsi.o
 .debug_abbrev  0x0000120b       0xd8 Util/buffer.o
 .debug_abbrev  0x000012e3       0x7e Util/delay.o
 .debug_abbrev  0x00001361       0xd2 Util/fat_fs/option/cc932.o
 .debug_abbrev  0x00001433       0x2c Util/fat_fs/option/syscall.o
 .debug_abbrev  0x0000145f       0x97 Util/fat_fs/src/fattime.o
 .debug_abbrev  0x000014f6      0x2f7 Util/fat_fs/src/ff.o
 .debug_abbrev  0x000017ed      0x213 Util/fat_fs/src/rtc.o
 .debug_abbrev  0x00001a00      0x344 Util/fat_fs/src/sd_spi_stm32.o
 .debug_abbrev  0x00001d44      0x2e4 Util/rprintf.o
 .debug_abbrev  0x00002028      0x2e8 Util/stm32_eval_spi_sd.o
 .debug_abbrev  0x00002310      0x143 adc.o
 .debug_abbrev  0x00002453      0x158 gpio.o
 .debug_abbrev  0x000025ab      0x1f5 i2c_int.o
 .debug_abbrev  0x000027a0      0x25f interrupts.o
 .debug_abbrev  0x000029ff       0xd2 lib/CMSIS_CM3/core_cm3.o
 .debug_abbrev  0x00002ad1       0x12 lib/CMSIS_CM3/startup/gcc/startup_stm32f10x_md.o
 .debug_abbrev  0x00002ae3      0x112 lib/CMSIS_CM3/system_stm32f10x.o
 .debug_abbrev  0x00002bf5      0x2dd main.o
 .debug_abbrev  0x00002ed2      0x10c pwr.o
 .debug_abbrev  0x00002fde      0x15b timer.o
 .debug_abbrev  0x00003139      0x186 usart.o
 .debug_abbrev  0x000032bf       0x95 watchdog.o

.debug_line     0x00000000     0xc7da
 *(.debug_line)
 .debug_line    0x00000000      0x7c6 Sensors/ppg_new.o
 .debug_line    0x000007c6      0x373 Sensors/pressure.o
 .debug_line    0x00000b39      0x502 Sensors/temperature.o
 .debug_line    0x0000103b      0x5fc Util/USB/hw_config.o
 .debug_line    0x00001637      0x56e Util/USB/mass_mal.o
 .debug_line    0x00001ba5      0x4c1 Util/USB/memory.o
 .debug_line    0x00002066      0x339 Util/USB/scsi_data.o
 .debug_line    0x0000239f      0x55c Util/USB/usb_bot.o
 .debug_line    0x000028fb      0x2ed Util/USB/usb_desc.o
 .debug_line    0x00002be8      0x3ba Util/USB/usb_endp.o
 .debug_line    0x00002fa2      0x3f5 Util/USB/usb_istr.o
 .debug_line    0x00003397      0x4f2 Util/USB/usb_prop.o
 .debug_line    0x00003889      0x44d Util/USB/usb_pwr.o
 .debug_line    0x00003cd6      0x683 Util/USB/usb_scsi.o
 .debug_line    0x00004359      0x4be Util/buffer.o
 .debug_line    0x00004817      0x2fd Util/delay.o
 .debug_line    0x00004b14       0xd8 Util/fat_fs/option/cc932.o
 .debug_line    0x00004bec      0x2fc Util/fat_fs/option/syscall.o
 .debug_line    0x00004ee8      0x179 Util/fat_fs/src/fattime.o
 .debug_line    0x00005061     0x1c86 Util/fat_fs/src/ff.o
 .debug_line    0x00006ce7      0x47f Util/fat_fs/src/rtc.o
 .debug_line    0x00007166      0x863 Util/fat_fs/src/sd_spi_stm32.o
 .debug_line    0x000079c9      0xcf2 Util/rprintf.o
 .debug_line    0x000086bb      0x9ab Util/stm32_eval_spi_sd.o
 .debug_line    0x00009066      0x6f2 adc.o
 .debug_line    0x00009758      0x435 gpio.o
 .debug_line    0x00009b8d      0x6c2 i2c_int.o
 .debug_line    0x0000a24f      0x7bd interrupts.o
 .debug_line    0x0000aa0c      0x198 lib/CMSIS_CM3/core_cm3.o
 .debug_line    0x0000aba4       0x84 lib/CMSIS_CM3/startup/gcc/startup_stm32f10x_md.o
 .debug_line    0x0000ac28      0x336 lib/CMSIS_CM3/system_stm32f10x.o
 .debug_line    0x0000af5e      0x86a main.o
 .debug_line    0x0000b7c8      0x388 pwr.o
 .debug_line    0x0000bb50      0x3fe timer.o
 .debug_line    0x0000bf4e      0x584 usart.o
 .debug_line    0x0000c4d2      0x308 watchdog.o

.debug_frame    0x00000000     0x2358
 *(.debug_frame)
 .debug_frame   0x00000000       0x98 Sensors/ppg_new.o
 .debug_frame   0x00000098       0x8c Sensors/pressure.o
 .debug_frame   0x00000124       0x40 Sensors/temperature.o
 .debug_frame   0x00000164       0xec Util/USB/hw_config.o
 .debug_frame   0x00000250       0x80 Util/USB/mass_mal.o
 .debug_frame   0x000002d0       0x50 Util/USB/memory.o
 .debug_frame   0x00000320       0xc0 Util/USB/usb_bot.o
 .debug_frame   0x000003e0       0x30 Util/USB/usb_endp.o
 .debug_frame   0x00000410       0x2c Util/USB/usb_istr.o
 .debug_frame   0x0000043c      0x11c Util/USB/usb_prop.o
 .debug_frame   0x00000558       0x90 Util/USB/usb_pwr.o
 .debug_frame   0x000005e8      0x180 Util/USB/usb_scsi.o
 .debug_frame   0x00000768       0x74 Util/buffer.o
 .debug_frame   0x000007dc       0x24 Util/delay.o
 .debug_frame   0x00000800       0x3c Util/fat_fs/option/cc932.o
 .debug_frame   0x0000083c       0x2c Util/fat_fs/src/fattime.o
 .debug_frame   0x00000868      0x564 Util/fat_fs/src/ff.o
 .debug_frame   0x00000dcc       0x84 Util/fat_fs/src/rtc.o
 .debug_frame   0x00000e50      0x130 Util/fat_fs/src/sd_spi_stm32.o
 .debug_frame   0x00000f80      0x1d4 Util/rprintf.o
 .debug_frame   0x00001154      0x264 Util/stm32_eval_spi_sd.o
 .debug_frame   0x000013b8       0x78 adc.o
 .debug_frame   0x00001430       0x78 gpio.o
 .debug_frame   0x000014a8       0xa0 i2c_int.o
 .debug_frame   0x00001548      0x164 interrupts.o
 .debug_frame   0x000016ac      0x170 lib/CMSIS_CM3/core_cm3.o
 .debug_frame   0x0000181c       0x24 lib/CMSIS_CM3/system_stm32f10x.o
 .debug_frame   0x00001840       0x94 main.o
 .debug_frame   0x000018d4       0x70 pwr.o
 .debug_frame   0x00001944       0x60 timer.o
 .debug_frame   0x000019a4       0x78 usart.o
 .debug_frame   0x00001a1c       0x40 watchdog.o
 .debug_frame   0x00001a5c       0x2c /home/laurence/CodeSourcery/Sourcery_G++_Lite/bin/../lib/gcc/arm-none-eabi/4.5.2/../../../../arm-none-eabi/lib/thumb2/libm.a(lib_a-sf_sin.o)
 .debug_frame   0x00001a88       0x30 /home/laurence/CodeSourcery/Sourcery_G++_Lite/bin/../lib/gcc/arm-none-eabi/4.5.2/../../../../arm-none-eabi/lib/thumb2/libm.a(lib_a-wf_asin.o)
 .debug_frame   0x00001ab8       0x30 /home/laurence/CodeSourcery/Sourcery_G++_Lite/bin/../lib/gcc/arm-none-eabi/4.5.2/../../../../arm-none-eabi/lib/thumb2/libm.a(lib_a-wf_sqrt.o)