Archive member included because of file (symbol)

lib/STM32F10x_StdPeriph_Driver/libstm32fw.a(misc.o)
                              interrupts.o (NVIC_PriorityGroupConfig)
lib/STM32F10x_StdPeriph_Driver/libstm32fw.a(stm32f10x_adc.o)
                              adc.o (ADC_DeInit)
lib/STM32F10x_StdPeriph_Driver/libstm32fw.a(stm32f10x_bkp.o)
                              Util/fat_fs/src/rtc.o (BKP_DeInit)
lib/STM32F10x_StdPeriph_Driver/libstm32fw.a(stm32f10x_dbgmcu.o)
                              main.o (DBGMCU_Config)
lib/STM32F10x_StdPeriph_Driver/libstm32fw.a(stm32f10x_dma.o)
                              Util/fat_fs/src/sd_spi_stm32.o (DMA_DeInit)
lib/STM32F10x_StdPeriph_Driver/libstm32fw.a(stm32f10x_exti.o)
                              interrupts.o (EXTI_DeInit)
lib/STM32F10x_StdPeriph_Driver/libstm32fw.a(stm32f10x_gpio.o)
                              Util/fat_fs/src/sd_spi_stm32.o (GPIO_Init)
lib/STM32F10x_StdPeriph_Driver/libstm32fw.a(stm32f10x_i2c.o)
                              i2c_int.o (I2C_DeInit)
lib/STM32F10x_StdPeriph_Driver/libstm32fw.a(stm32f10x_iwdg.o)
                              watchdog.o (IWDG_WriteAccessCmd)
lib/STM32F10x_StdPeriph_Driver/libstm32fw.a(stm32f10x_pwr.o)
                              pwr.o (PWR_DeInit)
lib/STM32F10x_StdPeriph_Driver/libstm32fw.a(stm32f10x_rcc.o)
                              interrupts.o (RCC_HCLKConfig)
lib/STM32F10x_StdPeriph_Driver/libstm32fw.a(stm32f10x_rtc.o)
                              Util/fat_fs/src/rtc.o (RTC_GetCounter)
lib/STM32F10x_StdPeriph_Driver/libstm32fw.a(stm32f10x_spi.o)
                              Util/fat_fs/src/sd_spi_stm32.o (SPI_I2S_DeInit)
lib/STM32F10x_StdPeriph_Driver/libstm32fw.a(stm32f10x_tim.o)
                              timer.o (TIM_DeInit)
lib/STM32F10x_StdPeriph_Driver/libstm32fw.a(stm32f10x_usart.o)
                              usart.o (USART_Init)
lib/STM32_USB-FS-Device_Driver/libstm32usb.a(usb_core.o)
                              Util/USB/usb_prop.o (Standard_GetDescriptorData)
lib/STM32_USB-FS-Device_Driver/libstm32usb.a(usb_init.o)
                              main.o (USB_Init)
lib/STM32_USB-FS-Device_Driver/libstm32usb.a(usb_int.o)
                              Util/USB/usb_istr.o (CTR_LP)
lib/STM32_USB-FS-Device_Driver/libstm32usb.a(usb_mem.o)
                              lib/STM32_USB-FS-Device_Driver/libstm32usb.a(usb_core.o) (UserToPMABufferCopy)
lib/STM32_USB-FS-Device_Driver/libstm32usb.a(usb_regs.o)
                              Util/USB/usb_prop.o (SetBTABLE)
lib/STM32_USB-FS-Device_Driver/libstm32usb.a(usb_sil.o)
                              Util/USB/usb_prop.o (USB_SIL_Init)
/home/laurence/CodeSourcery/Sourcery_G++_Lite/bin/../lib/gcc/arm-none-eabi/4.5.2/../../../../arm-none-eabi/lib/thumb2/libm.a(lib_a-sf_sin.o)
                              Sensors/ppg_new.o (sinf)
/home/laurence/CodeSourcery/Sourcery_G++_Lite/bin/../lib/gcc/arm-none-eabi/4.5.2/../../../../arm-none-eabi/lib/thumb2/libm.a(lib_a-wf_asin.o)
                              Sensors/ppg_new.o (asinf)
/home/laurence/CodeSourcery/Sourcery_G++_Lite/bin/../lib/gcc/arm-none-eabi/4.5.2/../../../../arm-none-eabi/lib/thumb2/libm.a(lib_a-wf_sqrt.o)
                              Sensors/ppg_new.o (sqrtf)
/home/laurence/CodeSourcery/Sourcery_G++_Lite/bin/../lib/gcc/arm-none-eabi/4.5.2/../../../../arm-none-eabi/lib/thumb2/libm.a(lib_a-ef_asin.o)
                              /home/laurence/CodeSourcery/Sourcery_G++_Lite/bin/../lib/gcc/arm-none-eabi/4.5.2/../../../../arm-none-eabi/lib/thumb2/libm.a(lib_a-wf_asin.o) (__ieee754_asinf)
/home/laurence/CodeSourcery/Sourcery_G++_Lite/bin/../lib/gcc/arm-none-eabi/4.5.2/../../../../arm-none-eabi/lib/thumb2/libm.a(lib_a-ef_rem_pio2.o)
                              /home/laurence/CodeSourcery/Sourcery_G++_Lite/bin/../lib/gcc/arm-none-eabi/4.5.2/../../../../arm-none-eabi/lib/thumb2/libm.a(lib_a-sf_sin.o) (__ieee754_rem_pio2f)
/home/laurence/CodeSourcery/Sourcery_G++_Lite/bin/../lib/gcc/arm-none-eabi/4.5.2/../../../../arm-none-eabi/lib/thumb2/libm.a(lib_a-ef_sqrt.o)
                              /home/laurence/CodeSourcery/Sourcery_G++_Lite/bin/../lib/gcc/arm-none-eabi/4.5.2/../../../../arm-none-eabi/lib/thumb2/libm.a(lib_a-wf_sqrt.o) (__ieee754_sqrtf)
/home/laurence/CodeSourcery/Sourcery_G++_Lite/bin/../lib/gcc/arm-none-eabi/4.5.2/../../../../arm-none-eabi/lib/thumb2/libm.a(lib_a-kf_cos.o)
                              /home/laurence/CodeSourcery/Sourcery_G++_Lite/bin/../lib/gcc/arm-none-eabi/4.5.2/../../../../arm-none-eabi/lib/thumb2/libm.a(lib_a-sf_sin.o) (__kernel_cosf)
/home/laurence/CodeSourcery/Sourcery_G++_Lite/bin/../lib/gcc/arm-none-eabi/4.5.2/../../../../arm-none-eabi/lib/thumb2/libm.a(lib_a-kf_rem_pio2.o)
                              /home/laurence/CodeSourcery/Sourcery_G++_Lite/bin/../lib/gcc/arm-none-eabi/4.5.2/../../../../arm-none-eabi/lib/thumb2/libm.a(lib_a-ef_rem_pio2.o) (__kernel_rem_pio2f)
[...]
Memory Configuration

Name             Origin             Length             Attributes
ram              0x20000000         0x00005000         xrw
rom              0x08000000         0x00020000         xr
*default*        0x00000000         0xffffffff

Linker script and memory map

LOAD /home/laurence/CodeSourcery/Sourcery_G++_Lite/bin/../lib/gcc/arm-none-eabi/4.5.2/thumb2/crti.o
LOAD /home/laurence/CodeSourcery/Sourcery_G++_Lite/bin/../lib/gcc/arm-none-eabi/4.5.2/thumb2/crtbegin.o
LOAD Sensors/ppg_new.o
LOAD Sensors/pressure.o
LOAD Sensors/temperature.o
LOAD Util/USB/hw_config.o
LOAD Util/USB/mass_mal.o
LOAD Util/USB/memory.o
LOAD Util/USB/scsi_data.o
LOAD Util/USB/usb_bot.o
LOAD Util/USB/usb_desc.o
LOAD Util/USB/usb_endp.o
LOAD Util/USB/usb_istr.o
LOAD Util/USB/usb_prop.o
LOAD Util/USB/usb_pwr.o
LOAD Util/USB/usb_scsi.o
LOAD Util/buffer.o
LOAD Util/delay.o
LOAD Util/fat_fs/option/cc932.o
LOAD Util/fat_fs/option/syscall.o
LOAD Util/fat_fs/src/fattime.o
LOAD Util/fat_fs/src/ff.o
LOAD Util/fat_fs/src/rtc.o
LOAD Util/fat_fs/src/sd_spi_stm32.o
LOAD Util/rprintf.o
LOAD adc.o
LOAD gpio.o
LOAD i2c_int.o
LOAD interrupts.o
LOAD lib/CMSIS_CM3/core_cm3.o
LOAD lib/CMSIS_CM3/startup/gcc/startup_stm32f10x_md.o
LOAD lib/CMSIS_CM3/system_stm32f10x.o
LOAD main.o
LOAD pwr.o
LOAD timer.o
LOAD usart.o
LOAD watchdog.o
LOAD lib/STM32F10x_StdPeriph_Driver/libstm32fw.a
LOAD lib/STM32_USB-FS-Device_Driver/libstm32usb.a
LOAD /home/laurence/CodeSourcery/Sourcery_G++_Lite/bin/../lib/gcc/arm-none-eabi/4.5.2/../../../../arm-none-eabi/lib/thumb2/libm.a
START GROUP
LOAD /home/laurence/CodeSourcery/Sourcery_G++_Lite/bin/../lib/gcc/arm-none-eabi/4.5.2/thumb2/libgcc.a
LOAD /home/laurence/CodeSourcery/Sourcery_G++_Lite/bin/../lib/gcc/arm-none-eabi/4.5.2/../../../../arm-none-eabi/lib/thumb2/libc.a
END GROUP
LOAD /home/laurence/CodeSourcery/Sourcery_G++_Lite/bin/../lib/gcc/arm-none-eabi/4.5.2/thumb2/crtend.o
LOAD /home/laurence/CodeSourcery/Sourcery_G++_Lite/bin/../lib/gcc/arm-none-eabi/4.5.2/thumb2/crtn.o
START GROUP
LOAD /home/laurence/CodeSourcery/Sourcery_G++_Lite/bin/../lib/gcc/arm-none-eabi/4.5.2/thumb2/libgcc.a
LOAD /home/laurence/CodeSourcery/Sourcery_G++_Lite/bin/../lib/gcc/arm-none-eabi/4.5.2/../../../../arm-none-eabi/lib/thumb2/libc.a
LOAD /home/laurence/CodeSourcery/Sourcery_G++_Lite/bin/../lib/gcc/arm-none-eabi/4.5.2/../../../../arm-none-eabi/lib/thumb2/libcs3.a
LOAD /home/laurence/CodeSourcery/Sourcery_G++_Lite/bin/../lib/gcc/arm-none-eabi/4.5.2/../../../../arm-none-eabi/lib/thumb2/libcs3unhosted.a
LOAD lib/libcs3-lanchon-stm32.a
END GROUP
                0x20005000                PROVIDE (__cs3_stack, (__cs3_region_start_ram + __cs3_region_size_ram))
                0x20001000                PROVIDE (__cs3_heap_start, _end)
                0x20005000                PROVIDE (__cs3_heap_end, (__cs3_region_start_ram + __cs3_region_size_ram))

.text           0x08000000    0x15134
 CREATE_OBJECT_SYMBOLS
                0x08000000                __cs3_region_start_rom = .
 *(.cs3.region-head.rom)
                0x08000000                __cs3_interrupt_vector = __cs3_interrupt_vector_lanchon_stm32
 *(.cs3.interrupt_vector)
 .cs3.interrupt_vector
                0x08000000       0xec lib/libcs3-lanchon-stm32.a(lanchon-stm32-vector.o)
                0x08000000                __cs3_interrupt_vector_lanchon_stm32
                0x08000001                ASSERT ((. != __cs3_interrupt_vector_lanchon_stm32), No interrupt vector)
 *(.rom)
 *(.rom.b)
                0x0800d218                PROVIDE (__cs3_reset_lanchon_stm32, _start)
                0x0800d218                __cs3_reset = __cs3_reset_lanchon_stm32
 *(.cs3.reset)
 *(.text .text.* .gnu.linkonce.t.*)
 .text          0x080000ec       0x30 /home/laurence/CodeSourcery/Sourcery_G++_Lite/bin/../lib/gcc/arm-none-eabi/4.5.2/thumb2/crtbegin.o
 *fill*         0x0800011c        0x4 00
 .text          0x08000120      0x2b0 Sensors/ppg_new.o
                0x08000120                PPG_LO_Filter
                0x08000244                PWM_Linear
                0x0800027c                PPG_correct_brightness
                0x080002ec                PPG_Automatic_Brightness_Control
 .text          0x080003d0      0x110 Sensors/pressure.o
                0x080003d0                calibrate_sensor
                0x08000414                conv_adc_diff
                0x0800044c                conv_diff
                0x0800047c                filterloop
 .text          0x080004e0       0x80 Sensors/temperature.o
                0x080004e0                convert_die_temp
                0x080004fc                convert_tmp102_temp
                0x0800052e                convert_thermistor_temp
 .text          0x08000560      0x11c Util/USB/hw_config.o
                0x08000584                Set_USBClock
                0x0800059a                Enter_LowPowerMode
                0x080005a8                Leave_LowPowerMode
                0x080005c4                USB_Interrupts_Config
                0x080005fc                Led_RW_ON
                0x0800060c                Led_RW_OFF
                0x0800061c                USB_Configured_LED
                0x0800062c                USB_NotConfigured_LED
                0x0800063c                USB_Cable_Config
                0x0800063e                Get_SerialNum
                0x08000674                MAL_Config
                0x0800067a                Set_System
 .text          0x0800067c       0xf0 Util/USB/mass_mal.o
                0x0800067c                MAL_Init
                0x080006bc                MAL_Write
                0x080006ec                MAL_Read
                0x08000714                MAL_GetStatus
 .text          0x0800076c      0x1fc Util/USB/memory.o
                0x0800076c                Read_Memory
                0x08000874                Write_Memory
 .text          0x08000968      0x31c Util/USB/usb_bot.o
                0x08000968                Transfer_Data_Request
                0x08000998                Set_CSW
                0x080009d0                Mass_Storage_In
                0x08000a20                Bot_Abort
                0x08000a58                CBW_Decode
                0x08000c2c                Mass_Storage_Out
 .text          0x08000c84        0x8 Util/USB/usb_endp.o
                0x08000c84                EP1_IN_Callback
                0x08000c88                EP2_OUT_Callback
 .text          0x08000c8c       0xd0 Util/USB/usb_istr.o
                0x08000c8c                USB_Istr
 .text          0x08000d5c      0x25c Util/USB/usb_prop.o
                0x08000d5c                Mass_Storage_SetDeviceAddress
                0x08000d68                MASS_Status_In
                0x08000d6a                MASS_Status_Out
                0x08000d6c                MASS_Get_Interface_Setting
                0x08000d7c                Get_Max_Lun
                0x08000d94                MASS_Data_Setup
                0x08000dd4                MASS_GetStringDescriptor
                0x08000df4                MASS_GetConfigDescriptor
                0x08000e00                MASS_GetDeviceDescriptor
                0x08000e0c                MASS_NoData_Setup
                0x08000e5c                Mass_Storage_SetConfiguration
                0x08000e8c                Mass_Storage_ClearFeature
                0x08000ea8                MASS_Reset
                0x08000f94                MASS_init
 .text          0x08000fb8      0x164 Util/USB/usb_pwr.o
                0x08000fb8                PowerOn
                0x08000fe8                PowerOff
                0x0800100c                Suspend
                0x08001050                Resume_Init
                0x08001090                Resume
 .text          0x0800111c      0x384 Util/USB/usb_scsi.o
                0x0800111c                SCSI_Inquiry_Cmd
                0x08001154                SCSI_ModeSense6_Cmd
                0x08001160                SCSI_ModeSense10_Cmd
                0x0800116c                SCSI_RequestSense_Cmd
                0x08001184                Set_Scsi_Sense_Data
                0x08001190                SCSI_ReadCapacity10_Cmd
                0x08001200                SCSI_ReadFormatCapacity_Cmd
                0x08001268                SCSI_Start_Stop_Unit_Cmd
                0x08001270                SCSI_Verify10_Cmd
                0x080012a8                SCSI_Valid_Cmd
                0x080012d4                SCSI_TestUnitReady_Cmd
                0x08001308                SCSI_Format_Cmd
                0x0800131e                SCSI_Invalid_Cmd
                0x08001354                SCSI_Address_Management
                0x080013c4                SCSI_Write10_Cmd
                0x08001434                SCSI_Read10_Cmd
 .text          0x080014a0       0x78 Util/buffer.o
                0x080014a0                Add_To_Buffer
                0x080014d2                Get_From_Buffer
                0x08001500                Empty_Buffer
                0x08001506                init_buffer
 .text          0x08001518       0x2c Util/delay.o
                0x08001518                Delay
 .text          0x08001544       0x88 Util/fat_fs/option/cc932.o
                0x08001544                ff_convert
                0x080015a4                ff_wtoupper
 .text          0x080015cc       0x44 Util/fat_fs/src/fattime.o
                0x080015cc                get_fattime
 .text          0x08001610     0x230c Util/fat_fs/src/ff.o
                0x08001c82                clust2sect
                0x08001c9c                get_fat
                0x08001dfa                put_fat
                0x0800264e                gen_numname
                0x080028a8                f_mount
                0x080028c8                f_open
                0x08002a1a                f_read
                0x08002b92                f_write
                0x08002d48                f_sync
                0x08002dfa                f_close
                0x08002e08                f_lseek
                0x08002f6c                f_opendir
                0x08002fd8                f_readdir
                0x08003036                f_stat
                0x0800307a                f_getfree
                0x0800316c                f_truncate
                0x08003204                f_unlink
                0x080032b8                f_mkdir
                0x08003482                f_chmod
                0x080034da                f_utime
                0x08003536                f_rename
                0x08003652                f_gets
                0x08003698                f_putc
                0x080036ba                f_puts
                0x080036e0                f_printf
 .text          0x0800391c      0x2e0 Util/fat_fs/src/rtc.o
                0x08003a00                rtc_gettime
                0x08003a78                my_RTC_SetCounter
                0x08003a9a                rtc_settime
                0x08003b64                rtc_init
 .text          0x08003bfc      0x8cc Util/fat_fs/src/sd_spi_stm32.o
                0x08003efe                release_spi
                0x08003f14                wrapup_transaction
                0x08003f40                stop_cmd
                0x08003f46                rcvr_datablock
                0x08003f94                disk_initialize
                0x080040b4                disk_status
                0x080040c4                disk_read
                0x0800415c                disk_write
                0x08004208                disk_ioctl
                0x0800448c                disk_timerproc
 .text          0x080044c8      0x570 Util/rprintf.o
                0x080044c8                rprintfInit
                0x080044d4                rprintfChar
                0x080044f0                rprintfStr
                0x08004506                rprintfStrLen
                0x0800453a                rprintfCRLF
                0x0800453e                rprintfu04
                0x08004548                rprintfu08
                0x0800455a                rprintfu16
                0x0800456c                rprintfu32
                0x0800457e                rprintfNum
                0x08004624                rprintfFloat
                0x080046e4                Isdigit
                0x080046f2                atoiRamRom
                0x08004718                rStrLen
                0x08004728                rprintf2RamRom
 .text          0x08004a38      0x250 adc.o
                0x08004a38                readADC2
                0x08004a70                ADC_Configuration
                0x08004c40                setADC2
                0x08004c60                getADC2
 .text          0x08004c88      0x1d4 gpio.o
                0x08004c88                setup_gpio
                0x08004de4                switch_leds_on
                0x08004e04                switch_leds_off
                0x08004e24                red_flash
                0x08004e50                get_wkup
 .text          0x08004e5c      0x6fc i2c_int.o
                0x08004e5c                I2C1_EV_IRQHandler
                0x080052e0                I2C1_Request_Job
                0x08005334                I2C1_Setup_Job
                0x08005348                I2C_Config
                0x08005470                I2C1_ER_IRQHandler
 .text          0x08005558      0x5e8 interrupts.o
                0x08005558                ISR_Config
                0x080055ce                EXTI_ONOFF_EN
                0x08005624                DMA_ISR_Config
                0x08005646                SysTick_Configuration
                0x08005670                EXTI0_IRQHandler
                0x08005700                DMAChannel1_IRQHandler
                0x080057c4                ADC1_2_IRQHandler
                0x08005860                SysTickHandler
                0x08005b2c                USB_HP_CAN_TX_IRQHandler
                0x08005b30                USB_LP_CAN_RX0_IRQHandler
                0x08005b34                NMIException
                0x08005b36                HardFaultException
                0x08005b38                MemManageException
                0x08005b3a                BusFaultException
                0x08005b3c                UsageFaultException
 .text.Default_Handler
                0x08005b40        0x2 lib/CMSIS_CM3/startup/gcc/startup_stm32f10x_md.o
                0x08005b40                EXTI2_IRQHandler
                0x08005b40                DebugMon_Handler
                0x08005b40                TIM1_CC_IRQHandler
                0x08005b40                HardFault_Handler
                0x08005b40                SysTick_Handler
                0x08005b40                PVD_IRQHandler
                0x08005b40                PendSV_Handler
                0x08005b40                NMI_Handler
                0x08005b40                EXTI3_IRQHandler
                0x08005b40                I2C2_EV_IRQHandler
                0x08005b40                UsageFault_Handler
                0x08005b40                SPI1_IRQHandler
                0x08005b40                TAMPER_IRQHandler
                0x08005b40                DMA1_Channel4_IRQHandler
                0x08005b40                USART3_IRQHandler
                0x08005b40                RTC_IRQHandler
                0x08005b40                DMA1_Channel7_IRQHandler
                0x08005b40                CAN1_RX1_IRQHandler
                0x08005b40                TIM4_IRQHandler
                0x08005b40                DMA1_Channel6_IRQHandler
                0x08005b40                TIM3_IRQHandler
                0x08005b40                RCC_IRQHandler
                0x08005b40                TIM1_TRG_COM_IRQHandler
                0x08005b40                DMA1_Channel1_IRQHandler
                0x08005b40                Default_Handler
                0x08005b40                EXTI15_10_IRQHandler
                0x08005b40                EXTI9_5_IRQHandler
                0x08005b40                SPI2_IRQHandler
                0x08005b40                MemManage_Handler
                0x08005b40                SVC_Handler
                0x08005b40                DMA1_Channel5_IRQHandler
                0x08005b40                EXTI4_IRQHandler
                0x08005b40                USB_LP_CAN1_RX0_IRQHandler
                0x08005b40                USB_HP_CAN1_TX_IRQHandler
                0x08005b40                DMA1_Channel3_IRQHandler
                0x08005b40                TIM1_UP_IRQHandler
                0x08005b40                WWDG_IRQHandler
                0x08005b40                TIM2_IRQHandler
                0x08005b40                TIM1_BRK_IRQHandler
                0x08005b40                EXTI1_IRQHandler
                0x08005b40                RTCAlarm_IRQHandler
                0x08005b40                USART2_IRQHandler
                0x08005b40                I2C2_ER_IRQHandler
                0x08005b40                DMA1_Channel2_IRQHandler
                0x08005b40                CAN1_SCE_IRQHandler
                0x08005b40                FLASH_IRQHandler
                0x08005b40                BusFault_Handler
                0x08005b40                USART1_IRQHandler
                0x08005b40                USBWakeUp_IRQHandler
 *fill*         0x08005b42        0x2 00
 .text          0x08005b44       0xf4 lib/CMSIS_CM3/system_stm32f10x.o
                0x08005b44                SystemInit
 .text          0x08005c38      0x858 main.o
                0x08005c38                __str_print_char
                0x08005c60                __fat_print_char
                0x08005c80                detect_sensors
                0x08005dec                main
 .text          0x08006490       0x78 pwr.o
                0x08006490                setuppwr
                0x080064a4                shutdown
                0x080064b4                disable_pin
                0x080064ba                shutdown_filesystem
 .text          0x08006508      0x284 timer.o
                0x08006508                setup_pwm
                0x0800674c                Set_Motor
 .text          0x0800678c       0xe0 usart.o
                0x0800678c                Default_Usart_Config
                0x080067a6                Usarts_Init
                0x08006838                __usart_send_char
                0x08006854                Usart_Send_Str
 .text          0x0800686c       0x3c watchdog.o
                0x0800686c                Watchdog_Config
                0x08006896                Watchdog_Reset_Detect
 .text          0x080068a8       0xb8 lib/STM32F10x_StdPeriph_Driver/libstm32fw.a(misc.o)
                0x080068a8                NVIC_PriorityGroupConfig
                0x080068bc                NVIC_Init
                0x0800691c                NVIC_SetVectorTable
                0x08006930                NVIC_SystemLPConfig
                0x08006948                SysTick_CLKSourceConfig
 .text          0x08006960      0x380 lib/STM32F10x_StdPeriph_Driver/libstm32fw.a(stm32f10x_adc.o)
                0x08006960                ADC_DeInit
                0x080069bc                ADC_Init
                0x08006a08                ADC_StructInit
                0x08006a1a                ADC_Cmd
                0x08006a2e                ADC_DMACmd
                0x08006a42                ADC_ITConfig
                0x08006a56                ADC_ResetCalibration
                0x08006a60                ADC_GetResetCalibrationStatus
                0x08006a68                ADC_StartCalibration
                0x08006a72                ADC_GetCalibrationStatus
                0x08006a7a                ADC_SoftwareStartConvCmd
                0x08006a8e                ADC_GetSoftwareStartConvStatus
                0x08006a96                ADC_DiscModeChannelCountConfig
                0x08006aa6                ADC_DiscModeCmd
                0x08006aba                ADC_RegularChannelConfig
                0x08006b48                ADC_ExternalTrigConvCmd
                0x08006b5c                ADC_GetConversionValue
                0x08006b62                ADC_GetDualModeConversionValue
                0x08006b6c                ADC_AutoInjectedConvCmd
                0x08006b80                ADC_InjectedDiscModeCmd
                0x08006b94                ADC_ExternalTrigInjectedConvConfig
                0x08006ba2                ADC_ExternalTrigInjectedConvCmd
                0x08006bb6                ADC_SoftwareStartInjectedConvCmd
                0x08006bca                ADC_GetSoftwareStartInjectedConvCmdStatus
                0x08006bd2                ADC_InjectedChannelConfig
                0x08006c2e                ADC_InjectedSequencerLengthConfig
                0x08006c3e                ADC_SetInjectedOffset
                0x08006c54                ADC_GetInjectedConversionValue
                0x08006c6e                ADC_AnalogWatchdogCmd
                0x08006c80                ADC_AnalogWatchdogThresholdsConfig
                0x08006c86                ADC_AnalogWatchdogSingleChannelConfig
                0x08006c94                ADC_TempSensorVrefintCmd
                0x08006cb0                ADC_GetFlagStatus
                0x08006cbc                ADC_ClearFlag
                0x08006cc2                ADC_GetITStatus
                0x08006cd8                ADC_ClearITPendingBit
 .text          0x08006ce0       0xe0 lib/STM32F10x_StdPeriph_Driver/libstm32fw.a(stm32f10x_bkp.o)
                0x08006ce0                BKP_DeInit
                0x08006cf2                BKP_TamperPinLevelConfig
                0x08006cfc                BKP_TamperPinCmd
                0x08006d08                BKP_ITConfig
                0x08006d14                BKP_RTCOutputConfig
                0x08006d2c                BKP_SetRTCCalibrationValue
                0x08006d44                BKP_WriteBackupRegister
                0x08006d60                BKP_ReadBackupRegister
                0x08006d80                BKP_GetFlagStatus
                0x08006d8c                BKP_ClearFlag
                0x08006da0                BKP_GetITStatus
                0x08006dac                BKP_ClearITPendingBit
 .text          0x08006dc0       0x34 lib/STM32F10x_StdPeriph_Driver/libstm32fw.a(stm32f10x_dbgmcu.o)
                0x08006dc0                DBGMCU_GetREVID
                0x08006dcc                DBGMCU_GetDEVID
                0x08006ddc                DBGMCU_Config
 .text          0x08006df4      0x1f0 lib/STM32F10x_StdPeriph_Driver/libstm32fw.a(stm32f10x_dma.o)
                0x08006df4                DMA_DeInit
                0x08006ef0                DMA_Init
                0x08006f30                DMA_StructInit
                0x08006f4a                DMA_Cmd
                0x08006f5e                DMA_ITConfig
                0x08006f70                DMA_GetCurrDataCounter
                0x08006f76                DMA_GetFlagStatus
                0x08006f94                DMA_ClearFlag
                0x08006fac                DMA_GetITStatus
                0x08006fcc                DMA_ClearITPendingBit
 .text          0x08006fe4      0x108 lib/STM32F10x_StdPeriph_Driver/libstm32fw.a(stm32f10x_exti.o)
                0x08006fe4                EXTI_DeInit
                0x08007000                EXTI_Init
                0x08007084                EXTI_StructInit
                0x08007092                EXTI_GenerateSWInterrupt
                0x080070a4                EXTI_GetFlagStatus
                0x080070b8                EXTI_ClearFlag
                0x080070c4                EXTI_GetITStatus
                0x080070e0                EXTI_ClearITPendingBit
 .text          0x080070ec      0x278 lib/STM32F10x_StdPeriph_Driver/libstm32fw.a(stm32f10x_gpio.o)
                0x080070ec                GPIO_DeInit
                0x08007198                GPIO_AFIODeInit
                0x080071ae                GPIO_Init
                0x08007246                GPIO_StructInit
                0x08007256                GPIO_ReadInputDataBit
                0x08007262                GPIO_ReadInputData
                0x08007268                GPIO_ReadOutputDataBit
                0x08007274                GPIO_ReadOutputData
                0x0800727a                GPIO_SetBits
                0x0800727e                GPIO_ResetBits
                0x08007282                GPIO_WriteBit
                0x0800728c                GPIO_Write
                0x08007290                GPIO_PinLockConfig
                0x080072a0                GPIO_EventOutputConfig
                0x080072c0                GPIO_EventOutputCmd
                0x080072cc                GPIO_PinRemapConfig
                0x08007324                GPIO_EXTILineConfig
                0x08007358                GPIO_ETH_MediaInterfaceConfig
 .text          0x08007364      0x3b4 lib/STM32F10x_StdPeriph_Driver/libstm32fw.a(stm32f10x_i2c.o)
                0x08007364                I2C_DeInit
                0x08007398                I2C_Init
                0x08007468                I2C_StructInit
                0x08007484                I2C_Cmd
                0x0800749e                I2C_DMACmd
                0x080074b8                I2C_DMALastTransferCmd
                0x080074d2                I2C_GenerateSTART
                0x080074ec                I2C_GenerateSTOP
                0x08007506                I2C_AcknowledgeConfig
                0x08007520                I2C_OwnAddress2Config
                0x08007536                I2C_DualAddressCmd
                0x08007550                I2C_GeneralCallCmd
                0x0800756a                I2C_ITConfig
                0x08007580                I2C_SendData
                0x08007584                I2C_ReceiveData
                0x0800758a                I2C_Send7bitAddress
                0x0800759a                I2C_ReadRegister
                0x080075b2                I2C_SoftwareResetCmd
                0x080075ca                I2C_SMBusAlertConfig
                0x080075e8                I2C_TransmitPEC
                0x08007602                I2C_PECPositionConfig
                0x08007620                I2C_CalculatePEC
                0x0800763a                I2C_GetPEC
                0x08007642                I2C_ARPCmd
                0x0800765c                I2C_StretchClockCmd
                0x08007676                I2C_FastModeDutyCycleConfig
                0x08007694                I2C_GetLastEvent
                0x080076a4                I2C_CheckEvent
                0x080076bc                I2C_GetFlagStatus
                0x080076f0                I2C_ClearFlag
                0x080076f6                I2C_GetITStatus
                0x08007712                I2C_ClearITPendingBit
 .text          0x08007718       0x58 lib/STM32F10x_StdPeriph_Driver/libstm32fw.a(stm32f10x_iwdg.o)
                0x08007718                IWDG_WriteAccessCmd
                0x08007724                IWDG_SetPrescaler
                0x08007730                IWDG_SetReload
                0x0800773c                IWDG_ReloadCounter
                0x0800774c                IWDG_Enable
                0x0800775c                IWDG_GetFlagStatus
 .text          0x08007770       0xcc lib/STM32F10x_StdPeriph_Driver/libstm32fw.a(stm32f10x_pwr.o)
                0x08007774                PWR_DeInit
                0x0800778e                PWR_BackupAccessCmd
                0x08007798                PWR_PVDCmd
                0x080077a4                PWR_PVDLevelConfig
                0x080077b8                PWR_WakeUpPinCmd
                0x080077c4                PWR_EnterSTOPMode
                0x080077f0                PWR_EnterSTANDBYMode
                0x08007818                PWR_GetFlagStatus
                0x0800782c                PWR_ClearFlag
 .text          0x0800783c      0x360 lib/STM32F10x_StdPeriph_Driver/libstm32fw.a(stm32f10x_rcc.o)
                0x0800783c                RCC_DeInit
                0x0800787c                RCC_HSEConfig
                0x080078b4                RCC_AdjustHSICalibrationValue
                0x080078c8                RCC_HSICmd
                0x080078d4                RCC_PLLConfig
                0x080078ec                RCC_PLLCmd
                0x080078f8                RCC_SYSCLKConfig
                0x0800790c                RCC_GetSYSCLKSource
                0x0800791c                RCC_HCLKConfig
                0x08007930                RCC_PCLK1Config
                0x08007944                RCC_PCLK2Config
                0x08007958                RCC_ITConfig
                0x08007970                RCC_USBCLKConfig
                0x0800797c                RCC_ADCCLKConfig
                0x08007990                RCC_LSEConfig
                0x080079b0                RCC_LSICmd
                0x080079bc                RCC_RTCCLKConfig
                0x080079cc                RCC_RTCCLKCmd
                0x080079d8                RCC_GetClocksFreq
                0x08007a7c                RCC_AHBPeriphClockCmd
                0x08007a94                RCC_APB2PeriphClockCmd
                0x08007aac                RCC_APB1PeriphClockCmd
                0x08007ac4                RCC_APB2PeriphResetCmd
                0x08007adc                RCC_APB1PeriphResetCmd
                0x08007af4                RCC_BackupResetCmd
                0x08007b00                RCC_ClockSecuritySystemCmd
                0x08007b0c                RCC_MCOConfig
                0x08007b18                RCC_GetFlagStatus
                0x08007b40                RCC_WaitForHSEStartUp
                0x08007b6c                RCC_ClearFlag
                0x08007b7c                RCC_GetITStatus
                0x08007b90                RCC_ClearITPendingBit
 .text          0x08007b9c      0x158 lib/STM32F10x_StdPeriph_Driver/libstm32fw.a(stm32f10x_rtc.o)
                0x08007b9c                RTC_ITConfig
                0x08007bb8                RTC_EnterConfigMode
                0x08007bcc                RTC_ExitConfigMode
                0x08007be0                RTC_GetCounter
                0x08007bf4                RTC_SetCounter
                0x08007c10                RTC_SetPrescaler
                0x08007c30                RTC_SetAlarm
                0x08007c4c                RTC_GetDivider
                0x08007c64                RTC_WaitForLastTask
                0x08007c74                RTC_WaitForSynchro
                0x08007c94                RTC_GetFlagStatus
                0x08007ca8                RTC_ClearFlag
                0x08007cbc                RTC_GetITStatus
                0x08007ce0                RTC_ClearITPendingBit
 .text          0x08007cf4      0x2d4 lib/STM32F10x_StdPeriph_Driver/libstm32fw.a(stm32f10x_spi.o)
                0x08007cf4                SPI_I2S_DeInit
                0x08007d58                SPI_Init
                0x08007d98                I2S_Init
                0x08007e38                SPI_StructInit
                0x08007e50                I2S_StructInit
                0x08007e62                SPI_Cmd
                0x08007e7c                I2S_Cmd
                0x08007e96                SPI_I2S_ITConfig
                0x08007eb4                SPI_I2S_DMACmd
                0x08007eca                SPI_I2S_SendData
                0x08007ece                SPI_I2S_ReceiveData
                0x08007ed4                SPI_NSSInternalSoftwareConfig
                0x08007ef4                SPI_SSOutputCmd
                0x08007f0e                SPI_DataSizeConfig
                0x08007f26                SPI_TransmitCRC
                0x08007f32                SPI_CalculateCRC
                0x08007f4c                SPI_GetCRC
                0x08007f5c                SPI_GetCRCPolynomial
                0x08007f62                SPI_BiDirectionalLineConfig
                0x08007f80                SPI_I2S_GetFlagStatus
                0x08007f8c                SPI_I2S_ClearFlag
                0x08007f92                SPI_I2S_GetITStatus
                0x08007fb8                SPI_I2S_ClearITPendingBit
 .text          0x08007fc8      0xa80 lib/STM32F10x_StdPeriph_Driver/libstm32fw.a(stm32f10x_tim.o)
                0x08008036                TIM_DeInit
                0x08008100                TIM_TimeBaseInit
                0x0800813c                TIM_OC1Init
                0x080081bc                TIM_OC2Init
                0x08008244                TIM_OC3Init
                0x080082c8                TIM_OC4Init
                0x0800832c                TIM_BDTRConfig
                0x0800834e                TIM_TimeBaseStructInit
                0x08008360                TIM_OCStructInit
                0x08008374                TIM_ICStructInit
                0x08008384                TIM_BDTRStructInit
                0x08008396                TIM_Cmd
                0x080083b0                TIM_CtrlPWMOutputs
                0x080083ce                TIM_ITConfig
                0x080083e4                TIM_GenerateEvent
                0x080083e8                TIM_DMAConfig
                0x080083f0                TIM_DMACmd
                0x08008406                TIM_InternalClockConfig
                0x08008414                TIM_ETRConfig
                0x0800842a                TIM_ETRClockMode2Config
                0x0800843e                TIM_ETRClockMode1Config
                0x08008458                TIM_PrescalerConfig
                0x0800845e                TIM_CounterModeConfig
                0x08008470                TIM_SelectInputTrigger
                0x08008482                TIM_TIxExternalClockConfig
                0x080084b0                TIM_ITRxExternalClockConfig
                0x080084c4                TIM_EncoderInterfaceConfig
                0x08008502                TIM_ForcedOC1Config
                0x08008514                TIM_ForcedOC2Config
                0x08008526                TIM_ForcedOC3Config
                0x08008538                TIM_ForcedOC4Config
                0x0800854a                TIM_ARRPreloadConfig
                0x08008564                TIM_SelectCOM
                0x0800857e                TIM_SelectCCDMA
                0x08008598                TIM_CCPreloadControl
                0x080085b2                TIM_OC1PreloadConfig
                0x080085c4                TIM_OC2PreloadConfig
                0x080085d6                TIM_OC3PreloadConfig
                0x080085e8                TIM_OC4PreloadConfig
                0x080085fa                TIM_OC1FastConfig
                0x0800860c                TIM_OC2FastConfig
                0x0800861e                TIM_OC3FastConfig
                0x08008630                TIM_OC4FastConfig
                0x08008642                TIM_ClearOC1Ref
                0x08008654                TIM_ClearOC2Ref
                0x08008662                TIM_ClearOC3Ref
                0x08008674                TIM_ClearOC4Ref
                0x08008682                TIM_OC1PolarityConfig
                0x08008694                TIM_OC1NPolarityConfig
                0x080086a6                TIM_OC2PolarityConfig
                0x080086b8                TIM_OC2NPolarityConfig
                0x080086ca                TIM_OC3PolarityConfig
                0x080086dc                TIM_OC3NPolarityConfig
                0x080086ee                TIM_OC4PolarityConfig
                0x08008700                TIM_CCxCmd
                0x0800871e                TIM_CCxNCmd
                0x0800873c                TIM_SelectOCxM
                0x08008788                TIM_UpdateDisableConfig
                0x080087a2                TIM_UpdateRequestConfig
                0x080087bc                TIM_SelectHallSensor
                0x080087d6                TIM_SelectOnePulseMode
                0x080087ee                TIM_SelectOutputTrigger
                0x08008806                TIM_SelectSlaveMode
                0x0800881e                TIM_SelectMasterSlaveMode
                0x08008836                TIM_SetCounter
                0x0800883a                TIM_SetAutoreload
                0x0800883e                TIM_SetCompare1
                0x08008842                TIM_SetCompare2
                0x08008846                TIM_SetCompare3
                0x0800884a                TIM_SetCompare4
                0x08008850                TIM_SetIC1Prescaler
                0x08008868                TIM_SetIC2Prescaler
                0x08008880                TIM_PWMIConfig
                0x080088ec                TIM_SetIC3Prescaler
                0x08008904                TIM_SetIC4Prescaler
                0x0800891c                TIM_ICInit
                0x080089e0                TIM_SetClockDivision
                0x080089f2                TIM_GetCapture1
                0x080089f8                TIM_GetCapture2
                0x080089fe                TIM_GetCapture3
                0x08008a04                TIM_GetCapture4
                0x08008a0c                TIM_GetCounter
                0x08008a12                TIM_GetPrescaler
                0x08008a18                TIM_GetFlagStatus
                0x08008a24                TIM_ClearFlag
                0x08008a2a                TIM_GetITStatus
                0x08008a40                TIM_ClearITPendingBit
 .text          0x08008a48      0x374 lib/STM32F10x_StdPeriph_Driver/libstm32fw.a(stm32f10x_usart.o)
                0x08008a48                USART_DeInit
                0x08008ae0                USART_Init
                0x08008b70                USART_StructInit
                0x08008b86                USART_ClockInit
                0x08008bac                USART_ClockStructInit
                0x08008bb8                USART_Cmd
                0x08008bd2                USART_ITConfig
                0x08008c08                USART_DMACmd
                0x08008c1e                USART_SetAddress
                0x08008c36                USART_WakeUpConfig
                0x08008c4e                USART_ReceiverWakeUpCmd
                0x08008c68                USART_LINBreakDetectLengthConfig
                0x08008c80                USART_LINCmd
                0x08008c9a                USART_SendData
                0x08008ca2                USART_ReceiveData
                0x08008caa                USART_SendBreak
                0x08008cb6                USART_SetGuardTime
                0x08008cc8                USART_SetPrescaler
                0x08008cdc                USART_SmartCardCmd
                0x08008cf6                USART_SmartCardNACKCmd
                0x08008d10                USART_HalfDuplexCmd
                0x08008d2a                USART_IrDAConfig
                0x08008d42                USART_IrDACmd
                0x08008d5c                USART_GetFlagStatus
                0x08008d68                USART_ClearFlag
                0x08008d6e                USART_GetITStatus
                0x08008dae                USART_ClearITPendingBit
 .text          0x08008dbc      0xa54 lib/STM32_USB-FS-Device_Driver/libstm32usb.a(usb_core.o)
                0x08008dbc                Standard_GetConfiguration
                0x08008de4                Standard_GetInterface
                0x08008e0c                Standard_GetStatus
                0x08008f80                Standard_SetConfiguration
                0x08008fbc                Standard_SetInterface
                0x0800900c                Standard_ClearFeature
                0x08009108                Standard_SetEndPointFeature
                0x080091bc                Standard_SetDeviceFeature
                0x080091e0                Standard_GetDescriptorData
                0x080091fc                Post0_Process
                0x08009244                Out0_Process
                0x08009320                Setup0_Process
                0x080096f0                SetDeviceAddress
                0x080097ac                In0_Process
                0x0800980c                NOP_Process
 .text          0x08009810       0x38 lib/STM32_USB-FS-Device_Driver/libstm32usb.a(usb_init.o)
                0x08009810                USB_Init
 .text          0x08009848      0x25c lib/STM32_USB-FS-Device_Driver/libstm32usb.a(usb_int.o)
                0x08009848                CTR_LP
                0x08009a10                CTR_HP
 .text          0x08009aa4       0xb8 lib/STM32_USB-FS-Device_Driver/libstm32usb.a(usb_mem.o)
                0x08009aa4                UserToPMABufferCopy
                0x08009b0c                PMAToUserBufferCopy
 .text          0x08009b5c      0x880 lib/STM32_USB-FS-Device_Driver/libstm32usb.a(usb_regs.o)
                0x08009b5c                SetCNTR
                0x08009b68                GetCNTR
                0x08009b74                SetISTR
                0x08009b80                GetISTR
                0x08009b8c                GetFNR
                0x08009b98                SetDADDR
                0x08009ba4                GetDADDR
                0x08009bb0                SetBTABLE
                0x08009bc4                GetBTABLE
                0x08009bd0                SetENDPOINT
                0x08009be0                GetENDPOINT
                0x08009bf0                SetEPType
                0x08009c0c                GetEPType
                0x08009c20                SetEPTxStatus
                0x08009c60                SetEPRxStatus
                0x08009ca0                SetDouBleBuffEPStall
                0x08009cc8                GetEPTxStatus
                0x08009cdc                GetEPRxStatus
                0x08009cf0                SetEPTxValid
                0x08009d14                SetEPRxValid
                0x08009d38                SetEP_KIND
                0x08009d58                ClearEP_KIND
                0x08009d78                Clear_Status_Out
                0x08009d98                Set_Status_Out
                0x08009db8                SetEPDoubleBuff
                0x08009dd8                ClearEPDoubleBuff
                0x08009df8                GetTxStallStatus
                0x08009e18                GetRxStallStatus
                0x08009e38                ClearEP_CTR_RX
                0x08009e50                ClearEP_CTR_TX
                0x08009e68                ToggleDTOG_RX
                0x08009e88                ToggleDTOG_TX
                0x08009ea8                ClearDTOG_RX
                0x08009ed0                ClearDTOG_TX
                0x08009ef8                SetEPAddress
                0x08009f1c                GetEPAddress
                0x08009f30                SetEPTxAddr
                0x08009f54                SetEPRxAddr
                0x08009f7c                GetEPTxAddr
                0x08009f9c                GetEPRxAddr
                0x08009fbc                SetEPTxCount
                0x08009fdc                SetEPCountRxReg
                0x0800a008                SetEPRxCount
                0x0800a050                GetEPTxCount
                0x0800a074                GetEPRxCount
                0x0800a098                SetEPDblBuffAddr
                0x0800a0e0                SetEPDblBuf0Addr
                0x0800a104                SetEPDblBuf1Addr
                0x0800a12c                GetEPDblBuf0Addr
                0x0800a14c                GetEPDblBuf1Addr
                0x0800a16c                SetEPDblBuffCount
                0x0800a218                SetEPDblBuf0Count
                0x0800a280                SetEPDblBuf1Count
                0x0800a2e8                GetEPDblBuf0Count
                0x0800a30c                GetEPDblBuf1Count
                0x0800a330                GetEPDblBufDir
                0x0800a378                FreeUserBuffer
                0x0800a3c8                ToWord
                0x0800a3d0                ByteSwap
 .text          0x0800a3dc       0x6c lib/STM32_USB-FS-Device_Driver/libstm32usb.a(usb_sil.o)
                0x0800a3dc                USB_SIL_Init
                0x0800a3fc                USB_SIL_Write
                0x0800a424                USB_SIL_Read
 .text          0x0800a448       0x78 /home/laurence/CodeSourcery/Sourcery_G++_Lite/bin/../lib/gcc/arm-none-eabi/4.5.2/../../../../arm-none-eabi/lib/thumb2/libm.a(lib_a-sf_sin.o)
                0x0800a448                sinf
 .text          0x0800a4c0       0xa8 /home/laurence/CodeSourcery/Sourcery_G++_Lite/bin/../lib/gcc/arm-none-eabi/4.5.2/../../../../arm-none-eabi/lib/thumb2/libm.a(lib_a-wf_asin.o)
                0x0800a4c0                asinf
 .text          0x0800a568       0xa4 /home/laurence/CodeSourcery/Sourcery_G++_Lite/bin/../lib/gcc/arm-none-eabi/4.5.2/../../../../arm-none-eabi/lib/thumb2/libm.a(lib_a-wf_sqrt.o)
                0x0800a568                sqrtf
 .text          0x0800a60c      0x318 /home/laurence/CodeSourcery/Sourcery_G++_Lite/bin/../lib/gcc/arm-none-eabi/4.5.2/../../../../arm-none-eabi/lib/thumb2/libm.a(lib_a-ef_asin.o)
                0x0800a60c                __ieee754_asinf
 .text          0x0800a924      0x358 /home/laurence/CodeSourcery/Sourcery_G++_Lite/bin/../lib/gcc/arm-none-eabi/4.5.2/../../../../arm-none-eabi/lib/thumb2/libm.a(lib_a-ef_rem_pio2.o)
                0x0800a924                __ieee754_rem_pio2f
 .text          0x0800ac7c       0xb0 /home/laurence/CodeSourcery/Sourcery_G++_Lite/bin/../lib/gcc/arm-none-eabi/4.5.2/../../../../arm-none-eabi/lib/thumb2/libm.a(lib_a-ef_sqrt.o)
                0x0800ac7c                __ieee754_sqrtf
 .text          0x0800ad2c      0x1b8 /home/laurence/CodeSourcery/Sourcery_G++_Lite/bin/../lib/gcc/arm-none-eabi/4.5.2/../../../../arm-none-eabi/lib/thumb2/libm.a(lib_a-kf_cos.o)
                0x0800ad2c                __kernel_cosf
 .text          0x0800aee4      0x63c /home/laurence/CodeSourcery/Sourcery_G++_Lite/bin/../lib/gcc/arm-none-eabi/4.5.2/../../../../arm-none-eabi/lib/thumb2/libm.a(lib_a-kf_rem_pio2.o)
                0x0800aee4                __kernel_rem_pio2f
 .text          0x0800b520      0x100 /home/laurence/CodeSourcery/Sourcery_G++_Lite/bin/../lib/gcc/arm-none-eabi/4.5.2/../../../../arm-none-eabi/lib/thumb2/libm.a(lib_a-kf_sin.o)
                0x0800b520                __kernel_sinf
 .text          0x0800b620        0x4 /home/laurence/CodeSourcery/Sourcery_G++_Lite/bin/../lib/gcc/arm-none-eabi/4.5.2/../../../../arm-none-eabi/lib/thumb2/libm.a(lib_a-s_matherr.o)
                0x0800b620                matherr
 .text          0x0800b624        0xc /home/laurence/CodeSourcery/Sourcery_G++_Lite/bin/../lib/gcc/arm-none-eabi/4.5.2/../../../../arm-none-eabi/lib/thumb2/libm.a(lib_a-s_nan.o)
                0x0800b624                nan
 .text          0x0800b630        0x8 /home/laurence/CodeSourcery/Sourcery_G++_Lite/bin/../lib/gcc/arm-none-eabi/4.5.2/../../../../arm-none-eabi/lib/thumb2/libm.a(lib_a-sf_fabs.o)
                0x0800b630                fabsf
 .text          0x0800b638       0xa0 /home/laurence/CodeSourcery/Sourcery_G++_Lite/bin/../lib/gcc/arm-none-eabi/4.5.2/../../../../arm-none-eabi/lib/thumb2/libm.a(lib_a-sf_floor.o)
                0x0800b638                floorf
 .text          0x0800b6d8       0x7c /home/laurence/CodeSourcery/Sourcery_G++_Lite/bin/../lib/gcc/arm-none-eabi/4.5.2/../../../../arm-none-eabi/lib/thumb2/libm.a(lib_a-sf_fpclassify.o)
                0x0800b6d8                __fpclassifyf
 .text          0x0800b754       0xc0 /home/laurence/CodeSourcery/Sourcery_G++_Lite/bin/../lib/gcc/arm-none-eabi/4.5.2/../../../../arm-none-eabi/lib/thumb2/libm.a(lib_a-sf_scalbn.o)
                0x0800b754                scalbnf
 .text          0x0800b814       0x10 /home/laurence/CodeSourcery/Sourcery_G++_Lite/bin/../lib/gcc/arm-none-eabi/4.5.2/../../../../arm-none-eabi/lib/thumb2/libm.a(lib_a-sf_copysign.o)
                0x0800b814                copysignf
 .text          0x0800b824      0x370 /home/laurence/CodeSourcery/Sourcery_G++_Lite/bin/../lib/gcc/arm-none-eabi/4.5.2/thumb2/libgcc.a(_arm_addsubdf3.o)
                0x0800b824                __aeabi_drsub
                0x0800b82c                __aeabi_dsub
                0x0800b82c                __subdf3
                0x0800b830                __adddf3
                0x0800b830                __aeabi_dadd
                0x0800baa8                __aeabi_ui2d
                0x0800baa8                __floatunsidf
                0x0800bac8                __floatsidf
                0x0800bac8                __aeabi_i2d
                0x0800baec                __extendsfdf2
                0x0800baec                __aeabi_f2d
                0x0800bb28                __aeabi_ul2d
                0x0800bb28                __floatundidf
                0x0800bb38                __floatdidf
                0x0800bb38                __aeabi_l2d
 .text          0x0800bb94      0x424 /home/laurence/CodeSourcery/Sourcery_G++_Lite/bin/../lib/gcc/arm-none-eabi/4.5.2/thumb2/libgcc.a(_arm_muldivdf3.o)
                0x0800bb94                __aeabi_dmul
                0x0800bb94                __muldf3
                0x0800bde8                __aeabi_ddiv
                0x0800bde8                __divdf3
 .text          0x0800bfb8      0x110 /home/laurence/CodeSourcery/Sourcery_G++_Lite/bin/../lib/gcc/arm-none-eabi/4.5.2/thumb2/libgcc.a(_arm_cmpdf2.o)
                0x0800bfb8                __gtdf2
                0x0800bfb8                __gedf2
                0x0800bfc0                __ltdf2
                0x0800bfc0                __ledf2
                0x0800bfc8                __cmpdf2
                0x0800bfc8                __eqdf2
                0x0800bfc8                __nedf2
                0x0800c044                __aeabi_cdrcmple
                0x0800c054                __aeabi_cdcmple
                0x0800c054                __aeabi_cdcmpeq
                0x0800c064                __aeabi_dcmpeq
                0x0800c078                __aeabi_dcmplt
                0x0800c08c                __aeabi_dcmple
                0x0800c0a0                __aeabi_dcmpge
                0x0800c0b4                __aeabi_dcmpgt
 .text          0x0800c0c8       0x50 /home/laurence/CodeSourcery/Sourcery_G++_Lite/bin/../lib/gcc/arm-none-eabi/4.5.2/thumb2/libgcc.a(_arm_fixdfsi.o)
                0x0800c0c8                __fixdfsi
                0x0800c0c8                __aeabi_d2iz
 .text          0x0800c118       0x40 /home/laurence/CodeSourcery/Sourcery_G++_Lite/bin/../lib/gcc/arm-none-eabi/4.5.2/thumb2/libgcc.a(_arm_fixunsdfsi.o)
                0x0800c118                __fixunsdfsi
                0x0800c118                __aeabi_d2uiz
 .text          0x0800c158       0xa0 /home/laurence/CodeSourcery/Sourcery_G++_Lite/bin/../lib/gcc/arm-none-eabi/4.5.2/thumb2/libgcc.a(_arm_truncdfsf2.o)
                0x0800c158                __aeabi_d2f
                0x0800c158                __truncdfsf2
 .text          0x0800c1f8      0x21c /home/laurence/CodeSourcery/Sourcery_G++_Lite/bin/../lib/gcc/arm-none-eabi/4.5.2/thumb2/libgcc.a(_arm_addsubsf3.o)
                0x0800c1f8                __aeabi_frsub
                0x0800c200                __subsf3
                0x0800c200                __aeabi_fsub
                0x0800c204                __aeabi_fadd
                0x0800c204                __addsf3
                0x0800c364                __aeabi_ui2f
                0x0800c364                __floatunsisf
                0x0800c36c                __aeabi_i2f
                0x0800c36c                __floatsisf
                0x0800c388                __floatundisf
                0x0800c388                __aeabi_ul2f
                0x0800c398                __floatdisf
                0x0800c398                __aeabi_l2f
 .text          0x0800c414      0x2a0 /home/laurence/CodeSourcery/Sourcery_G++_Lite/bin/../lib/gcc/arm-none-eabi/4.5.2/thumb2/libgcc.a(_arm_muldivsf3.o)
                0x0800c414                __mulsf3
                0x0800c414                __aeabi_fmul
                0x0800c57c                __divsf3
                0x0800c57c                __aeabi_fdiv
 .text          0x0800c6b4       0xec /home/laurence/CodeSourcery/Sourcery_G++_Lite/bin/../lib/gcc/arm-none-eabi/4.5.2/thumb2/libgcc.a(_arm_cmpsf2.o)
                0x0800c6b4                __gtsf2
                0x0800c6b4                __gesf2
                0x0800c6bc                __lesf2
                0x0800c6bc                __ltsf2
                0x0800c6c4                __nesf2
                0x0800c6c4                __eqsf2
                0x0800c6c4                __cmpsf2
                0x0800c724                __aeabi_cfrcmple
                0x0800c72c                __aeabi_cfcmple
                0x0800c72c                __aeabi_cfcmpeq
                0x0800c73c                __aeabi_fcmpeq
                0x0800c750                __aeabi_fcmplt
                0x0800c764                __aeabi_fcmple
                0x0800c778                __aeabi_fcmpge
                0x0800c78c                __aeabi_fcmpgt
 .text          0x0800c7a0       0x4c /home/laurence/CodeSourcery/Sourcery_G++_Lite/bin/../lib/gcc/arm-none-eabi/4.5.2/thumb2/libgcc.a(_arm_fixsfsi.o)
                0x0800c7a0                __fixsfsi
                0x0800c7a0                __aeabi_f2iz
 .text          0x0800c7ec       0x40 /home/laurence/CodeSourcery/Sourcery_G++_Lite/bin/../lib/gcc/arm-none-eabi/4.5.2/thumb2/libgcc.a(_arm_fixunssfsi.o)
                0x0800c7ec                __aeabi_f2uiz
                0x0800c7ec                __fixunssfsi
 .text          0x0800c82c        0xc /home/laurence/CodeSourcery/Sourcery_G++_Lite/bin/../lib/gcc/arm-none-eabi/4.5.2/../../../../arm-none-eabi/lib/thumb2/libc.a(lib_a-errno.o)
                0x0800c82c                __errno
 .text          0x0800c838       0x20 /home/laurence/CodeSourcery/Sourcery_G++_Lite/bin/../lib/gcc/arm-none-eabi/4.5.2/../../../../arm-none-eabi/lib/thumb2/libc.a(lib_a-malloc.o)
                0x0800c838                malloc
                0x0800c848                free
 .text          0x0800c858      0x57c /home/laurence/CodeSourcery/Sourcery_G++_Lite/bin/../lib/gcc/arm-none-eabi/4.5.2/../../../../arm-none-eabi/lib/thumb2/libc.a(lib_a-mallocr.o)
                0x0800c858                _malloc_r
 .text          0x0800cdd4       0xb4 /home/laurence/CodeSourcery/Sourcery_G++_Lite/bin/../lib/gcc/arm-none-eabi/4.5.2/../../../../arm-none-eabi/lib/thumb2/libc.a(lib_a-memset.o)
                0x0800cdd4                memset
 .text          0x0800ce88        0x8 /home/laurence/CodeSourcery/Sourcery_G++_Lite/bin/../lib/gcc/arm-none-eabi/4.5.2/../../../../arm-none-eabi/lib/thumb2/libc.a(lib_a-mlock.o)
                0x0800ce88                __malloc_lock
                0x0800ce8c                __malloc_unlock
 .text          0x0800ce90       0x28 /home/laurence/CodeSourcery/Sourcery_G++_Lite/bin/../lib/gcc/arm-none-eabi/4.5.2/../../../../arm-none-eabi/lib/thumb2/libc.a(lib_a-sbrkr.o)
                0x0800ce90                _sbrk_r
 .text          0x0800ceb8       0x60 /home/laurence/CodeSourcery/Sourcery_G++_Lite/bin/../lib/gcc/arm-none-eabi/4.5.2/../../../../arm-none-eabi/lib/thumb2/libc.a(lib_a-strlen.o)
                0x0800ceb8                strlen
 .text          0x0800cf18      0x240 /home/laurence/CodeSourcery/Sourcery_G++_Lite/bin/../lib/gcc/arm-none-eabi/4.5.2/../../../../arm-none-eabi/lib/thumb2/libc.a(lib_a-freer.o)
                0x0800cf18                _malloc_trim_r
                0x0800cfc0                _free_r
 .text          0x0800d158       0x30 /home/laurence/CodeSourcery/Sourcery_G++_Lite/bin/../lib/gcc/arm-none-eabi/4.5.2/../../../../arm-none-eabi/lib/thumb2/libcs3.a(start_c.o)
                0x0800d158                __cs3_premain
 .text.cs3.init
                0x0800d188       0x50 /home/laurence/CodeSourcery/Sourcery_G++_Lite/bin/../lib/gcc/arm-none-eabi/4.5.2/../../../../arm-none-eabi/lib/thumb2/libcs3.a(start_c.o)
                0x0800d188                __cs3_start_c
 .text          0x0800d1d8       0x40 /home/laurence/CodeSourcery/Sourcery_G++_Lite/bin/../lib/gcc/arm-none-eabi/4.5.2/../../../../arm-none-eabi/lib/thumb2/libcs3unhosted.a(unhosted-sbrk.o)
                0x0800d1d8                _sbrk
 .text.cs3.init
                0x0800d218       0x10 /home/laurence/CodeSourcery/Sourcery_G++_Lite/bin/../lib/gcc/arm-none-eabi/4.5.2/../../../../arm-none-eabi/lib/thumb2/libcs3unhosted.a(unhosted-start.o)
                0x0800d218                _start
 .text          0x0800d228        0x2 lib/libcs3-lanchon-stm32.a(lanchon_stm32_isr_interrupt.o)
                0x0800d228                DMAChannel7_IRQHandler
                0x0800d228                DebugMonitor
                0x0800d228                SVCHandler
                0x0800d228                __STM32ReservedException8
                0x0800d228                __STM32DefaultExceptionHandler
                0x0800d228                CAN_SCE_IRQHandler
                0x0800d228                __STM32ReservedException10
                0x0800d228                __STM32ReservedException13
                0x0800d228                DMAChannel4_IRQHandler
                0x0800d228                PendSVC
                0x0800d228                CAN_RX1_IRQHandler
                0x0800d228                ADC_IRQHandler
                0x0800d228                DMAChannel5_IRQHandler
                0x0800d228                DMAChannel2_IRQHandler
                0x0800d228                __STM32ReservedException7
                0x0800d228                DMAChannel6_IRQHandler
                0x0800d228                DMAChannel3_IRQHandler
                0x0800d228                __STM32ReservedException9
 *fill*         0x0800d22a        0x2 00
 .text          0x0800d22c       0x50 /home/laurence/CodeSourcery/Sourcery_G++_Lite/bin/../lib/gcc/arm-none-eabi/4.5.2/../../../../arm-none-eabi/lib/thumb2/libc.a(lib_a-init.o)
                0x0800d22c                __libc_init_array
 *(.plt)
 *(.gnu.warning)
 *(.glue_7t)
 .glue_7t       0x00000000        0x0 linker stubs
 *(.glue_7)
 .glue_7        0x00000000        0x0 linker stubs
 *(.vfp11_veneer)
 .vfp11_veneer  0x00000000        0x0 linker stubs
 *(.rodata .rodata.* .gnu.linkonce.r.*)
 .rodata        0x0800d27c       0x90 Sensors/ppg_new.o
 .rodata        0x0800d30c       0x34 Sensors/pressure.o
 .rodata        0x0800d340       0xa6 Util/USB/usb_desc.o
                0x0800d340                MASS_DeviceDescriptor
                0x0800d352                MASS_ConfigDescriptor
                0x0800d372                MASS_StringLangID
                0x0800d376                MASS_StringVendor
                0x0800d3a8                MASS_StringProduct
                0x0800d3d6                MASS_StringInterface
 .rodata        0x0800d3e6     0x7738 Util/fat_fs/option/cc932.o
 .rodata        0x08014b1e        0xd Util/fat_fs/src/ff.o
 .rodata.str1.1
                0x08014b2b       0x10 Util/fat_fs/src/ff.o
 .rodata        0x08014b3b        0xc Util/fat_fs/src/rtc.o
 .rodata        0x08014b47       0x11 Util/rprintf.o
 .rodata.str1.1
                0x08014b58        0x6 Util/rprintf.o
 .rodata        0x08014b5e        0x2 i2c_int.o
                0x08014b5e                TMP102_setup
 .rodata.str1.1
                0x08014b60       0x10 interrupts.o
 .rodata        0x08014b70       0x14 lib/CMSIS_CM3/system_stm32f10x.o
                0x08014b70                SystemFrequency
                0x08014b74                SystemFrequency_SysClk
                0x08014b78                SystemFrequency_AHBClk
                0x08014b7c                SystemFrequency_APB1Clk
                0x08014b80                SystemFrequency_APB2Clk
 .rodata.str1.1
                0x08014b84      0x11e main.o
                                0x123 (size before relaxing)
 .rodata.str1.1
                0x08014ca2       0x16 pwr.o
 .rodata.str1.4
                0x08014cb8        0x9 /home/laurence/CodeSourcery/Sourcery_G++_Lite/bin/../lib/gcc/arm-none-eabi/4.5.2/../../../../arm-none-eabi/lib/thumb2/libm.a(lib_a-wf_asin.o)
                                  0xc (size before relaxing)
 *fill*         0x08014cc1        0x3 00
 .rodata.str1.4
                0x08014cc4        0x6 /home/laurence/CodeSourcery/Sourcery_G++_Lite/bin/../lib/gcc/arm-none-eabi/4.5.2/../../../../arm-none-eabi/lib/thumb2/libm.a(lib_a-wf_sqrt.o)
                                  0x8 (size before relaxing)
 *fill*         0x08014cca        0x2 00
 .rodata        0x08014ccc      0x398 /home/laurence/CodeSourcery/Sourcery_G++_Lite/bin/../lib/gcc/arm-none-eabi/4.5.2/../../../../arm-none-eabi/lib/thumb2/libm.a(lib_a-ef_rem_pio2.o)
 .rodata        0x08015064       0x38 /home/laurence/CodeSourcery/Sourcery_G++_Lite/bin/../lib/gcc/arm-none-eabi/4.5.2/../../../../arm-none-eabi/lib/thumb2/libm.a(lib_a-kf_rem_pio2.o)
 .rodata        0x0801509c       0x60 /home/laurence/CodeSourcery/Sourcery_G++_Lite/bin/../lib/gcc/arm-none-eabi/4.5.2/../../../../arm-none-eabi/lib/thumb2/libc.a(lib_a-findfp.o)
                0x0801509c                __sf_fake_stdin
                0x080150bc                __sf_fake_stdout
                0x080150dc                __sf_fake_stderr
 .rodata.str1.4
                0x080150fc        0x4 /home/laurence/CodeSourcery/Sourcery_G++_Lite/bin/../lib/gcc/arm-none-eabi/4.5.2/../../../../arm-none-eabi/lib/thumb2/libc.a(lib_a-impure.o)
 *(.ARM.extab* .gnu.linkonce.armextab.*)
 *(.gcc_except_table)
 *(.eh_frame_hdr)
 *(.eh_frame)
                0x08015100                . = ALIGN (0x4)
 *(.init)
 .init          0x08015100        0x4 /home/laurence/CodeSourcery/Sourcery_G++_Lite/bin/../lib/gcc/arm-none-eabi/4.5.2/thumb2/crti.o
                0x08015100                _init
 .init          0x08015104        0x8 /home/laurence/CodeSourcery/Sourcery_G++_Lite/bin/../lib/gcc/arm-none-eabi/4.5.2/thumb2/crtn.o
                0x0801510c                . = ALIGN (0x4)
                0x0801510c                _sidata = .
                0x0801510c                __preinit_array_start = .
 *(.preinit_array)
                0x0801510c                __preinit_array_end = .
                0x0801510c                . = ALIGN (0x4)
                0x0801510c                __init_array_start = .
 *(SORT(.init_array.*))
 *(.init_array)
 .init_array    0x0801510c        0x4 /home/laurence/CodeSourcery/Sourcery_G++_Lite/bin/../lib/gcc/arm-none-eabi/4.5.2/thumb2/crtbegin.o
                0x08015110                __init_array_end = .
                0x08015110                . = ALIGN (0x4)
 *crtbegin.o(.ctors)
 *(EXCLUDE_FILE(*crtend.o) .ctors)
 *(SORT(.ctors.*))
 *crtend.o(.ctors)
                0x08015110                . = ALIGN (0x4)
 *(.fini)
 .fini          0x08015110        0x4 /home/laurence/CodeSourcery/Sourcery_G++_Lite/bin/../lib/gcc/arm-none-eabi/4.5.2/thumb2/crti.o
                0x08015110                _fini
 .fini          0x08015114        0x8 /home/laurence/CodeSourcery/Sourcery_G++_Lite/bin/../lib/gcc/arm-none-eabi/4.5.2/thumb2/crtn.o
                0x0801511c                . = ALIGN (0x4)
                0x0801511c                __fini_array_start = .
 *(.fini_array)
 .fini_array    0x0801511c        0x4 /home/laurence/CodeSourcery/Sourcery_G++_Lite/bin/../lib/gcc/arm-none-eabi/4.5.2/thumb2/crtbegin.o
 *(SORT(.fini_array.*))
                0x08015120                __fini_array_end = .
 *crtbegin.o(.dtors)
 *(EXCLUDE_FILE(*crtend.o) .dtors)
 *(SORT(.dtors.*))
 *crtend.o(.dtors)
                0x08015120                . = ALIGN (0x4)
                0x08015120                __cs3_regions = .
                0x08015120        0x4 LONG 0x0
                0x08015124        0x4 LONG 0x8015138 __cs3_region_init_ram
                0x08015128        0x4 LONG 0x20000000 __cs3_region_start_ram
                0x0801512c        0x4 LONG 0x698 __cs3_region_init_size_ram
                0x08015130        0x4 LONG 0x968 __cs3_region_zero_size_ram
                0x08015134                __exidx_start = .

.v4_bx          0x08015134        0x0
 .v4_bx         0x00000000        0x0 linker stubs

.ARM.exidx
 *(.ARM.exidx* .gnu.linkonce.armexidx.*)
                0x08015134                __exidx_end = .

.text.align     0x08015134        0x4
                0x08015138                . = ALIGN (0x8)
 *fill*         0x08015134        0x4 00
                0x08015138                _etext = .
                0x08020000                __cs3_region_end_rom = (__cs3_region_start_rom + 0x20000)
                0x00020000                __cs3_region_size_rom = 0x20000
                0x00000001                __cs3_region_num = 0x1

.data           0x20000000      0x698 load address 0x08015138
                0x20000000                __cs3_region_start_ram = .
                0x20000000                _sdata = .
 *(.cs3.region-head.ram)
 *(.jcr)
 .jcr           0x20000000        0x0 /home/laurence/CodeSourcery/Sourcery_G++_Lite/bin/../lib/gcc/arm-none-eabi/4.5.2/thumb2/crtbegin.o
 .jcr           0x20000000        0x4 /home/laurence/CodeSourcery/Sourcery_G++_Lite/bin/../lib/gcc/arm-none-eabi/4.5.2/thumb2/crtend.o
 *(.got.plt)
 *(.got)
 *(.shdata)
 *(.data .data.* .gnu.linkonce.d.*)
 .data          0x20000004       0x72 Util/USB/scsi_data.o
                0x20000004                Standard_Inquiry_Data
                0x20000028                Standard_Inquiry_Data2
                0x2000004c                Mode_Sense6_data
                0x20000050                Mode_Sense10_data
                0x20000058                Scsi_Sense_Data
                0x2000006a                ReadFormatCapacity_Data
 .data          0x20000076       0x1a Util/USB/usb_desc.o
                0x20000076                MASS_StringSerial
 .data          0x20000090       0x38 Util/USB/usb_istr.o
                0x20000090                pEpInt_IN
                0x200000ac                pEpInt_OUT
 .data          0x200000c8       0x90 Util/USB/usb_prop.o
                0x200000c8                String_Descriptor
                0x200000f0                Config_Descriptor
                0x200000f8                Device_Descriptor
                0x20000100                Device_Property
                0x20000130                Device_Table
                0x20000134                User_Standard_Requests
 .data          0x20000158        0x1 Util/USB/usb_pwr.o
                0x20000158                fSuspendEnabled
 *fill*         0x20000159        0x1 00
 .data          0x2000015a        0x4 Util/fat_fs/src/sd_spi_stm32.o
 *fill*         0x2000015e        0x2 00
 .data          0x20000160       0x10 i2c_int.o
                0x20000160                I2C_jobs
 .data          0x20000170       0x14 lib/STM32F10x_StdPeriph_Driver/libstm32fw.a(stm32f10x_rcc.o)
 .data          0x20000184        0x1 /home/laurence/CodeSourcery/Sourcery_G++_Lite/bin/../lib/gcc/arm-none-eabi/4.5.2/../../../../arm-none-eabi/lib/thumb2/libm.a(lib_a-s_lib_ver.o)
                0x20000184                __fdlib_version
 *fill*         0x20000185        0x3 00
 .data          0x20000188       0xf4 /home/laurence/CodeSourcery/Sourcery_G++_Lite/bin/../lib/gcc/arm-none-eabi/4.5.2/../../../../arm-none-eabi/lib/thumb2/libc.a(lib_a-impure.o)
                0x20000188                _impure_ptr
 .data          0x2000027c      0x410 /home/laurence/CodeSourcery/Sourcery_G++_Lite/bin/../lib/gcc/arm-none-eabi/4.5.2/../../../../arm-none-eabi/lib/thumb2/libc.a(lib_a-mallocr.o)
                0x2000027c                __malloc_av_
                0x20000684                __malloc_sbrk_base
                0x20000688                __malloc_trim_threshold
 .data          0x2000068c        0x4 /home/laurence/CodeSourcery/Sourcery_G++_Lite/bin/../lib/gcc/arm-none-eabi/4.5.2/../../../../arm-none-eabi/lib/thumb2/libcs3unhosted.a(unhosted-sbrk.o)
 .data          0x20000690        0x4 /home/laurence/CodeSourcery/Sourcery_G++_Lite/bin/../lib/gcc/arm-none-eabi/4.5.2/../../../../arm-none-eabi/lib/thumb2/libcs3.a(heap.o)
                0x20000690                __cs3_heap_limit
 *(.ram)
                0x20000698                . = ALIGN (0x8)
 *fill*         0x20000694        0x4 00
                0x20000698                _edata = .

.bss            0x20000698      0x968 load address 0x080157d0
                0x20000698                _sbss = .
 *(.shbss)
 *(.bss .bss.* .gnu.linkonce.b.*)
 .bss           0x20000698        0x1 /home/laurence/CodeSourcery/Sourcery_G++_Lite/bin/../lib/gcc/arm-none-eabi/4.5.2/thumb2/crtbegin.o
 *fill*         0x20000699        0x3 00
 .bss           0x2000069c       0x28 Sensors/ppg_new.o
                0x200006b8                Last_PPG_Values
 .bss           0x200006c4       0x3c Sensors/pressure.o
                0x200006c4                Pressure_Offset
                0x200006fc                Reported_Pressure
 .bss           0x20000700        0xc Sensors/temperature.o
                0x20000700                Device_Temperature
                0x20000704                TMP102_Data_Buffer
                0x20000708                TMP102_Reported_Temperature
 .bss           0x2000070c       0x20 Util/USB/mass_mal.o
                0x2000070c                Status
                0x20000710                Data_Buffer
                0x20000714                Mass_Block_Count
                0x2000071c                Mass_Block_Size
                0x20000724                Mass_Memory_Size
 .bss           0x2000072c       0x24 Util/USB/memory.o
                0x2000072c                TransferState
                0x20000738                Block_offset
                0x2000073c                Counter
                0x20000748                Idx
                0x2000074c                Block_Read_count
 .bss           0x20000750        0xd Util/USB/scsi_data.o
                0x20000750                Page00_Inquiry_Data
                0x20000755                ReadCapacity10_Data
 *fill*         0x2000075d        0x3 00
 .bss           0x20000760       0x80 Util/USB/usb_bot.o
                0x20000760                Bot_State
                0x20000764                CSW
                0x20000774                CBW
                0x20000794                SCSI_LBA
                0x20000798                SCSI_BlkLen
                0x2000079c                Data_Len
                0x2000079e                Bulk_Data_Buff
 .bss           0x200007e0        0x4 Util/USB/usb_istr.o
                0x200007e0                wIstr
                0x200007e2                bIntPackSOF
 .bss           0x200007e4        0x4 Util/USB/usb_prop.o
                0x200007e4                Max_Lun
 .bss           0x200007e8        0x8 Util/USB/usb_pwr.o
                0x200007e8                ResumeS
                0x200007ec                bDeviceState
 .bss           0x200007f0        0x8 Util/fat_fs/src/ff.o
 .bss           0x200007f8       0x10 Util/fat_fs/src/sd_spi_stm32.o
                0x20000800                Sd_Spi_Called_From_USB_MSC
 .bss           0x20000808       0x84 Util/rprintf.o
 .bss           0x2000088c        0x4 adc.o
                0x2000088c                ADC1_Convertion_buff
 .bss           0x20000890        0x1 gpio.o
                0x20000890                bootsource
 *fill*         0x20000891        0x3 00
 .bss           0x20000894       0x10 i2c_int.o
                0x20000894                Jobs
                0x20000898                job
                0x2000089c                Completed_Jobs
                0x200008a0                I2C1error
 .bss           0x200008a4       0x18 interrupts.o
                0x200008a4                Button_hold_tim
 .bss           0x200008bc      0x6cc main.o
                0x200008bc                print_string
                0x200009bc                FATFS_logfile
                0x20000be0                a
                0x20000be4                Millis
                0x20000be8                Pressure_control
                0x20000bec                Pressures_Buffer
                0x20000bf8                Temperatures_Buffer
                0x20000c04                Thermistor_Buffer
                0x20000c10                Sensors
                0x20000c14                Buff
                0x20000c38                my_reent
                0x20000f58                f_err_code
                0x20000f5c                FATFS_info
                0x20000f7c                file_opened
                0x20000f80                Pressure_Setpoint
                0x20000f84                System_state_Global
 .bss           0x20000f88        0x1 lib/STM32_USB-FS-Device_Driver/libstm32usb.a(usb_core.o)
                0x20000f88                Data_Mul_MaxPacketSize
 *fill*         0x20000f89        0x3 00
 .bss           0x20000f8c       0x34 /home/laurence/CodeSourcery/Sourcery_G++_Lite/bin/../lib/gcc/arm-none-eabi/4.5.2/../../../../arm-none-eabi/lib/thumb2/libc.a(lib_a-mallocr.o)
                0x20000f8c                __malloc_top_pad
                0x20000f90                __malloc_current_mallinfo
                0x20000fb8                __malloc_max_sbrked_mem
                0x20000fbc                __malloc_max_total_mem
 *(COMMON)
 COMMON         0x20000fc0        0x2 lib/STM32_USB-FS-Device_Driver/libstm32usb.a(usb_core.o)
                0x20000fc0                StatusInfo
 *fill*         0x20000fc2        0x2 00
 COMMON         0x20000fc4       0x32 lib/STM32_USB-FS-Device_Driver/libstm32usb.a(usb_init.o)
                0x20000fc4                SaveState
                0x20000fc8                pProperty
                0x20000fcc                EPindex
                0x20000fd0                Device_Info
                0x20000fec                pUser_Standard_Requests
                0x20000ff0                pInformation
                0x20000ff4                wInterrupt_Mask
 COMMON         0x20000ff6        0x4 lib/STM32_USB-FS-Device_Driver/libstm32usb.a(usb_int.o)
                0x20000ff6                SaveRState
                0x20000ff8                SaveTState
 *fill*         0x20000ffa        0x2 00
 COMMON         0x20000ffc        0x4 /home/laurence/CodeSourcery/Sourcery_G++_Lite/bin/../lib/gcc/arm-none-eabi/4.5.2/../../../../arm-none-eabi/lib/thumb2/libc.a(lib_a-reent.o)
                0x20000ffc                errno
 *(.ram.b)
                0x20001000                . = ALIGN (0x8)
                0x20001000                _ebss = .

.noinit         0x20001000        0x0 load address 0x080157d0
 *(.noinit)
                0x20001000                . = ALIGN (0x8)
                0x20001000                _end = .
                0x20005000                __cs3_region_end_ram = (__cs3_region_start_ram + 0x5000)
                0x00005000                __cs3_region_size_ram = 0x5000
                0x08015138                __cs3_region_init_ram = LOADADDR (.data)
                0x00000698                __cs3_region_init_size_ram = (_edata - ADDR (.data))
                0x00000968                __cs3_region_zero_size_ram = (_end - _edata)
                0x00000001                __cs3_region_num = 0x1

.stab
 *(.stab)

.stabstr
 *(.stabstr)

.debug
 *(.debug)

.line
 *(.line)

.debug_srcinfo
 *(.debug_srcinfo)

.debug_sfnames
 *(.debug_sfnames)

.debug_aranges
 *(.debug_aranges)

.debug_pubnames
 *(.debug_pubnames)

.debug_info
 *(.debug_info .gnu.linkonce.wi.*)

.debug_abbrev
 *(.debug_abbrev)

.debug_line
 *(.debug_line)

.comment        0x00000000       0x2a
 .comment       0x00000000       0x2a Sensors/ppg_new.o
                                 0x2b (size before relaxing)
 .comment       0x00000000       0x2b Sensors/pressure.o
 .comment       0x00000000       0x2b Sensors/temperature.o
 .comment       0x00000000       0x2b Util/USB/hw_config.o
 .comment       0x00000000       0x2b Util/USB/mass_mal.o
 .comment       0x00000000       0x2b Util/USB/memory.o
 .comment       0x00000000       0x2b Util/USB/scsi_data.o
 .comment       0x00000000       0x2b Util/USB/usb_bot.o
 .comment       0x00000000       0x2b Util/USB/usb_desc.o
 .comment       0x00000000       0x2b Util/USB/usb_endp.o
 .comment       0x00000000       0x2b Util/USB/usb_istr.o
 .comment       0x00000000       0x2b Util/USB/usb_prop.o
 .comment       0x00000000       0x2b Util/USB/usb_pwr.o
 .comment       0x00000000       0x2b Util/USB/usb_scsi.o
 .comment       0x00000000       0x2b Util/buffer.o
 .comment       0x00000000       0x2b Util/delay.o
 .comment       0x00000000       0x2b Util/fat_fs/option/cc932.o
 .comment       0x00000000       0x2b Util/fat_fs/option/syscall.o
 .comment       0x00000000       0x2b Util/fat_fs/src/fattime.o
 .comment       0x00000000       0x2b Util/fat_fs/src/ff.o
 .comment       0x00000000       0x2b Util/fat_fs/src/rtc.o
 .comment       0x00000000       0x2b Util/fat_fs/src/sd_spi_stm32.o
 .comment       0x00000000       0x2b Util/rprintf.o
 .comment       0x00000000       0x2b adc.o
 .comment       0x00000000       0x2b gpio.o
 .comment       0x00000000       0x2b i2c_int.o
 .comment       0x00000000       0x2b interrupts.o
 .comment       0x00000000       0x2b lib/CMSIS_CM3/core_cm3.o
 .comment       0x00000000       0x2b lib/CMSIS_CM3/system_stm32f10x.o
 .comment       0x00000000       0x2b main.o
 .comment       0x00000000       0x2b pwr.o
 .comment       0x00000000       0x2b timer.o
 .comment       0x00000000       0x2b usart.o
 .comment       0x00000000       0x2b watchdog.o
 .comment       0x00000000       0x2b lib/STM32F10x_StdPeriph_Driver/libstm32fw.a(misc.o)
 .comment       0x00000000       0x2b lib/STM32F10x_StdPeriph_Driver/libstm32fw.a(stm32f10x_adc.o)
 .comment       0x00000000       0x2b lib/STM32F10x_StdPeriph_Driver/libstm32fw.a(stm32f10x_bkp.o)
 .comment       0x00000000       0x2b lib/STM32F10x_StdPeriph_Driver/libstm32fw.a(stm32f10x_dbgmcu.o)
 .comment       0x00000000       0x2b lib/STM32F10x_StdPeriph_Driver/libstm32fw.a(stm32f10x_dma.o)
 .comment       0x00000000       0x2b lib/STM32F10x_StdPeriph_Driver/libstm32fw.a(stm32f10x_exti.o)
 .comment       0x00000000       0x2b lib/STM32F10x_StdPeriph_Driver/libstm32fw.a(stm32f10x_gpio.o)
 .comment       0x00000000       0x2b lib/STM32F10x_StdPeriph_Driver/libstm32fw.a(stm32f10x_i2c.o)
 .comment       0x00000000       0x2b lib/STM32F10x_StdPeriph_Driver/libstm32fw.a(stm32f10x_iwdg.o)
 .comment       0x00000000       0x2b lib/STM32F10x_StdPeriph_Driver/libstm32fw.a(stm32f10x_pwr.o)
 .comment       0x00000000       0x2b lib/STM32F10x_StdPeriph_Driver/libstm32fw.a(stm32f10x_rcc.o)
 .comment       0x00000000       0x2b lib/STM32F10x_StdPeriph_Driver/libstm32fw.a(stm32f10x_rtc.o)
 .comment       0x00000000       0x2b lib/STM32F10x_StdPeriph_Driver/libstm32fw.a(stm32f10x_spi.o)
 .comment       0x00000000       0x2b lib/STM32F10x_StdPeriph_Driver/libstm32fw.a(stm32f10x_tim.o)
 .comment       0x00000000       0x2b lib/STM32F10x_StdPeriph_Driver/libstm32fw.a(stm32f10x_usart.o)
 .comment       0x00000000       0x2b lib/STM32_USB-FS-Device_Driver/libstm32usb.a(usb_core.o)
 .comment       0x00000000       0x2b lib/STM32_USB-FS-Device_Driver/libstm32usb.a(usb_init.o)
 .comment       0x00000000       0x2b lib/STM32_USB-FS-Device_Driver/libstm32usb.a(usb_int.o)
 .comment       0x00000000       0x2b lib/STM32_USB-FS-Device_Driver/libstm32usb.a(usb_mem.o)
 .comment       0x00000000       0x2b lib/STM32_USB-FS-Device_Driver/libstm32usb.a(usb_regs.o)
 .comment       0x00000000       0x2b lib/STM32_USB-FS-Device_Driver/libstm32usb.a(usb_sil.o)

.debug_frame    0x00000000      0x8fc
 *(.debug_frame)
 .debug_frame   0x00000000       0x2c /home/laurence/CodeSourcery/Sourcery_G++_Lite/bin/../lib/gcc/arm-none-eabi/4.5.2/../../../../arm-none-eabi/lib/thumb2/libm.a(lib_a-sf_sin.o)
 .debug_frame   0x0000002c       0x30 /home/laurence/CodeSourcery/Sourcery_G++_Lite/bin/../lib/gcc/arm-none-eabi/4.5.2/../../../../arm-none-eabi/lib/thumb2/libm.a(lib_a-wf_asin.o)
 .debug_frame   0x0000005c       0x30 /home/laurence/CodeSourcery/Sourcery_G++_Lite/bin/../lib/gcc/arm-none-eabi/4.5.2/../../../../arm-none-eabi/lib/thumb2/libm.a(lib_a-wf_sqrt.o)
 .debug_frame   0x0000008c       0x34 /home/laurence/CodeSourcery/Sourcery_G++_Lite/bin/../lib/gcc/arm-none-eabi/4.5.2/../../../../arm-none-eabi/lib/thumb2/libm.a(lib_a-ef_asin.o)
 .debug_frame   0x000000c0       0x3c /home/laurence/CodeSourcery/Sourcery_G++_Lite/bin/../lib/gcc/arm-none-eabi/4.5.2/../../../../arm-none-eabi/lib/thumb2/libm.a(lib_a-ef_rem_pio2.o)
 .debug_frame   0x000000fc       0x2c /home/laurence/CodeSourcery/Sourcery_G++_Lite/bin/../lib/gcc/arm-none-eabi/4.5.2/../../../../arm-none-eabi/lib/thumb2/libm.a(lib_a-ef_sqrt.o)
 .debug_frame   0x00000128       0x34 /home/laurence/CodeSourcery/Sourcery_G++_Lite/bin/../lib/gcc/arm-none-eabi/4.5.2/../../../../arm-none-eabi/lib/thumb2/libm.a(lib_a-kf_cos.o)
 .debug_frame   0x0000015c       0x3c /home/laurence/CodeSourcery/Sourcery_G++_Lite/bin/../lib/gcc/arm-none-eabi/4.5.2/../../../../arm-none-eabi/lib/thumb2/libm.a(lib_a-kf_rem_pio2.o)
 .debug_frame   0x00000198       0x34 /home/laurence/CodeSourcery/Sourcery_G++_Lite/bin/../lib/gcc/arm-none-eabi/4.5.2/../../../../arm-none-eabi/lib/thumb2/libm.a(lib_a-kf_sin.o)
 .debug_frame   0x000001cc       0x20 /home/laurence/CodeSourcery/Sourcery_G++_Lite/bin/../lib/gcc/arm-none-eabi/4.5.2/../../../../arm-none-eabi/lib/thumb2/libm.a(lib_a-s_matherr.o)
 .debug_frame   0x000001ec       0x20 /home/laurence/CodeSourcery/Sourcery_G++_Lite/bin/../lib/gcc/arm-none-eabi/4.5.2/../../../../arm-none-eabi/lib/thumb2/libm.a(lib_a-s_nan.o)
 .debug_frame   0x0000020c       0x20 /home/laurence/CodeSourcery/Sourcery_G++_Lite/bin/../lib/gcc/arm-none-eabi/4.5.2/../../../../arm-none-eabi/lib/thumb2/libm.a(lib_a-sf_fabs.o)
 .debug_frame   0x0000022c       0x30 /home/laurence/CodeSourcery/Sourcery_G++_Lite/bin/../lib/gcc/arm-none-eabi/4.5.2/../../../../arm-none-eabi/lib/thumb2/libm.a(lib_a-sf_floor.o)
 .debug_frame   0x0000025c       0x20 /home/laurence/CodeSourcery/Sourcery_G++_Lite/bin/../lib/gcc/arm-none-eabi/4.5.2/../../../../arm-none-eabi/lib/thumb2/libm.a(lib_a-sf_fpclassify.o)
 .debug_frame   0x0000027c       0x28 /home/laurence/CodeSourcery/Sourcery_G++_Lite/bin/../lib/gcc/arm-none-eabi/4.5.2/../../../../arm-none-eabi/lib/thumb2/libm.a(lib_a-sf_scalbn.o)
 .debug_frame   0x000002a4       0x20 /home/laurence/CodeSourcery/Sourcery_G++_Lite/bin/../lib/gcc/arm-none-eabi/4.5.2/../../../../arm-none-eabi/lib/thumb2/libm.a(lib_a-sf_copysign.o)
 .debug_frame   0x000002c4       0x20 /home/laurence/CodeSourcery/Sourcery_G++_Lite/bin/../lib/gcc/arm-none-eabi/4.5.2/../../../../arm-none-eabi/lib/thumb2/libc.a(lib_a-errno.o)
 .debug_frame   0x000002e4      0x114 /home/laurence/CodeSourcery/Sourcery_G++_Lite/bin/../lib/gcc/arm-none-eabi/4.5.2/../../../../arm-none-eabi/lib/thumb2/libc.a(lib_a-findfp.o)
 .debug_frame   0x000003f8       0x58 /home/laurence/CodeSourcery/Sourcery_G++_Lite/bin/../lib/gcc/arm-none-eabi/4.5.2/../../../../arm-none-eabi/lib/thumb2/libc.a(lib_a-fwalk.o)
 .debug_frame   0x00000450       0x30 /home/laurence/CodeSourcery/Sourcery_G++_Lite/bin/../lib/gcc/arm-none-eabi/4.5.2/../../../../arm-none-eabi/lib/thumb2/libc.a(lib_a-malloc.o)
 .debug_frame   0x00000480       0x3c /home/laurence/CodeSourcery/Sourcery_G++_Lite/bin/../lib/gcc/arm-none-eabi/4.5.2/../../../../arm-none-eabi/lib/thumb2/libc.a(lib_a-mallocr.o)
 .debug_frame   0x000004bc       0x2c /home/laurence/CodeSourcery/Sourcery_G++_Lite/bin/../lib/gcc/arm-none-eabi/4.5.2/../../../../arm-none-eabi/lib/thumb2/libc.a(lib_a-memset.o)
 .debug_frame   0x000004e8       0x30 /home/laurence/CodeSourcery/Sourcery_G++_Lite/bin/../lib/gcc/arm-none-eabi/4.5.2/../../../../arm-none-eabi/lib/thumb2/libc.a(lib_a-mlock.o)
 .debug_frame   0x00000518       0x2c /home/laurence/CodeSourcery/Sourcery_G++_Lite/bin/../lib/gcc/arm-none-eabi/4.5.2/../../../../arm-none-eabi/lib/thumb2/libc.a(lib_a-sbrkr.o)
 .debug_frame   0x00000544       0x80 /home/laurence/CodeSourcery/Sourcery_G++_Lite/bin/../lib/gcc/arm-none-eabi/4.5.2/../../../../arm-none-eabi/lib/thumb2/libc.a(lib_a-stdio.o)
 .debug_frame   0x000005c4       0x20 /home/laurence/CodeSourcery/Sourcery_G++_Lite/bin/../lib/gcc/arm-none-eabi/4.5.2/../../../../arm-none-eabi/lib/thumb2/libc.a(lib_a-strlen.o)
 .debug_frame   0x000005e4       0x2c /home/laurence/CodeSourcery/Sourcery_G++_Lite/bin/../lib/gcc/arm-none-eabi/4.5.2/../../../../arm-none-eabi/lib/thumb2/libc.a(lib_a-writer.o)
 .debug_frame   0x00000610       0x2c /home/laurence/CodeSourcery/Sourcery_G++_Lite/bin/../lib/gcc/arm-none-eabi/4.5.2/../../../../arm-none-eabi/lib/thumb2/libc.a(lib_a-closer.o)
 .debug_frame   0x0000063c       0x3c /home/laurence/CodeSourcery/Sourcery_G++_Lite/bin/../lib/gcc/arm-none-eabi/4.5.2/../../../../arm-none-eabi/lib/thumb2/libc.a(lib_a-fclose.o)
 .debug_frame   0x00000678       0x40 /home/laurence/CodeSourcery/Sourcery_G++_Lite/bin/../lib/gcc/arm-none-eabi/4.5.2/../../../../arm-none-eabi/lib/thumb2/libc.a(lib_a-fflush.o)
 .debug_frame   0x000006b8       0x50 /home/laurence/CodeSourcery/Sourcery_G++_Lite/bin/../lib/gcc/arm-none-eabi/4.5.2/../../../../arm-none-eabi/lib/thumb2/libc.a(lib_a-freer.o)
 .debug_frame   0x00000708       0x2c /home/laurence/CodeSourcery/Sourcery_G++_Lite/bin/../lib/gcc/arm-none-eabi/4.5.2/../../../../arm-none-eabi/lib/thumb2/libc.a(lib_a-lseekr.o)
 .debug_frame   0x00000734       0x2c /home/laurence/CodeSourcery/Sourcery_G++_Lite/bin/../lib/gcc/arm-none-eabi/4.5.2/../../../../arm-none-eabi/lib/thumb2/libc.a(lib_a-readr.o)
 .debug_frame   0x00000760       0x68 /home/laurence/CodeSourcery/Sourcery_G++_Lite/bin/../lib/gcc/arm-none-eabi/4.5.2/../../../../arm-none-eabi/lib/thumb2/libc.a(lib_a-reent.o)
 .debug_frame   0x000007c8       0x40 /home/laurence/CodeSourcery/Sourcery_G++_Lite/bin/../lib/gcc/arm-none-eabi/4.5.2/../../../../arm-none-eabi/lib/thumb2/libcs3.a(start_c.o)
 .debug_frame   0x00000808       0x28 /home/laurence/CodeSourcery/Sourcery_G++_Lite/bin/../lib/gcc/arm-none-eabi/4.5.2/../../../../arm-none-eabi/lib/thumb2/libcs3unhosted.a(unhosted-_close.o)
 .debug_frame   0x00000830       0x28 /home/laurence/CodeSourcery/Sourcery_G++_Lite/bin/../lib/gcc/arm-none-eabi/4.5.2/../../../../arm-none-eabi/lib/thumb2/libcs3unhosted.a(unhosted-_lseek.o)
 .debug_frame   0x00000858       0x28 /home/laurence/CodeSourcery/Sourcery_G++_Lite/bin/../lib/gcc/arm-none-eabi/4.5.2/../../../../arm-none-eabi/lib/thumb2/libcs3unhosted.a(unhosted-_read.o)
 .debug_frame   0x00000880       0x28 /home/laurence/CodeSourcery/Sourcery_G++_Lite/bin/../lib/gcc/arm-none-eabi/4.5.2/../../../../arm-none-eabi/lib/thumb2/libcs3unhosted.a(unhosted-_write.o)
 .debug_frame   0x000008a8       0x28 /home/laurence/CodeSourcery/Sourcery_G++_Lite/bin/../lib/gcc/arm-none-eabi/4.5.2/../../../../arm-none-eabi/lib/thumb2/libcs3unhosted.a(unhosted-sbrk.o)
 .debug_frame   0x000008d0       0x2c /home/laurence/CodeSourcery/Sourcery_G++_Lite/bin/../lib/gcc/arm-none-eabi/4.5.2/../../../../arm-none-eabi/lib/thumb2/libc.a(lib_a-init.o)

.debug_str
 *(.debug_str)

.debug_loc
 *(.debug_loc)

.debug_macinfo
 *(.debug_macinfo)

.debug_weaknames
 *(.debug_weaknames)

.debug_funcnames
 *(.debug_funcnames)

.debug_typenames
 *(.debug_typenames)

.debug_varnames
 *(.debug_varnames)

.note.gnu.arm.ident
 *(.note.gnu.arm.ident)

.ARM.attributes
                0x00000000       0x25
 *(.ARM.attributes)
 .ARM.attributes
                0x00000000       0x19 /home/laurence/CodeSourcery/Sourcery_G++_Lite/bin/../lib/gcc/arm-none-eabi/4.5.2/thumb2/crti.o
 .ARM.attributes
                0x00000019       0x29 /home/laurence/CodeSourcery/Sourcery_G++_Lite/bin/../lib/gcc/arm-none-eabi/4.5.2/thumb2/crtbegin.o
 .ARM.attributes
                0x00000042       0x31 Sensors/ppg_new.o
 .ARM.attributes
                0x00000073       0x31 Sensors/pressure.o
 .ARM.attributes
                0x000000a4       0x31 Sensors/temperature.o
 .ARM.attributes
                0x000000d5       0x31 Util/USB/hw_config.o
 .ARM.attributes
                0x00000106       0x31 Util/USB/mass_mal.o
 .ARM.attributes
                0x00000137       0x31 Util/USB/memory.o
 .ARM.attributes
                0x00000168       0x31 Util/USB/scsi_data.o
 .ARM.attributes
                0x00000199       0x31 Util/USB/usb_bot.o
 .ARM.attributes
                0x000001ca       0x31 Util/USB/usb_desc.o
 .ARM.attributes
                0x000001fb       0x31 Util/USB/usb_endp.o
 .ARM.attributes
                0x0000022c       0x31 Util/USB/usb_istr.o
 .ARM.attributes
                0x0000025d       0x31 Util/USB/usb_prop.o
 .ARM.attributes
                0x0000028e       0x31 Util/USB/usb_pwr.o
 .ARM.attributes
                0x000002bf       0x31 Util/USB/usb_scsi.o
 .ARM.attributes
                0x000002f0       0x31 Util/buffer.o
 .ARM.attributes
                0x00000321       0x31 Util/delay.o
 .ARM.attributes
                0x00000352       0x31 Util/fat_fs/option/cc932.o
 .ARM.attributes
                0x00000383       0x31 Util/fat_fs/option/syscall.o
 .ARM.attributes
                0x000003b4       0x31 Util/fat_fs/src/fattime.o
 .ARM.attributes
                0x000003e5       0x31 Util/fat_fs/src/ff.o
 .ARM.attributes
                0x00000416       0x31 Util/fat_fs/src/rtc.o
 .ARM.attributes
                0x00000447       0x31 Util/fat_fs/src/sd_spi_stm32.o
 .ARM.attributes
                0x00000478       0x31 Util/rprintf.o
 .ARM.attributes
                0x000004a9       0x31 adc.o
 .ARM.attributes
                0x000004da       0x31 gpio.o
 .ARM.attributes
                0x0000050b       0x31 i2c_int.o
 .ARM.attributes
                0x0000053c       0x31 interrupts.o
 .ARM.attributes
                0x0000056d       0x31 lib/CMSIS_CM3/core_cm3.o
 .ARM.attributes
                0x0000059e       0x21 lib/CMSIS_CM3/startup/gcc/startup_stm32f10x_md.o
 .ARM.attributes
                0x000005bf       0x31 lib/CMSIS_CM3/system_stm32f10x.o
 .ARM.attributes
                0x000005f0       0x31 main.o
 .ARM.attributes
                0x00000621       0x31 pwr.o
 .ARM.attributes
                0x00000652       0x31 timer.o
 .ARM.attributes
                0x00000683       0x31 usart.o
 .ARM.attributes
                0x000006b4       0x31 watchdog.o
 .ARM.attributes
                0x000006e5       0x31 lib/STM32F10x_StdPeriph_Driver/libstm32fw.a(misc.o)
 .ARM.attributes
                0x00000716       0x31 lib/STM32F10x_StdPeriph_Driver/libstm32fw.a(stm32f10x_adc.o)
 .ARM.attributes
                0x00000747       0x31 lib/STM32F10x_StdPeriph_Driver/libstm32fw.a(stm32f10x_bkp.o)
 .ARM.attributes
                0x00000778       0x31 lib/STM32F10x_StdPeriph_Driver/libstm32fw.a(stm32f10x_dbgmcu.o)
 .ARM.attributes
                0x000007a9       0x31 lib/STM32F10x_StdPeriph_Driver/libstm32fw.a(stm32f10x_dma.o)
 .ARM.attributes
                0x000007da       0x31 lib/STM32F10x_StdPeriph_Driver/libstm32fw.a(stm32f10x_exti.o)
 .ARM.attributes
                0x0000080b       0x31 lib/STM32F10x_StdPeriph_Driver/libstm32fw.a(stm32f10x_gpio.o)
 .ARM.attributes
                0x0000083c       0x31 lib/STM32F10x_StdPeriph_Driver/libstm32fw.a(stm32f10x_i2c.o)
 .ARM.attributes
                0x0000086d       0x31 lib/STM32F10x_StdPeriph_Driver/libstm32fw.a(stm32f10x_iwdg.o)
 .ARM.attributes
                0x0000089e       0x31 lib/STM32F10x_StdPeriph_Driver/libstm32fw.a(stm32f10x_pwr.o)
 .ARM.attributes
                0x000008cf       0x31 lib/STM32F10x_StdPeriph_Driver/libstm32fw.a(stm32f10x_rcc.o)
 .ARM.attributes
                0x00000900       0x31 lib/STM32F10x_StdPeriph_Driver/libstm32fw.a(stm32f10x_rtc.o)
 .ARM.attributes
                0x00000931       0x31 lib/STM32F10x_StdPeriph_Driver/libstm32fw.a(stm32f10x_spi.o)
 .ARM.attributes
                0x00000962       0x31 lib/STM32F10x_StdPeriph_Driver/libstm32fw.a(stm32f10x_tim.o)
 .ARM.attributes
                0x00000993       0x31 lib/STM32F10x_StdPeriph_Driver/libstm32fw.a(stm32f10x_usart.o)
 .ARM.attributes
                0x000009c4       0x31 lib/STM32_USB-FS-Device_Driver/libstm32usb.a(usb_core.o)
 .ARM.attributes
                0x000009f5       0x31 lib/STM32_USB-FS-Device_Driver/libstm32usb.a(usb_init.o)
 .ARM.attributes
                0x00000a26       0x31 lib/STM32_USB-FS-Device_Driver/libstm32usb.a(usb_int.o)
 .ARM.attributes
                0x00000a57       0x31 lib/STM32_USB-FS-Device_Driver/libstm32usb.a(usb_mem.o)
 .ARM.attributes
                0x00000a88       0x31 lib/STM32_USB-FS-Device_Driver/libstm32usb.a(usb_regs.o)
 .ARM.attributes
                0x00000ab9       0x31 lib/STM32_USB-FS-Device_Driver/libstm32usb.a(usb_sil.o)
 .ARM.attributes
                0x00000aea       0x29 /home/laurence/CodeSourcery/Sourcery_G++_Lite/bin/../lib/gcc/arm-none-eabi/4.5.2/../../../../arm-none-eabi/lib/thumb2/libm.a(lib_a-sf_sin.o)
 .ARM.attributes
                0x00000b13       0x29 /home/laurence/CodeSourcery/Sourcery_G++_Lite/bin/../lib/gcc/arm-none-eabi/4.5.2/../../../../arm-none-eabi/lib/thumb2/libm.a(lib_a-wf_asin.o)
 .ARM.attributes
                0x00000b3c       0x29 /home/laurence/CodeSourcery/Sourcery_G++_Lite/bin/../lib/gcc/arm-none-eabi/4.5.2/../../../../arm-none-eabi/lib/thumb2/libm.a(lib_a-wf_sqrt.o)
 .ARM.attributes
                0x00000b65       0x29 /home/laurence/CodeSourcery/Sourcery_G++_Lite/bin/../lib/gcc/arm-none-eabi/4.5.2/../../../../arm-none-eabi/lib/thumb2/libm.a(lib_a-ef_asin.o)
 .ARM.attributes
                0x00000b8e       0x29 /home/laurence/CodeSourcery/Sourcery_G++_Lite/bin/../lib/gcc/arm-none-eabi/4.5.2/../../../../arm-none-eabi/lib/thumb2/libm.a(lib_a-ef_rem_pio2.o)
 .ARM.attributes
                0x00000bb7       0x29 /home/laurence/CodeSourcery/Sourcery_G++_Lite/bin/../lib/gcc/arm-none-eabi/4.5.2/../../../../arm-none-eabi/lib/thumb2/libm.a(lib_a-ef_sqrt.o)