Archive member included because of file (symbol)

lib/STM32F10x_StdPeriph_Driver/libstm32fw.a(misc.o)
                              Util/USB/hw_config.o (NVIC_PriorityGroupConfig)
lib/STM32F10x_StdPeriph_Driver/libstm32fw.a(stm32f10x_adc.o)
                              adc.o (ADC_DeInit)
lib/STM32F10x_StdPeriph_Driver/libstm32fw.a(stm32f10x_bkp.o)
                              Util/fat_fs/src/rtc.o (BKP_DeInit)
lib/STM32F10x_StdPeriph_Driver/libstm32fw.a(stm32f10x_dma.o)
                              Util/fat_fs/src/sd_spi_stm32.o (DMA_DeInit)
lib/STM32F10x_StdPeriph_Driver/libstm32fw.a(stm32f10x_exti.o)
                              interrupts.o (EXTI_DeInit)
lib/STM32F10x_StdPeriph_Driver/libstm32fw.a(stm32f10x_gpio.o)
                              Util/fat_fs/src/sd_spi_stm32.o (GPIO_Init)
lib/STM32F10x_StdPeriph_Driver/libstm32fw.a(stm32f10x_pwr.o)
                              pwr.o (PWR_DeInit)
lib/STM32F10x_StdPeriph_Driver/libstm32fw.a(stm32f10x_rcc.o)
                              interrupts.o (RCC_HCLKConfig)
lib/STM32F10x_StdPeriph_Driver/libstm32fw.a(stm32f10x_rtc.o)
                              Util/fat_fs/src/rtc.o (RTC_GetCounter)
lib/STM32F10x_StdPeriph_Driver/libstm32fw.a(stm32f10x_spi.o)
                              Util/fat_fs/src/sd_spi_stm32.o (SPI_I2S_DeInit)
lib/STM32F10x_StdPeriph_Driver/libstm32fw.a(stm32f10x_tim.o)
                              timer.o (TIM_TimeBaseInit)
lib/STM32F10x_StdPeriph_Driver/libstm32fw.a(stm32f10x_usart.o)
                              usart.o (USART_Init)
lib/STM32_USB-FS-Device_Driver/libstm32usb.a(usb_core.o)
                              Util/USB/usb_prop.o (Standard_GetDescriptorData)
lib/STM32_USB-FS-Device_Driver/libstm32usb.a(usb_init.o)
                              main.o (USB_Init)
lib/STM32_USB-FS-Device_Driver/libstm32usb.a(usb_int.o)
                              Util/USB/usb_istr.o (CTR_LP)
lib/STM32_USB-FS-Device_Driver/libstm32usb.a(usb_mem.o)
                              lib/STM32_USB-FS-Device_Driver/libstm32usb.a(usb_core.o) (UserToPMABufferCopy)
lib/STM32_USB-FS-Device_Driver/libstm32usb.a(usb_regs.o)
                              Util/USB/usb_prop.o (SetBTABLE)
lib/STM32_USB-FS-Device_Driver/libstm32usb.a(usb_sil.o)
                              Util/USB/usb_prop.o (USB_SIL_Init)
/home/laurence/CodeSourcery/Sourcery_G++_Lite/bin/../lib/gcc/arm-none-eabi/4.5.2/../../../../arm-none-eabi/lib/thumb2/libm.a(lib_a-w_sqrt.o)
                              Sensors/ppg.o (sqrt)
/home/laurence/CodeSourcery/Sourcery_G++_Lite/bin/../lib/gcc/arm-none-eabi/4.5.2/../../../../arm-none-eabi/lib/thumb2/libm.a(lib_a-e_sqrt.o)
                              /home/laurence/CodeSourcery/Sourcery_G++_Lite/bin/../lib/gcc/arm-none-eabi/4.5.2/../../../../arm-none-eabi/lib/thumb2/libm.a(lib_a-w_sqrt.o) (__ieee754_sqrt)
/home/laurence/CodeSourcery/Sourcery_G++_Lite/bin/../lib/gcc/arm-none-eabi/4.5.2/../../../../arm-none-eabi/lib/thumb2/libm.a(lib_a-s_fpclassify.o)
                              /home/laurence/CodeSourcery/Sourcery_G++_Lite/bin/../lib/gcc/arm-none-eabi/4.5.2/../../../../arm-none-eabi/lib/thumb2/libm.a(lib_a-w_sqrt.o) (__fpclassifyd)
/home/laurence/CodeSourcery/Sourcery_G++_Lite/bin/../lib/gcc/arm-none-eabi/4.5.2/../../../../arm-none-eabi/lib/thumb2/libm.a(lib_a-s_lib_ver.o)
                              /home/laurence/CodeSourcery/Sourcery_G++_Lite/bin/../lib/gcc/arm-none-eabi/4.5.2/../../../../arm-none-eabi/lib/thumb2/libm.a(lib_a-w_sqrt.o) (__fdlib_version)
/home/laurence/CodeSourcery/Sourcery_G++_Lite/bin/../lib/gcc/arm-none-eabi/4.5.2/../../../../arm-none-eabi/lib/thumb2/libm.a(lib_a-s_matherr.o)
                              /home/laurence/CodeSourcery/Sourcery_G++_Lite/bin/../lib/gcc/arm-none-eabi/4.5.2/../../../../arm-none-eabi/lib/thumb2/libm.a(lib_a-w_sqrt.o) (matherr)
/home/laurence/CodeSourcery/Sourcery_G++_Lite/bin/../lib/gcc/arm-none-eabi/4.5.2/thumb2/libgcc.a(_arm_addsubdf3.o)
                              /home/laurence/CodeSourcery/Sourcery_G++_Lite/bin/../lib/gcc/arm-none-eabi/4.5.2/../../../../arm-none-eabi/lib/thumb2/libm.a(lib_a-e_sqrt.o) (__aeabi_dsub)
/home/laurence/CodeSourcery/Sourcery_G++_Lite/bin/../lib/gcc/arm-none-eabi/4.5.2/thumb2/libgcc.a(_arm_muldivdf3.o)
                              Sensors/ppg.o (__aeabi_dmul)
/home/laurence/CodeSourcery/Sourcery_G++_Lite/bin/../lib/gcc/arm-none-eabi/4.5.2/thumb2/libgcc.a(_arm_cmpdf2.o)
                              /home/laurence/CodeSourcery/Sourcery_G++_Lite/bin/../lib/gcc/arm-none-eabi/4.5.2/../../../../arm-none-eabi/lib/thumb2/libm.a(lib_a-w_sqrt.o) (__aeabi_dcmplt)
/home/laurence/CodeSourcery/Sourcery_G++_Lite/bin/../lib/gcc/arm-none-eabi/4.5.2/thumb2/libgcc.a(_arm_fixunsdfsi.o)
                              Sensors/ppg.o (__aeabi_d2uiz)
/home/laurence/CodeSourcery/Sourcery_G++_Lite/bin/../lib/gcc/arm-none-eabi/4.5.2/thumb2/libgcc.a(_arm_truncdfsf2.o)
                              Sensors/pressure.o (__aeabi_d2f)
[...]
Memory Configuration

Name             Origin             Length             Attributes
ram              0x20000000         0x00005000         xrw
rom              0x08000000         0x00020000         xr
*default*        0x00000000         0xffffffff

Linker script and memory map

LOAD /home/laurence/CodeSourcery/Sourcery_G++_Lite/bin/../lib/gcc/arm-none-eabi/4.5.2/thumb2/crti.o
LOAD /home/laurence/CodeSourcery/Sourcery_G++_Lite/bin/../lib/gcc/arm-none-eabi/4.5.2/thumb2/crtbegin.o
LOAD Sensors/ppg.o
LOAD Sensors/pressure.o
LOAD Util/USB/hw_config.o
LOAD Util/USB/mass_mal.o
LOAD Util/USB/memory.o
LOAD Util/USB/scsi_data.o
LOAD Util/USB/usb_bot.o
LOAD Util/USB/usb_desc.o
LOAD Util/USB/usb_endp.o
LOAD Util/USB/usb_istr.o
LOAD Util/USB/usb_prop.o
LOAD Util/USB/usb_pwr.o
LOAD Util/USB/usb_scsi.o
LOAD Util/buffer.o
LOAD Util/fat_fs/option/cc932.o
LOAD Util/fat_fs/option/syscall.o
LOAD Util/fat_fs/src/fattime.o
LOAD Util/fat_fs/src/ff.o
LOAD Util/fat_fs/src/rtc.o
LOAD Util/fat_fs/src/sd_spi_stm32.o
LOAD Util/rprintf.o
LOAD Util/stm32_eval_spi_sd.o
LOAD adc.o
LOAD gpio.o
LOAD interrupts.o
LOAD lib/CMSIS_CM3/core_cm3.o
LOAD lib/CMSIS_CM3/startup/gcc/startup_stm32f10x_md.o
LOAD lib/CMSIS_CM3/system_stm32f10x.o
LOAD main.o
LOAD pwr.o
LOAD timer.o
LOAD usart.o
LOAD lib/STM32F10x_StdPeriph_Driver/libstm32fw.a
LOAD lib/STM32_USB-FS-Device_Driver/libstm32usb.a
LOAD /home/laurence/CodeSourcery/Sourcery_G++_Lite/bin/../lib/gcc/arm-none-eabi/4.5.2/../../../../arm-none-eabi/lib/thumb2/libm.a
START GROUP
LOAD /home/laurence/CodeSourcery/Sourcery_G++_Lite/bin/../lib/gcc/arm-none-eabi/4.5.2/thumb2/libgcc.a
LOAD /home/laurence/CodeSourcery/Sourcery_G++_Lite/bin/../lib/gcc/arm-none-eabi/4.5.2/../../../../arm-none-eabi/lib/thumb2/libc.a
END GROUP
LOAD /home/laurence/CodeSourcery/Sourcery_G++_Lite/bin/../lib/gcc/arm-none-eabi/4.5.2/thumb2/crtend.o
LOAD /home/laurence/CodeSourcery/Sourcery_G++_Lite/bin/../lib/gcc/arm-none-eabi/4.5.2/thumb2/crtn.o
START GROUP
LOAD /home/laurence/CodeSourcery/Sourcery_G++_Lite/bin/../lib/gcc/arm-none-eabi/4.5.2/thumb2/libgcc.a
LOAD /home/laurence/CodeSourcery/Sourcery_G++_Lite/bin/../lib/gcc/arm-none-eabi/4.5.2/../../../../arm-none-eabi/lib/thumb2/libc.a
LOAD /home/laurence/CodeSourcery/Sourcery_G++_Lite/bin/../lib/gcc/arm-none-eabi/4.5.2/../../../../arm-none-eabi/lib/thumb2/libcs3.a
LOAD /home/laurence/CodeSourcery/Sourcery_G++_Lite/bin/../lib/gcc/arm-none-eabi/4.5.2/../../../../arm-none-eabi/lib/thumb2/libcs3unhosted.a
LOAD lib/libcs3-lanchon-stm32.a
END GROUP
                0x20005000                PROVIDE (__cs3_stack, (__cs3_region_start_ram + __cs3_region_size_ram))
                0x20000e20                PROVIDE (__cs3_heap_start, _end)
                0x20005000                PROVIDE (__cs3_heap_end, (__cs3_region_start_ram + __cs3_region_size_ram))

.text           0x08000000    0x11c74
 CREATE_OBJECT_SYMBOLS
                0x08000000                __cs3_region_start_rom = .
 *(.cs3.region-head.rom)
                0x08000000                __cs3_interrupt_vector = __cs3_interrupt_vector_lanchon_stm32
 *(.cs3.interrupt_vector)
 .cs3.interrupt_vector
                0x08000000       0xec lib/libcs3-lanchon-stm32.a(lanchon-stm32-vector.o)
                0x08000000                __cs3_interrupt_vector_lanchon_stm32
                0x08000001                ASSERT ((. != __cs3_interrupt_vector_lanchon_stm32), No interrupt vector)
 *(.rom)
 *(.rom.b)
                0x0800a314                PROVIDE (__cs3_reset_lanchon_stm32, _start)
                0x0800a314                __cs3_reset = __cs3_reset_lanchon_stm32
 *(.cs3.reset)
 *(.text .text.* .gnu.linkonce.t.*)
 .text          0x080000ec       0x30 /home/laurence/CodeSourcery/Sourcery_G++_Lite/bin/../lib/gcc/arm-none-eabi/4.5.2/thumb2/crtbegin.o
 .text          0x0800011c       0x7c Sensors/ppg.o
                0x0800011c                PPG_LO_Filter
 .text          0x08000198       0x68 Sensors/pressure.o
                0x08000198                calibrate_sensor
                0x080001c8                conv_adc_diff
 .text          0x08000200      0x124 Util/USB/hw_config.o
                0x08000224                Set_USBClock
                0x0800023a                Enter_LowPowerMode
                0x08000248                Leave_LowPowerMode
                0x08000264                USB_Interrupts_Config
                0x080002a4                Led_RW_ON
                0x080002b4                Led_RW_OFF
                0x080002c4                USB_Configured_LED
                0x080002d4                USB_NotConfigured_LED
                0x080002e4                USB_Cable_Config
                0x080002e6                Get_SerialNum
                0x0800031c                MAL_Config
                0x08000322                Set_System
 .text          0x08000324       0xcc Util/USB/mass_mal.o
                0x08000324                MAL_Init
                0x08000360                MAL_Write
                0x08000384                MAL_Read
                0x080003a8                MAL_GetStatus
 .text          0x080003f0      0x1b0 Util/USB/memory.o
                0x080003f0                Read_Memory
                0x080004b8                Write_Memory
 .text          0x080005a0      0x31c Util/USB/usb_bot.o
                0x080005a0                Transfer_Data_Request
                0x080005d0                Set_CSW
                0x08000608                Mass_Storage_In
                0x08000658                Bot_Abort
                0x08000690                CBW_Decode
                0x08000864                Mass_Storage_Out
 .text          0x080008bc        0x8 Util/USB/usb_endp.o
                0x080008bc                EP1_IN_Callback
                0x080008c0                EP2_OUT_Callback
 .text          0x080008c4       0xd0 Util/USB/usb_istr.o
                0x080008c4                USB_Istr
 .text          0x08000994      0x25c Util/USB/usb_prop.o
                0x08000994                Mass_Storage_SetDeviceAddress
                0x080009a0                MASS_Status_In
                0x080009a2                MASS_Status_Out
                0x080009a4                MASS_Get_Interface_Setting
                0x080009b4                Get_Max_Lun
                0x080009cc                MASS_Data_Setup
                0x08000a0c                MASS_GetStringDescriptor
                0x08000a2c                MASS_GetConfigDescriptor
                0x08000a38                MASS_GetDeviceDescriptor
                0x08000a44                MASS_NoData_Setup
                0x08000a94                Mass_Storage_SetConfiguration
                0x08000ac4                Mass_Storage_ClearFeature
                0x08000ae0                MASS_Reset
                0x08000bcc                MASS_init
 .text          0x08000bf0      0x15c Util/USB/usb_pwr.o
                0x08000bf0                PowerOn
                0x08000c20                PowerOff
                0x08000c44                Suspend
                0x08000c84                Resume_Init
                0x08000cc0                Resume
 .text          0x08000d4c      0x398 Util/USB/usb_scsi.o
                0x08000d4c                SCSI_Inquiry_Cmd
                0x08000d84                SCSI_ModeSense6_Cmd
                0x08000d90                SCSI_ModeSense10_Cmd
                0x08000d9c                SCSI_RequestSense_Cmd
                0x08000db4                Set_Scsi_Sense_Data
                0x08000dc0                SCSI_ReadCapacity10_Cmd
                0x08000e30                SCSI_ReadFormatCapacity_Cmd
                0x08000e98                SCSI_Start_Stop_Unit_Cmd
                0x08000ea0                SCSI_Verify10_Cmd
                0x08000ed8                SCSI_Valid_Cmd
                0x08000f04                SCSI_TestUnitReady_Cmd
                0x08000f38                SCSI_Format_Cmd
                0x08000f64                SCSI_Invalid_Cmd
                0x08000f98                SCSI_Address_Management
                0x08001008                SCSI_Write10_Cmd
                0x08001078                SCSI_Read10_Cmd
 .text          0x080010e4       0x3e Util/buffer.o
                0x080010e4                Add_To_Buffer
                0x080010f8                Get_From_Buffer
                0x08001114                init_buffer
 *fill*         0x08001122        0x2 00
 .text          0x08001124       0x88 Util/fat_fs/option/cc932.o
                0x08001124                ff_convert
                0x08001184                ff_wtoupper
 .text          0x080011ac       0x44 Util/fat_fs/src/fattime.o
                0x080011ac                get_fattime
 .text          0x080011f0     0x230c Util/fat_fs/src/ff.o
                0x08001862                clust2sect
                0x0800187c                get_fat
                0x080019da                put_fat
                0x0800222e                gen_numname
                0x08002488                f_mount
                0x080024a8                f_open
                0x080025fa                f_read
                0x08002772                f_write
                0x08002928                f_sync
                0x080029da                f_close
                0x080029e8                f_lseek
                0x08002b4c                f_opendir
                0x08002bb8                f_readdir
                0x08002c16                f_stat
                0x08002c5a                f_getfree
                0x08002d4c                f_truncate
                0x08002de4                f_unlink
                0x08002e98                f_mkdir
                0x08003062                f_chmod
                0x080030ba                f_utime
                0x08003116                f_rename
                0x08003232                f_gets
                0x08003278                f_putc
                0x0800329a                f_puts
                0x080032c0                f_printf
 .text          0x080034fc      0x2e0 Util/fat_fs/src/rtc.o
                0x080035e0                rtc_gettime
                0x08003658                my_RTC_SetCounter
                0x0800367a                rtc_settime
                0x08003744                rtc_init
 .text          0x080037dc      0x890 Util/fat_fs/src/sd_spi_stm32.o
                0x08003b42                disk_initialize
                0x08003c64                disk_status
                0x08003c74                disk_read
                0x08003d00                disk_write
                0x08003dac                disk_ioctl
                0x08004030                disk_timerproc
 .text          0x0800406c      0x568 Util/rprintf.o
                0x0800406c                rprintfInit
                0x08004078                rprintfChar
                0x08004094                rprintfStr
                0x080040aa                rprintfStrLen
                0x080040de                rprintfCRLF
                0x080040e2                rprintfu04
                0x080040ec                rprintfu08
                0x080040fe                rprintfu16
                0x08004110                rprintfu32
                0x08004122                rprintfNum
                0x080041c8                rprintfFloat
                0x08004280                Isdigit
                0x0800428e                atoiRamRom
                0x080042b4                rStrLen
                0x080042c4                rprintf2RamRom
 .text          0x080045d4      0x160 adc.o
                0x080045d4                ADC_Configuration
                0x08004704                readADC2
 .text          0x08004734      0x17c gpio.o
                0x08004734                setup_gpio
                0x08004864                switch_leds_on
                0x08004884                switch_leds_off
                0x080048a4                get_wkup
 .text          0x080048b0      0x180 interrupts.o
                0x080048b0                ISR_Config
                0x080048e4                EXTI_ONOFF_EN
                0x08004938                DMA_ISR_Config
                0x0800495a                SysTick_Configuration
                0x08004990                EXTI0_IRQHandler
                0x08004a04                DMAChannel1_IRQHandler
                0x08004a24                SysTickHandler
                0x08004a28                USB_HP_CAN_TX_IRQHandler
                0x08004a2c                USB_LP_CAN_RX0_IRQHandler
 .text.Default_Handler
                0x08004a30        0x2 lib/CMSIS_CM3/startup/gcc/startup_stm32f10x_md.o
                0x08004a30                EXTI2_IRQHandler
                0x08004a30                DebugMon_Handler
                0x08004a30                TIM1_CC_IRQHandler
                0x08004a30                HardFault_Handler
                0x08004a30                SysTick_Handler
                0x08004a30                PVD_IRQHandler
                0x08004a30                PendSV_Handler
                0x08004a30                NMI_Handler
                0x08004a30                EXTI3_IRQHandler
                0x08004a30                I2C2_EV_IRQHandler
                0x08004a30                UsageFault_Handler
                0x08004a30                ADC1_2_IRQHandler
                0x08004a30                SPI1_IRQHandler
                0x08004a30                TAMPER_IRQHandler
                0x08004a30                DMA1_Channel4_IRQHandler
                0x08004a30                USART3_IRQHandler
                0x08004a30                RTC_IRQHandler
                0x08004a30                DMA1_Channel7_IRQHandler
                0x08004a30                CAN1_RX1_IRQHandler
                0x08004a30                TIM4_IRQHandler
                0x08004a30                I2C1_EV_IRQHandler
                0x08004a30                DMA1_Channel6_IRQHandler
                0x08004a30                TIM3_IRQHandler
                0x08004a30                RCC_IRQHandler
                0x08004a30                TIM1_TRG_COM_IRQHandler
                0x08004a30                DMA1_Channel1_IRQHandler
                0x08004a30                Default_Handler
                0x08004a30                EXTI15_10_IRQHandler
                0x08004a30                EXTI9_5_IRQHandler
                0x08004a30                SPI2_IRQHandler
                0x08004a30                MemManage_Handler
                0x08004a30                SVC_Handler
                0x08004a30                DMA1_Channel5_IRQHandler
                0x08004a30                EXTI4_IRQHandler
                0x08004a30                USB_LP_CAN1_RX0_IRQHandler
                0x08004a30                USB_HP_CAN1_TX_IRQHandler
                0x08004a30                DMA1_Channel3_IRQHandler
                0x08004a30                TIM1_UP_IRQHandler
                0x08004a30                WWDG_IRQHandler
                0x08004a30                TIM2_IRQHandler
                0x08004a30                TIM1_BRK_IRQHandler
                0x08004a30                EXTI1_IRQHandler
                0x08004a30                RTCAlarm_IRQHandler
                0x08004a30                USART2_IRQHandler
                0x08004a30                I2C2_ER_IRQHandler
                0x08004a30                DMA1_Channel2_IRQHandler
                0x08004a30                CAN1_SCE_IRQHandler
                0x08004a30                FLASH_IRQHandler
                0x08004a30                BusFault_Handler
                0x08004a30                USART1_IRQHandler
                0x08004a30                I2C1_ER_IRQHandler
                0x08004a30                USBWakeUp_IRQHandler
 *fill*         0x08004a32        0x2 00
 .text          0x08004a34       0xf4 lib/CMSIS_CM3/system_stm32f10x.o
                0x08004a34                SystemInit
 .text          0x08004b28      0x32c main.o
                0x08004b28                __str_print_char
                0x08004b50                __fat_print_char
                0x08004b70                main
 .text          0x08004e54       0x2a pwr.o
                0x08004e54                setuppwr
                0x08004e68                shutdown
                0x08004e78                disable_pin
 *fill*         0x08004e7e        0x2 00
 .text          0x08004e80       0xb0 timer.o
                0x08004e80                setup_pwm
 .text          0x08004f30       0xe0 usart.o
                0x08004f30                Default_Usart_Config
                0x08004f4a                Usarts_Init
                0x08004fdc                __usart_send_char
                0x08004ff8                Usart_Send_Str
 .text          0x08005010       0xb8 lib/STM32F10x_StdPeriph_Driver/libstm32fw.a(misc.o)
                0x08005010                NVIC_PriorityGroupConfig
                0x08005024                NVIC_Init
                0x08005084                NVIC_SetVectorTable
                0x08005098                NVIC_SystemLPConfig
                0x080050b0                SysTick_CLKSourceConfig
 .text          0x080050c8      0x380 lib/STM32F10x_StdPeriph_Driver/libstm32fw.a(stm32f10x_adc.o)
                0x080050c8                ADC_DeInit
                0x08005124                ADC_Init
                0x08005170                ADC_StructInit
                0x08005182                ADC_Cmd
                0x08005196                ADC_DMACmd
                0x080051aa                ADC_ITConfig
                0x080051be                ADC_ResetCalibration
                0x080051c8                ADC_GetResetCalibrationStatus
                0x080051d0                ADC_StartCalibration
                0x080051da                ADC_GetCalibrationStatus
                0x080051e2                ADC_SoftwareStartConvCmd
                0x080051f6                ADC_GetSoftwareStartConvStatus
                0x080051fe                ADC_DiscModeChannelCountConfig
                0x0800520e                ADC_DiscModeCmd
                0x08005222                ADC_RegularChannelConfig
                0x080052b0                ADC_ExternalTrigConvCmd
                0x080052c4                ADC_GetConversionValue
                0x080052ca                ADC_GetDualModeConversionValue
                0x080052d4                ADC_AutoInjectedConvCmd
                0x080052e8                ADC_InjectedDiscModeCmd
                0x080052fc                ADC_ExternalTrigInjectedConvConfig
                0x0800530a                ADC_ExternalTrigInjectedConvCmd
                0x0800531e                ADC_SoftwareStartInjectedConvCmd
                0x08005332                ADC_GetSoftwareStartInjectedConvCmdStatus
                0x0800533a                ADC_InjectedChannelConfig
                0x08005396                ADC_InjectedSequencerLengthConfig
                0x080053a6                ADC_SetInjectedOffset
                0x080053bc                ADC_GetInjectedConversionValue
                0x080053d6                ADC_AnalogWatchdogCmd
                0x080053e8                ADC_AnalogWatchdogThresholdsConfig
                0x080053ee                ADC_AnalogWatchdogSingleChannelConfig
                0x080053fc                ADC_TempSensorVrefintCmd
                0x08005418                ADC_GetFlagStatus
                0x08005424                ADC_ClearFlag
                0x0800542a                ADC_GetITStatus
                0x08005440                ADC_ClearITPendingBit
 .text          0x08005448       0xe0 lib/STM32F10x_StdPeriph_Driver/libstm32fw.a(stm32f10x_bkp.o)
                0x08005448                BKP_DeInit
                0x0800545a                BKP_TamperPinLevelConfig
                0x08005464                BKP_TamperPinCmd
                0x08005470                BKP_ITConfig
                0x0800547c                BKP_RTCOutputConfig
                0x08005494                BKP_SetRTCCalibrationValue
                0x080054ac                BKP_WriteBackupRegister
                0x080054c8                BKP_ReadBackupRegister
                0x080054e8                BKP_GetFlagStatus
                0x080054f4                BKP_ClearFlag
                0x08005508                BKP_GetITStatus
                0x08005514                BKP_ClearITPendingBit
 .text          0x08005528      0x1f0 lib/STM32F10x_StdPeriph_Driver/libstm32fw.a(stm32f10x_dma.o)
                0x08005528                DMA_DeInit
                0x08005624                DMA_Init
                0x08005664                DMA_StructInit
                0x0800567e                DMA_Cmd
                0x08005692                DMA_ITConfig
                0x080056a4                DMA_GetCurrDataCounter
                0x080056aa                DMA_GetFlagStatus
                0x080056c8                DMA_ClearFlag
                0x080056e0                DMA_GetITStatus
                0x08005700                DMA_ClearITPendingBit
 .text          0x08005718      0x108 lib/STM32F10x_StdPeriph_Driver/libstm32fw.a(stm32f10x_exti.o)
                0x08005718                EXTI_DeInit
                0x08005734                EXTI_Init
                0x080057b8                EXTI_StructInit
                0x080057c6                EXTI_GenerateSWInterrupt
                0x080057d8                EXTI_GetFlagStatus
                0x080057ec                EXTI_ClearFlag
                0x080057f8                EXTI_GetITStatus
                0x08005814                EXTI_ClearITPendingBit
 .text          0x08005820      0x278 lib/STM32F10x_StdPeriph_Driver/libstm32fw.a(stm32f10x_gpio.o)
                0x08005820                GPIO_DeInit
                0x080058cc                GPIO_AFIODeInit
                0x080058e2                GPIO_Init
                0x0800597a                GPIO_StructInit
                0x0800598a                GPIO_ReadInputDataBit
                0x08005996                GPIO_ReadInputData
                0x0800599c                GPIO_ReadOutputDataBit
                0x080059a8                GPIO_ReadOutputData
                0x080059ae                GPIO_SetBits
                0x080059b2                GPIO_ResetBits
                0x080059b6                GPIO_WriteBit
                0x080059c0                GPIO_Write
                0x080059c4                GPIO_PinLockConfig
                0x080059d4                GPIO_EventOutputConfig
                0x080059f4                GPIO_EventOutputCmd
                0x08005a00                GPIO_PinRemapConfig
                0x08005a58                GPIO_EXTILineConfig
                0x08005a8c                GPIO_ETH_MediaInterfaceConfig
 .text          0x08005a98       0xcc lib/STM32F10x_StdPeriph_Driver/libstm32fw.a(stm32f10x_pwr.o)
                0x08005a9c                PWR_DeInit
                0x08005ab6                PWR_BackupAccessCmd
                0x08005ac0                PWR_PVDCmd
                0x08005acc                PWR_PVDLevelConfig
                0x08005ae0                PWR_WakeUpPinCmd
                0x08005aec                PWR_EnterSTOPMode
                0x08005b18                PWR_EnterSTANDBYMode
                0x08005b40                PWR_GetFlagStatus
                0x08005b54                PWR_ClearFlag
 .text          0x08005b64      0x360 lib/STM32F10x_StdPeriph_Driver/libstm32fw.a(stm32f10x_rcc.o)
                0x08005b64                RCC_DeInit
                0x08005ba4                RCC_HSEConfig
                0x08005bdc                RCC_AdjustHSICalibrationValue
                0x08005bf0                RCC_HSICmd
                0x08005bfc                RCC_PLLConfig
                0x08005c14                RCC_PLLCmd
                0x08005c20                RCC_SYSCLKConfig
                0x08005c34                RCC_GetSYSCLKSource
                0x08005c44                RCC_HCLKConfig
                0x08005c58                RCC_PCLK1Config
                0x08005c6c                RCC_PCLK2Config
                0x08005c80                RCC_ITConfig
                0x08005c98                RCC_USBCLKConfig
                0x08005ca4                RCC_ADCCLKConfig
                0x08005cb8                RCC_LSEConfig
                0x08005cd8                RCC_LSICmd
                0x08005ce4                RCC_RTCCLKConfig
                0x08005cf4                RCC_RTCCLKCmd
                0x08005d00                RCC_GetClocksFreq
                0x08005da4                RCC_AHBPeriphClockCmd
                0x08005dbc                RCC_APB2PeriphClockCmd
                0x08005dd4                RCC_APB1PeriphClockCmd
                0x08005dec                RCC_APB2PeriphResetCmd
                0x08005e04                RCC_APB1PeriphResetCmd
                0x08005e1c                RCC_BackupResetCmd
                0x08005e28                RCC_ClockSecuritySystemCmd
                0x08005e34                RCC_MCOConfig
                0x08005e40                RCC_GetFlagStatus
                0x08005e68                RCC_WaitForHSEStartUp
                0x08005e94                RCC_ClearFlag
                0x08005ea4                RCC_GetITStatus
                0x08005eb8                RCC_ClearITPendingBit
 .text          0x08005ec4      0x158 lib/STM32F10x_StdPeriph_Driver/libstm32fw.a(stm32f10x_rtc.o)
                0x08005ec4                RTC_ITConfig
                0x08005ee0                RTC_EnterConfigMode
                0x08005ef4                RTC_ExitConfigMode
                0x08005f08                RTC_GetCounter
                0x08005f1c                RTC_SetCounter
                0x08005f38                RTC_SetPrescaler
                0x08005f58                RTC_SetAlarm
                0x08005f74                RTC_GetDivider
                0x08005f8c                RTC_WaitForLastTask
                0x08005f9c                RTC_WaitForSynchro
                0x08005fbc                RTC_GetFlagStatus
                0x08005fd0                RTC_ClearFlag
                0x08005fe4                RTC_GetITStatus
                0x08006008                RTC_ClearITPendingBit
 .text          0x0800601c      0x2d4 lib/STM32F10x_StdPeriph_Driver/libstm32fw.a(stm32f10x_spi.o)
                0x0800601c                SPI_I2S_DeInit
                0x08006080                SPI_Init
                0x080060c0                I2S_Init
                0x08006160                SPI_StructInit
                0x08006178                I2S_StructInit
                0x0800618a                SPI_Cmd
                0x080061a4                I2S_Cmd
                0x080061be                SPI_I2S_ITConfig
                0x080061dc                SPI_I2S_DMACmd
                0x080061f2                SPI_I2S_SendData
                0x080061f6                SPI_I2S_ReceiveData
                0x080061fc                SPI_NSSInternalSoftwareConfig
                0x0800621c                SPI_SSOutputCmd
                0x08006236                SPI_DataSizeConfig
                0x0800624e                SPI_TransmitCRC
                0x0800625a                SPI_CalculateCRC
                0x08006274                SPI_GetCRC
                0x08006284                SPI_GetCRCPolynomial
                0x0800628a                SPI_BiDirectionalLineConfig
                0x080062a8                SPI_I2S_GetFlagStatus
                0x080062b4                SPI_I2S_ClearFlag
                0x080062ba                SPI_I2S_GetITStatus
                0x080062e0                SPI_I2S_ClearITPendingBit
 .text          0x080062f0      0xa80 lib/STM32F10x_StdPeriph_Driver/libstm32fw.a(stm32f10x_tim.o)
                0x0800635e                TIM_DeInit
                0x08006428                TIM_TimeBaseInit
                0x08006464                TIM_OC1Init
                0x080064e4                TIM_OC2Init
                0x0800656c                TIM_OC3Init
                0x080065f0                TIM_OC4Init
                0x08006654                TIM_BDTRConfig
                0x08006676                TIM_TimeBaseStructInit
                0x08006688                TIM_OCStructInit
                0x0800669c                TIM_ICStructInit
                0x080066ac                TIM_BDTRStructInit
                0x080066be                TIM_Cmd
                0x080066d8                TIM_CtrlPWMOutputs
                0x080066f6                TIM_ITConfig
                0x0800670c                TIM_GenerateEvent
                0x08006710                TIM_DMAConfig
                0x08006718                TIM_DMACmd
                0x0800672e                TIM_InternalClockConfig
                0x0800673c                TIM_ETRConfig
                0x08006752                TIM_ETRClockMode2Config
                0x08006766                TIM_ETRClockMode1Config
                0x08006780                TIM_PrescalerConfig
                0x08006786                TIM_CounterModeConfig
                0x08006798                TIM_SelectInputTrigger
                0x080067aa                TIM_TIxExternalClockConfig
                0x080067d8                TIM_ITRxExternalClockConfig
                0x080067ec                TIM_EncoderInterfaceConfig
                0x0800682a                TIM_ForcedOC1Config
                0x0800683c                TIM_ForcedOC2Config
                0x0800684e                TIM_ForcedOC3Config
                0x08006860                TIM_ForcedOC4Config
                0x08006872                TIM_ARRPreloadConfig
                0x0800688c                TIM_SelectCOM
                0x080068a6                TIM_SelectCCDMA
                0x080068c0                TIM_CCPreloadControl
                0x080068da                TIM_OC1PreloadConfig
                0x080068ec                TIM_OC2PreloadConfig
                0x080068fe                TIM_OC3PreloadConfig
                0x08006910                TIM_OC4PreloadConfig
                0x08006922                TIM_OC1FastConfig
                0x08006934                TIM_OC2FastConfig
                0x08006946                TIM_OC3FastConfig
                0x08006958                TIM_OC4FastConfig
                0x0800696a                TIM_ClearOC1Ref
                0x0800697c                TIM_ClearOC2Ref
                0x0800698a                TIM_ClearOC3Ref
                0x0800699c                TIM_ClearOC4Ref
                0x080069aa                TIM_OC1PolarityConfig
                0x080069bc                TIM_OC1NPolarityConfig
                0x080069ce                TIM_OC2PolarityConfig
                0x080069e0                TIM_OC2NPolarityConfig
                0x080069f2                TIM_OC3PolarityConfig
                0x08006a04                TIM_OC3NPolarityConfig
                0x08006a16                TIM_OC4PolarityConfig
                0x08006a28                TIM_CCxCmd
                0x08006a46                TIM_CCxNCmd
                0x08006a64                TIM_SelectOCxM
                0x08006ab0                TIM_UpdateDisableConfig
                0x08006aca                TIM_UpdateRequestConfig
                0x08006ae4                TIM_SelectHallSensor
                0x08006afe                TIM_SelectOnePulseMode
                0x08006b16                TIM_SelectOutputTrigger
                0x08006b2e                TIM_SelectSlaveMode
                0x08006b46                TIM_SelectMasterSlaveMode
                0x08006b5e                TIM_SetCounter
                0x08006b62                TIM_SetAutoreload
                0x08006b66                TIM_SetCompare1
                0x08006b6a                TIM_SetCompare2
                0x08006b6e                TIM_SetCompare3
                0x08006b72                TIM_SetCompare4
                0x08006b78                TIM_SetIC1Prescaler
                0x08006b90                TIM_SetIC2Prescaler
                0x08006ba8                TIM_PWMIConfig
                0x08006c14                TIM_SetIC3Prescaler
                0x08006c2c                TIM_SetIC4Prescaler
                0x08006c44                TIM_ICInit
                0x08006d08                TIM_SetClockDivision
                0x08006d1a                TIM_GetCapture1
                0x08006d20                TIM_GetCapture2
                0x08006d26                TIM_GetCapture3
                0x08006d2c                TIM_GetCapture4
                0x08006d34                TIM_GetCounter
                0x08006d3a                TIM_GetPrescaler
                0x08006d40                TIM_GetFlagStatus
                0x08006d4c                TIM_ClearFlag
                0x08006d52                TIM_GetITStatus
                0x08006d68                TIM_ClearITPendingBit
 .text          0x08006d70      0x374 lib/STM32F10x_StdPeriph_Driver/libstm32fw.a(stm32f10x_usart.o)
                0x08006d70                USART_DeInit
                0x08006e08                USART_Init
                0x08006e98                USART_StructInit
                0x08006eae                USART_ClockInit
                0x08006ed4                USART_ClockStructInit
                0x08006ee0                USART_Cmd
                0x08006efa                USART_ITConfig
                0x08006f30                USART_DMACmd
                0x08006f46                USART_SetAddress
                0x08006f5e                USART_WakeUpConfig
                0x08006f76                USART_ReceiverWakeUpCmd
                0x08006f90                USART_LINBreakDetectLengthConfig
                0x08006fa8                USART_LINCmd
                0x08006fc2                USART_SendData
                0x08006fca                USART_ReceiveData
                0x08006fd2                USART_SendBreak
                0x08006fde                USART_SetGuardTime
                0x08006ff0                USART_SetPrescaler
                0x08007004                USART_SmartCardCmd
                0x0800701e                USART_SmartCardNACKCmd
                0x08007038                USART_HalfDuplexCmd
                0x08007052                USART_IrDAConfig
                0x0800706a                USART_IrDACmd
                0x08007084                USART_GetFlagStatus
                0x08007090                USART_ClearFlag
                0x08007096                USART_GetITStatus
                0x080070d6                USART_ClearITPendingBit
 .text          0x080070e4      0xa54 lib/STM32_USB-FS-Device_Driver/libstm32usb.a(usb_core.o)
                0x080070e4                Standard_GetConfiguration
                0x0800710c                Standard_GetInterface
                0x08007134                Standard_GetStatus
                0x080072a8                Standard_SetConfiguration
                0x080072e4                Standard_SetInterface
                0x08007334                Standard_ClearFeature
                0x08007430                Standard_SetEndPointFeature
                0x080074e4                Standard_SetDeviceFeature
                0x08007508                Standard_GetDescriptorData
                0x08007524                Post0_Process
                0x0800756c                Out0_Process
                0x08007648                Setup0_Process
                0x08007a18                SetDeviceAddress
                0x08007ad4                In0_Process
                0x08007b34                NOP_Process
 .text          0x08007b38       0x38 lib/STM32_USB-FS-Device_Driver/libstm32usb.a(usb_init.o)
                0x08007b38                USB_Init
 .text          0x08007b70      0x25c lib/STM32_USB-FS-Device_Driver/libstm32usb.a(usb_int.o)
                0x08007b70                CTR_LP
                0x08007d38                CTR_HP
 .text          0x08007dcc       0xb8 lib/STM32_USB-FS-Device_Driver/libstm32usb.a(usb_mem.o)
                0x08007dcc                UserToPMABufferCopy
                0x08007e34                PMAToUserBufferCopy
 .text          0x08007e84      0x880 lib/STM32_USB-FS-Device_Driver/libstm32usb.a(usb_regs.o)
                0x08007e84                SetCNTR
                0x08007e90                GetCNTR
                0x08007e9c                SetISTR
                0x08007ea8                GetISTR
                0x08007eb4                GetFNR
                0x08007ec0                SetDADDR
                0x08007ecc                GetDADDR
                0x08007ed8                SetBTABLE
                0x08007eec                GetBTABLE
                0x08007ef8                SetENDPOINT
                0x08007f08                GetENDPOINT
                0x08007f18                SetEPType
                0x08007f34                GetEPType
                0x08007f48                SetEPTxStatus
                0x08007f88                SetEPRxStatus
                0x08007fc8                SetDouBleBuffEPStall
                0x08007ff0                GetEPTxStatus
                0x08008004                GetEPRxStatus
                0x08008018                SetEPTxValid
                0x0800803c                SetEPRxValid
                0x08008060                SetEP_KIND
                0x08008080                ClearEP_KIND
                0x080080a0                Clear_Status_Out
                0x080080c0                Set_Status_Out
                0x080080e0                SetEPDoubleBuff
                0x08008100                ClearEPDoubleBuff
                0x08008120                GetTxStallStatus
                0x08008140                GetRxStallStatus
                0x08008160                ClearEP_CTR_RX
                0x08008178                ClearEP_CTR_TX
                0x08008190                ToggleDTOG_RX
                0x080081b0                ToggleDTOG_TX
                0x080081d0                ClearDTOG_RX
                0x080081f8                ClearDTOG_TX
                0x08008220                SetEPAddress
                0x08008244                GetEPAddress
                0x08008258                SetEPTxAddr
                0x0800827c                SetEPRxAddr
                0x080082a4                GetEPTxAddr
                0x080082c4                GetEPRxAddr
                0x080082e4                SetEPTxCount
                0x08008304                SetEPCountRxReg
                0x08008330                SetEPRxCount
                0x08008378                GetEPTxCount
                0x0800839c                GetEPRxCount
                0x080083c0                SetEPDblBuffAddr
                0x08008408                SetEPDblBuf0Addr
                0x0800842c                SetEPDblBuf1Addr
                0x08008454                GetEPDblBuf0Addr
                0x08008474                GetEPDblBuf1Addr
                0x08008494                SetEPDblBuffCount
                0x08008540                SetEPDblBuf0Count
                0x080085a8                SetEPDblBuf1Count
                0x08008610                GetEPDblBuf0Count
                0x08008634                GetEPDblBuf1Count
                0x08008658                GetEPDblBufDir
                0x080086a0                FreeUserBuffer
                0x080086f0                ToWord
                0x080086f8                ByteSwap
 .text          0x08008704       0x6c lib/STM32_USB-FS-Device_Driver/libstm32usb.a(usb_sil.o)
                0x08008704                USB_SIL_Init
                0x08008724                USB_SIL_Write
                0x0800874c                USB_SIL_Read
 .text          0x08008770       0xac /home/laurence/CodeSourcery/Sourcery_G++_Lite/bin/../lib/gcc/arm-none-eabi/4.5.2/../../../../arm-none-eabi/lib/thumb2/libm.a(lib_a-w_sqrt.o)
                0x08008770                sqrt
 .text          0x0800881c      0x1c0 /home/laurence/CodeSourcery/Sourcery_G++_Lite/bin/../lib/gcc/arm-none-eabi/4.5.2/../../../../arm-none-eabi/lib/thumb2/libm.a(lib_a-e_sqrt.o)
                0x0800881c                __ieee754_sqrt
 .text          0x080089dc       0x90 /home/laurence/CodeSourcery/Sourcery_G++_Lite/bin/../lib/gcc/arm-none-eabi/4.5.2/../../../../arm-none-eabi/lib/thumb2/libm.a(lib_a-s_fpclassify.o)
                0x080089dc                __fpclassifyd
 .text          0x08008a6c        0x4 /home/laurence/CodeSourcery/Sourcery_G++_Lite/bin/../lib/gcc/arm-none-eabi/4.5.2/../../../../arm-none-eabi/lib/thumb2/libm.a(lib_a-s_matherr.o)
                0x08008a6c                matherr
 .text          0x08008a70      0x370 /home/laurence/CodeSourcery/Sourcery_G++_Lite/bin/../lib/gcc/arm-none-eabi/4.5.2/thumb2/libgcc.a(_arm_addsubdf3.o)
                0x08008a70                __aeabi_drsub
                0x08008a78                __aeabi_dsub
                0x08008a78                __subdf3
                0x08008a7c                __adddf3
                0x08008a7c                __aeabi_dadd
                0x08008cf4                __aeabi_ui2d
                0x08008cf4                __floatunsidf
                0x08008d14                __floatsidf
                0x08008d14                __aeabi_i2d
                0x08008d38                __extendsfdf2
                0x08008d38                __aeabi_f2d
                0x08008d74                __aeabi_ul2d
                0x08008d74                __floatundidf
                0x08008d84                __floatdidf
                0x08008d84                __aeabi_l2d
 .text          0x08008de0      0x424 /home/laurence/CodeSourcery/Sourcery_G++_Lite/bin/../lib/gcc/arm-none-eabi/4.5.2/thumb2/libgcc.a(_arm_muldivdf3.o)
                0x08008de0                __aeabi_dmul
                0x08008de0                __muldf3
                0x08009034                __aeabi_ddiv
                0x08009034                __divdf3
 .text          0x08009204      0x110 /home/laurence/CodeSourcery/Sourcery_G++_Lite/bin/../lib/gcc/arm-none-eabi/4.5.2/thumb2/libgcc.a(_arm_cmpdf2.o)
                0x08009204                __gtdf2
                0x08009204                __gedf2
                0x0800920c                __ltdf2
                0x0800920c                __ledf2
                0x08009214                __cmpdf2
                0x08009214                __eqdf2
                0x08009214                __nedf2
                0x08009290                __aeabi_cdrcmple
                0x080092a0                __aeabi_cdcmple
                0x080092a0                __aeabi_cdcmpeq
                0x080092b0                __aeabi_dcmpeq
                0x080092c4                __aeabi_dcmplt
                0x080092d8                __aeabi_dcmple
                0x080092ec                __aeabi_dcmpge
                0x08009300                __aeabi_dcmpgt
 .text          0x08009314       0x40 /home/laurence/CodeSourcery/Sourcery_G++_Lite/bin/../lib/gcc/arm-none-eabi/4.5.2/thumb2/libgcc.a(_arm_fixunsdfsi.o)
                0x08009314                __fixunsdfsi
                0x08009314                __aeabi_d2uiz
 .text          0x08009354       0xa0 /home/laurence/CodeSourcery/Sourcery_G++_Lite/bin/../lib/gcc/arm-none-eabi/4.5.2/thumb2/libgcc.a(_arm_truncdfsf2.o)
                0x08009354                __aeabi_d2f
                0x08009354                __truncdfsf2
 .text          0x080093f4      0x21c /home/laurence/CodeSourcery/Sourcery_G++_Lite/bin/../lib/gcc/arm-none-eabi/4.5.2/thumb2/libgcc.a(_arm_addsubsf3.o)
                0x080093f4                __aeabi_frsub
                0x080093fc                __subsf3
                0x080093fc                __aeabi_fsub
                0x08009400                __aeabi_fadd
                0x08009400                __addsf3
                0x08009560                __aeabi_ui2f
                0x08009560                __floatunsisf
                0x08009568                __aeabi_i2f
                0x08009568                __floatsisf
                0x08009584                __floatundisf
                0x08009584                __aeabi_ul2f
                0x08009594                __floatdisf
                0x08009594                __aeabi_l2f
 .text          0x08009610      0x2a0 /home/laurence/CodeSourcery/Sourcery_G++_Lite/bin/../lib/gcc/arm-none-eabi/4.5.2/thumb2/libgcc.a(_arm_muldivsf3.o)
                0x08009610                __mulsf3
                0x08009610                __aeabi_fmul
                0x08009778                __divsf3
                0x08009778                __aeabi_fdiv
 .text          0x080098b0       0xec /home/laurence/CodeSourcery/Sourcery_G++_Lite/bin/../lib/gcc/arm-none-eabi/4.5.2/thumb2/libgcc.a(_arm_cmpsf2.o)
                0x080098b0                __gtsf2
                0x080098b0                __gesf2
                0x080098b8                __lesf2
                0x080098b8                __ltsf2
                0x080098c0                __nesf2
                0x080098c0                __eqsf2
                0x080098c0                __cmpsf2
                0x08009920                __aeabi_cfrcmple
                0x08009928                __aeabi_cfcmple
                0x08009928                __aeabi_cfcmpeq
                0x08009938                __aeabi_fcmpeq
                0x0800994c                __aeabi_fcmplt
                0x08009960                __aeabi_fcmple
                0x08009974                __aeabi_fcmpge
                0x08009988                __aeabi_fcmpgt
 .text          0x0800999c       0x40 /home/laurence/CodeSourcery/Sourcery_G++_Lite/bin/../lib/gcc/arm-none-eabi/4.5.2/thumb2/libgcc.a(_arm_fixunssfsi.o)
                0x0800999c                __aeabi_f2uiz
                0x0800999c                __fixunssfsi
 .text          0x080099dc        0xc /home/laurence/CodeSourcery/Sourcery_G++_Lite/bin/../lib/gcc/arm-none-eabi/4.5.2/../../../../arm-none-eabi/lib/thumb2/libc.a(lib_a-errno.o)
                0x080099dc                __errno
 .text          0x080099e8       0x20 /home/laurence/CodeSourcery/Sourcery_G++_Lite/bin/../lib/gcc/arm-none-eabi/4.5.2/../../../../arm-none-eabi/lib/thumb2/libc.a(lib_a-malloc.o)
                0x080099e8                malloc
                0x080099f8                free
 .text          0x08009a08      0x57c /home/laurence/CodeSourcery/Sourcery_G++_Lite/bin/../lib/gcc/arm-none-eabi/4.5.2/../../../../arm-none-eabi/lib/thumb2/libc.a(lib_a-mallocr.o)
                0x08009a08                _malloc_r
 .text          0x08009f84        0x8 /home/laurence/CodeSourcery/Sourcery_G++_Lite/bin/../lib/gcc/arm-none-eabi/4.5.2/../../../../arm-none-eabi/lib/thumb2/libc.a(lib_a-mlock.o)
                0x08009f84                __malloc_lock
                0x08009f88                __malloc_unlock
 .text          0x08009f8c       0x28 /home/laurence/CodeSourcery/Sourcery_G++_Lite/bin/../lib/gcc/arm-none-eabi/4.5.2/../../../../arm-none-eabi/lib/thumb2/libc.a(lib_a-sbrkr.o)
                0x08009f8c                _sbrk_r
 .text          0x08009fb4       0x60 /home/laurence/CodeSourcery/Sourcery_G++_Lite/bin/../lib/gcc/arm-none-eabi/4.5.2/../../../../arm-none-eabi/lib/thumb2/libc.a(lib_a-strlen.o)
                0x08009fb4                strlen
 .text          0x0800a014      0x240 /home/laurence/CodeSourcery/Sourcery_G++_Lite/bin/../lib/gcc/arm-none-eabi/4.5.2/../../../../arm-none-eabi/lib/thumb2/libc.a(lib_a-freer.o)
                0x0800a014                _malloc_trim_r
                0x0800a0bc                _free_r
 .text          0x0800a254       0x30 /home/laurence/CodeSourcery/Sourcery_G++_Lite/bin/../lib/gcc/arm-none-eabi/4.5.2/../../../../arm-none-eabi/lib/thumb2/libcs3.a(start_c.o)
                0x0800a254                __cs3_premain
 .text.cs3.init
                0x0800a284       0x50 /home/laurence/CodeSourcery/Sourcery_G++_Lite/bin/../lib/gcc/arm-none-eabi/4.5.2/../../../../arm-none-eabi/lib/thumb2/libcs3.a(start_c.o)
                0x0800a284                __cs3_start_c
 .text          0x0800a2d4       0x40 /home/laurence/CodeSourcery/Sourcery_G++_Lite/bin/../lib/gcc/arm-none-eabi/4.5.2/../../../../arm-none-eabi/lib/thumb2/libcs3unhosted.a(unhosted-sbrk.o)
                0x0800a2d4                _sbrk
 .text.cs3.init
                0x0800a314       0x10 /home/laurence/CodeSourcery/Sourcery_G++_Lite/bin/../lib/gcc/arm-none-eabi/4.5.2/../../../../arm-none-eabi/lib/thumb2/libcs3unhosted.a(unhosted-start.o)
                0x0800a314                _start
 .text          0x0800a324        0x2 lib/libcs3-lanchon-stm32.a(lanchon_stm32_isr_interrupt.o)
                0x0800a324                MemManageException
                0x0800a324                BusFaultException
                0x0800a324                DMAChannel7_IRQHandler
                0x0800a324                DebugMonitor
                0x0800a324                SVCHandler
                0x0800a324                HardFaultException
                0x0800a324                __STM32ReservedException8
                0x0800a324                __STM32DefaultExceptionHandler
                0x0800a324                CAN_SCE_IRQHandler
                0x0800a324                __STM32ReservedException10
                0x0800a324                __STM32ReservedException13
                0x0800a324                NMIException
                0x0800a324                DMAChannel4_IRQHandler
                0x0800a324                PendSVC
                0x0800a324                CAN_RX1_IRQHandler
                0x0800a324                ADC_IRQHandler
                0x0800a324                DMAChannel5_IRQHandler
                0x0800a324                DMAChannel2_IRQHandler
                0x0800a324                __STM32ReservedException7
                0x0800a324                UsageFaultException
                0x0800a324                DMAChannel6_IRQHandler
                0x0800a324                DMAChannel3_IRQHandler
                0x0800a324                __STM32ReservedException9
 *fill*         0x0800a326        0x2 00
 .text          0x0800a328       0x50 /home/laurence/CodeSourcery/Sourcery_G++_Lite/bin/../lib/gcc/arm-none-eabi/4.5.2/../../../../arm-none-eabi/lib/thumb2/libc.a(lib_a-init.o)
                0x0800a328                __libc_init_array
 *(.plt)
 *(.gnu.warning)
 *(.glue_7t)
 .glue_7t       0x00000000        0x0 linker stubs
 *(.glue_7)
 .glue_7        0x00000000        0x0 linker stubs
 *(.vfp11_veneer)
 .vfp11_veneer  0x00000000        0x0 linker stubs
 *(.rodata .rodata.* .gnu.linkonce.r.*)
 .rodata        0x0800a378       0x92 Util/USB/usb_desc.o
                0x0800a378                MASS_DeviceDescriptor
                0x0800a38a                MASS_ConfigDescriptor
                0x0800a3aa                MASS_StringLangID
                0x0800a3ae                MASS_StringVendor
                0x0800a3d4                MASS_StringProduct
                0x0800a3fa                MASS_StringInterface
 .rodata        0x0800a40a     0x7738 Util/fat_fs/option/cc932.o
 .rodata        0x08011b42        0xd Util/fat_fs/src/ff.o
 .rodata.str1.1
                0x08011b4f       0x10 Util/fat_fs/src/ff.o
 .rodata        0x08011b5f        0xc Util/fat_fs/src/rtc.o
 .rodata        0x08011b6b       0x11 Util/rprintf.o
 .rodata.str1.1
                0x08011b7c        0x6 Util/rprintf.o
 .rodata.str1.1
                0x08011b82       0xaf main.o
 *fill*         0x08011c31        0x3 00
 .rodata.str1.4
                0x08011c34        0x5 /home/laurence/CodeSourcery/Sourcery_G++_Lite/bin/../lib/gcc/arm-none-eabi/4.5.2/../../../../arm-none-eabi/lib/thumb2/libm.a(lib_a-w_sqrt.o)
                                  0x8 (size before relaxing)
 *fill*         0x08011c39        0x3 00
 .rodata.str1.4
                0x08011c3c        0x4 /home/laurence/CodeSourcery/Sourcery_G++_Lite/bin/../lib/gcc/arm-none-eabi/4.5.2/../../../../arm-none-eabi/lib/thumb2/libc.a(lib_a-impure.o)
 *(.ARM.extab* .gnu.linkonce.armextab.*)
 *(.gcc_except_table)
 *(.eh_frame_hdr)
 *(.eh_frame)
                0x08011c40                . = ALIGN (0x4)
 *(.init)
 .init          0x08011c40        0x4 /home/laurence/CodeSourcery/Sourcery_G++_Lite/bin/../lib/gcc/arm-none-eabi/4.5.2/thumb2/crti.o
                0x08011c40                _init
 .init          0x08011c44        0x8 /home/laurence/CodeSourcery/Sourcery_G++_Lite/bin/../lib/gcc/arm-none-eabi/4.5.2/thumb2/crtn.o
                0x08011c4c                . = ALIGN (0x4)
                0x08011c4c                __preinit_array_start = .
 *(.preinit_array)
                0x08011c4c                __preinit_array_end = .
                0x08011c4c                . = ALIGN (0x4)
                0x08011c4c                __init_array_start = .
 *(SORT(.init_array.*))
 *(.init_array)
 .init_array    0x08011c4c        0x4 /home/laurence/CodeSourcery/Sourcery_G++_Lite/bin/../lib/gcc/arm-none-eabi/4.5.2/thumb2/crtbegin.o
                0x08011c50                __init_array_end = .
                0x08011c50                . = ALIGN (0x4)
 *crtbegin.o(.ctors)
 *(EXCLUDE_FILE(*crtend.o) .ctors)
 *(SORT(.ctors.*))
 *crtend.o(.ctors)
                0x08011c50                . = ALIGN (0x4)
 *(.fini)
 .fini          0x08011c50        0x4 /home/laurence/CodeSourcery/Sourcery_G++_Lite/bin/../lib/gcc/arm-none-eabi/4.5.2/thumb2/crti.o
                0x08011c50                _fini
 .fini          0x08011c54        0x8 /home/laurence/CodeSourcery/Sourcery_G++_Lite/bin/../lib/gcc/arm-none-eabi/4.5.2/thumb2/crtn.o
                0x08011c5c                . = ALIGN (0x4)
                0x08011c5c                __fini_array_start = .
 *(.fini_array)
 .fini_array    0x08011c5c        0x4 /home/laurence/CodeSourcery/Sourcery_G++_Lite/bin/../lib/gcc/arm-none-eabi/4.5.2/thumb2/crtbegin.o
 *(SORT(.fini_array.*))
                0x08011c60                __fini_array_end = .
 *crtbegin.o(.dtors)
 *(EXCLUDE_FILE(*crtend.o) .dtors)
 *(SORT(.dtors.*))
 *crtend.o(.dtors)
                0x08011c60                . = ALIGN (0x4)
                0x08011c60                __cs3_regions = .
                0x08011c60        0x4 LONG 0x0
                0x08011c64        0x4 LONG 0x8011c78 __cs3_region_init_ram
                0x08011c68        0x4 LONG 0x20000000 __cs3_region_start_ram
                0x08011c6c        0x4 LONG 0x680 __cs3_region_init_size_ram
                0x08011c70        0x4 LONG 0x7a0 __cs3_region_zero_size_ram
                0x08011c74                __exidx_start = .

.v4_bx          0x08011c74        0x0
 .v4_bx         0x00000000        0x0 linker stubs

.ARM.exidx
 *(.ARM.exidx* .gnu.linkonce.armexidx.*)
                0x08011c74                __exidx_end = .

.text.align     0x08011c74        0x4
                0x08011c78                . = ALIGN (0x8)
 *fill*         0x08011c74        0x4 00
                0x08011c78                _etext = .
                0x08020000                __cs3_region_end_rom = (__cs3_region_start_rom + 0x20000)
                0x00020000                __cs3_region_size_rom = 0x20000
                0x00000001                __cs3_region_num = 0x1

.data           0x20000000      0x680 load address 0x08011c78
                0x20000000                __cs3_region_start_ram = .
 *(.cs3.region-head.ram)
 *(.jcr)
 .jcr           0x20000000        0x0 /home/laurence/CodeSourcery/Sourcery_G++_Lite/bin/../lib/gcc/arm-none-eabi/4.5.2/thumb2/crtbegin.o
 .jcr           0x20000000        0x4 /home/laurence/CodeSourcery/Sourcery_G++_Lite/bin/../lib/gcc/arm-none-eabi/4.5.2/thumb2/crtend.o
 *(.got.plt)
 *(.got)
 *(.shdata)
 *(.data .data.* .gnu.linkonce.d.*)
 .data          0x20000004       0x72 Util/USB/scsi_data.o
                0x20000004                Standard_Inquiry_Data
                0x20000028                Standard_Inquiry_Data2
                0x2000004c                Mode_Sense6_data
                0x20000050                Mode_Sense10_data
                0x20000058                Scsi_Sense_Data
                0x2000006a                ReadFormatCapacity_Data
 .data          0x20000076       0x1a Util/USB/usb_desc.o
                0x20000076                MASS_StringSerial
 .data          0x20000090       0x38 Util/USB/usb_istr.o
                0x20000090                pEpInt_IN
                0x200000ac                pEpInt_OUT
 .data          0x200000c8       0x90 Util/USB/usb_prop.o
                0x200000c8                String_Descriptor
                0x200000f0                Config_Descriptor
                0x200000f8                Device_Descriptor
                0x20000100                Device_Property
                0x20000130                Device_Table
                0x20000134                User_Standard_Requests
 .data          0x20000158        0x1 Util/USB/usb_pwr.o
                0x20000158                fSuspendEnabled
 .data          0x20000159        0x1 Util/fat_fs/src/sd_spi_stm32.o
 .data          0x2000015a       0x14 lib/STM32F10x_StdPeriph_Driver/libstm32fw.a(stm32f10x_rcc.o)
 .data          0x2000016e        0x1 /home/laurence/CodeSourcery/Sourcery_G++_Lite/bin/../lib/gcc/arm-none-eabi/4.5.2/../../../../arm-none-eabi/lib/thumb2/libm.a(lib_a-s_lib_ver.o)
                0x2000016e                __fdlib_version
 *fill*         0x2000016f        0x1 00
 .data          0x20000170       0xf4 /home/laurence/CodeSourcery/Sourcery_G++_Lite/bin/../lib/gcc/arm-none-eabi/4.5.2/../../../../arm-none-eabi/lib/thumb2/libc.a(lib_a-impure.o)
                0x20000170                _impure_ptr
 .data          0x20000264      0x410 /home/laurence/CodeSourcery/Sourcery_G++_Lite/bin/../lib/gcc/arm-none-eabi/4.5.2/../../../../arm-none-eabi/lib/thumb2/libc.a(lib_a-mallocr.o)
                0x20000264                __malloc_av_
                0x2000066c                __malloc_sbrk_base
                0x20000670                __malloc_trim_threshold
 .data          0x20000674        0x4 /home/laurence/CodeSourcery/Sourcery_G++_Lite/bin/../lib/gcc/arm-none-eabi/4.5.2/../../../../arm-none-eabi/lib/thumb2/libcs3unhosted.a(unhosted-sbrk.o)
 .data          0x20000678        0x4 /home/laurence/CodeSourcery/Sourcery_G++_Lite/bin/../lib/gcc/arm-none-eabi/4.5.2/../../../../arm-none-eabi/lib/thumb2/libcs3.a(heap.o)
                0x20000678                __cs3_heap_limit
 *(.ram)
                0x20000680                . = ALIGN (0x8)
 *fill*         0x2000067c        0x4 00
                0x20000680                _edata = .

.bss            0x20000680      0x7a0 load address 0x080122f8
 *(.shbss)
 *(.bss .bss.* .gnu.linkonce.b.*)
 .bss           0x20000680        0x1 /home/laurence/CodeSourcery/Sourcery_G++_Lite/bin/../lib/gcc/arm-none-eabi/4.5.2/thumb2/crtbegin.o
 *fill*         0x20000681        0x3 00
 .bss           0x20000684        0xc Sensors/ppg.o
 .bss           0x20000690        0x4 Sensors/pressure.o
 .bss           0x20000694       0x20 Util/USB/mass_mal.o
                0x20000694                Status
                0x20000698                Data_Buffer
                0x2000069c                Mass_Block_Count
                0x200006a4                Mass_Block_Size
                0x200006ac                Mass_Memory_Size
 .bss           0x200006b4       0x24 Util/USB/memory.o
                0x200006b4                TransferState
                0x200006c0                Block_Read_count
                0x200006c4                Block_offset
                0x200006c8                Counter
                0x200006d4                Idx
 .bss           0x200006d8        0xd Util/USB/scsi_data.o
                0x200006d8                Page00_Inquiry_Data
                0x200006dd                ReadCapacity10_Data
 *fill*         0x200006e5        0x3 00
 .bss           0x200006e8       0x80 Util/USB/usb_bot.o
                0x200006e8                Bot_State
                0x200006ec                CSW
                0x200006fc                CBW
                0x2000071c                SCSI_LBA
                0x20000720                SCSI_BlkLen
                0x20000724                Data_Len
                0x20000726                Bulk_Data_Buff
 .bss           0x20000768        0x4 Util/USB/usb_istr.o
                0x20000768                wIstr
                0x2000076a                bIntPackSOF
 .bss           0x2000076c        0x4 Util/USB/usb_prop.o
                0x2000076c                Max_Lun
 .bss           0x20000770        0x8 Util/USB/usb_pwr.o
                0x20000770                ResumeS
                0x20000774                bDeviceState
 .bss           0x20000778        0x8 Util/fat_fs/src/ff.o
 .bss           0x20000780       0x10 Util/fat_fs/src/sd_spi_stm32.o
 .bss           0x20000790       0x84 Util/rprintf.o
 .bss           0x20000814        0x4 adc.o
                0x20000814                ADC1_Convertion_buff
 .bss           0x20000818        0x1 gpio.o
                0x20000818                bootsource
 *fill*         0x20000819        0x3 00
 .bss           0x2000081c      0x588 main.o
                0x2000081c                print_string
                0x2000091c                FATFS_logfile
                0x20000b40                a
                0x20000b44                Buff
                0x20000d7c                f_err_code
                0x20000d80                FATFS_info
                0x20000da0                file_opened
 .bss           0x20000da4        0x1 lib/STM32_USB-FS-Device_Driver/libstm32usb.a(usb_core.o)
                0x20000da4                Data_Mul_MaxPacketSize
 *fill*         0x20000da5        0x3 00
 .bss           0x20000da8       0x34 /home/laurence/CodeSourcery/Sourcery_G++_Lite/bin/../lib/gcc/arm-none-eabi/4.5.2/../../../../arm-none-eabi/lib/thumb2/libc.a(lib_a-mallocr.o)
                0x20000da8                __malloc_top_pad
                0x20000dac                __malloc_current_mallinfo
                0x20000dd4                __malloc_max_sbrked_mem
                0x20000dd8                __malloc_max_total_mem
 *(COMMON)
 COMMON         0x20000ddc        0x2 lib/STM32_USB-FS-Device_Driver/libstm32usb.a(usb_core.o)
                0x20000ddc                StatusInfo
 *fill*         0x20000dde        0x2 00
 COMMON         0x20000de0       0x32 lib/STM32_USB-FS-Device_Driver/libstm32usb.a(usb_init.o)
                0x20000de0                SaveState
                0x20000de4                pProperty
                0x20000de8                EPindex
                0x20000dec                Device_Info
                0x20000e08                pUser_Standard_Requests
                0x20000e0c                pInformation
                0x20000e10                wInterrupt_Mask
 COMMON         0x20000e12        0x4 lib/STM32_USB-FS-Device_Driver/libstm32usb.a(usb_int.o)
                0x20000e12                SaveRState
                0x20000e14                SaveTState
 *fill*         0x20000e16        0x2 00
 COMMON         0x20000e18        0x4 /home/laurence/CodeSourcery/Sourcery_G++_Lite/bin/../lib/gcc/arm-none-eabi/4.5.2/../../../../arm-none-eabi/lib/thumb2/libc.a(lib_a-reent.o)
                0x20000e18                errno
 *(.ram.b)
                0x20000e20                . = ALIGN (0x8)
 *fill*         0x20000e1c        0x4 00
                0x20000e20                _end = .
                0x20000e20                __end = .
                0x20005000                __cs3_region_end_ram = (__cs3_region_start_ram + 0x5000)
                0x00005000                __cs3_region_size_ram = 0x5000
                0x08011c78                __cs3_region_init_ram = LOADADDR (.data)
                0x00000680                __cs3_region_init_size_ram = (_edata - ADDR (.data))
                0x000007a0                __cs3_region_zero_size_ram = (_end - _edata)
                0x00000001                __cs3_region_num = 0x1

.stab
 *(.stab)

.stabstr
 *(.stabstr)

.debug
 *(.debug)

.line
 *(.line)

.debug_srcinfo
 *(.debug_srcinfo)

.debug_sfnames
 *(.debug_sfnames)

.debug_aranges
 *(.debug_aranges)

.debug_pubnames
 *(.debug_pubnames)

.debug_info
 *(.debug_info .gnu.linkonce.wi.*)

.debug_abbrev
 *(.debug_abbrev)

.debug_line
 *(.debug_line)

.comment        0x00000000       0x2a
 .comment       0x00000000       0x2a Sensors/ppg.o
                                 0x2b (size before relaxing)
 .comment       0x00000000       0x2b Sensors/pressure.o
 .comment       0x00000000       0x2b Util/USB/hw_config.o
 .comment       0x00000000       0x2b Util/USB/mass_mal.o
 .comment       0x00000000       0x2b Util/USB/memory.o
 .comment       0x00000000       0x2b Util/USB/scsi_data.o
 .comment       0x00000000       0x2b Util/USB/usb_bot.o
 .comment       0x00000000       0x2b Util/USB/usb_desc.o
 .comment       0x00000000       0x2b Util/USB/usb_endp.o
 .comment       0x00000000       0x2b Util/USB/usb_istr.o
 .comment       0x00000000       0x2b Util/USB/usb_prop.o
 .comment       0x00000000       0x2b Util/USB/usb_pwr.o
 .comment       0x00000000       0x2b Util/USB/usb_scsi.o
 .comment       0x00000000       0x2b Util/buffer.o
 .comment       0x00000000       0x2b Util/fat_fs/option/cc932.o
 .comment       0x00000000       0x2b Util/fat_fs/option/syscall.o
 .comment       0x00000000       0x2b Util/fat_fs/src/fattime.o
 .comment       0x00000000       0x2b Util/fat_fs/src/ff.o
 .comment       0x00000000       0x2b Util/fat_fs/src/rtc.o
 .comment       0x00000000       0x2b Util/fat_fs/src/sd_spi_stm32.o
 .comment       0x00000000       0x2b Util/rprintf.o
 .comment       0x00000000       0x2b Util/stm32_eval_spi_sd.o
 .comment       0x00000000       0x2b adc.o
 .comment       0x00000000       0x2b gpio.o
 .comment       0x00000000       0x2b interrupts.o
 .comment       0x00000000       0x2b lib/CMSIS_CM3/core_cm3.o
 .comment       0x00000000       0x2b lib/CMSIS_CM3/system_stm32f10x.o
 .comment       0x00000000       0x2b main.o
 .comment       0x00000000       0x2b pwr.o
 .comment       0x00000000       0x2b timer.o
 .comment       0x00000000       0x2b usart.o
 .comment       0x00000000       0x2b lib/STM32F10x_StdPeriph_Driver/libstm32fw.a(misc.o)
 .comment       0x00000000       0x2b lib/STM32F10x_StdPeriph_Driver/libstm32fw.a(stm32f10x_adc.o)
 .comment       0x00000000       0x2b lib/STM32F10x_StdPeriph_Driver/libstm32fw.a(stm32f10x_bkp.o)
 .comment       0x00000000       0x2b lib/STM32F10x_StdPeriph_Driver/libstm32fw.a(stm32f10x_dma.o)
 .comment       0x00000000       0x2b lib/STM32F10x_StdPeriph_Driver/libstm32fw.a(stm32f10x_exti.o)
 .comment       0x00000000       0x2b lib/STM32F10x_StdPeriph_Driver/libstm32fw.a(stm32f10x_gpio.o)
 .comment       0x00000000       0x2b lib/STM32F10x_StdPeriph_Driver/libstm32fw.a(stm32f10x_pwr.o)
 .comment       0x00000000       0x2b lib/STM32F10x_StdPeriph_Driver/libstm32fw.a(stm32f10x_rcc.o)
 .comment       0x00000000       0x2b lib/STM32F10x_StdPeriph_Driver/libstm32fw.a(stm32f10x_rtc.o)
 .comment       0x00000000       0x2b lib/STM32F10x_StdPeriph_Driver/libstm32fw.a(stm32f10x_spi.o)
 .comment       0x00000000       0x2b lib/STM32F10x_StdPeriph_Driver/libstm32fw.a(stm32f10x_tim.o)
 .comment       0x00000000       0x2b lib/STM32F10x_StdPeriph_Driver/libstm32fw.a(stm32f10x_usart.o)
 .comment       0x00000000       0x2b lib/STM32_USB-FS-Device_Driver/libstm32usb.a(usb_core.o)
 .comment       0x00000000       0x2b lib/STM32_USB-FS-Device_Driver/libstm32usb.a(usb_init.o)
 .comment       0x00000000       0x2b lib/STM32_USB-FS-Device_Driver/libstm32usb.a(usb_int.o)
 .comment       0x00000000       0x2b lib/STM32_USB-FS-Device_Driver/libstm32usb.a(usb_mem.o)
 .comment       0x00000000       0x2b lib/STM32_USB-FS-Device_Driver/libstm32usb.a(usb_regs.o)
 .comment       0x00000000       0x2b lib/STM32_USB-FS-Device_Driver/libstm32usb.a(usb_sil.o)

.debug_frame    0x00000000      0x308
 *(.debug_frame)
 .debug_frame   0x00000000       0x38 /home/laurence/CodeSourcery/Sourcery_G++_Lite/bin/../lib/gcc/arm-none-eabi/4.5.2/../../../../arm-none-eabi/lib/thumb2/libm.a(lib_a-w_sqrt.o)
 .debug_frame   0x00000038       0x34 /home/laurence/CodeSourcery/Sourcery_G++_Lite/bin/../lib/gcc/arm-none-eabi/4.5.2/../../../../arm-none-eabi/lib/thumb2/libm.a(lib_a-e_sqrt.o)
 .debug_frame   0x0000006c       0x28 /home/laurence/CodeSourcery/Sourcery_G++_Lite/bin/../lib/gcc/arm-none-eabi/4.5.2/../../../../arm-none-eabi/lib/thumb2/libm.a(lib_a-s_fpclassify.o)
 .debug_frame   0x00000094       0x20 /home/laurence/CodeSourcery/Sourcery_G++_Lite/bin/../lib/gcc/arm-none-eabi/4.5.2/../../../../arm-none-eabi/lib/thumb2/libm.a(lib_a-s_matherr.o)
 .debug_frame   0x000000b4       0x20 /home/laurence/CodeSourcery/Sourcery_G++_Lite/bin/../lib/gcc/arm-none-eabi/4.5.2/../../../../arm-none-eabi/lib/thumb2/libc.a(lib_a-errno.o)
 .debug_frame   0x000000d4       0x30 /home/laurence/CodeSourcery/Sourcery_G++_Lite/bin/../lib/gcc/arm-none-eabi/4.5.2/../../../../arm-none-eabi/lib/thumb2/libc.a(lib_a-malloc.o)
 .debug_frame   0x00000104       0x3c /home/laurence/CodeSourcery/Sourcery_G++_Lite/bin/../lib/gcc/arm-none-eabi/4.5.2/../../../../arm-none-eabi/lib/thumb2/libc.a(lib_a-mallocr.o)
 .debug_frame   0x00000140       0x30 /home/laurence/CodeSourcery/Sourcery_G++_Lite/bin/../lib/gcc/arm-none-eabi/4.5.2/../../../../arm-none-eabi/lib/thumb2/libc.a(lib_a-mlock.o)
 .debug_frame   0x00000170       0x2c /home/laurence/CodeSourcery/Sourcery_G++_Lite/bin/../lib/gcc/arm-none-eabi/4.5.2/../../../../arm-none-eabi/lib/thumb2/libc.a(lib_a-sbrkr.o)
 .debug_frame   0x0000019c       0x20 /home/laurence/CodeSourcery/Sourcery_G++_Lite/bin/../lib/gcc/arm-none-eabi/4.5.2/../../../../arm-none-eabi/lib/thumb2/libc.a(lib_a-strlen.o)
 .debug_frame   0x000001bc       0x50 /home/laurence/CodeSourcery/Sourcery_G++_Lite/bin/../lib/gcc/arm-none-eabi/4.5.2/../../../../arm-none-eabi/lib/thumb2/libc.a(lib_a-freer.o)
 .debug_frame   0x0000020c       0x68 /home/laurence/CodeSourcery/Sourcery_G++_Lite/bin/../lib/gcc/arm-none-eabi/4.5.2/../../../../arm-none-eabi/lib/thumb2/libc.a(lib_a-reent.o)
 .debug_frame   0x00000274       0x40 /home/laurence/CodeSourcery/Sourcery_G++_Lite/bin/../lib/gcc/arm-none-eabi/4.5.2/../../../../arm-none-eabi/lib/thumb2/libcs3.a(start_c.o)
 .debug_frame   0x000002b4       0x28 /home/laurence/CodeSourcery/Sourcery_G++_Lite/bin/../lib/gcc/arm-none-eabi/4.5.2/../../../../arm-none-eabi/lib/thumb2/libcs3unhosted.a(unhosted-sbrk.o)
 .debug_frame   0x000002dc       0x2c /home/laurence/CodeSourcery/Sourcery_G++_Lite/bin/../lib/gcc/arm-none-eabi/4.5.2/../../../../arm-none-eabi/lib/thumb2/libc.a(lib_a-init.o)

.debug_str
 *(.debug_str)

.debug_loc
 *(.debug_loc)

.debug_macinfo
 *(.debug_macinfo)

.debug_weaknames
 *(.debug_weaknames)

.debug_funcnames
 *(.debug_funcnames)

.debug_typenames
 *(.debug_typenames)

.debug_varnames
 *(.debug_varnames)

.note.gnu.arm.ident
 *(.note.gnu.arm.ident)

.ARM.attributes
                0x00000000       0x25
 *(.ARM.attributes)
 .ARM.attributes
                0x00000000       0x19 /home/laurence/CodeSourcery/Sourcery_G++_Lite/bin/../lib/gcc/arm-none-eabi/4.5.2/thumb2/crti.o
 .ARM.attributes
                0x00000019       0x29 /home/laurence/CodeSourcery/Sourcery_G++_Lite/bin/../lib/gcc/arm-none-eabi/4.5.2/thumb2/crtbegin.o
 .ARM.attributes
                0x00000042       0x31 Sensors/ppg.o
 .ARM.attributes
                0x00000073       0x31 Sensors/pressure.o
 .ARM.attributes
                0x000000a4       0x31 Util/USB/hw_config.o
 .ARM.attributes
                0x000000d5       0x31 Util/USB/mass_mal.o
 .ARM.attributes
                0x00000106       0x31 Util/USB/memory.o
 .ARM.attributes
                0x00000137       0x31 Util/USB/scsi_data.o
 .ARM.attributes
                0x00000168       0x31 Util/USB/usb_bot.o
 .ARM.attributes
                0x00000199       0x31 Util/USB/usb_desc.o
 .ARM.attributes
                0x000001ca       0x31 Util/USB/usb_endp.o
 .ARM.attributes
                0x000001fb       0x31 Util/USB/usb_istr.o
 .ARM.attributes
                0x0000022c       0x31 Util/USB/usb_prop.o
 .ARM.attributes
                0x0000025d       0x31 Util/USB/usb_pwr.o
 .ARM.attributes
                0x0000028e       0x31 Util/USB/usb_scsi.o
 .ARM.attributes
                0x000002bf       0x31 Util/buffer.o
 .ARM.attributes
                0x000002f0       0x31 Util/fat_fs/option/cc932.o
 .ARM.attributes
                0x00000321       0x31 Util/fat_fs/option/syscall.o
 .ARM.attributes
                0x00000352       0x31 Util/fat_fs/src/fattime.o
 .ARM.attributes
                0x00000383       0x31 Util/fat_fs/src/ff.o
 .ARM.attributes
                0x000003b4       0x31 Util/fat_fs/src/rtc.o
 .ARM.attributes
                0x000003e5       0x31 Util/fat_fs/src/sd_spi_stm32.o
 .ARM.attributes
                0x00000416       0x31 Util/rprintf.o
 .ARM.attributes
                0x00000447       0x31 Util/stm32_eval_spi_sd.o
 .ARM.attributes
                0x00000478       0x31 adc.o
 .ARM.attributes
                0x000004a9       0x31 gpio.o
 .ARM.attributes
                0x000004da       0x31 interrupts.o
 .ARM.attributes
                0x0000050b       0x31 lib/CMSIS_CM3/core_cm3.o
 .ARM.attributes
                0x0000053c       0x21 lib/CMSIS_CM3/startup/gcc/startup_stm32f10x_md.o
 .ARM.attributes
                0x0000055d       0x31 lib/CMSIS_CM3/system_stm32f10x.o
 .ARM.attributes
                0x0000058e       0x31 main.o
 .ARM.attributes
                0x000005bf       0x31 pwr.o
 .ARM.attributes
                0x000005f0       0x31 timer.o
 .ARM.attributes
                0x00000621       0x31 usart.o
 .ARM.attributes
                0x00000652       0x31 lib/STM32F10x_StdPeriph_Driver/libstm32fw.a(misc.o)
 .ARM.attributes
                0x00000683       0x31 lib/STM32F10x_StdPeriph_Driver/libstm32fw.a(stm32f10x_adc.o)
 .ARM.attributes
                0x000006b4       0x31 lib/STM32F10x_StdPeriph_Driver/libstm32fw.a(stm32f10x_bkp.o)
 .ARM.attributes
                0x000006e5       0x31 lib/STM32F10x_StdPeriph_Driver/libstm32fw.a(stm32f10x_dma.o)
 .ARM.attributes
                0x00000716       0x31 lib/STM32F10x_StdPeriph_Driver/libstm32fw.a(stm32f10x_exti.o)
 .ARM.attributes
                0x00000747       0x31 lib/STM32F10x_StdPeriph_Driver/libstm32fw.a(stm32f10x_gpio.o)
 .ARM.attributes
                0x00000778       0x31 lib/STM32F10x_StdPeriph_Driver/libstm32fw.a(stm32f10x_pwr.o)
 .ARM.attributes
                0x000007a9       0x31 lib/STM32F10x_StdPeriph_Driver/libstm32fw.a(stm32f10x_rcc.o)
 .ARM.attributes
                0x000007da       0x31 lib/STM32F10x_StdPeriph_Driver/libstm32fw.a(stm32f10x_rtc.o)
 .ARM.attributes
                0x0000080b       0x31 lib/STM32F10x_StdPeriph_Driver/libstm32fw.a(stm32f10x_spi.o)
 .ARM.attributes
                0x0000083c       0x31 lib/STM32F10x_StdPeriph_Driver/libstm32fw.a(stm32f10x_tim.o)
 .ARM.attributes
                0x0000086d       0x31 lib/STM32F10x_StdPeriph_Driver/libstm32fw.a(stm32f10x_usart.o)
 .ARM.attributes
                0x0000089e       0x31 lib/STM32_USB-FS-Device_Driver/libstm32usb.a(usb_core.o)
 .ARM.attributes
                0x000008cf       0x31 lib/STM32_USB-FS-Device_Driver/libstm32usb.a(usb_init.o)
 .ARM.attributes
                0x00000900       0x31 lib/STM32_USB-FS-Device_Driver/libstm32usb.a(usb_int.o)
 .ARM.attributes
                0x00000931       0x31 lib/STM32_USB-FS-Device_Driver/libstm32usb.a(usb_mem.o)
 .ARM.attributes
                0x00000962       0x31 lib/STM32_USB-FS-Device_Driver/libstm32usb.a(usb_regs.o)
 .ARM.attributes
                0x00000993       0x31 lib/STM32_USB-FS-Device_Driver/libstm32usb.a(usb_sil.o)
 .ARM.attributes
                0x000009c4       0x29 /home/laurence/CodeSourcery/Sourcery_G++_Lite/bin/../lib/gcc/arm-none-eabi/4.5.2/../../../../arm-none-eabi/lib/thumb2/libm.a(lib_a-w_sqrt.o)
 .ARM.attributes
                0x000009ed       0x29 /home/laurence/CodeSourcery/Sourcery_G++_Lite/bin/../lib/gcc/arm-none-eabi/4.5.2/../../../../arm-none-eabi/lib/thumb2/libm.a(lib_a-e_sqrt.o)
 .ARM.attributes
                0x00000a16       0x29 /home/laurence/CodeSourcery/Sourcery_G++_Lite/bin/../lib/gcc/arm-none-eabi/4.5.2/../../../../arm-none-eabi/lib/thumb2/libm.a(lib_a-s_fpclassify.o)
 .ARM.attributes
                0x00000a3f       0x29 /home/laurence/CodeSourcery/Sourcery_G++_Lite/bin/../lib/gcc/arm-none-eabi/4.5.2/../../../../arm-none-eabi/lib/thumb2/libm.a(lib_a-s_lib_ver.o)
 .ARM.attributes
                0x00000a68       0x29 /home/laurence/CodeSourcery/Sourcery_G++_Lite/bin/../lib/gcc/arm-none-eabi/4.5.2/../../../../arm-none-eabi/lib/thumb2/libm.a(lib_a-s_matherr.o)
 .ARM.attributes
                0x00000a91       0x1b /home/laurence/CodeSourcery/Sourcery_G++_Lite/bin/../lib/gcc/arm-none-eabi/4.5.2/thumb2/libgcc.a(_arm_addsubdf3.o)
 .ARM.attributes
                0x00000aac       0x1b /home/laurence/CodeSourcery/Sourcery_G++_Lite/bin/../lib/gcc/arm-none-eabi/4.5.2/thumb2/libgcc.a(_arm_muldivdf3.o)
 .ARM.attributes
                0x00000ac7       0x1b /home/laurence/CodeSourcery/Sourcery_G++_Lite/bin/../lib/gcc/arm-none-eabi/4.5.2/thumb2/libgcc.a(_arm_cmpdf2.o)
 .ARM.attributes
                0x00000ae2       0x1b /home/laurence/CodeSourcery/Sourcery_G++_Lite/bin/../lib/gcc/arm-none-eabi/4.5.2/thumb2/libgcc.a(_arm_fixunsdfsi.o)
 .ARM.attributes
                0x00000afd       0x1b /home/laurence/CodeSourcery/Sourcery_G++_Lite/bin/../lib/gcc/arm-none-eabi/4.5.2/thumb2/libgcc.a(_arm_truncdfsf2.o)
 .ARM.attributes
                0x00000b18       0x1b /home/laurence/CodeSourcery/Sourcery_G++_Lite/bin/../lib/gcc/arm-none-eabi/4.5.2/thumb2/libgcc.a(_arm_addsubsf3.o)
 .ARM.attributes
                0x00000b33       0x1b /home/laurence/CodeSourcery/Sourcery_G++_Lite/bin/../lib/gcc/arm-none-eabi/4.5.2/thumb2/libgcc.a(_arm_muldivsf3.o)
 .ARM.attributes
                0x00000b4e       0x1b /home/laurence/CodeSourcery/Sourcery_G++_Lite/bin/../lib/gcc/arm-none-eabi/4.5.2/thumb2/libgcc.a(_arm_cmpsf2.o)
 .ARM.attributes
                0x00000b69       0x1b /home/laurence/CodeSourcery/Sourcery_G++_Lite/bin/../lib/gcc/arm-none-eabi/4.5.2/thumb2/libgcc.a(_arm_fixunssfsi.o)
 .ARM.attributes
                0x00000b84       0x29 /home/laurence/CodeSourcery/Sourcery_G++_Lite/bin/../lib/gcc/arm-none-eabi/4.5.2/../../../../arm-none-eabi/lib/thumb2/libc.a(lib_a-errno.o)
 .ARM.attributes
                0x00000bad       0x29 /home/laurence/CodeSourcery/Sourcery_G++_Lite/bin/../lib/gcc/arm-none-eabi/4.5.2/../../../../arm-none-eabi/lib/thumb2/libc.a(lib_a-impure.o)
 .ARM.attributes
                0x00000bd6       0x29 /home/laurence/CodeSourcery/Sourcery_G++_Lite/bin/../lib/gcc/arm-none-eabi/4.5.2/../../../../arm-none-eabi/lib/thumb2/libc.a(lib_a-malloc.o)
 .ARM.attributes
                0x00000bff       0x29 /home/laurence/CodeSourcery/Sourcery_G++_Lite/bin/../lib/gcc/arm-none-eabi/4.5.2/../../../../arm-none-eabi/lib/thumb2/libc.a(lib_a-mallocr.o)
 .ARM.attributes
                0x00000c28       0x29 /home/laurence/CodeSourcery/Sourcery_G++_Lite/bin/../lib/gcc/arm-none-eabi/4.5.2/../../../../arm-none-eabi/lib/thumb2/libc.a(lib_a-mlock.o)
 .ARM.attributes
                0x00000c51       0x29 /home/laurence/CodeSourcery/Sourcery_G++_Lite/bin/../lib/gcc/arm-none-eabi/4.5.2/../../../../arm-none-eabi/lib/thumb2/libc.a(lib_a-sbrkr.o)
 .ARM.attributes
                0x00000c7a       0x29 /home/laurence/CodeSourcery/Sourcery_G++_Lite/bin/../lib/gcc/arm-none-eabi/4.5.2/../../../../arm-none-eabi/lib/thumb2/libc.a(lib_a-strlen.o)
 .ARM.attributes
                0x00000ca3       0x29 /home/laurence/CodeSourcery/Sourcery_G++_Lite/bin/../lib/gcc/arm-none-eabi/4.5.2/../../../../arm-none-eabi/lib/thumb2/libc.a(lib_a-freer.o)
 .ARM.attributes
                0x00000ccc       0x29 /home/laurence/CodeSourcery/Sourcery_G++_Lite/bin/../lib/gcc/arm-none-eabi/4.5.2/../../../../arm-none-eabi/lib/thumb2/libc.a(lib_a-reent.o)
 .ARM.attributes
                0x00000cf5       0x29 /home/laurence/CodeSourcery/Sourcery_G++_Lite/bin/../lib/gcc/arm-none-eabi/4.5.2/thumb2/crtend.o
 .ARM.attributes
                0x00000d1e       0x19 /home/laurence/CodeSourcery/Sourcery_G++_Lite/bin/../lib/gcc/arm-none-eabi/4.5.2/thumb2/crtn.o
 .ARM.attributes
                0x00000d37       0x29 /home/laurence/CodeSourcery/Sourcery_G++_Lite/bin/../lib/gcc/arm-none-eabi/4.5.2/../../../../arm-none-eabi/lib/thumb2/libcs3.a(start_c.o)
 .ARM.attributes
                0x00000d60       0x29 /home/laurence/CodeSourcery/Sourcery_G++_Lite/bin/../lib/gcc/arm-none-eabi/4.5.2/../../../../arm-none-eabi/lib/thumb2/libcs3unhosted.a(unhosted-sbrk.o)
 .ARM.attributes
                0x00000d89       0x19 /home/laurence/CodeSourcery/Sourcery_G++_Lite/bin/../lib/gcc/arm-none-eabi/4.5.2/../../../../arm-none-eabi/lib/thumb2/libcs3unhosted.a(unhosted-start.o)
 .ARM.attributes
                0x00000da2       0x1f lib/libcs3-lanchon-stm32.a(lanchon-stm32-vector.o)
 .ARM.attributes
                0x00000dc1       0x21 lib/libcs3-lanchon-stm32.a(lanchon_stm32_isr_interrupt.o)
 .ARM.attributes
                0x00000de2       0x29 /home/laurence/CodeSourcery/Sourcery_G++_Lite/bin/../lib/gcc/arm-none-eabi/4.5.2/../../../../arm-none-eabi/lib/thumb2/libc.a(lib_a-init.o)
 .ARM.attributes
                0x00000e0b       0x29 /home/laurence/CodeSourcery/Sourcery_G++_Lite/bin/../lib/gcc/arm-none-eabi/4.5.2/../../../../arm-none-eabi/lib/thumb2/libcs3.a(heap.o)

/DISCARD/
 *(.note.GNU-stack)
OUTPUT(main.elf elf32-littlearm)

Cross Reference Table

Symbol                                            File
ADC1_2_IRQHandler                                 lib/CMSIS_CM3/startup/gcc/startup_stm32f10x_md.o
ADC1_Convertion_buff                              adc.o
                                                  interrupts.o
ADC_AnalogWatchdogCmd                             lib/STM32F10x_StdPeriph_Driver/libstm32fw.a(stm32f10x_adc.o)
ADC_AnalogWatchdogSingleChannelConfig             lib/STM32F10x_StdPeriph_Driver/libstm32fw.a(stm32f10x_adc.o)
ADC_AnalogWatchdogThresholdsConfig                lib/STM32F10x_StdPeriph_Driver/libstm32fw.a(stm32f10x_adc.o)
ADC_AutoInjectedConvCmd                           lib/STM32F10x_StdPeriph_Driver/libstm32fw.a(stm32f10x_adc.o)
ADC_ClearFlag                                     lib/STM32F10x_StdPeriph_Driver/libstm32fw.a(stm32f10x_adc.o)
ADC_ClearITPendingBit                             lib/STM32F10x_StdPeriph_Driver/libstm32fw.a(stm32f10x_adc.o)
ADC_Cmd                                           lib/STM32F10x_StdPeriph_Driver/libstm32fw.a(stm32f10x_adc.o)
                                                  adc.o
ADC_Configuration                                 adc.o
                                                  main.o
ADC_DMACmd                                        lib/STM32F10x_StdPeriph_Driver/libstm32fw.a(stm32f10x_adc.o)
                                                  adc.o
ADC_DeInit                                        lib/STM32F10x_StdPeriph_Driver/libstm32fw.a(stm32f10x_adc.o)
                                                  adc.o
ADC_DiscModeChannelCountConfig                    lib/STM32F10x_StdPeriph_Driver/libstm32fw.a(stm32f10x_adc.o)
ADC_DiscModeCmd                                   lib/STM32F10x_StdPeriph_Driver/libstm32fw.a(stm32f10x_adc.o)
ADC_ExternalTrigConvCmd                           lib/STM32F10x_StdPeriph_Driver/libstm32fw.a(stm32f10x_adc.o)
ADC_ExternalTrigInjectedConvCmd                   lib/STM32F10x_StdPeriph_Driver/libstm32fw.a(stm32f10x_adc.o)
ADC_ExternalTrigInjectedConvConfig                lib/STM32F10x_StdPeriph_Driver/libstm32fw.a(stm32f10x_adc.o)
ADC_GetCalibrationStatus                          lib/STM32F10x_StdPeriph_Driver/libstm32fw.a(stm32f10x_adc.o)
                                                  adc.o
ADC_GetConversionValue                            lib/STM32F10x_StdPeriph_Driver/libstm32fw.a(stm32f10x_adc.o)
                                                  adc.o
ADC_GetDualModeConversionValue                    lib/STM32F10x_StdPeriph_Driver/libstm32fw.a(stm32f10x_adc.o)
ADC_GetFlagStatus                                 lib/STM32F10x_StdPeriph_Driver/libstm32fw.a(stm32f10x_adc.o)
                                                  adc.o
ADC_GetITStatus                                   lib/STM32F10x_StdPeriph_Driver/libstm32fw.a(stm32f10x_adc.o)
ADC_GetInjectedConversionValue                    lib/STM32F10x_StdPeriph_Driver/libstm32fw.a(stm32f10x_adc.o)
ADC_GetResetCalibrationStatus                     lib/STM32F10x_StdPeriph_Driver/libstm32fw.a(stm32f10x_adc.o)
                                                  adc.o
ADC_GetSoftwareStartConvStatus                    lib/STM32F10x_StdPeriph_Driver/libstm32fw.a(stm32f10x_adc.o)
ADC_GetSoftwareStartInjectedConvCmdStatus         lib/STM32F10x_StdPeriph_Driver/libstm32fw.a(stm32f10x_adc.o)
ADC_IRQHandler                                    lib/libcs3-lanchon-stm32.a(lanchon_stm32_isr_interrupt.o)
                                                  lib/libcs3-lanchon-stm32.a(lanchon-stm32-vector.o)
ADC_ITConfig                                      lib/STM32F10x_StdPeriph_Driver/libstm32fw.a(stm32f10x_adc.o)
ADC_Init                                          lib/STM32F10x_StdPeriph_Driver/libstm32fw.a(stm32f10x_adc.o)
                                                  adc.o
ADC_InjectedChannelConfig                         lib/STM32F10x_StdPeriph_Driver/libstm32fw.a(stm32f10x_adc.o)
ADC_InjectedDiscModeCmd                           lib/STM32F10x_StdPeriph_Driver/libstm32fw.a(stm32f10x_adc.o)
ADC_InjectedSequencerLengthConfig                 lib/STM32F10x_StdPeriph_Driver/libstm32fw.a(stm32f10x_adc.o)
ADC_RegularChannelConfig                          lib/STM32F10x_StdPeriph_Driver/libstm32fw.a(stm32f10x_adc.o)
                                                  adc.o
ADC_ResetCalibration                              lib/STM32F10x_StdPeriph_Driver/libstm32fw.a(stm32f10x_adc.o)
                                                  adc.o
ADC_SetInjectedOffset                             lib/STM32F10x_StdPeriph_Driver/libstm32fw.a(stm32f10x_adc.o)
ADC_SoftwareStartConvCmd                          lib/STM32F10x_StdPeriph_Driver/libstm32fw.a(stm32f10x_adc.o)
                                                  adc.o
ADC_SoftwareStartInjectedConvCmd                  lib/STM32F10x_StdPeriph_Driver/libstm32fw.a(stm32f10x_adc.o)
ADC_StartCalibration                              lib/STM32F10x_StdPeriph_Driver/libstm32fw.a(stm32f10x_adc.o)
                                                  adc.o
ADC_StructInit                                    lib/STM32F10x_StdPeriph_Driver/libstm32fw.a(stm32f10x_adc.o)
ADC_TempSensorVrefintCmd                          lib/STM32F10x_StdPeriph_Driver/libstm32fw.a(stm32f10x_adc.o)
Add_To_Buffer                                     Util/buffer.o
                                                  Sensors/ppg.o
BKP_ClearFlag                                     lib/STM32F10x_StdPeriph_Driver/libstm32fw.a(stm32f10x_bkp.o)
BKP_ClearITPendingBit                             lib/STM32F10x_StdPeriph_Driver/libstm32fw.a(stm32f10x_bkp.o)
BKP_DeInit                                        lib/STM32F10x_StdPeriph_Driver/libstm32fw.a(stm32f10x_bkp.o)
                                                  Util/fat_fs/src/rtc.o
BKP_GetFlagStatus                                 lib/STM32F10x_StdPeriph_Driver/libstm32fw.a(stm32f10x_bkp.o)
BKP_GetITStatus                                   lib/STM32F10x_StdPeriph_Driver/libstm32fw.a(stm32f10x_bkp.o)
BKP_ITConfig                                      lib/STM32F10x_StdPeriph_Driver/libstm32fw.a(stm32f10x_bkp.o)
BKP_RTCOutputConfig                               lib/STM32F10x_StdPeriph_Driver/libstm32fw.a(stm32f10x_bkp.o)
BKP_ReadBackupRegister                            lib/STM32F10x_StdPeriph_Driver/libstm32fw.a(stm32f10x_bkp.o)
                                                  Util/fat_fs/src/rtc.o
BKP_SetRTCCalibrationValue                        lib/STM32F10x_StdPeriph_Driver/libstm32fw.a(stm32f10x_bkp.o)
BKP_TamperPinCmd                                  lib/STM32F10x_StdPeriph_Driver/libstm32fw.a(stm32f10x_bkp.o)
BKP_TamperPinLevelConfig                          lib/STM32F10x_StdPeriph_Driver/libstm32fw.a(stm32f10x_bkp.o)
BKP_WriteBackupRegister                           lib/STM32F10x_StdPeriph_Driver/libstm32fw.a(stm32f10x_bkp.o)
                                                  Util/fat_fs/src/rtc.o
Block_Read_count                                  Util/USB/memory.o
Block_offset                                      Util/USB/memory.o
Bot_Abort                                         Util/USB/usb_bot.o
                                                  Util/USB/usb_scsi.o
                                                  Util/USB/usb_prop.o
Bot_State                                         Util/USB/usb_bot.o
                                                  Util/USB/usb_scsi.o
                                                  Util/USB/usb_prop.o
                                                  Util/USB/memory.o
Buff                                              main.o
                                                  Sensors/ppg.o
Bulk_Data_Buff                                    Util/USB/usb_bot.o
                                                  Util/USB/memory.o
BusFaultException                                 lib/libcs3-lanchon-stm32.a(lanchon_stm32_isr_interrupt.o)
                                                  lib/libcs3-lanchon-stm32.a(lanchon-stm32-vector.o)
BusFault_Handler                                  lib/CMSIS_CM3/startup/gcc/startup_stm32f10x_md.o
ByteSwap                                          lib/STM32_USB-FS-Device_Driver/libstm32usb.a(usb_regs.o)
                                                  lib/STM32_USB-FS-Device_Driver/libstm32usb.a(usb_core.o)
CAN1_RX1_IRQHandler                               lib/CMSIS_CM3/startup/gcc/startup_stm32f10x_md.o
CAN1_SCE_IRQHandler                               lib/CMSIS_CM3/startup/gcc/startup_stm32f10x_md.o
CAN_RX1_IRQHandler                                lib/libcs3-lanchon-stm32.a(lanchon_stm32_isr_interrupt.o)
                                                  lib/libcs3-lanchon-stm32.a(lanchon-stm32-vector.o)
CAN_SCE_IRQHandler                                lib/libcs3-lanchon-stm32.a(lanchon_stm32_isr_interrupt.o)
                                                  lib/libcs3-lanchon-stm32.a(lanchon-stm32-vector.o)
CBW                                               Util/USB/usb_bot.o
                                                  Util/USB/usb_scsi.o
                                                  Util/USB/usb_prop.o
CBW_Decode                                        Util/USB/usb_bot.o
CSW                                               Util/USB/usb_bot.o
                                                  Util/USB/memory.o
CTR_HP                                            lib/STM32_USB-FS-Device_Driver/libstm32usb.a(usb_int.o)
                                                  interrupts.o
CTR_LP                                            lib/STM32_USB-FS-Device_Driver/libstm32usb.a(usb_int.o)
                                                  Util/USB/usb_istr.o
ClearDTOG_RX                                      lib/STM32_USB-FS-Device_Driver/libstm32usb.a(usb_regs.o)
                                                  lib/STM32_USB-FS-Device_Driver/libstm32usb.a(usb_core.o)
                                                  Util/USB/usb_prop.o
ClearDTOG_TX                                      lib/STM32_USB-FS-Device_Driver/libstm32usb.a(usb_regs.o)
                                                  lib/STM32_USB-FS-Device_Driver/libstm32usb.a(usb_core.o)
                                                  Util/USB/usb_prop.o
ClearEPDoubleBuff                                 lib/STM32_USB-FS-Device_Driver/libstm32usb.a(usb_regs.o)
ClearEP_CTR_RX                                    lib/STM32_USB-FS-Device_Driver/libstm32usb.a(usb_regs.o)
ClearEP_CTR_TX                                    lib/STM32_USB-FS-Device_Driver/libstm32usb.a(usb_regs.o)
ClearEP_KIND                                      lib/STM32_USB-FS-Device_Driver/libstm32usb.a(usb_regs.o)
Clear_Status_Out                                  lib/STM32_USB-FS-Device_Driver/libstm32usb.a(usb_regs.o)
                                                  Util/USB/usb_prop.o
Config_Descriptor                                 Util/USB/usb_prop.o
Counter                                           Util/USB/memory.o
DMA1_Channel1_IRQHandler                          lib/CMSIS_CM3/startup/gcc/startup_stm32f10x_md.o
DMA1_Channel2_IRQHandler                          lib/CMSIS_CM3/startup/gcc/startup_stm32f10x_md.o
DMA1_Channel3_IRQHandler                          lib/CMSIS_CM3/startup/gcc/startup_stm32f10x_md.o
DMA1_Channel4_IRQHandler                          lib/CMSIS_CM3/startup/gcc/startup_stm32f10x_md.o
DMA1_Channel5_IRQHandler                          lib/CMSIS_CM3/startup/gcc/startup_stm32f10x_md.o
DMA1_Channel6_IRQHandler                          lib/CMSIS_CM3/startup/gcc/startup_stm32f10x_md.o
DMA1_Channel7_IRQHandler                          lib/CMSIS_CM3/startup/gcc/startup_stm32f10x_md.o
DMAChannel1_IRQHandler                            interrupts.o
                                                  lib/libcs3-lanchon-stm32.a(lanchon-stm32-vector.o)
DMAChannel2_IRQHandler                            lib/libcs3-lanchon-stm32.a(lanchon_stm32_isr_interrupt.o)
                                                  lib/libcs3-lanchon-stm32.a(lanchon-stm32-vector.o)
DMAChannel3_IRQHandler                            lib/libcs3-lanchon-stm32.a(lanchon_stm32_isr_interrupt.o)
                                                  lib/libcs3-lanchon-stm32.a(lanchon-stm32-vector.o)
DMAChannel4_IRQHandler                            lib/libcs3-lanchon-stm32.a(lanchon_stm32_isr_interrupt.o)
                                                  lib/libcs3-lanchon-stm32.a(lanchon-stm32-vector.o)