Archive member included because of file (symbol)

lib/STM32F10x_StdPeriph_Driver/libstm32fw.a(misc.o)
                              Util/USB/hw_config.o (NVIC_PriorityGroupConfig)
lib/STM32F10x_StdPeriph_Driver/libstm32fw.a(stm32f10x_adc.o)
                              adc.o (ADC_DeInit)
lib/STM32F10x_StdPeriph_Driver/libstm32fw.a(stm32f10x_bkp.o)
                              Util/fat_fs/src/rtc.o (BKP_DeInit)
lib/STM32F10x_StdPeriph_Driver/libstm32fw.a(stm32f10x_dma.o)
                              Util/fat_fs/src/sd_spi_stm32.o (DMA_DeInit)
lib/STM32F10x_StdPeriph_Driver/libstm32fw.a(stm32f10x_exti.o)
                              interrupts.o (EXTI_DeInit)
lib/STM32F10x_StdPeriph_Driver/libstm32fw.a(stm32f10x_gpio.o)
                              Util/fat_fs/src/sd_spi_stm32.o (GPIO_Init)
lib/STM32F10x_StdPeriph_Driver/libstm32fw.a(stm32f10x_pwr.o)
                              pwr.o (PWR_DeInit)
lib/STM32F10x_StdPeriph_Driver/libstm32fw.a(stm32f10x_rcc.o)
                              interrupts.o (RCC_HCLKConfig)
lib/STM32F10x_StdPeriph_Driver/libstm32fw.a(stm32f10x_rtc.o)
                              Util/fat_fs/src/rtc.o (RTC_GetCounter)
lib/STM32F10x_StdPeriph_Driver/libstm32fw.a(stm32f10x_spi.o)
                              Util/fat_fs/src/sd_spi_stm32.o (SPI_I2S_DeInit)
lib/STM32F10x_StdPeriph_Driver/libstm32fw.a(stm32f10x_tim.o)
                              timer.o (TIM_DeInit)
lib/STM32F10x_StdPeriph_Driver/libstm32fw.a(stm32f10x_usart.o)
                              usart.o (USART_Init)
lib/STM32_USB-FS-Device_Driver/libstm32usb.a(usb_core.o)
                              Util/USB/usb_prop.o (Standard_GetDescriptorData)
lib/STM32_USB-FS-Device_Driver/libstm32usb.a(usb_init.o)
                              main.o (USB_Init)
lib/STM32_USB-FS-Device_Driver/libstm32usb.a(usb_int.o)
                              Util/USB/usb_istr.o (CTR_LP)
lib/STM32_USB-FS-Device_Driver/libstm32usb.a(usb_mem.o)
                              lib/STM32_USB-FS-Device_Driver/libstm32usb.a(usb_core.o) (UserToPMABufferCopy)
lib/STM32_USB-FS-Device_Driver/libstm32usb.a(usb_regs.o)
                              Util/USB/usb_prop.o (SetBTABLE)
lib/STM32_USB-FS-Device_Driver/libstm32usb.a(usb_sil.o)
                              Util/USB/usb_prop.o (USB_SIL_Init)
/home/laurence/CodeSourcery/Sourcery_G++_Lite/bin/../lib/gcc/arm-none-eabi/4.5.2/../../../../arm-none-eabi/lib/thumb2/libm.a(lib_a-sf_sin.o)
                              Sensors/ppg.o (sinf)
/home/laurence/CodeSourcery/Sourcery_G++_Lite/bin/../lib/gcc/arm-none-eabi/4.5.2/../../../../arm-none-eabi/lib/thumb2/libm.a(lib_a-w_asin.o)
                              Sensors/ppg.o (asin)
/home/laurence/CodeSourcery/Sourcery_G++_Lite/bin/../lib/gcc/arm-none-eabi/4.5.2/../../../../arm-none-eabi/lib/thumb2/libm.a(lib_a-w_sqrt.o)
                              Sensors/ppg.o (sqrt)
/home/laurence/CodeSourcery/Sourcery_G++_Lite/bin/../lib/gcc/arm-none-eabi/4.5.2/../../../../arm-none-eabi/lib/thumb2/libm.a(lib_a-e_asin.o)
                              /home/laurence/CodeSourcery/Sourcery_G++_Lite/bin/../lib/gcc/arm-none-eabi/4.5.2/../../../../arm-none-eabi/lib/thumb2/libm.a(lib_a-w_asin.o) (__ieee754_asin)
/home/laurence/CodeSourcery/Sourcery_G++_Lite/bin/../lib/gcc/arm-none-eabi/4.5.2/../../../../arm-none-eabi/lib/thumb2/libm.a(lib_a-e_sqrt.o)
                              /home/laurence/CodeSourcery/Sourcery_G++_Lite/bin/../lib/gcc/arm-none-eabi/4.5.2/../../../../arm-none-eabi/lib/thumb2/libm.a(lib_a-w_sqrt.o) (__ieee754_sqrt)
/home/laurence/CodeSourcery/Sourcery_G++_Lite/bin/../lib/gcc/arm-none-eabi/4.5.2/../../../../arm-none-eabi/lib/thumb2/libm.a(lib_a-ef_rem_pio2.o)
                              /home/laurence/CodeSourcery/Sourcery_G++_Lite/bin/../lib/gcc/arm-none-eabi/4.5.2/../../../../arm-none-eabi/lib/thumb2/libm.a(lib_a-sf_sin.o) (__ieee754_rem_pio2f)
/home/laurence/CodeSourcery/Sourcery_G++_Lite/bin/../lib/gcc/arm-none-eabi/4.5.2/../../../../arm-none-eabi/lib/thumb2/libm.a(lib_a-kf_cos.o)
                              /home/laurence/CodeSourcery/Sourcery_G++_Lite/bin/../lib/gcc/arm-none-eabi/4.5.2/../../../../arm-none-eabi/lib/thumb2/libm.a(lib_a-sf_sin.o) (__kernel_cosf)
/home/laurence/CodeSourcery/Sourcery_G++_Lite/bin/../lib/gcc/arm-none-eabi/4.5.2/../../../../arm-none-eabi/lib/thumb2/libm.a(lib_a-kf_rem_pio2.o)
                              /home/laurence/CodeSourcery/Sourcery_G++_Lite/bin/../lib/gcc/arm-none-eabi/4.5.2/../../../../arm-none-eabi/lib/thumb2/libm.a(lib_a-ef_rem_pio2.o) (__kernel_rem_pio2f)
/home/laurence/CodeSourcery/Sourcery_G++_Lite/bin/../lib/gcc/arm-none-eabi/4.5.2/../../../../arm-none-eabi/lib/thumb2/libm.a(lib_a-kf_sin.o)
                              /home/laurence/CodeSourcery/Sourcery_G++_Lite/bin/../lib/gcc/arm-none-eabi/4.5.2/../../../../arm-none-eabi/lib/thumb2/libm.a(lib_a-sf_sin.o) (__kernel_sinf)
[...]
Memory Configuration

Name             Origin             Length             Attributes
ram              0x20000000         0x00005000         xrw
rom              0x08000000         0x00020000         xr
*default*        0x00000000         0xffffffff

Linker script and memory map

LOAD /home/laurence/CodeSourcery/Sourcery_G++_Lite/bin/../lib/gcc/arm-none-eabi/4.5.2/thumb2/crti.o
LOAD /home/laurence/CodeSourcery/Sourcery_G++_Lite/bin/../lib/gcc/arm-none-eabi/4.5.2/thumb2/crtbegin.o
LOAD Sensors/ppg.o
LOAD Sensors/pressure.o
LOAD Sensors/temperature.o
LOAD Util/USB/hw_config.o
LOAD Util/USB/mass_mal.o
LOAD Util/USB/memory.o
LOAD Util/USB/scsi_data.o
LOAD Util/USB/usb_bot.o
LOAD Util/USB/usb_desc.o
LOAD Util/USB/usb_endp.o
LOAD Util/USB/usb_istr.o
LOAD Util/USB/usb_prop.o
LOAD Util/USB/usb_pwr.o
LOAD Util/USB/usb_scsi.o
LOAD Util/buffer.o
LOAD Util/fat_fs/option/cc932.o
LOAD Util/fat_fs/option/syscall.o
LOAD Util/fat_fs/src/fattime.o
LOAD Util/fat_fs/src/ff.o
LOAD Util/fat_fs/src/rtc.o
LOAD Util/fat_fs/src/sd_spi_stm32.o
LOAD Util/rprintf.o
LOAD Util/stm32_eval_spi_sd.o
LOAD adc.o
LOAD gpio.o
LOAD interrupts.o
LOAD lib/CMSIS_CM3/core_cm3.o
LOAD lib/CMSIS_CM3/startup/gcc/startup_stm32f10x_md.o
LOAD lib/CMSIS_CM3/system_stm32f10x.o
LOAD main.o
LOAD pwr.o
LOAD timer.o
LOAD usart.o
LOAD lib/STM32F10x_StdPeriph_Driver/libstm32fw.a
LOAD lib/STM32_USB-FS-Device_Driver/libstm32usb.a
LOAD /home/laurence/CodeSourcery/Sourcery_G++_Lite/bin/../lib/gcc/arm-none-eabi/4.5.2/../../../../arm-none-eabi/lib/thumb2/libm.a
START GROUP
LOAD /home/laurence/CodeSourcery/Sourcery_G++_Lite/bin/../lib/gcc/arm-none-eabi/4.5.2/thumb2/libgcc.a
LOAD /home/laurence/CodeSourcery/Sourcery_G++_Lite/bin/../lib/gcc/arm-none-eabi/4.5.2/../../../../arm-none-eabi/lib/thumb2/libc.a
END GROUP
LOAD /home/laurence/CodeSourcery/Sourcery_G++_Lite/bin/../lib/gcc/arm-none-eabi/4.5.2/thumb2/crtend.o
LOAD /home/laurence/CodeSourcery/Sourcery_G++_Lite/bin/../lib/gcc/arm-none-eabi/4.5.2/thumb2/crtn.o
START GROUP
LOAD /home/laurence/CodeSourcery/Sourcery_G++_Lite/bin/../lib/gcc/arm-none-eabi/4.5.2/thumb2/libgcc.a
LOAD /home/laurence/CodeSourcery/Sourcery_G++_Lite/bin/../lib/gcc/arm-none-eabi/4.5.2/../../../../arm-none-eabi/lib/thumb2/libc.a
LOAD /home/laurence/CodeSourcery/Sourcery_G++_Lite/bin/../lib/gcc/arm-none-eabi/4.5.2/../../../../arm-none-eabi/lib/thumb2/libcs3.a
LOAD /home/laurence/CodeSourcery/Sourcery_G++_Lite/bin/../lib/gcc/arm-none-eabi/4.5.2/../../../../arm-none-eabi/lib/thumb2/libcs3unhosted.a
LOAD lib/libcs3-lanchon-stm32.a
END GROUP
                0x20005000                PROVIDE (__cs3_stack, (__cs3_region_start_ram + __cs3_region_size_ram))
                0x20000ea0                PROVIDE (__cs3_heap_start, _end)
                0x20005000                PROVIDE (__cs3_heap_end, (__cs3_region_start_ram + __cs3_region_size_ram))

.text           0x08000000    0x1a5fc
 CREATE_OBJECT_SYMBOLS
                0x08000000                __cs3_region_start_rom = .
 *(.cs3.region-head.rom)
                0x08000000                __cs3_interrupt_vector = __cs3_interrupt_vector_lanchon_stm32
 *(.cs3.interrupt_vector)
 .cs3.interrupt_vector
                0x08000000       0xec lib/libcs3-lanchon-stm32.a(lanchon-stm32-vector.o)
                0x08000000                __cs3_interrupt_vector_lanchon_stm32
                0x08000001                ASSERT ((. != __cs3_interrupt_vector_lanchon_stm32), No interrupt vector)
 *(.rom)
 *(.rom.b)
                0x0801285c                PROVIDE (__cs3_reset_lanchon_stm32, _start)
                0x0801285c                __cs3_reset = __cs3_reset_lanchon_stm32
 *(.cs3.reset)
 *(.text .text.* .gnu.linkonce.t.*)
 .text          0x080000ec       0x30 /home/laurence/CodeSourcery/Sourcery_G++_Lite/bin/../lib/gcc/arm-none-eabi/4.5.2/thumb2/crtbegin.o
 *fill*         0x0800011c        0x4 00
 .text          0x08000120      0x388 Sensors/ppg.o
                0x08000120                PPG_LO_Filter
                0x080003c4                PPG_correct_brightness
                0x08000460                PWM_Linear
 .text          0x080004a8      0x318 Sensors/pressure.o
                0x080004a8                calibrate_sensor
                0x080004f4                conv_adc_diff
                0x0800052c                conv_diff
                0x0800055c                filterloop
 .text          0x080007c0      0x2a0 Util/USB/hw_config.o
                0x080007c0                Set_System
                0x080007c8                Set_USBClock
                0x080007e0                Enter_LowPowerMode
                0x080007ec                Leave_LowPowerMode
                0x0800080c                USB_Interrupts_Config
                0x08000850                Led_RW_ON
                0x08000860                Led_RW_OFF
                0x08000870                USB_Configured_LED
                0x08000880                USB_NotConfigured_LED
                0x08000890                USB_Cable_Config
                0x08000894                Get_SerialNum
                0x08000a58                MAL_Config
 .text          0x08000a60       0xe4 Util/USB/mass_mal.o
                0x08000a60                MAL_Init
                0x08000aac                MAL_Write
                0x08000ad0                MAL_Read
                0x08000af4                MAL_GetStatus
 .text          0x08000b44      0x1d8 Util/USB/memory.o
                0x08000b44                Read_Memory
                0x08000c28                Write_Memory
 .text          0x08000d1c      0x628 Util/USB/usb_bot.o
                0x08000d1c                Mass_Storage_In
                0x08000da4                CBW_Decode
                0x08001204                Mass_Storage_Out
                0x08001294                Transfer_Data_Request
                0x080012c8                Set_CSW
                0x08001304                Bot_Abort
 .text          0x08001344        0x8 Util/USB/usb_endp.o
                0x08001344                EP1_IN_Callback
                0x08001348                EP2_OUT_Callback
 .text          0x0800134c       0xf0 Util/USB/usb_istr.o
                0x0800134c                USB_Istr
 .text          0x0800143c      0x268 Util/USB/usb_prop.o
                0x0800143c                Mass_Storage_SetDeviceAddress
                0x08001448                MASS_Status_In
                0x0800144c                MASS_Status_Out
                0x08001450                MASS_Get_Interface_Setting
                0x08001460                Get_Max_Lun
                0x08001478                MASS_Data_Setup
                0x080014bc                MASS_GetStringDescriptor
                0x080014dc                MASS_GetConfigDescriptor
                0x080014e8                MASS_GetDeviceDescriptor
                0x080014f4                MASS_NoData_Setup
                0x08001544                Mass_Storage_SetConfiguration
                0x08001574                Mass_Storage_ClearFeature
                0x08001590                MASS_Reset
                0x08001680                MASS_init
 .text          0x080016a4      0x1c4 Util/USB/usb_pwr.o
                0x080016a4                PowerOn
                0x080016d4                PowerOff
                0x080016f8                Suspend
                0x0800173c                Resume_Init
                0x0800177c                Resume
 .text          0x08001868      0x460 Util/USB/usb_scsi.o
                0x08001868                SCSI_Inquiry_Cmd
                0x080018a0                SCSI_ReadFormatCapacity_Cmd
                0x08001914                SCSI_ReadCapacity10_Cmd
                0x08001990                SCSI_ModeSense6_Cmd
                0x0800199c                SCSI_ModeSense10_Cmd
                0x080019a8                SCSI_RequestSense_Cmd
                0x080019c0                Set_Scsi_Sense_Data
                0x080019cc                SCSI_Start_Stop_Unit_Cmd
                0x080019d4                SCSI_Read10_Cmd
                0x08001a84                SCSI_Write10_Cmd
                0x08001b30                SCSI_Verify10_Cmd
                0x08001b70                SCSI_Valid_Cmd
                0x08001ba8                SCSI_TestUnitReady_Cmd
                0x08001bdc                SCSI_Format_Cmd
                0x08001c08                SCSI_Invalid_Cmd
                0x08001c44                SCSI_Address_Management
 .text          0x08001cc8       0x78 Util/buffer.o
                0x08001cc8                Add_To_Buffer
                0x08001cfc                Get_From_Buffer
                0x08001d2c                init_buffer
 .text          0x08001d40      0x25c Util/fat_fs/option/cc932.o
                0x08001d40                ff_convert
                0x08001f6c                ff_wtoupper
 .text          0x08001f9c       0x48 Util/fat_fs/src/fattime.o
                0x08001f9c                get_fattime
 .text          0x08001fe4     0x643c Util/fat_fs/src/ff.o
                0x080028cc                clust2sect
                0x080028e8                get_fat
                0x08002e8c                put_fat
                0x08004c30                gen_numname
                0x080058c8                f_mount
                0x080058e8                f_open
                0x08005d54                f_read
                0x0800613c                f_write
                0x08006570                f_sync
                0x08006748                f_close
                0x08006758                f_lseek
                0x08006924                f_opendir
                0x08006990                f_readdir
                0x08006a04                f_stat
                0x08006a4c                f_getfree
                0x08006cb0                f_truncate
                0x08006e20                f_unlink
                0x08006f38                f_mkdir
                0x08007360                f_chmod
                0x080073bc                f_utime
                0x0800741c                f_rename
                0x080076dc                f_gets
                0x080077f8                f_putc
                0x0800781c                f_puts
                0x08007858                f_printf
 .text          0x08008420      0x484 Util/fat_fs/src/rtc.o
                0x08008420                rtc_gettime
                0x080085a0                my_RTC_SetCounter
                0x080085c4                rtc_settime
                0x080087f8                rtc_init
 .text          0x080088a4      0xfa8 Util/fat_fs/src/sd_spi_stm32.o
                0x08008cdc                disk_initialize
                0x08008e88                disk_status
                0x08008e98                disk_read
                0x08009014                disk_write
                0x080091b4                disk_ioctl
                0x08009810                disk_timerproc
 .text          0x0800984c     0x182c Util/rprintf.o
                0x0800984c                rprintfInit
                0x08009858                rprintfChar
                0x08009880                rprintfStr
                0x080098b8                rprintfStrLen
                0x08009a7c                rprintfCRLF
                0x08009a94                rprintfu04
                0x08009ac0                rprintfu08
                0x08009b08                rprintfu16
                0x08009ba4                rprintfu32
                0x08009cf0                rprintfNum
                0x08009f60                rprintfFloat
                0x0800a224                rprintf2RamRom
                0x0800b020                Isdigit
                0x0800b030                atoiRamRom
                0x0800b068                rStrLen
 .text          0x0800b078      0x23c adc.o
                0x0800b078                ADC_Configuration
                0x0800b234                readADC2
                0x0800b26c                setADC2
                0x0800b28c                getADC2
 .text          0x0800b2b4      0x244 gpio.o
                0x0800b2b4                setup_gpio
                0x0800b468                switch_leds_on
                0x0800b490                switch_leds_off
                0x0800b4b8                red_flash
                0x0800b4ec                get_wkup
 .text          0x0800b4f8      0x450 interrupts.o
                0x0800b4f8                ISR_Config
                0x0800b54c                EXTI_ONOFF_EN
                0x0800b5ac                DMA_ISR_Config
                0x0800b5d4                SysTick_Configuration
                0x0800b60c                EXTI0_IRQHandler
                0x0800b6ac                DMAChannel1_IRQHandler
                0x0800b6d8                ADC1_2_IRQHandler
                0x0800b76c                SysTickHandler
                0x0800b940                USB_HP_CAN_TX_IRQHandler
                0x0800b944                USB_LP_CAN_RX0_IRQHandler
 .text.Default_Handler
                0x0800b948        0x2 lib/CMSIS_CM3/startup/gcc/startup_stm32f10x_md.o
                0x0800b948                EXTI2_IRQHandler
                0x0800b948                DebugMon_Handler
                0x0800b948                TIM1_CC_IRQHandler
                0x0800b948                HardFault_Handler
                0x0800b948                SysTick_Handler
                0x0800b948                PVD_IRQHandler
                0x0800b948                PendSV_Handler
                0x0800b948                NMI_Handler
                0x0800b948                EXTI3_IRQHandler
                0x0800b948                I2C2_EV_IRQHandler
                0x0800b948                UsageFault_Handler
                0x0800b948                SPI1_IRQHandler
                0x0800b948                TAMPER_IRQHandler
                0x0800b948                DMA1_Channel4_IRQHandler
                0x0800b948                USART3_IRQHandler
                0x0800b948                RTC_IRQHandler
                0x0800b948                DMA1_Channel7_IRQHandler
                0x0800b948                CAN1_RX1_IRQHandler
                0x0800b948                TIM4_IRQHandler
                0x0800b948                I2C1_EV_IRQHandler
                0x0800b948                DMA1_Channel6_IRQHandler
                0x0800b948                TIM3_IRQHandler
                0x0800b948                RCC_IRQHandler
                0x0800b948                TIM1_TRG_COM_IRQHandler
                0x0800b948                DMA1_Channel1_IRQHandler
                0x0800b948                Default_Handler
                0x0800b948                EXTI15_10_IRQHandler
                0x0800b948                EXTI9_5_IRQHandler
                0x0800b948                SPI2_IRQHandler
                0x0800b948                MemManage_Handler
                0x0800b948                SVC_Handler
                0x0800b948                DMA1_Channel5_IRQHandler
                0x0800b948                EXTI4_IRQHandler
                0x0800b948                USB_LP_CAN1_RX0_IRQHandler
                0x0800b948                USB_HP_CAN1_TX_IRQHandler
                0x0800b948                DMA1_Channel3_IRQHandler
                0x0800b948                TIM1_UP_IRQHandler
                0x0800b948                WWDG_IRQHandler
                0x0800b948                TIM2_IRQHandler
                0x0800b948                TIM1_BRK_IRQHandler
                0x0800b948                EXTI1_IRQHandler
                0x0800b948                RTCAlarm_IRQHandler
                0x0800b948                USART2_IRQHandler
                0x0800b948                I2C2_ER_IRQHandler
                0x0800b948                DMA1_Channel2_IRQHandler
                0x0800b948                CAN1_SCE_IRQHandler
                0x0800b948                FLASH_IRQHandler
                0x0800b948                BusFault_Handler
                0x0800b948                USART1_IRQHandler
                0x0800b948                I2C1_ER_IRQHandler
                0x0800b948                USBWakeUp_IRQHandler
 *fill*         0x0800b94a        0x2 00
 .text          0x0800b94c       0xfc lib/CMSIS_CM3/system_stm32f10x.o
                0x0800b94c                SystemInit
 .text          0x0800ba48      0x468 main.o
                0x0800ba48                __str_print_char
                0x0800ba74                __fat_print_char
                0x0800ba94                main
 .text          0x0800beb0       0x2c pwr.o
                0x0800beb0                setuppwr
                0x0800bec4                shutdown
                0x0800bed4                disable_pin
 .text          0x0800bedc      0x1c8 timer.o
                0x0800bedc                setup_pwm
                0x0800c00c                Tryfudge
                0x0800c05c                Set_Motor
 .text          0x0800c0a4      0x110 usart.o
                0x0800c0a4                Usarts_Init
                0x0800c150                Default_Usart_Config
                0x0800c16c                Usart_Send_Str
                0x0800c198                __usart_send_char
 .text          0x0800c1b4       0xb8 lib/STM32F10x_StdPeriph_Driver/libstm32fw.a(misc.o)
                0x0800c1b4                NVIC_PriorityGroupConfig
                0x0800c1c8                NVIC_Init
                0x0800c228                NVIC_SetVectorTable
                0x0800c23c                NVIC_SystemLPConfig
                0x0800c254                SysTick_CLKSourceConfig
 .text          0x0800c26c      0x380 lib/STM32F10x_StdPeriph_Driver/libstm32fw.a(stm32f10x_adc.o)
                0x0800c26c                ADC_DeInit
                0x0800c2c8                ADC_Init
                0x0800c314                ADC_StructInit
                0x0800c326                ADC_Cmd
                0x0800c33a                ADC_DMACmd
                0x0800c34e                ADC_ITConfig
                0x0800c362                ADC_ResetCalibration
                0x0800c36c                ADC_GetResetCalibrationStatus
                0x0800c374                ADC_StartCalibration
                0x0800c37e                ADC_GetCalibrationStatus
                0x0800c386                ADC_SoftwareStartConvCmd
                0x0800c39a                ADC_GetSoftwareStartConvStatus
                0x0800c3a2                ADC_DiscModeChannelCountConfig
                0x0800c3b2                ADC_DiscModeCmd
                0x0800c3c6                ADC_RegularChannelConfig
                0x0800c454                ADC_ExternalTrigConvCmd
                0x0800c468                ADC_GetConversionValue
                0x0800c46e                ADC_GetDualModeConversionValue
                0x0800c478                ADC_AutoInjectedConvCmd
                0x0800c48c                ADC_InjectedDiscModeCmd
                0x0800c4a0                ADC_ExternalTrigInjectedConvConfig
                0x0800c4ae                ADC_ExternalTrigInjectedConvCmd
                0x0800c4c2                ADC_SoftwareStartInjectedConvCmd
                0x0800c4d6                ADC_GetSoftwareStartInjectedConvCmdStatus
                0x0800c4de                ADC_InjectedChannelConfig
                0x0800c53a                ADC_InjectedSequencerLengthConfig
                0x0800c54a                ADC_SetInjectedOffset
                0x0800c560                ADC_GetInjectedConversionValue
                0x0800c57a                ADC_AnalogWatchdogCmd
                0x0800c58c                ADC_AnalogWatchdogThresholdsConfig
                0x0800c592                ADC_AnalogWatchdogSingleChannelConfig
                0x0800c5a0                ADC_TempSensorVrefintCmd
                0x0800c5bc                ADC_GetFlagStatus
                0x0800c5c8                ADC_ClearFlag
                0x0800c5ce                ADC_GetITStatus
                0x0800c5e4                ADC_ClearITPendingBit
 .text          0x0800c5ec       0xe0 lib/STM32F10x_StdPeriph_Driver/libstm32fw.a(stm32f10x_bkp.o)
                0x0800c5ec                BKP_DeInit
                0x0800c5fe                BKP_TamperPinLevelConfig
                0x0800c608                BKP_TamperPinCmd
                0x0800c614                BKP_ITConfig
                0x0800c620                BKP_RTCOutputConfig
                0x0800c638                BKP_SetRTCCalibrationValue
                0x0800c650                BKP_WriteBackupRegister
                0x0800c66c                BKP_ReadBackupRegister
                0x0800c68c                BKP_GetFlagStatus
                0x0800c698                BKP_ClearFlag
                0x0800c6ac                BKP_GetITStatus
                0x0800c6b8                BKP_ClearITPendingBit
 .text          0x0800c6cc      0x1f0 lib/STM32F10x_StdPeriph_Driver/libstm32fw.a(stm32f10x_dma.o)
                0x0800c6cc                DMA_DeInit
                0x0800c7c8                DMA_Init
                0x0800c808                DMA_StructInit
                0x0800c822                DMA_Cmd
                0x0800c836                DMA_ITConfig
                0x0800c848                DMA_GetCurrDataCounter
                0x0800c84e                DMA_GetFlagStatus
                0x0800c86c                DMA_ClearFlag
                0x0800c884                DMA_GetITStatus
                0x0800c8a4                DMA_ClearITPendingBit
 .text          0x0800c8bc      0x108 lib/STM32F10x_StdPeriph_Driver/libstm32fw.a(stm32f10x_exti.o)
                0x0800c8bc                EXTI_DeInit
                0x0800c8d8                EXTI_Init
                0x0800c95c                EXTI_StructInit
                0x0800c96a                EXTI_GenerateSWInterrupt
                0x0800c97c                EXTI_GetFlagStatus
                0x0800c990                EXTI_ClearFlag
                0x0800c99c                EXTI_GetITStatus
                0x0800c9b8                EXTI_ClearITPendingBit
 .text          0x0800c9c4      0x278 lib/STM32F10x_StdPeriph_Driver/libstm32fw.a(stm32f10x_gpio.o)
                0x0800c9c4                GPIO_DeInit
                0x0800ca70                GPIO_AFIODeInit
                0x0800ca86                GPIO_Init
                0x0800cb1e                GPIO_StructInit
                0x0800cb2e                GPIO_ReadInputDataBit
                0x0800cb3a                GPIO_ReadInputData
                0x0800cb40                GPIO_ReadOutputDataBit
                0x0800cb4c                GPIO_ReadOutputData
                0x0800cb52                GPIO_SetBits
                0x0800cb56                GPIO_ResetBits
                0x0800cb5a                GPIO_WriteBit
                0x0800cb64                GPIO_Write
                0x0800cb68                GPIO_PinLockConfig
                0x0800cb78                GPIO_EventOutputConfig
                0x0800cb98                GPIO_EventOutputCmd
                0x0800cba4                GPIO_PinRemapConfig
                0x0800cbfc                GPIO_EXTILineConfig
                0x0800cc30                GPIO_ETH_MediaInterfaceConfig
 .text          0x0800cc3c       0xcc lib/STM32F10x_StdPeriph_Driver/libstm32fw.a(stm32f10x_pwr.o)
                0x0800cc40                PWR_DeInit
                0x0800cc5a                PWR_BackupAccessCmd
                0x0800cc64                PWR_PVDCmd
                0x0800cc70                PWR_PVDLevelConfig
                0x0800cc84                PWR_WakeUpPinCmd
                0x0800cc90                PWR_EnterSTOPMode
                0x0800ccbc                PWR_EnterSTANDBYMode
                0x0800cce4                PWR_GetFlagStatus
                0x0800ccf8                PWR_ClearFlag
 .text          0x0800cd08      0x360 lib/STM32F10x_StdPeriph_Driver/libstm32fw.a(stm32f10x_rcc.o)
                0x0800cd08                RCC_DeInit
                0x0800cd48                RCC_HSEConfig
                0x0800cd80                RCC_AdjustHSICalibrationValue
                0x0800cd94                RCC_HSICmd
                0x0800cda0                RCC_PLLConfig
                0x0800cdb8                RCC_PLLCmd
                0x0800cdc4                RCC_SYSCLKConfig
                0x0800cdd8                RCC_GetSYSCLKSource
                0x0800cde8                RCC_HCLKConfig
                0x0800cdfc                RCC_PCLK1Config
                0x0800ce10                RCC_PCLK2Config
                0x0800ce24                RCC_ITConfig
                0x0800ce3c                RCC_USBCLKConfig
                0x0800ce48                RCC_ADCCLKConfig
                0x0800ce5c                RCC_LSEConfig
                0x0800ce7c                RCC_LSICmd
                0x0800ce88                RCC_RTCCLKConfig
                0x0800ce98                RCC_RTCCLKCmd
                0x0800cea4                RCC_GetClocksFreq
                0x0800cf48                RCC_AHBPeriphClockCmd
                0x0800cf60                RCC_APB2PeriphClockCmd
                0x0800cf78                RCC_APB1PeriphClockCmd
                0x0800cf90                RCC_APB2PeriphResetCmd
                0x0800cfa8                RCC_APB1PeriphResetCmd
                0x0800cfc0                RCC_BackupResetCmd
                0x0800cfcc                RCC_ClockSecuritySystemCmd
                0x0800cfd8                RCC_MCOConfig
                0x0800cfe4                RCC_GetFlagStatus
                0x0800d00c                RCC_WaitForHSEStartUp
                0x0800d038                RCC_ClearFlag
                0x0800d048                RCC_GetITStatus
                0x0800d05c                RCC_ClearITPendingBit
 .text          0x0800d068      0x158 lib/STM32F10x_StdPeriph_Driver/libstm32fw.a(stm32f10x_rtc.o)
                0x0800d068                RTC_ITConfig
                0x0800d084                RTC_EnterConfigMode
                0x0800d098                RTC_ExitConfigMode
                0x0800d0ac                RTC_GetCounter
                0x0800d0c0                RTC_SetCounter
                0x0800d0dc                RTC_SetPrescaler
                0x0800d0fc                RTC_SetAlarm
                0x0800d118                RTC_GetDivider
                0x0800d130                RTC_WaitForLastTask
                0x0800d140                RTC_WaitForSynchro
                0x0800d160                RTC_GetFlagStatus
                0x0800d174                RTC_ClearFlag
                0x0800d188                RTC_GetITStatus
                0x0800d1ac                RTC_ClearITPendingBit
 .text          0x0800d1c0      0x2d4 lib/STM32F10x_StdPeriph_Driver/libstm32fw.a(stm32f10x_spi.o)
                0x0800d1c0                SPI_I2S_DeInit
                0x0800d224                SPI_Init
                0x0800d264                I2S_Init
                0x0800d304                SPI_StructInit
                0x0800d31c                I2S_StructInit
                0x0800d32e                SPI_Cmd
                0x0800d348                I2S_Cmd
                0x0800d362                SPI_I2S_ITConfig
                0x0800d380                SPI_I2S_DMACmd
                0x0800d396                SPI_I2S_SendData
                0x0800d39a                SPI_I2S_ReceiveData
                0x0800d3a0                SPI_NSSInternalSoftwareConfig
                0x0800d3c0                SPI_SSOutputCmd
                0x0800d3da                SPI_DataSizeConfig
                0x0800d3f2                SPI_TransmitCRC
                0x0800d3fe                SPI_CalculateCRC
                0x0800d418                SPI_GetCRC
                0x0800d428                SPI_GetCRCPolynomial
                0x0800d42e                SPI_BiDirectionalLineConfig
                0x0800d44c                SPI_I2S_GetFlagStatus
                0x0800d458                SPI_I2S_ClearFlag
                0x0800d45e                SPI_I2S_GetITStatus
                0x0800d484                SPI_I2S_ClearITPendingBit
 .text          0x0800d494      0xa80 lib/STM32F10x_StdPeriph_Driver/libstm32fw.a(stm32f10x_tim.o)
                0x0800d502                TIM_DeInit
                0x0800d5cc                TIM_TimeBaseInit
                0x0800d608                TIM_OC1Init
                0x0800d688                TIM_OC2Init
                0x0800d710                TIM_OC3Init
                0x0800d794                TIM_OC4Init
                0x0800d7f8                TIM_BDTRConfig
                0x0800d81a                TIM_TimeBaseStructInit
                0x0800d82c                TIM_OCStructInit
                0x0800d840                TIM_ICStructInit
                0x0800d850                TIM_BDTRStructInit
                0x0800d862                TIM_Cmd
                0x0800d87c                TIM_CtrlPWMOutputs
                0x0800d89a                TIM_ITConfig
                0x0800d8b0                TIM_GenerateEvent
                0x0800d8b4                TIM_DMAConfig
                0x0800d8bc                TIM_DMACmd
                0x0800d8d2                TIM_InternalClockConfig
                0x0800d8e0                TIM_ETRConfig
                0x0800d8f6                TIM_ETRClockMode2Config
                0x0800d90a                TIM_ETRClockMode1Config
                0x0800d924                TIM_PrescalerConfig
                0x0800d92a                TIM_CounterModeConfig
                0x0800d93c                TIM_SelectInputTrigger
                0x0800d94e                TIM_TIxExternalClockConfig
                0x0800d97c                TIM_ITRxExternalClockConfig
                0x0800d990                TIM_EncoderInterfaceConfig
                0x0800d9ce                TIM_ForcedOC1Config
                0x0800d9e0                TIM_ForcedOC2Config
                0x0800d9f2                TIM_ForcedOC3Config
                0x0800da04                TIM_ForcedOC4Config
                0x0800da16                TIM_ARRPreloadConfig
                0x0800da30                TIM_SelectCOM
                0x0800da4a                TIM_SelectCCDMA
                0x0800da64                TIM_CCPreloadControl
                0x0800da7e                TIM_OC1PreloadConfig
                0x0800da90                TIM_OC2PreloadConfig
                0x0800daa2                TIM_OC3PreloadConfig
                0x0800dab4                TIM_OC4PreloadConfig
                0x0800dac6                TIM_OC1FastConfig
                0x0800dad8                TIM_OC2FastConfig
                0x0800daea                TIM_OC3FastConfig
                0x0800dafc                TIM_OC4FastConfig
                0x0800db0e                TIM_ClearOC1Ref
                0x0800db20                TIM_ClearOC2Ref
                0x0800db2e                TIM_ClearOC3Ref
                0x0800db40                TIM_ClearOC4Ref
                0x0800db4e                TIM_OC1PolarityConfig
                0x0800db60                TIM_OC1NPolarityConfig
                0x0800db72                TIM_OC2PolarityConfig
                0x0800db84                TIM_OC2NPolarityConfig
                0x0800db96                TIM_OC3PolarityConfig
                0x0800dba8                TIM_OC3NPolarityConfig
                0x0800dbba                TIM_OC4PolarityConfig
                0x0800dbcc                TIM_CCxCmd
                0x0800dbea                TIM_CCxNCmd
                0x0800dc08                TIM_SelectOCxM
                0x0800dc54                TIM_UpdateDisableConfig
                0x0800dc6e                TIM_UpdateRequestConfig
                0x0800dc88                TIM_SelectHallSensor
                0x0800dca2                TIM_SelectOnePulseMode
                0x0800dcba                TIM_SelectOutputTrigger
                0x0800dcd2                TIM_SelectSlaveMode
                0x0800dcea                TIM_SelectMasterSlaveMode
                0x0800dd02                TIM_SetCounter
                0x0800dd06                TIM_SetAutoreload
                0x0800dd0a                TIM_SetCompare1
                0x0800dd0e                TIM_SetCompare2
                0x0800dd12                TIM_SetCompare3
                0x0800dd16                TIM_SetCompare4
                0x0800dd1c                TIM_SetIC1Prescaler
                0x0800dd34                TIM_SetIC2Prescaler
                0x0800dd4c                TIM_PWMIConfig
                0x0800ddb8                TIM_SetIC3Prescaler
                0x0800ddd0                TIM_SetIC4Prescaler
                0x0800dde8                TIM_ICInit
                0x0800deac                TIM_SetClockDivision
                0x0800debe                TIM_GetCapture1
                0x0800dec4                TIM_GetCapture2
                0x0800deca                TIM_GetCapture3
                0x0800ded0                TIM_GetCapture4
                0x0800ded8                TIM_GetCounter
                0x0800dede                TIM_GetPrescaler
                0x0800dee4                TIM_GetFlagStatus
                0x0800def0                TIM_ClearFlag
                0x0800def6                TIM_GetITStatus
                0x0800df0c                TIM_ClearITPendingBit
 .text          0x0800df14      0x374 lib/STM32F10x_StdPeriph_Driver/libstm32fw.a(stm32f10x_usart.o)
                0x0800df14                USART_DeInit
                0x0800dfac                USART_Init
                0x0800e03c                USART_StructInit
                0x0800e052                USART_ClockInit
                0x0800e078                USART_ClockStructInit
                0x0800e084                USART_Cmd
                0x0800e09e                USART_ITConfig
                0x0800e0d4                USART_DMACmd
                0x0800e0ea                USART_SetAddress
                0x0800e102                USART_WakeUpConfig
                0x0800e11a                USART_ReceiverWakeUpCmd
                0x0800e134                USART_LINBreakDetectLengthConfig
                0x0800e14c                USART_LINCmd
                0x0800e166                USART_SendData
                0x0800e16e                USART_ReceiveData
                0x0800e176                USART_SendBreak
                0x0800e182                USART_SetGuardTime
                0x0800e194                USART_SetPrescaler
                0x0800e1a8                USART_SmartCardCmd
                0x0800e1c2                USART_SmartCardNACKCmd
                0x0800e1dc                USART_HalfDuplexCmd
                0x0800e1f6                USART_IrDAConfig
                0x0800e20e                USART_IrDACmd
                0x0800e228                USART_GetFlagStatus
                0x0800e234                USART_ClearFlag
                0x0800e23a                USART_GetITStatus
                0x0800e27a                USART_ClearITPendingBit
 .text          0x0800e288      0xa54 lib/STM32_USB-FS-Device_Driver/libstm32usb.a(usb_core.o)
                0x0800e288                Standard_GetConfiguration
                0x0800e2b0                Standard_GetInterface
                0x0800e2d8                Standard_GetStatus
                0x0800e44c                Standard_SetConfiguration
                0x0800e488                Standard_SetInterface
                0x0800e4d8                Standard_ClearFeature
                0x0800e5d4                Standard_SetEndPointFeature
                0x0800e688                Standard_SetDeviceFeature
                0x0800e6ac                Standard_GetDescriptorData
                0x0800e6c8                Post0_Process
                0x0800e710                Out0_Process
                0x0800e7ec                Setup0_Process
                0x0800ebbc                SetDeviceAddress
                0x0800ec78                In0_Process
                0x0800ecd8                NOP_Process
 .text          0x0800ecdc       0x38 lib/STM32_USB-FS-Device_Driver/libstm32usb.a(usb_init.o)
                0x0800ecdc                USB_Init
 .text          0x0800ed14      0x25c lib/STM32_USB-FS-Device_Driver/libstm32usb.a(usb_int.o)
                0x0800ed14                CTR_LP
                0x0800eedc                CTR_HP
 .text          0x0800ef70       0xb8 lib/STM32_USB-FS-Device_Driver/libstm32usb.a(usb_mem.o)
                0x0800ef70                UserToPMABufferCopy
                0x0800efd8                PMAToUserBufferCopy
 .text          0x0800f028      0x880 lib/STM32_USB-FS-Device_Driver/libstm32usb.a(usb_regs.o)
                0x0800f028                SetCNTR
                0x0800f034                GetCNTR
                0x0800f040                SetISTR
                0x0800f04c                GetISTR
                0x0800f058                GetFNR
                0x0800f064                SetDADDR
                0x0800f070                GetDADDR
                0x0800f07c                SetBTABLE
                0x0800f090                GetBTABLE
                0x0800f09c                SetENDPOINT
                0x0800f0ac                GetENDPOINT
                0x0800f0bc                SetEPType
                0x0800f0d8                GetEPType
                0x0800f0ec                SetEPTxStatus
                0x0800f12c                SetEPRxStatus
                0x0800f16c                SetDouBleBuffEPStall
                0x0800f194                GetEPTxStatus
                0x0800f1a8                GetEPRxStatus
                0x0800f1bc                SetEPTxValid
                0x0800f1e0                SetEPRxValid
                0x0800f204                SetEP_KIND
                0x0800f224                ClearEP_KIND
                0x0800f244                Clear_Status_Out
                0x0800f264                Set_Status_Out
                0x0800f284                SetEPDoubleBuff
                0x0800f2a4                ClearEPDoubleBuff
                0x0800f2c4                GetTxStallStatus
                0x0800f2e4                GetRxStallStatus
                0x0800f304                ClearEP_CTR_RX
                0x0800f31c                ClearEP_CTR_TX
                0x0800f334                ToggleDTOG_RX
                0x0800f354                ToggleDTOG_TX
                0x0800f374                ClearDTOG_RX
                0x0800f39c                ClearDTOG_TX
                0x0800f3c4                SetEPAddress
                0x0800f3e8                GetEPAddress
                0x0800f3fc                SetEPTxAddr
                0x0800f420                SetEPRxAddr
                0x0800f448                GetEPTxAddr
                0x0800f468                GetEPRxAddr
                0x0800f488                SetEPTxCount
                0x0800f4a8                SetEPCountRxReg
                0x0800f4d4                SetEPRxCount
                0x0800f51c                GetEPTxCount
                0x0800f540                GetEPRxCount
                0x0800f564                SetEPDblBuffAddr
                0x0800f5ac                SetEPDblBuf0Addr
                0x0800f5d0                SetEPDblBuf1Addr
                0x0800f5f8                GetEPDblBuf0Addr
                0x0800f618                GetEPDblBuf1Addr
                0x0800f638                SetEPDblBuffCount
                0x0800f6e4                SetEPDblBuf0Count
                0x0800f74c                SetEPDblBuf1Count
                0x0800f7b4                GetEPDblBuf0Count
                0x0800f7d8                GetEPDblBuf1Count
                0x0800f7fc                GetEPDblBufDir
                0x0800f844                FreeUserBuffer
                0x0800f894                ToWord
                0x0800f89c                ByteSwap
 .text          0x0800f8a8       0x6c lib/STM32_USB-FS-Device_Driver/libstm32usb.a(usb_sil.o)
                0x0800f8a8                USB_SIL_Init
                0x0800f8c8                USB_SIL_Write
                0x0800f8f0                USB_SIL_Read
 .text          0x0800f914       0x78 /home/laurence/CodeSourcery/Sourcery_G++_Lite/bin/../lib/gcc/arm-none-eabi/4.5.2/../../../../arm-none-eabi/lib/thumb2/libm.a(lib_a-sf_sin.o)
                0x0800f914                sinf
 .text          0x0800f98c       0xa8 /home/laurence/CodeSourcery/Sourcery_G++_Lite/bin/../lib/gcc/arm-none-eabi/4.5.2/../../../../arm-none-eabi/lib/thumb2/libm.a(lib_a-w_asin.o)
                0x0800f98c                asin
 .text          0x0800fa34       0xac /home/laurence/CodeSourcery/Sourcery_G++_Lite/bin/../lib/gcc/arm-none-eabi/4.5.2/../../../../arm-none-eabi/lib/thumb2/libm.a(lib_a-w_sqrt.o)
                0x0800fa34                sqrt
 .text          0x0800fae0      0x460 /home/laurence/CodeSourcery/Sourcery_G++_Lite/bin/../lib/gcc/arm-none-eabi/4.5.2/../../../../arm-none-eabi/lib/thumb2/libm.a(lib_a-e_asin.o)
                0x0800fae0                __ieee754_asin
 .text          0x0800ff40      0x1c0 /home/laurence/CodeSourcery/Sourcery_G++_Lite/bin/../lib/gcc/arm-none-eabi/4.5.2/../../../../arm-none-eabi/lib/thumb2/libm.a(lib_a-e_sqrt.o)
                0x0800ff40                __ieee754_sqrt
 .text          0x08010100      0x358 /home/laurence/CodeSourcery/Sourcery_G++_Lite/bin/../lib/gcc/arm-none-eabi/4.5.2/../../../../arm-none-eabi/lib/thumb2/libm.a(lib_a-ef_rem_pio2.o)
                0x08010100                __ieee754_rem_pio2f
 .text          0x08010458      0x1b8 /home/laurence/CodeSourcery/Sourcery_G++_Lite/bin/../lib/gcc/arm-none-eabi/4.5.2/../../../../arm-none-eabi/lib/thumb2/libm.a(lib_a-kf_cos.o)
                0x08010458                __kernel_cosf
 .text          0x08010610      0x63c /home/laurence/CodeSourcery/Sourcery_G++_Lite/bin/../lib/gcc/arm-none-eabi/4.5.2/../../../../arm-none-eabi/lib/thumb2/libm.a(lib_a-kf_rem_pio2.o)
                0x08010610                __kernel_rem_pio2f
 .text          0x08010c4c      0x100 /home/laurence/CodeSourcery/Sourcery_G++_Lite/bin/../lib/gcc/arm-none-eabi/4.5.2/../../../../arm-none-eabi/lib/thumb2/libm.a(lib_a-kf_sin.o)
                0x08010c4c                __kernel_sinf
 .text          0x08010d4c        0x8 /home/laurence/CodeSourcery/Sourcery_G++_Lite/bin/../lib/gcc/arm-none-eabi/4.5.2/../../../../arm-none-eabi/lib/thumb2/libm.a(lib_a-s_fabs.o)
                0x08010d4c                fabs
 .text          0x08010d54       0x90 /home/laurence/CodeSourcery/Sourcery_G++_Lite/bin/../lib/gcc/arm-none-eabi/4.5.2/../../../../arm-none-eabi/lib/thumb2/libm.a(lib_a-s_fpclassify.o)
                0x08010d54                __fpclassifyd
 .text          0x08010de4        0x4 /home/laurence/CodeSourcery/Sourcery_G++_Lite/bin/../lib/gcc/arm-none-eabi/4.5.2/../../../../arm-none-eabi/lib/thumb2/libm.a(lib_a-s_matherr.o)
                0x08010de4                matherr
 .text          0x08010de8        0xc /home/laurence/CodeSourcery/Sourcery_G++_Lite/bin/../lib/gcc/arm-none-eabi/4.5.2/../../../../arm-none-eabi/lib/thumb2/libm.a(lib_a-s_nan.o)
                0x08010de8                nan
 .text          0x08010df4        0x8 /home/laurence/CodeSourcery/Sourcery_G++_Lite/bin/../lib/gcc/arm-none-eabi/4.5.2/../../../../arm-none-eabi/lib/thumb2/libm.a(lib_a-sf_fabs.o)
                0x08010df4                fabsf
 .text          0x08010dfc       0xa0 /home/laurence/CodeSourcery/Sourcery_G++_Lite/bin/../lib/gcc/arm-none-eabi/4.5.2/../../../../arm-none-eabi/lib/thumb2/libm.a(lib_a-sf_floor.o)
                0x08010dfc                floorf
 .text          0x08010e9c       0xc0 /home/laurence/CodeSourcery/Sourcery_G++_Lite/bin/../lib/gcc/arm-none-eabi/4.5.2/../../../../arm-none-eabi/lib/thumb2/libm.a(lib_a-sf_scalbn.o)
                0x08010e9c                scalbnf
 .text          0x08010f5c       0x10 /home/laurence/CodeSourcery/Sourcery_G++_Lite/bin/../lib/gcc/arm-none-eabi/4.5.2/../../../../arm-none-eabi/lib/thumb2/libm.a(lib_a-sf_copysign.o)
                0x08010f5c                copysignf
 .text          0x08010f6c      0x370 /home/laurence/CodeSourcery/Sourcery_G++_Lite/bin/../lib/gcc/arm-none-eabi/4.5.2/thumb2/libgcc.a(_arm_addsubdf3.o)
                0x08010f6c                __aeabi_drsub
                0x08010f74                __aeabi_dsub
                0x08010f74                __subdf3
                0x08010f78                __adddf3
                0x08010f78                __aeabi_dadd
                0x080111f0                __aeabi_ui2d
                0x080111f0                __floatunsidf
                0x08011210                __floatsidf
                0x08011210                __aeabi_i2d
                0x08011234                __extendsfdf2
                0x08011234                __aeabi_f2d
                0x08011270                __aeabi_ul2d
                0x08011270                __floatundidf
                0x08011280                __floatdidf
                0x08011280                __aeabi_l2d
 .text          0x080112dc      0x424 /home/laurence/CodeSourcery/Sourcery_G++_Lite/bin/../lib/gcc/arm-none-eabi/4.5.2/thumb2/libgcc.a(_arm_muldivdf3.o)
                0x080112dc                __aeabi_dmul
                0x080112dc                __muldf3
                0x08011530                __aeabi_ddiv
                0x08011530                __divdf3
 .text          0x08011700      0x110 /home/laurence/CodeSourcery/Sourcery_G++_Lite/bin/../lib/gcc/arm-none-eabi/4.5.2/thumb2/libgcc.a(_arm_cmpdf2.o)
                0x08011700                __gtdf2
                0x08011700                __gedf2
                0x08011708                __ltdf2
                0x08011708                __ledf2
                0x08011710                __cmpdf2
                0x08011710                __eqdf2
                0x08011710                __nedf2
                0x0801178c                __aeabi_cdrcmple
                0x0801179c                __aeabi_cdcmple
                0x0801179c                __aeabi_cdcmpeq
                0x080117ac                __aeabi_dcmpeq
                0x080117c0                __aeabi_dcmplt
                0x080117d4                __aeabi_dcmple
                0x080117e8                __aeabi_dcmpge
                0x080117fc                __aeabi_dcmpgt
 .text          0x08011810       0x40 /home/laurence/CodeSourcery/Sourcery_G++_Lite/bin/../lib/gcc/arm-none-eabi/4.5.2/thumb2/libgcc.a(_arm_fixunsdfsi.o)
                0x08011810                __fixunsdfsi
                0x08011810                __aeabi_d2uiz
 .text          0x08011850       0xa0 /home/laurence/CodeSourcery/Sourcery_G++_Lite/bin/../lib/gcc/arm-none-eabi/4.5.2/thumb2/libgcc.a(_arm_truncdfsf2.o)
                0x08011850                __aeabi_d2f
                0x08011850                __truncdfsf2
 .text          0x080118f0      0x21c /home/laurence/CodeSourcery/Sourcery_G++_Lite/bin/../lib/gcc/arm-none-eabi/4.5.2/thumb2/libgcc.a(_arm_addsubsf3.o)
                0x080118f0                __aeabi_frsub
                0x080118f8                __subsf3
                0x080118f8                __aeabi_fsub
                0x080118fc                __aeabi_fadd
                0x080118fc                __addsf3
                0x08011a5c                __aeabi_ui2f
                0x08011a5c                __floatunsisf
                0x08011a64                __aeabi_i2f
                0x08011a64                __floatsisf
                0x08011a80                __floatundisf
                0x08011a80                __aeabi_ul2f
                0x08011a90                __floatdisf
                0x08011a90                __aeabi_l2f
 .text          0x08011b0c      0x2a0 /home/laurence/CodeSourcery/Sourcery_G++_Lite/bin/../lib/gcc/arm-none-eabi/4.5.2/thumb2/libgcc.a(_arm_muldivsf3.o)
                0x08011b0c                __mulsf3
                0x08011b0c                __aeabi_fmul
                0x08011c74                __divsf3
                0x08011c74                __aeabi_fdiv
 .text          0x08011dac       0xec /home/laurence/CodeSourcery/Sourcery_G++_Lite/bin/../lib/gcc/arm-none-eabi/4.5.2/thumb2/libgcc.a(_arm_cmpsf2.o)
                0x08011dac                __gtsf2
                0x08011dac                __gesf2
                0x08011db4                __lesf2
                0x08011db4                __ltsf2
                0x08011dbc                __nesf2
                0x08011dbc                __eqsf2
                0x08011dbc                __cmpsf2
                0x08011e1c                __aeabi_cfrcmple
                0x08011e24                __aeabi_cfcmple
                0x08011e24                __aeabi_cfcmpeq
                0x08011e34                __aeabi_fcmpeq
                0x08011e48                __aeabi_fcmplt
                0x08011e5c                __aeabi_fcmple
                0x08011e70                __aeabi_fcmpge
                0x08011e84                __aeabi_fcmpgt
 .text          0x08011e98       0x4c /home/laurence/CodeSourcery/Sourcery_G++_Lite/bin/../lib/gcc/arm-none-eabi/4.5.2/thumb2/libgcc.a(_arm_fixsfsi.o)
                0x08011e98                __fixsfsi
                0x08011e98                __aeabi_f2iz
 .text          0x08011ee4       0x40 /home/laurence/CodeSourcery/Sourcery_G++_Lite/bin/../lib/gcc/arm-none-eabi/4.5.2/thumb2/libgcc.a(_arm_fixunssfsi.o)
                0x08011ee4                __aeabi_f2uiz
                0x08011ee4                __fixunssfsi
 .text          0x08011f24        0xc /home/laurence/CodeSourcery/Sourcery_G++_Lite/bin/../lib/gcc/arm-none-eabi/4.5.2/../../../../arm-none-eabi/lib/thumb2/libc.a(lib_a-errno.o)
                0x08011f24                __errno
 .text          0x08011f30       0x20 /home/laurence/CodeSourcery/Sourcery_G++_Lite/bin/../lib/gcc/arm-none-eabi/4.5.2/../../../../arm-none-eabi/lib/thumb2/libc.a(lib_a-malloc.o)
                0x08011f30                malloc
                0x08011f40                free
 .text          0x08011f50      0x57c /home/laurence/CodeSourcery/Sourcery_G++_Lite/bin/../lib/gcc/arm-none-eabi/4.5.2/../../../../arm-none-eabi/lib/thumb2/libc.a(lib_a-mallocr.o)
                0x08011f50                _malloc_r
 .text          0x080124cc        0x8 /home/laurence/CodeSourcery/Sourcery_G++_Lite/bin/../lib/gcc/arm-none-eabi/4.5.2/../../../../arm-none-eabi/lib/thumb2/libc.a(lib_a-mlock.o)
                0x080124cc                __malloc_lock
                0x080124d0                __malloc_unlock
 .text          0x080124d4       0x28 /home/laurence/CodeSourcery/Sourcery_G++_Lite/bin/../lib/gcc/arm-none-eabi/4.5.2/../../../../arm-none-eabi/lib/thumb2/libc.a(lib_a-sbrkr.o)
                0x080124d4                _sbrk_r
 .text          0x080124fc       0x60 /home/laurence/CodeSourcery/Sourcery_G++_Lite/bin/../lib/gcc/arm-none-eabi/4.5.2/../../../../arm-none-eabi/lib/thumb2/libc.a(lib_a-strlen.o)
                0x080124fc                strlen
 .text          0x0801255c      0x240 /home/laurence/CodeSourcery/Sourcery_G++_Lite/bin/../lib/gcc/arm-none-eabi/4.5.2/../../../../arm-none-eabi/lib/thumb2/libc.a(lib_a-freer.o)
                0x0801255c                _malloc_trim_r
                0x08012604                _free_r
 .text          0x0801279c       0x30 /home/laurence/CodeSourcery/Sourcery_G++_Lite/bin/../lib/gcc/arm-none-eabi/4.5.2/../../../../arm-none-eabi/lib/thumb2/libcs3.a(start_c.o)
                0x0801279c                __cs3_premain
 .text.cs3.init
                0x080127cc       0x50 /home/laurence/CodeSourcery/Sourcery_G++_Lite/bin/../lib/gcc/arm-none-eabi/4.5.2/../../../../arm-none-eabi/lib/thumb2/libcs3.a(start_c.o)
                0x080127cc                __cs3_start_c
 .text          0x0801281c       0x40 /home/laurence/CodeSourcery/Sourcery_G++_Lite/bin/../lib/gcc/arm-none-eabi/4.5.2/../../../../arm-none-eabi/lib/thumb2/libcs3unhosted.a(unhosted-sbrk.o)
                0x0801281c                _sbrk
 .text.cs3.init
                0x0801285c       0x10 /home/laurence/CodeSourcery/Sourcery_G++_Lite/bin/../lib/gcc/arm-none-eabi/4.5.2/../../../../arm-none-eabi/lib/thumb2/libcs3unhosted.a(unhosted-start.o)
                0x0801285c                _start
 .text          0x0801286c        0x2 lib/libcs3-lanchon-stm32.a(lanchon_stm32_isr_interrupt.o)
                0x0801286c                MemManageException
                0x0801286c                BusFaultException
                0x0801286c                DMAChannel7_IRQHandler
                0x0801286c                DebugMonitor
                0x0801286c                SVCHandler
                0x0801286c                HardFaultException
                0x0801286c                __STM32ReservedException8
                0x0801286c                __STM32DefaultExceptionHandler
                0x0801286c                CAN_SCE_IRQHandler
                0x0801286c                __STM32ReservedException10
                0x0801286c                __STM32ReservedException13
                0x0801286c                NMIException
                0x0801286c                DMAChannel4_IRQHandler
                0x0801286c                PendSVC
                0x0801286c                CAN_RX1_IRQHandler
                0x0801286c                ADC_IRQHandler
                0x0801286c                DMAChannel5_IRQHandler
                0x0801286c                DMAChannel2_IRQHandler
                0x0801286c                __STM32ReservedException7
                0x0801286c                UsageFaultException
                0x0801286c                DMAChannel6_IRQHandler
                0x0801286c                DMAChannel3_IRQHandler
                0x0801286c                __STM32ReservedException9
 *fill*         0x0801286e        0x2 00
 .text          0x08012870       0x50 /home/laurence/CodeSourcery/Sourcery_G++_Lite/bin/../lib/gcc/arm-none-eabi/4.5.2/../../../../arm-none-eabi/lib/thumb2/libc.a(lib_a-init.o)
                0x08012870                __libc_init_array
 *(.plt)
 *(.gnu.warning)
 *(.glue_7t)
 .glue_7t       0x00000000        0x0 linker stubs
 *(.glue_7)
 .glue_7        0x00000000        0x0 linker stubs
 *(.vfp11_veneer)
 .vfp11_veneer  0x00000000        0x0 linker stubs
 *(.rodata .rodata.* .gnu.linkonce.r.*)
 .rodata        0x080128c0       0xac Util/USB/usb_desc.o
                0x080128c0                MASS_DeviceDescriptor
                0x080128d4                MASS_ConfigDescriptor
                0x080128f4                MASS_StringLangID
                0x080128f8                MASS_StringVendor
                0x0801292c                MASS_StringProduct
                0x0801295c                MASS_StringInterface
 .rodata        0x0801296c     0x7738 Util/fat_fs/option/cc932.o
 .rodata.str1.4
                0x0801a0a4       0x13 Util/fat_fs/src/ff.o
                                 0x14 (size before relaxing)
 *fill*         0x0801a0b7        0x1 00
 .rodata        0x0801a0b8        0xc Util/fat_fs/src/rtc.o
 .rodata        0x0801a0c4       0x14 Util/rprintf.o
 .rodata.str1.4
                0x0801a0d8       0x1a Util/rprintf.o
                                 0x1c (size before relaxing)
 *fill*         0x0801a0f2        0x2 00
 .rodata.str1.4
                0x0801a0f4       0x28 interrupts.o
 .rodata.str1.4
                0x0801a11c       0xc8 main.o
 .rodata.str1.4
                0x0801a1e4        0x5 /home/laurence/CodeSourcery/Sourcery_G++_Lite/bin/../lib/gcc/arm-none-eabi/4.5.2/../../../../arm-none-eabi/lib/thumb2/libm.a(lib_a-w_asin.o)
                                  0xc (size before relaxing)
 *fill*         0x0801a1e9        0x3 00
 .rodata.str1.4
                0x0801a1ec        0x5 /home/laurence/CodeSourcery/Sourcery_G++_Lite/bin/../lib/gcc/arm-none-eabi/4.5.2/../../../../arm-none-eabi/lib/thumb2/libm.a(lib_a-w_sqrt.o)
                                  0x8 (size before relaxing)
 *fill*         0x0801a1f1        0x3 00
 .rodata        0x0801a1f4      0x398 /home/laurence/CodeSourcery/Sourcery_G++_Lite/bin/../lib/gcc/arm-none-eabi/4.5.2/../../../../arm-none-eabi/lib/thumb2/libm.a(lib_a-ef_rem_pio2.o)
 .rodata        0x0801a58c       0x38 /home/laurence/CodeSourcery/Sourcery_G++_Lite/bin/../lib/gcc/arm-none-eabi/4.5.2/../../../../arm-none-eabi/lib/thumb2/libm.a(lib_a-kf_rem_pio2.o)
 .rodata.str1.4
                0x0801a5c4        0x4 /home/laurence/CodeSourcery/Sourcery_G++_Lite/bin/../lib/gcc/arm-none-eabi/4.5.2/../../../../arm-none-eabi/lib/thumb2/libc.a(lib_a-impure.o)
 *(.ARM.extab* .gnu.linkonce.armextab.*)
 *(.gcc_except_table)
 *(.eh_frame_hdr)
 *(.eh_frame)
                0x0801a5c8                . = ALIGN (0x4)
 *(.init)
 .init          0x0801a5c8        0x4 /home/laurence/CodeSourcery/Sourcery_G++_Lite/bin/../lib/gcc/arm-none-eabi/4.5.2/thumb2/crti.o
                0x0801a5c8                _init
 .init          0x0801a5cc        0x8 /home/laurence/CodeSourcery/Sourcery_G++_Lite/bin/../lib/gcc/arm-none-eabi/4.5.2/thumb2/crtn.o
                0x0801a5d4                . = ALIGN (0x4)
                0x0801a5d4                __preinit_array_start = .
 *(.preinit_array)
                0x0801a5d4                __preinit_array_end = .
                0x0801a5d4                . = ALIGN (0x4)
                0x0801a5d4                __init_array_start = .
 *(SORT(.init_array.*))
 *(.init_array)
 .init_array    0x0801a5d4        0x4 /home/laurence/CodeSourcery/Sourcery_G++_Lite/bin/../lib/gcc/arm-none-eabi/4.5.2/thumb2/crtbegin.o
                0x0801a5d8                __init_array_end = .
                0x0801a5d8                . = ALIGN (0x4)
 *crtbegin.o(.ctors)
 *(EXCLUDE_FILE(*crtend.o) .ctors)
 *(SORT(.ctors.*))
 *crtend.o(.ctors)
                0x0801a5d8                . = ALIGN (0x4)
 *(.fini)
 .fini          0x0801a5d8        0x4 /home/laurence/CodeSourcery/Sourcery_G++_Lite/bin/../lib/gcc/arm-none-eabi/4.5.2/thumb2/crti.o
                0x0801a5d8                _fini
 .fini          0x0801a5dc        0x8 /home/laurence/CodeSourcery/Sourcery_G++_Lite/bin/../lib/gcc/arm-none-eabi/4.5.2/thumb2/crtn.o
                0x0801a5e4                . = ALIGN (0x4)
                0x0801a5e4                __fini_array_start = .
 *(.fini_array)
 .fini_array    0x0801a5e4        0x4 /home/laurence/CodeSourcery/Sourcery_G++_Lite/bin/../lib/gcc/arm-none-eabi/4.5.2/thumb2/crtbegin.o
 *(SORT(.fini_array.*))
                0x0801a5e8                __fini_array_end = .
 *crtbegin.o(.dtors)
 *(EXCLUDE_FILE(*crtend.o) .dtors)
 *(SORT(.dtors.*))
 *crtend.o(.dtors)
                0x0801a5e8                . = ALIGN (0x4)
                0x0801a5e8                __cs3_regions = .
                0x0801a5e8        0x4 LONG 0x0
                0x0801a5ec        0x4 LONG 0x801a600 __cs3_region_init_ram
                0x0801a5f0        0x4 LONG 0x20000000 __cs3_region_start_ram
                0x0801a5f4        0x4 LONG 0x680 __cs3_region_init_size_ram
                0x0801a5f8        0x4 LONG 0x820 __cs3_region_zero_size_ram
                0x0801a5fc                __exidx_start = .

.v4_bx          0x0801a5fc        0x0
 .v4_bx         0x00000000        0x0 linker stubs

.ARM.exidx
 *(.ARM.exidx* .gnu.linkonce.armexidx.*)
                0x0801a5fc                __exidx_end = .

.text.align     0x0801a5fc        0x4
                0x0801a600                . = ALIGN (0x8)
 *fill*         0x0801a5fc        0x4 00
                0x0801a600                _etext = .
                0x08020000                __cs3_region_end_rom = (__cs3_region_start_rom + 0x20000)
                0x00020000                __cs3_region_size_rom = 0x20000
                0x00000001                __cs3_region_num = 0x1

.data           0x20000000      0x680 load address 0x0801a600
                0x20000000                __cs3_region_start_ram = .
 *(.cs3.region-head.ram)
 *(.jcr)
 .jcr           0x20000000        0x0 /home/laurence/CodeSourcery/Sourcery_G++_Lite/bin/../lib/gcc/arm-none-eabi/4.5.2/thumb2/crtbegin.o
 .jcr           0x20000000        0x4 /home/laurence/CodeSourcery/Sourcery_G++_Lite/bin/../lib/gcc/arm-none-eabi/4.5.2/thumb2/crtend.o
 *(.got.plt)
 *(.got)
 *(.shdata)
 *(.data .data.* .gnu.linkonce.d.*)
 .data          0x20000004       0x74 Util/USB/scsi_data.o
                0x20000004                Standard_Inquiry_Data
                0x20000028                Standard_Inquiry_Data2
                0x2000004c                Mode_Sense6_data
                0x20000050                Mode_Sense10_data
                0x20000058                Scsi_Sense_Data
                0x2000006c                ReadFormatCapacity_Data
 .data          0x20000078       0x1c Util/USB/usb_desc.o
                0x20000078                MASS_StringSerial
 .data          0x20000094       0x38 Util/USB/usb_istr.o
                0x20000094                pEpInt_IN
                0x200000b0                pEpInt_OUT
 .data          0x200000cc       0x90 Util/USB/usb_prop.o
                0x200000cc                String_Descriptor
                0x200000f4                Config_Descriptor
                0x200000fc                Device_Descriptor
                0x20000104                Device_Property
                0x20000134                Device_Table
                0x20000138                User_Standard_Requests
 .data          0x2000015c        0x1 Util/USB/usb_pwr.o
                0x2000015c                fSuspendEnabled
 .data          0x2000015d        0x1 Util/fat_fs/src/sd_spi_stm32.o
 .data          0x2000015e       0x14 lib/STM32F10x_StdPeriph_Driver/libstm32fw.a(stm32f10x_rcc.o)
 .data          0x20000172        0x1 /home/laurence/CodeSourcery/Sourcery_G++_Lite/bin/../lib/gcc/arm-none-eabi/4.5.2/../../../../arm-none-eabi/lib/thumb2/libm.a(lib_a-s_lib_ver.o)
                0x20000172                __fdlib_version
 *fill*         0x20000173        0x1 00
 .data          0x20000174       0xf4 /home/laurence/CodeSourcery/Sourcery_G++_Lite/bin/../lib/gcc/arm-none-eabi/4.5.2/../../../../arm-none-eabi/lib/thumb2/libc.a(lib_a-impure.o)
                0x20000174                _impure_ptr
 .data          0x20000268      0x410 /home/laurence/CodeSourcery/Sourcery_G++_Lite/bin/../lib/gcc/arm-none-eabi/4.5.2/../../../../arm-none-eabi/lib/thumb2/libc.a(lib_a-mallocr.o)
                0x20000268                __malloc_av_
                0x20000670                __malloc_sbrk_base
                0x20000674                __malloc_trim_threshold
 .data          0x20000678        0x4 /home/laurence/CodeSourcery/Sourcery_G++_Lite/bin/../lib/gcc/arm-none-eabi/4.5.2/../../../../arm-none-eabi/lib/thumb2/libcs3unhosted.a(unhosted-sbrk.o)
 .data          0x2000067c        0x4 /home/laurence/CodeSourcery/Sourcery_G++_Lite/bin/../lib/gcc/arm-none-eabi/4.5.2/../../../../arm-none-eabi/lib/thumb2/libcs3.a(heap.o)
                0x2000067c                __cs3_heap_limit
 *(.ram)
                0x20000680                . = ALIGN (0x8)
                0x20000680                _edata = .

.bss            0x20000680      0x820 load address 0x0801ac80
 *(.shbss)
 *(.bss .bss.* .gnu.linkonce.b.*)
 .bss           0x20000680        0x1 /home/laurence/CodeSourcery/Sourcery_G++_Lite/bin/../lib/gcc/arm-none-eabi/4.5.2/thumb2/crtbegin.o
 *fill*         0x20000681        0x3 00
 .bss           0x20000684       0x18 Sensors/ppg.o
 .bss           0x2000069c       0x48 Sensors/pressure.o
 .bss           0x200006e4        0x4 Util/USB/mass_mal.o
                0x200006e4                Status
 .bss           0x200006e8       0x1c Util/USB/memory.o
                0x200006e8                TransferState
                0x200006f4                Block_Read_count
                0x200006f8                Counter
 .bss           0x20000704       0x10 Util/USB/scsi_data.o
                0x20000704                Page00_Inquiry_Data
                0x2000070c                ReadCapacity10_Data
 .bss           0x20000714        0x1 Util/USB/usb_istr.o
                0x20000714                bIntPackSOF
 *fill*         0x20000715        0x3 00
 .bss           0x20000718        0x4 Util/USB/usb_prop.o
                0x20000718                Max_Lun
 .bss           0x2000071c        0x4 Util/USB/usb_pwr.o
                0x2000071c                bDeviceState
 .bss           0x20000720        0x8 Util/fat_fs/src/ff.o
 .bss           0x20000728       0x10 Util/fat_fs/src/sd_spi_stm32.o
 .bss           0x20000738       0x84 Util/rprintf.o
 .bss           0x200007bc        0x8 interrupts.o
 .bss           0x200007c4      0x234 main.o
                0x200009f4                file_opened
 .bss           0x200009f8        0x1 lib/STM32_USB-FS-Device_Driver/libstm32usb.a(usb_core.o)
                0x200009f8                Data_Mul_MaxPacketSize
 *fill*         0x200009f9        0x3 00
 .bss           0x200009fc       0x34 /home/laurence/CodeSourcery/Sourcery_G++_Lite/bin/../lib/gcc/arm-none-eabi/4.5.2/../../../../arm-none-eabi/lib/thumb2/libc.a(lib_a-mallocr.o)
                0x200009fc                __malloc_top_pad
                0x20000a00                __malloc_current_mallinfo
                0x20000a28                __malloc_max_sbrked_mem
                0x20000a2c                __malloc_max_total_mem
 *(COMMON)
 COMMON         0x20000a30        0x4 Sensors/pressure.o
                0x20000a30                pressure_offset
 COMMON         0x20000a34       0x1c Util/USB/mass_mal.o
                0x20000a34                Mass_Memory_Size
                0x20000a3c                Mass_Block_Size
                0x20000a44                Mass_Block_Count
                0x20000a4c                Data_Buffer
 COMMON         0x20000a50        0x8 Util/USB/memory.o
                0x20000a50                Block_offset
                0x20000a54                Idx
 COMMON         0x20000a58       0x7c Util/USB/usb_bot.o
                0x20000a58                CBW
                0x20000a78                Data_Len
                0x20000a7a                Bot_State
                0x20000a7c                SCSI_LBA
                0x20000a80                CSW
                0x20000a90                SCSI_BlkLen
                0x20000a94                Bulk_Data_Buff
 COMMON         0x20000ad4        0x2 Util/USB/usb_istr.o
                0x20000ad4                wIstr
 *fill*         0x20000ad6        0x2 00
 COMMON         0x20000ad8        0x2 Util/USB/usb_pwr.o
                0x20000ad8                ResumeS
 *fill*         0x20000ada        0x2 00
 COMMON         0x20000adc        0x4 adc.o
                0x20000adc                ADC1_Convertion_buff
 COMMON         0x20000ae0        0x1 gpio.o
                0x20000ae0                bootsource
 *fill*         0x20000ae1        0x3 00
 COMMON         0x20000ae4      0x378 main.o
                0x20000ae4                Pressure_control
                0x20000ae8                pressure_setpoint
                0x20000aec                f_err_code
                0x20000af0                Device_Temperature
                0x20000af4                Buff
                0x20000b0c                Millis
                0x20000b10                FATFS_info
                0x20000b30                print_string
                0x20000c30                a
                0x20000c34                reported_pressure
                0x20000c38                FATFS_logfile
 COMMON         0x20000e5c        0x2 lib/STM32_USB-FS-Device_Driver/libstm32usb.a(usb_core.o)
                0x20000e5c                StatusInfo
 *fill*         0x20000e5e        0x2 00
 COMMON         0x20000e60       0x32 lib/STM32_USB-FS-Device_Driver/libstm32usb.a(usb_init.o)
                0x20000e60                SaveState
                0x20000e64                pProperty
                0x20000e68                EPindex
                0x20000e6c                Device_Info
                0x20000e88                pUser_Standard_Requests
                0x20000e8c                pInformation
                0x20000e90                wInterrupt_Mask
 COMMON         0x20000e92        0x4 lib/STM32_USB-FS-Device_Driver/libstm32usb.a(usb_int.o)
                0x20000e92                SaveRState
                0x20000e94                SaveTState
 *fill*         0x20000e96        0x2 00
 COMMON         0x20000e98        0x4 /home/laurence/CodeSourcery/Sourcery_G++_Lite/bin/../lib/gcc/arm-none-eabi/4.5.2/../../../../arm-none-eabi/lib/thumb2/libc.a(lib_a-reent.o)
                0x20000e98                errno
 *(.ram.b)
                0x20000ea0                . = ALIGN (0x8)
 *fill*         0x20000e9c        0x4 00
                0x20000ea0                _end = .
                0x20000ea0                __end = .
                0x20005000                __cs3_region_end_ram = (__cs3_region_start_ram + 0x5000)
                0x00005000                __cs3_region_size_ram = 0x5000
                0x0801a600                __cs3_region_init_ram = LOADADDR (.data)
                0x00000680                __cs3_region_init_size_ram = (_edata - ADDR (.data))
                0x00000820                __cs3_region_zero_size_ram = (_end - _edata)
                0x00000001                __cs3_region_num = 0x1

.stab
 *(.stab)

.stabstr
 *(.stabstr)

.debug
 *(.debug)

.line
 *(.line)

.debug_srcinfo
 *(.debug_srcinfo)

.debug_sfnames
 *(.debug_sfnames)

.comment        0x00000000       0x2a
 .comment       0x00000000       0x2a Sensors/ppg.o
                                 0x2b (size before relaxing)
 .comment       0x00000000       0x2b Sensors/pressure.o
 .comment       0x00000000       0x2b Sensors/temperature.o
 .comment       0x00000000       0x2b Util/USB/hw_config.o
 .comment       0x00000000       0x2b Util/USB/mass_mal.o
 .comment       0x00000000       0x2b Util/USB/memory.o
 .comment       0x00000000       0x2b Util/USB/scsi_data.o
 .comment       0x00000000       0x2b Util/USB/usb_bot.o
 .comment       0x00000000       0x2b Util/USB/usb_desc.o
 .comment       0x00000000       0x2b Util/USB/usb_endp.o
 .comment       0x00000000       0x2b Util/USB/usb_istr.o
 .comment       0x00000000       0x2b Util/USB/usb_prop.o
 .comment       0x00000000       0x2b Util/USB/usb_pwr.o
 .comment       0x00000000       0x2b Util/USB/usb_scsi.o
 .comment       0x00000000       0x2b Util/buffer.o
 .comment       0x00000000       0x2b Util/fat_fs/option/cc932.o
 .comment       0x00000000       0x2b Util/fat_fs/option/syscall.o
 .comment       0x00000000       0x2b Util/fat_fs/src/fattime.o
 .comment       0x00000000       0x2b Util/fat_fs/src/ff.o
 .comment       0x00000000       0x2b Util/fat_fs/src/rtc.o
 .comment       0x00000000       0x2b Util/fat_fs/src/sd_spi_stm32.o
 .comment       0x00000000       0x2b Util/rprintf.o
 .comment       0x00000000       0x2b Util/stm32_eval_spi_sd.o
 .comment       0x00000000       0x2b adc.o
 .comment       0x00000000       0x2b gpio.o
 .comment       0x00000000       0x2b interrupts.o
 .comment       0x00000000       0x2b lib/CMSIS_CM3/core_cm3.o
 .comment       0x00000000       0x2b lib/CMSIS_CM3/system_stm32f10x.o
 .comment       0x00000000       0x2b main.o
 .comment       0x00000000       0x2b pwr.o
 .comment       0x00000000       0x2b timer.o
 .comment       0x00000000       0x2b usart.o
 .comment       0x00000000       0x2b lib/STM32F10x_StdPeriph_Driver/libstm32fw.a(misc.o)
 .comment       0x00000000       0x2b lib/STM32F10x_StdPeriph_Driver/libstm32fw.a(stm32f10x_adc.o)
 .comment       0x00000000       0x2b lib/STM32F10x_StdPeriph_Driver/libstm32fw.a(stm32f10x_bkp.o)
 .comment       0x00000000       0x2b lib/STM32F10x_StdPeriph_Driver/libstm32fw.a(stm32f10x_dma.o)
 .comment       0x00000000       0x2b lib/STM32F10x_StdPeriph_Driver/libstm32fw.a(stm32f10x_exti.o)
 .comment       0x00000000       0x2b lib/STM32F10x_StdPeriph_Driver/libstm32fw.a(stm32f10x_gpio.o)
 .comment       0x00000000       0x2b lib/STM32F10x_StdPeriph_Driver/libstm32fw.a(stm32f10x_pwr.o)
 .comment       0x00000000       0x2b lib/STM32F10x_StdPeriph_Driver/libstm32fw.a(stm32f10x_rcc.o)
 .comment       0x00000000       0x2b lib/STM32F10x_StdPeriph_Driver/libstm32fw.a(stm32f10x_rtc.o)
 .comment       0x00000000       0x2b lib/STM32F10x_StdPeriph_Driver/libstm32fw.a(stm32f10x_spi.o)
 .comment       0x00000000       0x2b lib/STM32F10x_StdPeriph_Driver/libstm32fw.a(stm32f10x_tim.o)
 .comment       0x00000000       0x2b lib/STM32F10x_StdPeriph_Driver/libstm32fw.a(stm32f10x_usart.o)
 .comment       0x00000000       0x2b lib/STM32_USB-FS-Device_Driver/libstm32usb.a(usb_core.o)
 .comment       0x00000000       0x2b lib/STM32_USB-FS-Device_Driver/libstm32usb.a(usb_init.o)
 .comment       0x00000000       0x2b lib/STM32_USB-FS-Device_Driver/libstm32usb.a(usb_int.o)
 .comment       0x00000000       0x2b lib/STM32_USB-FS-Device_Driver/libstm32usb.a(usb_mem.o)
 .comment       0x00000000       0x2b lib/STM32_USB-FS-Device_Driver/libstm32usb.a(usb_regs.o)
 .comment       0x00000000       0x2b lib/STM32_USB-FS-Device_Driver/libstm32usb.a(usb_sil.o)

.debug_aranges  0x00000000      0x3c8
 *(.debug_aranges)
 .debug_aranges
                0x00000000       0x20 Sensors/ppg.o
 .debug_aranges
                0x00000020       0x20 Sensors/pressure.o
 .debug_aranges
                0x00000040       0x20 Sensors/temperature.o
 .debug_aranges
                0x00000060       0x20 Util/USB/hw_config.o
 .debug_aranges
                0x00000080       0x20 Util/USB/mass_mal.o
 .debug_aranges
                0x000000a0       0x20 Util/USB/memory.o
 .debug_aranges
                0x000000c0       0x20 Util/USB/usb_bot.o
 .debug_aranges
                0x000000e0       0x20 Util/USB/usb_endp.o
 .debug_aranges
                0x00000100       0x20 Util/USB/usb_istr.o
 .debug_aranges
                0x00000120       0x20 Util/USB/usb_prop.o
 .debug_aranges
                0x00000140       0x20 Util/USB/usb_pwr.o
 .debug_aranges
                0x00000160       0x20 Util/USB/usb_scsi.o
 .debug_aranges
                0x00000180       0x20 Util/buffer.o
 .debug_aranges
                0x000001a0       0x20 Util/fat_fs/option/cc932.o
 .debug_aranges
                0x000001c0       0x20 Util/fat_fs/src/fattime.o
 .debug_aranges
                0x000001e0       0x20 Util/fat_fs/src/ff.o
 .debug_aranges
                0x00000200       0x20 Util/fat_fs/src/rtc.o
 .debug_aranges
                0x00000220       0x20 Util/fat_fs/src/sd_spi_stm32.o
 .debug_aranges
                0x00000240       0x20 Util/rprintf.o
 .debug_aranges
                0x00000260       0x20 Util/stm32_eval_spi_sd.o
 .debug_aranges
                0x00000280       0x20 adc.o
 .debug_aranges
                0x000002a0       0x20 gpio.o
 .debug_aranges
                0x000002c0       0x20 interrupts.o
 .debug_aranges
                0x000002e0       0x20 lib/CMSIS_CM3/core_cm3.o
 .debug_aranges
                0x00000300       0x28 lib/CMSIS_CM3/startup/gcc/startup_stm32f10x_md.o
 .debug_aranges
                0x00000328       0x20 lib/CMSIS_CM3/system_stm32f10x.o
 .debug_aranges
                0x00000348       0x20 main.o
 .debug_aranges
                0x00000368       0x20 pwr.o
 .debug_aranges
                0x00000388       0x20 timer.o
 .debug_aranges
                0x000003a8       0x20 usart.o

.debug_pubnames
                0x00000000     0x14d2
 *(.debug_pubnames)
 .debug_pubnames
                0x00000000       0x4e Sensors/ppg.o
 .debug_pubnames
                0x0000004e       0x6a Sensors/pressure.o
 .debug_pubnames
                0x000000b8       0x27 Sensors/temperature.o
 .debug_pubnames
                0x000000df      0x113 Util/USB/hw_config.o
 .debug_pubnames
                0x000001f2       0xa5 Util/USB/mass_mal.o
 .debug_pubnames
                0x00000297       0x7f Util/USB/memory.o
 .debug_pubnames
                0x00000316       0xd2 Util/USB/scsi_data.o
 .debug_pubnames
                0x000003e8       0xd9 Util/USB/usb_bot.o
 .debug_pubnames
                0x000004c1       0xb8 Util/USB/usb_desc.o
 .debug_pubnames
                0x00000579       0x3b Util/USB/usb_endp.o
 .debug_pubnames
                0x000005b4       0x56 Util/USB/usb_istr.o
 .debug_pubnames
                0x0000060a      0x1f6 Util/USB/usb_prop.o
 .debug_pubnames
                0x00000800       0x83 Util/USB/usb_pwr.o
 .debug_pubnames
                0x00000883      0x195 Util/USB/usb_scsi.o
 .debug_pubnames
                0x00000a18       0x48 Util/buffer.o
 .debug_pubnames
                0x00000a60       0x31 Util/fat_fs/option/cc932.o
 .debug_pubnames
                0x00000a91       0x22 Util/fat_fs/src/fattime.o
 .debug_pubnames
                0x00000ab3      0x14a Util/fat_fs/src/ff.o
 .debug_pubnames
                0x00000bfd       0x55 Util/fat_fs/src/rtc.o
 .debug_pubnames
                0x00000c52       0x75 Util/fat_fs/src/sd_spi_stm32.o
 .debug_pubnames
                0x00000cc7       0xf9 Util/rprintf.o
 .debug_pubnames
                0x00000dc0      0x167 Util/stm32_eval_spi_sd.o
 .debug_pubnames
                0x00000f27       0x66 adc.o
 .debug_pubnames
                0x00000f8d       0x72 gpio.o
 .debug_pubnames
                0x00000fff       0xf4 interrupts.o
 .debug_pubnames
                0x000010f3      0x159 lib/CMSIS_CM3/core_cm3.o
 .debug_pubnames
                0x0000124c       0xa3 lib/CMSIS_CM3/system_stm32f10x.o
 .debug_pubnames
                0x000012ef      0x108 main.o
 .debug_pubnames
                0x000013f7       0x3c pwr.o
 .debug_pubnames
                0x00001433       0x3b timer.o
 .debug_pubnames
                0x0000146e       0x64 usart.o

.debug_info     0x00000000     0xe2e2
 *(.debug_info .gnu.linkonce.wi.*)
 .debug_info    0x00000000      0x29a Sensors/ppg.o
 .debug_info    0x0000029a      0x1bf Sensors/pressure.o
 .debug_info    0x00000459       0xaf Sensors/temperature.o
 .debug_info    0x00000508      0x731 Util/USB/hw_config.o
 .debug_info    0x00000c39      0x302 Util/USB/mass_mal.o
 .debug_info    0x00000f3b      0x333 Util/USB/memory.o
 .debug_info    0x0000126e      0x16b Util/USB/scsi_data.o
 .debug_info    0x000013d9      0x49d Util/USB/usb_bot.o
 .debug_info    0x00001876      0x187 Util/USB/usb_desc.o
 .debug_info    0x000019fd       0x98 Util/USB/usb_endp.o
 .debug_info    0x00001a95      0x311 Util/USB/usb_istr.o
 .debug_info    0x00001da6      0x9b4 Util/USB/usb_prop.o
 .debug_info    0x0000275a      0x3c3 Util/USB/usb_pwr.o
 .debug_info    0x00002b1d      0x899 Util/USB/usb_scsi.o
 .debug_info    0x000033b6      0x194 Util/buffer.o
 .debug_info    0x0000354a      0x1b9 Util/fat_fs/option/cc932.o
 .debug_info    0x00003703       0x77 Util/fat_fs/option/syscall.o
 .debug_info    0x0000377a      0x15a Util/fat_fs/src/fattime.o
 .debug_info    0x000038d4     0x325b Util/fat_fs/src/ff.o
 .debug_info    0x00006b2f      0x532 Util/fat_fs/src/rtc.o
 .debug_info    0x00007061     0x183f Util/fat_fs/src/sd_spi_stm32.o
 .debug_info    0x000088a0      0xe1f Util/rprintf.o
 .debug_info    0x000096bf     0x1a18 Util/stm32_eval_spi_sd.o
 .debug_info    0x0000b0d7      0x448 adc.o
 .debug_info    0x0000b51f      0x2bf gpio.o
 .debug_info    0x0000b7de      0xd7f interrupts.o
 .debug_info    0x0000c55d      0x547 lib/CMSIS_CM3/core_cm3.o
 .debug_info    0x0000caa4       0x79 lib/CMSIS_CM3/startup/gcc/startup_stm32f10x_md.o
 .debug_info    0x0000cb1d      0x2d0 lib/CMSIS_CM3/system_stm32f10x.o
 .debug_info    0x0000cded      0xa9e main.o
 .debug_info    0x0000d88b       0xcf pwr.o
 .debug_info    0x0000d95a      0x53f timer.o
 .debug_info    0x0000de99      0x449 usart.o

.debug_abbrev   0x00000000     0x2d77
 *(.debug_abbrev)
 .debug_abbrev  0x00000000      0x153 Sensors/ppg.o
 .debug_abbrev  0x00000153       0xf6 Sensors/pressure.o
 .debug_abbrev  0x00000249       0x61 Sensors/temperature.o
 .debug_abbrev  0x000002aa      0x2d3 Util/USB/hw_config.o
 .debug_abbrev  0x0000057d      0x111 Util/USB/mass_mal.o
 .debug_abbrev  0x0000068e      0x110 Util/USB/memory.o
 .debug_abbrev  0x0000079e       0x5c Util/USB/scsi_data.o
 .debug_abbrev  0x000007fa      0x198 Util/USB/usb_bot.o
 .debug_abbrev  0x00000992       0x63 Util/USB/usb_desc.o
 .debug_abbrev  0x000009f5       0x41 Util/USB/usb_endp.o
 .debug_abbrev  0x00000a36      0x113 Util/USB/usb_istr.o
 .debug_abbrev  0x00000b49      0x1d0 Util/USB/usb_prop.o
 .debug_abbrev  0x00000d19      0x1bd Util/USB/usb_pwr.o
 .debug_abbrev  0x00000ed6      0x253 Util/USB/usb_scsi.o
 .debug_abbrev  0x00001129       0xc1 Util/buffer.o
 .debug_abbrev  0x000011ea       0xd2 Util/fat_fs/option/cc932.o
 .debug_abbrev  0x000012bc       0x2c Util/fat_fs/option/syscall.o
 .debug_abbrev  0x000012e8       0x97 Util/fat_fs/src/fattime.o
 .debug_abbrev  0x0000137f      0x2f7 Util/fat_fs/src/ff.o
 .debug_abbrev  0x00001676      0x213 Util/fat_fs/src/rtc.o
 .debug_abbrev  0x00001889      0x34b Util/fat_fs/src/sd_spi_stm32.o
 .debug_abbrev  0x00001bd4      0x2e4 Util/rprintf.o
 .debug_abbrev  0x00001eb8      0x2e8 Util/stm32_eval_spi_sd.o
 .debug_abbrev  0x000021a0      0x143 adc.o
 .debug_abbrev  0x000022e3      0x143 gpio.o
 .debug_abbrev  0x00002426      0x27d interrupts.o
 .debug_abbrev  0x000026a3       0xc1 lib/CMSIS_CM3/core_cm3.o
 .debug_abbrev  0x00002764       0x12 lib/CMSIS_CM3/startup/gcc/startup_stm32f10x_md.o
 .debug_abbrev  0x00002776      0x112 lib/CMSIS_CM3/system_stm32f10x.o
 .debug_abbrev  0x00002888      0x1d7 main.o
 .debug_abbrev  0x00002a5f       0x79 pwr.o
 .debug_abbrev  0x00002ad8      0x119 timer.o
 .debug_abbrev  0x00002bf1      0x186 usart.o

.debug_line     0x00000000     0xaecc
 *(.debug_line)
 .debug_line    0x00000000      0x638 Sensors/ppg.o
 .debug_line    0x00000638      0x33d Sensors/pressure.o
 .debug_line    0x00000975      0x2eb Sensors/temperature.o
 .debug_line    0x00000c60      0x5e6 Util/USB/hw_config.o
 .debug_line    0x00001246      0x558 Util/USB/mass_mal.o
 .debug_line    0x0000179e      0x454 Util/USB/memory.o
 .debug_line    0x00001bf2      0x323 Util/USB/scsi_data.o
 .debug_line    0x00001f15      0x546 Util/USB/usb_bot.o
 .debug_line    0x0000245b      0x2d7 Util/USB/usb_desc.o
 .debug_line    0x00002732      0x3a4 Util/USB/usb_endp.o
 .debug_line    0x00002ad6      0x3df Util/USB/usb_istr.o
 .debug_line    0x00002eb5      0x493 Util/USB/usb_prop.o
 .debug_line    0x00003348      0x43c Util/USB/usb_pwr.o
 .debug_line    0x00003784      0x63d Util/USB/usb_scsi.o
 .debug_line    0x00003dc1      0x4a4 Util/buffer.o
 .debug_line    0x00004265       0xd8 Util/fat_fs/option/cc932.o
 .debug_line    0x0000433d      0x2fc Util/fat_fs/option/syscall.o
 .debug_line    0x00004639      0x179 Util/fat_fs/src/fattime.o
 .debug_line    0x000047b2     0x1c86 Util/fat_fs/src/ff.o
 .debug_line    0x00006438      0x469 Util/fat_fs/src/rtc.o
 .debug_line    0x000068a1      0x830 Util/fat_fs/src/sd_spi_stm32.o
 .debug_line    0x000070d1      0xcbe Util/rprintf.o
 .debug_line    0x00007d8f      0x98f Util/stm32_eval_spi_sd.o
 .debug_line    0x0000871e      0x51f adc.o
 .debug_line    0x00008c3d      0x3e2 gpio.o
 .debug_line    0x0000901f      0x6ed interrupts.o
 .debug_line    0x0000970c      0x198 lib/CMSIS_CM3/core_cm3.o
 .debug_line    0x000098a4       0x84 lib/CMSIS_CM3/startup/gcc/startup_stm32f10x_md.o
 .debug_line    0x00009928      0x320 lib/CMSIS_CM3/system_stm32f10x.o
 .debug_line    0x00009c48      0x709 main.o
 .debug_line    0x0000a351      0x2dd pwr.o
 .debug_line    0x0000a62e      0x346 timer.o
 .debug_line    0x0000a974      0x558 usart.o

.debug_frame    0x00000000     0x1dcc
 *(.debug_frame)
 .debug_frame   0x00000000       0x68 Sensors/ppg.o
 .debug_frame   0x00000068       0x8c Sensors/pressure.o
 .debug_frame   0x000000f4       0x28 Sensors/temperature.o
 .debug_frame   0x0000011c       0xec Util/USB/hw_config.o
 .debug_frame   0x00000208       0x80 Util/USB/mass_mal.o
 .debug_frame   0x00000288       0x50 Util/USB/memory.o
 .debug_frame   0x000002d8       0xc0 Util/USB/usb_bot.o
 .debug_frame   0x00000398       0x30 Util/USB/usb_endp.o
 .debug_frame   0x000003c8       0x2c Util/USB/usb_istr.o
 .debug_frame   0x000003f4      0x11c Util/USB/usb_prop.o
 .debug_frame   0x00000510       0x94 Util/USB/usb_pwr.o
 .debug_frame   0x000005a4      0x180 Util/USB/usb_scsi.o
 .debug_frame   0x00000724       0x64 Util/buffer.o
 .debug_frame   0x00000788       0x3c Util/fat_fs/option/cc932.o
 .debug_frame   0x000007c4       0x2c Util/fat_fs/src/fattime.o
 .debug_frame   0x000007f0      0x564 Util/fat_fs/src/ff.o
 .debug_frame   0x00000d54       0x84 Util/fat_fs/src/rtc.o
 .debug_frame   0x00000dd8      0x12c Util/fat_fs/src/sd_spi_stm32.o
 .debug_frame   0x00000f04      0x1d4 Util/rprintf.o
 .debug_frame   0x000010d8      0x25c Util/stm32_eval_spi_sd.o
 .debug_frame   0x00001334       0x78 adc.o
 .debug_frame   0x000013ac       0x78 gpio.o
 .debug_frame   0x00001424      0x118 interrupts.o
 .debug_frame   0x0000153c      0x170 lib/CMSIS_CM3/core_cm3.o
 .debug_frame   0x000016ac       0x24 lib/CMSIS_CM3/system_stm32f10x.o
 .debug_frame   0x000016d0       0x70 main.o
 .debug_frame   0x00001740       0x50 pwr.o
 .debug_frame   0x00001790       0x68 timer.o
 .debug_frame   0x000017f8       0x78 usart.o
 .debug_frame   0x00001870       0x2c /home/laurence/CodeSourcery/Sourcery_G++_Lite/bin/../lib/gcc/arm-none-eabi/4.5.2/../../../../arm-none-eabi/lib/thumb2/libm.a(lib_a-sf_sin.o)
 .debug_frame   0x0000189c       0x34 /home/laurence/CodeSourcery/Sourcery_G++_Lite/bin/../lib/gcc/arm-none-eabi/4.5.2/../../../../arm-none-eabi/lib/thumb2/libm.a(lib_a-w_asin.o)
 .debug_frame   0x000018d0       0x38 /home/laurence/CodeSourcery/Sourcery_G++_Lite/bin/../lib/gcc/arm-none-eabi/4.5.2/../../../../arm-none-eabi/lib/thumb2/libm.a(lib_a-w_sqrt.o)
 .debug_frame   0x00001908       0x3c /home/laurence/CodeSourcery/Sourcery_G++_Lite/bin/../lib/gcc/arm-none-eabi/4.5.2/../../../../arm-none-eabi/lib/thumb2/libm.a(lib_a-e_asin.o)
 .debug_frame   0x00001944       0x34 /home/laurence/CodeSourcery/Sourcery_G++_Lite/bin/../lib/gcc/arm-none-eabi/4.5.2/../../../../arm-none-eabi/lib/thumb2/libm.a(lib_a-e_sqrt.o)
 .debug_frame   0x00001978       0x3c /home/laurence/CodeSourcery/Sourcery_G++_Lite/bin/../lib/gcc/arm-none-eabi/4.5.2/../../../../arm-none-eabi/lib/thumb2/libm.a(lib_a-ef_rem_pio2.o)
 .debug_frame   0x000019b4       0x34 /home/laurence/CodeSourcery/Sourcery_G++_Lite/bin/../lib/gcc/arm-none-eabi/4.5.2/../../../../arm-none-eabi/lib/thumb2/libm.a(lib_a-kf_cos.o)
 .debug_frame   0x000019e8       0x3c /home/laurence/CodeSourcery/Sourcery_G++_Lite/bin/../lib/gcc/arm-none-eabi/4.5.2/../../../../arm-none-eabi/lib/thumb2/libm.a(lib_a-kf_rem_pio2.o)
 .debug_frame   0x00001a24       0x34 /home/laurence/CodeSourcery/Sourcery_G++_Lite/bin/../lib/gcc/arm-none-eabi/4.5.2/../../../../arm-none-eabi/lib/thumb2/libm.a(lib_a-kf_sin.o)
 .debug_frame   0x00001a58       0x20 /home/laurence/CodeSourcery/Sourcery_G++_Lite/bin/../lib/gcc/arm-none-eabi/4.5.2/../../../../arm-none-eabi/lib/thumb2/libm.a(lib_a-s_fabs.o)
 .debug_frame   0x00001a78       0x28 /home/laurence/CodeSourcery/Sourcery_G++_Lite/bin/../lib/gcc/arm-none-eabi/4.5.2/../../../../arm-none-eabi/lib/thumb2/libm.a(lib_a-s_fpclassify.o)
 .debug_frame   0x00001aa0       0x20 /home/laurence/CodeSourcery/Sourcery_G++_Lite/bin/../lib/gcc/arm-none-eabi/4.5.2/../../../../arm-none-eabi/lib/thumb2/libm.a(lib_a-s_matherr.o)
 .debug_frame   0x00001ac0       0x20 /home/laurence/CodeSourcery/Sourcery_G++_Lite/bin/../lib/gcc/arm-none-eabi/4.5.2/../../../../arm-none-eabi/lib/thumb2/libm.a(lib_a-s_nan.o)
 .debug_frame   0x00001ae0       0x20 /home/laurence/CodeSourcery/Sourcery_G++_Lite/bin/../lib/gcc/arm-none-eabi/4.5.2/../../../../arm-none-eabi/lib/thumb2/libm.a(lib_a-sf_fabs.o)
 .debug_frame   0x00001b00       0x30 /home/laurence/CodeSourcery/Sourcery_G++_Lite/bin/../lib/gcc/arm-none-eabi/4.5.2/../../../../arm-none-eabi/lib/thumb2/libm.a(lib_a-sf_floor.o)
 .debug_frame   0x00001b30       0x28 /home/laurence/CodeSourcery/Sourcery_G++_Lite/bin/../lib/gcc/arm-none-eabi/4.5.2/../../../../arm-none-eabi/lib/thumb2/libm.a(lib_a-sf_scalbn.o)
 .debug_frame   0x00001b58       0x20 /home/laurence/CodeSourcery/Sourcery_G++_Lite/bin/../lib/gcc/arm-none-eabi/4.5.2/../../../../arm-none-eabi/lib/thumb2/libm.a(lib_a-sf_copysign.o)
 .debug_frame   0x00001b78       0x20 /home/laurence/CodeSourcery/Sourcery_G++_Lite/bin/../lib/gcc/arm-none-eabi/4.5.2/../../../../arm-none-eabi/lib/thumb2/libc.a(lib_a-errno.o)
 .debug_frame   0x00001b98       0x30 /home/laurence/CodeSourcery/Sourcery_G++_Lite/bin/../lib/gcc/arm-none-eabi/4.5.2/../../../../arm-none-eabi/lib/thumb2/libc.a(lib_a-malloc.o)
 .debug_frame   0x00001bc8       0x3c /home/laurence/CodeSourcery/Sourcery_G++_Lite/bin/../lib/gcc/arm-none-eabi/4.5.2/../../../../arm-none-eabi/lib/thumb2/libc.a(lib_a-mallocr.o)
 .debug_frame   0x00001c04       0x30 /home/laurence/CodeSourcery/Sourcery_G++_Lite/bin/../lib/gcc/arm-none-eabi/4.5.2/../../../../arm-none-eabi/lib/thumb2/libc.a(lib_a-mlock.o)
 .debug_frame   0x00001c34       0x2c /home/laurence/CodeSourcery/Sourcery_G++_Lite/bin/../lib/gcc/arm-none-eabi/4.5.2/../../../../arm-none-eabi/lib/thumb2/libc.a(lib_a-sbrkr.o)
 .debug_frame   0x00001c60       0x20 /home/laurence/CodeSourcery/Sourcery_G++_Lite/bin/../lib/gcc/arm-none-eabi/4.5.2/../../../../arm-none-eabi/lib/thumb2/libc.a(lib_a-strlen.o)
 .debug_frame   0x00001c80       0x50 /home/laurence/CodeSourcery/Sourcery_G++_Lite/bin/../lib/gcc/arm-none-eabi/4.5.2/../../../../arm-none-eabi/lib/thumb2/libc.a(lib_a-freer.o)
 .debug_frame   0x00001cd0       0x68 /home/laurence/CodeSourcery/Sourcery_G++_Lite/bin/../lib/gcc/arm-none-eabi/4.5.2/../../../../arm-none-eabi/lib/thumb2/libc.a(lib_a-reent.o)
 .debug_frame   0x00001d38       0x40 /home/laurence/CodeSourcery/Sourcery_G++_Lite/bin/../lib/gcc/arm-none-eabi/4.5.2/../../../../arm-none-eabi/lib/thumb2/libcs3.a(start_c.o)
 .debug_frame   0x00001d78       0x28 /home/laurence/CodeSourcery/Sourcery_G++_Lite/bin/../lib/gcc/arm-none-eabi/4.5.2/../../../../arm-none-eabi/lib/thumb2/libcs3unhosted.a(unhosted-sbrk.o)
 .debug_frame   0x00001da0       0x2c /home/laurence/CodeSourcery/Sourcery_G++_Lite/bin/../lib/gcc/arm-none-eabi/4.5.2/../../../../arm-none-eabi/lib/thumb2/libc.a(lib_a-init.o)

.debug_str      0x00000000     0x2ec4
 *(.debug_str)
 .debug_str     0x00000000      0x144 Sensors/ppg.o
                                0x1a8 (size before relaxing)
 .debug_str     0x00000144       0x66 Sensors/pressure.o
                                0x13e (size before relaxing)
 .debug_str     0x000001aa       0x2e Sensors/temperature.o
                                 0xf0 (size before relaxing)
 .debug_str     0x000001d8      0x637 Util/USB/hw_config.o
                                0x742 (size before relaxing)
 .debug_str     0x0000080f       0xad Util/USB/mass_mal.o
                                0x1b6 (size before relaxing)
 .debug_str     0x000008bc       0xd0 Util/USB/memory.o
                                0x200 (size before relaxing)
 .debug_str     0x0000098c       0xa5 Util/USB/scsi_data.o
                                0x170 (size before relaxing)
 .debug_str     0x00000a31       0xd6 Util/USB/usb_bot.o
                                0x22f (size before relaxing)
 .debug_str     0x00000b07       0x8c Util/USB/usb_desc.o
                                0x159 (size before relaxing)
 .debug_str     0x00000b93       0x35 Util/USB/usb_endp.o
                                 0xe8 (size before relaxing)
 .debug_str     0x00000bc8      0x1bf Util/USB/usb_istr.o
                                0x2dd (size before relaxing)
 .debug_str     0x00000d87      0x334 Util/USB/usb_prop.o
                                0x7e5 (size before relaxing)
 .debug_str     0x000010bb       0x6c Util/USB/usb_pwr.o
                                0x2c2 (size before relaxing)
 .debug_str     0x00001127      0x197 Util/USB/usb_scsi.o
                                0x39c (size before relaxing)
 .debug_str     0x000012be       0x38 Util/buffer.o
                                0x134 (size before relaxing)
 .debug_str     0x000012f6       0x5a Util/fat_fs/option/cc932.o
                                 0xe1 (size before relaxing)
 .debug_str     0x00001350       0x1d Util/fat_fs/option/syscall.o
                                 0xd5 (size before relaxing)
 .debug_str     0x0000136d       0x47 Util/fat_fs/src/fattime.o
                                0x11a (size before relaxing)
 .debug_str     0x000013b4      0x4c5 Util/fat_fs/src/ff.o
                                0x5c2 (size before relaxing)
 .debug_str     0x00001879       0xa8 Util/fat_fs/src/rtc.o
                                0x1aa (size before relaxing)
 .debug_str     0x00001921      0x51f Util/fat_fs/src/sd_spi_stm32.o
                                0x691 (size before relaxing)
 .debug_str     0x00001e40      0x134 Util/rprintf.o
                                0x22e (size before relaxing)
 .debug_str     0x00001f74      0x4ea Util/stm32_eval_spi_sd.o
                                0x84c (size before relaxing)
 .debug_str     0x0000245e      0x12d adc.o
                                0x313 (size before relaxing)
 .debug_str     0x0000258b       0x4f gpio.o
                                0x272 (size before relaxing)
 .debug_str     0x000025da      0x2f1 interrupts.o
                                0x8e8 (size before relaxing)
 .debug_str     0x000028cb      0x13d lib/CMSIS_CM3/core_cm3.o
                                0x22f (size before relaxing)
 .debug_str     0x00002a08      0x12d lib/CMSIS_CM3/system_stm32f10x.o
                                0x20a (size before relaxing)
 .debug_str     0x00002b35      0x12f main.o
                                0x59d (size before relaxing)
 .debug_str     0x00002c64       0x1e pwr.o
                                 0xef (size before relaxing)
 .debug_str     0x00002c82      0x15e timer.o
                                0x38c (size before relaxing)
 .debug_str     0x00002de0       0xe4 usart.o
                                0x343 (size before relaxing)
