Archive member included because of file (symbol)

lib/STM32F10x_StdPeriph_Driver/libstm32fw.a(misc.o)
                              Util/USB/hw_config.o (NVIC_PriorityGroupConfig)
lib/STM32F10x_StdPeriph_Driver/libstm32fw.a(stm32f10x_adc.o)
                              adc.o (ADC_DeInit)
lib/STM32F10x_StdPeriph_Driver/libstm32fw.a(stm32f10x_bkp.o)
                              Util/fat_fs/src/rtc.o (BKP_DeInit)
lib/STM32F10x_StdPeriph_Driver/libstm32fw.a(stm32f10x_dbgmcu.o)
                              main.o (DBGMCU_Config)
lib/STM32F10x_StdPeriph_Driver/libstm32fw.a(stm32f10x_dma.o)
                              adc.o (DMA_DeInit)
lib/STM32F10x_StdPeriph_Driver/libstm32fw.a(stm32f10x_exti.o)
                              interrupts.o (EXTI_DeInit)
lib/STM32F10x_StdPeriph_Driver/libstm32fw.a(stm32f10x_gpio.o)
                              Util/fat_fs/src/sd_spi_stm32.o (GPIO_Init)
lib/STM32F10x_StdPeriph_Driver/libstm32fw.a(stm32f10x_i2c.o)
                              i2c_int.o (I2C_DeInit)
lib/STM32F10x_StdPeriph_Driver/libstm32fw.a(stm32f10x_iwdg.o)
                              watchdog.o (IWDG_WriteAccessCmd)
lib/STM32F10x_StdPeriph_Driver/libstm32fw.a(stm32f10x_pwr.o)
                              pwr.o (PWR_DeInit)
lib/STM32F10x_StdPeriph_Driver/libstm32fw.a(stm32f10x_rcc.o)
                              interrupts.o (RCC_HCLKConfig)
lib/STM32F10x_StdPeriph_Driver/libstm32fw.a(stm32f10x_rtc.o)
                              Util/fat_fs/src/rtc.o (RTC_GetCounter)
lib/STM32F10x_StdPeriph_Driver/libstm32fw.a(stm32f10x_spi.o)
                              Util/fat_fs/src/sd_spi_stm32.o (SPI_I2S_DeInit)
lib/STM32F10x_StdPeriph_Driver/libstm32fw.a(stm32f10x_tim.o)
                              timer.o (TIM_DeInit)
lib/STM32F10x_StdPeriph_Driver/libstm32fw.a(stm32f10x_usart.o)
                              usart.o (USART_Init)
lib/STM32_USB-FS-Device_Driver/libstm32usb.a(usb_core.o)
                              Util/USB/usb_prop.o (Standard_GetDescriptorData)
lib/STM32_USB-FS-Device_Driver/libstm32usb.a(usb_init.o)
                              main.o (USB_Init)
lib/STM32_USB-FS-Device_Driver/libstm32usb.a(usb_int.o)
                              Util/USB/usb_istr.o (CTR_LP)
lib/STM32_USB-FS-Device_Driver/libstm32usb.a(usb_mem.o)
                              lib/STM32_USB-FS-Device_Driver/libstm32usb.a(usb_core.o) (UserToPMABufferCopy)
lib/STM32_USB-FS-Device_Driver/libstm32usb.a(usb_regs.o)
                              Util/USB/usb_prop.o (SetBTABLE)
lib/STM32_USB-FS-Device_Driver/libstm32usb.a(usb_sil.o)
                              Util/USB/usb_prop.o (USB_SIL_Init)
/home/laurence/CodeSourcery/Sourcery_G++_Lite/bin/../lib/gcc/arm-none-eabi/4.5.2/../../../../arm-none-eabi/lib/thumb2/libm.a(lib_a-sf_sin.o)
                              Sensors/ppg.o (sinf)
/home/laurence/CodeSourcery/Sourcery_G++_Lite/bin/../lib/gcc/arm-none-eabi/4.5.2/../../../../arm-none-eabi/lib/thumb2/libm.a(lib_a-w_sqrt.o)
                              Sensors/ppg.o (sqrt)
/home/laurence/CodeSourcery/Sourcery_G++_Lite/bin/../lib/gcc/arm-none-eabi/4.5.2/../../../../arm-none-eabi/lib/thumb2/libm.a(lib_a-wf_asin.o)
                              Sensors/ppg.o (asinf)
/home/laurence/CodeSourcery/Sourcery_G++_Lite/bin/../lib/gcc/arm-none-eabi/4.5.2/../../../../arm-none-eabi/lib/thumb2/libm.a(lib_a-e_sqrt.o)
                              /home/laurence/CodeSourcery/Sourcery_G++_Lite/bin/../lib/gcc/arm-none-eabi/4.5.2/../../../../arm-none-eabi/lib/thumb2/libm.a(lib_a-w_sqrt.o) (__ieee754_sqrt)
/home/laurence/CodeSourcery/Sourcery_G++_Lite/bin/../lib/gcc/arm-none-eabi/4.5.2/../../../../arm-none-eabi/lib/thumb2/libm.a(lib_a-ef_asin.o)
                              /home/laurence/CodeSourcery/Sourcery_G++_Lite/bin/../lib/gcc/arm-none-eabi/4.5.2/../../../../arm-none-eabi/lib/thumb2/libm.a(lib_a-wf_asin.o) (__ieee754_asinf)
/home/laurence/CodeSourcery/Sourcery_G++_Lite/bin/../lib/gcc/arm-none-eabi/4.5.2/../../../../arm-none-eabi/lib/thumb2/libm.a(lib_a-ef_rem_pio2.o)
                              /home/laurence/CodeSourcery/Sourcery_G++_Lite/bin/../lib/gcc/arm-none-eabi/4.5.2/../../../../arm-none-eabi/lib/thumb2/libm.a(lib_a-sf_sin.o) (__ieee754_rem_pio2f)
/home/laurence/CodeSourcery/Sourcery_G++_Lite/bin/../lib/gcc/arm-none-eabi/4.5.2/../../../../arm-none-eabi/lib/thumb2/libm.a(lib_a-ef_sqrt.o)
                              /home/laurence/CodeSourcery/Sourcery_G++_Lite/bin/../lib/gcc/arm-none-eabi/4.5.2/../../../../arm-none-eabi/lib/thumb2/libm.a(lib_a-ef_asin.o) (__ieee754_sqrtf)
/home/laurence/CodeSourcery/Sourcery_G++_Lite/bin/../lib/gcc/arm-none-eabi/4.5.2/../../../../arm-none-eabi/lib/thumb2/libm.a(lib_a-kf_cos.o)
                              /home/laurence/CodeSourcery/Sourcery_G++_Lite/bin/../lib/gcc/arm-none-eabi/4.5.2/../../../../arm-none-eabi/lib/thumb2/libm.a(lib_a-sf_sin.o) (__kernel_cosf)
[...]
Memory Configuration

Name             Origin             Length             Attributes
ram              0x20000000         0x00005000         xrw
rom              0x08000000         0x00020000         xr
*default*        0x00000000         0xffffffff

Linker script and memory map

LOAD /home/laurence/CodeSourcery/Sourcery_G++_Lite/bin/../lib/gcc/arm-none-eabi/4.5.2/thumb2/crti.o
LOAD /home/laurence/CodeSourcery/Sourcery_G++_Lite/bin/../lib/gcc/arm-none-eabi/4.5.2/thumb2/crtbegin.o
LOAD Sensors/ppg.o
LOAD Sensors/pressure.o
LOAD Sensors/temperature.o
LOAD Util/USB/hw_config.o
LOAD Util/USB/mass_mal.o
LOAD Util/USB/memory.o
LOAD Util/USB/scsi_data.o
LOAD Util/USB/usb_bot.o
LOAD Util/USB/usb_desc.o
LOAD Util/USB/usb_endp.o
LOAD Util/USB/usb_istr.o
LOAD Util/USB/usb_prop.o
LOAD Util/USB/usb_pwr.o
LOAD Util/USB/usb_scsi.o
LOAD Util/buffer.o
LOAD Util/delay.o
LOAD Util/fat_fs/option/cc932.o
LOAD Util/fat_fs/option/syscall.o
LOAD Util/fat_fs/src/fattime.o
LOAD Util/fat_fs/src/ff.o
LOAD Util/fat_fs/src/rtc.o
LOAD Util/fat_fs/src/sd_spi_stm32.o
LOAD Util/rprintf.o
LOAD Util/stm32_eval_spi_sd.o
LOAD adc.o
LOAD gpio.o
LOAD i2c_int.o
LOAD interrupts.o
LOAD lib/CMSIS_CM3/core_cm3.o
LOAD lib/CMSIS_CM3/startup/gcc/startup_stm32f10x_md.o
LOAD lib/CMSIS_CM3/system_stm32f10x.o
LOAD main.o
LOAD pwr.o
LOAD timer.o
LOAD usart.o
LOAD watchdog.o
LOAD lib/STM32F10x_StdPeriph_Driver/libstm32fw.a
LOAD lib/STM32_USB-FS-Device_Driver/libstm32usb.a
LOAD /home/laurence/CodeSourcery/Sourcery_G++_Lite/bin/../lib/gcc/arm-none-eabi/4.5.2/../../../../arm-none-eabi/lib/thumb2/libm.a
START GROUP
LOAD /home/laurence/CodeSourcery/Sourcery_G++_Lite/bin/../lib/gcc/arm-none-eabi/4.5.2/thumb2/libgcc.a
LOAD /home/laurence/CodeSourcery/Sourcery_G++_Lite/bin/../lib/gcc/arm-none-eabi/4.5.2/../../../../arm-none-eabi/lib/thumb2/libc.a
END GROUP
LOAD /home/laurence/CodeSourcery/Sourcery_G++_Lite/bin/../lib/gcc/arm-none-eabi/4.5.2/thumb2/crtend.o
LOAD /home/laurence/CodeSourcery/Sourcery_G++_Lite/bin/../lib/gcc/arm-none-eabi/4.5.2/thumb2/crtn.o
START GROUP
LOAD /home/laurence/CodeSourcery/Sourcery_G++_Lite/bin/../lib/gcc/arm-none-eabi/4.5.2/thumb2/libgcc.a
LOAD /home/laurence/CodeSourcery/Sourcery_G++_Lite/bin/../lib/gcc/arm-none-eabi/4.5.2/../../../../arm-none-eabi/lib/thumb2/libc.a
LOAD /home/laurence/CodeSourcery/Sourcery_G++_Lite/bin/../lib/gcc/arm-none-eabi/4.5.2/../../../../arm-none-eabi/lib/thumb2/libcs3.a
LOAD /home/laurence/CodeSourcery/Sourcery_G++_Lite/bin/../lib/gcc/arm-none-eabi/4.5.2/../../../../arm-none-eabi/lib/thumb2/libcs3unhosted.a
LOAD lib/libcs3-lanchon-stm32.a
END GROUP
                0x20005000                PROVIDE (__cs3_stack, (__cs3_region_start_ram + __cs3_region_size_ram))
                0x20001500                PROVIDE (__cs3_heap_start, _end)
                0x20005000                PROVIDE (__cs3_heap_end, (__cs3_region_start_ram + __cs3_region_size_ram))

.text           0x08000000    0x1b820
 CREATE_OBJECT_SYMBOLS
                0x08000000                __cs3_region_start_rom = .
 *(.cs3.region-head.rom)
                0x08000000                __cs3_interrupt_vector = __cs3_interrupt_vector_lanchon_stm32
 *(.cs3.interrupt_vector)
 .cs3.interrupt_vector
                0x08000000       0xec lib/libcs3-lanchon-stm32.a(lanchon-stm32-vector.o)
                0x08000000                __cs3_interrupt_vector_lanchon_stm32
                0x08000001                ASSERT ((. != __cs3_interrupt_vector_lanchon_stm32), No interrupt vector)
 *(.rom)
 *(.rom.b)
                0x08013a64                PROVIDE (__cs3_reset_lanchon_stm32, _start)
                0x08013a64                __cs3_reset = __cs3_reset_lanchon_stm32
 *(.cs3.reset)
 *(.text .text.* .gnu.linkonce.t.*)
 .text          0x080000ec       0x30 /home/laurence/CodeSourcery/Sourcery_G++_Lite/bin/../lib/gcc/arm-none-eabi/4.5.2/thumb2/crtbegin.o
 *fill*         0x0800011c        0x4 00
 .text          0x08000120      0x560 Sensors/ppg.o
                0x08000120                PPG_LO_Filter
                0x0800043c                PPG_Automatic_Brightness_Control
                0x080005bc                PPG_correct_brightness
                0x08000648                PWM_Linear
 .text          0x08000680      0x258 Sensors/pressure.o
                0x08000680                calibrate_sensor
                0x080006cc                conv_adc_diff
                0x08000704                conv_diff
                0x08000734                filterloop
 .text          0x080008d8       0x50 Sensors/temperature.o
                0x080008d8                convert_die_temp
                0x080008f4                convert_tmp102_temp
 .text          0x08000928      0x2a0 Util/USB/hw_config.o
                0x08000928                Set_System
                0x08000930                Set_USBClock
                0x08000948                Enter_LowPowerMode
                0x08000954                Leave_LowPowerMode
                0x08000974                USB_Interrupts_Config
                0x080009b8                Led_RW_ON
                0x080009c8                Led_RW_OFF
                0x080009d8                USB_Configured_LED
                0x080009e8                USB_NotConfigured_LED
                0x080009f8                USB_Cable_Config
                0x080009fc                Get_SerialNum
                0x08000bc0                MAL_Config
 .text          0x08000bc8       0xe4 Util/USB/mass_mal.o
                0x08000bc8                MAL_Init
                0x08000c14                MAL_Write
                0x08000c38                MAL_Read
                0x08000c5c                MAL_GetStatus
 .text          0x08000cac      0x1d8 Util/USB/memory.o
                0x08000cac                Read_Memory
                0x08000d90                Write_Memory
 .text          0x08000e84      0x628 Util/USB/usb_bot.o
                0x08000e84                Mass_Storage_In
                0x08000f0c                CBW_Decode
                0x0800136c                Mass_Storage_Out
                0x080013fc                Transfer_Data_Request
                0x08001430                Set_CSW
                0x0800146c                Bot_Abort
 .text          0x080014ac        0x8 Util/USB/usb_endp.o
                0x080014ac                EP1_IN_Callback
                0x080014b0                EP2_OUT_Callback
 .text          0x080014b4       0xf0 Util/USB/usb_istr.o
                0x080014b4                USB_Istr
 .text          0x080015a4      0x268 Util/USB/usb_prop.o
                0x080015a4                Mass_Storage_SetDeviceAddress
                0x080015b0                MASS_Status_In
                0x080015b4                MASS_Status_Out
                0x080015b8                MASS_Get_Interface_Setting
                0x080015c8                Get_Max_Lun
                0x080015e0                MASS_Data_Setup
                0x08001624                MASS_GetStringDescriptor
                0x08001644                MASS_GetConfigDescriptor
                0x08001650                MASS_GetDeviceDescriptor
                0x0800165c                MASS_NoData_Setup
                0x080016ac                Mass_Storage_SetConfiguration
                0x080016dc                Mass_Storage_ClearFeature
                0x080016f8                MASS_Reset
                0x080017e8                MASS_init
 .text          0x0800180c      0x1c4 Util/USB/usb_pwr.o
                0x0800180c                PowerOn
                0x0800183c                PowerOff
                0x08001860                Suspend
                0x080018a4                Resume_Init
                0x080018e4                Resume
 .text          0x080019d0      0x460 Util/USB/usb_scsi.o
                0x080019d0                SCSI_Inquiry_Cmd
                0x08001a08                SCSI_ReadFormatCapacity_Cmd
                0x08001a7c                SCSI_ReadCapacity10_Cmd
                0x08001af8                SCSI_ModeSense6_Cmd
                0x08001b04                SCSI_ModeSense10_Cmd
                0x08001b10                SCSI_RequestSense_Cmd
                0x08001b28                Set_Scsi_Sense_Data
                0x08001b34                SCSI_Start_Stop_Unit_Cmd
                0x08001b3c                SCSI_Read10_Cmd
                0x08001bec                SCSI_Write10_Cmd
                0x08001c98                SCSI_Verify10_Cmd
                0x08001cd8                SCSI_Valid_Cmd
                0x08001d10                SCSI_TestUnitReady_Cmd
                0x08001d44                SCSI_Format_Cmd
                0x08001d70                SCSI_Invalid_Cmd
                0x08001dac                SCSI_Address_Management
 .text          0x08001e30       0x78 Util/buffer.o
                0x08001e30                Add_To_Buffer
                0x08001e64                Get_From_Buffer
                0x08001e94                init_buffer
 .text          0x08001ea8       0x34 Util/delay.o
                0x08001ea8                Delay
 .text          0x08001edc      0x25c Util/fat_fs/option/cc932.o
                0x08001edc                ff_convert
                0x08002108                ff_wtoupper
 .text          0x08002138       0x48 Util/fat_fs/src/fattime.o
                0x08002138                get_fattime
 .text          0x08002180     0x643c Util/fat_fs/src/ff.o
                0x08002a68                clust2sect
                0x08002a84                get_fat
                0x08003028                put_fat
                0x08004dcc                gen_numname
                0x08005a64                f_mount
                0x08005a84                f_open
                0x08005ef0                f_read
                0x080062d8                f_write
                0x0800670c                f_sync
                0x080068e4                f_close
                0x080068f4                f_lseek
                0x08006ac0                f_opendir
                0x08006b2c                f_readdir
                0x08006ba0                f_stat
                0x08006be8                f_getfree
                0x08006e4c                f_truncate
                0x08006fbc                f_unlink
                0x080070d4                f_mkdir
                0x080074fc                f_chmod
                0x08007558                f_utime
                0x080075b8                f_rename
                0x08007878                f_gets
                0x08007994                f_putc
                0x080079b8                f_puts
                0x080079f4                f_printf
 .text          0x080085bc      0x484 Util/fat_fs/src/rtc.o
                0x080085bc                rtc_gettime
                0x0800873c                my_RTC_SetCounter
                0x08008760                rtc_settime
                0x08008994                rtc_init
 .text          0x08008a40      0xd28 Util/fat_fs/src/sd_spi_stm32.o
                0x08008ebc                disk_initialize
                0x08009068                disk_status
                0x08009078                disk_read
                0x080091dc                disk_write
                0x08009350                disk_ioctl
                0x0800972c                disk_timerproc
 .text          0x08009768     0x182c Util/rprintf.o
                0x08009768                rprintfInit
                0x08009774                rprintfChar
                0x0800979c                rprintfStr
                0x080097d4                rprintfStrLen
                0x08009998                rprintfCRLF
                0x080099b0                rprintfu04
                0x080099dc                rprintfu08
                0x08009a24                rprintfu16
                0x08009ac0                rprintfu32
                0x08009c0c                rprintfNum
                0x08009e7c                rprintfFloat
                0x0800a140                rprintf2RamRom
                0x0800af3c                Isdigit
                0x0800af4c                atoiRamRom
                0x0800af84                rStrLen
 .text          0x0800af94      0x23c adc.o
                0x0800af94                ADC_Configuration
                0x0800b150                readADC2
                0x0800b188                setADC2
                0x0800b1a8                getADC2
 .text          0x0800b1d0      0x240 gpio.o
                0x0800b1d0                setup_gpio
                0x0800b384                switch_leds_on
                0x0800b3ac                switch_leds_off
                0x0800b3d4                red_flash
                0x0800b404                get_wkup
 .text          0x0800b410      0x86c i2c_int.o
                0x0800b410                I2C1_EV_IRQHandler
                0x0800b990                I2C1_Request_Job
                0x0800b9e4                I2C1_Setup_Job
                0x0800b9f8                I2C_Config
                0x0800bb80                I2C1_ER_IRQHandler
 *fill*         0x0800bc7c        0x4 00
 .text          0x0800bc80      0x5b0 interrupts.o
                0x0800bc80                ISR_Config
                0x0800bcf4                EXTI_ONOFF_EN
                0x0800bd54                DMA_ISR_Config
                0x0800bd78                SysTick_Configuration
                0x0800bdb0                EXTI0_IRQHandler
                0x0800be3c                DMAChannel1_IRQHandler
                0x0800be68                ADC1_2_IRQHandler
                0x0800befc                SysTickHandler
                0x0800c224                USB_HP_CAN_TX_IRQHandler
                0x0800c228                USB_LP_CAN_RX0_IRQHandler
 .text.Default_Handler
                0x0800c230        0x2 lib/CMSIS_CM3/startup/gcc/startup_stm32f10x_md.o
                0x0800c230                EXTI2_IRQHandler
                0x0800c230                DebugMon_Handler
                0x0800c230                TIM1_CC_IRQHandler
                0x0800c230                HardFault_Handler
                0x0800c230                SysTick_Handler
                0x0800c230                PVD_IRQHandler
                0x0800c230                PendSV_Handler
                0x0800c230                NMI_Handler
                0x0800c230                EXTI3_IRQHandler
                0x0800c230                I2C2_EV_IRQHandler
                0x0800c230                UsageFault_Handler
                0x0800c230                SPI1_IRQHandler
                0x0800c230                TAMPER_IRQHandler
                0x0800c230                DMA1_Channel4_IRQHandler
                0x0800c230                USART3_IRQHandler
                0x0800c230                RTC_IRQHandler
                0x0800c230                DMA1_Channel7_IRQHandler
                0x0800c230                CAN1_RX1_IRQHandler
                0x0800c230                TIM4_IRQHandler
                0x0800c230                DMA1_Channel6_IRQHandler
                0x0800c230                TIM3_IRQHandler
                0x0800c230                RCC_IRQHandler
                0x0800c230                TIM1_TRG_COM_IRQHandler
                0x0800c230                DMA1_Channel1_IRQHandler
                0x0800c230                Default_Handler
                0x0800c230                EXTI15_10_IRQHandler
                0x0800c230                EXTI9_5_IRQHandler
                0x0800c230                SPI2_IRQHandler
                0x0800c230                MemManage_Handler
                0x0800c230                SVC_Handler
                0x0800c230                DMA1_Channel5_IRQHandler
                0x0800c230                EXTI4_IRQHandler
                0x0800c230                USB_LP_CAN1_RX0_IRQHandler
                0x0800c230                USB_HP_CAN1_TX_IRQHandler
                0x0800c230                DMA1_Channel3_IRQHandler
                0x0800c230                TIM1_UP_IRQHandler
                0x0800c230                WWDG_IRQHandler
                0x0800c230                TIM2_IRQHandler
                0x0800c230                TIM1_BRK_IRQHandler
                0x0800c230                EXTI1_IRQHandler
                0x0800c230                RTCAlarm_IRQHandler
                0x0800c230                USART2_IRQHandler
                0x0800c230                I2C2_ER_IRQHandler
                0x0800c230                DMA1_Channel2_IRQHandler
                0x0800c230                CAN1_SCE_IRQHandler
                0x0800c230                FLASH_IRQHandler
                0x0800c230                BusFault_Handler
                0x0800c230                USART1_IRQHandler
                0x0800c230                USBWakeUp_IRQHandler
 *fill*         0x0800c232        0x2 00
 .text          0x0800c234       0xfc lib/CMSIS_CM3/system_stm32f10x.o
                0x0800c234                SystemInit
 .text          0x0800c330      0x730 main.o
                0x0800c330                __str_print_char
                0x0800c35c                __fat_print_char
                0x0800c37c                main
                0x0800c9b4                detect_sensors
 .text          0x0800ca60       0x70 pwr.o
                0x0800ca60                setuppwr
                0x0800ca74                shutdown
                0x0800ca84                disable_pin
                0x0800ca8c                shutdown_filesystem
 .text          0x0800cad0      0x1e0 timer.o
                0x0800cad0                setup_pwm
                0x0800cc18                Tryfudge
                0x0800cc68                Set_Motor
 .text          0x0800ccb0      0x110 usart.o
                0x0800ccb0                Usarts_Init
                0x0800cd5c                Default_Usart_Config
                0x0800cd78                Usart_Send_Str
                0x0800cda4                __usart_send_char
 .text          0x0800cdc0       0x40 watchdog.o
                0x0800cdc0                Watchdog_Config
                0x0800cdec                Watchdog_Reset_Detect
 .text          0x0800ce00       0xb8 lib/STM32F10x_StdPeriph_Driver/libstm32fw.a(misc.o)
                0x0800ce00                NVIC_PriorityGroupConfig
                0x0800ce14                NVIC_Init
                0x0800ce74                NVIC_SetVectorTable
                0x0800ce88                NVIC_SystemLPConfig
                0x0800cea0                SysTick_CLKSourceConfig
 .text          0x0800ceb8      0x380 lib/STM32F10x_StdPeriph_Driver/libstm32fw.a(stm32f10x_adc.o)
                0x0800ceb8                ADC_DeInit
                0x0800cf14                ADC_Init
                0x0800cf60                ADC_StructInit
                0x0800cf72                ADC_Cmd
                0x0800cf86                ADC_DMACmd
                0x0800cf9a                ADC_ITConfig
                0x0800cfae                ADC_ResetCalibration
                0x0800cfb8                ADC_GetResetCalibrationStatus
                0x0800cfc0                ADC_StartCalibration
                0x0800cfca                ADC_GetCalibrationStatus
                0x0800cfd2                ADC_SoftwareStartConvCmd
                0x0800cfe6                ADC_GetSoftwareStartConvStatus
                0x0800cfee                ADC_DiscModeChannelCountConfig
                0x0800cffe                ADC_DiscModeCmd
                0x0800d012                ADC_RegularChannelConfig
                0x0800d0a0                ADC_ExternalTrigConvCmd
                0x0800d0b4                ADC_GetConversionValue
                0x0800d0ba                ADC_GetDualModeConversionValue
                0x0800d0c4                ADC_AutoInjectedConvCmd
                0x0800d0d8                ADC_InjectedDiscModeCmd
                0x0800d0ec                ADC_ExternalTrigInjectedConvConfig
                0x0800d0fa                ADC_ExternalTrigInjectedConvCmd
                0x0800d10e                ADC_SoftwareStartInjectedConvCmd
                0x0800d122                ADC_GetSoftwareStartInjectedConvCmdStatus
                0x0800d12a                ADC_InjectedChannelConfig
                0x0800d186                ADC_InjectedSequencerLengthConfig
                0x0800d196                ADC_SetInjectedOffset
                0x0800d1ac                ADC_GetInjectedConversionValue
                0x0800d1c6                ADC_AnalogWatchdogCmd
                0x0800d1d8                ADC_AnalogWatchdogThresholdsConfig
                0x0800d1de                ADC_AnalogWatchdogSingleChannelConfig
                0x0800d1ec                ADC_TempSensorVrefintCmd
                0x0800d208                ADC_GetFlagStatus
                0x0800d214                ADC_ClearFlag
                0x0800d21a                ADC_GetITStatus
                0x0800d230                ADC_ClearITPendingBit
 .text          0x0800d238       0xe0 lib/STM32F10x_StdPeriph_Driver/libstm32fw.a(stm32f10x_bkp.o)
                0x0800d238                BKP_DeInit
                0x0800d24a                BKP_TamperPinLevelConfig
                0x0800d254                BKP_TamperPinCmd
                0x0800d260                BKP_ITConfig
                0x0800d26c                BKP_RTCOutputConfig
                0x0800d284                BKP_SetRTCCalibrationValue
                0x0800d29c                BKP_WriteBackupRegister
                0x0800d2b8                BKP_ReadBackupRegister
                0x0800d2d8                BKP_GetFlagStatus
                0x0800d2e4                BKP_ClearFlag
                0x0800d2f8                BKP_GetITStatus
                0x0800d304                BKP_ClearITPendingBit
 .text          0x0800d318       0x34 lib/STM32F10x_StdPeriph_Driver/libstm32fw.a(stm32f10x_dbgmcu.o)
                0x0800d318                DBGMCU_GetREVID
                0x0800d324                DBGMCU_GetDEVID
                0x0800d334                DBGMCU_Config
 .text          0x0800d34c      0x1f0 lib/STM32F10x_StdPeriph_Driver/libstm32fw.a(stm32f10x_dma.o)
                0x0800d34c                DMA_DeInit
                0x0800d448                DMA_Init
                0x0800d488                DMA_StructInit
                0x0800d4a2                DMA_Cmd
                0x0800d4b6                DMA_ITConfig
                0x0800d4c8                DMA_GetCurrDataCounter
                0x0800d4ce                DMA_GetFlagStatus
                0x0800d4ec                DMA_ClearFlag
                0x0800d504                DMA_GetITStatus
                0x0800d524                DMA_ClearITPendingBit
 .text          0x0800d53c      0x108 lib/STM32F10x_StdPeriph_Driver/libstm32fw.a(stm32f10x_exti.o)
                0x0800d53c                EXTI_DeInit
                0x0800d558                EXTI_Init
                0x0800d5dc                EXTI_StructInit
                0x0800d5ea                EXTI_GenerateSWInterrupt
                0x0800d5fc                EXTI_GetFlagStatus
                0x0800d610                EXTI_ClearFlag
                0x0800d61c                EXTI_GetITStatus
                0x0800d638                EXTI_ClearITPendingBit
 .text          0x0800d644      0x278 lib/STM32F10x_StdPeriph_Driver/libstm32fw.a(stm32f10x_gpio.o)
                0x0800d644                GPIO_DeInit
                0x0800d6f0                GPIO_AFIODeInit
                0x0800d706                GPIO_Init
                0x0800d79e                GPIO_StructInit
                0x0800d7ae                GPIO_ReadInputDataBit
                0x0800d7ba                GPIO_ReadInputData
                0x0800d7c0                GPIO_ReadOutputDataBit
                0x0800d7cc                GPIO_ReadOutputData
                0x0800d7d2                GPIO_SetBits
                0x0800d7d6                GPIO_ResetBits
                0x0800d7da                GPIO_WriteBit
                0x0800d7e4                GPIO_Write
                0x0800d7e8                GPIO_PinLockConfig
                0x0800d7f8                GPIO_EventOutputConfig
                0x0800d818                GPIO_EventOutputCmd
                0x0800d824                GPIO_PinRemapConfig
                0x0800d87c                GPIO_EXTILineConfig
                0x0800d8b0                GPIO_ETH_MediaInterfaceConfig
 .text          0x0800d8bc      0x3b4 lib/STM32F10x_StdPeriph_Driver/libstm32fw.a(stm32f10x_i2c.o)
                0x0800d8bc                I2C_DeInit
                0x0800d8f0                I2C_Init
                0x0800d9c0                I2C_StructInit
                0x0800d9dc                I2C_Cmd
                0x0800d9f6                I2C_DMACmd
                0x0800da10                I2C_DMALastTransferCmd
                0x0800da2a                I2C_GenerateSTART
                0x0800da44                I2C_GenerateSTOP
                0x0800da5e                I2C_AcknowledgeConfig
                0x0800da78                I2C_OwnAddress2Config
                0x0800da8e                I2C_DualAddressCmd
                0x0800daa8                I2C_GeneralCallCmd
                0x0800dac2                I2C_ITConfig
                0x0800dad8                I2C_SendData
                0x0800dadc                I2C_ReceiveData
                0x0800dae2                I2C_Send7bitAddress
                0x0800daf2                I2C_ReadRegister
                0x0800db0a                I2C_SoftwareResetCmd
                0x0800db22                I2C_SMBusAlertConfig
                0x0800db40                I2C_TransmitPEC
                0x0800db5a                I2C_PECPositionConfig
                0x0800db78                I2C_CalculatePEC
                0x0800db92                I2C_GetPEC
                0x0800db9a                I2C_ARPCmd
                0x0800dbb4                I2C_StretchClockCmd
                0x0800dbce                I2C_FastModeDutyCycleConfig
                0x0800dbec                I2C_GetLastEvent
                0x0800dbfc                I2C_CheckEvent
                0x0800dc14                I2C_GetFlagStatus
                0x0800dc48                I2C_ClearFlag
                0x0800dc4e                I2C_GetITStatus
                0x0800dc6a                I2C_ClearITPendingBit
 .text          0x0800dc70       0x58 lib/STM32F10x_StdPeriph_Driver/libstm32fw.a(stm32f10x_iwdg.o)
                0x0800dc70                IWDG_WriteAccessCmd
                0x0800dc7c                IWDG_SetPrescaler
                0x0800dc88                IWDG_SetReload
                0x0800dc94                IWDG_ReloadCounter
                0x0800dca4                IWDG_Enable
                0x0800dcb4                IWDG_GetFlagStatus
 .text          0x0800dcc8       0xcc lib/STM32F10x_StdPeriph_Driver/libstm32fw.a(stm32f10x_pwr.o)
                0x0800dccc                PWR_DeInit
                0x0800dce6                PWR_BackupAccessCmd
                0x0800dcf0                PWR_PVDCmd
                0x0800dcfc                PWR_PVDLevelConfig
                0x0800dd10                PWR_WakeUpPinCmd
                0x0800dd1c                PWR_EnterSTOPMode
                0x0800dd48                PWR_EnterSTANDBYMode
                0x0800dd70                PWR_GetFlagStatus
                0x0800dd84                PWR_ClearFlag
 .text          0x0800dd94      0x360 lib/STM32F10x_StdPeriph_Driver/libstm32fw.a(stm32f10x_rcc.o)
                0x0800dd94                RCC_DeInit
                0x0800ddd4                RCC_HSEConfig
                0x0800de0c                RCC_AdjustHSICalibrationValue
                0x0800de20                RCC_HSICmd
                0x0800de2c                RCC_PLLConfig
                0x0800de44                RCC_PLLCmd
                0x0800de50                RCC_SYSCLKConfig
                0x0800de64                RCC_GetSYSCLKSource
                0x0800de74                RCC_HCLKConfig
                0x0800de88                RCC_PCLK1Config
                0x0800de9c                RCC_PCLK2Config
                0x0800deb0                RCC_ITConfig
                0x0800dec8                RCC_USBCLKConfig
                0x0800ded4                RCC_ADCCLKConfig
                0x0800dee8                RCC_LSEConfig
                0x0800df08                RCC_LSICmd
                0x0800df14                RCC_RTCCLKConfig
                0x0800df24                RCC_RTCCLKCmd
                0x0800df30                RCC_GetClocksFreq
                0x0800dfd4                RCC_AHBPeriphClockCmd
                0x0800dfec                RCC_APB2PeriphClockCmd
                0x0800e004                RCC_APB1PeriphClockCmd
                0x0800e01c                RCC_APB2PeriphResetCmd
                0x0800e034                RCC_APB1PeriphResetCmd
                0x0800e04c                RCC_BackupResetCmd
                0x0800e058                RCC_ClockSecuritySystemCmd
                0x0800e064                RCC_MCOConfig
                0x0800e070                RCC_GetFlagStatus
                0x0800e098                RCC_WaitForHSEStartUp
                0x0800e0c4                RCC_ClearFlag
                0x0800e0d4                RCC_GetITStatus
                0x0800e0e8                RCC_ClearITPendingBit
 .text          0x0800e0f4      0x158 lib/STM32F10x_StdPeriph_Driver/libstm32fw.a(stm32f10x_rtc.o)
                0x0800e0f4                RTC_ITConfig
                0x0800e110                RTC_EnterConfigMode
                0x0800e124                RTC_ExitConfigMode
                0x0800e138                RTC_GetCounter
                0x0800e14c                RTC_SetCounter
                0x0800e168                RTC_SetPrescaler
                0x0800e188                RTC_SetAlarm
                0x0800e1a4                RTC_GetDivider
                0x0800e1bc                RTC_WaitForLastTask
                0x0800e1cc                RTC_WaitForSynchro
                0x0800e1ec                RTC_GetFlagStatus
                0x0800e200                RTC_ClearFlag
                0x0800e214                RTC_GetITStatus
                0x0800e238                RTC_ClearITPendingBit
 .text          0x0800e24c      0x2d4 lib/STM32F10x_StdPeriph_Driver/libstm32fw.a(stm32f10x_spi.o)
                0x0800e24c                SPI_I2S_DeInit
                0x0800e2b0                SPI_Init
                0x0800e2f0                I2S_Init
                0x0800e390                SPI_StructInit
                0x0800e3a8                I2S_StructInit
                0x0800e3ba                SPI_Cmd
                0x0800e3d4                I2S_Cmd
                0x0800e3ee                SPI_I2S_ITConfig
                0x0800e40c                SPI_I2S_DMACmd
                0x0800e422                SPI_I2S_SendData
                0x0800e426                SPI_I2S_ReceiveData
                0x0800e42c                SPI_NSSInternalSoftwareConfig
                0x0800e44c                SPI_SSOutputCmd
                0x0800e466                SPI_DataSizeConfig
                0x0800e47e                SPI_TransmitCRC
                0x0800e48a                SPI_CalculateCRC
                0x0800e4a4                SPI_GetCRC
                0x0800e4b4                SPI_GetCRCPolynomial
                0x0800e4ba                SPI_BiDirectionalLineConfig
                0x0800e4d8                SPI_I2S_GetFlagStatus
                0x0800e4e4                SPI_I2S_ClearFlag
                0x0800e4ea                SPI_I2S_GetITStatus
                0x0800e510                SPI_I2S_ClearITPendingBit
 .text          0x0800e520      0xa80 lib/STM32F10x_StdPeriph_Driver/libstm32fw.a(stm32f10x_tim.o)
                0x0800e58e                TIM_DeInit
                0x0800e658                TIM_TimeBaseInit
                0x0800e694                TIM_OC1Init
                0x0800e714                TIM_OC2Init
                0x0800e79c                TIM_OC3Init
                0x0800e820                TIM_OC4Init
                0x0800e884                TIM_BDTRConfig
                0x0800e8a6                TIM_TimeBaseStructInit
                0x0800e8b8                TIM_OCStructInit
                0x0800e8cc                TIM_ICStructInit
                0x0800e8dc                TIM_BDTRStructInit
                0x0800e8ee                TIM_Cmd
                0x0800e908                TIM_CtrlPWMOutputs
                0x0800e926                TIM_ITConfig
                0x0800e93c                TIM_GenerateEvent
                0x0800e940                TIM_DMAConfig
                0x0800e948                TIM_DMACmd
                0x0800e95e                TIM_InternalClockConfig
                0x0800e96c                TIM_ETRConfig
                0x0800e982                TIM_ETRClockMode2Config
                0x0800e996                TIM_ETRClockMode1Config
                0x0800e9b0                TIM_PrescalerConfig
                0x0800e9b6                TIM_CounterModeConfig
                0x0800e9c8                TIM_SelectInputTrigger
                0x0800e9da                TIM_TIxExternalClockConfig
                0x0800ea08                TIM_ITRxExternalClockConfig
                0x0800ea1c                TIM_EncoderInterfaceConfig
                0x0800ea5a                TIM_ForcedOC1Config
                0x0800ea6c                TIM_ForcedOC2Config
                0x0800ea7e                TIM_ForcedOC3Config
                0x0800ea90                TIM_ForcedOC4Config
                0x0800eaa2                TIM_ARRPreloadConfig
                0x0800eabc                TIM_SelectCOM
                0x0800ead6                TIM_SelectCCDMA
                0x0800eaf0                TIM_CCPreloadControl
                0x0800eb0a                TIM_OC1PreloadConfig
                0x0800eb1c                TIM_OC2PreloadConfig
                0x0800eb2e                TIM_OC3PreloadConfig
                0x0800eb40                TIM_OC4PreloadConfig
                0x0800eb52                TIM_OC1FastConfig
                0x0800eb64                TIM_OC2FastConfig
                0x0800eb76                TIM_OC3FastConfig
                0x0800eb88                TIM_OC4FastConfig
                0x0800eb9a                TIM_ClearOC1Ref
                0x0800ebac                TIM_ClearOC2Ref
                0x0800ebba                TIM_ClearOC3Ref
                0x0800ebcc                TIM_ClearOC4Ref
                0x0800ebda                TIM_OC1PolarityConfig
                0x0800ebec                TIM_OC1NPolarityConfig
                0x0800ebfe                TIM_OC2PolarityConfig
                0x0800ec10                TIM_OC2NPolarityConfig
                0x0800ec22                TIM_OC3PolarityConfig
                0x0800ec34                TIM_OC3NPolarityConfig
                0x0800ec46                TIM_OC4PolarityConfig
                0x0800ec58                TIM_CCxCmd
                0x0800ec76                TIM_CCxNCmd
                0x0800ec94                TIM_SelectOCxM
                0x0800ece0                TIM_UpdateDisableConfig
                0x0800ecfa                TIM_UpdateRequestConfig
                0x0800ed14                TIM_SelectHallSensor
                0x0800ed2e                TIM_SelectOnePulseMode
                0x0800ed46                TIM_SelectOutputTrigger
                0x0800ed5e                TIM_SelectSlaveMode
                0x0800ed76                TIM_SelectMasterSlaveMode
                0x0800ed8e                TIM_SetCounter
                0x0800ed92                TIM_SetAutoreload
                0x0800ed96                TIM_SetCompare1
                0x0800ed9a                TIM_SetCompare2
                0x0800ed9e                TIM_SetCompare3
                0x0800eda2                TIM_SetCompare4
                0x0800eda8                TIM_SetIC1Prescaler
                0x0800edc0                TIM_SetIC2Prescaler
                0x0800edd8                TIM_PWMIConfig
                0x0800ee44                TIM_SetIC3Prescaler
                0x0800ee5c                TIM_SetIC4Prescaler
                0x0800ee74                TIM_ICInit
                0x0800ef38                TIM_SetClockDivision
                0x0800ef4a                TIM_GetCapture1
                0x0800ef50                TIM_GetCapture2
                0x0800ef56                TIM_GetCapture3
                0x0800ef5c                TIM_GetCapture4
                0x0800ef64                TIM_GetCounter
                0x0800ef6a                TIM_GetPrescaler
                0x0800ef70                TIM_GetFlagStatus
                0x0800ef7c                TIM_ClearFlag
                0x0800ef82                TIM_GetITStatus
                0x0800ef98                TIM_ClearITPendingBit
 .text          0x0800efa0      0x374 lib/STM32F10x_StdPeriph_Driver/libstm32fw.a(stm32f10x_usart.o)
                0x0800efa0                USART_DeInit
                0x0800f038                USART_Init
                0x0800f0c8                USART_StructInit
                0x0800f0de                USART_ClockInit
                0x0800f104                USART_ClockStructInit
                0x0800f110                USART_Cmd
                0x0800f12a                USART_ITConfig
                0x0800f160                USART_DMACmd
                0x0800f176                USART_SetAddress
                0x0800f18e                USART_WakeUpConfig
                0x0800f1a6                USART_ReceiverWakeUpCmd
                0x0800f1c0                USART_LINBreakDetectLengthConfig
                0x0800f1d8                USART_LINCmd
                0x0800f1f2                USART_SendData
                0x0800f1fa                USART_ReceiveData
                0x0800f202                USART_SendBreak
                0x0800f20e                USART_SetGuardTime
                0x0800f220                USART_SetPrescaler
                0x0800f234                USART_SmartCardCmd
                0x0800f24e                USART_SmartCardNACKCmd
                0x0800f268                USART_HalfDuplexCmd
                0x0800f282                USART_IrDAConfig
                0x0800f29a                USART_IrDACmd
                0x0800f2b4                USART_GetFlagStatus
                0x0800f2c0                USART_ClearFlag
                0x0800f2c6                USART_GetITStatus
                0x0800f306                USART_ClearITPendingBit
 .text          0x0800f314      0xa54 lib/STM32_USB-FS-Device_Driver/libstm32usb.a(usb_core.o)
                0x0800f314                Standard_GetConfiguration
                0x0800f33c                Standard_GetInterface
                0x0800f364                Standard_GetStatus
                0x0800f4d8                Standard_SetConfiguration
                0x0800f514                Standard_SetInterface
                0x0800f564                Standard_ClearFeature
                0x0800f660                Standard_SetEndPointFeature
                0x0800f714                Standard_SetDeviceFeature
                0x0800f738                Standard_GetDescriptorData
                0x0800f754                Post0_Process
                0x0800f79c                Out0_Process
                0x0800f878                Setup0_Process
                0x0800fc48                SetDeviceAddress
                0x0800fd04                In0_Process
                0x0800fd64                NOP_Process
 .text          0x0800fd68       0x38 lib/STM32_USB-FS-Device_Driver/libstm32usb.a(usb_init.o)
                0x0800fd68                USB_Init
 .text          0x0800fda0      0x25c lib/STM32_USB-FS-Device_Driver/libstm32usb.a(usb_int.o)
                0x0800fda0                CTR_LP
                0x0800ff68                CTR_HP
 .text          0x0800fffc       0xb8 lib/STM32_USB-FS-Device_Driver/libstm32usb.a(usb_mem.o)
                0x0800fffc                UserToPMABufferCopy
                0x08010064                PMAToUserBufferCopy
 .text          0x080100b4      0x880 lib/STM32_USB-FS-Device_Driver/libstm32usb.a(usb_regs.o)
                0x080100b4                SetCNTR
                0x080100c0                GetCNTR
                0x080100cc                SetISTR
                0x080100d8                GetISTR
                0x080100e4                GetFNR
                0x080100f0                SetDADDR
                0x080100fc                GetDADDR
                0x08010108                SetBTABLE
                0x0801011c                GetBTABLE
                0x08010128                SetENDPOINT
                0x08010138                GetENDPOINT
                0x08010148                SetEPType
                0x08010164                GetEPType
                0x08010178                SetEPTxStatus
                0x080101b8                SetEPRxStatus
                0x080101f8                SetDouBleBuffEPStall
                0x08010220                GetEPTxStatus
                0x08010234                GetEPRxStatus
                0x08010248                SetEPTxValid
                0x0801026c                SetEPRxValid
                0x08010290                SetEP_KIND
                0x080102b0                ClearEP_KIND
                0x080102d0                Clear_Status_Out
                0x080102f0                Set_Status_Out
                0x08010310                SetEPDoubleBuff
                0x08010330                ClearEPDoubleBuff
                0x08010350                GetTxStallStatus
                0x08010370                GetRxStallStatus
                0x08010390                ClearEP_CTR_RX
                0x080103a8                ClearEP_CTR_TX
                0x080103c0                ToggleDTOG_RX
                0x080103e0                ToggleDTOG_TX
                0x08010400                ClearDTOG_RX
                0x08010428                ClearDTOG_TX
                0x08010450                SetEPAddress
                0x08010474                GetEPAddress
                0x08010488                SetEPTxAddr
                0x080104ac                SetEPRxAddr
                0x080104d4                GetEPTxAddr
                0x080104f4                GetEPRxAddr
                0x08010514                SetEPTxCount
                0x08010534                SetEPCountRxReg
                0x08010560                SetEPRxCount
                0x080105a8                GetEPTxCount
                0x080105cc                GetEPRxCount
                0x080105f0                SetEPDblBuffAddr
                0x08010638                SetEPDblBuf0Addr
                0x0801065c                SetEPDblBuf1Addr
                0x08010684                GetEPDblBuf0Addr
                0x080106a4                GetEPDblBuf1Addr
                0x080106c4                SetEPDblBuffCount
                0x08010770                SetEPDblBuf0Count
                0x080107d8                SetEPDblBuf1Count
                0x08010840                GetEPDblBuf0Count
                0x08010864                GetEPDblBuf1Count
                0x08010888                GetEPDblBufDir
                0x080108d0                FreeUserBuffer
                0x08010920                ToWord
                0x08010928                ByteSwap
 .text          0x08010934       0x6c lib/STM32_USB-FS-Device_Driver/libstm32usb.a(usb_sil.o)
                0x08010934                USB_SIL_Init
                0x08010954                USB_SIL_Write
                0x0801097c                USB_SIL_Read
 .text          0x080109a0       0x78 /home/laurence/CodeSourcery/Sourcery_G++_Lite/bin/../lib/gcc/arm-none-eabi/4.5.2/../../../../arm-none-eabi/lib/thumb2/libm.a(lib_a-sf_sin.o)
                0x080109a0                sinf
 .text          0x08010a18       0xac /home/laurence/CodeSourcery/Sourcery_G++_Lite/bin/../lib/gcc/arm-none-eabi/4.5.2/../../../../arm-none-eabi/lib/thumb2/libm.a(lib_a-w_sqrt.o)
                0x08010a18                sqrt
 .text          0x08010ac4       0xa8 /home/laurence/CodeSourcery/Sourcery_G++_Lite/bin/../lib/gcc/arm-none-eabi/4.5.2/../../../../arm-none-eabi/lib/thumb2/libm.a(lib_a-wf_asin.o)
                0x08010ac4                asinf
 .text          0x08010b6c      0x1c0 /home/laurence/CodeSourcery/Sourcery_G++_Lite/bin/../lib/gcc/arm-none-eabi/4.5.2/../../../../arm-none-eabi/lib/thumb2/libm.a(lib_a-e_sqrt.o)
                0x08010b6c                __ieee754_sqrt
 .text          0x08010d2c      0x318 /home/laurence/CodeSourcery/Sourcery_G++_Lite/bin/../lib/gcc/arm-none-eabi/4.5.2/../../../../arm-none-eabi/lib/thumb2/libm.a(lib_a-ef_asin.o)
                0x08010d2c                __ieee754_asinf
 .text          0x08011044      0x358 /home/laurence/CodeSourcery/Sourcery_G++_Lite/bin/../lib/gcc/arm-none-eabi/4.5.2/../../../../arm-none-eabi/lib/thumb2/libm.a(lib_a-ef_rem_pio2.o)
                0x08011044                __ieee754_rem_pio2f
 .text          0x0801139c       0xb0 /home/laurence/CodeSourcery/Sourcery_G++_Lite/bin/../lib/gcc/arm-none-eabi/4.5.2/../../../../arm-none-eabi/lib/thumb2/libm.a(lib_a-ef_sqrt.o)
                0x0801139c                __ieee754_sqrtf
 .text          0x0801144c      0x1b8 /home/laurence/CodeSourcery/Sourcery_G++_Lite/bin/../lib/gcc/arm-none-eabi/4.5.2/../../../../arm-none-eabi/lib/thumb2/libm.a(lib_a-kf_cos.o)
                0x0801144c                __kernel_cosf
 .text          0x08011604      0x63c /home/laurence/CodeSourcery/Sourcery_G++_Lite/bin/../lib/gcc/arm-none-eabi/4.5.2/../../../../arm-none-eabi/lib/thumb2/libm.a(lib_a-kf_rem_pio2.o)
                0x08011604                __kernel_rem_pio2f
 .text          0x08011c40      0x100 /home/laurence/CodeSourcery/Sourcery_G++_Lite/bin/../lib/gcc/arm-none-eabi/4.5.2/../../../../arm-none-eabi/lib/thumb2/libm.a(lib_a-kf_sin.o)
                0x08011c40                __kernel_sinf
 .text          0x08011d40       0x90 /home/laurence/CodeSourcery/Sourcery_G++_Lite/bin/../lib/gcc/arm-none-eabi/4.5.2/../../../../arm-none-eabi/lib/thumb2/libm.a(lib_a-s_fpclassify.o)
                0x08011d40                __fpclassifyd
 .text          0x08011dd0        0x4 /home/laurence/CodeSourcery/Sourcery_G++_Lite/bin/../lib/gcc/arm-none-eabi/4.5.2/../../../../arm-none-eabi/lib/thumb2/libm.a(lib_a-s_matherr.o)
                0x08011dd0                matherr
 .text          0x08011dd4        0xc /home/laurence/CodeSourcery/Sourcery_G++_Lite/bin/../lib/gcc/arm-none-eabi/4.5.2/../../../../arm-none-eabi/lib/thumb2/libm.a(lib_a-s_nan.o)
                0x08011dd4                nan
 .text          0x08011de0        0x8 /home/laurence/CodeSourcery/Sourcery_G++_Lite/bin/../lib/gcc/arm-none-eabi/4.5.2/../../../../arm-none-eabi/lib/thumb2/libm.a(lib_a-sf_fabs.o)
                0x08011de0                fabsf
 .text          0x08011de8       0xa0 /home/laurence/CodeSourcery/Sourcery_G++_Lite/bin/../lib/gcc/arm-none-eabi/4.5.2/../../../../arm-none-eabi/lib/thumb2/libm.a(lib_a-sf_floor.o)
                0x08011de8                floorf
 .text          0x08011e88       0x7c /home/laurence/CodeSourcery/Sourcery_G++_Lite/bin/../lib/gcc/arm-none-eabi/4.5.2/../../../../arm-none-eabi/lib/thumb2/libm.a(lib_a-sf_fpclassify.o)
                0x08011e88                __fpclassifyf
 .text          0x08011f04       0xc0 /home/laurence/CodeSourcery/Sourcery_G++_Lite/bin/../lib/gcc/arm-none-eabi/4.5.2/../../../../arm-none-eabi/lib/thumb2/libm.a(lib_a-sf_scalbn.o)
                0x08011f04                scalbnf
 .text          0x08011fc4       0x10 /home/laurence/CodeSourcery/Sourcery_G++_Lite/bin/../lib/gcc/arm-none-eabi/4.5.2/../../../../arm-none-eabi/lib/thumb2/libm.a(lib_a-sf_copysign.o)
                0x08011fc4                copysignf
 .text          0x08011fd4      0x370 /home/laurence/CodeSourcery/Sourcery_G++_Lite/bin/../lib/gcc/arm-none-eabi/4.5.2/thumb2/libgcc.a(_arm_addsubdf3.o)
                0x08011fd4                __aeabi_drsub
                0x08011fdc                __aeabi_dsub
                0x08011fdc                __subdf3
                0x08011fe0                __adddf3
                0x08011fe0                __aeabi_dadd
                0x08012258                __aeabi_ui2d
                0x08012258                __floatunsidf
                0x08012278                __floatsidf
                0x08012278                __aeabi_i2d
                0x0801229c                __extendsfdf2
                0x0801229c                __aeabi_f2d
                0x080122d8                __aeabi_ul2d
                0x080122d8                __floatundidf
                0x080122e8                __floatdidf
                0x080122e8                __aeabi_l2d
 .text          0x08012344      0x424 /home/laurence/CodeSourcery/Sourcery_G++_Lite/bin/../lib/gcc/arm-none-eabi/4.5.2/thumb2/libgcc.a(_arm_muldivdf3.o)
                0x08012344                __aeabi_dmul
                0x08012344                __muldf3
                0x08012598                __aeabi_ddiv
                0x08012598                __divdf3
 .text          0x08012768      0x110 /home/laurence/CodeSourcery/Sourcery_G++_Lite/bin/../lib/gcc/arm-none-eabi/4.5.2/thumb2/libgcc.a(_arm_cmpdf2.o)
                0x08012768                __gtdf2
                0x08012768                __gedf2
                0x08012770                __ltdf2
                0x08012770                __ledf2
                0x08012778                __cmpdf2
                0x08012778                __eqdf2
                0x08012778                __nedf2
                0x080127f4                __aeabi_cdrcmple
                0x08012804                __aeabi_cdcmple
                0x08012804                __aeabi_cdcmpeq
                0x08012814                __aeabi_dcmpeq
                0x08012828                __aeabi_dcmplt
                0x0801283c                __aeabi_dcmple
                0x08012850                __aeabi_dcmpge
                0x08012864                __aeabi_dcmpgt
 .text          0x08012878       0x50 /home/laurence/CodeSourcery/Sourcery_G++_Lite/bin/../lib/gcc/arm-none-eabi/4.5.2/thumb2/libgcc.a(_arm_fixdfsi.o)
                0x08012878                __fixdfsi
                0x08012878                __aeabi_d2iz
 .text          0x080128c8       0x40 /home/laurence/CodeSourcery/Sourcery_G++_Lite/bin/../lib/gcc/arm-none-eabi/4.5.2/thumb2/libgcc.a(_arm_fixunsdfsi.o)
                0x080128c8                __fixunsdfsi
                0x080128c8                __aeabi_d2uiz
 .text          0x08012908       0xa0 /home/laurence/CodeSourcery/Sourcery_G++_Lite/bin/../lib/gcc/arm-none-eabi/4.5.2/thumb2/libgcc.a(_arm_truncdfsf2.o)
                0x08012908                __aeabi_d2f
                0x08012908                __truncdfsf2
 .text          0x080129a8      0x21c /home/laurence/CodeSourcery/Sourcery_G++_Lite/bin/../lib/gcc/arm-none-eabi/4.5.2/thumb2/libgcc.a(_arm_addsubsf3.o)
                0x080129a8                __aeabi_frsub
                0x080129b0                __subsf3
                0x080129b0                __aeabi_fsub
                0x080129b4                __aeabi_fadd
                0x080129b4                __addsf3
                0x08012b14                __aeabi_ui2f
                0x08012b14                __floatunsisf
                0x08012b1c                __aeabi_i2f
                0x08012b1c                __floatsisf
                0x08012b38                __floatundisf
                0x08012b38                __aeabi_ul2f
                0x08012b48                __floatdisf
                0x08012b48                __aeabi_l2f
 .text          0x08012bc4      0x2a0 /home/laurence/CodeSourcery/Sourcery_G++_Lite/bin/../lib/gcc/arm-none-eabi/4.5.2/thumb2/libgcc.a(_arm_muldivsf3.o)
                0x08012bc4                __mulsf3
                0x08012bc4                __aeabi_fmul
                0x08012d2c                __divsf3
                0x08012d2c                __aeabi_fdiv
 .text          0x08012e64       0xec /home/laurence/CodeSourcery/Sourcery_G++_Lite/bin/../lib/gcc/arm-none-eabi/4.5.2/thumb2/libgcc.a(_arm_cmpsf2.o)
                0x08012e64                __gtsf2
                0x08012e64                __gesf2
                0x08012e6c                __lesf2
                0x08012e6c                __ltsf2
                0x08012e74                __nesf2
                0x08012e74                __eqsf2
                0x08012e74                __cmpsf2
                0x08012ed4                __aeabi_cfrcmple
                0x08012edc                __aeabi_cfcmple
                0x08012edc                __aeabi_cfcmpeq
                0x08012eec                __aeabi_fcmpeq
                0x08012f00                __aeabi_fcmplt
                0x08012f14                __aeabi_fcmple
                0x08012f28                __aeabi_fcmpge
                0x08012f3c                __aeabi_fcmpgt
 .text          0x08012f50       0x4c /home/laurence/CodeSourcery/Sourcery_G++_Lite/bin/../lib/gcc/arm-none-eabi/4.5.2/thumb2/libgcc.a(_arm_fixsfsi.o)
                0x08012f50                __fixsfsi
                0x08012f50                __aeabi_f2iz
 .text          0x08012f9c       0x40 /home/laurence/CodeSourcery/Sourcery_G++_Lite/bin/../lib/gcc/arm-none-eabi/4.5.2/thumb2/libgcc.a(_arm_fixunssfsi.o)
                0x08012f9c                __aeabi_f2uiz
                0x08012f9c                __fixunssfsi
 .text          0x08012fdc        0xc /home/laurence/CodeSourcery/Sourcery_G++_Lite/bin/../lib/gcc/arm-none-eabi/4.5.2/../../../../arm-none-eabi/lib/thumb2/libc.a(lib_a-errno.o)
                0x08012fdc                __errno
 .text          0x08012fe8       0x20 /home/laurence/CodeSourcery/Sourcery_G++_Lite/bin/../lib/gcc/arm-none-eabi/4.5.2/../../../../arm-none-eabi/lib/thumb2/libc.a(lib_a-malloc.o)
                0x08012fe8                malloc
                0x08012ff8                free
 .text          0x08013008      0x57c /home/laurence/CodeSourcery/Sourcery_G++_Lite/bin/../lib/gcc/arm-none-eabi/4.5.2/../../../../arm-none-eabi/lib/thumb2/libc.a(lib_a-mallocr.o)
                0x08013008                _malloc_r
 .text          0x08013584      0x150 /home/laurence/CodeSourcery/Sourcery_G++_Lite/bin/../lib/gcc/arm-none-eabi/4.5.2/../../../../arm-none-eabi/lib/thumb2/libc.a(lib_a-memcpy.o)
                0x08013584                memcpy
 .text          0x080136d4        0x8 /home/laurence/CodeSourcery/Sourcery_G++_Lite/bin/../lib/gcc/arm-none-eabi/4.5.2/../../../../arm-none-eabi/lib/thumb2/libc.a(lib_a-mlock.o)
                0x080136d4                __malloc_lock
                0x080136d8                __malloc_unlock
 .text          0x080136dc       0x28 /home/laurence/CodeSourcery/Sourcery_G++_Lite/bin/../lib/gcc/arm-none-eabi/4.5.2/../../../../arm-none-eabi/lib/thumb2/libc.a(lib_a-sbrkr.o)
                0x080136dc                _sbrk_r
 .text          0x08013704       0x60 /home/laurence/CodeSourcery/Sourcery_G++_Lite/bin/../lib/gcc/arm-none-eabi/4.5.2/../../../../arm-none-eabi/lib/thumb2/libc.a(lib_a-strlen.o)
                0x08013704                strlen
 .text          0x08013764      0x240 /home/laurence/CodeSourcery/Sourcery_G++_Lite/bin/../lib/gcc/arm-none-eabi/4.5.2/../../../../arm-none-eabi/lib/thumb2/libc.a(lib_a-freer.o)
                0x08013764                _malloc_trim_r
                0x0801380c                _free_r
 .text          0x080139a4       0x30 /home/laurence/CodeSourcery/Sourcery_G++_Lite/bin/../lib/gcc/arm-none-eabi/4.5.2/../../../../arm-none-eabi/lib/thumb2/libcs3.a(start_c.o)
                0x080139a4                __cs3_premain
 .text.cs3.init
                0x080139d4       0x50 /home/laurence/CodeSourcery/Sourcery_G++_Lite/bin/../lib/gcc/arm-none-eabi/4.5.2/../../../../arm-none-eabi/lib/thumb2/libcs3.a(start_c.o)
                0x080139d4                __cs3_start_c
 .text          0x08013a24       0x40 /home/laurence/CodeSourcery/Sourcery_G++_Lite/bin/../lib/gcc/arm-none-eabi/4.5.2/../../../../arm-none-eabi/lib/thumb2/libcs3unhosted.a(unhosted-sbrk.o)
                0x08013a24                _sbrk
 .text.cs3.init
                0x08013a64       0x10 /home/laurence/CodeSourcery/Sourcery_G++_Lite/bin/../lib/gcc/arm-none-eabi/4.5.2/../../../../arm-none-eabi/lib/thumb2/libcs3unhosted.a(unhosted-start.o)
                0x08013a64                _start
 .text          0x08013a74        0x2 lib/libcs3-lanchon-stm32.a(lanchon_stm32_isr_interrupt.o)
                0x08013a74                MemManageException
                0x08013a74                BusFaultException
                0x08013a74                DMAChannel7_IRQHandler
                0x08013a74                DebugMonitor
                0x08013a74                SVCHandler
                0x08013a74                HardFaultException
                0x08013a74                __STM32ReservedException8
                0x08013a74                __STM32DefaultExceptionHandler
                0x08013a74                CAN_SCE_IRQHandler
                0x08013a74                __STM32ReservedException10
                0x08013a74                __STM32ReservedException13
                0x08013a74                NMIException
                0x08013a74                DMAChannel4_IRQHandler
                0x08013a74                PendSVC
                0x08013a74                CAN_RX1_IRQHandler
                0x08013a74                ADC_IRQHandler
                0x08013a74                DMAChannel5_IRQHandler
                0x08013a74                DMAChannel2_IRQHandler
                0x08013a74                __STM32ReservedException7
                0x08013a74                UsageFaultException
                0x08013a74                DMAChannel6_IRQHandler
                0x08013a74                DMAChannel3_IRQHandler
                0x08013a74                __STM32ReservedException9
 *fill*         0x08013a76        0x2 00
 .text          0x08013a78       0x50 /home/laurence/CodeSourcery/Sourcery_G++_Lite/bin/../lib/gcc/arm-none-eabi/4.5.2/../../../../arm-none-eabi/lib/thumb2/libc.a(lib_a-init.o)
                0x08013a78                __libc_init_array
 *(.plt)
 *(.gnu.warning)
 *(.glue_7t)
 .glue_7t       0x00000000        0x0 linker stubs
 *(.glue_7)
 .glue_7        0x00000000        0x0 linker stubs
 *(.vfp11_veneer)
 .vfp11_veneer  0x00000000        0x0 linker stubs
 *(.rodata .rodata.* .gnu.linkonce.r.*)
 .rodata        0x08013ac8       0xac Util/USB/usb_desc.o
                0x08013ac8                MASS_DeviceDescriptor
                0x08013adc                MASS_ConfigDescriptor
                0x08013afc                MASS_StringLangID
                0x08013b00                MASS_StringVendor
                0x08013b34                MASS_StringProduct
                0x08013b64                MASS_StringInterface
 .rodata        0x08013b74     0x7738 Util/fat_fs/option/cc932.o
 .rodata.str1.4
                0x0801b2ac       0x13 Util/fat_fs/src/ff.o
                                 0x14 (size before relaxing)
 *fill*         0x0801b2bf        0x1 00
 .rodata        0x0801b2c0        0xc Util/fat_fs/src/rtc.o
 .rodata        0x0801b2cc       0x14 Util/rprintf.o
 .rodata.str1.4
                0x0801b2e0       0x1a Util/rprintf.o
                                 0x1c (size before relaxing)
 *fill*         0x0801b2fa        0x2 00
 .rodata        0x0801b2fc        0x4 i2c_int.o
                0x0801b2fc                TMP102_setup
 .rodata.str1.4
                0x0801b300       0x10 interrupts.o
 .rodata        0x0801b310       0x14 lib/CMSIS_CM3/system_stm32f10x.o
                0x0801b310                SystemFrequency
                0x0801b314                SystemFrequency_SysClk
                0x0801b318                SystemFrequency_AHBClk
                0x0801b31c                SystemFrequency_APB1Clk
                0x0801b320                SystemFrequency_APB2Clk
 .rodata.str1.4
                0x0801b324       0xc9 main.o
                                 0xd0 (size before relaxing)
 *fill*         0x0801b3ed        0x3 00
 .rodata.str1.4
                0x0801b3f0       0x16 pwr.o
                                 0x18 (size before relaxing)
 *fill*         0x0801b406        0x2 00
 .rodata.str1.4
                0x0801b408        0x5 /home/laurence/CodeSourcery/Sourcery_G++_Lite/bin/../lib/gcc/arm-none-eabi/4.5.2/../../../../arm-none-eabi/lib/thumb2/libm.a(lib_a-w_sqrt.o)
                                  0x8 (size before relaxing)
 *fill*         0x0801b40d        0x3 00
 .rodata.str1.4
                0x0801b410        0x6 /home/laurence/CodeSourcery/Sourcery_G++_Lite/bin/../lib/gcc/arm-none-eabi/4.5.2/../../../../arm-none-eabi/lib/thumb2/libm.a(lib_a-wf_asin.o)
                                  0xc (size before relaxing)
 *fill*         0x0801b416        0x2 00
 .rodata        0x0801b418      0x398 /home/laurence/CodeSourcery/Sourcery_G++_Lite/bin/../lib/gcc/arm-none-eabi/4.5.2/../../../../arm-none-eabi/lib/thumb2/libm.a(lib_a-ef_rem_pio2.o)
 .rodata        0x0801b7b0       0x38 /home/laurence/CodeSourcery/Sourcery_G++_Lite/bin/../lib/gcc/arm-none-eabi/4.5.2/../../../../arm-none-eabi/lib/thumb2/libm.a(lib_a-kf_rem_pio2.o)
 .rodata.str1.4
                0x0801b7e8        0x4 /home/laurence/CodeSourcery/Sourcery_G++_Lite/bin/../lib/gcc/arm-none-eabi/4.5.2/../../../../arm-none-eabi/lib/thumb2/libc.a(lib_a-impure.o)
 *(.ARM.extab* .gnu.linkonce.armextab.*)
 *(.gcc_except_table)
 *(.eh_frame_hdr)
 *(.eh_frame)
                0x0801b7ec                . = ALIGN (0x4)
 *(.init)
 .init          0x0801b7ec        0x4 /home/laurence/CodeSourcery/Sourcery_G++_Lite/bin/../lib/gcc/arm-none-eabi/4.5.2/thumb2/crti.o
                0x0801b7ec                _init
 .init          0x0801b7f0        0x8 /home/laurence/CodeSourcery/Sourcery_G++_Lite/bin/../lib/gcc/arm-none-eabi/4.5.2/thumb2/crtn.o
                0x0801b7f8                . = ALIGN (0x4)
                0x0801b7f8                __preinit_array_start = .
 *(.preinit_array)
                0x0801b7f8                __preinit_array_end = .
                0x0801b7f8                . = ALIGN (0x4)
                0x0801b7f8                __init_array_start = .
 *(SORT(.init_array.*))
 *(.init_array)
 .init_array    0x0801b7f8        0x4 /home/laurence/CodeSourcery/Sourcery_G++_Lite/bin/../lib/gcc/arm-none-eabi/4.5.2/thumb2/crtbegin.o
                0x0801b7fc                __init_array_end = .
                0x0801b7fc                . = ALIGN (0x4)
 *crtbegin.o(.ctors)
 *(EXCLUDE_FILE(*crtend.o) .ctors)
 *(SORT(.ctors.*))
 *crtend.o(.ctors)
                0x0801b7fc                . = ALIGN (0x4)
 *(.fini)
 .fini          0x0801b7fc        0x4 /home/laurence/CodeSourcery/Sourcery_G++_Lite/bin/../lib/gcc/arm-none-eabi/4.5.2/thumb2/crti.o
                0x0801b7fc                _fini
 .fini          0x0801b800        0x8 /home/laurence/CodeSourcery/Sourcery_G++_Lite/bin/../lib/gcc/arm-none-eabi/4.5.2/thumb2/crtn.o
                0x0801b808                . = ALIGN (0x4)
                0x0801b808                __fini_array_start = .
 *(.fini_array)
 .fini_array    0x0801b808        0x4 /home/laurence/CodeSourcery/Sourcery_G++_Lite/bin/../lib/gcc/arm-none-eabi/4.5.2/thumb2/crtbegin.o
 *(SORT(.fini_array.*))
                0x0801b80c                __fini_array_end = .
 *crtbegin.o(.dtors)
 *(EXCLUDE_FILE(*crtend.o) .dtors)
 *(SORT(.dtors.*))
 *crtend.o(.dtors)
                0x0801b80c                . = ALIGN (0x4)
                0x0801b80c                __cs3_regions = .
                0x0801b80c        0x4 LONG 0x0
                0x0801b810        0x4 LONG 0x801b820 __cs3_region_init_ram
                0x0801b814        0x4 LONG 0x20000000 __cs3_region_start_ram
                0x0801b818        0x4 LONG 0x698 __cs3_region_init_size_ram
                0x0801b81c        0x4 LONG 0xe68 __cs3_region_zero_size_ram
                0x0801b820                __exidx_start = .

.v4_bx          0x0801b820        0x0
 .v4_bx         0x00000000        0x0 linker stubs

.ARM.exidx
 *(.ARM.exidx* .gnu.linkonce.armexidx.*)
                0x0801b820                __exidx_end = .

.text.align     0x0801b820        0x0
                0x0801b820                . = ALIGN (0x8)
                0x0801b820                _etext = .
                0x08020000                __cs3_region_end_rom = (__cs3_region_start_rom + 0x20000)
                0x00020000                __cs3_region_size_rom = 0x20000
                0x00000001                __cs3_region_num = 0x1

.data           0x20000000      0x698 load address 0x0801b820
                0x20000000                __cs3_region_start_ram = .
 *(.cs3.region-head.ram)
 *(.jcr)
 .jcr           0x20000000        0x0 /home/laurence/CodeSourcery/Sourcery_G++_Lite/bin/../lib/gcc/arm-none-eabi/4.5.2/thumb2/crtbegin.o
 .jcr           0x20000000        0x4 /home/laurence/CodeSourcery/Sourcery_G++_Lite/bin/../lib/gcc/arm-none-eabi/4.5.2/thumb2/crtend.o
 *(.got.plt)
 *(.got)
 *(.shdata)
 *(.data .data.* .gnu.linkonce.d.*)
 .data          0x20000004       0x74 Util/USB/scsi_data.o
                0x20000004                Standard_Inquiry_Data
                0x20000028                Standard_Inquiry_Data2
                0x2000004c                Mode_Sense6_data
                0x20000050                Mode_Sense10_data
                0x20000058                Scsi_Sense_Data
                0x2000006c                ReadFormatCapacity_Data
 .data          0x20000078       0x1c Util/USB/usb_desc.o
                0x20000078                MASS_StringSerial
 .data          0x20000094       0x38 Util/USB/usb_istr.o
                0x20000094                pEpInt_IN
                0x200000b0                pEpInt_OUT
 .data          0x200000cc       0x90 Util/USB/usb_prop.o
                0x200000cc                String_Descriptor
                0x200000f4                Config_Descriptor
                0x200000fc                Device_Descriptor
                0x20000104                Device_Property
                0x20000134                Device_Table
                0x20000138                User_Standard_Requests
 .data          0x2000015c        0x1 Util/USB/usb_pwr.o
                0x2000015c                fSuspendEnabled
 .data          0x2000015d        0x1 Util/fat_fs/src/sd_spi_stm32.o
 *fill*         0x2000015e        0x2 00
 .data          0x20000160       0x10 i2c_int.o
                0x20000160                I2C_jobs
 .data          0x20000170       0x14 lib/STM32F10x_StdPeriph_Driver/libstm32fw.a(stm32f10x_rcc.o)
 .data          0x20000184        0x1 /home/laurence/CodeSourcery/Sourcery_G++_Lite/bin/../lib/gcc/arm-none-eabi/4.5.2/../../../../arm-none-eabi/lib/thumb2/libm.a(lib_a-s_lib_ver.o)
                0x20000184                __fdlib_version
 *fill*         0x20000185        0x3 00
 .data          0x20000188       0xf4 /home/laurence/CodeSourcery/Sourcery_G++_Lite/bin/../lib/gcc/arm-none-eabi/4.5.2/../../../../arm-none-eabi/lib/thumb2/libc.a(lib_a-impure.o)
                0x20000188                _impure_ptr
 .data          0x2000027c      0x410 /home/laurence/CodeSourcery/Sourcery_G++_Lite/bin/../lib/gcc/arm-none-eabi/4.5.2/../../../../arm-none-eabi/lib/thumb2/libc.a(lib_a-mallocr.o)
                0x2000027c                __malloc_av_
                0x20000684                __malloc_sbrk_base
                0x20000688                __malloc_trim_threshold
 .data          0x2000068c        0x4 /home/laurence/CodeSourcery/Sourcery_G++_Lite/bin/../lib/gcc/arm-none-eabi/4.5.2/../../../../arm-none-eabi/lib/thumb2/libcs3unhosted.a(unhosted-sbrk.o)
 .data          0x20000690        0x4 /home/laurence/CodeSourcery/Sourcery_G++_Lite/bin/../lib/gcc/arm-none-eabi/4.5.2/../../../../arm-none-eabi/lib/thumb2/libcs3.a(heap.o)
                0x20000690                __cs3_heap_limit
 *(.ram)
                0x20000698                . = ALIGN (0x8)
 *fill*         0x20000694        0x4 00
                0x20000698                _edata = .

.bss            0x20000698      0xe68 load address 0x0801beb8
 *(.shbss)
 *(.bss .bss.* .gnu.linkonce.b.*)
 .bss           0x20000698        0x1 /home/laurence/CodeSourcery/Sourcery_G++_Lite/bin/../lib/gcc/arm-none-eabi/4.5.2/thumb2/crtbegin.o
 *fill*         0x20000699        0x3 00
 .bss           0x2000069c      0x61c Sensors/ppg.o
 .bss           0x20000cb8       0x34 Sensors/pressure.o
 .bss           0x20000cec        0x4 Util/USB/mass_mal.o
                0x20000cec                Status
 .bss           0x20000cf0       0x1c Util/USB/memory.o
                0x20000cf0                TransferState
                0x20000cfc                Block_Read_count
                0x20000d00                Counter
 .bss           0x20000d0c       0x10 Util/USB/scsi_data.o
                0x20000d0c                Page00_Inquiry_Data
                0x20000d14                ReadCapacity10_Data
 .bss           0x20000d1c        0x1 Util/USB/usb_istr.o
                0x20000d1c                bIntPackSOF
 *fill*         0x20000d1d        0x3 00
 .bss           0x20000d20        0x4 Util/USB/usb_prop.o
                0x20000d20                Max_Lun
 .bss           0x20000d24        0x4 Util/USB/usb_pwr.o
                0x20000d24                bDeviceState
 .bss           0x20000d28        0x8 Util/fat_fs/src/ff.o
 .bss           0x20000d30       0x10 Util/fat_fs/src/sd_spi_stm32.o
 .bss           0x20000d40       0x84 Util/rprintf.o
 .bss           0x20000dc4        0x3 i2c_int.o
 *fill*         0x20000dc7        0x1 00
 .bss           0x20000dc8       0x18 interrupts.o
 .bss           0x20000de0      0x234 main.o
                0x20001010                file_opened
 .bss           0x20001014        0x1 lib/STM32_USB-FS-Device_Driver/libstm32usb.a(usb_core.o)
                0x20001014                Data_Mul_MaxPacketSize
 *fill*         0x20001015        0x3 00
 .bss           0x20001018       0x34 /home/laurence/CodeSourcery/Sourcery_G++_Lite/bin/../lib/gcc/arm-none-eabi/4.5.2/../../../../arm-none-eabi/lib/thumb2/libc.a(lib_a-mallocr.o)
                0x20001018                __malloc_top_pad
                0x2000101c                __malloc_current_mallinfo
                0x20001044                __malloc_max_sbrked_mem
                0x20001048                __malloc_max_total_mem
 *(COMMON)
 COMMON         0x2000104c       0x10 Sensors/ppg.o
                0x2000104c                a_
                0x20001050                Last_PPG_Values
 COMMON         0x2000105c        0x4 Sensors/pressure.o
                0x2000105c                pressure_offset
 COMMON         0x20001060        0x2 Sensors/temperature.o
                0x20001060                TMP102_Data_Buffer
 *fill*         0x20001062        0x2 00
 COMMON         0x20001064       0x1c Util/USB/mass_mal.o
                0x20001064                Mass_Memory_Size
                0x2000106c                Mass_Block_Size
                0x20001074                Mass_Block_Count
                0x2000107c                Data_Buffer
 COMMON         0x20001080        0x8 Util/USB/memory.o
                0x20001080                Block_offset
                0x20001084                Idx
 COMMON         0x20001088       0x7c Util/USB/usb_bot.o
                0x20001088                CBW
                0x200010a8                Data_Len
                0x200010aa                Bot_State
                0x200010ac                SCSI_LBA
                0x200010b0                CSW
                0x200010c0                SCSI_BlkLen
                0x200010c4                Bulk_Data_Buff
 COMMON         0x20001104        0x2 Util/USB/usb_istr.o
                0x20001104                wIstr
 *fill*         0x20001106        0x2 00
 COMMON         0x20001108        0x2 Util/USB/usb_pwr.o
                0x20001108                ResumeS
 *fill*         0x2000110a        0x2 00
 COMMON         0x2000110c        0x4 adc.o
                0x2000110c                ADC1_Convertion_buff
 COMMON         0x20001110        0x1 gpio.o
                0x20001110                bootsource
 *fill*         0x20001111        0x3 00
 COMMON         0x20001114        0xd i2c_int.o
                0x20001114                I2C1error
                0x20001118                Jobs
                0x2000111c                Completed_Jobs
                0x20001120                job
 COMMON         0x20001121        0x1 interrupts.o
                0x20001121                Button_hold_tim
 *fill*         0x20001122        0x2 00
 COMMON         0x20001124      0x398 main.o
                0x20001124                Pressure_control
                0x20001128                Temperatures_Buffer
                0x20001134                pressure_setpoint
                0x20001138                f_err_code
                0x2000113c                Device_Temperature
                0x20001140                Buff
                0x20001158                System_state_Global
                0x2000115c                Millis
                0x20001160                Sensors
                0x20001164                FATFS_info
                0x20001184                Pressures_Buffer
                0x20001190                print_string
                0x20001290                a
                0x20001294                reported_pressure
                0x20001298                FATFS_logfile
 COMMON         0x200014bc        0x2 lib/STM32_USB-FS-Device_Driver/libstm32usb.a(usb_core.o)
                0x200014bc                StatusInfo
 *fill*         0x200014be        0x2 00
 COMMON         0x200014c0       0x32 lib/STM32_USB-FS-Device_Driver/libstm32usb.a(usb_init.o)
                0x200014c0                SaveState
                0x200014c4                pProperty
                0x200014c8                EPindex
                0x200014cc                Device_Info
                0x200014e8                pUser_Standard_Requests
                0x200014ec                pInformation
                0x200014f0                wInterrupt_Mask
 COMMON         0x200014f2        0x4 lib/STM32_USB-FS-Device_Driver/libstm32usb.a(usb_int.o)
                0x200014f2                SaveRState
                0x200014f4                SaveTState
 *fill*         0x200014f6        0x2 00
 COMMON         0x200014f8        0x4 /home/laurence/CodeSourcery/Sourcery_G++_Lite/bin/../lib/gcc/arm-none-eabi/4.5.2/../../../../arm-none-eabi/lib/thumb2/libc.a(lib_a-reent.o)
                0x200014f8                errno
 *(.ram.b)
                0x20001500                . = ALIGN (0x8)
 *fill*         0x200014fc        0x4 00
                0x20001500                _end = .
                0x20001500                __end = .

.noinit         0x20001500        0x0 load address 0x0801beb8
 *(.noinit)
                0x20001500                . = ALIGN (0x8)
                0x20005000                __cs3_region_end_ram = (__cs3_region_start_ram + 0x5000)
                0x00005000                __cs3_region_size_ram = 0x5000
                0x0801b820                __cs3_region_init_ram = LOADADDR (.data)
                0x00000698                __cs3_region_init_size_ram = (_edata - ADDR (.data))
                0x00000e68                __cs3_region_zero_size_ram = (_end - _edata)
                0x00000001                __cs3_region_num = 0x1

.stab
 *(.stab)

.stabstr
 *(.stabstr)

.debug
 *(.debug)

.line
 *(.line)

.debug_srcinfo
 *(.debug_srcinfo)

.debug_sfnames
 *(.debug_sfnames)

.comment        0x00000000       0x2a
 .comment       0x00000000       0x2a Sensors/ppg.o
                                 0x2b (size before relaxing)
 .comment       0x00000000       0x2b Sensors/pressure.o
 .comment       0x00000000       0x2b Sensors/temperature.o
 .comment       0x00000000       0x2b Util/USB/hw_config.o
 .comment       0x00000000       0x2b Util/USB/mass_mal.o
 .comment       0x00000000       0x2b Util/USB/memory.o
 .comment       0x00000000       0x2b Util/USB/scsi_data.o
 .comment       0x00000000       0x2b Util/USB/usb_bot.o
 .comment       0x00000000       0x2b Util/USB/usb_desc.o
 .comment       0x00000000       0x2b Util/USB/usb_endp.o
 .comment       0x00000000       0x2b Util/USB/usb_istr.o
 .comment       0x00000000       0x2b Util/USB/usb_prop.o
 .comment       0x00000000       0x2b Util/USB/usb_pwr.o
 .comment       0x00000000       0x2b Util/USB/usb_scsi.o
 .comment       0x00000000       0x2b Util/buffer.o
 .comment       0x00000000       0x2b Util/delay.o
 .comment       0x00000000       0x2b Util/fat_fs/option/cc932.o
 .comment       0x00000000       0x2b Util/fat_fs/option/syscall.o
 .comment       0x00000000       0x2b Util/fat_fs/src/fattime.o
 .comment       0x00000000       0x2b Util/fat_fs/src/ff.o
 .comment       0x00000000       0x2b Util/fat_fs/src/rtc.o
 .comment       0x00000000       0x2b Util/fat_fs/src/sd_spi_stm32.o
 .comment       0x00000000       0x2b Util/rprintf.o
 .comment       0x00000000       0x2b Util/stm32_eval_spi_sd.o
 .comment       0x00000000       0x2b adc.o
 .comment       0x00000000       0x2b gpio.o
 .comment       0x00000000       0x2b i2c_int.o
 .comment       0x00000000       0x2b interrupts.o
 .comment       0x00000000       0x2b lib/CMSIS_CM3/core_cm3.o
 .comment       0x00000000       0x2b lib/CMSIS_CM3/system_stm32f10x.o
 .comment       0x00000000       0x2b main.o
 .comment       0x00000000       0x2b pwr.o
 .comment       0x00000000       0x2b timer.o
 .comment       0x00000000       0x2b usart.o
 .comment       0x00000000       0x2b watchdog.o
 .comment       0x00000000       0x2b lib/STM32F10x_StdPeriph_Driver/libstm32fw.a(misc.o)
 .comment       0x00000000       0x2b lib/STM32F10x_StdPeriph_Driver/libstm32fw.a(stm32f10x_adc.o)
 .comment       0x00000000       0x2b lib/STM32F10x_StdPeriph_Driver/libstm32fw.a(stm32f10x_bkp.o)
 .comment       0x00000000       0x2b lib/STM32F10x_StdPeriph_Driver/libstm32fw.a(stm32f10x_dbgmcu.o)
 .comment       0x00000000       0x2b lib/STM32F10x_StdPeriph_Driver/libstm32fw.a(stm32f10x_dma.o)
 .comment       0x00000000       0x2b lib/STM32F10x_StdPeriph_Driver/libstm32fw.a(stm32f10x_exti.o)
 .comment       0x00000000       0x2b lib/STM32F10x_StdPeriph_Driver/libstm32fw.a(stm32f10x_gpio.o)
 .comment       0x00000000       0x2b lib/STM32F10x_StdPeriph_Driver/libstm32fw.a(stm32f10x_i2c.o)
 .comment       0x00000000       0x2b lib/STM32F10x_StdPeriph_Driver/libstm32fw.a(stm32f10x_iwdg.o)
 .comment       0x00000000       0x2b lib/STM32F10x_StdPeriph_Driver/libstm32fw.a(stm32f10x_pwr.o)
 .comment       0x00000000       0x2b lib/STM32F10x_StdPeriph_Driver/libstm32fw.a(stm32f10x_rcc.o)
 .comment       0x00000000       0x2b lib/STM32F10x_StdPeriph_Driver/libstm32fw.a(stm32f10x_rtc.o)
 .comment       0x00000000       0x2b lib/STM32F10x_StdPeriph_Driver/libstm32fw.a(stm32f10x_spi.o)
 .comment       0x00000000       0x2b lib/STM32F10x_StdPeriph_Driver/libstm32fw.a(stm32f10x_tim.o)
 .comment       0x00000000       0x2b lib/STM32F10x_StdPeriph_Driver/libstm32fw.a(stm32f10x_usart.o)
 .comment       0x00000000       0x2b lib/STM32_USB-FS-Device_Driver/libstm32usb.a(usb_core.o)
 .comment       0x00000000       0x2b lib/STM32_USB-FS-Device_Driver/libstm32usb.a(usb_init.o)
 .comment       0x00000000       0x2b lib/STM32_USB-FS-Device_Driver/libstm32usb.a(usb_int.o)
 .comment       0x00000000       0x2b lib/STM32_USB-FS-Device_Driver/libstm32usb.a(usb_mem.o)
 .comment       0x00000000       0x2b lib/STM32_USB-FS-Device_Driver/libstm32usb.a(usb_regs.o)
 .comment       0x00000000       0x2b lib/STM32_USB-FS-Device_Driver/libstm32usb.a(usb_sil.o)

.debug_aranges  0x00000000      0x428
 *(.debug_aranges)
 .debug_aranges
                0x00000000       0x20 Sensors/ppg.o
 .debug_aranges
                0x00000020       0x20 Sensors/pressure.o
 .debug_aranges
                0x00000040       0x20 Sensors/temperature.o
 .debug_aranges
                0x00000060       0x20 Util/USB/hw_config.o
 .debug_aranges
                0x00000080       0x20 Util/USB/mass_mal.o
 .debug_aranges
                0x000000a0       0x20 Util/USB/memory.o
 .debug_aranges
                0x000000c0       0x20 Util/USB/usb_bot.o
 .debug_aranges
                0x000000e0       0x20 Util/USB/usb_endp.o
 .debug_aranges
                0x00000100       0x20 Util/USB/usb_istr.o
 .debug_aranges
                0x00000120       0x20 Util/USB/usb_prop.o
 .debug_aranges
                0x00000140       0x20 Util/USB/usb_pwr.o
 .debug_aranges
                0x00000160       0x20 Util/USB/usb_scsi.o
 .debug_aranges
                0x00000180       0x20 Util/buffer.o
 .debug_aranges
                0x000001a0       0x20 Util/delay.o
 .debug_aranges
                0x000001c0       0x20 Util/fat_fs/option/cc932.o
 .debug_aranges
                0x000001e0       0x20 Util/fat_fs/src/fattime.o
 .debug_aranges
                0x00000200       0x20 Util/fat_fs/src/ff.o
 .debug_aranges
                0x00000220       0x20 Util/fat_fs/src/rtc.o
 .debug_aranges
                0x00000240       0x20 Util/fat_fs/src/sd_spi_stm32.o
 .debug_aranges
                0x00000260       0x20 Util/rprintf.o
 .debug_aranges
                0x00000280       0x20 Util/stm32_eval_spi_sd.o
 .debug_aranges
                0x000002a0       0x20 adc.o
 .debug_aranges
                0x000002c0       0x20 gpio.o
 .debug_aranges
                0x000002e0       0x20 i2c_int.o
 .debug_aranges
                0x00000300       0x20 interrupts.o
 .debug_aranges
                0x00000320       0x20 lib/CMSIS_CM3/core_cm3.o
 .debug_aranges
                0x00000340       0x28 lib/CMSIS_CM3/startup/gcc/startup_stm32f10x_md.o
 .debug_aranges
                0x00000368       0x20 lib/CMSIS_CM3/system_stm32f10x.o
 .debug_aranges
                0x00000388       0x20 main.o
 .debug_aranges
                0x000003a8       0x20 pwr.o
 .debug_aranges
                0x000003c8       0x20 timer.o
 .debug_aranges
                0x000003e8       0x20 usart.o
 .debug_aranges
                0x00000408       0x20 watchdog.o

.debug_pubnames
                0x00000000     0x16f4
 *(.debug_pubnames)
 .debug_pubnames
                0x00000000       0x8e Sensors/ppg.o
 .debug_pubnames
                0x0000008e       0x6a Sensors/pressure.o
 .debug_pubnames
                0x000000f8       0x56 Sensors/temperature.o
 .debug_pubnames
                0x0000014e      0x113 Util/USB/hw_config.o
 .debug_pubnames
                0x00000261       0xa5 Util/USB/mass_mal.o
 .debug_pubnames
                0x00000306       0x7f Util/USB/memory.o
 .debug_pubnames
                0x00000385       0xd2 Util/USB/scsi_data.o
 .debug_pubnames
                0x00000457       0xd9 Util/USB/usb_bot.o
 .debug_pubnames
                0x00000530       0xb8 Util/USB/usb_desc.o
 .debug_pubnames
                0x000005e8       0x3b Util/USB/usb_endp.o
 .debug_pubnames
                0x00000623       0x56 Util/USB/usb_istr.o
 .debug_pubnames
                0x00000679      0x1f6 Util/USB/usb_prop.o
 .debug_pubnames
                0x0000086f       0x83 Util/USB/usb_pwr.o
 .debug_pubnames
                0x000008f2      0x195 Util/USB/usb_scsi.o
 .debug_pubnames
                0x00000a87       0x48 Util/buffer.o
 .debug_pubnames
                0x00000acf       0x1c Util/delay.o
 .debug_pubnames
                0x00000aeb       0x31 Util/fat_fs/option/cc932.o
 .debug_pubnames
                0x00000b1c       0x22 Util/fat_fs/src/fattime.o
 .debug_pubnames
                0x00000b3e      0x14a Util/fat_fs/src/ff.o
 .debug_pubnames
                0x00000c88       0x55 Util/fat_fs/src/rtc.o
 .debug_pubnames
                0x00000cdd       0x75 Util/fat_fs/src/sd_spi_stm32.o
 .debug_pubnames
                0x00000d52       0xf9 Util/rprintf.o
 .debug_pubnames
                0x00000e4b      0x167 Util/stm32_eval_spi_sd.o
 .debug_pubnames
                0x00000fb2       0x66 adc.o
 .debug_pubnames
                0x00001018       0x72 gpio.o
 .debug_pubnames
                0x0000108a       0xc7 i2c_int.o
 .debug_pubnames
                0x00001151      0x108 interrupts.o
 .debug_pubnames
                0x00001259      0x159 lib/CMSIS_CM3/core_cm3.o
 .debug_pubnames
                0x000013b2       0xa3 lib/CMSIS_CM3/system_stm32f10x.o
 .debug_pubnames
                0x00001455      0x16c main.o
 .debug_pubnames
                0x000015c1       0x54 pwr.o
 .debug_pubnames
                0x00001615       0x3b timer.o
 .debug_pubnames
                0x00001650       0x64 usart.o
 .debug_pubnames
                0x000016b4       0x40 watchdog.o

.debug_info     0x00000000     0xeb84
 *(.debug_info .gnu.linkonce.wi.*)
 .debug_info    0x00000000      0x68c Sensors/ppg.o
 .debug_info    0x0000068c      0x1db Sensors/pressure.o
 .debug_info    0x00000867       0xfa Sensors/temperature.o
 .debug_info    0x00000961      0x731 Util/USB/hw_config.o
 .debug_info    0x00001092      0x302 Util/USB/mass_mal.o
 .debug_info    0x00001394      0x333 Util/USB/memory.o
 .debug_info    0x000016c7      0x16b Util/USB/scsi_data.o
 .debug_info    0x00001832      0x49d Util/USB/usb_bot.o
 .debug_info    0x00001ccf      0x187 Util/USB/usb_desc.o
 .debug_info    0x00001e56       0x98 Util/USB/usb_endp.o
 .debug_info    0x00001eee      0x311 Util/USB/usb_istr.o
 .debug_info    0x000021ff      0x9b4 Util/USB/usb_prop.o
 .debug_info    0x00002bb3      0x3c3 Util/USB/usb_pwr.o
 .debug_info    0x00002f76      0x899 Util/USB/usb_scsi.o
 .debug_info    0x0000380f      0x194 Util/buffer.o
 .debug_info    0x000039a3       0xc8 Util/delay.o
 .debug_info    0x00003a6b      0x1b9 Util/fat_fs/option/cc932.o
 .debug_info    0x00003c24       0x77 Util/fat_fs/option/syscall.o
 .debug_info    0x00003c9b      0x15a Util/fat_fs/src/fattime.o
 .debug_info    0x00003df5     0x325b Util/fat_fs/src/ff.o
 .debug_info    0x00007050      0x532 Util/fat_fs/src/rtc.o
 .debug_info    0x00007582     0x10e4 Util/fat_fs/src/sd_spi_stm32.o
 .debug_info    0x00008666      0xe1f Util/rprintf.o
 .debug_info    0x00009485     0x1a18 Util/stm32_eval_spi_sd.o
 .debug_info    0x0000ae9d      0x448 adc.o
 .debug_info    0x0000b2e5      0x2a3 gpio.o
 .debug_info    0x0000b588      0x6af i2c_int.o
 .debug_info    0x0000bc37      0xebc interrupts.o
 .debug_info    0x0000caf3      0x547 lib/CMSIS_CM3/core_cm3.o
 .debug_info    0x0000d03a       0x79 lib/CMSIS_CM3/startup/gcc/startup_stm32f10x_md.o
 .debug_info    0x0000d0b3      0x2d0 lib/CMSIS_CM3/system_stm32f10x.o
 .debug_info    0x0000d383      0xa57 main.o
 .debug_info    0x0000ddda      0x346 pwr.o
 .debug_info    0x0000e120      0x53d timer.o
 .debug_info    0x0000e65d      0x449 usart.o
 .debug_info    0x0000eaa6       0xde watchdog.o

.debug_abbrev   0x00000000     0x3230
 *(.debug_abbrev)
 .debug_abbrev  0x00000000      0x1d8 Sensors/ppg.o
 .debug_abbrev  0x000001d8      0x10a Sensors/pressure.o
 .debug_abbrev  0x000002e2       0x79 Sensors/temperature.o
 .debug_abbrev  0x0000035b      0x2d3 Util/USB/hw_config.o
 .debug_abbrev  0x0000062e      0x111 Util/USB/mass_mal.o
 .debug_abbrev  0x0000073f      0x110 Util/USB/memory.o
 .debug_abbrev  0x0000084f       0x5c Util/USB/scsi_data.o
 .debug_abbrev  0x000008ab      0x198 Util/USB/usb_bot.o
 .debug_abbrev  0x00000a43       0x63 Util/USB/usb_desc.o
 .debug_abbrev  0x00000aa6       0x41 Util/USB/usb_endp.o
 .debug_abbrev  0x00000ae7      0x113 Util/USB/usb_istr.o
 .debug_abbrev  0x00000bfa      0x1d0 Util/USB/usb_prop.o
 .debug_abbrev  0x00000dca      0x1bd Util/USB/usb_pwr.o
 .debug_abbrev  0x00000f87      0x253 Util/USB/usb_scsi.o
 .debug_abbrev  0x000011da       0xc1 Util/buffer.o
 .debug_abbrev  0x0000129b       0x7e Util/delay.o
 .debug_abbrev  0x00001319       0xd2 Util/fat_fs/option/cc932.o
 .debug_abbrev  0x000013eb       0x2c Util/fat_fs/option/syscall.o
 .debug_abbrev  0x00001417       0x97 Util/fat_fs/src/fattime.o
 .debug_abbrev  0x000014ae      0x2f7 Util/fat_fs/src/ff.o
 .debug_abbrev  0x000017a5      0x213 Util/fat_fs/src/rtc.o
 .debug_abbrev  0x000019b8      0x317 Util/fat_fs/src/sd_spi_stm32.o
 .debug_abbrev  0x00001ccf      0x2e4 Util/rprintf.o
 .debug_abbrev  0x00001fb3      0x2e8 Util/stm32_eval_spi_sd.o
 .debug_abbrev  0x0000229b      0x143 adc.o
 .debug_abbrev  0x000023de      0x158 gpio.o
 .debug_abbrev  0x00002536      0x1f5 i2c_int.o
 .debug_abbrev  0x0000272b      0x27f interrupts.o
 .debug_abbrev  0x000029aa       0xc1 lib/CMSIS_CM3/core_cm3.o
 .debug_abbrev  0x00002a6b       0x12 lib/CMSIS_CM3/startup/gcc/startup_stm32f10x_md.o
 .debug_abbrev  0x00002a7d      0x112 lib/CMSIS_CM3/system_stm32f10x.o
 .debug_abbrev  0x00002b8f      0x252 main.o
 .debug_abbrev  0x00002de1      0x10c pwr.o
 .debug_abbrev  0x00002eed      0x128 timer.o
 .debug_abbrev  0x00003015      0x186 usart.o
 .debug_abbrev  0x0000319b       0x95 watchdog.o

.debug_line     0x00000000     0xc41f
 *(.debug_line)
 .debug_line    0x00000000      0x6e2 Sensors/ppg.o
 .debug_line    0x000006e2      0x336 Sensors/pressure.o
 .debug_line    0x00000a18      0x502 Sensors/temperature.o
 .debug_line    0x00000f1a      0x5fc Util/USB/hw_config.o
 .debug_line    0x00001516      0x56e Util/USB/mass_mal.o
 .debug_line    0x00001a84      0x46a Util/USB/memory.o
 .debug_line    0x00001eee      0x339 Util/USB/scsi_data.o
 .debug_line    0x00002227      0x55c Util/USB/usb_bot.o
 .debug_line    0x00002783      0x2ed Util/USB/usb_desc.o
 .debug_line    0x00002a70      0x3ba Util/USB/usb_endp.o
 .debug_line    0x00002e2a      0x3f5 Util/USB/usb_istr.o
 .debug_line    0x0000321f      0x4a9 Util/USB/usb_prop.o
 .debug_line    0x000036c8      0x452 Util/USB/usb_pwr.o
 .debug_line    0x00003b1a      0x653 Util/USB/usb_scsi.o
 .debug_line    0x0000416d      0x4ba Util/buffer.o
 .debug_line    0x00004627      0x2fd Util/delay.o
 .debug_line    0x00004924       0xd8 Util/fat_fs/option/cc932.o
 .debug_line    0x000049fc      0x2fc Util/fat_fs/option/syscall.o
 .debug_line    0x00004cf8      0x179 Util/fat_fs/src/fattime.o
 .debug_line    0x00004e71     0x1c86 Util/fat_fs/src/ff.o
 .debug_line    0x00006af7      0x47f Util/fat_fs/src/rtc.o
 .debug_line    0x00006f76      0x775 Util/fat_fs/src/sd_spi_stm32.o
 .debug_line    0x000076eb      0xcfd Util/rprintf.o
 .debug_line    0x000083e8      0x9a5 Util/stm32_eval_spi_sd.o
 .debug_line    0x00008d8d      0x6fc adc.o
 .debug_line    0x00009489      0x41f gpio.o
 .debug_line    0x000098a8      0x6bb i2c_int.o
 .debug_line    0x00009f63      0x7ac interrupts.o
 .debug_line    0x0000a70f      0x198 lib/CMSIS_CM3/core_cm3.o
 .debug_line    0x0000a8a7       0x84 lib/CMSIS_CM3/startup/gcc/startup_stm32f10x_md.o
 .debug_line    0x0000a92b      0x336 lib/CMSIS_CM3/system_stm32f10x.o
 .debug_line    0x0000ac61      0x834 main.o
 .debug_line    0x0000b495      0x393 pwr.o
 .debug_line    0x0000b828      0x360 timer.o
 .debug_line    0x0000bb88      0x58f usart.o
 .debug_line    0x0000c117      0x308 watchdog.o

.debug_frame    0x00000000     0x1fa4
 *(.debug_frame)
 .debug_frame   0x00000000       0x94 Sensors/ppg.o
 .debug_frame   0x00000094       0x8c Sensors/pressure.o
 .debug_frame   0x00000120       0x40 Sensors/temperature.o
 .debug_frame   0x00000160       0xec Util/USB/hw_config.o
 .debug_frame   0x0000024c       0x80 Util/USB/mass_mal.o
 .debug_frame   0x000002cc       0x50 Util/USB/memory.o
 .debug_frame   0x0000031c       0xc0 Util/USB/usb_bot.o
 .debug_frame   0x000003dc       0x30 Util/USB/usb_endp.o
 .debug_frame   0x0000040c       0x2c Util/USB/usb_istr.o
 .debug_frame   0x00000438      0x11c Util/USB/usb_prop.o
 .debug_frame   0x00000554       0x94 Util/USB/usb_pwr.o
 .debug_frame   0x000005e8      0x180 Util/USB/usb_scsi.o
 .debug_frame   0x00000768       0x64 Util/buffer.o
 .debug_frame   0x000007cc       0x24 Util/delay.o
 .debug_frame   0x000007f0       0x3c Util/fat_fs/option/cc932.o
 .debug_frame   0x0000082c       0x2c Util/fat_fs/src/fattime.o
 .debug_frame   0x00000858      0x564 Util/fat_fs/src/ff.o
 .debug_frame   0x00000dbc       0x84 Util/fat_fs/src/rtc.o
 .debug_frame   0x00000e40      0x130 Util/fat_fs/src/sd_spi_stm32.o
 .debug_frame   0x00000f70      0x1d4 Util/rprintf.o
 .debug_frame   0x00001144      0x25c Util/stm32_eval_spi_sd.o
 .debug_frame   0x000013a0       0x78 adc.o
 .debug_frame   0x00001418       0x78 gpio.o
 .debug_frame   0x00001490       0xa0 i2c_int.o
 .debug_frame   0x00001530      0x118 interrupts.o
 .debug_frame   0x00001648      0x170 lib/CMSIS_CM3/core_cm3.o
 .debug_frame   0x000017b8       0x24 lib/CMSIS_CM3/system_stm32f10x.o
 .debug_frame   0x000017dc       0x90 main.o
 .debug_frame   0x0000186c       0x70 pwr.o
 .debug_frame   0x000018dc       0x64 timer.o
 .debug_frame   0x00001940       0x78 usart.o
 .debug_frame   0x000019b8       0x40 watchdog.o
 .debug_frame   0x000019f8       0x2c /home/laurence/CodeSourcery/Sourcery_G++_Lite/bin/../lib/gcc/arm-none-eabi/4.5.2/../../../../arm-none-eabi/lib/thumb2/libm.a(lib_a-sf_sin.o)
 .debug_frame   0x00001a24       0x38 /home/laurence/CodeSourcery/Sourcery_G++_Lite/bin/../lib/gcc/arm-none-eabi/4.5.2/../../../../arm-none-eabi/lib/thumb2/libm.a(lib_a-w_sqrt.o)
 .debug_frame   0x00001a5c       0x30 /home/laurence/CodeSourcery/Sourcery_G++_Lite/bin/../lib/gcc/arm-none-eabi/4.5.2/../../../../arm-none-eabi/lib/thumb2/libm.a(lib_a-wf_asin.o)
 .debug_frame   0x00001a8c       0x34 /home/laurence/CodeSourcery/Sourcery_G++_Lite/bin/../lib/gcc/arm-none-eabi/4.5.2/../../../../arm-none-eabi/lib/thumb2/libm.a(lib_a-e_sqrt.o)
 .debug_frame   0x00001ac0       0x34 /home/laurence/CodeSourcery/Sourcery_G++_Lite/bin/../lib/gcc/arm-none-eabi/4.5.2/../../../../arm-none-eabi/lib/thumb2/libm.a(lib_a-ef_asin.o)