Archive member included because of file (symbol)

lib/STM32F10x_StdPeriph_Driver/libstm32fw.a(misc.o)
                              Util/USB/hw_config.o (NVIC_PriorityGroupConfig)
lib/STM32F10x_StdPeriph_Driver/libstm32fw.a(stm32f10x_adc.o)
                              adc.o (ADC_DeInit)
lib/STM32F10x_StdPeriph_Driver/libstm32fw.a(stm32f10x_bkp.o)
                              Util/fat_fs/src/rtc.o (BKP_DeInit)
lib/STM32F10x_StdPeriph_Driver/libstm32fw.a(stm32f10x_dma.o)
                              Util/fat_fs/src/sd_spi_stm32.o (DMA_DeInit)
lib/STM32F10x_StdPeriph_Driver/libstm32fw.a(stm32f10x_exti.o)
                              interrupts.o (EXTI_DeInit)
lib/STM32F10x_StdPeriph_Driver/libstm32fw.a(stm32f10x_gpio.o)
                              Util/fat_fs/src/sd_spi_stm32.o (GPIO_Init)
lib/STM32F10x_StdPeriph_Driver/libstm32fw.a(stm32f10x_pwr.o)
                              pwr.o (PWR_DeInit)
lib/STM32F10x_StdPeriph_Driver/libstm32fw.a(stm32f10x_rcc.o)
                              interrupts.o (RCC_HCLKConfig)
lib/STM32F10x_StdPeriph_Driver/libstm32fw.a(stm32f10x_rtc.o)
                              Util/fat_fs/src/rtc.o (RTC_GetCounter)
lib/STM32F10x_StdPeriph_Driver/libstm32fw.a(stm32f10x_spi.o)
                              Util/fat_fs/src/sd_spi_stm32.o (SPI_I2S_DeInit)
lib/STM32F10x_StdPeriph_Driver/libstm32fw.a(stm32f10x_tim.o)
                              timer.o (TIM_DeInit)
lib/STM32F10x_StdPeriph_Driver/libstm32fw.a(stm32f10x_usart.o)
                              usart.o (USART_Init)
lib/STM32_USB-FS-Device_Driver/libstm32usb.a(usb_core.o)
                              Util/USB/usb_prop.o (Standard_GetDescriptorData)
lib/STM32_USB-FS-Device_Driver/libstm32usb.a(usb_init.o)
                              main.o (USB_Init)
lib/STM32_USB-FS-Device_Driver/libstm32usb.a(usb_int.o)
                              Util/USB/usb_istr.o (CTR_LP)
lib/STM32_USB-FS-Device_Driver/libstm32usb.a(usb_mem.o)
                              lib/STM32_USB-FS-Device_Driver/libstm32usb.a(usb_core.o) (UserToPMABufferCopy)
lib/STM32_USB-FS-Device_Driver/libstm32usb.a(usb_regs.o)
                              Util/USB/usb_prop.o (SetBTABLE)
lib/STM32_USB-FS-Device_Driver/libstm32usb.a(usb_sil.o)
                              Util/USB/usb_prop.o (USB_SIL_Init)
/home/laurence/CodeSourcery/Sourcery_G++_Lite/bin/../lib/gcc/arm-none-eabi/4.5.2/../../../../arm-none-eabi/lib/thumb2/libm.a(lib_a-s_sin.o)
                              Sensors/ppg.o (sin)
/home/laurence/CodeSourcery/Sourcery_G++_Lite/bin/../lib/gcc/arm-none-eabi/4.5.2/../../../../arm-none-eabi/lib/thumb2/libm.a(lib_a-w_asin.o)
                              Sensors/ppg.o (asin)
/home/laurence/CodeSourcery/Sourcery_G++_Lite/bin/../lib/gcc/arm-none-eabi/4.5.2/../../../../arm-none-eabi/lib/thumb2/libm.a(lib_a-w_sqrt.o)
                              Sensors/ppg.o (sqrt)
/home/laurence/CodeSourcery/Sourcery_G++_Lite/bin/../lib/gcc/arm-none-eabi/4.5.2/../../../../arm-none-eabi/lib/thumb2/libm.a(lib_a-e_asin.o)
                              /home/laurence/CodeSourcery/Sourcery_G++_Lite/bin/../lib/gcc/arm-none-eabi/4.5.2/../../../../arm-none-eabi/lib/thumb2/libm.a(lib_a-w_asin.o) (__ieee754_asin)
/home/laurence/CodeSourcery/Sourcery_G++_Lite/bin/../lib/gcc/arm-none-eabi/4.5.2/../../../../arm-none-eabi/lib/thumb2/libm.a(lib_a-e_rem_pio2.o)
                              /home/laurence/CodeSourcery/Sourcery_G++_Lite/bin/../lib/gcc/arm-none-eabi/4.5.2/../../../../arm-none-eabi/lib/thumb2/libm.a(lib_a-s_sin.o) (__ieee754_rem_pio2)
/home/laurence/CodeSourcery/Sourcery_G++_Lite/bin/../lib/gcc/arm-none-eabi/4.5.2/../../../../arm-none-eabi/lib/thumb2/libm.a(lib_a-e_sqrt.o)
                              /home/laurence/CodeSourcery/Sourcery_G++_Lite/bin/../lib/gcc/arm-none-eabi/4.5.2/../../../../arm-none-eabi/lib/thumb2/libm.a(lib_a-w_sqrt.o) (__ieee754_sqrt)
/home/laurence/CodeSourcery/Sourcery_G++_Lite/bin/../lib/gcc/arm-none-eabi/4.5.2/../../../../arm-none-eabi/lib/thumb2/libm.a(lib_a-k_cos.o)
                              /home/laurence/CodeSourcery/Sourcery_G++_Lite/bin/../lib/gcc/arm-none-eabi/4.5.2/../../../../arm-none-eabi/lib/thumb2/libm.a(lib_a-s_sin.o) (__kernel_cos)
/home/laurence/CodeSourcery/Sourcery_G++_Lite/bin/../lib/gcc/arm-none-eabi/4.5.2/../../../../arm-none-eabi/lib/thumb2/libm.a(lib_a-k_rem_pio2.o)
                              /home/laurence/CodeSourcery/Sourcery_G++_Lite/bin/../lib/gcc/arm-none-eabi/4.5.2/../../../../arm-none-eabi/lib/thumb2/libm.a(lib_a-e_rem_pio2.o) (__kernel_rem_pio2)
/home/laurence/CodeSourcery/Sourcery_G++_Lite/bin/../lib/gcc/arm-none-eabi/4.5.2/../../../../arm-none-eabi/lib/thumb2/libm.a(lib_a-k_sin.o)
                              /home/laurence/CodeSourcery/Sourcery_G++_Lite/bin/../lib/gcc/arm-none-eabi/4.5.2/../../../../arm-none-eabi/lib/thumb2/libm.a(lib_a-s_sin.o) (__kernel_sin)
/home/laurence/CodeSourcery/Sourcery_G++_Lite/bin/../lib/gcc/arm-none-eabi/4.5.2/../../../../arm-none-eabi/lib/thumb2/libm.a(lib_a-s_fabs.o)
[...]
Memory Configuration

Name             Origin             Length             Attributes
ram              0x20000000         0x00005000         xrw
rom              0x08000000         0x00020000         xr
*default*        0x00000000         0xffffffff

Linker script and memory map

LOAD /home/laurence/CodeSourcery/Sourcery_G++_Lite/bin/../lib/gcc/arm-none-eabi/4.5.2/thumb2/crti.o
LOAD /home/laurence/CodeSourcery/Sourcery_G++_Lite/bin/../lib/gcc/arm-none-eabi/4.5.2/thumb2/crtbegin.o
LOAD Sensors/ppg.o
LOAD Sensors/pressure.o
LOAD Util/USB/hw_config.o
LOAD Util/USB/mass_mal.o
LOAD Util/USB/memory.o
LOAD Util/USB/scsi_data.o
LOAD Util/USB/usb_bot.o
LOAD Util/USB/usb_desc.o
LOAD Util/USB/usb_endp.o
LOAD Util/USB/usb_istr.o
LOAD Util/USB/usb_prop.o
LOAD Util/USB/usb_pwr.o
LOAD Util/USB/usb_scsi.o
LOAD Util/buffer.o
LOAD Util/fat_fs/option/cc932.o
LOAD Util/fat_fs/option/syscall.o
LOAD Util/fat_fs/src/fattime.o
LOAD Util/fat_fs/src/ff.o
LOAD Util/fat_fs/src/rtc.o
LOAD Util/fat_fs/src/sd_spi_stm32.o
LOAD Util/rprintf.o
LOAD Util/stm32_eval_spi_sd.o
LOAD adc.o
LOAD gpio.o
LOAD interrupts.o
LOAD lib/CMSIS_CM3/core_cm3.o
LOAD lib/CMSIS_CM3/startup/gcc/startup_stm32f10x_md.o
LOAD lib/CMSIS_CM3/system_stm32f10x.o
LOAD main.o
LOAD pwr.o
LOAD timer.o
LOAD usart.o
LOAD lib/STM32F10x_StdPeriph_Driver/libstm32fw.a
LOAD lib/STM32_USB-FS-Device_Driver/libstm32usb.a
LOAD /home/laurence/CodeSourcery/Sourcery_G++_Lite/bin/../lib/gcc/arm-none-eabi/4.5.2/../../../../arm-none-eabi/lib/thumb2/libm.a
START GROUP
LOAD /home/laurence/CodeSourcery/Sourcery_G++_Lite/bin/../lib/gcc/arm-none-eabi/4.5.2/thumb2/libgcc.a
LOAD /home/laurence/CodeSourcery/Sourcery_G++_Lite/bin/../lib/gcc/arm-none-eabi/4.5.2/../../../../arm-none-eabi/lib/thumb2/libc.a
END GROUP
LOAD /home/laurence/CodeSourcery/Sourcery_G++_Lite/bin/../lib/gcc/arm-none-eabi/4.5.2/thumb2/crtend.o
LOAD /home/laurence/CodeSourcery/Sourcery_G++_Lite/bin/../lib/gcc/arm-none-eabi/4.5.2/thumb2/crtn.o
START GROUP
LOAD /home/laurence/CodeSourcery/Sourcery_G++_Lite/bin/../lib/gcc/arm-none-eabi/4.5.2/thumb2/libgcc.a
LOAD /home/laurence/CodeSourcery/Sourcery_G++_Lite/bin/../lib/gcc/arm-none-eabi/4.5.2/../../../../arm-none-eabi/lib/thumb2/libc.a
LOAD /home/laurence/CodeSourcery/Sourcery_G++_Lite/bin/../lib/gcc/arm-none-eabi/4.5.2/../../../../arm-none-eabi/lib/thumb2/libcs3.a
LOAD /home/laurence/CodeSourcery/Sourcery_G++_Lite/bin/../lib/gcc/arm-none-eabi/4.5.2/../../../../arm-none-eabi/lib/thumb2/libcs3unhosted.a
LOAD lib/libcs3-lanchon-stm32.a
END GROUP
                0x20005000                PROVIDE (__cs3_stack, (__cs3_region_start_ram + __cs3_region_size_ram))
                0x20000e30                PROVIDE (__cs3_heap_start, _end)
                0x20005000                PROVIDE (__cs3_heap_end, (__cs3_region_start_ram + __cs3_region_size_ram))

.text           0x08000000    0x1a380
 CREATE_OBJECT_SYMBOLS
                0x08000000                __cs3_region_start_rom = .
 *(.cs3.region-head.rom)
                0x08000000                __cs3_interrupt_vector = __cs3_interrupt_vector_lanchon_stm32
 *(.cs3.interrupt_vector)
 .cs3.interrupt_vector
                0x08000000       0xec lib/libcs3-lanchon-stm32.a(lanchon-stm32-vector.o)
                0x08000000                __cs3_interrupt_vector_lanchon_stm32
                0x08000001                ASSERT ((. != __cs3_interrupt_vector_lanchon_stm32), No interrupt vector)
 *(.rom)
 *(.rom.b)
                0x08012820                PROVIDE (__cs3_reset_lanchon_stm32, _start)
                0x08012820                __cs3_reset = __cs3_reset_lanchon_stm32
 *(.cs3.reset)
 *(.text .text.* .gnu.linkonce.t.*)
 .text          0x080000ec       0x30 /home/laurence/CodeSourcery/Sourcery_G++_Lite/bin/../lib/gcc/arm-none-eabi/4.5.2/thumb2/crtbegin.o
 *fill*         0x0800011c        0x4 00
 .text          0x08000120      0x2d8 Sensors/ppg.o
                0x08000120                PPG_LO_Filter
                0x08000324                PPG_correct_brightness
                0x080003b4                PWM_Linear
 .text          0x080003f8       0xc8 Sensors/pressure.o
                0x080003f8                calibrate_sensor
                0x08000458                conv_adc_diff
                0x0800048c                conv_diff
 .text          0x080004c0      0x2a0 Util/USB/hw_config.o
                0x080004c0                Set_System
                0x080004c8                Set_USBClock
                0x080004e0                Enter_LowPowerMode
                0x080004ec                Leave_LowPowerMode
                0x0800050c                USB_Interrupts_Config
                0x08000550                Led_RW_ON
                0x08000560                Led_RW_OFF
                0x08000570                USB_Configured_LED
                0x08000580                USB_NotConfigured_LED
                0x08000590                USB_Cable_Config
                0x08000594                Get_SerialNum
                0x08000758                MAL_Config
 .text          0x08000760       0xe4 Util/USB/mass_mal.o
                0x08000760                MAL_Init
                0x080007ac                MAL_Write
                0x080007d0                MAL_Read
                0x080007f4                MAL_GetStatus
 .text          0x08000844      0x1d8 Util/USB/memory.o
                0x08000844                Read_Memory
                0x08000928                Write_Memory
 .text          0x08000a1c      0x628 Util/USB/usb_bot.o
                0x08000a1c                Mass_Storage_In
                0x08000aa4                CBW_Decode
                0x08000f04                Mass_Storage_Out
                0x08000f94                Transfer_Data_Request
                0x08000fc8                Set_CSW
                0x08001004                Bot_Abort
 .text          0x08001044        0x8 Util/USB/usb_endp.o
                0x08001044                EP1_IN_Callback
                0x08001048                EP2_OUT_Callback
 .text          0x0800104c       0xf0 Util/USB/usb_istr.o
                0x0800104c                USB_Istr
 .text          0x0800113c      0x268 Util/USB/usb_prop.o
                0x0800113c                Mass_Storage_SetDeviceAddress
                0x08001148                MASS_Status_In
                0x0800114c                MASS_Status_Out
                0x08001150                MASS_Get_Interface_Setting
                0x08001160                Get_Max_Lun
                0x08001178                MASS_Data_Setup
                0x080011bc                MASS_GetStringDescriptor
                0x080011dc                MASS_GetConfigDescriptor
                0x080011e8                MASS_GetDeviceDescriptor
                0x080011f4                MASS_NoData_Setup
                0x08001244                Mass_Storage_SetConfiguration
                0x08001274                Mass_Storage_ClearFeature
                0x08001290                MASS_Reset
                0x08001380                MASS_init
 .text          0x080013a4      0x1c4 Util/USB/usb_pwr.o
                0x080013a4                PowerOn
                0x080013d4                PowerOff
                0x080013f8                Suspend
                0x0800143c                Resume_Init
                0x0800147c                Resume
 .text          0x08001568      0x460 Util/USB/usb_scsi.o
                0x08001568                SCSI_Inquiry_Cmd
                0x080015a0                SCSI_ReadFormatCapacity_Cmd
                0x08001614                SCSI_ReadCapacity10_Cmd
                0x08001690                SCSI_ModeSense6_Cmd
                0x0800169c                SCSI_ModeSense10_Cmd
                0x080016a8                SCSI_RequestSense_Cmd
                0x080016c0                Set_Scsi_Sense_Data
                0x080016cc                SCSI_Start_Stop_Unit_Cmd
                0x080016d4                SCSI_Read10_Cmd
                0x08001784                SCSI_Write10_Cmd
                0x08001830                SCSI_Verify10_Cmd
                0x08001870                SCSI_Valid_Cmd
                0x080018a8                SCSI_TestUnitReady_Cmd
                0x080018dc                SCSI_Format_Cmd
                0x08001908                SCSI_Invalid_Cmd
                0x08001944                SCSI_Address_Management
 .text          0x080019c8       0x7c Util/buffer.o
                0x080019c8                Add_To_Buffer
                0x08001a00                Get_From_Buffer
                0x08001a30                init_buffer
 .text          0x08001a44      0x25c Util/fat_fs/option/cc932.o
                0x08001a44                ff_convert
                0x08001c70                ff_wtoupper
 .text          0x08001ca0       0x48 Util/fat_fs/src/fattime.o
                0x08001ca0                get_fattime
 .text          0x08001ce8     0x643c Util/fat_fs/src/ff.o
                0x080025d0                clust2sect
                0x080025ec                get_fat
                0x08002b90                put_fat
                0x08004934                gen_numname
                0x080055cc                f_mount
                0x080055ec                f_open
                0x08005a58                f_read
                0x08005e40                f_write
                0x08006274                f_sync
                0x0800644c                f_close
                0x0800645c                f_lseek
                0x08006628                f_opendir
                0x08006694                f_readdir
                0x08006708                f_stat
                0x08006750                f_getfree
                0x080069b4                f_truncate
                0x08006b24                f_unlink
                0x08006c3c                f_mkdir
                0x08007064                f_chmod
                0x080070c0                f_utime
                0x08007120                f_rename
                0x080073e0                f_gets
                0x080074fc                f_putc
                0x08007520                f_puts
                0x0800755c                f_printf
 .text          0x08008124      0x484 Util/fat_fs/src/rtc.o
                0x08008124                rtc_gettime
                0x080082a4                my_RTC_SetCounter
                0x080082c8                rtc_settime
                0x080084fc                rtc_init
 .text          0x080085a8      0xfa8 Util/fat_fs/src/sd_spi_stm32.o
                0x080089e0                disk_initialize
                0x08008b8c                disk_status
                0x08008b9c                disk_read
                0x08008d18                disk_write
                0x08008eb8                disk_ioctl
                0x08009514                disk_timerproc
 .text          0x08009550     0x1750 Util/rprintf.o
                0x08009550                rprintfInit
                0x0800955c                rprintfChar
                0x08009584                rprintfStr
                0x080095bc                rprintfStrLen
                0x08009780                rprintfCRLF
                0x08009798                rprintfu04
                0x080097c4                rprintfu08
                0x0800980c                rprintfu16
                0x080098a8                rprintfu32
                0x080099f4                rprintfNum
                0x08009c64                rprintfFloat
                0x08009ed0                rprintf2RamRom
                0x0800ac48                Isdigit
                0x0800ac58                atoiRamRom
                0x0800ac90                rStrLen
 .text          0x0800aca0      0x1d8 adc.o
                0x0800aca0                ADC_Configuration
                0x0800ae04                readADC2
                0x0800ae34                setADC2
                0x0800ae54                getADC2
 .text          0x0800ae78      0x1f8 gpio.o
                0x0800ae78                setup_gpio
                0x0800b014                switch_leds_on
                0x0800b03c                switch_leds_off
                0x0800b064                get_wkup
 .text          0x0800b070      0x2c0 interrupts.o
                0x0800b070                ISR_Config
                0x0800b0a8                EXTI_ONOFF_EN
                0x0800b108                DMA_ISR_Config
                0x0800b130                SysTick_Configuration
                0x0800b164                EXTI0_IRQHandler
                0x0800b1e0                DMAChannel1_IRQHandler
                0x0800b20c                SysTickHandler
                0x0800b324                USB_HP_CAN_TX_IRQHandler
                0x0800b328                USB_LP_CAN_RX0_IRQHandler
 .text.Default_Handler
                0x0800b330        0x2 lib/CMSIS_CM3/startup/gcc/startup_stm32f10x_md.o
                0x0800b330                EXTI2_IRQHandler
                0x0800b330                DebugMon_Handler
                0x0800b330                TIM1_CC_IRQHandler
                0x0800b330                HardFault_Handler
                0x0800b330                SysTick_Handler
                0x0800b330                PVD_IRQHandler
                0x0800b330                PendSV_Handler
                0x0800b330                NMI_Handler
                0x0800b330                EXTI3_IRQHandler
                0x0800b330                I2C2_EV_IRQHandler
                0x0800b330                UsageFault_Handler
                0x0800b330                ADC1_2_IRQHandler
                0x0800b330                SPI1_IRQHandler
                0x0800b330                TAMPER_IRQHandler
                0x0800b330                DMA1_Channel4_IRQHandler
                0x0800b330                USART3_IRQHandler
                0x0800b330                RTC_IRQHandler
                0x0800b330                DMA1_Channel7_IRQHandler
                0x0800b330                CAN1_RX1_IRQHandler
                0x0800b330                TIM4_IRQHandler
                0x0800b330                I2C1_EV_IRQHandler
                0x0800b330                DMA1_Channel6_IRQHandler
                0x0800b330                TIM3_IRQHandler
                0x0800b330                RCC_IRQHandler
                0x0800b330                TIM1_TRG_COM_IRQHandler
                0x0800b330                DMA1_Channel1_IRQHandler
                0x0800b330                Default_Handler
                0x0800b330                EXTI15_10_IRQHandler
                0x0800b330                EXTI9_5_IRQHandler
                0x0800b330                SPI2_IRQHandler
                0x0800b330                MemManage_Handler
                0x0800b330                SVC_Handler
                0x0800b330                DMA1_Channel5_IRQHandler
                0x0800b330                EXTI4_IRQHandler
                0x0800b330                USB_LP_CAN1_RX0_IRQHandler
                0x0800b330                USB_HP_CAN1_TX_IRQHandler
                0x0800b330                DMA1_Channel3_IRQHandler
                0x0800b330                TIM1_UP_IRQHandler
                0x0800b330                WWDG_IRQHandler
                0x0800b330                TIM2_IRQHandler
                0x0800b330                TIM1_BRK_IRQHandler
                0x0800b330                EXTI1_IRQHandler
                0x0800b330                RTCAlarm_IRQHandler
                0x0800b330                USART2_IRQHandler
                0x0800b330                I2C2_ER_IRQHandler
                0x0800b330                DMA1_Channel2_IRQHandler
                0x0800b330                CAN1_SCE_IRQHandler
                0x0800b330                FLASH_IRQHandler
                0x0800b330                BusFault_Handler
                0x0800b330                USART1_IRQHandler
                0x0800b330                I2C1_ER_IRQHandler
                0x0800b330                USBWakeUp_IRQHandler
 *fill*         0x0800b332        0x2 00
 .text          0x0800b334       0xfc lib/CMSIS_CM3/system_stm32f10x.o
                0x0800b334                SystemInit
 .text          0x0800b430      0x378 main.o
                0x0800b430                __str_print_char
                0x0800b45c                __fat_print_char
                0x0800b47c                main
 .text          0x0800b7a8       0x2c pwr.o
                0x0800b7a8                setuppwr
                0x0800b7bc                shutdown
                0x0800b7cc                disable_pin
 .text          0x0800b7d4      0x184 timer.o
                0x0800b7d4                setup_pwm
                0x0800b8f8                Set_Motor
 .text          0x0800b958      0x110 usart.o
                0x0800b958                Usarts_Init
                0x0800ba04                Default_Usart_Config
                0x0800ba20                Usart_Send_Str
                0x0800ba4c                __usart_send_char
 .text          0x0800ba68       0xb8 lib/STM32F10x_StdPeriph_Driver/libstm32fw.a(misc.o)
                0x0800ba68                NVIC_PriorityGroupConfig
                0x0800ba7c                NVIC_Init
                0x0800badc                NVIC_SetVectorTable
                0x0800baf0                NVIC_SystemLPConfig
                0x0800bb08                SysTick_CLKSourceConfig
 .text          0x0800bb20      0x380 lib/STM32F10x_StdPeriph_Driver/libstm32fw.a(stm32f10x_adc.o)
                0x0800bb20                ADC_DeInit
                0x0800bb7c                ADC_Init
                0x0800bbc8                ADC_StructInit
                0x0800bbda                ADC_Cmd
                0x0800bbee                ADC_DMACmd
                0x0800bc02                ADC_ITConfig
                0x0800bc16                ADC_ResetCalibration
                0x0800bc20                ADC_GetResetCalibrationStatus
                0x0800bc28                ADC_StartCalibration
                0x0800bc32                ADC_GetCalibrationStatus
                0x0800bc3a                ADC_SoftwareStartConvCmd
                0x0800bc4e                ADC_GetSoftwareStartConvStatus
                0x0800bc56                ADC_DiscModeChannelCountConfig
                0x0800bc66                ADC_DiscModeCmd
                0x0800bc7a                ADC_RegularChannelConfig
                0x0800bd08                ADC_ExternalTrigConvCmd
                0x0800bd1c                ADC_GetConversionValue
                0x0800bd22                ADC_GetDualModeConversionValue
                0x0800bd2c                ADC_AutoInjectedConvCmd
                0x0800bd40                ADC_InjectedDiscModeCmd
                0x0800bd54                ADC_ExternalTrigInjectedConvConfig
                0x0800bd62                ADC_ExternalTrigInjectedConvCmd
                0x0800bd76                ADC_SoftwareStartInjectedConvCmd
                0x0800bd8a                ADC_GetSoftwareStartInjectedConvCmdStatus
                0x0800bd92                ADC_InjectedChannelConfig
                0x0800bdee                ADC_InjectedSequencerLengthConfig
                0x0800bdfe                ADC_SetInjectedOffset
                0x0800be14                ADC_GetInjectedConversionValue
                0x0800be2e                ADC_AnalogWatchdogCmd
                0x0800be40                ADC_AnalogWatchdogThresholdsConfig
                0x0800be46                ADC_AnalogWatchdogSingleChannelConfig
                0x0800be54                ADC_TempSensorVrefintCmd
                0x0800be70                ADC_GetFlagStatus
                0x0800be7c                ADC_ClearFlag
                0x0800be82                ADC_GetITStatus
                0x0800be98                ADC_ClearITPendingBit
 .text          0x0800bea0       0xe0 lib/STM32F10x_StdPeriph_Driver/libstm32fw.a(stm32f10x_bkp.o)
                0x0800bea0                BKP_DeInit
                0x0800beb2                BKP_TamperPinLevelConfig
                0x0800bebc                BKP_TamperPinCmd
                0x0800bec8                BKP_ITConfig
                0x0800bed4                BKP_RTCOutputConfig
                0x0800beec                BKP_SetRTCCalibrationValue
                0x0800bf04                BKP_WriteBackupRegister
                0x0800bf20                BKP_ReadBackupRegister
                0x0800bf40                BKP_GetFlagStatus
                0x0800bf4c                BKP_ClearFlag
                0x0800bf60                BKP_GetITStatus
                0x0800bf6c                BKP_ClearITPendingBit
 .text          0x0800bf80      0x1f0 lib/STM32F10x_StdPeriph_Driver/libstm32fw.a(stm32f10x_dma.o)
                0x0800bf80                DMA_DeInit
                0x0800c07c                DMA_Init
                0x0800c0bc                DMA_StructInit
                0x0800c0d6                DMA_Cmd
                0x0800c0ea                DMA_ITConfig
                0x0800c0fc                DMA_GetCurrDataCounter
                0x0800c102                DMA_GetFlagStatus
                0x0800c120                DMA_ClearFlag
                0x0800c138                DMA_GetITStatus
                0x0800c158                DMA_ClearITPendingBit
 .text          0x0800c170      0x108 lib/STM32F10x_StdPeriph_Driver/libstm32fw.a(stm32f10x_exti.o)
                0x0800c170                EXTI_DeInit
                0x0800c18c                EXTI_Init
                0x0800c210                EXTI_StructInit
                0x0800c21e                EXTI_GenerateSWInterrupt
                0x0800c230                EXTI_GetFlagStatus
                0x0800c244                EXTI_ClearFlag
                0x0800c250                EXTI_GetITStatus
                0x0800c26c                EXTI_ClearITPendingBit
 .text          0x0800c278      0x278 lib/STM32F10x_StdPeriph_Driver/libstm32fw.a(stm32f10x_gpio.o)
                0x0800c278                GPIO_DeInit
                0x0800c324                GPIO_AFIODeInit
                0x0800c33a                GPIO_Init
                0x0800c3d2                GPIO_StructInit
                0x0800c3e2                GPIO_ReadInputDataBit
                0x0800c3ee                GPIO_ReadInputData
                0x0800c3f4                GPIO_ReadOutputDataBit
                0x0800c400                GPIO_ReadOutputData
                0x0800c406                GPIO_SetBits
                0x0800c40a                GPIO_ResetBits
                0x0800c40e                GPIO_WriteBit
                0x0800c418                GPIO_Write
                0x0800c41c                GPIO_PinLockConfig
                0x0800c42c                GPIO_EventOutputConfig
                0x0800c44c                GPIO_EventOutputCmd
                0x0800c458                GPIO_PinRemapConfig
                0x0800c4b0                GPIO_EXTILineConfig
                0x0800c4e4                GPIO_ETH_MediaInterfaceConfig
 .text          0x0800c4f0       0xcc lib/STM32F10x_StdPeriph_Driver/libstm32fw.a(stm32f10x_pwr.o)
                0x0800c4f4                PWR_DeInit
                0x0800c50e                PWR_BackupAccessCmd
                0x0800c518                PWR_PVDCmd
                0x0800c524                PWR_PVDLevelConfig
                0x0800c538                PWR_WakeUpPinCmd
                0x0800c544                PWR_EnterSTOPMode
                0x0800c570                PWR_EnterSTANDBYMode
                0x0800c598                PWR_GetFlagStatus
                0x0800c5ac                PWR_ClearFlag
 .text          0x0800c5bc      0x360 lib/STM32F10x_StdPeriph_Driver/libstm32fw.a(stm32f10x_rcc.o)
                0x0800c5bc                RCC_DeInit
                0x0800c5fc                RCC_HSEConfig
                0x0800c634                RCC_AdjustHSICalibrationValue
                0x0800c648                RCC_HSICmd
                0x0800c654                RCC_PLLConfig
                0x0800c66c                RCC_PLLCmd
                0x0800c678                RCC_SYSCLKConfig
                0x0800c68c                RCC_GetSYSCLKSource
                0x0800c69c                RCC_HCLKConfig
                0x0800c6b0                RCC_PCLK1Config
                0x0800c6c4                RCC_PCLK2Config
                0x0800c6d8                RCC_ITConfig
                0x0800c6f0                RCC_USBCLKConfig
                0x0800c6fc                RCC_ADCCLKConfig
                0x0800c710                RCC_LSEConfig
                0x0800c730                RCC_LSICmd
                0x0800c73c                RCC_RTCCLKConfig
                0x0800c74c                RCC_RTCCLKCmd
                0x0800c758                RCC_GetClocksFreq
                0x0800c7fc                RCC_AHBPeriphClockCmd
                0x0800c814                RCC_APB2PeriphClockCmd
                0x0800c82c                RCC_APB1PeriphClockCmd
                0x0800c844                RCC_APB2PeriphResetCmd
                0x0800c85c                RCC_APB1PeriphResetCmd
                0x0800c874                RCC_BackupResetCmd
                0x0800c880                RCC_ClockSecuritySystemCmd
                0x0800c88c                RCC_MCOConfig
                0x0800c898                RCC_GetFlagStatus
                0x0800c8c0                RCC_WaitForHSEStartUp
                0x0800c8ec                RCC_ClearFlag
                0x0800c8fc                RCC_GetITStatus
                0x0800c910                RCC_ClearITPendingBit
 .text          0x0800c91c      0x158 lib/STM32F10x_StdPeriph_Driver/libstm32fw.a(stm32f10x_rtc.o)
                0x0800c91c                RTC_ITConfig
                0x0800c938                RTC_EnterConfigMode
                0x0800c94c                RTC_ExitConfigMode
                0x0800c960                RTC_GetCounter
                0x0800c974                RTC_SetCounter
                0x0800c990                RTC_SetPrescaler
                0x0800c9b0                RTC_SetAlarm
                0x0800c9cc                RTC_GetDivider
                0x0800c9e4                RTC_WaitForLastTask
                0x0800c9f4                RTC_WaitForSynchro
                0x0800ca14                RTC_GetFlagStatus
                0x0800ca28                RTC_ClearFlag
                0x0800ca3c                RTC_GetITStatus
                0x0800ca60                RTC_ClearITPendingBit
 .text          0x0800ca74      0x2d4 lib/STM32F10x_StdPeriph_Driver/libstm32fw.a(stm32f10x_spi.o)
                0x0800ca74                SPI_I2S_DeInit
                0x0800cad8                SPI_Init
                0x0800cb18                I2S_Init
                0x0800cbb8                SPI_StructInit
                0x0800cbd0                I2S_StructInit
                0x0800cbe2                SPI_Cmd
                0x0800cbfc                I2S_Cmd
                0x0800cc16                SPI_I2S_ITConfig
                0x0800cc34                SPI_I2S_DMACmd
                0x0800cc4a                SPI_I2S_SendData
                0x0800cc4e                SPI_I2S_ReceiveData
                0x0800cc54                SPI_NSSInternalSoftwareConfig
                0x0800cc74                SPI_SSOutputCmd
                0x0800cc8e                SPI_DataSizeConfig
                0x0800cca6                SPI_TransmitCRC
                0x0800ccb2                SPI_CalculateCRC
                0x0800cccc                SPI_GetCRC
                0x0800ccdc                SPI_GetCRCPolynomial
                0x0800cce2                SPI_BiDirectionalLineConfig
                0x0800cd00                SPI_I2S_GetFlagStatus
                0x0800cd0c                SPI_I2S_ClearFlag
                0x0800cd12                SPI_I2S_GetITStatus
                0x0800cd38                SPI_I2S_ClearITPendingBit
 .text          0x0800cd48      0xa80 lib/STM32F10x_StdPeriph_Driver/libstm32fw.a(stm32f10x_tim.o)
                0x0800cdb6                TIM_DeInit
                0x0800ce80                TIM_TimeBaseInit
                0x0800cebc                TIM_OC1Init
                0x0800cf3c                TIM_OC2Init
                0x0800cfc4                TIM_OC3Init
                0x0800d048                TIM_OC4Init
                0x0800d0ac                TIM_BDTRConfig
                0x0800d0ce                TIM_TimeBaseStructInit
                0x0800d0e0                TIM_OCStructInit
                0x0800d0f4                TIM_ICStructInit
                0x0800d104                TIM_BDTRStructInit
                0x0800d116                TIM_Cmd
                0x0800d130                TIM_CtrlPWMOutputs
                0x0800d14e                TIM_ITConfig
                0x0800d164                TIM_GenerateEvent
                0x0800d168                TIM_DMAConfig
                0x0800d170                TIM_DMACmd
                0x0800d186                TIM_InternalClockConfig
                0x0800d194                TIM_ETRConfig
                0x0800d1aa                TIM_ETRClockMode2Config
                0x0800d1be                TIM_ETRClockMode1Config
                0x0800d1d8                TIM_PrescalerConfig
                0x0800d1de                TIM_CounterModeConfig
                0x0800d1f0                TIM_SelectInputTrigger
                0x0800d202                TIM_TIxExternalClockConfig
                0x0800d230                TIM_ITRxExternalClockConfig
                0x0800d244                TIM_EncoderInterfaceConfig
                0x0800d282                TIM_ForcedOC1Config
                0x0800d294                TIM_ForcedOC2Config
                0x0800d2a6                TIM_ForcedOC3Config
                0x0800d2b8                TIM_ForcedOC4Config
                0x0800d2ca                TIM_ARRPreloadConfig
                0x0800d2e4                TIM_SelectCOM
                0x0800d2fe                TIM_SelectCCDMA
                0x0800d318                TIM_CCPreloadControl
                0x0800d332                TIM_OC1PreloadConfig
                0x0800d344                TIM_OC2PreloadConfig
                0x0800d356                TIM_OC3PreloadConfig
                0x0800d368                TIM_OC4PreloadConfig
                0x0800d37a                TIM_OC1FastConfig
                0x0800d38c                TIM_OC2FastConfig
                0x0800d39e                TIM_OC3FastConfig
                0x0800d3b0                TIM_OC4FastConfig
                0x0800d3c2                TIM_ClearOC1Ref
                0x0800d3d4                TIM_ClearOC2Ref
                0x0800d3e2                TIM_ClearOC3Ref
                0x0800d3f4                TIM_ClearOC4Ref
                0x0800d402                TIM_OC1PolarityConfig
                0x0800d414                TIM_OC1NPolarityConfig
                0x0800d426                TIM_OC2PolarityConfig
                0x0800d438                TIM_OC2NPolarityConfig
                0x0800d44a                TIM_OC3PolarityConfig
                0x0800d45c                TIM_OC3NPolarityConfig
                0x0800d46e                TIM_OC4PolarityConfig
                0x0800d480                TIM_CCxCmd
                0x0800d49e                TIM_CCxNCmd
                0x0800d4bc                TIM_SelectOCxM
                0x0800d508                TIM_UpdateDisableConfig
                0x0800d522                TIM_UpdateRequestConfig
                0x0800d53c                TIM_SelectHallSensor
                0x0800d556                TIM_SelectOnePulseMode
                0x0800d56e                TIM_SelectOutputTrigger
                0x0800d586                TIM_SelectSlaveMode
                0x0800d59e                TIM_SelectMasterSlaveMode
                0x0800d5b6                TIM_SetCounter
                0x0800d5ba                TIM_SetAutoreload
                0x0800d5be                TIM_SetCompare1
                0x0800d5c2                TIM_SetCompare2
                0x0800d5c6                TIM_SetCompare3
                0x0800d5ca                TIM_SetCompare4
                0x0800d5d0                TIM_SetIC1Prescaler
                0x0800d5e8                TIM_SetIC2Prescaler
                0x0800d600                TIM_PWMIConfig
                0x0800d66c                TIM_SetIC3Prescaler
                0x0800d684                TIM_SetIC4Prescaler
                0x0800d69c                TIM_ICInit
                0x0800d760                TIM_SetClockDivision
                0x0800d772                TIM_GetCapture1
                0x0800d778                TIM_GetCapture2
                0x0800d77e                TIM_GetCapture3
                0x0800d784                TIM_GetCapture4
                0x0800d78c                TIM_GetCounter
                0x0800d792                TIM_GetPrescaler
                0x0800d798                TIM_GetFlagStatus
                0x0800d7a4                TIM_ClearFlag
                0x0800d7aa                TIM_GetITStatus
                0x0800d7c0                TIM_ClearITPendingBit
 .text          0x0800d7c8      0x374 lib/STM32F10x_StdPeriph_Driver/libstm32fw.a(stm32f10x_usart.o)
                0x0800d7c8                USART_DeInit
                0x0800d860                USART_Init
                0x0800d8f0                USART_StructInit
                0x0800d906                USART_ClockInit
                0x0800d92c                USART_ClockStructInit
                0x0800d938                USART_Cmd
                0x0800d952                USART_ITConfig
                0x0800d988                USART_DMACmd
                0x0800d99e                USART_SetAddress
                0x0800d9b6                USART_WakeUpConfig
                0x0800d9ce                USART_ReceiverWakeUpCmd
                0x0800d9e8                USART_LINBreakDetectLengthConfig
                0x0800da00                USART_LINCmd
                0x0800da1a                USART_SendData
                0x0800da22                USART_ReceiveData
                0x0800da2a                USART_SendBreak
                0x0800da36                USART_SetGuardTime
                0x0800da48                USART_SetPrescaler
                0x0800da5c                USART_SmartCardCmd
                0x0800da76                USART_SmartCardNACKCmd
                0x0800da90                USART_HalfDuplexCmd
                0x0800daaa                USART_IrDAConfig
                0x0800dac2                USART_IrDACmd
                0x0800dadc                USART_GetFlagStatus
                0x0800dae8                USART_ClearFlag
                0x0800daee                USART_GetITStatus
                0x0800db2e                USART_ClearITPendingBit
 .text          0x0800db3c      0xa54 lib/STM32_USB-FS-Device_Driver/libstm32usb.a(usb_core.o)
                0x0800db3c                Standard_GetConfiguration
                0x0800db64                Standard_GetInterface
                0x0800db8c                Standard_GetStatus
                0x0800dd00                Standard_SetConfiguration
                0x0800dd3c                Standard_SetInterface
                0x0800dd8c                Standard_ClearFeature
                0x0800de88                Standard_SetEndPointFeature
                0x0800df3c                Standard_SetDeviceFeature
                0x0800df60                Standard_GetDescriptorData
                0x0800df7c                Post0_Process
                0x0800dfc4                Out0_Process
                0x0800e0a0                Setup0_Process
                0x0800e470                SetDeviceAddress
                0x0800e52c                In0_Process
                0x0800e58c                NOP_Process
 .text          0x0800e590       0x38 lib/STM32_USB-FS-Device_Driver/libstm32usb.a(usb_init.o)
                0x0800e590                USB_Init
 .text          0x0800e5c8      0x25c lib/STM32_USB-FS-Device_Driver/libstm32usb.a(usb_int.o)
                0x0800e5c8                CTR_LP
                0x0800e790                CTR_HP
 .text          0x0800e824       0xb8 lib/STM32_USB-FS-Device_Driver/libstm32usb.a(usb_mem.o)
                0x0800e824                UserToPMABufferCopy
                0x0800e88c                PMAToUserBufferCopy
 .text          0x0800e8dc      0x880 lib/STM32_USB-FS-Device_Driver/libstm32usb.a(usb_regs.o)
                0x0800e8dc                SetCNTR
                0x0800e8e8                GetCNTR
                0x0800e8f4                SetISTR
                0x0800e900                GetISTR
                0x0800e90c                GetFNR
                0x0800e918                SetDADDR
                0x0800e924                GetDADDR
                0x0800e930                SetBTABLE
                0x0800e944                GetBTABLE
                0x0800e950                SetENDPOINT
                0x0800e960                GetENDPOINT
                0x0800e970                SetEPType
                0x0800e98c                GetEPType
                0x0800e9a0                SetEPTxStatus
                0x0800e9e0                SetEPRxStatus
                0x0800ea20                SetDouBleBuffEPStall
                0x0800ea48                GetEPTxStatus
                0x0800ea5c                GetEPRxStatus
                0x0800ea70                SetEPTxValid
                0x0800ea94                SetEPRxValid
                0x0800eab8                SetEP_KIND
                0x0800ead8                ClearEP_KIND
                0x0800eaf8                Clear_Status_Out
                0x0800eb18                Set_Status_Out
                0x0800eb38                SetEPDoubleBuff
                0x0800eb58                ClearEPDoubleBuff
                0x0800eb78                GetTxStallStatus
                0x0800eb98                GetRxStallStatus
                0x0800ebb8                ClearEP_CTR_RX
                0x0800ebd0                ClearEP_CTR_TX
                0x0800ebe8                ToggleDTOG_RX
                0x0800ec08                ToggleDTOG_TX
                0x0800ec28                ClearDTOG_RX
                0x0800ec50                ClearDTOG_TX
                0x0800ec78                SetEPAddress
                0x0800ec9c                GetEPAddress
                0x0800ecb0                SetEPTxAddr
                0x0800ecd4                SetEPRxAddr
                0x0800ecfc                GetEPTxAddr
                0x0800ed1c                GetEPRxAddr
                0x0800ed3c                SetEPTxCount
                0x0800ed5c                SetEPCountRxReg
                0x0800ed88                SetEPRxCount
                0x0800edd0                GetEPTxCount
                0x0800edf4                GetEPRxCount
                0x0800ee18                SetEPDblBuffAddr
                0x0800ee60                SetEPDblBuf0Addr
                0x0800ee84                SetEPDblBuf1Addr
                0x0800eeac                GetEPDblBuf0Addr
                0x0800eecc                GetEPDblBuf1Addr
                0x0800eeec                SetEPDblBuffCount
                0x0800ef98                SetEPDblBuf0Count
                0x0800f000                SetEPDblBuf1Count
                0x0800f068                GetEPDblBuf0Count
                0x0800f08c                GetEPDblBuf1Count
                0x0800f0b0                GetEPDblBufDir
                0x0800f0f8                FreeUserBuffer
                0x0800f148                ToWord
                0x0800f150                ByteSwap
 .text          0x0800f15c       0x6c lib/STM32_USB-FS-Device_Driver/libstm32usb.a(usb_sil.o)
                0x0800f15c                USB_SIL_Init
                0x0800f17c                USB_SIL_Write
                0x0800f1a4                USB_SIL_Read
 .text          0x0800f1c8       0x98 /home/laurence/CodeSourcery/Sourcery_G++_Lite/bin/../lib/gcc/arm-none-eabi/4.5.2/../../../../arm-none-eabi/lib/thumb2/libm.a(lib_a-s_sin.o)
                0x0800f1c8                sin
 .text          0x0800f260       0xa8 /home/laurence/CodeSourcery/Sourcery_G++_Lite/bin/../lib/gcc/arm-none-eabi/4.5.2/../../../../arm-none-eabi/lib/thumb2/libm.a(lib_a-w_asin.o)
                0x0800f260                asin
 .text          0x0800f308       0xac /home/laurence/CodeSourcery/Sourcery_G++_Lite/bin/../lib/gcc/arm-none-eabi/4.5.2/../../../../arm-none-eabi/lib/thumb2/libm.a(lib_a-w_sqrt.o)
                0x0800f308                sqrt
 *fill*         0x0800f3b4        0x4 00
 .text          0x0800f3b8      0x460 /home/laurence/CodeSourcery/Sourcery_G++_Lite/bin/../lib/gcc/arm-none-eabi/4.5.2/../../../../arm-none-eabi/lib/thumb2/libm.a(lib_a-e_asin.o)
                0x0800f3b8                __ieee754_asin
 .text          0x0800f818      0x450 /home/laurence/CodeSourcery/Sourcery_G++_Lite/bin/../lib/gcc/arm-none-eabi/4.5.2/../../../../arm-none-eabi/lib/thumb2/libm.a(lib_a-e_rem_pio2.o)
                0x0800f818                __ieee754_rem_pio2
 .text          0x0800fc68      0x1c0 /home/laurence/CodeSourcery/Sourcery_G++_Lite/bin/../lib/gcc/arm-none-eabi/4.5.2/../../../../arm-none-eabi/lib/thumb2/libm.a(lib_a-e_sqrt.o)
                0x0800fc68                __ieee754_sqrt
 .text          0x0800fe28      0x250 /home/laurence/CodeSourcery/Sourcery_G++_Lite/bin/../lib/gcc/arm-none-eabi/4.5.2/../../../../arm-none-eabi/lib/thumb2/libm.a(lib_a-k_cos.o)
                0x0800fe28                __kernel_cos
 .text          0x08010078      0x7a8 /home/laurence/CodeSourcery/Sourcery_G++_Lite/bin/../lib/gcc/arm-none-eabi/4.5.2/../../../../arm-none-eabi/lib/thumb2/libm.a(lib_a-k_rem_pio2.o)
                0x08010078                __kernel_rem_pio2
 .text          0x08010820      0x168 /home/laurence/CodeSourcery/Sourcery_G++_Lite/bin/../lib/gcc/arm-none-eabi/4.5.2/../../../../arm-none-eabi/lib/thumb2/libm.a(lib_a-k_sin.o)
                0x08010820                __kernel_sin
 .text          0x08010988        0x8 /home/laurence/CodeSourcery/Sourcery_G++_Lite/bin/../lib/gcc/arm-none-eabi/4.5.2/../../../../arm-none-eabi/lib/thumb2/libm.a(lib_a-s_fabs.o)
                0x08010988                fabs
 .text          0x08010990      0x128 /home/laurence/CodeSourcery/Sourcery_G++_Lite/bin/../lib/gcc/arm-none-eabi/4.5.2/../../../../arm-none-eabi/lib/thumb2/libm.a(lib_a-s_floor.o)
                0x08010990                floor
 .text          0x08010ab8       0x90 /home/laurence/CodeSourcery/Sourcery_G++_Lite/bin/../lib/gcc/arm-none-eabi/4.5.2/../../../../arm-none-eabi/lib/thumb2/libm.a(lib_a-s_fpclassify.o)
                0x08010ab8                __fpclassifyd
 .text          0x08010b48        0x4 /home/laurence/CodeSourcery/Sourcery_G++_Lite/bin/../lib/gcc/arm-none-eabi/4.5.2/../../../../arm-none-eabi/lib/thumb2/libm.a(lib_a-s_matherr.o)
                0x08010b48                matherr
 .text          0x08010b4c        0xc /home/laurence/CodeSourcery/Sourcery_G++_Lite/bin/../lib/gcc/arm-none-eabi/4.5.2/../../../../arm-none-eabi/lib/thumb2/libm.a(lib_a-s_nan.o)
                0x08010b4c                nan
 .text          0x08010b58      0x108 /home/laurence/CodeSourcery/Sourcery_G++_Lite/bin/../lib/gcc/arm-none-eabi/4.5.2/../../../../arm-none-eabi/lib/thumb2/libm.a(lib_a-s_scalbn.o)
                0x08010b58                scalbn
 .text          0x08010c60       0x14 /home/laurence/CodeSourcery/Sourcery_G++_Lite/bin/../lib/gcc/arm-none-eabi/4.5.2/../../../../arm-none-eabi/lib/thumb2/libm.a(lib_a-s_copysign.o)
                0x08010c60                copysign
 *fill*         0x08010c74        0x4 00
 .text          0x08010c78      0x2b0 /home/laurence/CodeSourcery/Sourcery_G++_Lite/bin/../lib/gcc/arm-none-eabi/4.5.2/thumb2/libgcc.a(_divsi3.o)
                0x08010c78                __aeabi_idiv
                0x08010c78                __divsi3
                0x08010f0c                __aeabi_idivmod
 .text          0x08010f28        0x4 /home/laurence/CodeSourcery/Sourcery_G++_Lite/bin/../lib/gcc/arm-none-eabi/4.5.2/thumb2/libgcc.a(_dvmd_tls.o)
                0x08010f28                __aeabi_ldiv0
                0x08010f28                __aeabi_idiv0
 .text          0x08010f2c      0x370 /home/laurence/CodeSourcery/Sourcery_G++_Lite/bin/../lib/gcc/arm-none-eabi/4.5.2/thumb2/libgcc.a(_arm_addsubdf3.o)
                0x08010f2c                __aeabi_drsub
                0x08010f34                __aeabi_dsub
                0x08010f34                __subdf3
                0x08010f38                __adddf3
                0x08010f38                __aeabi_dadd
                0x080111b0                __aeabi_ui2d
                0x080111b0                __floatunsidf
                0x080111d0                __floatsidf
                0x080111d0                __aeabi_i2d
                0x080111f4                __extendsfdf2
                0x080111f4                __aeabi_f2d
                0x08011230                __aeabi_ul2d
                0x08011230                __floatundidf
                0x08011240                __floatdidf
                0x08011240                __aeabi_l2d
 .text          0x0801129c      0x424 /home/laurence/CodeSourcery/Sourcery_G++_Lite/bin/../lib/gcc/arm-none-eabi/4.5.2/thumb2/libgcc.a(_arm_muldivdf3.o)
                0x0801129c                __aeabi_dmul
                0x0801129c                __muldf3
                0x080114f0                __aeabi_ddiv
                0x080114f0                __divdf3
 .text          0x080116c0      0x110 /home/laurence/CodeSourcery/Sourcery_G++_Lite/bin/../lib/gcc/arm-none-eabi/4.5.2/thumb2/libgcc.a(_arm_cmpdf2.o)
                0x080116c0                __gtdf2
                0x080116c0                __gedf2
                0x080116c8                __ltdf2
                0x080116c8                __ledf2
                0x080116d0                __cmpdf2
                0x080116d0                __eqdf2
                0x080116d0                __nedf2
                0x0801174c                __aeabi_cdrcmple
                0x0801175c                __aeabi_cdcmple
                0x0801175c                __aeabi_cdcmpeq
                0x0801176c                __aeabi_dcmpeq
                0x08011780                __aeabi_dcmplt
                0x08011794                __aeabi_dcmple
                0x080117a8                __aeabi_dcmpge
                0x080117bc                __aeabi_dcmpgt
 .text          0x080117d0       0x50 /home/laurence/CodeSourcery/Sourcery_G++_Lite/bin/../lib/gcc/arm-none-eabi/4.5.2/thumb2/libgcc.a(_arm_fixdfsi.o)
                0x080117d0                __fixdfsi
                0x080117d0                __aeabi_d2iz
 .text          0x08011820       0x40 /home/laurence/CodeSourcery/Sourcery_G++_Lite/bin/../lib/gcc/arm-none-eabi/4.5.2/thumb2/libgcc.a(_arm_fixunsdfsi.o)
                0x08011820                __fixunsdfsi
                0x08011820                __aeabi_d2uiz
 .text          0x08011860       0xa0 /home/laurence/CodeSourcery/Sourcery_G++_Lite/bin/../lib/gcc/arm-none-eabi/4.5.2/thumb2/libgcc.a(_arm_truncdfsf2.o)
                0x08011860                __aeabi_d2f
                0x08011860                __truncdfsf2
 .text          0x08011900      0x21c /home/laurence/CodeSourcery/Sourcery_G++_Lite/bin/../lib/gcc/arm-none-eabi/4.5.2/thumb2/libgcc.a(_arm_addsubsf3.o)
                0x08011900                __aeabi_frsub
                0x08011908                __subsf3
                0x08011908                __aeabi_fsub
                0x0801190c                __aeabi_fadd
                0x0801190c                __addsf3
                0x08011a6c                __aeabi_ui2f
                0x08011a6c                __floatunsisf
                0x08011a74                __aeabi_i2f
                0x08011a74                __floatsisf
                0x08011a90                __floatundisf
                0x08011a90                __aeabi_ul2f
                0x08011aa0                __floatdisf
                0x08011aa0                __aeabi_l2f
 .text          0x08011b1c      0x2a0 /home/laurence/CodeSourcery/Sourcery_G++_Lite/bin/../lib/gcc/arm-none-eabi/4.5.2/thumb2/libgcc.a(_arm_muldivsf3.o)
                0x08011b1c                __mulsf3
                0x08011b1c                __aeabi_fmul
                0x08011c84                __divsf3
                0x08011c84                __aeabi_fdiv
 .text          0x08011dbc       0xec /home/laurence/CodeSourcery/Sourcery_G++_Lite/bin/../lib/gcc/arm-none-eabi/4.5.2/thumb2/libgcc.a(_arm_cmpsf2.o)
                0x08011dbc                __gtsf2
                0x08011dbc                __gesf2
                0x08011dc4                __lesf2
                0x08011dc4                __ltsf2
                0x08011dcc                __nesf2
                0x08011dcc                __eqsf2
                0x08011dcc                __cmpsf2
                0x08011e2c                __aeabi_cfrcmple
                0x08011e34                __aeabi_cfcmple
                0x08011e34                __aeabi_cfcmpeq
                0x08011e44                __aeabi_fcmpeq
                0x08011e58                __aeabi_fcmplt
                0x08011e6c                __aeabi_fcmple
                0x08011e80                __aeabi_fcmpge
                0x08011e94                __aeabi_fcmpgt
 .text          0x08011ea8       0x40 /home/laurence/CodeSourcery/Sourcery_G++_Lite/bin/../lib/gcc/arm-none-eabi/4.5.2/thumb2/libgcc.a(_arm_fixunssfsi.o)
                0x08011ea8                __aeabi_f2uiz
                0x08011ea8                __fixunssfsi
 .text          0x08011ee8        0xc /home/laurence/CodeSourcery/Sourcery_G++_Lite/bin/../lib/gcc/arm-none-eabi/4.5.2/../../../../arm-none-eabi/lib/thumb2/libc.a(lib_a-errno.o)
                0x08011ee8                __errno
 .text          0x08011ef4       0x20 /home/laurence/CodeSourcery/Sourcery_G++_Lite/bin/../lib/gcc/arm-none-eabi/4.5.2/../../../../arm-none-eabi/lib/thumb2/libc.a(lib_a-malloc.o)
                0x08011ef4                malloc
                0x08011f04                free
 .text          0x08011f14      0x57c /home/laurence/CodeSourcery/Sourcery_G++_Lite/bin/../lib/gcc/arm-none-eabi/4.5.2/../../../../arm-none-eabi/lib/thumb2/libc.a(lib_a-mallocr.o)
                0x08011f14                _malloc_r
 .text          0x08012490        0x8 /home/laurence/CodeSourcery/Sourcery_G++_Lite/bin/../lib/gcc/arm-none-eabi/4.5.2/../../../../arm-none-eabi/lib/thumb2/libc.a(lib_a-mlock.o)
                0x08012490                __malloc_lock
                0x08012494                __malloc_unlock
 .text          0x08012498       0x28 /home/laurence/CodeSourcery/Sourcery_G++_Lite/bin/../lib/gcc/arm-none-eabi/4.5.2/../../../../arm-none-eabi/lib/thumb2/libc.a(lib_a-sbrkr.o)
                0x08012498                _sbrk_r
 .text          0x080124c0       0x60 /home/laurence/CodeSourcery/Sourcery_G++_Lite/bin/../lib/gcc/arm-none-eabi/4.5.2/../../../../arm-none-eabi/lib/thumb2/libc.a(lib_a-strlen.o)
                0x080124c0                strlen
 .text          0x08012520      0x240 /home/laurence/CodeSourcery/Sourcery_G++_Lite/bin/../lib/gcc/arm-none-eabi/4.5.2/../../../../arm-none-eabi/lib/thumb2/libc.a(lib_a-freer.o)
                0x08012520                _malloc_trim_r
                0x080125c8                _free_r
 .text          0x08012760       0x30 /home/laurence/CodeSourcery/Sourcery_G++_Lite/bin/../lib/gcc/arm-none-eabi/4.5.2/../../../../arm-none-eabi/lib/thumb2/libcs3.a(start_c.o)
                0x08012760                __cs3_premain
 .text.cs3.init
                0x08012790       0x50 /home/laurence/CodeSourcery/Sourcery_G++_Lite/bin/../lib/gcc/arm-none-eabi/4.5.2/../../../../arm-none-eabi/lib/thumb2/libcs3.a(start_c.o)
                0x08012790                __cs3_start_c
 .text          0x080127e0       0x40 /home/laurence/CodeSourcery/Sourcery_G++_Lite/bin/../lib/gcc/arm-none-eabi/4.5.2/../../../../arm-none-eabi/lib/thumb2/libcs3unhosted.a(unhosted-sbrk.o)
                0x080127e0                _sbrk
 .text.cs3.init
                0x08012820       0x10 /home/laurence/CodeSourcery/Sourcery_G++_Lite/bin/../lib/gcc/arm-none-eabi/4.5.2/../../../../arm-none-eabi/lib/thumb2/libcs3unhosted.a(unhosted-start.o)
                0x08012820                _start
 .text          0x08012830        0x2 lib/libcs3-lanchon-stm32.a(lanchon_stm32_isr_interrupt.o)
                0x08012830                MemManageException
                0x08012830                BusFaultException
                0x08012830                DMAChannel7_IRQHandler
                0x08012830                DebugMonitor
                0x08012830                SVCHandler
                0x08012830                HardFaultException
                0x08012830                __STM32ReservedException8
                0x08012830                __STM32DefaultExceptionHandler
                0x08012830                CAN_SCE_IRQHandler
                0x08012830                __STM32ReservedException10
                0x08012830                __STM32ReservedException13
                0x08012830                NMIException
                0x08012830                DMAChannel4_IRQHandler
                0x08012830                PendSVC
                0x08012830                CAN_RX1_IRQHandler
                0x08012830                ADC_IRQHandler
                0x08012830                DMAChannel5_IRQHandler
                0x08012830                DMAChannel2_IRQHandler
                0x08012830                __STM32ReservedException7
                0x08012830                UsageFaultException
                0x08012830                DMAChannel6_IRQHandler
                0x08012830                DMAChannel3_IRQHandler
                0x08012830                __STM32ReservedException9
 *fill*         0x08012832        0x2 00
 .text          0x08012834       0x50 /home/laurence/CodeSourcery/Sourcery_G++_Lite/bin/../lib/gcc/arm-none-eabi/4.5.2/../../../../arm-none-eabi/lib/thumb2/libc.a(lib_a-init.o)
                0x08012834                __libc_init_array
 *(.plt)
 *(.gnu.warning)
 *(.glue_7t)
 .glue_7t       0x00000000        0x0 linker stubs
 *(.glue_7)
 .glue_7        0x00000000        0x0 linker stubs
 *(.vfp11_veneer)
 .vfp11_veneer  0x00000000        0x0 linker stubs
 *(.rodata .rodata.* .gnu.linkonce.r.*)
 .rodata        0x08012884       0x98 Util/USB/usb_desc.o
                0x08012884                MASS_DeviceDescriptor
                0x08012898                MASS_ConfigDescriptor
                0x080128b8                MASS_StringLangID
                0x080128bc                MASS_StringVendor
                0x080128e4                MASS_StringProduct
                0x0801290c                MASS_StringInterface
 .rodata        0x0801291c     0x7738 Util/fat_fs/option/cc932.o
 .rodata.str1.4
                0x0801a054       0x13 Util/fat_fs/src/ff.o
                                 0x14 (size before relaxing)
 *fill*         0x0801a067        0x1 00
 .rodata        0x0801a068        0xc Util/fat_fs/src/rtc.o
 .rodata        0x0801a074       0x14 Util/rprintf.o
 .rodata.str1.4
                0x0801a088       0x1a Util/rprintf.o
                                 0x1c (size before relaxing)
 *fill*         0x0801a0a2        0x2 00
 .rodata.str1.4
                0x0801a0a4       0xbc main.o
 .rodata.str1.4
                0x0801a160        0x5 /home/laurence/CodeSourcery/Sourcery_G++_Lite/bin/../lib/gcc/arm-none-eabi/4.5.2/../../../../arm-none-eabi/lib/thumb2/libm.a(lib_a-w_asin.o)
                                  0xc (size before relaxing)
 *fill*         0x0801a165        0x3 00
 .rodata.str1.4
                0x0801a168        0x5 /home/laurence/CodeSourcery/Sourcery_G++_Lite/bin/../lib/gcc/arm-none-eabi/4.5.2/../../../../arm-none-eabi/lib/thumb2/libm.a(lib_a-w_sqrt.o)
                                  0x8 (size before relaxing)
 *fill*         0x0801a16d        0x3 00
 .rodata        0x0801a170      0x188 /home/laurence/CodeSourcery/Sourcery_G++_Lite/bin/../lib/gcc/arm-none-eabi/4.5.2/../../../../arm-none-eabi/lib/thumb2/libm.a(lib_a-e_rem_pio2.o)
 .rodata        0x0801a2f8       0x50 /home/laurence/CodeSourcery/Sourcery_G++_Lite/bin/../lib/gcc/arm-none-eabi/4.5.2/../../../../arm-none-eabi/lib/thumb2/libm.a(lib_a-k_rem_pio2.o)
 .rodata.str1.4
                0x0801a348        0x4 /home/laurence/CodeSourcery/Sourcery_G++_Lite/bin/../lib/gcc/arm-none-eabi/4.5.2/../../../../arm-none-eabi/lib/thumb2/libc.a(lib_a-impure.o)
 *(.ARM.extab* .gnu.linkonce.armextab.*)
 *(.gcc_except_table)
 *(.eh_frame_hdr)
 *(.eh_frame)
                0x0801a34c                . = ALIGN (0x4)
 *(.init)
 .init          0x0801a34c        0x4 /home/laurence/CodeSourcery/Sourcery_G++_Lite/bin/../lib/gcc/arm-none-eabi/4.5.2/thumb2/crti.o
                0x0801a34c                _init
 .init          0x0801a350        0x8 /home/laurence/CodeSourcery/Sourcery_G++_Lite/bin/../lib/gcc/arm-none-eabi/4.5.2/thumb2/crtn.o
                0x0801a358                . = ALIGN (0x4)
                0x0801a358                __preinit_array_start = .
 *(.preinit_array)
                0x0801a358                __preinit_array_end = .
                0x0801a358                . = ALIGN (0x4)
                0x0801a358                __init_array_start = .
 *(SORT(.init_array.*))
 *(.init_array)
 .init_array    0x0801a358        0x4 /home/laurence/CodeSourcery/Sourcery_G++_Lite/bin/../lib/gcc/arm-none-eabi/4.5.2/thumb2/crtbegin.o
                0x0801a35c                __init_array_end = .
                0x0801a35c                . = ALIGN (0x4)
 *crtbegin.o(.ctors)
 *(EXCLUDE_FILE(*crtend.o) .ctors)
 *(SORT(.ctors.*))
 *crtend.o(.ctors)
                0x0801a35c                . = ALIGN (0x4)
 *(.fini)
 .fini          0x0801a35c        0x4 /home/laurence/CodeSourcery/Sourcery_G++_Lite/bin/../lib/gcc/arm-none-eabi/4.5.2/thumb2/crti.o
                0x0801a35c                _fini
 .fini          0x0801a360        0x8 /home/laurence/CodeSourcery/Sourcery_G++_Lite/bin/../lib/gcc/arm-none-eabi/4.5.2/thumb2/crtn.o
                0x0801a368                . = ALIGN (0x4)
                0x0801a368                __fini_array_start = .
 *(.fini_array)
 .fini_array    0x0801a368        0x4 /home/laurence/CodeSourcery/Sourcery_G++_Lite/bin/../lib/gcc/arm-none-eabi/4.5.2/thumb2/crtbegin.o
 *(SORT(.fini_array.*))
                0x0801a36c                __fini_array_end = .
 *crtbegin.o(.dtors)
 *(EXCLUDE_FILE(*crtend.o) .dtors)
 *(SORT(.dtors.*))
 *crtend.o(.dtors)
                0x0801a36c                . = ALIGN (0x4)
                0x0801a36c                __cs3_regions = .
                0x0801a36c        0x4 LONG 0x0
                0x0801a370        0x4 LONG 0x801a380 __cs3_region_init_ram
                0x0801a374        0x4 LONG 0x20000000 __cs3_region_start_ram
                0x0801a378        0x4 LONG 0x680 __cs3_region_init_size_ram
                0x0801a37c        0x4 LONG 0x7b0 __cs3_region_zero_size_ram
                0x0801a380                __exidx_start = .

.v4_bx          0x0801a380        0x0
 .v4_bx         0x00000000        0x0 linker stubs

.ARM.exidx
 *(.ARM.exidx* .gnu.linkonce.armexidx.*)
                0x0801a380                __exidx_end = .

.text.align     0x0801a380        0x0
                0x0801a380                . = ALIGN (0x8)
                0x0801a380                _etext = .
                0x08020000                __cs3_region_end_rom = (__cs3_region_start_rom + 0x20000)
                0x00020000                __cs3_region_size_rom = 0x20000
                0x00000001                __cs3_region_num = 0x1

.data           0x20000000      0x680 load address 0x0801a380
                0x20000000                __cs3_region_start_ram = .
 *(.cs3.region-head.ram)
 *(.jcr)
 .jcr           0x20000000        0x0 /home/laurence/CodeSourcery/Sourcery_G++_Lite/bin/../lib/gcc/arm-none-eabi/4.5.2/thumb2/crtbegin.o
 .jcr           0x20000000        0x4 /home/laurence/CodeSourcery/Sourcery_G++_Lite/bin/../lib/gcc/arm-none-eabi/4.5.2/thumb2/crtend.o
 *(.got.plt)
 *(.got)
 *(.shdata)
 *(.data .data.* .gnu.linkonce.d.*)
 .data          0x20000004       0x74 Util/USB/scsi_data.o
                0x20000004                Standard_Inquiry_Data
                0x20000028                Standard_Inquiry_Data2
                0x2000004c                Mode_Sense6_data
                0x20000050                Mode_Sense10_data
                0x20000058                Scsi_Sense_Data
                0x2000006c                ReadFormatCapacity_Data
 .data          0x20000078       0x1c Util/USB/usb_desc.o
                0x20000078                MASS_StringSerial
 .data          0x20000094       0x38 Util/USB/usb_istr.o
                0x20000094                pEpInt_IN
                0x200000b0                pEpInt_OUT
 .data          0x200000cc       0x90 Util/USB/usb_prop.o
                0x200000cc                String_Descriptor
                0x200000f4                Config_Descriptor
                0x200000fc                Device_Descriptor
                0x20000104                Device_Property
                0x20000134                Device_Table
                0x20000138                User_Standard_Requests
 .data          0x2000015c        0x1 Util/USB/usb_pwr.o
                0x2000015c                fSuspendEnabled
 .data          0x2000015d        0x1 Util/fat_fs/src/sd_spi_stm32.o
 .data          0x2000015e       0x14 lib/STM32F10x_StdPeriph_Driver/libstm32fw.a(stm32f10x_rcc.o)
 .data          0x20000172        0x1 /home/laurence/CodeSourcery/Sourcery_G++_Lite/bin/../lib/gcc/arm-none-eabi/4.5.2/../../../../arm-none-eabi/lib/thumb2/libm.a(lib_a-s_lib_ver.o)
                0x20000172                __fdlib_version
 *fill*         0x20000173        0x1 00
 .data          0x20000174       0xf4 /home/laurence/CodeSourcery/Sourcery_G++_Lite/bin/../lib/gcc/arm-none-eabi/4.5.2/../../../../arm-none-eabi/lib/thumb2/libc.a(lib_a-impure.o)
                0x20000174                _impure_ptr
 .data          0x20000268      0x410 /home/laurence/CodeSourcery/Sourcery_G++_Lite/bin/../lib/gcc/arm-none-eabi/4.5.2/../../../../arm-none-eabi/lib/thumb2/libc.a(lib_a-mallocr.o)
                0x20000268                __malloc_av_
                0x20000670                __malloc_sbrk_base
                0x20000674                __malloc_trim_threshold
 .data          0x20000678        0x4 /home/laurence/CodeSourcery/Sourcery_G++_Lite/bin/../lib/gcc/arm-none-eabi/4.5.2/../../../../arm-none-eabi/lib/thumb2/libcs3unhosted.a(unhosted-sbrk.o)
 .data          0x2000067c        0x4 /home/laurence/CodeSourcery/Sourcery_G++_Lite/bin/../lib/gcc/arm-none-eabi/4.5.2/../../../../arm-none-eabi/lib/thumb2/libcs3.a(heap.o)
                0x2000067c                __cs3_heap_limit
 *(.ram)
                0x20000680                . = ALIGN (0x8)
                0x20000680                _edata = .

.bss            0x20000680      0x7b0 load address 0x0801aa00
 *(.shbss)
 *(.bss .bss.* .gnu.linkonce.b.*)
 .bss           0x20000680        0x1 /home/laurence/CodeSourcery/Sourcery_G++_Lite/bin/../lib/gcc/arm-none-eabi/4.5.2/thumb2/crtbegin.o
 *fill*         0x20000681        0x3 00
 .bss           0x20000684        0xc Sensors/ppg.o
 .bss           0x20000690        0x4 Sensors/pressure.o
 .bss           0x20000694        0x4 Util/USB/mass_mal.o
                0x20000694                Status
 .bss           0x20000698       0x1c Util/USB/memory.o
                0x20000698                TransferState
                0x200006a4                Block_Read_count
                0x200006a8                Counter
 .bss           0x200006b4       0x10 Util/USB/scsi_data.o
                0x200006b4                Page00_Inquiry_Data
                0x200006bc                ReadCapacity10_Data
 .bss           0x200006c4        0x1 Util/USB/usb_istr.o
                0x200006c4                bIntPackSOF
 *fill*         0x200006c5        0x3 00
 .bss           0x200006c8        0x4 Util/USB/usb_prop.o
                0x200006c8                Max_Lun
 .bss           0x200006cc        0x4 Util/USB/usb_pwr.o
                0x200006cc                bDeviceState
 .bss           0x200006d0        0x8 Util/fat_fs/src/ff.o
 .bss           0x200006d8       0x10 Util/fat_fs/src/sd_spi_stm32.o
 .bss           0x200006e8       0x84 Util/rprintf.o
 .bss           0x2000076c        0x4 interrupts.o
 .bss           0x20000770      0x234 main.o
                0x200009a0                file_opened
 .bss           0x200009a4        0x1 lib/STM32_USB-FS-Device_Driver/libstm32usb.a(usb_core.o)
                0x200009a4                Data_Mul_MaxPacketSize
 *fill*         0x200009a5        0x3 00
 .bss           0x200009a8       0x34 /home/laurence/CodeSourcery/Sourcery_G++_Lite/bin/../lib/gcc/arm-none-eabi/4.5.2/../../../../arm-none-eabi/lib/thumb2/libc.a(lib_a-mallocr.o)
                0x200009a8                __malloc_top_pad
                0x200009ac                __malloc_current_mallinfo
                0x200009d4                __malloc_max_sbrked_mem
                0x200009d8                __malloc_max_total_mem
 *(COMMON)
 COMMON         0x200009dc       0x1c Util/USB/mass_mal.o
                0x200009dc                Mass_Memory_Size
                0x200009e4                Mass_Block_Size
                0x200009ec                Mass_Block_Count
                0x200009f4                Data_Buffer
 COMMON         0x200009f8        0x8 Util/USB/memory.o
                0x200009f8                Block_offset
                0x200009fc                Idx
 COMMON         0x20000a00       0x7c Util/USB/usb_bot.o
                0x20000a00                CBW
                0x20000a20                Data_Len
                0x20000a22                Bot_State
                0x20000a24                SCSI_LBA
                0x20000a28                CSW
                0x20000a38                SCSI_BlkLen
                0x20000a3c                Bulk_Data_Buff
 COMMON         0x20000a7c        0x2 Util/USB/usb_istr.o
                0x20000a7c                wIstr
 *fill*         0x20000a7e        0x2 00
 COMMON         0x20000a80        0x2 Util/USB/usb_pwr.o
                0x20000a80                ResumeS
 *fill*         0x20000a82        0x2 00
 COMMON         0x20000a84        0x4 adc.o
                0x20000a84                ADC1_Convertion_buff
 COMMON         0x20000a88        0x1 gpio.o
                0x20000a88                bootsource
 *fill*         0x20000a89        0x3 00
 COMMON         0x20000a8c      0x364 main.o
                0x20000a8c                Pressure_control
                0x20000a90                pressure_setpoint
                0x20000a94                f_err_code
                0x20000a98                Buff
                0x20000aa4                FATFS_info
                0x20000ac4                print_string
                0x20000bc4                a
                0x20000bc8                reported_pressure
                0x20000bcc                FATFS_logfile
 COMMON         0x20000df0        0x2 lib/STM32_USB-FS-Device_Driver/libstm32usb.a(usb_core.o)
                0x20000df0                StatusInfo
 *fill*         0x20000df2        0x2 00
 COMMON         0x20000df4       0x32 lib/STM32_USB-FS-Device_Driver/libstm32usb.a(usb_init.o)
                0x20000df4                SaveState
                0x20000df8                pProperty
                0x20000dfc                EPindex
                0x20000e00                Device_Info
                0x20000e1c                pUser_Standard_Requests
                0x20000e20                pInformation
                0x20000e24                wInterrupt_Mask
 COMMON         0x20000e26        0x4 lib/STM32_USB-FS-Device_Driver/libstm32usb.a(usb_int.o)
                0x20000e26                SaveRState
                0x20000e28                SaveTState
 *fill*         0x20000e2a        0x2 00
 COMMON         0x20000e2c        0x4 /home/laurence/CodeSourcery/Sourcery_G++_Lite/bin/../lib/gcc/arm-none-eabi/4.5.2/../../../../arm-none-eabi/lib/thumb2/libc.a(lib_a-reent.o)
                0x20000e2c                errno
 *(.ram.b)
                0x20000e30                . = ALIGN (0x8)
                0x20000e30                _end = .
                0x20000e30                __end = .
                0x20005000                __cs3_region_end_ram = (__cs3_region_start_ram + 0x5000)
                0x00005000                __cs3_region_size_ram = 0x5000
                0x0801a380                __cs3_region_init_ram = LOADADDR (.data)
                0x00000680                __cs3_region_init_size_ram = (_edata - ADDR (.data))
                0x000007b0                __cs3_region_zero_size_ram = (_end - _edata)
                0x00000001                __cs3_region_num = 0x1

.stab
 *(.stab)

.stabstr
 *(.stabstr)

.debug
 *(.debug)

.line
 *(.line)

.debug_srcinfo
 *(.debug_srcinfo)

.debug_sfnames
 *(.debug_sfnames)

.comment        0x00000000       0x2a
 .comment       0x00000000       0x2a Sensors/ppg.o
                                 0x2b (size before relaxing)
 .comment       0x00000000       0x2b Sensors/pressure.o
 .comment       0x00000000       0x2b Util/USB/hw_config.o
 .comment       0x00000000       0x2b Util/USB/mass_mal.o
 .comment       0x00000000       0x2b Util/USB/memory.o
 .comment       0x00000000       0x2b Util/USB/scsi_data.o
 .comment       0x00000000       0x2b Util/USB/usb_bot.o
 .comment       0x00000000       0x2b Util/USB/usb_desc.o
 .comment       0x00000000       0x2b Util/USB/usb_endp.o
 .comment       0x00000000       0x2b Util/USB/usb_istr.o
 .comment       0x00000000       0x2b Util/USB/usb_prop.o
 .comment       0x00000000       0x2b Util/USB/usb_pwr.o
 .comment       0x00000000       0x2b Util/USB/usb_scsi.o
 .comment       0x00000000       0x2b Util/buffer.o
 .comment       0x00000000       0x2b Util/fat_fs/option/cc932.o
 .comment       0x00000000       0x2b Util/fat_fs/option/syscall.o
 .comment       0x00000000       0x2b Util/fat_fs/src/fattime.o
 .comment       0x00000000       0x2b Util/fat_fs/src/ff.o
 .comment       0x00000000       0x2b Util/fat_fs/src/rtc.o
 .comment       0x00000000       0x2b Util/fat_fs/src/sd_spi_stm32.o
 .comment       0x00000000       0x2b Util/rprintf.o
 .comment       0x00000000       0x2b Util/stm32_eval_spi_sd.o
 .comment       0x00000000       0x2b adc.o
 .comment       0x00000000       0x2b gpio.o
 .comment       0x00000000       0x2b interrupts.o
 .comment       0x00000000       0x2b lib/CMSIS_CM3/core_cm3.o
 .comment       0x00000000       0x2b lib/CMSIS_CM3/system_stm32f10x.o
 .comment       0x00000000       0x2b main.o
 .comment       0x00000000       0x2b pwr.o
 .comment       0x00000000       0x2b timer.o
 .comment       0x00000000       0x2b usart.o
 .comment       0x00000000       0x2b lib/STM32F10x_StdPeriph_Driver/libstm32fw.a(misc.o)
 .comment       0x00000000       0x2b lib/STM32F10x_StdPeriph_Driver/libstm32fw.a(stm32f10x_adc.o)
 .comment       0x00000000       0x2b lib/STM32F10x_StdPeriph_Driver/libstm32fw.a(stm32f10x_bkp.o)
 .comment       0x00000000       0x2b lib/STM32F10x_StdPeriph_Driver/libstm32fw.a(stm32f10x_dma.o)
 .comment       0x00000000       0x2b lib/STM32F10x_StdPeriph_Driver/libstm32fw.a(stm32f10x_exti.o)
 .comment       0x00000000       0x2b lib/STM32F10x_StdPeriph_Driver/libstm32fw.a(stm32f10x_gpio.o)
 .comment       0x00000000       0x2b lib/STM32F10x_StdPeriph_Driver/libstm32fw.a(stm32f10x_pwr.o)
 .comment       0x00000000       0x2b lib/STM32F10x_StdPeriph_Driver/libstm32fw.a(stm32f10x_rcc.o)
 .comment       0x00000000       0x2b lib/STM32F10x_StdPeriph_Driver/libstm32fw.a(stm32f10x_rtc.o)
 .comment       0x00000000       0x2b lib/STM32F10x_StdPeriph_Driver/libstm32fw.a(stm32f10x_spi.o)
 .comment       0x00000000       0x2b lib/STM32F10x_StdPeriph_Driver/libstm32fw.a(stm32f10x_tim.o)
 .comment       0x00000000       0x2b lib/STM32F10x_StdPeriph_Driver/libstm32fw.a(stm32f10x_usart.o)
 .comment       0x00000000       0x2b lib/STM32_USB-FS-Device_Driver/libstm32usb.a(usb_core.o)
 .comment       0x00000000       0x2b lib/STM32_USB-FS-Device_Driver/libstm32usb.a(usb_init.o)
 .comment       0x00000000       0x2b lib/STM32_USB-FS-Device_Driver/libstm32usb.a(usb_int.o)
 .comment       0x00000000       0x2b lib/STM32_USB-FS-Device_Driver/libstm32usb.a(usb_mem.o)
 .comment       0x00000000       0x2b lib/STM32_USB-FS-Device_Driver/libstm32usb.a(usb_regs.o)
 .comment       0x00000000       0x2b lib/STM32_USB-FS-Device_Driver/libstm32usb.a(usb_sil.o)

.debug_aranges  0x00000000      0x3a8
 *(.debug_aranges)
 .debug_aranges
                0x00000000       0x20 Sensors/ppg.o
 .debug_aranges
                0x00000020       0x20 Sensors/pressure.o
 .debug_aranges
                0x00000040       0x20 Util/USB/hw_config.o
 .debug_aranges
                0x00000060       0x20 Util/USB/mass_mal.o
 .debug_aranges
                0x00000080       0x20 Util/USB/memory.o
 .debug_aranges
                0x000000a0       0x20 Util/USB/usb_bot.o
 .debug_aranges
                0x000000c0       0x20 Util/USB/usb_endp.o
 .debug_aranges
                0x000000e0       0x20 Util/USB/usb_istr.o
 .debug_aranges
                0x00000100       0x20 Util/USB/usb_prop.o
 .debug_aranges
                0x00000120       0x20 Util/USB/usb_pwr.o
 .debug_aranges
                0x00000140       0x20 Util/USB/usb_scsi.o
 .debug_aranges
                0x00000160       0x20 Util/buffer.o
 .debug_aranges
                0x00000180       0x20 Util/fat_fs/option/cc932.o
 .debug_aranges
                0x000001a0       0x20 Util/fat_fs/src/fattime.o
 .debug_aranges
                0x000001c0       0x20 Util/fat_fs/src/ff.o
 .debug_aranges
                0x000001e0       0x20 Util/fat_fs/src/rtc.o
 .debug_aranges
                0x00000200       0x20 Util/fat_fs/src/sd_spi_stm32.o
 .debug_aranges
                0x00000220       0x20 Util/rprintf.o
 .debug_aranges
                0x00000240       0x20 Util/stm32_eval_spi_sd.o
 .debug_aranges
                0x00000260       0x20 adc.o
 .debug_aranges
                0x00000280       0x20 gpio.o
 .debug_aranges
                0x000002a0       0x20 interrupts.o
 .debug_aranges
                0x000002c0       0x20 lib/CMSIS_CM3/core_cm3.o
 .debug_aranges
                0x000002e0       0x28 lib/CMSIS_CM3/startup/gcc/startup_stm32f10x_md.o
 .debug_aranges
                0x00000308       0x20 lib/CMSIS_CM3/system_stm32f10x.o
 .debug_aranges
                0x00000328       0x20 main.o
 .debug_aranges
                0x00000348       0x20 pwr.o
 .debug_aranges
                0x00000368       0x20 timer.o
 .debug_aranges
                0x00000388       0x20 usart.o

.debug_pubnames
                0x00000000     0x1435
 *(.debug_pubnames)
 .debug_pubnames
                0x00000000       0x4e Sensors/ppg.o
 .debug_pubnames
                0x0000004e       0x47 Sensors/pressure.o
 .debug_pubnames
                0x00000095      0x113 Util/USB/hw_config.o
 .debug_pubnames
                0x000001a8       0xa5 Util/USB/mass_mal.o
 .debug_pubnames
                0x0000024d       0x7f Util/USB/memory.o
 .debug_pubnames
                0x000002cc       0xd2 Util/USB/scsi_data.o
 .debug_pubnames
                0x0000039e       0xd9 Util/USB/usb_bot.o
 .debug_pubnames
                0x00000477       0xb8 Util/USB/usb_desc.o
 .debug_pubnames
                0x0000052f       0x3b Util/USB/usb_endp.o
 .debug_pubnames
                0x0000056a       0x56 Util/USB/usb_istr.o
 .debug_pubnames
                0x000005c0      0x1f6 Util/USB/usb_prop.o
 .debug_pubnames
                0x000007b6       0x83 Util/USB/usb_pwr.o
 .debug_pubnames
                0x00000839      0x195 Util/USB/usb_scsi.o
 .debug_pubnames
                0x000009ce       0x48 Util/buffer.o
 .debug_pubnames
                0x00000a16       0x31 Util/fat_fs/option/cc932.o
 .debug_pubnames
                0x00000a47       0x22 Util/fat_fs/src/fattime.o
 .debug_pubnames
                0x00000a69      0x14a Util/fat_fs/src/ff.o
 .debug_pubnames
                0x00000bb3       0x55 Util/fat_fs/src/rtc.o
 .debug_pubnames
                0x00000c08       0x75 Util/fat_fs/src/sd_spi_stm32.o
 .debug_pubnames
                0x00000c7d       0xf9 Util/rprintf.o
 .debug_pubnames
                0x00000d76      0x167 Util/stm32_eval_spi_sd.o
 .debug_pubnames
                0x00000edd       0x66 adc.o
 .debug_pubnames
                0x00000f43       0x64 gpio.o
 .debug_pubnames
                0x00000fa7       0xde interrupts.o
 .debug_pubnames
                0x00001085      0x159 lib/CMSIS_CM3/core_cm3.o
 .debug_pubnames
                0x000011de       0xa3 lib/CMSIS_CM3/system_stm32f10x.o
 .debug_pubnames
                0x00001281       0xe6 main.o
 .debug_pubnames
                0x00001367       0x3c pwr.o
 .debug_pubnames
                0x000013a3       0x2e timer.o
 .debug_pubnames
                0x000013d1       0x64 usart.o

.debug_info     0x00000000     0xdecc
 *(.debug_info .gnu.linkonce.wi.*)
 .debug_info    0x00000000      0x269 Sensors/ppg.o
 .debug_info    0x00000269      0x148 Sensors/pressure.o
 .debug_info    0x000003b1      0x731 Util/USB/hw_config.o
 .debug_info    0x00000ae2      0x302 Util/USB/mass_mal.o
 .debug_info    0x00000de4      0x333 Util/USB/memory.o
 .debug_info    0x00001117      0x16b Util/USB/scsi_data.o
 .debug_info    0x00001282      0x49d Util/USB/usb_bot.o
 .debug_info    0x0000171f      0x177 Util/USB/usb_desc.o
 .debug_info    0x00001896       0x98 Util/USB/usb_endp.o
 .debug_info    0x0000192e      0x311 Util/USB/usb_istr.o
 .debug_info    0x00001c3f      0x9a4 Util/USB/usb_prop.o
 .debug_info    0x000025e3      0x3c3 Util/USB/usb_pwr.o
 .debug_info    0x000029a6      0x899 Util/USB/usb_scsi.o
 .debug_info    0x0000323f      0x194 Util/buffer.o
 .debug_info    0x000033d3      0x1b9 Util/fat_fs/option/cc932.o
 .debug_info    0x0000358c       0x77 Util/fat_fs/option/syscall.o
 .debug_info    0x00003603      0x15a Util/fat_fs/src/fattime.o
 .debug_info    0x0000375d     0x325b Util/fat_fs/src/ff.o
 .debug_info    0x000069b8      0x532 Util/fat_fs/src/rtc.o
 .debug_info    0x00006eea     0x183f Util/fat_fs/src/sd_spi_stm32.o
 .debug_info    0x00008729      0xe23 Util/rprintf.o
 .debug_info    0x0000954c     0x1a18 Util/stm32_eval_spi_sd.o
 .debug_info    0x0000af64      0x453 adc.o
 .debug_info    0x0000b3b7      0x287 gpio.o
 .debug_info    0x0000b63e      0xb82 interrupts.o
 .debug_info    0x0000c1c0      0x547 lib/CMSIS_CM3/core_cm3.o
 .debug_info    0x0000c707       0x79 lib/CMSIS_CM3/startup/gcc/startup_stm32f10x_md.o
 .debug_info    0x0000c780      0x2d0 lib/CMSIS_CM3/system_stm32f10x.o
 .debug_info    0x0000ca50      0xa57 main.o
 .debug_info    0x0000d4a7       0xcf pwr.o
 .debug_info    0x0000d576      0x50d timer.o
 .debug_info    0x0000da83      0x449 usart.o

.debug_abbrev   0x00000000     0x2c9e
 *(.debug_abbrev)
 .debug_abbrev  0x00000000      0x144 Sensors/ppg.o
 .debug_abbrev  0x00000144       0xca Sensors/pressure.o
 .debug_abbrev  0x0000020e      0x2d3 Util/USB/hw_config.o
 .debug_abbrev  0x000004e1      0x111 Util/USB/mass_mal.o
 .debug_abbrev  0x000005f2      0x110 Util/USB/memory.o
 .debug_abbrev  0x00000702       0x5c Util/USB/scsi_data.o
 .debug_abbrev  0x0000075e      0x198 Util/USB/usb_bot.o
 .debug_abbrev  0x000008f6       0x63 Util/USB/usb_desc.o
 .debug_abbrev  0x00000959       0x41 Util/USB/usb_endp.o
 .debug_abbrev  0x0000099a      0x113 Util/USB/usb_istr.o
 .debug_abbrev  0x00000aad      0x1d0 Util/USB/usb_prop.o
 .debug_abbrev  0x00000c7d      0x1bd Util/USB/usb_pwr.o
 .debug_abbrev  0x00000e3a      0x253 Util/USB/usb_scsi.o
 .debug_abbrev  0x0000108d       0xc1 Util/buffer.o
 .debug_abbrev  0x0000114e       0xd2 Util/fat_fs/option/cc932.o
 .debug_abbrev  0x00001220       0x2c Util/fat_fs/option/syscall.o
 .debug_abbrev  0x0000124c       0x97 Util/fat_fs/src/fattime.o
 .debug_abbrev  0x000012e3      0x2f7 Util/fat_fs/src/ff.o
 .debug_abbrev  0x000015da      0x213 Util/fat_fs/src/rtc.o
 .debug_abbrev  0x000017ed      0x34b Util/fat_fs/src/sd_spi_stm32.o
 .debug_abbrev  0x00001b38      0x2e6 Util/rprintf.o
 .debug_abbrev  0x00001e1e      0x2e8 Util/stm32_eval_spi_sd.o
 .debug_abbrev  0x00002106      0x143 adc.o
 .debug_abbrev  0x00002249      0x143 gpio.o
 .debug_abbrev  0x0000238c      0x256 interrupts.o
 .debug_abbrev  0x000025e2       0xc1 lib/CMSIS_CM3/core_cm3.o
 .debug_abbrev  0x000026a3       0x12 lib/CMSIS_CM3/startup/gcc/startup_stm32f10x_md.o
 .debug_abbrev  0x000026b5      0x112 lib/CMSIS_CM3/system_stm32f10x.o
 .debug_abbrev  0x000027c7      0x1c8 main.o
 .debug_abbrev  0x0000298f       0x79 pwr.o
 .debug_abbrev  0x00002a08      0x110 timer.o
 .debug_abbrev  0x00002b18      0x186 usart.o

.debug_line     0x00000000     0xa87b
 *(.debug_line)
 .debug_line    0x00000000      0x602 Sensors/ppg.o
 .debug_line    0x00000602      0x307 Sensors/pressure.o
 .debug_line    0x00000909      0x5e6 Util/USB/hw_config.o
 .debug_line    0x00000eef      0x558 Util/USB/mass_mal.o
 .debug_line    0x00001447      0x454 Util/USB/memory.o
 .debug_line    0x0000189b      0x323 Util/USB/scsi_data.o
 .debug_line    0x00001bbe      0x546 Util/USB/usb_bot.o
 .debug_line    0x00002104      0x2d7 Util/USB/usb_desc.o
 .debug_line    0x000023db      0x3a4 Util/USB/usb_endp.o
 .debug_line    0x0000277f      0x3df Util/USB/usb_istr.o
 .debug_line    0x00002b5e      0x493 Util/USB/usb_prop.o
 .debug_line    0x00002ff1      0x43c Util/USB/usb_pwr.o
 .debug_line    0x0000342d      0x63d Util/USB/usb_scsi.o
 .debug_line    0x00003a6a      0x4a4 Util/buffer.o
 .debug_line    0x00003f0e       0xd8 Util/fat_fs/option/cc932.o
 .debug_line    0x00003fe6      0x2fc Util/fat_fs/option/syscall.o
 .debug_line    0x000042e2      0x179 Util/fat_fs/src/fattime.o
 .debug_line    0x0000445b     0x1c86 Util/fat_fs/src/ff.o
 .debug_line    0x000060e1      0x469 Util/fat_fs/src/rtc.o
 .debug_line    0x0000654a      0x830 Util/fat_fs/src/sd_spi_stm32.o
 .debug_line    0x00006d7a      0xc80 Util/rprintf.o
 .debug_line    0x000079fa      0x98f Util/stm32_eval_spi_sd.o
 .debug_line    0x00008389      0x511 adc.o
 .debug_line    0x0000889a      0x36a gpio.o
 .debug_line    0x00008c04      0x4f8 interrupts.o
 .debug_line    0x000090fc      0x198 lib/CMSIS_CM3/core_cm3.o
 .debug_line    0x00009294       0x84 lib/CMSIS_CM3/startup/gcc/startup_stm32f10x_md.o
 .debug_line    0x00009318      0x320 lib/CMSIS_CM3/system_stm32f10x.o
 .debug_line    0x00009638      0x6fb main.o
 .debug_line    0x00009d33      0x2dd pwr.o
 .debug_line    0x0000a010      0x32f timer.o
 .debug_line    0x0000a33f      0x53c usart.o

.debug_frame    0x00000000     0x1d40
 *(.debug_frame)
 .debug_frame   0x00000000       0x68 Sensors/ppg.o
 .debug_frame   0x00000068       0x5c Sensors/pressure.o
 .debug_frame   0x000000c4       0xec Util/USB/hw_config.o
 .debug_frame   0x000001b0       0x80 Util/USB/mass_mal.o
 .debug_frame   0x00000230       0x50 Util/USB/memory.o
 .debug_frame   0x00000280       0xc0 Util/USB/usb_bot.o
 .debug_frame   0x00000340       0x30 Util/USB/usb_endp.o
 .debug_frame   0x00000370       0x2c Util/USB/usb_istr.o
 .debug_frame   0x0000039c      0x11c Util/USB/usb_prop.o
 .debug_frame   0x000004b8       0x94 Util/USB/usb_pwr.o
 .debug_frame   0x0000054c      0x180 Util/USB/usb_scsi.o
 .debug_frame   0x000006cc       0x64 Util/buffer.o
 .debug_frame   0x00000730       0x3c Util/fat_fs/option/cc932.o
 .debug_frame   0x0000076c       0x2c Util/fat_fs/src/fattime.o
 .debug_frame   0x00000798      0x564 Util/fat_fs/src/ff.o
 .debug_frame   0x00000cfc       0x84 Util/fat_fs/src/rtc.o
 .debug_frame   0x00000d80      0x12c Util/fat_fs/src/sd_spi_stm32.o
 .debug_frame   0x00000eac      0x1d4 Util/rprintf.o
 .debug_frame   0x00001080      0x25c Util/stm32_eval_spi_sd.o
 .debug_frame   0x000012dc       0x74 adc.o
 .debug_frame   0x00001350       0x60 gpio.o
 .debug_frame   0x000013b0       0xf0 interrupts.o
 .debug_frame   0x000014a0      0x170 lib/CMSIS_CM3/core_cm3.o
 .debug_frame   0x00001610       0x24 lib/CMSIS_CM3/system_stm32f10x.o
 .debug_frame   0x00001634       0x70 main.o
 .debug_frame   0x000016a4       0x50 pwr.o
 .debug_frame   0x000016f4       0x50 timer.o
 .debug_frame   0x00001744       0x78 usart.o
 .debug_frame   0x000017bc       0x30 /home/laurence/CodeSourcery/Sourcery_G++_Lite/bin/../lib/gcc/arm-none-eabi/4.5.2/../../../../arm-none-eabi/lib/thumb2/libm.a(lib_a-s_sin.o)
 .debug_frame   0x000017ec       0x34 /home/laurence/CodeSourcery/Sourcery_G++_Lite/bin/../lib/gcc/arm-none-eabi/4.5.2/../../../../arm-none-eabi/lib/thumb2/libm.a(lib_a-w_asin.o)
 .debug_frame   0x00001820       0x38 /home/laurence/CodeSourcery/Sourcery_G++_Lite/bin/../lib/gcc/arm-none-eabi/4.5.2/../../../../arm-none-eabi/lib/thumb2/libm.a(lib_a-w_sqrt.o)
 .debug_frame   0x00001858       0x3c /home/laurence/CodeSourcery/Sourcery_G++_Lite/bin/../lib/gcc/arm-none-eabi/4.5.2/../../../../arm-none-eabi/lib/thumb2/libm.a(lib_a-e_asin.o)
 .debug_frame   0x00001894       0x3c /home/laurence/CodeSourcery/Sourcery_G++_Lite/bin/../lib/gcc/arm-none-eabi/4.5.2/../../../../arm-none-eabi/lib/thumb2/libm.a(lib_a-e_rem_pio2.o)
 .debug_frame   0x000018d0       0x34 /home/laurence/CodeSourcery/Sourcery_G++_Lite/bin/../lib/gcc/arm-none-eabi/4.5.2/../../../../arm-none-eabi/lib/thumb2/libm.a(lib_a-e_sqrt.o)
 .debug_frame   0x00001904       0x3c /home/laurence/CodeSourcery/Sourcery_G++_Lite/bin/../lib/gcc/arm-none-eabi/4.5.2/../../../../arm-none-eabi/lib/thumb2/libm.a(lib_a-k_cos.o)
 .debug_frame   0x00001940       0x3c /home/laurence/CodeSourcery/Sourcery_G++_Lite/bin/../lib/gcc/arm-none-eabi/4.5.2/../../../../arm-none-eabi/lib/thumb2/libm.a(lib_a-k_rem_pio2.o)
 .debug_frame   0x0000197c       0x3c /home/laurence/CodeSourcery/Sourcery_G++_Lite/bin/../lib/gcc/arm-none-eabi/4.5.2/../../../../arm-none-eabi/lib/thumb2/libm.a(lib_a-k_sin.o)
 .debug_frame   0x000019b8       0x20 /home/laurence/CodeSourcery/Sourcery_G++_Lite/bin/../lib/gcc/arm-none-eabi/4.5.2/../../../../arm-none-eabi/lib/thumb2/libm.a(lib_a-s_fabs.o)
 .debug_frame   0x000019d8       0x34 /home/laurence/CodeSourcery/Sourcery_G++_Lite/bin/../lib/gcc/arm-none-eabi/4.5.2/../../../../arm-none-eabi/lib/thumb2/libm.a(lib_a-s_floor.o)
 .debug_frame   0x00001a0c       0x28 /home/laurence/CodeSourcery/Sourcery_G++_Lite/bin/../lib/gcc/arm-none-eabi/4.5.2/../../../../arm-none-eabi/lib/thumb2/libm.a(lib_a-s_fpclassify.o)
 .debug_frame   0x00001a34       0x20 /home/laurence/CodeSourcery/Sourcery_G++_Lite/bin/../lib/gcc/arm-none-eabi/4.5.2/../../../../arm-none-eabi/lib/thumb2/libm.a(lib_a-s_matherr.o)
 .debug_frame   0x00001a54       0x20 /home/laurence/CodeSourcery/Sourcery_G++_Lite/bin/../lib/gcc/arm-none-eabi/4.5.2/../../../../arm-none-eabi/lib/thumb2/libm.a(lib_a-s_nan.o)
 .debug_frame   0x00001a74       0x30 /home/laurence/CodeSourcery/Sourcery_G++_Lite/bin/../lib/gcc/arm-none-eabi/4.5.2/../../../../arm-none-eabi/lib/thumb2/libm.a(lib_a-s_scalbn.o)
 .debug_frame   0x00001aa4       0x28 /home/laurence/CodeSourcery/Sourcery_G++_Lite/bin/../lib/gcc/arm-none-eabi/4.5.2/../../../../arm-none-eabi/lib/thumb2/libm.a(lib_a-s_copysign.o)
 .debug_frame   0x00001acc       0x20 /home/laurence/CodeSourcery/Sourcery_G++_Lite/bin/../lib/gcc/arm-none-eabi/4.5.2/thumb2/libgcc.a(_divsi3.o)
 .debug_frame   0x00001aec       0x20 /home/laurence/CodeSourcery/Sourcery_G++_Lite/bin/../lib/gcc/arm-none-eabi/4.5.2/../../../../arm-none-eabi/lib/thumb2/libc.a(lib_a-errno.o)
 .debug_frame   0x00001b0c       0x30 /home/laurence/CodeSourcery/Sourcery_G++_Lite/bin/../lib/gcc/arm-none-eabi/4.5.2/../../../../arm-none-eabi/lib/thumb2/libc.a(lib_a-malloc.o)
 .debug_frame   0x00001b3c       0x3c /home/laurence/CodeSourcery/Sourcery_G++_Lite/bin/../lib/gcc/arm-none-eabi/4.5.2/../../../../arm-none-eabi/lib/thumb2/libc.a(lib_a-mallocr.o)
 .debug_frame   0x00001b78       0x30 /home/laurence/CodeSourcery/Sourcery_G++_Lite/bin/../lib/gcc/arm-none-eabi/4.5.2/../../../../arm-none-eabi/lib/thumb2/libc.a(lib_a-mlock.o)
 .debug_frame   0x00001ba8       0x2c /home/laurence/CodeSourcery/Sourcery_G++_Lite/bin/../lib/gcc/arm-none-eabi/4.5.2/../../../../arm-none-eabi/lib/thumb2/libc.a(lib_a-sbrkr.o)
 .debug_frame   0x00001bd4       0x20 /home/laurence/CodeSourcery/Sourcery_G++_Lite/bin/../lib/gcc/arm-none-eabi/4.5.2/../../../../arm-none-eabi/lib/thumb2/libc.a(lib_a-strlen.o)
 .debug_frame   0x00001bf4       0x50 /home/laurence/CodeSourcery/Sourcery_G++_Lite/bin/../lib/gcc/arm-none-eabi/4.5.2/../../../../arm-none-eabi/lib/thumb2/libc.a(lib_a-freer.o)
 .debug_frame   0x00001c44       0x68 /home/laurence/CodeSourcery/Sourcery_G++_Lite/bin/../lib/gcc/arm-none-eabi/4.5.2/../../../../arm-none-eabi/lib/thumb2/libc.a(lib_a-reent.o)
 .debug_frame   0x00001cac       0x40 /home/laurence/CodeSourcery/Sourcery_G++_Lite/bin/../lib/gcc/arm-none-eabi/4.5.2/../../../../arm-none-eabi/lib/thumb2/libcs3.a(start_c.o)
 .debug_frame   0x00001cec       0x28 /home/laurence/CodeSourcery/Sourcery_G++_Lite/bin/../lib/gcc/arm-none-eabi/4.5.2/../../../../arm-none-eabi/lib/thumb2/libcs3unhosted.a(unhosted-sbrk.o)
 .debug_frame   0x00001d14       0x2c /home/laurence/CodeSourcery/Sourcery_G++_Lite/bin/../lib/gcc/arm-none-eabi/4.5.2/../../../../arm-none-eabi/lib/thumb2/libc.a(lib_a-init.o)

.debug_str      0x00000000     0x2e39
 *(.debug_str)
 .debug_str     0x00000000      0x13a Sensors/ppg.o
                                0x19e (size before relaxing)
 .debug_str     0x0000013a       0x55 Sensors/pressure.o
                                0x12d (size before relaxing)
 .debug_str     0x0000018f      0x637 Util/USB/hw_config.o
                                0x742 (size before relaxing)
 .debug_str     0x000007c6       0xad Util/USB/mass_mal.o
                                0x1b6 (size before relaxing)
 .debug_str     0x00000873       0xd5 Util/USB/memory.o
                                0x200 (size before relaxing)
 .debug_str     0x00000948       0xa5 Util/USB/scsi_data.o
                                0x170 (size before relaxing)
 .debug_str     0x000009ed       0xd6 Util/USB/usb_bot.o
                                0x22f (size before relaxing)
 .debug_str     0x00000ac3       0x8c Util/USB/usb_desc.o
                                0x159 (size before relaxing)
 .debug_str     0x00000b4f       0x35 Util/USB/usb_endp.o
                                 0xe8 (size before relaxing)
 .debug_str     0x00000b84      0x1bf Util/USB/usb_istr.o
                                0x2dd (size before relaxing)
 .debug_str     0x00000d43      0x334 Util/USB/usb_prop.o
                                0x7e5 (size before relaxing)
 .debug_str     0x00001077       0x6c Util/USB/usb_pwr.o
                                0x2c2 (size before relaxing)
 .debug_str     0x000010e3      0x197 Util/USB/usb_scsi.o
                                0x39c (size before relaxing)
 .debug_str     0x0000127a       0x38 Util/buffer.o
                                0x134 (size before relaxing)
 .debug_str     0x000012b2       0x5a Util/fat_fs/option/cc932.o
                                 0xe1 (size before relaxing)
 .debug_str     0x0000130c       0x1d Util/fat_fs/option/syscall.o
                                 0xd5 (size before relaxing)
 .debug_str     0x00001329       0x47 Util/fat_fs/src/fattime.o
                                0x11a (size before relaxing)
 .debug_str     0x00001370      0x4ca Util/fat_fs/src/ff.o
                                0x5c2 (size before relaxing)
 .debug_str     0x0000183a       0xa8 Util/fat_fs/src/rtc.o
                                0x1aa (size before relaxing)
 .debug_str     0x000018e2      0x51f Util/fat_fs/src/sd_spi_stm32.o
                                0x691 (size before relaxing)
 .debug_str     0x00001e01      0x134 Util/rprintf.o
                                0x22e (size before relaxing)
 .debug_str     0x00001f35      0x4ea Util/stm32_eval_spi_sd.o
                                0x84c (size before relaxing)
 .debug_str     0x0000241f      0x12d adc.o
                                0x31b (size before relaxing)
 .debug_str     0x0000254c       0x45 gpio.o
                                0x263 (size before relaxing)
 .debug_str     0x00002591      0x2cb interrupts.o
                                0x85a (size before relaxing)
 .debug_str     0x0000285c      0x13d lib/CMSIS_CM3/core_cm3.o
                                0x22f (size before relaxing)
 .debug_str     0x00002999      0x12d lib/CMSIS_CM3/system_stm32f10x.o
                                0x20a (size before relaxing)
 .debug_str     0x00002ac6      0x11c main.o
                                0x583 (size before relaxing)
 .debug_str     0x00002be2       0x1e pwr.o
                                 0xef (size before relaxing)
 .debug_str     0x00002c00      0x155 timer.o
                                0x379 (size before relaxing)
 .debug_str     0x00002d55       0xe4 usart.o
                                0x343 (size before relaxing)

.debug_loc      0x00000000     0xfc5d
 *(.debug_loc)
 .debug_loc     0x00000000      0x1a8 Sensors/ppg.o
 .debug_loc     0x000001a8       0xa6 Sensors/pressure.o
 .debug_loc     0x0000024e      0x210 Util/USB/hw_config.o
 .debug_loc     0x0000045e      0x1c2 Util/USB/mass_mal.o
 .debug_loc     0x00000620      0x14f Util/USB/memory.o
 .debug_loc     0x0000076f      0x263 Util/USB/usb_bot.o
 .debug_loc     0x000009d2       0x20 Util/USB/usb_istr.o
 .debug_loc     0x000009f2      0x16f Util/USB/usb_prop.o
 .debug_loc     0x00000b61      0x19a Util/USB/usb_pwr.o
 .debug_loc     0x00000cfb      0x695 Util/USB/usb_scsi.o
 .debug_loc     0x00001390       0xd4 Util/buffer.o
 .debug_loc     0x00001464      0x2bd Util/fat_fs/option/cc932.o