Archive member included because of file (symbol)

lib/STM32F10x_StdPeriph_Driver/libstm32fw.a(misc.o)
                              Util/USB/hw_config.o (NVIC_PriorityGroupConfig)
lib/STM32F10x_StdPeriph_Driver/libstm32fw.a(stm32f10x_adc.o)
                              adc.o (ADC_DeInit)
lib/STM32F10x_StdPeriph_Driver/libstm32fw.a(stm32f10x_bkp.o)
                              Util/fat_fs/src/rtc.o (BKP_DeInit)
lib/STM32F10x_StdPeriph_Driver/libstm32fw.a(stm32f10x_dma.o)
                              Util/fat_fs/src/sd_spi_stm32.o (DMA_DeInit)
lib/STM32F10x_StdPeriph_Driver/libstm32fw.a(stm32f10x_exti.o)
                              interrupts.o (EXTI_DeInit)
lib/STM32F10x_StdPeriph_Driver/libstm32fw.a(stm32f10x_gpio.o)
                              Util/fat_fs/src/sd_spi_stm32.o (GPIO_Init)
lib/STM32F10x_StdPeriph_Driver/libstm32fw.a(stm32f10x_pwr.o)
                              pwr.o (PWR_DeInit)
lib/STM32F10x_StdPeriph_Driver/libstm32fw.a(stm32f10x_rcc.o)
                              interrupts.o (RCC_HCLKConfig)
lib/STM32F10x_StdPeriph_Driver/libstm32fw.a(stm32f10x_rtc.o)
                              Util/fat_fs/src/rtc.o (RTC_GetCounter)
lib/STM32F10x_StdPeriph_Driver/libstm32fw.a(stm32f10x_spi.o)
                              Util/fat_fs/src/sd_spi_stm32.o (SPI_I2S_DeInit)
lib/STM32F10x_StdPeriph_Driver/libstm32fw.a(stm32f10x_tim.o)
                              timer.o (TIM_DeInit)
lib/STM32F10x_StdPeriph_Driver/libstm32fw.a(stm32f10x_usart.o)
                              usart.o (USART_Init)
lib/STM32_USB-FS-Device_Driver/libstm32usb.a(usb_core.o)
                              Util/USB/usb_prop.o (Standard_GetDescriptorData)
lib/STM32_USB-FS-Device_Driver/libstm32usb.a(usb_init.o)
                              main.o (USB_Init)
lib/STM32_USB-FS-Device_Driver/libstm32usb.a(usb_int.o)
                              Util/USB/usb_istr.o (CTR_LP)
lib/STM32_USB-FS-Device_Driver/libstm32usb.a(usb_mem.o)
                              lib/STM32_USB-FS-Device_Driver/libstm32usb.a(usb_core.o) (UserToPMABufferCopy)
lib/STM32_USB-FS-Device_Driver/libstm32usb.a(usb_regs.o)
                              Util/USB/usb_prop.o (SetBTABLE)
lib/STM32_USB-FS-Device_Driver/libstm32usb.a(usb_sil.o)
                              Util/USB/usb_prop.o (USB_SIL_Init)
/home/laurence/CodeSourcery/Sourcery_G++_Lite/bin/../lib/gcc/arm-none-eabi/4.5.2/../../../../arm-none-eabi/lib/thumb2/libm.a(lib_a-s_sin.o)
                              Sensors/ppg.o (sin)
/home/laurence/CodeSourcery/Sourcery_G++_Lite/bin/../lib/gcc/arm-none-eabi/4.5.2/../../../../arm-none-eabi/lib/thumb2/libm.a(lib_a-w_asin.o)
                              Sensors/ppg.o (asin)
/home/laurence/CodeSourcery/Sourcery_G++_Lite/bin/../lib/gcc/arm-none-eabi/4.5.2/../../../../arm-none-eabi/lib/thumb2/libm.a(lib_a-w_sqrt.o)
                              Sensors/ppg.o (sqrt)
/home/laurence/CodeSourcery/Sourcery_G++_Lite/bin/../lib/gcc/arm-none-eabi/4.5.2/../../../../arm-none-eabi/lib/thumb2/libm.a(lib_a-e_asin.o)
                              /home/laurence/CodeSourcery/Sourcery_G++_Lite/bin/../lib/gcc/arm-none-eabi/4.5.2/../../../../arm-none-eabi/lib/thumb2/libm.a(lib_a-w_asin.o) (__ieee754_asin)
/home/laurence/CodeSourcery/Sourcery_G++_Lite/bin/../lib/gcc/arm-none-eabi/4.5.2/../../../../arm-none-eabi/lib/thumb2/libm.a(lib_a-e_rem_pio2.o)
                              /home/laurence/CodeSourcery/Sourcery_G++_Lite/bin/../lib/gcc/arm-none-eabi/4.5.2/../../../../arm-none-eabi/lib/thumb2/libm.a(lib_a-s_sin.o) (__ieee754_rem_pio2)
/home/laurence/CodeSourcery/Sourcery_G++_Lite/bin/../lib/gcc/arm-none-eabi/4.5.2/../../../../arm-none-eabi/lib/thumb2/libm.a(lib_a-e_sqrt.o)
                              /home/laurence/CodeSourcery/Sourcery_G++_Lite/bin/../lib/gcc/arm-none-eabi/4.5.2/../../../../arm-none-eabi/lib/thumb2/libm.a(lib_a-w_sqrt.o) (__ieee754_sqrt)
/home/laurence/CodeSourcery/Sourcery_G++_Lite/bin/../lib/gcc/arm-none-eabi/4.5.2/../../../../arm-none-eabi/lib/thumb2/libm.a(lib_a-k_cos.o)
                              /home/laurence/CodeSourcery/Sourcery_G++_Lite/bin/../lib/gcc/arm-none-eabi/4.5.2/../../../../arm-none-eabi/lib/thumb2/libm.a(lib_a-s_sin.o) (__kernel_cos)
/home/laurence/CodeSourcery/Sourcery_G++_Lite/bin/../lib/gcc/arm-none-eabi/4.5.2/../../../../arm-none-eabi/lib/thumb2/libm.a(lib_a-k_rem_pio2.o)
                              /home/laurence/CodeSourcery/Sourcery_G++_Lite/bin/../lib/gcc/arm-none-eabi/4.5.2/../../../../arm-none-eabi/lib/thumb2/libm.a(lib_a-e_rem_pio2.o) (__kernel_rem_pio2)
/home/laurence/CodeSourcery/Sourcery_G++_Lite/bin/../lib/gcc/arm-none-eabi/4.5.2/../../../../arm-none-eabi/lib/thumb2/libm.a(lib_a-k_sin.o)
                              /home/laurence/CodeSourcery/Sourcery_G++_Lite/bin/../lib/gcc/arm-none-eabi/4.5.2/../../../../arm-none-eabi/lib/thumb2/libm.a(lib_a-s_sin.o) (__kernel_sin)
/home/laurence/CodeSourcery/Sourcery_G++_Lite/bin/../lib/gcc/arm-none-eabi/4.5.2/../../../../arm-none-eabi/lib/thumb2/libm.a(lib_a-s_fabs.o)
[...]
Memory Configuration

Name             Origin             Length             Attributes
ram              0x20000000         0x00005000         xrw
rom              0x08000000         0x00020000         xr
*default*        0x00000000         0xffffffff

Linker script and memory map

LOAD /home/laurence/CodeSourcery/Sourcery_G++_Lite/bin/../lib/gcc/arm-none-eabi/4.5.2/thumb2/crti.o
LOAD /home/laurence/CodeSourcery/Sourcery_G++_Lite/bin/../lib/gcc/arm-none-eabi/4.5.2/thumb2/crtbegin.o
LOAD Sensors/ppg.o
LOAD Sensors/pressure.o
LOAD Sensors/temperature.o
LOAD Util/USB/hw_config.o
LOAD Util/USB/mass_mal.o
LOAD Util/USB/memory.o
LOAD Util/USB/scsi_data.o
LOAD Util/USB/usb_bot.o
LOAD Util/USB/usb_desc.o
LOAD Util/USB/usb_endp.o
LOAD Util/USB/usb_istr.o
LOAD Util/USB/usb_prop.o
LOAD Util/USB/usb_pwr.o
LOAD Util/USB/usb_scsi.o
LOAD Util/buffer.o
LOAD Util/fat_fs/option/cc932.o
LOAD Util/fat_fs/option/syscall.o
LOAD Util/fat_fs/src/fattime.o
LOAD Util/fat_fs/src/ff.o
LOAD Util/fat_fs/src/rtc.o
LOAD Util/fat_fs/src/sd_spi_stm32.o
LOAD Util/rprintf.o
LOAD Util/stm32_eval_spi_sd.o
LOAD adc.o
LOAD gpio.o
LOAD interrupts.o
LOAD lib/CMSIS_CM3/core_cm3.o
LOAD lib/CMSIS_CM3/startup/gcc/startup_stm32f10x_md.o
LOAD lib/CMSIS_CM3/system_stm32f10x.o
LOAD main.o
LOAD pwr.o
LOAD timer.o
LOAD usart.o
LOAD lib/STM32F10x_StdPeriph_Driver/libstm32fw.a
LOAD lib/STM32_USB-FS-Device_Driver/libstm32usb.a
LOAD /home/laurence/CodeSourcery/Sourcery_G++_Lite/bin/../lib/gcc/arm-none-eabi/4.5.2/../../../../arm-none-eabi/lib/thumb2/libm.a
START GROUP
LOAD /home/laurence/CodeSourcery/Sourcery_G++_Lite/bin/../lib/gcc/arm-none-eabi/4.5.2/thumb2/libgcc.a
LOAD /home/laurence/CodeSourcery/Sourcery_G++_Lite/bin/../lib/gcc/arm-none-eabi/4.5.2/../../../../arm-none-eabi/lib/thumb2/libc.a
END GROUP
LOAD /home/laurence/CodeSourcery/Sourcery_G++_Lite/bin/../lib/gcc/arm-none-eabi/4.5.2/thumb2/crtend.o
LOAD /home/laurence/CodeSourcery/Sourcery_G++_Lite/bin/../lib/gcc/arm-none-eabi/4.5.2/thumb2/crtn.o
START GROUP
LOAD /home/laurence/CodeSourcery/Sourcery_G++_Lite/bin/../lib/gcc/arm-none-eabi/4.5.2/thumb2/libgcc.a
LOAD /home/laurence/CodeSourcery/Sourcery_G++_Lite/bin/../lib/gcc/arm-none-eabi/4.5.2/../../../../arm-none-eabi/lib/thumb2/libc.a
LOAD /home/laurence/CodeSourcery/Sourcery_G++_Lite/bin/../lib/gcc/arm-none-eabi/4.5.2/../../../../arm-none-eabi/lib/thumb2/libcs3.a
LOAD /home/laurence/CodeSourcery/Sourcery_G++_Lite/bin/../lib/gcc/arm-none-eabi/4.5.2/../../../../arm-none-eabi/lib/thumb2/libcs3unhosted.a
LOAD lib/libcs3-lanchon-stm32.a
END GROUP
                0x20005000                PROVIDE (__cs3_stack, (__cs3_region_start_ram + __cs3_region_size_ram))
                0x20000e50                PROVIDE (__cs3_heap_start, _end)
                0x20005000                PROVIDE (__cs3_heap_end, (__cs3_region_start_ram + __cs3_region_size_ram))

.text           0x08000000    0x1a888
 CREATE_OBJECT_SYMBOLS
                0x08000000                __cs3_region_start_rom = .
 *(.cs3.region-head.rom)
                0x08000000                __cs3_interrupt_vector = __cs3_interrupt_vector_lanchon_stm32
 *(.cs3.interrupt_vector)
 .cs3.interrupt_vector
                0x08000000       0xec lib/libcs3-lanchon-stm32.a(lanchon-stm32-vector.o)
                0x08000000                __cs3_interrupt_vector_lanchon_stm32
                0x08000001                ASSERT ((. != __cs3_interrupt_vector_lanchon_stm32), No interrupt vector)
 *(.rom)
 *(.rom.b)
                0x08012cdc                PROVIDE (__cs3_reset_lanchon_stm32, _start)
                0x08012cdc                __cs3_reset = __cs3_reset_lanchon_stm32
 *(.cs3.reset)
 *(.text .text.* .gnu.linkonce.t.*)
 .text          0x080000ec       0x30 /home/laurence/CodeSourcery/Sourcery_G++_Lite/bin/../lib/gcc/arm-none-eabi/4.5.2/thumb2/crtbegin.o
 *fill*         0x0800011c        0x4 00
 .text          0x08000120      0x388 Sensors/ppg.o
                0x08000120                PPG_LO_Filter
                0x080003c4                PPG_correct_brightness
                0x08000460                PWM_Linear
 .text          0x080004a8       0xb8 Sensors/pressure.o
                0x080004a8                calibrate_sensor
                0x080004f4                conv_adc_diff
                0x0800052c                conv_diff
 .text          0x08000560      0x2a0 Util/USB/hw_config.o
                0x08000560                Set_System
                0x08000568                Set_USBClock
                0x08000580                Enter_LowPowerMode
                0x0800058c                Leave_LowPowerMode
                0x080005ac                USB_Interrupts_Config
                0x080005f0                Led_RW_ON
                0x08000600                Led_RW_OFF
                0x08000610                USB_Configured_LED
                0x08000620                USB_NotConfigured_LED
                0x08000630                USB_Cable_Config
                0x08000634                Get_SerialNum
                0x080007f8                MAL_Config
 .text          0x08000800       0xe4 Util/USB/mass_mal.o
                0x08000800                MAL_Init
                0x0800084c                MAL_Write
                0x08000870                MAL_Read
                0x08000894                MAL_GetStatus
 .text          0x080008e4      0x1d8 Util/USB/memory.o
                0x080008e4                Read_Memory
                0x080009c8                Write_Memory
 .text          0x08000abc      0x628 Util/USB/usb_bot.o
                0x08000abc                Mass_Storage_In
                0x08000b44                CBW_Decode
                0x08000fa4                Mass_Storage_Out
                0x08001034                Transfer_Data_Request
                0x08001068                Set_CSW
                0x080010a4                Bot_Abort
 .text          0x080010e4        0x8 Util/USB/usb_endp.o
                0x080010e4                EP1_IN_Callback
                0x080010e8                EP2_OUT_Callback
 .text          0x080010ec       0xf0 Util/USB/usb_istr.o
                0x080010ec                USB_Istr
 .text          0x080011dc      0x268 Util/USB/usb_prop.o
                0x080011dc                Mass_Storage_SetDeviceAddress
                0x080011e8                MASS_Status_In
                0x080011ec                MASS_Status_Out
                0x080011f0                MASS_Get_Interface_Setting
                0x08001200                Get_Max_Lun
                0x08001218                MASS_Data_Setup
                0x0800125c                MASS_GetStringDescriptor
                0x0800127c                MASS_GetConfigDescriptor
                0x08001288                MASS_GetDeviceDescriptor
                0x08001294                MASS_NoData_Setup
                0x080012e4                Mass_Storage_SetConfiguration
                0x08001314                Mass_Storage_ClearFeature
                0x08001330                MASS_Reset
                0x08001420                MASS_init
 .text          0x08001444      0x1c4 Util/USB/usb_pwr.o
                0x08001444                PowerOn
                0x08001474                PowerOff
                0x08001498                Suspend
                0x080014dc                Resume_Init
                0x0800151c                Resume
 .text          0x08001608      0x460 Util/USB/usb_scsi.o
                0x08001608                SCSI_Inquiry_Cmd
                0x08001640                SCSI_ReadFormatCapacity_Cmd
                0x080016b4                SCSI_ReadCapacity10_Cmd
                0x08001730                SCSI_ModeSense6_Cmd
                0x0800173c                SCSI_ModeSense10_Cmd
                0x08001748                SCSI_RequestSense_Cmd
                0x08001760                Set_Scsi_Sense_Data
                0x0800176c                SCSI_Start_Stop_Unit_Cmd
                0x08001774                SCSI_Read10_Cmd
                0x08001824                SCSI_Write10_Cmd
                0x080018d0                SCSI_Verify10_Cmd
                0x08001910                SCSI_Valid_Cmd
                0x08001948                SCSI_TestUnitReady_Cmd
                0x0800197c                SCSI_Format_Cmd
                0x080019a8                SCSI_Invalid_Cmd
                0x080019e4                SCSI_Address_Management
 .text          0x08001a68       0x78 Util/buffer.o
                0x08001a68                Add_To_Buffer
                0x08001a9c                Get_From_Buffer
                0x08001acc                init_buffer
 .text          0x08001ae0      0x25c Util/fat_fs/option/cc932.o
                0x08001ae0                ff_convert
                0x08001d0c                ff_wtoupper
 .text          0x08001d3c       0x48 Util/fat_fs/src/fattime.o
                0x08001d3c                get_fattime
 .text          0x08001d84     0x643c Util/fat_fs/src/ff.o
                0x0800266c                clust2sect
                0x08002688                get_fat
                0x08002c2c                put_fat
                0x080049d0                gen_numname
                0x08005668                f_mount
                0x08005688                f_open
                0x08005af4                f_read
                0x08005edc                f_write
                0x08006310                f_sync
                0x080064e8                f_close
                0x080064f8                f_lseek
                0x080066c4                f_opendir
                0x08006730                f_readdir
                0x080067a4                f_stat
                0x080067ec                f_getfree
                0x08006a50                f_truncate
                0x08006bc0                f_unlink
                0x08006cd8                f_mkdir
                0x08007100                f_chmod
                0x0800715c                f_utime
                0x080071bc                f_rename
                0x0800747c                f_gets
                0x08007598                f_putc
                0x080075bc                f_puts
                0x080075f8                f_printf
 .text          0x080081c0      0x484 Util/fat_fs/src/rtc.o
                0x080081c0                rtc_gettime
                0x08008340                my_RTC_SetCounter
                0x08008364                rtc_settime
                0x08008598                rtc_init
 .text          0x08008644      0xfa8 Util/fat_fs/src/sd_spi_stm32.o
                0x08008a7c                disk_initialize
                0x08008c28                disk_status
                0x08008c38                disk_read
                0x08008db4                disk_write
                0x08008f54                disk_ioctl
                0x080095b0                disk_timerproc
 .text          0x080095ec     0x182c Util/rprintf.o
                0x080095ec                rprintfInit
                0x080095f8                rprintfChar
                0x08009620                rprintfStr
                0x08009658                rprintfStrLen
                0x0800981c                rprintfCRLF
                0x08009834                rprintfu04
                0x08009860                rprintfu08
                0x080098a8                rprintfu16
                0x08009944                rprintfu32
                0x08009a90                rprintfNum
                0x08009d00                rprintfFloat
                0x08009fc4                rprintf2RamRom
                0x0800adc0                Isdigit
                0x0800add0                atoiRamRom
                0x0800ae08                rStrLen
 .text          0x0800ae18      0x23c adc.o
                0x0800ae18                ADC_Configuration
                0x0800afd4                readADC2
                0x0800b00c                setADC2
                0x0800b02c                getADC2
 .text          0x0800b054      0x244 gpio.o
                0x0800b054                setup_gpio
                0x0800b208                switch_leds_on
                0x0800b230                switch_leds_off
                0x0800b258                red_flash
                0x0800b28c                get_wkup
 .text          0x0800b298      0x3f8 interrupts.o
                0x0800b298                ISR_Config
                0x0800b2ec                EXTI_ONOFF_EN
                0x0800b34c                DMA_ISR_Config
                0x0800b374                SysTick_Configuration
                0x0800b3ac                EXTI0_IRQHandler
                0x0800b44c                DMAChannel1_IRQHandler
                0x0800b478                ADC1_2_IRQHandler
                0x0800b50c                SysTickHandler
                0x0800b684                USB_HP_CAN_TX_IRQHandler
                0x0800b688                USB_LP_CAN_RX0_IRQHandler
 .text.Default_Handler
                0x0800b690        0x2 lib/CMSIS_CM3/startup/gcc/startup_stm32f10x_md.o
                0x0800b690                EXTI2_IRQHandler
                0x0800b690                DebugMon_Handler
                0x0800b690                TIM1_CC_IRQHandler
                0x0800b690                HardFault_Handler
                0x0800b690                SysTick_Handler
                0x0800b690                PVD_IRQHandler
                0x0800b690                PendSV_Handler
                0x0800b690                NMI_Handler
                0x0800b690                EXTI3_IRQHandler
                0x0800b690                I2C2_EV_IRQHandler
                0x0800b690                UsageFault_Handler
                0x0800b690                SPI1_IRQHandler
                0x0800b690                TAMPER_IRQHandler
                0x0800b690                DMA1_Channel4_IRQHandler
                0x0800b690                USART3_IRQHandler
                0x0800b690                RTC_IRQHandler
                0x0800b690                DMA1_Channel7_IRQHandler
                0x0800b690                CAN1_RX1_IRQHandler
                0x0800b690                TIM4_IRQHandler
                0x0800b690                I2C1_EV_IRQHandler
                0x0800b690                DMA1_Channel6_IRQHandler
                0x0800b690                TIM3_IRQHandler
                0x0800b690                RCC_IRQHandler
                0x0800b690                TIM1_TRG_COM_IRQHandler
                0x0800b690                DMA1_Channel1_IRQHandler
                0x0800b690                Default_Handler
                0x0800b690                EXTI15_10_IRQHandler
                0x0800b690                EXTI9_5_IRQHandler
                0x0800b690                SPI2_IRQHandler
                0x0800b690                MemManage_Handler
                0x0800b690                SVC_Handler
                0x0800b690                DMA1_Channel5_IRQHandler
                0x0800b690                EXTI4_IRQHandler
                0x0800b690                USB_LP_CAN1_RX0_IRQHandler
                0x0800b690                USB_HP_CAN1_TX_IRQHandler
                0x0800b690                DMA1_Channel3_IRQHandler
                0x0800b690                TIM1_UP_IRQHandler
                0x0800b690                WWDG_IRQHandler
                0x0800b690                TIM2_IRQHandler
                0x0800b690                TIM1_BRK_IRQHandler
                0x0800b690                EXTI1_IRQHandler
                0x0800b690                RTCAlarm_IRQHandler
                0x0800b690                USART2_IRQHandler
                0x0800b690                I2C2_ER_IRQHandler
                0x0800b690                DMA1_Channel2_IRQHandler
                0x0800b690                CAN1_SCE_IRQHandler
                0x0800b690                FLASH_IRQHandler
                0x0800b690                BusFault_Handler
                0x0800b690                USART1_IRQHandler
                0x0800b690                I2C1_ER_IRQHandler
                0x0800b690                USBWakeUp_IRQHandler
 *fill*         0x0800b692        0x2 00
 .text          0x0800b694       0xfc lib/CMSIS_CM3/system_stm32f10x.o
                0x0800b694                SystemInit
 .text          0x0800b790      0x448 main.o
                0x0800b790                __str_print_char
                0x0800b7bc                __fat_print_char
                0x0800b7dc                main
 .text          0x0800bbd8       0x2c pwr.o
                0x0800bbd8                setuppwr
                0x0800bbec                shutdown
                0x0800bbfc                disable_pin
 .text          0x0800bc04      0x1c8 timer.o
                0x0800bc04                setup_pwm
                0x0800bd34                Tryfudge
                0x0800bd84                Set_Motor
 .text          0x0800bdcc      0x110 usart.o
                0x0800bdcc                Usarts_Init
                0x0800be78                Default_Usart_Config
                0x0800be94                Usart_Send_Str
                0x0800bec0                __usart_send_char
 .text          0x0800bedc       0xb8 lib/STM32F10x_StdPeriph_Driver/libstm32fw.a(misc.o)
                0x0800bedc                NVIC_PriorityGroupConfig
                0x0800bef0                NVIC_Init
                0x0800bf50                NVIC_SetVectorTable
                0x0800bf64                NVIC_SystemLPConfig
                0x0800bf7c                SysTick_CLKSourceConfig
 .text          0x0800bf94      0x380 lib/STM32F10x_StdPeriph_Driver/libstm32fw.a(stm32f10x_adc.o)
                0x0800bf94                ADC_DeInit
                0x0800bff0                ADC_Init
                0x0800c03c                ADC_StructInit
                0x0800c04e                ADC_Cmd
                0x0800c062                ADC_DMACmd
                0x0800c076                ADC_ITConfig
                0x0800c08a                ADC_ResetCalibration
                0x0800c094                ADC_GetResetCalibrationStatus
                0x0800c09c                ADC_StartCalibration
                0x0800c0a6                ADC_GetCalibrationStatus
                0x0800c0ae                ADC_SoftwareStartConvCmd
                0x0800c0c2                ADC_GetSoftwareStartConvStatus
                0x0800c0ca                ADC_DiscModeChannelCountConfig
                0x0800c0da                ADC_DiscModeCmd
                0x0800c0ee                ADC_RegularChannelConfig
                0x0800c17c                ADC_ExternalTrigConvCmd
                0x0800c190                ADC_GetConversionValue
                0x0800c196                ADC_GetDualModeConversionValue
                0x0800c1a0                ADC_AutoInjectedConvCmd
                0x0800c1b4                ADC_InjectedDiscModeCmd
                0x0800c1c8                ADC_ExternalTrigInjectedConvConfig
                0x0800c1d6                ADC_ExternalTrigInjectedConvCmd
                0x0800c1ea                ADC_SoftwareStartInjectedConvCmd
                0x0800c1fe                ADC_GetSoftwareStartInjectedConvCmdStatus
                0x0800c206                ADC_InjectedChannelConfig
                0x0800c262                ADC_InjectedSequencerLengthConfig
                0x0800c272                ADC_SetInjectedOffset
                0x0800c288                ADC_GetInjectedConversionValue
                0x0800c2a2                ADC_AnalogWatchdogCmd
                0x0800c2b4                ADC_AnalogWatchdogThresholdsConfig
                0x0800c2ba                ADC_AnalogWatchdogSingleChannelConfig
                0x0800c2c8                ADC_TempSensorVrefintCmd
                0x0800c2e4                ADC_GetFlagStatus
                0x0800c2f0                ADC_ClearFlag
                0x0800c2f6                ADC_GetITStatus
                0x0800c30c                ADC_ClearITPendingBit
 .text          0x0800c314       0xe0 lib/STM32F10x_StdPeriph_Driver/libstm32fw.a(stm32f10x_bkp.o)
                0x0800c314                BKP_DeInit
                0x0800c326                BKP_TamperPinLevelConfig
                0x0800c330                BKP_TamperPinCmd
                0x0800c33c                BKP_ITConfig
                0x0800c348                BKP_RTCOutputConfig
                0x0800c360                BKP_SetRTCCalibrationValue
                0x0800c378                BKP_WriteBackupRegister
                0x0800c394                BKP_ReadBackupRegister
                0x0800c3b4                BKP_GetFlagStatus
                0x0800c3c0                BKP_ClearFlag
                0x0800c3d4                BKP_GetITStatus
                0x0800c3e0                BKP_ClearITPendingBit
 .text          0x0800c3f4      0x1f0 lib/STM32F10x_StdPeriph_Driver/libstm32fw.a(stm32f10x_dma.o)
                0x0800c3f4                DMA_DeInit
                0x0800c4f0                DMA_Init
                0x0800c530                DMA_StructInit
                0x0800c54a                DMA_Cmd
                0x0800c55e                DMA_ITConfig
                0x0800c570                DMA_GetCurrDataCounter
                0x0800c576                DMA_GetFlagStatus
                0x0800c594                DMA_ClearFlag
                0x0800c5ac                DMA_GetITStatus
                0x0800c5cc                DMA_ClearITPendingBit
 .text          0x0800c5e4      0x108 lib/STM32F10x_StdPeriph_Driver/libstm32fw.a(stm32f10x_exti.o)
                0x0800c5e4                EXTI_DeInit
                0x0800c600                EXTI_Init
                0x0800c684                EXTI_StructInit
                0x0800c692                EXTI_GenerateSWInterrupt
                0x0800c6a4                EXTI_GetFlagStatus
                0x0800c6b8                EXTI_ClearFlag
                0x0800c6c4                EXTI_GetITStatus
                0x0800c6e0                EXTI_ClearITPendingBit
 .text          0x0800c6ec      0x278 lib/STM32F10x_StdPeriph_Driver/libstm32fw.a(stm32f10x_gpio.o)
                0x0800c6ec                GPIO_DeInit
                0x0800c798                GPIO_AFIODeInit
                0x0800c7ae                GPIO_Init
                0x0800c846                GPIO_StructInit
                0x0800c856                GPIO_ReadInputDataBit
                0x0800c862                GPIO_ReadInputData
                0x0800c868                GPIO_ReadOutputDataBit
                0x0800c874                GPIO_ReadOutputData
                0x0800c87a                GPIO_SetBits
                0x0800c87e                GPIO_ResetBits
                0x0800c882                GPIO_WriteBit
                0x0800c88c                GPIO_Write
                0x0800c890                GPIO_PinLockConfig
                0x0800c8a0                GPIO_EventOutputConfig
                0x0800c8c0                GPIO_EventOutputCmd
                0x0800c8cc                GPIO_PinRemapConfig
                0x0800c924                GPIO_EXTILineConfig
                0x0800c958                GPIO_ETH_MediaInterfaceConfig
 .text          0x0800c964       0xcc lib/STM32F10x_StdPeriph_Driver/libstm32fw.a(stm32f10x_pwr.o)
                0x0800c968                PWR_DeInit
                0x0800c982                PWR_BackupAccessCmd
                0x0800c98c                PWR_PVDCmd
                0x0800c998                PWR_PVDLevelConfig
                0x0800c9ac                PWR_WakeUpPinCmd
                0x0800c9b8                PWR_EnterSTOPMode
                0x0800c9e4                PWR_EnterSTANDBYMode
                0x0800ca0c                PWR_GetFlagStatus
                0x0800ca20                PWR_ClearFlag
 .text          0x0800ca30      0x360 lib/STM32F10x_StdPeriph_Driver/libstm32fw.a(stm32f10x_rcc.o)
                0x0800ca30                RCC_DeInit
                0x0800ca70                RCC_HSEConfig
                0x0800caa8                RCC_AdjustHSICalibrationValue
                0x0800cabc                RCC_HSICmd
                0x0800cac8                RCC_PLLConfig
                0x0800cae0                RCC_PLLCmd
                0x0800caec                RCC_SYSCLKConfig
                0x0800cb00                RCC_GetSYSCLKSource
                0x0800cb10                RCC_HCLKConfig
                0x0800cb24                RCC_PCLK1Config
                0x0800cb38                RCC_PCLK2Config
                0x0800cb4c                RCC_ITConfig
                0x0800cb64                RCC_USBCLKConfig
                0x0800cb70                RCC_ADCCLKConfig
                0x0800cb84                RCC_LSEConfig
                0x0800cba4                RCC_LSICmd
                0x0800cbb0                RCC_RTCCLKConfig
                0x0800cbc0                RCC_RTCCLKCmd
                0x0800cbcc                RCC_GetClocksFreq
                0x0800cc70                RCC_AHBPeriphClockCmd
                0x0800cc88                RCC_APB2PeriphClockCmd
                0x0800cca0                RCC_APB1PeriphClockCmd
                0x0800ccb8                RCC_APB2PeriphResetCmd
                0x0800ccd0                RCC_APB1PeriphResetCmd
                0x0800cce8                RCC_BackupResetCmd
                0x0800ccf4                RCC_ClockSecuritySystemCmd
                0x0800cd00                RCC_MCOConfig
                0x0800cd0c                RCC_GetFlagStatus
                0x0800cd34                RCC_WaitForHSEStartUp
                0x0800cd60                RCC_ClearFlag
                0x0800cd70                RCC_GetITStatus
                0x0800cd84                RCC_ClearITPendingBit
 .text          0x0800cd90      0x158 lib/STM32F10x_StdPeriph_Driver/libstm32fw.a(stm32f10x_rtc.o)
                0x0800cd90                RTC_ITConfig
                0x0800cdac                RTC_EnterConfigMode
                0x0800cdc0                RTC_ExitConfigMode
                0x0800cdd4                RTC_GetCounter
                0x0800cde8                RTC_SetCounter
                0x0800ce04                RTC_SetPrescaler
                0x0800ce24                RTC_SetAlarm
                0x0800ce40                RTC_GetDivider
                0x0800ce58                RTC_WaitForLastTask
                0x0800ce68                RTC_WaitForSynchro
                0x0800ce88                RTC_GetFlagStatus
                0x0800ce9c                RTC_ClearFlag
                0x0800ceb0                RTC_GetITStatus
                0x0800ced4                RTC_ClearITPendingBit
 .text          0x0800cee8      0x2d4 lib/STM32F10x_StdPeriph_Driver/libstm32fw.a(stm32f10x_spi.o)
                0x0800cee8                SPI_I2S_DeInit
                0x0800cf4c                SPI_Init
                0x0800cf8c                I2S_Init
                0x0800d02c                SPI_StructInit
                0x0800d044                I2S_StructInit
                0x0800d056                SPI_Cmd
                0x0800d070                I2S_Cmd
                0x0800d08a                SPI_I2S_ITConfig
                0x0800d0a8                SPI_I2S_DMACmd
                0x0800d0be                SPI_I2S_SendData
                0x0800d0c2                SPI_I2S_ReceiveData
                0x0800d0c8                SPI_NSSInternalSoftwareConfig
                0x0800d0e8                SPI_SSOutputCmd
                0x0800d102                SPI_DataSizeConfig
                0x0800d11a                SPI_TransmitCRC
                0x0800d126                SPI_CalculateCRC
                0x0800d140                SPI_GetCRC
                0x0800d150                SPI_GetCRCPolynomial
                0x0800d156                SPI_BiDirectionalLineConfig
                0x0800d174                SPI_I2S_GetFlagStatus
                0x0800d180                SPI_I2S_ClearFlag
                0x0800d186                SPI_I2S_GetITStatus
                0x0800d1ac                SPI_I2S_ClearITPendingBit
 .text          0x0800d1bc      0xa80 lib/STM32F10x_StdPeriph_Driver/libstm32fw.a(stm32f10x_tim.o)
                0x0800d22a                TIM_DeInit
                0x0800d2f4                TIM_TimeBaseInit
                0x0800d330                TIM_OC1Init
                0x0800d3b0                TIM_OC2Init
                0x0800d438                TIM_OC3Init
                0x0800d4bc                TIM_OC4Init
                0x0800d520                TIM_BDTRConfig
                0x0800d542                TIM_TimeBaseStructInit
                0x0800d554                TIM_OCStructInit
                0x0800d568                TIM_ICStructInit
                0x0800d578                TIM_BDTRStructInit
                0x0800d58a                TIM_Cmd
                0x0800d5a4                TIM_CtrlPWMOutputs
                0x0800d5c2                TIM_ITConfig
                0x0800d5d8                TIM_GenerateEvent
                0x0800d5dc                TIM_DMAConfig
                0x0800d5e4                TIM_DMACmd
                0x0800d5fa                TIM_InternalClockConfig
                0x0800d608                TIM_ETRConfig
                0x0800d61e                TIM_ETRClockMode2Config
                0x0800d632                TIM_ETRClockMode1Config
                0x0800d64c                TIM_PrescalerConfig
                0x0800d652                TIM_CounterModeConfig
                0x0800d664                TIM_SelectInputTrigger
                0x0800d676                TIM_TIxExternalClockConfig
                0x0800d6a4                TIM_ITRxExternalClockConfig
                0x0800d6b8                TIM_EncoderInterfaceConfig
                0x0800d6f6                TIM_ForcedOC1Config
                0x0800d708                TIM_ForcedOC2Config
                0x0800d71a                TIM_ForcedOC3Config
                0x0800d72c                TIM_ForcedOC4Config
                0x0800d73e                TIM_ARRPreloadConfig
                0x0800d758                TIM_SelectCOM
                0x0800d772                TIM_SelectCCDMA
                0x0800d78c                TIM_CCPreloadControl
                0x0800d7a6                TIM_OC1PreloadConfig
                0x0800d7b8                TIM_OC2PreloadConfig
                0x0800d7ca                TIM_OC3PreloadConfig
                0x0800d7dc                TIM_OC4PreloadConfig
                0x0800d7ee                TIM_OC1FastConfig
                0x0800d800                TIM_OC2FastConfig
                0x0800d812                TIM_OC3FastConfig
                0x0800d824                TIM_OC4FastConfig
                0x0800d836                TIM_ClearOC1Ref
                0x0800d848                TIM_ClearOC2Ref
                0x0800d856                TIM_ClearOC3Ref
                0x0800d868                TIM_ClearOC4Ref
                0x0800d876                TIM_OC1PolarityConfig
                0x0800d888                TIM_OC1NPolarityConfig
                0x0800d89a                TIM_OC2PolarityConfig
                0x0800d8ac                TIM_OC2NPolarityConfig
                0x0800d8be                TIM_OC3PolarityConfig
                0x0800d8d0                TIM_OC3NPolarityConfig
                0x0800d8e2                TIM_OC4PolarityConfig
                0x0800d8f4                TIM_CCxCmd
                0x0800d912                TIM_CCxNCmd
                0x0800d930                TIM_SelectOCxM
                0x0800d97c                TIM_UpdateDisableConfig
                0x0800d996                TIM_UpdateRequestConfig
                0x0800d9b0                TIM_SelectHallSensor
                0x0800d9ca                TIM_SelectOnePulseMode
                0x0800d9e2                TIM_SelectOutputTrigger
                0x0800d9fa                TIM_SelectSlaveMode
                0x0800da12                TIM_SelectMasterSlaveMode
                0x0800da2a                TIM_SetCounter
                0x0800da2e                TIM_SetAutoreload
                0x0800da32                TIM_SetCompare1
                0x0800da36                TIM_SetCompare2
                0x0800da3a                TIM_SetCompare3
                0x0800da3e                TIM_SetCompare4
                0x0800da44                TIM_SetIC1Prescaler
                0x0800da5c                TIM_SetIC2Prescaler
                0x0800da74                TIM_PWMIConfig
                0x0800dae0                TIM_SetIC3Prescaler
                0x0800daf8                TIM_SetIC4Prescaler
                0x0800db10                TIM_ICInit
                0x0800dbd4                TIM_SetClockDivision
                0x0800dbe6                TIM_GetCapture1
                0x0800dbec                TIM_GetCapture2
                0x0800dbf2                TIM_GetCapture3
                0x0800dbf8                TIM_GetCapture4
                0x0800dc00                TIM_GetCounter
                0x0800dc06                TIM_GetPrescaler
                0x0800dc0c                TIM_GetFlagStatus
                0x0800dc18                TIM_ClearFlag
                0x0800dc1e                TIM_GetITStatus
                0x0800dc34                TIM_ClearITPendingBit
 .text          0x0800dc3c      0x374 lib/STM32F10x_StdPeriph_Driver/libstm32fw.a(stm32f10x_usart.o)
                0x0800dc3c                USART_DeInit
                0x0800dcd4                USART_Init
                0x0800dd64                USART_StructInit
                0x0800dd7a                USART_ClockInit
                0x0800dda0                USART_ClockStructInit
                0x0800ddac                USART_Cmd
                0x0800ddc6                USART_ITConfig
                0x0800ddfc                USART_DMACmd
                0x0800de12                USART_SetAddress
                0x0800de2a                USART_WakeUpConfig
                0x0800de42                USART_ReceiverWakeUpCmd
                0x0800de5c                USART_LINBreakDetectLengthConfig
                0x0800de74                USART_LINCmd
                0x0800de8e                USART_SendData
                0x0800de96                USART_ReceiveData
                0x0800de9e                USART_SendBreak
                0x0800deaa                USART_SetGuardTime
                0x0800debc                USART_SetPrescaler
                0x0800ded0                USART_SmartCardCmd
                0x0800deea                USART_SmartCardNACKCmd
                0x0800df04                USART_HalfDuplexCmd
                0x0800df1e                USART_IrDAConfig
                0x0800df36                USART_IrDACmd
                0x0800df50                USART_GetFlagStatus
                0x0800df5c                USART_ClearFlag
                0x0800df62                USART_GetITStatus
                0x0800dfa2                USART_ClearITPendingBit
 .text          0x0800dfb0      0xa54 lib/STM32_USB-FS-Device_Driver/libstm32usb.a(usb_core.o)
                0x0800dfb0                Standard_GetConfiguration
                0x0800dfd8                Standard_GetInterface
                0x0800e000                Standard_GetStatus
                0x0800e174                Standard_SetConfiguration
                0x0800e1b0                Standard_SetInterface
                0x0800e200                Standard_ClearFeature
                0x0800e2fc                Standard_SetEndPointFeature
                0x0800e3b0                Standard_SetDeviceFeature
                0x0800e3d4                Standard_GetDescriptorData
                0x0800e3f0                Post0_Process
                0x0800e438                Out0_Process
                0x0800e514                Setup0_Process
                0x0800e8e4                SetDeviceAddress
                0x0800e9a0                In0_Process
                0x0800ea00                NOP_Process
 .text          0x0800ea04       0x38 lib/STM32_USB-FS-Device_Driver/libstm32usb.a(usb_init.o)
                0x0800ea04                USB_Init
 .text          0x0800ea3c      0x25c lib/STM32_USB-FS-Device_Driver/libstm32usb.a(usb_int.o)
                0x0800ea3c                CTR_LP
                0x0800ec04                CTR_HP
 .text          0x0800ec98       0xb8 lib/STM32_USB-FS-Device_Driver/libstm32usb.a(usb_mem.o)
                0x0800ec98                UserToPMABufferCopy
                0x0800ed00                PMAToUserBufferCopy
 .text          0x0800ed50      0x880 lib/STM32_USB-FS-Device_Driver/libstm32usb.a(usb_regs.o)
                0x0800ed50                SetCNTR
                0x0800ed5c                GetCNTR
                0x0800ed68                SetISTR
                0x0800ed74                GetISTR
                0x0800ed80                GetFNR
                0x0800ed8c                SetDADDR
                0x0800ed98                GetDADDR
                0x0800eda4                SetBTABLE
                0x0800edb8                GetBTABLE
                0x0800edc4                SetENDPOINT
                0x0800edd4                GetENDPOINT
                0x0800ede4                SetEPType
                0x0800ee00                GetEPType
                0x0800ee14                SetEPTxStatus
                0x0800ee54                SetEPRxStatus
                0x0800ee94                SetDouBleBuffEPStall
                0x0800eebc                GetEPTxStatus
                0x0800eed0                GetEPRxStatus
                0x0800eee4                SetEPTxValid
                0x0800ef08                SetEPRxValid
                0x0800ef2c                SetEP_KIND
                0x0800ef4c                ClearEP_KIND
                0x0800ef6c                Clear_Status_Out
                0x0800ef8c                Set_Status_Out
                0x0800efac                SetEPDoubleBuff
                0x0800efcc                ClearEPDoubleBuff
                0x0800efec                GetTxStallStatus
                0x0800f00c                GetRxStallStatus
                0x0800f02c                ClearEP_CTR_RX
                0x0800f044                ClearEP_CTR_TX
                0x0800f05c                ToggleDTOG_RX
                0x0800f07c                ToggleDTOG_TX
                0x0800f09c                ClearDTOG_RX
                0x0800f0c4                ClearDTOG_TX
                0x0800f0ec                SetEPAddress
                0x0800f110                GetEPAddress
                0x0800f124                SetEPTxAddr
                0x0800f148                SetEPRxAddr
                0x0800f170                GetEPTxAddr
                0x0800f190                GetEPRxAddr
                0x0800f1b0                SetEPTxCount
                0x0800f1d0                SetEPCountRxReg
                0x0800f1fc                SetEPRxCount
                0x0800f244                GetEPTxCount
                0x0800f268                GetEPRxCount
                0x0800f28c                SetEPDblBuffAddr
                0x0800f2d4                SetEPDblBuf0Addr
                0x0800f2f8                SetEPDblBuf1Addr
                0x0800f320                GetEPDblBuf0Addr
                0x0800f340                GetEPDblBuf1Addr
                0x0800f360                SetEPDblBuffCount
                0x0800f40c                SetEPDblBuf0Count
                0x0800f474                SetEPDblBuf1Count
                0x0800f4dc                GetEPDblBuf0Count
                0x0800f500                GetEPDblBuf1Count
                0x0800f524                GetEPDblBufDir
                0x0800f56c                FreeUserBuffer
                0x0800f5bc                ToWord
                0x0800f5c4                ByteSwap
 .text          0x0800f5d0       0x6c lib/STM32_USB-FS-Device_Driver/libstm32usb.a(usb_sil.o)
                0x0800f5d0                USB_SIL_Init
                0x0800f5f0                USB_SIL_Write
                0x0800f618                USB_SIL_Read
 .text          0x0800f63c       0x98 /home/laurence/CodeSourcery/Sourcery_G++_Lite/bin/../lib/gcc/arm-none-eabi/4.5.2/../../../../arm-none-eabi/lib/thumb2/libm.a(lib_a-s_sin.o)
                0x0800f63c                sin
 .text          0x0800f6d4       0xa8 /home/laurence/CodeSourcery/Sourcery_G++_Lite/bin/../lib/gcc/arm-none-eabi/4.5.2/../../../../arm-none-eabi/lib/thumb2/libm.a(lib_a-w_asin.o)
                0x0800f6d4                asin
 .text          0x0800f77c       0xac /home/laurence/CodeSourcery/Sourcery_G++_Lite/bin/../lib/gcc/arm-none-eabi/4.5.2/../../../../arm-none-eabi/lib/thumb2/libm.a(lib_a-w_sqrt.o)
                0x0800f77c                sqrt
 .text          0x0800f828      0x460 /home/laurence/CodeSourcery/Sourcery_G++_Lite/bin/../lib/gcc/arm-none-eabi/4.5.2/../../../../arm-none-eabi/lib/thumb2/libm.a(lib_a-e_asin.o)
                0x0800f828                __ieee754_asin
 .text          0x0800fc88      0x450 /home/laurence/CodeSourcery/Sourcery_G++_Lite/bin/../lib/gcc/arm-none-eabi/4.5.2/../../../../arm-none-eabi/lib/thumb2/libm.a(lib_a-e_rem_pio2.o)
                0x0800fc88                __ieee754_rem_pio2
 .text          0x080100d8      0x1c0 /home/laurence/CodeSourcery/Sourcery_G++_Lite/bin/../lib/gcc/arm-none-eabi/4.5.2/../../../../arm-none-eabi/lib/thumb2/libm.a(lib_a-e_sqrt.o)
                0x080100d8                __ieee754_sqrt
 .text          0x08010298      0x250 /home/laurence/CodeSourcery/Sourcery_G++_Lite/bin/../lib/gcc/arm-none-eabi/4.5.2/../../../../arm-none-eabi/lib/thumb2/libm.a(lib_a-k_cos.o)
                0x08010298                __kernel_cos
 .text          0x080104e8      0x7a8 /home/laurence/CodeSourcery/Sourcery_G++_Lite/bin/../lib/gcc/arm-none-eabi/4.5.2/../../../../arm-none-eabi/lib/thumb2/libm.a(lib_a-k_rem_pio2.o)
                0x080104e8                __kernel_rem_pio2
 .text          0x08010c90      0x168 /home/laurence/CodeSourcery/Sourcery_G++_Lite/bin/../lib/gcc/arm-none-eabi/4.5.2/../../../../arm-none-eabi/lib/thumb2/libm.a(lib_a-k_sin.o)
                0x08010c90                __kernel_sin
 .text          0x08010df8        0x8 /home/laurence/CodeSourcery/Sourcery_G++_Lite/bin/../lib/gcc/arm-none-eabi/4.5.2/../../../../arm-none-eabi/lib/thumb2/libm.a(lib_a-s_fabs.o)
                0x08010df8                fabs
 .text          0x08010e00      0x128 /home/laurence/CodeSourcery/Sourcery_G++_Lite/bin/../lib/gcc/arm-none-eabi/4.5.2/../../../../arm-none-eabi/lib/thumb2/libm.a(lib_a-s_floor.o)
                0x08010e00                floor
 .text          0x08010f28       0x90 /home/laurence/CodeSourcery/Sourcery_G++_Lite/bin/../lib/gcc/arm-none-eabi/4.5.2/../../../../arm-none-eabi/lib/thumb2/libm.a(lib_a-s_fpclassify.o)
                0x08010f28                __fpclassifyd
 .text          0x08010fb8        0x4 /home/laurence/CodeSourcery/Sourcery_G++_Lite/bin/../lib/gcc/arm-none-eabi/4.5.2/../../../../arm-none-eabi/lib/thumb2/libm.a(lib_a-s_matherr.o)
                0x08010fb8                matherr
 .text          0x08010fbc        0xc /home/laurence/CodeSourcery/Sourcery_G++_Lite/bin/../lib/gcc/arm-none-eabi/4.5.2/../../../../arm-none-eabi/lib/thumb2/libm.a(lib_a-s_nan.o)
                0x08010fbc                nan
 .text          0x08010fc8      0x108 /home/laurence/CodeSourcery/Sourcery_G++_Lite/bin/../lib/gcc/arm-none-eabi/4.5.2/../../../../arm-none-eabi/lib/thumb2/libm.a(lib_a-s_scalbn.o)
                0x08010fc8                scalbn
 .text          0x080110d0       0x14 /home/laurence/CodeSourcery/Sourcery_G++_Lite/bin/../lib/gcc/arm-none-eabi/4.5.2/../../../../arm-none-eabi/lib/thumb2/libm.a(lib_a-s_copysign.o)
                0x080110d0                copysign
 *fill*         0x080110e4        0x4 00
 .text          0x080110e8      0x2b0 /home/laurence/CodeSourcery/Sourcery_G++_Lite/bin/../lib/gcc/arm-none-eabi/4.5.2/thumb2/libgcc.a(_divsi3.o)
                0x080110e8                __aeabi_idiv
                0x080110e8                __divsi3
                0x0801137c                __aeabi_idivmod
 .text          0x08011398        0x4 /home/laurence/CodeSourcery/Sourcery_G++_Lite/bin/../lib/gcc/arm-none-eabi/4.5.2/thumb2/libgcc.a(_dvmd_tls.o)
                0x08011398                __aeabi_ldiv0
                0x08011398                __aeabi_idiv0
 .text          0x0801139c      0x370 /home/laurence/CodeSourcery/Sourcery_G++_Lite/bin/../lib/gcc/arm-none-eabi/4.5.2/thumb2/libgcc.a(_arm_addsubdf3.o)
                0x0801139c                __aeabi_drsub
                0x080113a4                __aeabi_dsub
                0x080113a4                __subdf3
                0x080113a8                __adddf3
                0x080113a8                __aeabi_dadd
                0x08011620                __aeabi_ui2d
                0x08011620                __floatunsidf
                0x08011640                __floatsidf
                0x08011640                __aeabi_i2d
                0x08011664                __extendsfdf2
                0x08011664                __aeabi_f2d
                0x080116a0                __aeabi_ul2d
                0x080116a0                __floatundidf
                0x080116b0                __floatdidf
                0x080116b0                __aeabi_l2d
 .text          0x0801170c      0x424 /home/laurence/CodeSourcery/Sourcery_G++_Lite/bin/../lib/gcc/arm-none-eabi/4.5.2/thumb2/libgcc.a(_arm_muldivdf3.o)
                0x0801170c                __aeabi_dmul
                0x0801170c                __muldf3
                0x08011960                __aeabi_ddiv
                0x08011960                __divdf3
 .text          0x08011b30      0x110 /home/laurence/CodeSourcery/Sourcery_G++_Lite/bin/../lib/gcc/arm-none-eabi/4.5.2/thumb2/libgcc.a(_arm_cmpdf2.o)
                0x08011b30                __gtdf2
                0x08011b30                __gedf2
                0x08011b38                __ltdf2
                0x08011b38                __ledf2
                0x08011b40                __cmpdf2
                0x08011b40                __eqdf2
                0x08011b40                __nedf2
                0x08011bbc                __aeabi_cdrcmple
                0x08011bcc                __aeabi_cdcmple
                0x08011bcc                __aeabi_cdcmpeq
                0x08011bdc                __aeabi_dcmpeq
                0x08011bf0                __aeabi_dcmplt
                0x08011c04                __aeabi_dcmple
                0x08011c18                __aeabi_dcmpge
                0x08011c2c                __aeabi_dcmpgt
 .text          0x08011c40       0x50 /home/laurence/CodeSourcery/Sourcery_G++_Lite/bin/../lib/gcc/arm-none-eabi/4.5.2/thumb2/libgcc.a(_arm_fixdfsi.o)
                0x08011c40                __fixdfsi
                0x08011c40                __aeabi_d2iz
 .text          0x08011c90       0x40 /home/laurence/CodeSourcery/Sourcery_G++_Lite/bin/../lib/gcc/arm-none-eabi/4.5.2/thumb2/libgcc.a(_arm_fixunsdfsi.o)
                0x08011c90                __fixunsdfsi
                0x08011c90                __aeabi_d2uiz
 .text          0x08011cd0       0xa0 /home/laurence/CodeSourcery/Sourcery_G++_Lite/bin/../lib/gcc/arm-none-eabi/4.5.2/thumb2/libgcc.a(_arm_truncdfsf2.o)
                0x08011cd0                __aeabi_d2f
                0x08011cd0                __truncdfsf2
 .text          0x08011d70      0x21c /home/laurence/CodeSourcery/Sourcery_G++_Lite/bin/../lib/gcc/arm-none-eabi/4.5.2/thumb2/libgcc.a(_arm_addsubsf3.o)
                0x08011d70                __aeabi_frsub
                0x08011d78                __subsf3
                0x08011d78                __aeabi_fsub
                0x08011d7c                __aeabi_fadd
                0x08011d7c                __addsf3
                0x08011edc                __aeabi_ui2f
                0x08011edc                __floatunsisf
                0x08011ee4                __aeabi_i2f
                0x08011ee4                __floatsisf
                0x08011f00                __floatundisf
                0x08011f00                __aeabi_ul2f
                0x08011f10                __floatdisf
                0x08011f10                __aeabi_l2f
 .text          0x08011f8c      0x2a0 /home/laurence/CodeSourcery/Sourcery_G++_Lite/bin/../lib/gcc/arm-none-eabi/4.5.2/thumb2/libgcc.a(_arm_muldivsf3.o)
                0x08011f8c                __mulsf3
                0x08011f8c                __aeabi_fmul
                0x080120f4                __divsf3
                0x080120f4                __aeabi_fdiv
 .text          0x0801222c       0xec /home/laurence/CodeSourcery/Sourcery_G++_Lite/bin/../lib/gcc/arm-none-eabi/4.5.2/thumb2/libgcc.a(_arm_cmpsf2.o)
                0x0801222c                __gtsf2
                0x0801222c                __gesf2
                0x08012234                __lesf2
                0x08012234                __ltsf2
                0x0801223c                __nesf2
                0x0801223c                __eqsf2
                0x0801223c                __cmpsf2
                0x0801229c                __aeabi_cfrcmple
                0x080122a4                __aeabi_cfcmple
                0x080122a4                __aeabi_cfcmpeq
                0x080122b4                __aeabi_fcmpeq
                0x080122c8                __aeabi_fcmplt
                0x080122dc                __aeabi_fcmple
                0x080122f0                __aeabi_fcmpge
                0x08012304                __aeabi_fcmpgt
 .text          0x08012318       0x4c /home/laurence/CodeSourcery/Sourcery_G++_Lite/bin/../lib/gcc/arm-none-eabi/4.5.2/thumb2/libgcc.a(_arm_fixsfsi.o)
                0x08012318                __fixsfsi
                0x08012318                __aeabi_f2iz
 .text          0x08012364       0x40 /home/laurence/CodeSourcery/Sourcery_G++_Lite/bin/../lib/gcc/arm-none-eabi/4.5.2/thumb2/libgcc.a(_arm_fixunssfsi.o)
                0x08012364                __aeabi_f2uiz
                0x08012364                __fixunssfsi
 .text          0x080123a4        0xc /home/laurence/CodeSourcery/Sourcery_G++_Lite/bin/../lib/gcc/arm-none-eabi/4.5.2/../../../../arm-none-eabi/lib/thumb2/libc.a(lib_a-errno.o)
                0x080123a4                __errno
 .text          0x080123b0       0x20 /home/laurence/CodeSourcery/Sourcery_G++_Lite/bin/../lib/gcc/arm-none-eabi/4.5.2/../../../../arm-none-eabi/lib/thumb2/libc.a(lib_a-malloc.o)
                0x080123b0                malloc
                0x080123c0                free
 .text          0x080123d0      0x57c /home/laurence/CodeSourcery/Sourcery_G++_Lite/bin/../lib/gcc/arm-none-eabi/4.5.2/../../../../arm-none-eabi/lib/thumb2/libc.a(lib_a-mallocr.o)
                0x080123d0                _malloc_r
 .text          0x0801294c        0x8 /home/laurence/CodeSourcery/Sourcery_G++_Lite/bin/../lib/gcc/arm-none-eabi/4.5.2/../../../../arm-none-eabi/lib/thumb2/libc.a(lib_a-mlock.o)
                0x0801294c                __malloc_lock
                0x08012950                __malloc_unlock
 .text          0x08012954       0x28 /home/laurence/CodeSourcery/Sourcery_G++_Lite/bin/../lib/gcc/arm-none-eabi/4.5.2/../../../../arm-none-eabi/lib/thumb2/libc.a(lib_a-sbrkr.o)
                0x08012954                _sbrk_r
 .text          0x0801297c       0x60 /home/laurence/CodeSourcery/Sourcery_G++_Lite/bin/../lib/gcc/arm-none-eabi/4.5.2/../../../../arm-none-eabi/lib/thumb2/libc.a(lib_a-strlen.o)
                0x0801297c                strlen
 .text          0x080129dc      0x240 /home/laurence/CodeSourcery/Sourcery_G++_Lite/bin/../lib/gcc/arm-none-eabi/4.5.2/../../../../arm-none-eabi/lib/thumb2/libc.a(lib_a-freer.o)
                0x080129dc                _malloc_trim_r
                0x08012a84                _free_r
 .text          0x08012c1c       0x30 /home/laurence/CodeSourcery/Sourcery_G++_Lite/bin/../lib/gcc/arm-none-eabi/4.5.2/../../../../arm-none-eabi/lib/thumb2/libcs3.a(start_c.o)
                0x08012c1c                __cs3_premain
 .text.cs3.init
                0x08012c4c       0x50 /home/laurence/CodeSourcery/Sourcery_G++_Lite/bin/../lib/gcc/arm-none-eabi/4.5.2/../../../../arm-none-eabi/lib/thumb2/libcs3.a(start_c.o)
                0x08012c4c                __cs3_start_c
 .text          0x08012c9c       0x40 /home/laurence/CodeSourcery/Sourcery_G++_Lite/bin/../lib/gcc/arm-none-eabi/4.5.2/../../../../arm-none-eabi/lib/thumb2/libcs3unhosted.a(unhosted-sbrk.o)
                0x08012c9c                _sbrk
 .text.cs3.init
                0x08012cdc       0x10 /home/laurence/CodeSourcery/Sourcery_G++_Lite/bin/../lib/gcc/arm-none-eabi/4.5.2/../../../../arm-none-eabi/lib/thumb2/libcs3unhosted.a(unhosted-start.o)
                0x08012cdc                _start
 .text          0x08012cec        0x2 lib/libcs3-lanchon-stm32.a(lanchon_stm32_isr_interrupt.o)
                0x08012cec                MemManageException
                0x08012cec                BusFaultException
                0x08012cec                DMAChannel7_IRQHandler
                0x08012cec                DebugMonitor
                0x08012cec                SVCHandler
                0x08012cec                HardFaultException
                0x08012cec                __STM32ReservedException8
                0x08012cec                __STM32DefaultExceptionHandler
                0x08012cec                CAN_SCE_IRQHandler
                0x08012cec                __STM32ReservedException10
                0x08012cec                __STM32ReservedException13
                0x08012cec                NMIException
                0x08012cec                DMAChannel4_IRQHandler
                0x08012cec                PendSVC
                0x08012cec                CAN_RX1_IRQHandler
                0x08012cec                ADC_IRQHandler
                0x08012cec                DMAChannel5_IRQHandler
                0x08012cec                DMAChannel2_IRQHandler
                0x08012cec                __STM32ReservedException7
                0x08012cec                UsageFaultException
                0x08012cec                DMAChannel6_IRQHandler
                0x08012cec                DMAChannel3_IRQHandler
                0x08012cec                __STM32ReservedException9
 *fill*         0x08012cee        0x2 00
 .text          0x08012cf0       0x50 /home/laurence/CodeSourcery/Sourcery_G++_Lite/bin/../lib/gcc/arm-none-eabi/4.5.2/../../../../arm-none-eabi/lib/thumb2/libc.a(lib_a-init.o)
                0x08012cf0                __libc_init_array
 *(.plt)
 *(.gnu.warning)
 *(.glue_7t)
 .glue_7t       0x00000000        0x0 linker stubs
 *(.glue_7)
 .glue_7        0x00000000        0x0 linker stubs
 *(.vfp11_veneer)
 .vfp11_veneer  0x00000000        0x0 linker stubs
 *(.rodata .rodata.* .gnu.linkonce.r.*)
 .rodata        0x08012d40       0xac Util/USB/usb_desc.o
                0x08012d40                MASS_DeviceDescriptor
                0x08012d54                MASS_ConfigDescriptor
                0x08012d74                MASS_StringLangID
                0x08012d78                MASS_StringVendor
                0x08012dac                MASS_StringProduct
                0x08012ddc                MASS_StringInterface
 .rodata        0x08012dec     0x7738 Util/fat_fs/option/cc932.o
 .rodata.str1.4
                0x0801a524       0x13 Util/fat_fs/src/ff.o
                                 0x14 (size before relaxing)
 *fill*         0x0801a537        0x1 00
 .rodata        0x0801a538        0xc Util/fat_fs/src/rtc.o
 .rodata        0x0801a544       0x14 Util/rprintf.o
 .rodata.str1.4
                0x0801a558       0x1a Util/rprintf.o
                                 0x1c (size before relaxing)
 *fill*         0x0801a572        0x2 00
 .rodata.str1.4
                0x0801a574       0x28 interrupts.o
 .rodata.str1.4
                0x0801a59c       0xc8 main.o
 .rodata.str1.4
                0x0801a664        0x5 /home/laurence/CodeSourcery/Sourcery_G++_Lite/bin/../lib/gcc/arm-none-eabi/4.5.2/../../../../arm-none-eabi/lib/thumb2/libm.a(lib_a-w_asin.o)
                                  0xc (size before relaxing)
 *fill*         0x0801a669        0x3 00
 .rodata.str1.4
                0x0801a66c        0x5 /home/laurence/CodeSourcery/Sourcery_G++_Lite/bin/../lib/gcc/arm-none-eabi/4.5.2/../../../../arm-none-eabi/lib/thumb2/libm.a(lib_a-w_sqrt.o)
                                  0x8 (size before relaxing)
 *fill*         0x0801a671        0x3 00
 .rodata        0x0801a674      0x188 /home/laurence/CodeSourcery/Sourcery_G++_Lite/bin/../lib/gcc/arm-none-eabi/4.5.2/../../../../arm-none-eabi/lib/thumb2/libm.a(lib_a-e_rem_pio2.o)
 *fill*         0x0801a7fc        0x4 00
 .rodata        0x0801a800       0x50 /home/laurence/CodeSourcery/Sourcery_G++_Lite/bin/../lib/gcc/arm-none-eabi/4.5.2/../../../../arm-none-eabi/lib/thumb2/libm.a(lib_a-k_rem_pio2.o)
 .rodata.str1.4
                0x0801a850        0x4 /home/laurence/CodeSourcery/Sourcery_G++_Lite/bin/../lib/gcc/arm-none-eabi/4.5.2/../../../../arm-none-eabi/lib/thumb2/libc.a(lib_a-impure.o)
 *(.ARM.extab* .gnu.linkonce.armextab.*)
 *(.gcc_except_table)
 *(.eh_frame_hdr)
 *(.eh_frame)
                0x0801a854                . = ALIGN (0x4)
 *(.init)
 .init          0x0801a854        0x4 /home/laurence/CodeSourcery/Sourcery_G++_Lite/bin/../lib/gcc/arm-none-eabi/4.5.2/thumb2/crti.o
                0x0801a854                _init
 .init          0x0801a858        0x8 /home/laurence/CodeSourcery/Sourcery_G++_Lite/bin/../lib/gcc/arm-none-eabi/4.5.2/thumb2/crtn.o
                0x0801a860                . = ALIGN (0x4)
                0x0801a860                __preinit_array_start = .
 *(.preinit_array)
                0x0801a860                __preinit_array_end = .
                0x0801a860                . = ALIGN (0x4)
                0x0801a860                __init_array_start = .
 *(SORT(.init_array.*))
 *(.init_array)
 .init_array    0x0801a860        0x4 /home/laurence/CodeSourcery/Sourcery_G++_Lite/bin/../lib/gcc/arm-none-eabi/4.5.2/thumb2/crtbegin.o
                0x0801a864                __init_array_end = .
                0x0801a864                . = ALIGN (0x4)
 *crtbegin.o(.ctors)
 *(EXCLUDE_FILE(*crtend.o) .ctors)
 *(SORT(.ctors.*))
 *crtend.o(.ctors)
                0x0801a864                . = ALIGN (0x4)
 *(.fini)
 .fini          0x0801a864        0x4 /home/laurence/CodeSourcery/Sourcery_G++_Lite/bin/../lib/gcc/arm-none-eabi/4.5.2/thumb2/crti.o
                0x0801a864                _fini
 .fini          0x0801a868        0x8 /home/laurence/CodeSourcery/Sourcery_G++_Lite/bin/../lib/gcc/arm-none-eabi/4.5.2/thumb2/crtn.o
                0x0801a870                . = ALIGN (0x4)
                0x0801a870                __fini_array_start = .
 *(.fini_array)
 .fini_array    0x0801a870        0x4 /home/laurence/CodeSourcery/Sourcery_G++_Lite/bin/../lib/gcc/arm-none-eabi/4.5.2/thumb2/crtbegin.o
 *(SORT(.fini_array.*))
                0x0801a874                __fini_array_end = .
 *crtbegin.o(.dtors)
 *(EXCLUDE_FILE(*crtend.o) .dtors)
 *(SORT(.dtors.*))
 *crtend.o(.dtors)
                0x0801a874                . = ALIGN (0x4)
                0x0801a874                __cs3_regions = .
                0x0801a874        0x4 LONG 0x0
                0x0801a878        0x4 LONG 0x801a888 __cs3_region_init_ram
                0x0801a87c        0x4 LONG 0x20000000 __cs3_region_start_ram
                0x0801a880        0x4 LONG 0x680 __cs3_region_init_size_ram
                0x0801a884        0x4 LONG 0x7d0 __cs3_region_zero_size_ram
                0x0801a888                __exidx_start = .

.v4_bx          0x0801a888        0x0
 .v4_bx         0x00000000        0x0 linker stubs

.ARM.exidx
 *(.ARM.exidx* .gnu.linkonce.armexidx.*)
                0x0801a888                __exidx_end = .

.text.align     0x0801a888        0x0
                0x0801a888                . = ALIGN (0x8)
                0x0801a888                _etext = .
                0x08020000                __cs3_region_end_rom = (__cs3_region_start_rom + 0x20000)
                0x00020000                __cs3_region_size_rom = 0x20000
                0x00000001                __cs3_region_num = 0x1

.data           0x20000000      0x680 load address 0x0801a888
                0x20000000                __cs3_region_start_ram = .
 *(.cs3.region-head.ram)
 *(.jcr)
 .jcr           0x20000000        0x0 /home/laurence/CodeSourcery/Sourcery_G++_Lite/bin/../lib/gcc/arm-none-eabi/4.5.2/thumb2/crtbegin.o
 .jcr           0x20000000        0x4 /home/laurence/CodeSourcery/Sourcery_G++_Lite/bin/../lib/gcc/arm-none-eabi/4.5.2/thumb2/crtend.o
 *(.got.plt)
 *(.got)
 *(.shdata)
 *(.data .data.* .gnu.linkonce.d.*)
 .data          0x20000004       0x74 Util/USB/scsi_data.o
                0x20000004                Standard_Inquiry_Data
                0x20000028                Standard_Inquiry_Data2
                0x2000004c                Mode_Sense6_data
                0x20000050                Mode_Sense10_data
                0x20000058                Scsi_Sense_Data
                0x2000006c                ReadFormatCapacity_Data
 .data          0x20000078       0x1c Util/USB/usb_desc.o
                0x20000078                MASS_StringSerial
 .data          0x20000094       0x38 Util/USB/usb_istr.o
                0x20000094                pEpInt_IN
                0x200000b0                pEpInt_OUT
 .data          0x200000cc       0x90 Util/USB/usb_prop.o
                0x200000cc                String_Descriptor
                0x200000f4                Config_Descriptor
                0x200000fc                Device_Descriptor
                0x20000104                Device_Property
                0x20000134                Device_Table
                0x20000138                User_Standard_Requests
 .data          0x2000015c        0x1 Util/USB/usb_pwr.o
                0x2000015c                fSuspendEnabled
 .data          0x2000015d        0x1 Util/fat_fs/src/sd_spi_stm32.o
 .data          0x2000015e       0x14 lib/STM32F10x_StdPeriph_Driver/libstm32fw.a(stm32f10x_rcc.o)
 .data          0x20000172        0x1 /home/laurence/CodeSourcery/Sourcery_G++_Lite/bin/../lib/gcc/arm-none-eabi/4.5.2/../../../../arm-none-eabi/lib/thumb2/libm.a(lib_a-s_lib_ver.o)
                0x20000172                __fdlib_version
 *fill*         0x20000173        0x1 00
 .data          0x20000174       0xf4 /home/laurence/CodeSourcery/Sourcery_G++_Lite/bin/../lib/gcc/arm-none-eabi/4.5.2/../../../../arm-none-eabi/lib/thumb2/libc.a(lib_a-impure.o)
                0x20000174                _impure_ptr
 .data          0x20000268      0x410 /home/laurence/CodeSourcery/Sourcery_G++_Lite/bin/../lib/gcc/arm-none-eabi/4.5.2/../../../../arm-none-eabi/lib/thumb2/libc.a(lib_a-mallocr.o)
                0x20000268                __malloc_av_
                0x20000670                __malloc_sbrk_base
                0x20000674                __malloc_trim_threshold
 .data          0x20000678        0x4 /home/laurence/CodeSourcery/Sourcery_G++_Lite/bin/../lib/gcc/arm-none-eabi/4.5.2/../../../../arm-none-eabi/lib/thumb2/libcs3unhosted.a(unhosted-sbrk.o)
 .data          0x2000067c        0x4 /home/laurence/CodeSourcery/Sourcery_G++_Lite/bin/../lib/gcc/arm-none-eabi/4.5.2/../../../../arm-none-eabi/lib/thumb2/libcs3.a(heap.o)
                0x2000067c                __cs3_heap_limit
 *(.ram)
                0x20000680                . = ALIGN (0x8)
                0x20000680                _edata = .

.bss            0x20000680      0x7d0 load address 0x0801af08
 *(.shbss)
 *(.bss .bss.* .gnu.linkonce.b.*)
 .bss           0x20000680        0x1 /home/laurence/CodeSourcery/Sourcery_G++_Lite/bin/../lib/gcc/arm-none-eabi/4.5.2/thumb2/crtbegin.o
 *fill*         0x20000681        0x3 00
 .bss           0x20000684       0x18 Sensors/ppg.o
 .bss           0x2000069c        0x4 Sensors/pressure.o
 .bss           0x200006a0        0x4 Util/USB/mass_mal.o
                0x200006a0                Status
 .bss           0x200006a4       0x1c Util/USB/memory.o
                0x200006a4                TransferState
                0x200006b0                Block_Read_count
                0x200006b4                Counter
 .bss           0x200006c0       0x10 Util/USB/scsi_data.o
                0x200006c0                Page00_Inquiry_Data
                0x200006c8                ReadCapacity10_Data
 .bss           0x200006d0        0x1 Util/USB/usb_istr.o
                0x200006d0                bIntPackSOF
 *fill*         0x200006d1        0x3 00
 .bss           0x200006d4        0x4 Util/USB/usb_prop.o
                0x200006d4                Max_Lun
 .bss           0x200006d8        0x4 Util/USB/usb_pwr.o
                0x200006d8                bDeviceState
 .bss           0x200006dc        0x8 Util/fat_fs/src/ff.o
 .bss           0x200006e4       0x10 Util/fat_fs/src/sd_spi_stm32.o
 .bss           0x200006f4       0x84 Util/rprintf.o
 .bss           0x20000778        0x4 interrupts.o
 .bss           0x2000077c      0x234 main.o
                0x200009ac                file_opened
 .bss           0x200009b0        0x1 lib/STM32_USB-FS-Device_Driver/libstm32usb.a(usb_core.o)
                0x200009b0                Data_Mul_MaxPacketSize
 *fill*         0x200009b1        0x3 00
 .bss           0x200009b4       0x34 /home/laurence/CodeSourcery/Sourcery_G++_Lite/bin/../lib/gcc/arm-none-eabi/4.5.2/../../../../arm-none-eabi/lib/thumb2/libc.a(lib_a-mallocr.o)
                0x200009b4                __malloc_top_pad
                0x200009b8                __malloc_current_mallinfo
                0x200009e0                __malloc_max_sbrked_mem
                0x200009e4                __malloc_max_total_mem
 *(COMMON)
 COMMON         0x200009e8       0x1c Util/USB/mass_mal.o
                0x200009e8                Mass_Memory_Size
                0x200009f0                Mass_Block_Size
                0x200009f8                Mass_Block_Count
                0x20000a00                Data_Buffer
 COMMON         0x20000a04        0x8 Util/USB/memory.o
                0x20000a04                Block_offset
                0x20000a08                Idx
 COMMON         0x20000a0c       0x7c Util/USB/usb_bot.o
                0x20000a0c                CBW
                0x20000a2c                Data_Len
                0x20000a2e                Bot_State
                0x20000a30                SCSI_LBA
                0x20000a34                CSW
                0x20000a44                SCSI_BlkLen
                0x20000a48                Bulk_Data_Buff
 COMMON         0x20000a88        0x2 Util/USB/usb_istr.o
                0x20000a88                wIstr
 *fill*         0x20000a8a        0x2 00
 COMMON         0x20000a8c        0x2 Util/USB/usb_pwr.o
                0x20000a8c                ResumeS
 *fill*         0x20000a8e        0x2 00
 COMMON         0x20000a90        0x4 adc.o
                0x20000a90                ADC1_Convertion_buff
 COMMON         0x20000a94        0x1 gpio.o
                0x20000a94                bootsource
 *fill*         0x20000a95        0x3 00
 COMMON         0x20000a98      0x378 main.o
                0x20000a98                Pressure_control
                0x20000a9c                pressure_setpoint
                0x20000aa0                f_err_code
                0x20000aa4                Device_Temperature
                0x20000aa8                Buff
                0x20000ac0                Millis
                0x20000ac4                FATFS_info
                0x20000ae4                print_string
                0x20000be4                a
                0x20000be8                reported_pressure
                0x20000bec                FATFS_logfile
 COMMON         0x20000e10        0x2 lib/STM32_USB-FS-Device_Driver/libstm32usb.a(usb_core.o)
                0x20000e10                StatusInfo
 *fill*         0x20000e12        0x2 00
 COMMON         0x20000e14       0x32 lib/STM32_USB-FS-Device_Driver/libstm32usb.a(usb_init.o)
                0x20000e14                SaveState
                0x20000e18                pProperty
                0x20000e1c                EPindex
                0x20000e20                Device_Info
                0x20000e3c                pUser_Standard_Requests
                0x20000e40                pInformation
                0x20000e44                wInterrupt_Mask
 COMMON         0x20000e46        0x4 lib/STM32_USB-FS-Device_Driver/libstm32usb.a(usb_int.o)
                0x20000e46                SaveRState
                0x20000e48                SaveTState
 *fill*         0x20000e4a        0x2 00
 COMMON         0x20000e4c        0x4 /home/laurence/CodeSourcery/Sourcery_G++_Lite/bin/../lib/gcc/arm-none-eabi/4.5.2/../../../../arm-none-eabi/lib/thumb2/libc.a(lib_a-reent.o)
                0x20000e4c                errno
 *(.ram.b)
                0x20000e50                . = ALIGN (0x8)
                0x20000e50                _end = .
                0x20000e50                __end = .
                0x20005000                __cs3_region_end_ram = (__cs3_region_start_ram + 0x5000)
                0x00005000                __cs3_region_size_ram = 0x5000
                0x0801a888                __cs3_region_init_ram = LOADADDR (.data)
                0x00000680                __cs3_region_init_size_ram = (_edata - ADDR (.data))
                0x000007d0                __cs3_region_zero_size_ram = (_end - _edata)
                0x00000001                __cs3_region_num = 0x1

.stab
 *(.stab)

.stabstr
 *(.stabstr)

.debug
 *(.debug)

.line
 *(.line)

.debug_srcinfo
 *(.debug_srcinfo)

.debug_sfnames
 *(.debug_sfnames)

.comment        0x00000000       0x2a
 .comment       0x00000000       0x2a Sensors/ppg.o
                                 0x2b (size before relaxing)
 .comment       0x00000000       0x2b Sensors/pressure.o
 .comment       0x00000000       0x2b Sensors/temperature.o
 .comment       0x00000000       0x2b Util/USB/hw_config.o
 .comment       0x00000000       0x2b Util/USB/mass_mal.o
 .comment       0x00000000       0x2b Util/USB/memory.o
 .comment       0x00000000       0x2b Util/USB/scsi_data.o
 .comment       0x00000000       0x2b Util/USB/usb_bot.o
 .comment       0x00000000       0x2b Util/USB/usb_desc.o
 .comment       0x00000000       0x2b Util/USB/usb_endp.o
 .comment       0x00000000       0x2b Util/USB/usb_istr.o
 .comment       0x00000000       0x2b Util/USB/usb_prop.o
 .comment       0x00000000       0x2b Util/USB/usb_pwr.o
 .comment       0x00000000       0x2b Util/USB/usb_scsi.o
 .comment       0x00000000       0x2b Util/buffer.o
 .comment       0x00000000       0x2b Util/fat_fs/option/cc932.o
 .comment       0x00000000       0x2b Util/fat_fs/option/syscall.o
 .comment       0x00000000       0x2b Util/fat_fs/src/fattime.o
 .comment       0x00000000       0x2b Util/fat_fs/src/ff.o
 .comment       0x00000000       0x2b Util/fat_fs/src/rtc.o
 .comment       0x00000000       0x2b Util/fat_fs/src/sd_spi_stm32.o
 .comment       0x00000000       0x2b Util/rprintf.o
 .comment       0x00000000       0x2b Util/stm32_eval_spi_sd.o
 .comment       0x00000000       0x2b adc.o
 .comment       0x00000000       0x2b gpio.o
 .comment       0x00000000       0x2b interrupts.o
 .comment       0x00000000       0x2b lib/CMSIS_CM3/core_cm3.o
 .comment       0x00000000       0x2b lib/CMSIS_CM3/system_stm32f10x.o
 .comment       0x00000000       0x2b main.o
 .comment       0x00000000       0x2b pwr.o
 .comment       0x00000000       0x2b timer.o
 .comment       0x00000000       0x2b usart.o
 .comment       0x00000000       0x2b lib/STM32F10x_StdPeriph_Driver/libstm32fw.a(misc.o)
 .comment       0x00000000       0x2b lib/STM32F10x_StdPeriph_Driver/libstm32fw.a(stm32f10x_adc.o)
 .comment       0x00000000       0x2b lib/STM32F10x_StdPeriph_Driver/libstm32fw.a(stm32f10x_bkp.o)
 .comment       0x00000000       0x2b lib/STM32F10x_StdPeriph_Driver/libstm32fw.a(stm32f10x_dma.o)
 .comment       0x00000000       0x2b lib/STM32F10x_StdPeriph_Driver/libstm32fw.a(stm32f10x_exti.o)
 .comment       0x00000000       0x2b lib/STM32F10x_StdPeriph_Driver/libstm32fw.a(stm32f10x_gpio.o)
 .comment       0x00000000       0x2b lib/STM32F10x_StdPeriph_Driver/libstm32fw.a(stm32f10x_pwr.o)
 .comment       0x00000000       0x2b lib/STM32F10x_StdPeriph_Driver/libstm32fw.a(stm32f10x_rcc.o)
 .comment       0x00000000       0x2b lib/STM32F10x_StdPeriph_Driver/libstm32fw.a(stm32f10x_rtc.o)
 .comment       0x00000000       0x2b lib/STM32F10x_StdPeriph_Driver/libstm32fw.a(stm32f10x_spi.o)
 .comment       0x00000000       0x2b lib/STM32F10x_StdPeriph_Driver/libstm32fw.a(stm32f10x_tim.o)
 .comment       0x00000000       0x2b lib/STM32F10x_StdPeriph_Driver/libstm32fw.a(stm32f10x_usart.o)
 .comment       0x00000000       0x2b lib/STM32_USB-FS-Device_Driver/libstm32usb.a(usb_core.o)
 .comment       0x00000000       0x2b lib/STM32_USB-FS-Device_Driver/libstm32usb.a(usb_init.o)
 .comment       0x00000000       0x2b lib/STM32_USB-FS-Device_Driver/libstm32usb.a(usb_int.o)
 .comment       0x00000000       0x2b lib/STM32_USB-FS-Device_Driver/libstm32usb.a(usb_mem.o)
 .comment       0x00000000       0x2b lib/STM32_USB-FS-Device_Driver/libstm32usb.a(usb_regs.o)
 .comment       0x00000000       0x2b lib/STM32_USB-FS-Device_Driver/libstm32usb.a(usb_sil.o)

.debug_aranges  0x00000000      0x3c8
 *(.debug_aranges)
 .debug_aranges
                0x00000000       0x20 Sensors/ppg.o
 .debug_aranges
                0x00000020       0x20 Sensors/pressure.o
 .debug_aranges
                0x00000040       0x20 Sensors/temperature.o
 .debug_aranges
                0x00000060       0x20 Util/USB/hw_config.o
 .debug_aranges
                0x00000080       0x20 Util/USB/mass_mal.o
 .debug_aranges
                0x000000a0       0x20 Util/USB/memory.o
 .debug_aranges
                0x000000c0       0x20 Util/USB/usb_bot.o
 .debug_aranges
                0x000000e0       0x20 Util/USB/usb_endp.o
 .debug_aranges
                0x00000100       0x20 Util/USB/usb_istr.o
 .debug_aranges
                0x00000120       0x20 Util/USB/usb_prop.o
 .debug_aranges
                0x00000140       0x20 Util/USB/usb_pwr.o
 .debug_aranges
                0x00000160       0x20 Util/USB/usb_scsi.o
 .debug_aranges
                0x00000180       0x20 Util/buffer.o
 .debug_aranges
                0x000001a0       0x20 Util/fat_fs/option/cc932.o
 .debug_aranges
                0x000001c0       0x20 Util/fat_fs/src/fattime.o
 .debug_aranges
                0x000001e0       0x20 Util/fat_fs/src/ff.o
 .debug_aranges
                0x00000200       0x20 Util/fat_fs/src/rtc.o
 .debug_aranges
                0x00000220       0x20 Util/fat_fs/src/sd_spi_stm32.o
 .debug_aranges
                0x00000240       0x20 Util/rprintf.o
 .debug_aranges
                0x00000260       0x20 Util/stm32_eval_spi_sd.o
 .debug_aranges
                0x00000280       0x20 adc.o
 .debug_aranges
                0x000002a0       0x20 gpio.o
 .debug_aranges
                0x000002c0       0x20 interrupts.o
 .debug_aranges
                0x000002e0       0x20 lib/CMSIS_CM3/core_cm3.o
 .debug_aranges
                0x00000300       0x28 lib/CMSIS_CM3/startup/gcc/startup_stm32f10x_md.o
 .debug_aranges
                0x00000328       0x20 lib/CMSIS_CM3/system_stm32f10x.o
 .debug_aranges
                0x00000348       0x20 main.o
 .debug_aranges
                0x00000368       0x20 pwr.o
 .debug_aranges
                0x00000388       0x20 timer.o
 .debug_aranges
                0x000003a8       0x20 usart.o

.debug_pubnames
                0x00000000     0x14af
 *(.debug_pubnames)
 .debug_pubnames
                0x00000000       0x4e Sensors/ppg.o
 .debug_pubnames
                0x0000004e       0x47 Sensors/pressure.o
 .debug_pubnames
                0x00000095       0x27 Sensors/temperature.o
 .debug_pubnames
                0x000000bc      0x113 Util/USB/hw_config.o
 .debug_pubnames
                0x000001cf       0xa5 Util/USB/mass_mal.o
 .debug_pubnames
                0x00000274       0x7f Util/USB/memory.o
 .debug_pubnames
                0x000002f3       0xd2 Util/USB/scsi_data.o
 .debug_pubnames
                0x000003c5       0xd9 Util/USB/usb_bot.o
 .debug_pubnames
                0x0000049e       0xb8 Util/USB/usb_desc.o
 .debug_pubnames
                0x00000556       0x3b Util/USB/usb_endp.o
 .debug_pubnames
                0x00000591       0x56 Util/USB/usb_istr.o
 .debug_pubnames
                0x000005e7      0x1f6 Util/USB/usb_prop.o
 .debug_pubnames
                0x000007dd       0x83 Util/USB/usb_pwr.o
 .debug_pubnames
                0x00000860      0x195 Util/USB/usb_scsi.o
 .debug_pubnames
                0x000009f5       0x48 Util/buffer.o
 .debug_pubnames
                0x00000a3d       0x31 Util/fat_fs/option/cc932.o
 .debug_pubnames
                0x00000a6e       0x22 Util/fat_fs/src/fattime.o
 .debug_pubnames
                0x00000a90      0x14a Util/fat_fs/src/ff.o
 .debug_pubnames
                0x00000bda       0x55 Util/fat_fs/src/rtc.o
 .debug_pubnames
                0x00000c2f       0x75 Util/fat_fs/src/sd_spi_stm32.o
 .debug_pubnames
                0x00000ca4       0xf9 Util/rprintf.o
 .debug_pubnames
                0x00000d9d      0x167 Util/stm32_eval_spi_sd.o
 .debug_pubnames
                0x00000f04       0x66 adc.o
 .debug_pubnames
                0x00000f6a       0x72 gpio.o
 .debug_pubnames
                0x00000fdc       0xf4 interrupts.o
 .debug_pubnames
                0x000010d0      0x159 lib/CMSIS_CM3/core_cm3.o
 .debug_pubnames
                0x00001229       0xa3 lib/CMSIS_CM3/system_stm32f10x.o
 .debug_pubnames
                0x000012cc      0x108 main.o
 .debug_pubnames
                0x000013d4       0x3c pwr.o
 .debug_pubnames
                0x00001410       0x3b timer.o
 .debug_pubnames
                0x0000144b       0x64 usart.o

.debug_info     0x00000000     0xe251
 *(.debug_info .gnu.linkonce.wi.*)
 .debug_info    0x00000000      0x29a Sensors/ppg.o
 .debug_info    0x0000029a      0x14f Sensors/pressure.o
 .debug_info    0x000003e9       0xaf Sensors/temperature.o
 .debug_info    0x00000498      0x731 Util/USB/hw_config.o
 .debug_info    0x00000bc9      0x302 Util/USB/mass_mal.o
 .debug_info    0x00000ecb      0x333 Util/USB/memory.o
 .debug_info    0x000011fe      0x16b Util/USB/scsi_data.o
 .debug_info    0x00001369      0x49d Util/USB/usb_bot.o
 .debug_info    0x00001806      0x187 Util/USB/usb_desc.o
 .debug_info    0x0000198d       0x98 Util/USB/usb_endp.o
 .debug_info    0x00001a25      0x311 Util/USB/usb_istr.o
 .debug_info    0x00001d36      0x9b4 Util/USB/usb_prop.o
 .debug_info    0x000026ea      0x3c3 Util/USB/usb_pwr.o
 .debug_info    0x00002aad      0x899 Util/USB/usb_scsi.o
 .debug_info    0x00003346      0x194 Util/buffer.o
 .debug_info    0x000034da      0x1b9 Util/fat_fs/option/cc932.o
 .debug_info    0x00003693       0x77 Util/fat_fs/option/syscall.o
 .debug_info    0x0000370a      0x15a Util/fat_fs/src/fattime.o
 .debug_info    0x00003864     0x325b Util/fat_fs/src/ff.o
 .debug_info    0x00006abf      0x532 Util/fat_fs/src/rtc.o
 .debug_info    0x00006ff1     0x183f Util/fat_fs/src/sd_spi_stm32.o
 .debug_info    0x00008830      0xe1f Util/rprintf.o
 .debug_info    0x0000964f     0x1a18 Util/stm32_eval_spi_sd.o
 .debug_info    0x0000b067      0x448 adc.o
 .debug_info    0x0000b4af      0x2bf gpio.o
 .debug_info    0x0000b76e      0xd5e interrupts.o
 .debug_info    0x0000c4cc      0x547 lib/CMSIS_CM3/core_cm3.o
 .debug_info    0x0000ca13       0x79 lib/CMSIS_CM3/startup/gcc/startup_stm32f10x_md.o
 .debug_info    0x0000ca8c      0x2d0 lib/CMSIS_CM3/system_stm32f10x.o
 .debug_info    0x0000cd5c      0xa9e main.o
 .debug_info    0x0000d7fa       0xcf pwr.o
 .debug_info    0x0000d8c9      0x53f timer.o
 .debug_info    0x0000de08      0x449 usart.o

.debug_abbrev   0x00000000     0x2d43
 *(.debug_abbrev)
 .debug_abbrev  0x00000000      0x153 Sensors/ppg.o
 .debug_abbrev  0x00000153       0xc2 Sensors/pressure.o
 .debug_abbrev  0x00000215       0x61 Sensors/temperature.o
 .debug_abbrev  0x00000276      0x2d3 Util/USB/hw_config.o
 .debug_abbrev  0x00000549      0x111 Util/USB/mass_mal.o
 .debug_abbrev  0x0000065a      0x110 Util/USB/memory.o
 .debug_abbrev  0x0000076a       0x5c Util/USB/scsi_data.o
 .debug_abbrev  0x000007c6      0x198 Util/USB/usb_bot.o
 .debug_abbrev  0x0000095e       0x63 Util/USB/usb_desc.o
 .debug_abbrev  0x000009c1       0x41 Util/USB/usb_endp.o
 .debug_abbrev  0x00000a02      0x113 Util/USB/usb_istr.o
 .debug_abbrev  0x00000b15      0x1d0 Util/USB/usb_prop.o
 .debug_abbrev  0x00000ce5      0x1bd Util/USB/usb_pwr.o
 .debug_abbrev  0x00000ea2      0x253 Util/USB/usb_scsi.o
 .debug_abbrev  0x000010f5       0xc1 Util/buffer.o
 .debug_abbrev  0x000011b6       0xd2 Util/fat_fs/option/cc932.o
 .debug_abbrev  0x00001288       0x2c Util/fat_fs/option/syscall.o
 .debug_abbrev  0x000012b4       0x97 Util/fat_fs/src/fattime.o
 .debug_abbrev  0x0000134b      0x2f7 Util/fat_fs/src/ff.o
 .debug_abbrev  0x00001642      0x213 Util/fat_fs/src/rtc.o
 .debug_abbrev  0x00001855      0x34b Util/fat_fs/src/sd_spi_stm32.o
 .debug_abbrev  0x00001ba0      0x2e4 Util/rprintf.o
 .debug_abbrev  0x00001e84      0x2e8 Util/stm32_eval_spi_sd.o
 .debug_abbrev  0x0000216c      0x143 adc.o
 .debug_abbrev  0x000022af      0x143 gpio.o
 .debug_abbrev  0x000023f2      0x27d interrupts.o
 .debug_abbrev  0x0000266f       0xc1 lib/CMSIS_CM3/core_cm3.o
 .debug_abbrev  0x00002730       0x12 lib/CMSIS_CM3/startup/gcc/startup_stm32f10x_md.o
 .debug_abbrev  0x00002742      0x112 lib/CMSIS_CM3/system_stm32f10x.o
 .debug_abbrev  0x00002854      0x1d7 main.o
 .debug_abbrev  0x00002a2b       0x79 pwr.o
 .debug_abbrev  0x00002aa4      0x119 timer.o
 .debug_abbrev  0x00002bbd      0x186 usart.o

.debug_line     0x00000000     0xae9c
 *(.debug_line)
 .debug_line    0x00000000      0x635 Sensors/ppg.o
 .debug_line    0x00000635      0x311 Sensors/pressure.o
 .debug_line    0x00000946      0x2eb Sensors/temperature.o
 .debug_line    0x00000c31      0x5e6 Util/USB/hw_config.o
 .debug_line    0x00001217      0x558 Util/USB/mass_mal.o
 .debug_line    0x0000176f      0x454 Util/USB/memory.o
 .debug_line    0x00001bc3      0x323 Util/USB/scsi_data.o
 .debug_line    0x00001ee6      0x546 Util/USB/usb_bot.o
 .debug_line    0x0000242c      0x2d7 Util/USB/usb_desc.o
 .debug_line    0x00002703      0x3a4 Util/USB/usb_endp.o
 .debug_line    0x00002aa7      0x3df Util/USB/usb_istr.o
 .debug_line    0x00002e86      0x493 Util/USB/usb_prop.o
 .debug_line    0x00003319      0x43c Util/USB/usb_pwr.o
 .debug_line    0x00003755      0x63d Util/USB/usb_scsi.o
 .debug_line    0x00003d92      0x4a4 Util/buffer.o
 .debug_line    0x00004236       0xd8 Util/fat_fs/option/cc932.o
 .debug_line    0x0000430e      0x2fc Util/fat_fs/option/syscall.o
 .debug_line    0x0000460a      0x179 Util/fat_fs/src/fattime.o
 .debug_line    0x00004783     0x1c86 Util/fat_fs/src/ff.o
 .debug_line    0x00006409      0x469 Util/fat_fs/src/rtc.o
 .debug_line    0x00006872      0x830 Util/fat_fs/src/sd_spi_stm32.o
 .debug_line    0x000070a2      0xcbe Util/rprintf.o
 .debug_line    0x00007d60      0x98f Util/stm32_eval_spi_sd.o
 .debug_line    0x000086ef      0x51f adc.o
 .debug_line    0x00008c0e      0x3e2 gpio.o
 .debug_line    0x00008ff0      0x6ec interrupts.o
 .debug_line    0x000096dc      0x198 lib/CMSIS_CM3/core_cm3.o
 .debug_line    0x00009874       0x84 lib/CMSIS_CM3/startup/gcc/startup_stm32f10x_md.o
 .debug_line    0x000098f8      0x320 lib/CMSIS_CM3/system_stm32f10x.o
 .debug_line    0x00009c18      0x709 main.o
 .debug_line    0x0000a321      0x2dd pwr.o
 .debug_line    0x0000a5fe      0x346 timer.o
 .debug_line    0x0000a944      0x558 usart.o

.debug_frame    0x00000000     0x1dc4
 *(.debug_frame)
 .debug_frame   0x00000000       0x68 Sensors/ppg.o
 .debug_frame   0x00000068       0x60 Sensors/pressure.o
 .debug_frame   0x000000c8       0x28 Sensors/temperature.o
 .debug_frame   0x000000f0       0xec Util/USB/hw_config.o
 .debug_frame   0x000001dc       0x80 Util/USB/mass_mal.o
 .debug_frame   0x0000025c       0x50 Util/USB/memory.o
 .debug_frame   0x000002ac       0xc0 Util/USB/usb_bot.o
 .debug_frame   0x0000036c       0x30 Util/USB/usb_endp.o
 .debug_frame   0x0000039c       0x2c Util/USB/usb_istr.o
 .debug_frame   0x000003c8      0x11c Util/USB/usb_prop.o
 .debug_frame   0x000004e4       0x94 Util/USB/usb_pwr.o
 .debug_frame   0x00000578      0x180 Util/USB/usb_scsi.o
 .debug_frame   0x000006f8       0x64 Util/buffer.o
 .debug_frame   0x0000075c       0x3c Util/fat_fs/option/cc932.o
 .debug_frame   0x00000798       0x2c Util/fat_fs/src/fattime.o
 .debug_frame   0x000007c4      0x564 Util/fat_fs/src/ff.o
 .debug_frame   0x00000d28       0x84 Util/fat_fs/src/rtc.o
 .debug_frame   0x00000dac      0x12c Util/fat_fs/src/sd_spi_stm32.o
 .debug_frame   0x00000ed8      0x1d4 Util/rprintf.o
 .debug_frame   0x000010ac      0x25c Util/stm32_eval_spi_sd.o
 .debug_frame   0x00001308       0x78 adc.o
 .debug_frame   0x00001380       0x78 gpio.o
 .debug_frame   0x000013f8      0x114 interrupts.o
 .debug_frame   0x0000150c      0x170 lib/CMSIS_CM3/core_cm3.o
 .debug_frame   0x0000167c       0x24 lib/CMSIS_CM3/system_stm32f10x.o
 .debug_frame   0x000016a0       0x70 main.o
 .debug_frame   0x00001710       0x50 pwr.o
 .debug_frame   0x00001760       0x68 timer.o
 .debug_frame   0x000017c8       0x78 usart.o
 .debug_frame   0x00001840       0x30 /home/laurence/CodeSourcery/Sourcery_G++_Lite/bin/../lib/gcc/arm-none-eabi/4.5.2/../../../../arm-none-eabi/lib/thumb2/libm.a(lib_a-s_sin.o)
 .debug_frame   0x00001870       0x34 /home/laurence/CodeSourcery/Sourcery_G++_Lite/bin/../lib/gcc/arm-none-eabi/4.5.2/../../../../arm-none-eabi/lib/thumb2/libm.a(lib_a-w_asin.o)
 .debug_frame   0x000018a4       0x38 /home/laurence/CodeSourcery/Sourcery_G++_Lite/bin/../lib/gcc/arm-none-eabi/4.5.2/../../../../arm-none-eabi/lib/thumb2/libm.a(lib_a-w_sqrt.o)
 .debug_frame   0x000018dc       0x3c /home/laurence/CodeSourcery/Sourcery_G++_Lite/bin/../lib/gcc/arm-none-eabi/4.5.2/../../../../arm-none-eabi/lib/thumb2/libm.a(lib_a-e_asin.o)
 .debug_frame   0x00001918       0x3c /home/laurence/CodeSourcery/Sourcery_G++_Lite/bin/../lib/gcc/arm-none-eabi/4.5.2/../../../../arm-none-eabi/lib/thumb2/libm.a(lib_a-e_rem_pio2.o)
 .debug_frame   0x00001954       0x34 /home/laurence/CodeSourcery/Sourcery_G++_Lite/bin/../lib/gcc/arm-none-eabi/4.5.2/../../../../arm-none-eabi/lib/thumb2/libm.a(lib_a-e_sqrt.o)
 .debug_frame   0x00001988       0x3c /home/laurence/CodeSourcery/Sourcery_G++_Lite/bin/../lib/gcc/arm-none-eabi/4.5.2/../../../../arm-none-eabi/lib/thumb2/libm.a(lib_a-k_cos.o)
 .debug_frame   0x000019c4       0x3c /home/laurence/CodeSourcery/Sourcery_G++_Lite/bin/../lib/gcc/arm-none-eabi/4.5.2/../../../../arm-none-eabi/lib/thumb2/libm.a(lib_a-k_rem_pio2.o)
 .debug_frame   0x00001a00       0x3c /home/laurence/CodeSourcery/Sourcery_G++_Lite/bin/../lib/gcc/arm-none-eabi/4.5.2/../../../../arm-none-eabi/lib/thumb2/libm.a(lib_a-k_sin.o)
 .debug_frame   0x00001a3c       0x20 /home/laurence/CodeSourcery/Sourcery_G++_Lite/bin/../lib/gcc/arm-none-eabi/4.5.2/../../../../arm-none-eabi/lib/thumb2/libm.a(lib_a-s_fabs.o)
 .debug_frame   0x00001a5c       0x34 /home/laurence/CodeSourcery/Sourcery_G++_Lite/bin/../lib/gcc/arm-none-eabi/4.5.2/../../../../arm-none-eabi/lib/thumb2/libm.a(lib_a-s_floor.o)
 .debug_frame   0x00001a90       0x28 /home/laurence/CodeSourcery/Sourcery_G++_Lite/bin/../lib/gcc/arm-none-eabi/4.5.2/../../../../arm-none-eabi/lib/thumb2/libm.a(lib_a-s_fpclassify.o)
 .debug_frame   0x00001ab8       0x20 /home/laurence/CodeSourcery/Sourcery_G++_Lite/bin/../lib/gcc/arm-none-eabi/4.5.2/../../../../arm-none-eabi/lib/thumb2/libm.a(lib_a-s_matherr.o)
 .debug_frame   0x00001ad8       0x20 /home/laurence/CodeSourcery/Sourcery_G++_Lite/bin/../lib/gcc/arm-none-eabi/4.5.2/../../../../arm-none-eabi/lib/thumb2/libm.a(lib_a-s_nan.o)
 .debug_frame   0x00001af8       0x30 /home/laurence/CodeSourcery/Sourcery_G++_Lite/bin/../lib/gcc/arm-none-eabi/4.5.2/../../../../arm-none-eabi/lib/thumb2/libm.a(lib_a-s_scalbn.o)
 .debug_frame   0x00001b28       0x28 /home/laurence/CodeSourcery/Sourcery_G++_Lite/bin/../lib/gcc/arm-none-eabi/4.5.2/../../../../arm-none-eabi/lib/thumb2/libm.a(lib_a-s_copysign.o)
 .debug_frame   0x00001b50       0x20 /home/laurence/CodeSourcery/Sourcery_G++_Lite/bin/../lib/gcc/arm-none-eabi/4.5.2/thumb2/libgcc.a(_divsi3.o)
 .debug_frame   0x00001b70       0x20 /home/laurence/CodeSourcery/Sourcery_G++_Lite/bin/../lib/gcc/arm-none-eabi/4.5.2/../../../../arm-none-eabi/lib/thumb2/libc.a(lib_a-errno.o)
 .debug_frame   0x00001b90       0x30 /home/laurence/CodeSourcery/Sourcery_G++_Lite/bin/../lib/gcc/arm-none-eabi/4.5.2/../../../../arm-none-eabi/lib/thumb2/libc.a(lib_a-malloc.o)
 .debug_frame   0x00001bc0       0x3c /home/laurence/CodeSourcery/Sourcery_G++_Lite/bin/../lib/gcc/arm-none-eabi/4.5.2/../../../../arm-none-eabi/lib/thumb2/libc.a(lib_a-mallocr.o)
 .debug_frame   0x00001bfc       0x30 /home/laurence/CodeSourcery/Sourcery_G++_Lite/bin/../lib/gcc/arm-none-eabi/4.5.2/../../../../arm-none-eabi/lib/thumb2/libc.a(lib_a-mlock.o)
 .debug_frame   0x00001c2c       0x2c /home/laurence/CodeSourcery/Sourcery_G++_Lite/bin/../lib/gcc/arm-none-eabi/4.5.2/../../../../arm-none-eabi/lib/thumb2/libc.a(lib_a-sbrkr.o)
 .debug_frame   0x00001c58       0x20 /home/laurence/CodeSourcery/Sourcery_G++_Lite/bin/../lib/gcc/arm-none-eabi/4.5.2/../../../../arm-none-eabi/lib/thumb2/libc.a(lib_a-strlen.o)
 .debug_frame   0x00001c78       0x50 /home/laurence/CodeSourcery/Sourcery_G++_Lite/bin/../lib/gcc/arm-none-eabi/4.5.2/../../../../arm-none-eabi/lib/thumb2/libc.a(lib_a-freer.o)
 .debug_frame   0x00001cc8       0x68 /home/laurence/CodeSourcery/Sourcery_G++_Lite/bin/../lib/gcc/arm-none-eabi/4.5.2/../../../../arm-none-eabi/lib/thumb2/libc.a(lib_a-reent.o)
 .debug_frame   0x00001d30       0x40 /home/laurence/CodeSourcery/Sourcery_G++_Lite/bin/../lib/gcc/arm-none-eabi/4.5.2/../../../../arm-none-eabi/lib/thumb2/libcs3.a(start_c.o)
 .debug_frame   0x00001d70       0x28 /home/laurence/CodeSourcery/Sourcery_G++_Lite/bin/../lib/gcc/arm-none-eabi/4.5.2/../../../../arm-none-eabi/lib/thumb2/libcs3unhosted.a(unhosted-sbrk.o)
 .debug_frame   0x00001d98       0x2c /home/laurence/CodeSourcery/Sourcery_G++_Lite/bin/../lib/gcc/arm-none-eabi/4.5.2/../../../../arm-none-eabi/lib/thumb2/libc.a(lib_a-init.o)

.debug_str      0x00000000     0x2ea6
 *(.debug_str)
 .debug_str     0x00000000      0x144 Sensors/ppg.o
                                0x1a8 (size before relaxing)
 .debug_str     0x00000144       0x55 Sensors/pressure.o
                                0x12d (size before relaxing)
 .debug_str     0x00000199       0x2e Sensors/temperature.o
                                 0xf0 (size before relaxing)
 .debug_str     0x000001c7      0x637 Util/USB/hw_config.o
                                0x742 (size before relaxing)
 .debug_str     0x000007fe       0xad Util/USB/mass_mal.o
                                0x1b6 (size before relaxing)
 .debug_str     0x000008ab       0xd0 Util/USB/memory.o
                                0x200 (size before relaxing)
 .debug_str     0x0000097b       0xa5 Util/USB/scsi_data.o
                                0x170 (size before relaxing)
 .debug_str     0x00000a20       0xd6 Util/USB/usb_bot.o
                                0x22f (size before relaxing)
 .debug_str     0x00000af6       0x8c Util/USB/usb_desc.o
                                0x159 (size before relaxing)
 .debug_str     0x00000b82       0x35 Util/USB/usb_endp.o
                                 0xe8 (size before relaxing)
 .debug_str     0x00000bb7      0x1bf Util/USB/usb_istr.o
                                0x2dd (size before relaxing)
 .debug_str     0x00000d76      0x334 Util/USB/usb_prop.o
                                0x7e5 (size before relaxing)
 .debug_str     0x000010aa       0x6c Util/USB/usb_pwr.o
                                0x2c2 (size before relaxing)
 .debug_str     0x00001116      0x197 Util/USB/usb_scsi.o
                                0x39c (size before relaxing)
 .debug_str     0x000012ad       0x38 Util/buffer.o
                                0x134 (size before relaxing)
 .debug_str     0x000012e5       0x5a Util/fat_fs/option/cc932.o
                                 0xe1 (size before relaxing)
 .debug_str     0x0000133f       0x1d Util/fat_fs/option/syscall.o
                                 0xd5 (size before relaxing)
 .debug_str     0x0000135c       0x47 Util/fat_fs/src/fattime.o
                                0x11a (size before relaxing)
 .debug_str     0x000013a3      0x4c5 Util/fat_fs/src/ff.o
                                0x5c2 (size before relaxing)
 .debug_str     0x00001868       0xa8 Util/fat_fs/src/rtc.o
                                0x1aa (size before relaxing)
 .debug_str     0x00001910      0x51f Util/fat_fs/src/sd_spi_stm32.o
                                0x691 (size before relaxing)
 .debug_str     0x00001e2f      0x134 Util/rprintf.o
                                0x22e (size before relaxing)
 .debug_str     0x00001f63      0x4ea Util/stm32_eval_spi_sd.o
                                0x84c (size before relaxing)
 .debug_str     0x0000244d      0x12d adc.o
                                0x313 (size before relaxing)
 .debug_str     0x0000257a       0x4f gpio.o
                                0x272 (size before relaxing)
 .debug_str     0x000025c9      0x2e4 interrupts.o
                                0x8cb (size before relaxing)
 .debug_str     0x000028ad      0x13d lib/CMSIS_CM3/core_cm3.o
                                0x22f (size before relaxing)
 .debug_str     0x000029ea      0x12d lib/CMSIS_CM3/system_stm32f10x.o
                                0x20a (size before relaxing)
 .debug_str     0x00002b17      0x12f main.o