Archive member included because of file (symbol)

lib/STM32F10x_StdPeriph_Driver/libstm32fw.a(misc.o)
                              Util/USB/hw_config.o (NVIC_PriorityGroupConfig)
lib/STM32F10x_StdPeriph_Driver/libstm32fw.a(stm32f10x_adc.o)
                              adc.o (ADC_DeInit)
lib/STM32F10x_StdPeriph_Driver/libstm32fw.a(stm32f10x_bkp.o)
                              Util/fat_fs/src/rtc.o (BKP_DeInit)
lib/STM32F10x_StdPeriph_Driver/libstm32fw.a(stm32f10x_dbgmcu.o)
                              main.o (DBGMCU_Config)
lib/STM32F10x_StdPeriph_Driver/libstm32fw.a(stm32f10x_dma.o)
                              Util/fat_fs/src/sd_spi_stm32.o (DMA_DeInit)
lib/STM32F10x_StdPeriph_Driver/libstm32fw.a(stm32f10x_exti.o)
                              interrupts.o (EXTI_DeInit)
lib/STM32F10x_StdPeriph_Driver/libstm32fw.a(stm32f10x_gpio.o)
                              Util/fat_fs/src/sd_spi_stm32.o (GPIO_Init)
lib/STM32F10x_StdPeriph_Driver/libstm32fw.a(stm32f10x_i2c.o)
                              i2c_int.o (I2C_DeInit)
lib/STM32F10x_StdPeriph_Driver/libstm32fw.a(stm32f10x_iwdg.o)
                              watchdog.o (IWDG_WriteAccessCmd)
lib/STM32F10x_StdPeriph_Driver/libstm32fw.a(stm32f10x_pwr.o)
                              pwr.o (PWR_DeInit)
lib/STM32F10x_StdPeriph_Driver/libstm32fw.a(stm32f10x_rcc.o)
                              interrupts.o (RCC_HCLKConfig)
lib/STM32F10x_StdPeriph_Driver/libstm32fw.a(stm32f10x_rtc.o)
                              Util/fat_fs/src/rtc.o (RTC_GetCounter)
lib/STM32F10x_StdPeriph_Driver/libstm32fw.a(stm32f10x_spi.o)
                              Util/fat_fs/src/sd_spi_stm32.o (SPI_I2S_DeInit)
lib/STM32F10x_StdPeriph_Driver/libstm32fw.a(stm32f10x_tim.o)
                              timer.o (TIM_DeInit)
lib/STM32F10x_StdPeriph_Driver/libstm32fw.a(stm32f10x_usart.o)
                              usart.o (USART_Init)
lib/STM32_USB-FS-Device_Driver/libstm32usb.a(usb_core.o)
                              Util/USB/usb_prop.o (Standard_GetDescriptorData)
lib/STM32_USB-FS-Device_Driver/libstm32usb.a(usb_init.o)
                              main.o (USB_Init)
lib/STM32_USB-FS-Device_Driver/libstm32usb.a(usb_int.o)
                              Util/USB/usb_istr.o (CTR_LP)
lib/STM32_USB-FS-Device_Driver/libstm32usb.a(usb_mem.o)
                              lib/STM32_USB-FS-Device_Driver/libstm32usb.a(usb_core.o) (UserToPMABufferCopy)
lib/STM32_USB-FS-Device_Driver/libstm32usb.a(usb_regs.o)
                              Util/USB/usb_prop.o (SetBTABLE)
lib/STM32_USB-FS-Device_Driver/libstm32usb.a(usb_sil.o)
                              Util/USB/usb_prop.o (USB_SIL_Init)
/home/laurence/CodeSourcery/Sourcery_G++_Lite/bin/../lib/gcc/arm-none-eabi/4.5.2/../../../../arm-none-eabi/lib/thumb2/libm.a(lib_a-sf_sin.o)
                              Sensors/ppg_new.o (sinf)
/home/laurence/CodeSourcery/Sourcery_G++_Lite/bin/../lib/gcc/arm-none-eabi/4.5.2/../../../../arm-none-eabi/lib/thumb2/libm.a(lib_a-wf_asin.o)
                              Sensors/ppg_new.o (asinf)
/home/laurence/CodeSourcery/Sourcery_G++_Lite/bin/../lib/gcc/arm-none-eabi/4.5.2/../../../../arm-none-eabi/lib/thumb2/libm.a(lib_a-wf_sqrt.o)
                              Sensors/ppg_new.o (sqrtf)
/home/laurence/CodeSourcery/Sourcery_G++_Lite/bin/../lib/gcc/arm-none-eabi/4.5.2/../../../../arm-none-eabi/lib/thumb2/libm.a(lib_a-ef_asin.o)
                              /home/laurence/CodeSourcery/Sourcery_G++_Lite/bin/../lib/gcc/arm-none-eabi/4.5.2/../../../../arm-none-eabi/lib/thumb2/libm.a(lib_a-wf_asin.o) (__ieee754_asinf)
/home/laurence/CodeSourcery/Sourcery_G++_Lite/bin/../lib/gcc/arm-none-eabi/4.5.2/../../../../arm-none-eabi/lib/thumb2/libm.a(lib_a-ef_rem_pio2.o)
                              /home/laurence/CodeSourcery/Sourcery_G++_Lite/bin/../lib/gcc/arm-none-eabi/4.5.2/../../../../arm-none-eabi/lib/thumb2/libm.a(lib_a-sf_sin.o) (__ieee754_rem_pio2f)
/home/laurence/CodeSourcery/Sourcery_G++_Lite/bin/../lib/gcc/arm-none-eabi/4.5.2/../../../../arm-none-eabi/lib/thumb2/libm.a(lib_a-ef_sqrt.o)
                              /home/laurence/CodeSourcery/Sourcery_G++_Lite/bin/../lib/gcc/arm-none-eabi/4.5.2/../../../../arm-none-eabi/lib/thumb2/libm.a(lib_a-wf_sqrt.o) (__ieee754_sqrtf)
/home/laurence/CodeSourcery/Sourcery_G++_Lite/bin/../lib/gcc/arm-none-eabi/4.5.2/../../../../arm-none-eabi/lib/thumb2/libm.a(lib_a-kf_cos.o)
                              /home/laurence/CodeSourcery/Sourcery_G++_Lite/bin/../lib/gcc/arm-none-eabi/4.5.2/../../../../arm-none-eabi/lib/thumb2/libm.a(lib_a-sf_sin.o) (__kernel_cosf)
/home/laurence/CodeSourcery/Sourcery_G++_Lite/bin/../lib/gcc/arm-none-eabi/4.5.2/../../../../arm-none-eabi/lib/thumb2/libm.a(lib_a-kf_rem_pio2.o)
                              /home/laurence/CodeSourcery/Sourcery_G++_Lite/bin/../lib/gcc/arm-none-eabi/4.5.2/../../../../arm-none-eabi/lib/thumb2/libm.a(lib_a-ef_rem_pio2.o) (__kernel_rem_pio2f)
[...]
Memory Configuration

Name             Origin             Length             Attributes
ram              0x20000000         0x00005000         xrw
rom              0x08000000         0x00020000         xr
*default*        0x00000000         0xffffffff

Linker script and memory map

LOAD /home/laurence/CodeSourcery/Sourcery_G++_Lite/bin/../lib/gcc/arm-none-eabi/4.5.2/thumb2/crti.o
LOAD /home/laurence/CodeSourcery/Sourcery_G++_Lite/bin/../lib/gcc/arm-none-eabi/4.5.2/thumb2/crtbegin.o
LOAD Sensors/ppg_new.o
LOAD Sensors/pressure.o
LOAD Sensors/temperature.o
LOAD Util/USB/hw_config.o
LOAD Util/USB/mass_mal.o
LOAD Util/USB/memory.o
LOAD Util/USB/scsi_data.o
LOAD Util/USB/usb_bot.o
LOAD Util/USB/usb_desc.o
LOAD Util/USB/usb_endp.o
LOAD Util/USB/usb_istr.o
LOAD Util/USB/usb_prop.o
LOAD Util/USB/usb_pwr.o
LOAD Util/USB/usb_scsi.o
LOAD Util/buffer.o
LOAD Util/delay.o
LOAD Util/fat_fs/option/cc932.o
LOAD Util/fat_fs/option/syscall.o
LOAD Util/fat_fs/src/fattime.o
LOAD Util/fat_fs/src/ff.o
LOAD Util/fat_fs/src/rtc.o
LOAD Util/fat_fs/src/sd_spi_stm32.o
LOAD Util/rprintf.o
LOAD Util/stm32_eval_spi_sd.o
LOAD adc.o
LOAD gpio.o
LOAD i2c_int.o
LOAD interrupts.o
LOAD lib/CMSIS_CM3/core_cm3.o
LOAD lib/CMSIS_CM3/startup/gcc/startup_stm32f10x_md.o
LOAD lib/CMSIS_CM3/system_stm32f10x.o
LOAD main.o
LOAD pwr.o
LOAD timer.o
LOAD usart.o
LOAD watchdog.o
LOAD lib/STM32F10x_StdPeriph_Driver/libstm32fw.a
LOAD lib/STM32_USB-FS-Device_Driver/libstm32usb.a
LOAD /home/laurence/CodeSourcery/Sourcery_G++_Lite/bin/../lib/gcc/arm-none-eabi/4.5.2/../../../../arm-none-eabi/lib/thumb2/libm.a
START GROUP
LOAD /home/laurence/CodeSourcery/Sourcery_G++_Lite/bin/../lib/gcc/arm-none-eabi/4.5.2/thumb2/libgcc.a
LOAD /home/laurence/CodeSourcery/Sourcery_G++_Lite/bin/../lib/gcc/arm-none-eabi/4.5.2/../../../../arm-none-eabi/lib/thumb2/libc.a
END GROUP
LOAD /home/laurence/CodeSourcery/Sourcery_G++_Lite/bin/../lib/gcc/arm-none-eabi/4.5.2/thumb2/crtend.o
LOAD /home/laurence/CodeSourcery/Sourcery_G++_Lite/bin/../lib/gcc/arm-none-eabi/4.5.2/thumb2/crtn.o
START GROUP
LOAD /home/laurence/CodeSourcery/Sourcery_G++_Lite/bin/../lib/gcc/arm-none-eabi/4.5.2/thumb2/libgcc.a
LOAD /home/laurence/CodeSourcery/Sourcery_G++_Lite/bin/../lib/gcc/arm-none-eabi/4.5.2/../../../../arm-none-eabi/lib/thumb2/libc.a
LOAD /home/laurence/CodeSourcery/Sourcery_G++_Lite/bin/../lib/gcc/arm-none-eabi/4.5.2/../../../../arm-none-eabi/lib/thumb2/libcs3.a
LOAD /home/laurence/CodeSourcery/Sourcery_G++_Lite/bin/../lib/gcc/arm-none-eabi/4.5.2/../../../../arm-none-eabi/lib/thumb2/libcs3unhosted.a
LOAD lib/libcs3-lanchon-stm32.a
END GROUP
                0x20005000                PROVIDE (__cs3_stack, (__cs3_region_start_ram + __cs3_region_size_ram))
                0x20001000                PROVIDE (__cs3_heap_start, _end)
                0x20005000                PROVIDE (__cs3_heap_end, (__cs3_region_start_ram + __cs3_region_size_ram))

.text           0x08000000    0x1b7b4
 CREATE_OBJECT_SYMBOLS
                0x08000000                __cs3_region_start_rom = .
 *(.cs3.region-head.rom)
                0x08000000                __cs3_interrupt_vector = __cs3_interrupt_vector_lanchon_stm32
 *(.cs3.interrupt_vector)
 .cs3.interrupt_vector
                0x08000000       0xec lib/libcs3-lanchon-stm32.a(lanchon-stm32-vector.o)
                0x08000000                __cs3_interrupt_vector_lanchon_stm32
                0x08000001                ASSERT ((. != __cs3_interrupt_vector_lanchon_stm32), No interrupt vector)
 *(.rom)
 *(.rom.b)
                0x08013908                PROVIDE (__cs3_reset_lanchon_stm32, _start)
                0x08013908                __cs3_reset = __cs3_reset_lanchon_stm32
 *(.cs3.reset)
 *(.text .text.* .gnu.linkonce.t.*)
 .text          0x080000ec       0x30 /home/laurence/CodeSourcery/Sourcery_G++_Lite/bin/../lib/gcc/arm-none-eabi/4.5.2/thumb2/crtbegin.o
 *fill*         0x0800011c        0x4 00
 .text          0x08000120      0x5d0 Sensors/ppg_new.o
                0x08000120                PPG_LO_Filter
                0x08000404                PPG_Automatic_Brightness_Control
                0x08000628                PPG_correct_brightness
                0x080006b8                PWM_Linear
 .text          0x080006f0      0x258 Sensors/pressure.o
                0x080006f0                calibrate_sensor
                0x0800073c                conv_adc_diff
                0x08000774                conv_diff
                0x080007a4                filterloop
 .text          0x08000948       0x50 Sensors/temperature.o
                0x08000948                convert_die_temp
                0x08000964                convert_tmp102_temp
 .text          0x08000998      0x2a0 Util/USB/hw_config.o
                0x08000998                Set_System
                0x080009a0                Set_USBClock
                0x080009b8                Enter_LowPowerMode
                0x080009c4                Leave_LowPowerMode
                0x080009e4                USB_Interrupts_Config
                0x08000a28                Led_RW_ON
                0x08000a38                Led_RW_OFF
                0x08000a48                USB_Configured_LED
                0x08000a58                USB_NotConfigured_LED
                0x08000a68                USB_Cable_Config
                0x08000a6c                Get_SerialNum
                0x08000c30                MAL_Config
 .text          0x08000c38       0xe4 Util/USB/mass_mal.o
                0x08000c38                MAL_Init
                0x08000c84                MAL_Write
                0x08000ca8                MAL_Read
                0x08000ccc                MAL_GetStatus
 .text          0x08000d1c      0x1d8 Util/USB/memory.o
                0x08000d1c                Read_Memory
                0x08000e00                Write_Memory
 .text          0x08000ef4      0x628 Util/USB/usb_bot.o
                0x08000ef4                Mass_Storage_In
                0x08000f7c                CBW_Decode
                0x080013dc                Mass_Storage_Out
                0x0800146c                Transfer_Data_Request
                0x080014a0                Set_CSW
                0x080014dc                Bot_Abort
 .text          0x0800151c        0x8 Util/USB/usb_endp.o
                0x0800151c                EP1_IN_Callback
                0x08001520                EP2_OUT_Callback
 .text          0x08001524       0xf0 Util/USB/usb_istr.o
                0x08001524                USB_Istr
 .text          0x08001614      0x268 Util/USB/usb_prop.o
                0x08001614                Mass_Storage_SetDeviceAddress
                0x08001620                MASS_Status_In
                0x08001624                MASS_Status_Out
                0x08001628                MASS_Get_Interface_Setting
                0x08001638                Get_Max_Lun
                0x08001650                MASS_Data_Setup
                0x08001694                MASS_GetStringDescriptor
                0x080016b4                MASS_GetConfigDescriptor
                0x080016c0                MASS_GetDeviceDescriptor
                0x080016cc                MASS_NoData_Setup
                0x0800171c                Mass_Storage_SetConfiguration
                0x0800174c                Mass_Storage_ClearFeature
                0x08001768                MASS_Reset
                0x08001858                MASS_init
 .text          0x0800187c      0x1c8 Util/USB/usb_pwr.o
                0x0800187c                PowerOn
                0x080018ac                PowerOff
                0x080018d0                Suspend
                0x08001914                Resume_Init
                0x08001954                Resume
 .text          0x08001a44      0x460 Util/USB/usb_scsi.o
                0x08001a44                SCSI_Inquiry_Cmd
                0x08001a7c                SCSI_ReadFormatCapacity_Cmd
                0x08001af0                SCSI_ReadCapacity10_Cmd
                0x08001b6c                SCSI_ModeSense6_Cmd
                0x08001b78                SCSI_ModeSense10_Cmd
                0x08001b84                SCSI_RequestSense_Cmd
                0x08001b9c                Set_Scsi_Sense_Data
                0x08001ba8                SCSI_Start_Stop_Unit_Cmd
                0x08001bb0                SCSI_Read10_Cmd
                0x08001c60                SCSI_Write10_Cmd
                0x08001d0c                SCSI_Verify10_Cmd
                0x08001d4c                SCSI_Valid_Cmd
                0x08001d84                SCSI_TestUnitReady_Cmd
                0x08001db8                SCSI_Format_Cmd
                0x08001de4                SCSI_Invalid_Cmd
                0x08001e20                SCSI_Address_Management
 .text          0x08001ea4       0x84 Util/buffer.o
                0x08001ea4                Add_To_Buffer
                0x08001ed8                Get_From_Buffer
                0x08001f0c                Empty_Buffer
                0x08001f14                init_buffer
 .text          0x08001f28       0x34 Util/delay.o
                0x08001f28                Delay
 .text          0x08001f5c      0x25c Util/fat_fs/option/cc932.o
                0x08001f5c                ff_convert
                0x08002188                ff_wtoupper
 .text          0x080021b8       0x48 Util/fat_fs/src/fattime.o
                0x080021b8                get_fattime
 .text          0x08002200     0x643c Util/fat_fs/src/ff.o
                0x08002ae8                clust2sect
                0x08002b04                get_fat
                0x080030a8                put_fat
                0x08004e4c                gen_numname
                0x08005ae4                f_mount
                0x08005b04                f_open
                0x08005f70                f_read
                0x08006358                f_write
                0x0800678c                f_sync
                0x08006964                f_close
                0x08006974                f_lseek
                0x08006b40                f_opendir
                0x08006bac                f_readdir
                0x08006c20                f_stat
                0x08006c68                f_getfree
                0x08006ecc                f_truncate
                0x0800703c                f_unlink
                0x08007154                f_mkdir
                0x0800757c                f_chmod
                0x080075d8                f_utime
                0x08007638                f_rename
                0x080078f8                f_gets
                0x08007a14                f_putc
                0x08007a38                f_puts
                0x08007a74                f_printf
 .text          0x0800863c      0x484 Util/fat_fs/src/rtc.o
                0x0800863c                rtc_gettime
                0x080087bc                my_RTC_SetCounter
                0x080087e0                rtc_settime
                0x08008a14                rtc_init
 .text          0x08008ac0      0xf98 Util/fat_fs/src/sd_spi_stm32.o
                0x08008eec                disk_initialize
                0x08009094                disk_status
                0x080090a4                disk_read
                0x08009220                disk_write
                0x080093c0                disk_ioctl
                0x08009a1c                disk_timerproc
 .text          0x08009a58     0x182c Util/rprintf.o
                0x08009a58                rprintfInit
                0x08009a64                rprintfChar
                0x08009a8c                rprintfStr
                0x08009ac4                rprintfStrLen
                0x08009c88                rprintfCRLF
                0x08009ca0                rprintfu04
                0x08009ccc                rprintfu08
                0x08009d14                rprintfu16
                0x08009db0                rprintfu32
                0x08009efc                rprintfNum
                0x0800a16c                rprintfFloat
                0x0800a430                rprintf2RamRom
                0x0800b22c                Isdigit
                0x0800b23c                atoiRamRom
                0x0800b274                rStrLen
 .text          0x0800b284      0x240 adc.o
                0x0800b284                ADC_Configuration
                0x0800b444                readADC2
                0x0800b47c                setADC2
                0x0800b49c                getADC2
 .text          0x0800b4c4      0x24c gpio.o
                0x0800b4c4                setup_gpio
                0x0800b684                switch_leds_on
                0x0800b6ac                switch_leds_off
                0x0800b6d4                red_flash
                0x0800b704                get_wkup
 .text          0x0800b710      0x884 i2c_int.o
                0x0800b710                I2C1_EV_IRQHandler
                0x0800bca8                I2C1_Request_Job
                0x0800bcfc                I2C1_Setup_Job
                0x0800bd10                I2C_Config
                0x0800be98                I2C1_ER_IRQHandler
 *fill*         0x0800bf94        0x4 00
 .text          0x0800bf98      0x628 interrupts.o
                0x0800bf98                ISR_Config
                0x0800c014                EXTI_ONOFF_EN
                0x0800c074                DMA_ISR_Config
                0x0800c098                SysTick_Configuration
                0x0800c0d0                EXTI0_IRQHandler
                0x0800c160                DMAChannel1_IRQHandler
                0x0800c218                ADC1_2_IRQHandler
                0x0800c2ac                SysTickHandler
                0x0800c5a4                USB_HP_CAN_TX_IRQHandler
                0x0800c5a8                USB_LP_CAN_RX0_IRQHandler
                0x0800c5ac                NMIException
                0x0800c5b0                HardFaultException
                0x0800c5b4                MemManageException
                0x0800c5b8                BusFaultException
                0x0800c5bc                UsageFaultException
 .text.Default_Handler
                0x0800c5c0        0x2 lib/CMSIS_CM3/startup/gcc/startup_stm32f10x_md.o
                0x0800c5c0                EXTI2_IRQHandler
                0x0800c5c0                DebugMon_Handler
                0x0800c5c0                TIM1_CC_IRQHandler
                0x0800c5c0                HardFault_Handler
                0x0800c5c0                SysTick_Handler
                0x0800c5c0                PVD_IRQHandler
                0x0800c5c0                PendSV_Handler
                0x0800c5c0                NMI_Handler
                0x0800c5c0                EXTI3_IRQHandler
                0x0800c5c0                I2C2_EV_IRQHandler
                0x0800c5c0                UsageFault_Handler
                0x0800c5c0                SPI1_IRQHandler
                0x0800c5c0                TAMPER_IRQHandler
                0x0800c5c0                DMA1_Channel4_IRQHandler
                0x0800c5c0                USART3_IRQHandler
                0x0800c5c0                RTC_IRQHandler
                0x0800c5c0                DMA1_Channel7_IRQHandler
                0x0800c5c0                CAN1_RX1_IRQHandler
                0x0800c5c0                TIM4_IRQHandler
                0x0800c5c0                DMA1_Channel6_IRQHandler
                0x0800c5c0                TIM3_IRQHandler
                0x0800c5c0                RCC_IRQHandler
                0x0800c5c0                TIM1_TRG_COM_IRQHandler
                0x0800c5c0                DMA1_Channel1_IRQHandler
                0x0800c5c0                Default_Handler
                0x0800c5c0                EXTI15_10_IRQHandler
                0x0800c5c0                EXTI9_5_IRQHandler
                0x0800c5c0                SPI2_IRQHandler
                0x0800c5c0                MemManage_Handler
                0x0800c5c0                SVC_Handler
                0x0800c5c0                DMA1_Channel5_IRQHandler
                0x0800c5c0                EXTI4_IRQHandler
                0x0800c5c0                USB_LP_CAN1_RX0_IRQHandler
                0x0800c5c0                USB_HP_CAN1_TX_IRQHandler
                0x0800c5c0                DMA1_Channel3_IRQHandler
                0x0800c5c0                TIM1_UP_IRQHandler
                0x0800c5c0                WWDG_IRQHandler
                0x0800c5c0                TIM2_IRQHandler
                0x0800c5c0                TIM1_BRK_IRQHandler
                0x0800c5c0                EXTI1_IRQHandler
                0x0800c5c0                RTCAlarm_IRQHandler
                0x0800c5c0                USART2_IRQHandler
                0x0800c5c0                I2C2_ER_IRQHandler
                0x0800c5c0                DMA1_Channel2_IRQHandler
                0x0800c5c0                CAN1_SCE_IRQHandler
                0x0800c5c0                FLASH_IRQHandler
                0x0800c5c0                BusFault_Handler
                0x0800c5c0                USART1_IRQHandler
                0x0800c5c0                USBWakeUp_IRQHandler
 *fill*         0x0800c5c2        0x2 00
 .text          0x0800c5c4       0xfc lib/CMSIS_CM3/system_stm32f10x.o
                0x0800c5c4                SystemInit
 .text          0x0800c6c0      0x740 main.o
                0x0800c6c0                __str_print_char
                0x0800c6ec                __fat_print_char
                0x0800c70c                main
                0x0800cd60                detect_sensors
 .text          0x0800ce00       0x70 pwr.o
                0x0800ce00                setuppwr
                0x0800ce14                shutdown
                0x0800ce24                disable_pin
                0x0800ce2c                shutdown_filesystem
 .text          0x0800ce70      0x24c timer.o
                0x0800ce70                setup_pwm
                0x0800cff4                Tryfudge
                0x0800d078                Set_Motor
 .text          0x0800d0bc      0x110 usart.o
                0x0800d0bc                Usarts_Init
                0x0800d168                Default_Usart_Config
                0x0800d184                Usart_Send_Str
                0x0800d1b0                __usart_send_char
 .text          0x0800d1cc       0x40 watchdog.o
                0x0800d1cc                Watchdog_Config
                0x0800d1f8                Watchdog_Reset_Detect
 .text          0x0800d20c       0xbc lib/STM32F10x_StdPeriph_Driver/libstm32fw.a(misc.o)
                0x0800d20c                NVIC_PriorityGroupConfig
                0x0800d220                NVIC_Init
                0x0800d284                NVIC_SetVectorTable
                0x0800d298                NVIC_SystemLPConfig
                0x0800d2b0                SysTick_CLKSourceConfig
 .text          0x0800d2c8      0x35c lib/STM32F10x_StdPeriph_Driver/libstm32fw.a(stm32f10x_adc.o)
                0x0800d2c8                ADC_DeInit
                0x0800d324                ADC_Init
                0x0800d36c                ADC_StructInit
                0x0800d37e                ADC_Cmd
                0x0800d390                ADC_DMACmd
                0x0800d3a2                ADC_ITConfig
                0x0800d3b4                ADC_ResetCalibration
                0x0800d3be                ADC_GetResetCalibrationStatus
                0x0800d3c6                ADC_StartCalibration
                0x0800d3d0                ADC_GetCalibrationStatus
                0x0800d3d8                ADC_SoftwareStartConvCmd
                0x0800d3ea                ADC_GetSoftwareStartConvStatus
                0x0800d3f2                ADC_DiscModeChannelCountConfig
                0x0800d402                ADC_DiscModeCmd
                0x0800d414                ADC_RegularChannelConfig
                0x0800d4a0                ADC_ExternalTrigConvCmd
                0x0800d4b2                ADC_GetConversionValue
                0x0800d4b8                ADC_GetDualModeConversionValue
                0x0800d4c4                ADC_AutoInjectedConvCmd
                0x0800d4d6                ADC_InjectedDiscModeCmd
                0x0800d4e8                ADC_ExternalTrigInjectedConvConfig
                0x0800d4f4                ADC_ExternalTrigInjectedConvCmd
                0x0800d506                ADC_SoftwareStartInjectedConvCmd
                0x0800d518                ADC_GetSoftwareStartInjectedConvCmdStatus
                0x0800d520                ADC_InjectedChannelConfig
                0x0800d57a                ADC_InjectedSequencerLengthConfig
                0x0800d58a                ADC_SetInjectedOffset
                0x0800d5a0                ADC_GetInjectedConversionValue
                0x0800d5ba                ADC_AnalogWatchdogCmd
                0x0800d5ca                ADC_AnalogWatchdogThresholdsConfig
                0x0800d5d0                ADC_AnalogWatchdogSingleChannelConfig
                0x0800d5dc                ADC_TempSensorVrefintCmd
                0x0800d5f4                ADC_GetFlagStatus
                0x0800d600                ADC_ClearFlag
                0x0800d606                ADC_GetITStatus
                0x0800d61c                ADC_ClearITPendingBit
 .text          0x0800d624       0xe0 lib/STM32F10x_StdPeriph_Driver/libstm32fw.a(stm32f10x_bkp.o)
                0x0800d624                BKP_DeInit
                0x0800d636                BKP_TamperPinLevelConfig
                0x0800d640                BKP_TamperPinCmd
                0x0800d64c                BKP_ITConfig
                0x0800d658                BKP_RTCOutputConfig
                0x0800d670                BKP_SetRTCCalibrationValue
                0x0800d688                BKP_WriteBackupRegister
                0x0800d6a4                BKP_ReadBackupRegister
                0x0800d6c4                BKP_GetFlagStatus
                0x0800d6d0                BKP_ClearFlag
                0x0800d6e4                BKP_GetITStatus
                0x0800d6f0                BKP_ClearITPendingBit
 .text          0x0800d704       0x34 lib/STM32F10x_StdPeriph_Driver/libstm32fw.a(stm32f10x_dbgmcu.o)
                0x0800d704                DBGMCU_GetREVID
                0x0800d710                DBGMCU_GetDEVID
                0x0800d720                DBGMCU_Config
 .text          0x0800d738      0x1d8 lib/STM32F10x_StdPeriph_Driver/libstm32fw.a(stm32f10x_dma.o)
                0x0800d738                DMA_DeInit
                0x0800d830                DMA_Init
                0x0800d86e                DMA_StructInit
                0x0800d888                DMA_Cmd
                0x0800d89a                DMA_ITConfig
                0x0800d8aa                DMA_GetCurrDataCounter
                0x0800d8b0                DMA_GetFlagStatus
                0x0800d8cc                DMA_ClearFlag
                0x0800d8e0                DMA_GetITStatus
                0x0800d8fc                DMA_ClearITPendingBit
 .text          0x0800d910      0x104 lib/STM32F10x_StdPeriph_Driver/libstm32fw.a(stm32f10x_exti.o)
                0x0800d910                EXTI_DeInit
                0x0800d92c                EXTI_Init
                0x0800d9b0                EXTI_StructInit
                0x0800d9be                EXTI_GenerateSWInterrupt
                0x0800d9cc                EXTI_GetFlagStatus
                0x0800d9e0                EXTI_ClearFlag
                0x0800d9ec                EXTI_GetITStatus
                0x0800da08                EXTI_ClearITPendingBit
 .text          0x0800da14      0x274 lib/STM32F10x_StdPeriph_Driver/libstm32fw.a(stm32f10x_gpio.o)
                0x0800da14                GPIO_DeInit
                0x0800dac0                GPIO_AFIODeInit
                0x0800dad6                GPIO_Init
                0x0800db76                GPIO_StructInit
                0x0800db86                GPIO_ReadInputDataBit
                0x0800db92                GPIO_ReadInputData
                0x0800db98                GPIO_ReadOutputDataBit
                0x0800dba4                GPIO_ReadOutputData
                0x0800dbaa                GPIO_SetBits
                0x0800dbae                GPIO_ResetBits
                0x0800dbb2                GPIO_WriteBit
                0x0800dbbc                GPIO_Write
                0x0800dbc0                GPIO_PinLockConfig
                0x0800dbd0                GPIO_EventOutputConfig
                0x0800dbec                GPIO_EventOutputCmd
                0x0800dbf8                GPIO_PinRemapConfig
                0x0800dc4c                GPIO_EXTILineConfig
                0x0800dc7c                GPIO_ETH_MediaInterfaceConfig
 .text          0x0800dc88      0x394 lib/STM32F10x_StdPeriph_Driver/libstm32fw.a(stm32f10x_i2c.o)
                0x0800dc88                I2C_DeInit
                0x0800dcbc                I2C_Init
                0x0800dd90                I2C_StructInit
                0x0800ddac                I2C_Cmd
                0x0800ddc4                I2C_DMACmd
                0x0800dddc                I2C_DMALastTransferCmd
                0x0800ddf4                I2C_GenerateSTART
                0x0800de0c                I2C_GenerateSTOP
                0x0800de24                I2C_AcknowledgeConfig
                0x0800de3c                I2C_OwnAddress2Config
                0x0800de4e                I2C_DualAddressCmd
                0x0800de66                I2C_GeneralCallCmd
                0x0800de7e                I2C_ITConfig
                0x0800de90                I2C_SendData
                0x0800de94                I2C_ReceiveData
                0x0800de9a                I2C_Send7bitAddress
                0x0800deaa                I2C_ReadRegister
                0x0800dec2                I2C_SoftwareResetCmd
                0x0800deda                I2C_SMBusAlertConfig
                0x0800def6                I2C_TransmitPEC
                0x0800df0e                I2C_PECPositionConfig
                0x0800df2a                I2C_CalculatePEC
                0x0800df42                I2C_GetPEC
                0x0800df4a                I2C_ARPCmd
                0x0800df62                I2C_StretchClockCmd
                0x0800df7a                I2C_FastModeDutyCycleConfig
                0x0800df96                I2C_GetLastEvent
                0x0800dfa6                I2C_CheckEvent
                0x0800dfbc                I2C_GetFlagStatus
                0x0800dff0                I2C_ClearFlag
                0x0800dff8                I2C_GetITStatus
                0x0800e014                I2C_ClearITPendingBit
 .text          0x0800e01c       0x58 lib/STM32F10x_StdPeriph_Driver/libstm32fw.a(stm32f10x_iwdg.o)
                0x0800e01c                IWDG_WriteAccessCmd
                0x0800e028                IWDG_SetPrescaler
                0x0800e034                IWDG_SetReload
                0x0800e040                IWDG_ReloadCounter
                0x0800e050                IWDG_Enable
                0x0800e060                IWDG_GetFlagStatus
 .text          0x0800e074       0xc8 lib/STM32F10x_StdPeriph_Driver/libstm32fw.a(stm32f10x_pwr.o)
                0x0800e074                PWR_DeInit
                0x0800e08e                PWR_BackupAccessCmd
                0x0800e098                PWR_PVDCmd
                0x0800e0a4                PWR_PVDLevelConfig
                0x0800e0b8                PWR_WakeUpPinCmd
                0x0800e0c4                PWR_EnterSTOPMode
                0x0800e0f0                PWR_EnterSTANDBYMode
                0x0800e118                PWR_GetFlagStatus
                0x0800e12c                PWR_ClearFlag
 .text          0x0800e13c      0x34c lib/STM32F10x_StdPeriph_Driver/libstm32fw.a(stm32f10x_rcc.o)
                0x0800e13c                RCC_DeInit
                0x0800e17c                RCC_HSEConfig
                0x0800e1b4                RCC_AdjustHSICalibrationValue
                0x0800e1c8                RCC_HSICmd
                0x0800e1d4                RCC_PLLConfig
                0x0800e1e8                RCC_PLLCmd
                0x0800e1f4                RCC_SYSCLKConfig
                0x0800e208                RCC_GetSYSCLKSource
                0x0800e218                RCC_HCLKConfig
                0x0800e22c                RCC_PCLK1Config
                0x0800e240                RCC_PCLK2Config
                0x0800e254                RCC_ITConfig
                0x0800e26c                RCC_USBCLKConfig
                0x0800e278                RCC_ADCCLKConfig
                0x0800e28c                RCC_LSEConfig
                0x0800e2ac                RCC_LSICmd
                0x0800e2b8                RCC_RTCCLKConfig
                0x0800e2c8                RCC_RTCCLKCmd
                0x0800e2d4                RCC_GetClocksFreq
                0x0800e368                RCC_AHBPeriphClockCmd
                0x0800e380                RCC_APB2PeriphClockCmd
                0x0800e398                RCC_APB1PeriphClockCmd
                0x0800e3b0                RCC_APB2PeriphResetCmd
                0x0800e3c8                RCC_APB1PeriphResetCmd
                0x0800e3e0                RCC_BackupResetCmd
                0x0800e3ec                RCC_ClockSecuritySystemCmd
                0x0800e3f8                RCC_MCOConfig
                0x0800e404                RCC_GetFlagStatus
                0x0800e42c                RCC_WaitForHSEStartUp
                0x0800e458                RCC_ClearFlag
                0x0800e468                RCC_GetITStatus
                0x0800e47c                RCC_ClearITPendingBit
 .text          0x0800e488      0x158 lib/STM32F10x_StdPeriph_Driver/libstm32fw.a(stm32f10x_rtc.o)
                0x0800e488                RTC_ITConfig
                0x0800e4a0                RTC_EnterConfigMode
                0x0800e4b4                RTC_ExitConfigMode
                0x0800e4c8                RTC_GetCounter
                0x0800e4dc                RTC_SetCounter
                0x0800e4fc                RTC_SetPrescaler
                0x0800e51c                RTC_SetAlarm
                0x0800e53c                RTC_GetDivider
                0x0800e554                RTC_WaitForLastTask
                0x0800e564                RTC_WaitForSynchro
                0x0800e580                RTC_GetFlagStatus
                0x0800e594                RTC_ClearFlag
                0x0800e5a8                RTC_GetITStatus
                0x0800e5cc                RTC_ClearITPendingBit
 .text          0x0800e5e0      0x2c0 lib/STM32F10x_StdPeriph_Driver/libstm32fw.a(stm32f10x_spi.o)
                0x0800e5e0                SPI_I2S_DeInit
                0x0800e644                SPI_Init
                0x0800e682                I2S_Init
                0x0800e722                SPI_StructInit
                0x0800e73a                I2S_StructInit
                0x0800e74c                SPI_Cmd
                0x0800e764                I2S_Cmd
                0x0800e77c                SPI_I2S_ITConfig
                0x0800e79a                SPI_I2S_DMACmd
                0x0800e7ac                SPI_I2S_SendData
                0x0800e7b0                SPI_I2S_ReceiveData
                0x0800e7b6                SPI_NSSInternalSoftwareConfig
                0x0800e7d4                SPI_SSOutputCmd
                0x0800e7ec                SPI_DataSizeConfig
                0x0800e802                SPI_TransmitCRC
                0x0800e80e                SPI_CalculateCRC
                0x0800e826                SPI_GetCRC
                0x0800e832                SPI_GetCRCPolynomial
                0x0800e838                SPI_BiDirectionalLineConfig
                0x0800e854                SPI_I2S_GetFlagStatus
                0x0800e860                SPI_I2S_ClearFlag
                0x0800e868                SPI_I2S_GetITStatus
                0x0800e88e                SPI_I2S_ClearITPendingBit
 .text          0x0800e8a0      0xa48 lib/STM32F10x_StdPeriph_Driver/libstm32fw.a(stm32f10x_tim.o)
                0x0800e90c                TIM_DeInit
                0x0800e9d4                TIM_TimeBaseInit
                0x0800ea10                TIM_OC1Init
                0x0800ea84                TIM_OC2Init
                0x0800eb0c                TIM_OC3Init
                0x0800eb90                TIM_OC4Init
                0x0800ebf8                TIM_BDTRConfig
                0x0800ec1a                TIM_TimeBaseStructInit
                0x0800ec2c                TIM_OCStructInit
                0x0800ec40                TIM_ICStructInit
                0x0800ec50                TIM_BDTRStructInit
                0x0800ec62                TIM_Cmd
                0x0800ec7a                TIM_CtrlPWMOutputs
                0x0800ec96                TIM_ITConfig
                0x0800eca8                TIM_GenerateEvent
                0x0800ecac                TIM_DMAConfig
                0x0800ecb4                TIM_DMACmd
                0x0800ecc6                TIM_InternalClockConfig
                0x0800ecd4                TIM_ITRxExternalClockConfig
                0x0800ecee                TIM_TIxExternalClockConfig
                0x0800ed22                TIM_ETRConfig
                0x0800ed36                TIM_ETRClockMode2Config
                0x0800ed4a                TIM_ETRClockMode1Config
                0x0800ed64                TIM_PrescalerConfig
                0x0800ed6a                TIM_CounterModeConfig
                0x0800ed7a                TIM_SelectInputTrigger
                0x0800ed8a                TIM_EncoderInterfaceConfig
                0x0800edc6                TIM_ForcedOC1Config
                0x0800edd6                TIM_ForcedOC2Config
                0x0800edea                TIM_ForcedOC3Config
                0x0800edfa                TIM_ForcedOC4Config
                0x0800ee0e                TIM_ARRPreloadConfig
                0x0800ee26                TIM_SelectCOM
                0x0800ee3e                TIM_SelectCCDMA
                0x0800ee56                TIM_CCPreloadControl
                0x0800ee6e                TIM_OC1PreloadConfig
                0x0800ee7e                TIM_OC2PreloadConfig
                0x0800ee92                TIM_OC3PreloadConfig
                0x0800eea2                TIM_OC4PreloadConfig
                0x0800eeb6                TIM_OC1FastConfig
                0x0800eec6                TIM_OC2FastConfig
                0x0800eeda                TIM_OC3FastConfig
                0x0800eeea                TIM_OC4FastConfig
                0x0800eefe                TIM_ClearOC1Ref
                0x0800ef0e                TIM_ClearOC2Ref
                0x0800ef1e                TIM_ClearOC3Ref
                0x0800ef2e                TIM_ClearOC4Ref
                0x0800ef3e                TIM_OC1PolarityConfig
                0x0800ef4e                TIM_OC1NPolarityConfig
                0x0800ef5e                TIM_OC2PolarityConfig
                0x0800ef72                TIM_OC2NPolarityConfig
                0x0800ef86                TIM_OC3PolarityConfig
                0x0800ef9a                TIM_OC3NPolarityConfig
                0x0800efae                TIM_OC4PolarityConfig
                0x0800efc2                TIM_CCxCmd
                0x0800efde                TIM_CCxNCmd
                0x0800effa                TIM_SelectOCxM
                0x0800f040                TIM_UpdateDisableConfig
                0x0800f058                TIM_UpdateRequestConfig
                0x0800f070                TIM_SelectHallSensor
                0x0800f088                TIM_SelectOnePulseMode
                0x0800f09e                TIM_SelectOutputTrigger
                0x0800f0b4                TIM_SelectSlaveMode
                0x0800f0ca                TIM_SelectMasterSlaveMode
                0x0800f0e0                TIM_SetCounter
                0x0800f0e4                TIM_SetAutoreload
                0x0800f0e8                TIM_SetCompare1
                0x0800f0ec                TIM_SetCompare2
                0x0800f0f0                TIM_SetCompare3
                0x0800f0f4                TIM_SetCompare4
                0x0800f0fa                TIM_SetIC1Prescaler
                0x0800f110                TIM_SetIC2Prescaler
                0x0800f12a                TIM_PWMIConfig
                0x0800f198                TIM_SetIC3Prescaler
                0x0800f1ae                TIM_SetIC4Prescaler
                0x0800f1c8                TIM_ICInit
                0x0800f27e                TIM_SetClockDivision
                0x0800f28e                TIM_GetCapture1
                0x0800f294                TIM_GetCapture2
                0x0800f29a                TIM_GetCapture3
                0x0800f2a0                TIM_GetCapture4
                0x0800f2a8                TIM_GetCounter
                0x0800f2ae                TIM_GetPrescaler
                0x0800f2b4                TIM_GetFlagStatus
                0x0800f2c0                TIM_ClearFlag
                0x0800f2c8                TIM_GetITStatus
                0x0800f2de                TIM_ClearITPendingBit
 .text          0x0800f2e8      0x348 lib/STM32F10x_StdPeriph_Driver/libstm32fw.a(stm32f10x_usart.o)
                0x0800f2e8                USART_DeInit
                0x0800f380                USART_Init
                0x0800f408                USART_StructInit
                0x0800f41e                USART_ClockInit
                0x0800f43e                USART_ClockStructInit
                0x0800f44a                USART_Cmd
                0x0800f462                USART_ITConfig
                0x0800f492                USART_DMACmd
                0x0800f4a4                USART_SetAddress
                0x0800f4ba                USART_WakeUpConfig
                0x0800f4d0                USART_ReceiverWakeUpCmd
                0x0800f4e8                USART_LINBreakDetectLengthConfig
                0x0800f4fe                USART_LINCmd
                0x0800f516                USART_SendData
                0x0800f51e                USART_ReceiveData
                0x0800f526                USART_SendBreak
                0x0800f532                USART_SetGuardTime
                0x0800f544                USART_SetPrescaler
                0x0800f556                USART_SmartCardCmd
                0x0800f56e                USART_SmartCardNACKCmd
                0x0800f586                USART_HalfDuplexCmd
                0x0800f59e                USART_IrDAConfig
                0x0800f5b4                USART_IrDACmd
                0x0800f5cc                USART_GetFlagStatus
                0x0800f5d8                USART_ClearFlag
                0x0800f5e0                USART_GetITStatus
                0x0800f620                USART_ClearITPendingBit
 .text          0x0800f630      0x948 lib/STM32_USB-FS-Device_Driver/libstm32usb.a(usb_core.o)
                0x0800f630                Standard_GetConfiguration
                0x0800f658                Standard_GetInterface
                0x0800f680                Standard_GetStatus
                0x0800f7d8                Standard_SetConfiguration
                0x0800f814                Standard_SetInterface
                0x0800f864                Standard_ClearFeature
                0x0800f948                Standard_SetEndPointFeature
                0x0800f9d4                Standard_SetDeviceFeature
                0x0800f9fc                Standard_GetDescriptorData
                0x0800fa18                Post0_Process
                0x0800fa5c                Out0_Process
                0x0800fb48                Setup0_Process
                0x0800fecc                SetDeviceAddress
                0x0800ff10                In0_Process
                0x0800ff74                NOP_Process
 .text          0x0800ff78       0x44 lib/STM32_USB-FS-Device_Driver/libstm32usb.a(usb_init.o)
                0x0800ff78                USB_Init
 .text          0x0800ffbc      0x234 lib/STM32_USB-FS-Device_Driver/libstm32usb.a(usb_int.o)
                0x0800ffbc                CTR_LP
                0x08010164                CTR_HP
 .text          0x080101f0       0x60 lib/STM32_USB-FS-Device_Driver/libstm32usb.a(usb_mem.o)
                0x080101f0                UserToPMABufferCopy
                0x08010228                PMAToUserBufferCopy
 .text          0x08010250      0x870 lib/STM32_USB-FS-Device_Driver/libstm32usb.a(usb_regs.o)
                0x08010250                SetCNTR
                0x0801025c                GetCNTR
                0x0801026c                SetISTR
                0x08010278                GetISTR
                0x08010288                GetFNR
                0x08010298                SetDADDR
                0x080102a4                GetDADDR
                0x080102b4                SetBTABLE
                0x080102c8                GetBTABLE
                0x080102d8                SetENDPOINT
                0x080102e8                GetENDPOINT
                0x080102f8                SetEPType
                0x08010310                GetEPType
                0x08010324                SetEPTxStatus
                0x08010354                SetEPRxStatus
                0x08010384                SetDouBleBuffEPStall
                0x080103ac                GetEPTxStatus
                0x080103c0                GetEPRxStatus
                0x080103d4                SetEPTxValid
                0x080103f8                SetEPRxValid
                0x0801041c                SetEP_KIND
                0x0801043c                ClearEP_KIND
                0x0801045c                Clear_Status_Out
                0x0801047c                Set_Status_Out
                0x0801049c                SetEPDoubleBuff
                0x080104bc                ClearEPDoubleBuff
                0x080104dc                GetTxStallStatus
                0x080104fc                GetRxStallStatus
                0x08010518                ClearEP_CTR_RX
                0x08010530                ClearEP_CTR_TX
                0x08010548                ToggleDTOG_RX
                0x08010568                ToggleDTOG_TX
                0x08010588                ClearDTOG_RX
                0x080105ac                ClearDTOG_TX
                0x080105d0                SetEPAddress
                0x080105f0                GetEPAddress
                0x08010604                SetEPTxAddr
                0x08010628                SetEPRxAddr
                0x08010650                GetEPTxAddr
                0x08010670                GetEPRxAddr
                0x08010690                SetEPTxCount
                0x080106b0                SetEPCountRxReg
                0x080106d8                SetEPRxCount
                0x08010720                GetEPTxCount
                0x08010744                GetEPRxCount
                0x08010768                SetEPDblBuffAddr
                0x080107ac                SetEPDblBuf0Addr
                0x080107d0                SetEPDblBuf1Addr
                0x080107f8                GetEPDblBuf0Addr
                0x08010818                GetEPDblBuf1Addr
                0x08010838                SetEPDblBuffCount
                0x080108f0                SetEPDblBuf0Count
                0x08010960                SetEPDblBuf1Count
                0x080109d0                GetEPDblBuf0Count
                0x080109f4                GetEPDblBuf1Count
                0x08010a18                GetEPDblBufDir
                0x08010a64                FreeUserBuffer
                0x08010aac                ToWord
                0x08010ab4                ByteSwap
 .text          0x08010ac0       0x78 lib/STM32_USB-FS-Device_Driver/libstm32usb.a(usb_sil.o)
                0x08010ac0                USB_SIL_Init
                0x08010aec                USB_SIL_Write
                0x08010b14                USB_SIL_Read
 .text          0x08010b38       0x78 /home/laurence/CodeSourcery/Sourcery_G++_Lite/bin/../lib/gcc/arm-none-eabi/4.5.2/../../../../arm-none-eabi/lib/thumb2/libm.a(lib_a-sf_sin.o)
                0x08010b38                sinf
 .text          0x08010bb0       0xa8 /home/laurence/CodeSourcery/Sourcery_G++_Lite/bin/../lib/gcc/arm-none-eabi/4.5.2/../../../../arm-none-eabi/lib/thumb2/libm.a(lib_a-wf_asin.o)
                0x08010bb0                asinf
 .text          0x08010c58       0xa4 /home/laurence/CodeSourcery/Sourcery_G++_Lite/bin/../lib/gcc/arm-none-eabi/4.5.2/../../../../arm-none-eabi/lib/thumb2/libm.a(lib_a-wf_sqrt.o)
                0x08010c58                sqrtf
 .text          0x08010cfc      0x318 /home/laurence/CodeSourcery/Sourcery_G++_Lite/bin/../lib/gcc/arm-none-eabi/4.5.2/../../../../arm-none-eabi/lib/thumb2/libm.a(lib_a-ef_asin.o)
                0x08010cfc                __ieee754_asinf
 .text          0x08011014      0x358 /home/laurence/CodeSourcery/Sourcery_G++_Lite/bin/../lib/gcc/arm-none-eabi/4.5.2/../../../../arm-none-eabi/lib/thumb2/libm.a(lib_a-ef_rem_pio2.o)
                0x08011014                __ieee754_rem_pio2f
 .text          0x0801136c       0xb0 /home/laurence/CodeSourcery/Sourcery_G++_Lite/bin/../lib/gcc/arm-none-eabi/4.5.2/../../../../arm-none-eabi/lib/thumb2/libm.a(lib_a-ef_sqrt.o)
                0x0801136c                __ieee754_sqrtf
 .text          0x0801141c      0x1b8 /home/laurence/CodeSourcery/Sourcery_G++_Lite/bin/../lib/gcc/arm-none-eabi/4.5.2/../../../../arm-none-eabi/lib/thumb2/libm.a(lib_a-kf_cos.o)
                0x0801141c                __kernel_cosf
 .text          0x080115d4      0x63c /home/laurence/CodeSourcery/Sourcery_G++_Lite/bin/../lib/gcc/arm-none-eabi/4.5.2/../../../../arm-none-eabi/lib/thumb2/libm.a(lib_a-kf_rem_pio2.o)
                0x080115d4                __kernel_rem_pio2f
 .text          0x08011c10      0x100 /home/laurence/CodeSourcery/Sourcery_G++_Lite/bin/../lib/gcc/arm-none-eabi/4.5.2/../../../../arm-none-eabi/lib/thumb2/libm.a(lib_a-kf_sin.o)
                0x08011c10                __kernel_sinf
 .text          0x08011d10        0x4 /home/laurence/CodeSourcery/Sourcery_G++_Lite/bin/../lib/gcc/arm-none-eabi/4.5.2/../../../../arm-none-eabi/lib/thumb2/libm.a(lib_a-s_matherr.o)
                0x08011d10                matherr
 .text          0x08011d14        0xc /home/laurence/CodeSourcery/Sourcery_G++_Lite/bin/../lib/gcc/arm-none-eabi/4.5.2/../../../../arm-none-eabi/lib/thumb2/libm.a(lib_a-s_nan.o)
                0x08011d14                nan
 .text          0x08011d20        0x8 /home/laurence/CodeSourcery/Sourcery_G++_Lite/bin/../lib/gcc/arm-none-eabi/4.5.2/../../../../arm-none-eabi/lib/thumb2/libm.a(lib_a-sf_fabs.o)
                0x08011d20                fabsf
 .text          0x08011d28       0xa0 /home/laurence/CodeSourcery/Sourcery_G++_Lite/bin/../lib/gcc/arm-none-eabi/4.5.2/../../../../arm-none-eabi/lib/thumb2/libm.a(lib_a-sf_floor.o)
                0x08011d28                floorf
 .text          0x08011dc8       0x7c /home/laurence/CodeSourcery/Sourcery_G++_Lite/bin/../lib/gcc/arm-none-eabi/4.5.2/../../../../arm-none-eabi/lib/thumb2/libm.a(lib_a-sf_fpclassify.o)
                0x08011dc8                __fpclassifyf
 .text          0x08011e44       0xc0 /home/laurence/CodeSourcery/Sourcery_G++_Lite/bin/../lib/gcc/arm-none-eabi/4.5.2/../../../../arm-none-eabi/lib/thumb2/libm.a(lib_a-sf_scalbn.o)
                0x08011e44                scalbnf
 .text          0x08011f04       0x10 /home/laurence/CodeSourcery/Sourcery_G++_Lite/bin/../lib/gcc/arm-none-eabi/4.5.2/../../../../arm-none-eabi/lib/thumb2/libm.a(lib_a-sf_copysign.o)
                0x08011f04                copysignf
 .text          0x08011f14      0x370 /home/laurence/CodeSourcery/Sourcery_G++_Lite/bin/../lib/gcc/arm-none-eabi/4.5.2/thumb2/libgcc.a(_arm_addsubdf3.o)
                0x08011f14                __aeabi_drsub
                0x08011f1c                __aeabi_dsub
                0x08011f1c                __subdf3
                0x08011f20                __adddf3
                0x08011f20                __aeabi_dadd
                0x08012198                __aeabi_ui2d
                0x08012198                __floatunsidf
                0x080121b8                __floatsidf
                0x080121b8                __aeabi_i2d
                0x080121dc                __extendsfdf2
                0x080121dc                __aeabi_f2d
                0x08012218                __aeabi_ul2d
                0x08012218                __floatundidf
                0x08012228                __floatdidf
                0x08012228                __aeabi_l2d
 .text          0x08012284      0x424 /home/laurence/CodeSourcery/Sourcery_G++_Lite/bin/../lib/gcc/arm-none-eabi/4.5.2/thumb2/libgcc.a(_arm_muldivdf3.o)
                0x08012284                __aeabi_dmul
                0x08012284                __muldf3
                0x080124d8                __aeabi_ddiv
                0x080124d8                __divdf3
 .text          0x080126a8      0x110 /home/laurence/CodeSourcery/Sourcery_G++_Lite/bin/../lib/gcc/arm-none-eabi/4.5.2/thumb2/libgcc.a(_arm_cmpdf2.o)
                0x080126a8                __gtdf2
                0x080126a8                __gedf2
                0x080126b0                __ltdf2
                0x080126b0                __ledf2
                0x080126b8                __cmpdf2
                0x080126b8                __eqdf2
                0x080126b8                __nedf2
                0x08012734                __aeabi_cdrcmple
                0x08012744                __aeabi_cdcmple
                0x08012744                __aeabi_cdcmpeq
                0x08012754                __aeabi_dcmpeq
                0x08012768                __aeabi_dcmplt
                0x0801277c                __aeabi_dcmple
                0x08012790                __aeabi_dcmpge
                0x080127a4                __aeabi_dcmpgt
 .text          0x080127b8       0x50 /home/laurence/CodeSourcery/Sourcery_G++_Lite/bin/../lib/gcc/arm-none-eabi/4.5.2/thumb2/libgcc.a(_arm_fixdfsi.o)
                0x080127b8                __fixdfsi
                0x080127b8                __aeabi_d2iz
 .text          0x08012808       0x40 /home/laurence/CodeSourcery/Sourcery_G++_Lite/bin/../lib/gcc/arm-none-eabi/4.5.2/thumb2/libgcc.a(_arm_fixunsdfsi.o)
                0x08012808                __fixunsdfsi
                0x08012808                __aeabi_d2uiz
 .text          0x08012848       0xa0 /home/laurence/CodeSourcery/Sourcery_G++_Lite/bin/../lib/gcc/arm-none-eabi/4.5.2/thumb2/libgcc.a(_arm_truncdfsf2.o)
                0x08012848                __aeabi_d2f
                0x08012848                __truncdfsf2
 .text          0x080128e8      0x21c /home/laurence/CodeSourcery/Sourcery_G++_Lite/bin/../lib/gcc/arm-none-eabi/4.5.2/thumb2/libgcc.a(_arm_addsubsf3.o)
                0x080128e8                __aeabi_frsub
                0x080128f0                __subsf3
                0x080128f0                __aeabi_fsub
                0x080128f4                __aeabi_fadd
                0x080128f4                __addsf3
                0x08012a54                __aeabi_ui2f
                0x08012a54                __floatunsisf
                0x08012a5c                __aeabi_i2f
                0x08012a5c                __floatsisf
                0x08012a78                __floatundisf
                0x08012a78                __aeabi_ul2f
                0x08012a88                __floatdisf
                0x08012a88                __aeabi_l2f
 .text          0x08012b04      0x2a0 /home/laurence/CodeSourcery/Sourcery_G++_Lite/bin/../lib/gcc/arm-none-eabi/4.5.2/thumb2/libgcc.a(_arm_muldivsf3.o)
                0x08012b04                __mulsf3
                0x08012b04                __aeabi_fmul
                0x08012c6c                __divsf3
                0x08012c6c                __aeabi_fdiv
 .text          0x08012da4       0xec /home/laurence/CodeSourcery/Sourcery_G++_Lite/bin/../lib/gcc/arm-none-eabi/4.5.2/thumb2/libgcc.a(_arm_cmpsf2.o)
                0x08012da4                __gtsf2
                0x08012da4                __gesf2
                0x08012dac                __lesf2
                0x08012dac                __ltsf2
                0x08012db4                __nesf2
                0x08012db4                __eqsf2
                0x08012db4                __cmpsf2
                0x08012e14                __aeabi_cfrcmple
                0x08012e1c                __aeabi_cfcmple
                0x08012e1c                __aeabi_cfcmpeq
                0x08012e2c                __aeabi_fcmpeq
                0x08012e40                __aeabi_fcmplt
                0x08012e54                __aeabi_fcmple
                0x08012e68                __aeabi_fcmpge
                0x08012e7c                __aeabi_fcmpgt
 .text          0x08012e90       0x4c /home/laurence/CodeSourcery/Sourcery_G++_Lite/bin/../lib/gcc/arm-none-eabi/4.5.2/thumb2/libgcc.a(_arm_fixsfsi.o)
                0x08012e90                __fixsfsi
                0x08012e90                __aeabi_f2iz
 .text          0x08012edc       0x40 /home/laurence/CodeSourcery/Sourcery_G++_Lite/bin/../lib/gcc/arm-none-eabi/4.5.2/thumb2/libgcc.a(_arm_fixunssfsi.o)
                0x08012edc                __aeabi_f2uiz
                0x08012edc                __fixunssfsi
 .text          0x08012f1c        0xc /home/laurence/CodeSourcery/Sourcery_G++_Lite/bin/../lib/gcc/arm-none-eabi/4.5.2/../../../../arm-none-eabi/lib/thumb2/libc.a(lib_a-errno.o)
                0x08012f1c                __errno
 .text          0x08012f28       0x20 /home/laurence/CodeSourcery/Sourcery_G++_Lite/bin/../lib/gcc/arm-none-eabi/4.5.2/../../../../arm-none-eabi/lib/thumb2/libc.a(lib_a-malloc.o)
                0x08012f28                malloc
                0x08012f38                free
 .text          0x08012f48      0x57c /home/laurence/CodeSourcery/Sourcery_G++_Lite/bin/../lib/gcc/arm-none-eabi/4.5.2/../../../../arm-none-eabi/lib/thumb2/libc.a(lib_a-mallocr.o)
                0x08012f48                _malloc_r
 .text          0x080134c4       0xb4 /home/laurence/CodeSourcery/Sourcery_G++_Lite/bin/../lib/gcc/arm-none-eabi/4.5.2/../../../../arm-none-eabi/lib/thumb2/libc.a(lib_a-memset.o)
                0x080134c4                memset
 .text          0x08013578        0x8 /home/laurence/CodeSourcery/Sourcery_G++_Lite/bin/../lib/gcc/arm-none-eabi/4.5.2/../../../../arm-none-eabi/lib/thumb2/libc.a(lib_a-mlock.o)
                0x08013578                __malloc_lock
                0x0801357c                __malloc_unlock
 .text          0x08013580       0x28 /home/laurence/CodeSourcery/Sourcery_G++_Lite/bin/../lib/gcc/arm-none-eabi/4.5.2/../../../../arm-none-eabi/lib/thumb2/libc.a(lib_a-sbrkr.o)
                0x08013580                _sbrk_r
 .text          0x080135a8       0x60 /home/laurence/CodeSourcery/Sourcery_G++_Lite/bin/../lib/gcc/arm-none-eabi/4.5.2/../../../../arm-none-eabi/lib/thumb2/libc.a(lib_a-strlen.o)
                0x080135a8                strlen
 .text          0x08013608      0x240 /home/laurence/CodeSourcery/Sourcery_G++_Lite/bin/../lib/gcc/arm-none-eabi/4.5.2/../../../../arm-none-eabi/lib/thumb2/libc.a(lib_a-freer.o)
                0x08013608                _malloc_trim_r
                0x080136b0                _free_r
 .text          0x08013848       0x30 /home/laurence/CodeSourcery/Sourcery_G++_Lite/bin/../lib/gcc/arm-none-eabi/4.5.2/../../../../arm-none-eabi/lib/thumb2/libcs3.a(start_c.o)
                0x08013848                __cs3_premain
 .text.cs3.init
                0x08013878       0x50 /home/laurence/CodeSourcery/Sourcery_G++_Lite/bin/../lib/gcc/arm-none-eabi/4.5.2/../../../../arm-none-eabi/lib/thumb2/libcs3.a(start_c.o)
                0x08013878                __cs3_start_c
 .text          0x080138c8       0x40 /home/laurence/CodeSourcery/Sourcery_G++_Lite/bin/../lib/gcc/arm-none-eabi/4.5.2/../../../../arm-none-eabi/lib/thumb2/libcs3unhosted.a(unhosted-sbrk.o)
                0x080138c8                _sbrk
 .text.cs3.init
                0x08013908       0x10 /home/laurence/CodeSourcery/Sourcery_G++_Lite/bin/../lib/gcc/arm-none-eabi/4.5.2/../../../../arm-none-eabi/lib/thumb2/libcs3unhosted.a(unhosted-start.o)
                0x08013908                _start
 .text          0x08013918        0x2 lib/libcs3-lanchon-stm32.a(lanchon_stm32_isr_interrupt.o)
                0x08013918                DMAChannel7_IRQHandler
                0x08013918                DebugMonitor
                0x08013918                SVCHandler
                0x08013918                __STM32ReservedException8
                0x08013918                __STM32DefaultExceptionHandler
                0x08013918                CAN_SCE_IRQHandler
                0x08013918                __STM32ReservedException10
                0x08013918                __STM32ReservedException13
                0x08013918                DMAChannel4_IRQHandler
                0x08013918                PendSVC
                0x08013918                CAN_RX1_IRQHandler
                0x08013918                ADC_IRQHandler
                0x08013918                DMAChannel5_IRQHandler
                0x08013918                DMAChannel2_IRQHandler
                0x08013918                __STM32ReservedException7
                0x08013918                DMAChannel6_IRQHandler
                0x08013918                DMAChannel3_IRQHandler
                0x08013918                __STM32ReservedException9
 *fill*         0x0801391a        0x2 00
 .text          0x0801391c       0x50 /home/laurence/CodeSourcery/Sourcery_G++_Lite/bin/../lib/gcc/arm-none-eabi/4.5.2/../../../../arm-none-eabi/lib/thumb2/libc.a(lib_a-init.o)
                0x0801391c                __libc_init_array
 *(.plt)
 *(.gnu.warning)
 *(.glue_7t)
 .glue_7t       0x00000000        0x0 linker stubs
 *(.glue_7)
 .glue_7        0x00000000        0x0 linker stubs
 *(.vfp11_veneer)
 .vfp11_veneer  0x00000000        0x0 linker stubs
 *(.rodata .rodata.* .gnu.linkonce.r.*)
 .rodata        0x0801396c       0x90 Sensors/ppg_new.o
 .rodata        0x080139fc       0xac Util/USB/usb_desc.o
                0x080139fc                MASS_DeviceDescriptor
                0x08013a10                MASS_ConfigDescriptor
                0x08013a30                MASS_StringLangID
                0x08013a34                MASS_StringVendor
                0x08013a68                MASS_StringProduct
                0x08013a98                MASS_StringInterface
 .rodata        0x08013aa8     0x7738 Util/fat_fs/option/cc932.o
 .rodata.str1.4
                0x0801b1e0       0x13 Util/fat_fs/src/ff.o
                                 0x14 (size before relaxing)
 *fill*         0x0801b1f3        0x1 00
 .rodata        0x0801b1f4        0xc Util/fat_fs/src/rtc.o
 .rodata        0x0801b200       0x14 Util/rprintf.o
 .rodata.str1.4
                0x0801b214       0x1a Util/rprintf.o
                                 0x1c (size before relaxing)
 *fill*         0x0801b22e        0x2 00
 .rodata        0x0801b230        0x4 i2c_int.o
                0x0801b230                TMP102_setup
 .rodata.str1.4
                0x0801b234       0x10 interrupts.o
 .rodata        0x0801b244       0x14 lib/CMSIS_CM3/system_stm32f10x.o
                0x0801b244                SystemFrequency
                0x0801b248                SystemFrequency_SysClk
                0x0801b24c                SystemFrequency_AHBClk
                0x0801b250                SystemFrequency_APB1Clk
                0x0801b254                SystemFrequency_APB2Clk
 .rodata.str1.4
                0x0801b258       0xcd main.o
                                 0xd4 (size before relaxing)
 *fill*         0x0801b325        0x3 00
 .rodata.str1.4
                0x0801b328       0x16 pwr.o
                                 0x18 (size before relaxing)
 *fill*         0x0801b33e        0x2 00
 .rodata.str1.4
                0x0801b340        0x6 /home/laurence/CodeSourcery/Sourcery_G++_Lite/bin/../lib/gcc/arm-none-eabi/4.5.2/../../../../arm-none-eabi/lib/thumb2/libm.a(lib_a-wf_asin.o)
                                  0xc (size before relaxing)
 *fill*         0x0801b346        0x2 00
 .rodata.str1.4
                0x0801b348        0x8 /home/laurence/CodeSourcery/Sourcery_G++_Lite/bin/../lib/gcc/arm-none-eabi/4.5.2/../../../../arm-none-eabi/lib/thumb2/libm.a(lib_a-wf_sqrt.o)
 .rodata        0x0801b350      0x398 /home/laurence/CodeSourcery/Sourcery_G++_Lite/bin/../lib/gcc/arm-none-eabi/4.5.2/../../../../arm-none-eabi/lib/thumb2/libm.a(lib_a-ef_rem_pio2.o)
 .rodata        0x0801b6e8       0x38 /home/laurence/CodeSourcery/Sourcery_G++_Lite/bin/../lib/gcc/arm-none-eabi/4.5.2/../../../../arm-none-eabi/lib/thumb2/libm.a(lib_a-kf_rem_pio2.o)
 .rodata        0x0801b720       0x60 /home/laurence/CodeSourcery/Sourcery_G++_Lite/bin/../lib/gcc/arm-none-eabi/4.5.2/../../../../arm-none-eabi/lib/thumb2/libc.a(lib_a-findfp.o)
                0x0801b720                __sf_fake_stdin
                0x0801b740                __sf_fake_stdout
                0x0801b760                __sf_fake_stderr
 .rodata.str1.4
                0x00000000        0x4 /home/laurence/CodeSourcery/Sourcery_G++_Lite/bin/../lib/gcc/arm-none-eabi/4.5.2/../../../../arm-none-eabi/lib/thumb2/libc.a(lib_a-impure.o)
 *(.ARM.extab* .gnu.linkonce.armextab.*)
 *(.gcc_except_table)
 *(.eh_frame_hdr)
 *(.eh_frame)
                0x0801b780                . = ALIGN (0x4)
 *(.init)
 .init          0x0801b780        0x4 /home/laurence/CodeSourcery/Sourcery_G++_Lite/bin/../lib/gcc/arm-none-eabi/4.5.2/thumb2/crti.o
                0x0801b780                _init
 .init          0x0801b784        0x8 /home/laurence/CodeSourcery/Sourcery_G++_Lite/bin/../lib/gcc/arm-none-eabi/4.5.2/thumb2/crtn.o
                0x0801b78c                . = ALIGN (0x4)
                0x0801b78c                _sidata = .
                0x0801b78c                __preinit_array_start = .
 *(.preinit_array)
                0x0801b78c                __preinit_array_end = .
                0x0801b78c                . = ALIGN (0x4)
                0x0801b78c                __init_array_start = .
 *(SORT(.init_array.*))
 *(.init_array)
 .init_array    0x0801b78c        0x4 /home/laurence/CodeSourcery/Sourcery_G++_Lite/bin/../lib/gcc/arm-none-eabi/4.5.2/thumb2/crtbegin.o
                0x0801b790                __init_array_end = .
                0x0801b790                . = ALIGN (0x4)
 *crtbegin.o(.ctors)
 *(EXCLUDE_FILE(*crtend.o) .ctors)
 *(SORT(.ctors.*))
 *crtend.o(.ctors)
                0x0801b790                . = ALIGN (0x4)
 *(.fini)
 .fini          0x0801b790        0x4 /home/laurence/CodeSourcery/Sourcery_G++_Lite/bin/../lib/gcc/arm-none-eabi/4.5.2/thumb2/crti.o
                0x0801b790                _fini
 .fini          0x0801b794        0x8 /home/laurence/CodeSourcery/Sourcery_G++_Lite/bin/../lib/gcc/arm-none-eabi/4.5.2/thumb2/crtn.o
                0x0801b79c                . = ALIGN (0x4)
                0x0801b79c                __fini_array_start = .
 *(.fini_array)
 .fini_array    0x0801b79c        0x4 /home/laurence/CodeSourcery/Sourcery_G++_Lite/bin/../lib/gcc/arm-none-eabi/4.5.2/thumb2/crtbegin.o
 *(SORT(.fini_array.*))
                0x0801b7a0                __fini_array_end = .
 *crtbegin.o(.dtors)
 *(EXCLUDE_FILE(*crtend.o) .dtors)
 *(SORT(.dtors.*))
 *crtend.o(.dtors)
                0x0801b7a0                . = ALIGN (0x4)
                0x0801b7a0                __cs3_regions = .
                0x0801b7a0        0x4 LONG 0x0
                0x0801b7a4        0x4 LONG 0x801b7b8 __cs3_region_init_ram
                0x0801b7a8        0x4 LONG 0x20000000 __cs3_region_start_ram
                0x0801b7ac        0x4 LONG 0x698 __cs3_region_init_size_ram
                0x0801b7b0        0x4 LONG 0x968 __cs3_region_zero_size_ram
                0x0801b7b4                __exidx_start = .

.v4_bx          0x0801b7b4        0x0
 .v4_bx         0x00000000        0x0 linker stubs

.ARM.exidx
 *(.ARM.exidx* .gnu.linkonce.armexidx.*)
                0x0801b7b4                __exidx_end = .

.text.align     0x0801b7b4        0x4
                0x0801b7b8                . = ALIGN (0x8)
 *fill*         0x0801b7b4        0x4 00
                0x0801b7b8                _etext = .
                0x08020000                __cs3_region_end_rom = (__cs3_region_start_rom + 0x20000)
                0x00020000                __cs3_region_size_rom = 0x20000
                0x00000001                __cs3_region_num = 0x1

.data           0x20000000      0x698 load address 0x0801b7b8
                0x20000000                __cs3_region_start_ram = .
                0x20000000                _sdata = .
 *(.cs3.region-head.ram)
 *(.jcr)
 .jcr           0x20000000        0x0 /home/laurence/CodeSourcery/Sourcery_G++_Lite/bin/../lib/gcc/arm-none-eabi/4.5.2/thumb2/crtbegin.o
 .jcr           0x20000000        0x4 /home/laurence/CodeSourcery/Sourcery_G++_Lite/bin/../lib/gcc/arm-none-eabi/4.5.2/thumb2/crtend.o
 *(.got.plt)
 *(.got)
 *(.shdata)
 *(.data .data.* .gnu.linkonce.d.*)
 .data          0x20000004       0x74 Util/USB/scsi_data.o
                0x20000004                Standard_Inquiry_Data
                0x20000028                Standard_Inquiry_Data2
                0x2000004c                Mode_Sense6_data
                0x20000050                Mode_Sense10_data
                0x20000058                Scsi_Sense_Data
                0x2000006c                ReadFormatCapacity_Data
 .data          0x20000078       0x1c Util/USB/usb_desc.o
                0x20000078                MASS_StringSerial
 .data          0x20000094       0x38 Util/USB/usb_istr.o
                0x20000094                pEpInt_IN
                0x200000b0                pEpInt_OUT
 .data          0x200000cc       0x90 Util/USB/usb_prop.o
                0x200000cc                String_Descriptor
                0x200000f4                Config_Descriptor
                0x200000fc                Device_Descriptor
                0x20000104                Device_Property
                0x20000134                Device_Table
                0x20000138                User_Standard_Requests
 .data          0x2000015c        0x1 Util/USB/usb_pwr.o
                0x2000015c                fSuspendEnabled
 .data          0x2000015d        0x1 Util/fat_fs/src/sd_spi_stm32.o
 *fill*         0x2000015e        0x2 00
 .data          0x20000160       0x10 i2c_int.o
                0x20000160                I2C_jobs
 .data          0x20000170       0x14 lib/STM32F10x_StdPeriph_Driver/libstm32fw.a(stm32f10x_rcc.o)
 .data          0x20000184        0x1 /home/laurence/CodeSourcery/Sourcery_G++_Lite/bin/../lib/gcc/arm-none-eabi/4.5.2/../../../../arm-none-eabi/lib/thumb2/libm.a(lib_a-s_lib_ver.o)
                0x20000184                __fdlib_version
 *fill*         0x20000185        0x3 00
 .data          0x20000188       0xf4 /home/laurence/CodeSourcery/Sourcery_G++_Lite/bin/../lib/gcc/arm-none-eabi/4.5.2/../../../../arm-none-eabi/lib/thumb2/libc.a(lib_a-impure.o)
                0x20000188                _impure_ptr
 .data          0x2000027c      0x410 /home/laurence/CodeSourcery/Sourcery_G++_Lite/bin/../lib/gcc/arm-none-eabi/4.5.2/../../../../arm-none-eabi/lib/thumb2/libc.a(lib_a-mallocr.o)
                0x2000027c                __malloc_av_
                0x20000684                __malloc_sbrk_base
                0x20000688                __malloc_trim_threshold
 .data          0x2000068c        0x4 /home/laurence/CodeSourcery/Sourcery_G++_Lite/bin/../lib/gcc/arm-none-eabi/4.5.2/../../../../arm-none-eabi/lib/thumb2/libcs3unhosted.a(unhosted-sbrk.o)
 .data          0x20000690        0x4 /home/laurence/CodeSourcery/Sourcery_G++_Lite/bin/../lib/gcc/arm-none-eabi/4.5.2/../../../../arm-none-eabi/lib/thumb2/libcs3.a(heap.o)
                0x20000690                __cs3_heap_limit
 *(.ram)
                0x20000698                . = ALIGN (0x8)
 *fill*         0x20000694        0x4 00
                0x20000698                _edata = .

.bss            0x20000698      0x968 load address 0x0801be50
                0x20000698                _sbss = .
 *(.shbss)
 *(.bss .bss.* .gnu.linkonce.b.*)
 .bss           0x20000698        0x1 /home/laurence/CodeSourcery/Sourcery_G++_Lite/bin/../lib/gcc/arm-none-eabi/4.5.2/thumb2/crtbegin.o
 *fill*         0x20000699        0x3 00
 .bss           0x2000069c       0x20 Sensors/ppg_new.o
 .bss           0x200006bc       0x34 Sensors/pressure.o
 .bss           0x200006f0        0x4 Util/USB/mass_mal.o
                0x200006f0                Status
 .bss           0x200006f4       0x1c Util/USB/memory.o
                0x200006f4                TransferState
                0x20000700                Block_Read_count
                0x20000704                Counter
 .bss           0x20000710       0x10 Util/USB/scsi_data.o
                0x20000710                Page00_Inquiry_Data
                0x20000718                ReadCapacity10_Data
 .bss           0x20000720        0x1 Util/USB/usb_istr.o
                0x20000720                bIntPackSOF
 *fill*         0x20000721        0x3 00
 .bss           0x20000724        0x4 Util/USB/usb_prop.o
                0x20000724                Max_Lun
 .bss           0x20000728        0x4 Util/USB/usb_pwr.o
                0x20000728                bDeviceState
 .bss           0x2000072c        0x8 Util/fat_fs/src/ff.o
 .bss           0x20000734       0x10 Util/fat_fs/src/sd_spi_stm32.o
 .bss           0x20000744       0x84 Util/rprintf.o
 .bss           0x200007c8        0x3 i2c_int.o
 *fill*         0x200007cb        0x1 00
 .bss           0x200007cc       0x18 interrupts.o
 .bss           0x200007e4      0x234 main.o
                0x20000a14                file_opened
 .bss           0x20000a18        0x1 lib/STM32_USB-FS-Device_Driver/libstm32usb.a(usb_core.o)
                0x20000a18                Data_Mul_MaxPacketSize
 *fill*         0x20000a19        0x3 00
 .bss           0x20000a1c       0x34 /home/laurence/CodeSourcery/Sourcery_G++_Lite/bin/../lib/gcc/arm-none-eabi/4.5.2/../../../../arm-none-eabi/lib/thumb2/libc.a(lib_a-mallocr.o)
                0x20000a1c                __malloc_top_pad
                0x20000a20                __malloc_current_mallinfo
                0x20000a48                __malloc_max_sbrked_mem
                0x20000a4c                __malloc_max_total_mem
 *(COMMON)
 COMMON         0x20000a50        0xc Sensors/ppg_new.o
                0x20000a50                Last_PPG_Values
 COMMON         0x20000a5c        0x8 Sensors/pressure.o
                0x20000a5c                Reported_Pressure
                0x20000a60                Pressure_Offset
 COMMON         0x20000a64        0xa Sensors/temperature.o
                0x20000a64                Device_Temperature
                0x20000a68                TMP102_Reported_Temperature
                0x20000a6c                TMP102_Data_Buffer
 *fill*         0x20000a6e        0x2 00
 COMMON         0x20000a70       0x1c Util/USB/mass_mal.o
                0x20000a70                Mass_Memory_Size
                0x20000a78                Mass_Block_Size
                0x20000a80                Mass_Block_Count
                0x20000a88                Data_Buffer
 COMMON         0x20000a8c        0x8 Util/USB/memory.o
                0x20000a8c                Block_offset
                0x20000a90                Idx
 COMMON         0x20000a94       0x7c Util/USB/usb_bot.o
                0x20000a94                CBW
                0x20000ab4                Data_Len
                0x20000ab6                Bot_State
                0x20000ab8                SCSI_LBA
                0x20000abc                CSW
                0x20000acc                SCSI_BlkLen
                0x20000ad0                Bulk_Data_Buff
 COMMON         0x20000b10        0x2 Util/USB/usb_istr.o
                0x20000b10                wIstr
 *fill*         0x20000b12        0x2 00
 COMMON         0x20000b14        0x2 Util/USB/usb_pwr.o
                0x20000b14                ResumeS
 *fill*         0x20000b16        0x2 00
 COMMON         0x20000b18        0x4 adc.o
                0x20000b18                ADC1_Convertion_buff
 COMMON         0x20000b1c        0x1 gpio.o
                0x20000b1c                bootsource
 *fill*         0x20000b1d        0x3 00
 COMMON         0x20000b20        0xd i2c_int.o
                0x20000b20                I2C1error
                0x20000b24                Jobs
                0x20000b28                Completed_Jobs
                0x20000b2c                job
 COMMON         0x20000b2d        0x1 interrupts.o
                0x20000b2d                Button_hold_tim
 *fill*         0x20000b2e        0x2 00
 COMMON         0x20000b30      0x48c main.o
                0x20000b30                Pressure_control
                0x20000b34                Temperatures_Buffer
                0x20000b40                f_err_code
                0x20000b44                Buff
                0x20000b68                System_state_Global
                0x20000b6c                Millis
                0x20000b70                Sensors
                0x20000b74                FATFS_info
                0x20000b94                Pressures_Buffer
                0x20000ba0                Pressure_Setpoint
                0x20000ba4                print_string
                0x20000ca4                a
                0x20000ca8                FATFS_logfile
                0x20000ecc                my_reent
 COMMON         0x20000fbc        0x2 lib/STM32_USB-FS-Device_Driver/libstm32usb.a(usb_core.o)
                0x20000fbc                StatusInfo
 *fill*         0x20000fbe        0x2 00
 COMMON         0x20000fc0       0x32 lib/STM32_USB-FS-Device_Driver/libstm32usb.a(usb_init.o)
                0x20000fc0                SaveState
                0x20000fc4                pProperty
                0x20000fc8                EPindex
                0x20000fcc                Device_Info
                0x20000fe8                pUser_Standard_Requests
                0x20000fec                pInformation
                0x20000ff0                wInterrupt_Mask
 COMMON         0x20000ff2        0x4 lib/STM32_USB-FS-Device_Driver/libstm32usb.a(usb_int.o)
                0x20000ff2                SaveRState
                0x20000ff4                SaveTState
 *fill*         0x20000ff6        0x2 00
 COMMON         0x20000ff8        0x4 /home/laurence/CodeSourcery/Sourcery_G++_Lite/bin/../lib/gcc/arm-none-eabi/4.5.2/../../../../arm-none-eabi/lib/thumb2/libc.a(lib_a-reent.o)
                0x20000ff8                errno
 *(.ram.b)
                0x20001000                . = ALIGN (0x8)
 *fill*         0x20000ffc        0x4 00
                0x20001000                _ebss = .

.noinit         0x20001000        0x0 load address 0x0801be50
 *(.noinit)
                0x20001000                . = ALIGN (0x8)
                0x20001000                _end = .
                0x20005000                __cs3_region_end_ram = (__cs3_region_start_ram + 0x5000)
                0x00005000                __cs3_region_size_ram = 0x5000
                0x0801b7b8                __cs3_region_init_ram = LOADADDR (.data)
                0x00000698                __cs3_region_init_size_ram = (_edata - ADDR (.data))
                0x00000968                __cs3_region_zero_size_ram = (_end - _edata)
                0x00000001                __cs3_region_num = 0x1

.stab
 *(.stab)

.stabstr
 *(.stabstr)

.debug
 *(.debug)

.line
 *(.line)

.debug_srcinfo
 *(.debug_srcinfo)

.debug_sfnames
 *(.debug_sfnames)

.comment        0x00000000       0x64
 .comment       0x00000000       0x2a Sensors/ppg_new.o
                                 0x2b (size before relaxing)
 .comment       0x00000000       0x2b Sensors/pressure.o
 .comment       0x00000000       0x2b Sensors/temperature.o
 .comment       0x00000000       0x2b Util/USB/hw_config.o
 .comment       0x00000000       0x2b Util/USB/mass_mal.o
 .comment       0x00000000       0x2b Util/USB/memory.o
 .comment       0x00000000       0x2b Util/USB/scsi_data.o
 .comment       0x00000000       0x2b Util/USB/usb_bot.o
 .comment       0x00000000       0x2b Util/USB/usb_desc.o
 .comment       0x00000000       0x2b Util/USB/usb_endp.o
 .comment       0x00000000       0x2b Util/USB/usb_istr.o
 .comment       0x00000000       0x2b Util/USB/usb_prop.o
 .comment       0x00000000       0x2b Util/USB/usb_pwr.o
 .comment       0x00000000       0x2b Util/USB/usb_scsi.o
 .comment       0x00000000       0x2b Util/buffer.o
 .comment       0x00000000       0x2b Util/delay.o
 .comment       0x00000000       0x2b Util/fat_fs/option/cc932.o
 .comment       0x00000000       0x2b Util/fat_fs/option/syscall.o
 .comment       0x00000000       0x2b Util/fat_fs/src/fattime.o
 .comment       0x00000000       0x2b Util/fat_fs/src/ff.o
 .comment       0x00000000       0x2b Util/fat_fs/src/rtc.o
 .comment       0x00000000       0x2b Util/fat_fs/src/sd_spi_stm32.o
 .comment       0x00000000       0x2b Util/rprintf.o
 .comment       0x00000000       0x2b Util/stm32_eval_spi_sd.o
 .comment       0x00000000       0x2b adc.o
 .comment       0x00000000       0x2b gpio.o
 .comment       0x00000000       0x2b i2c_int.o
 .comment       0x00000000       0x2b interrupts.o
 .comment       0x00000000       0x2b lib/CMSIS_CM3/core_cm3.o
 .comment       0x00000000       0x2b lib/CMSIS_CM3/system_stm32f10x.o
 .comment       0x00000000       0x2b main.o
 .comment       0x00000000       0x2b pwr.o
 .comment       0x00000000       0x2b timer.o
 .comment       0x00000000       0x2b usart.o
 .comment       0x00000000       0x2b watchdog.o
 .comment       0x0000002a       0x3a lib/STM32F10x_StdPeriph_Driver/libstm32fw.a(misc.o)
                                 0x3b (size before relaxing)
 .comment       0x00000000       0x3b lib/STM32F10x_StdPeriph_Driver/libstm32fw.a(stm32f10x_adc.o)
 .comment       0x00000000       0x3b lib/STM32F10x_StdPeriph_Driver/libstm32fw.a(stm32f10x_bkp.o)
 .comment       0x00000000       0x3b lib/STM32F10x_StdPeriph_Driver/libstm32fw.a(stm32f10x_dbgmcu.o)
 .comment       0x00000000       0x3b lib/STM32F10x_StdPeriph_Driver/libstm32fw.a(stm32f10x_dma.o)
 .comment       0x00000000       0x3b lib/STM32F10x_StdPeriph_Driver/libstm32fw.a(stm32f10x_exti.o)
 .comment       0x00000000       0x3b lib/STM32F10x_StdPeriph_Driver/libstm32fw.a(stm32f10x_gpio.o)
 .comment       0x00000000       0x3b lib/STM32F10x_StdPeriph_Driver/libstm32fw.a(stm32f10x_i2c.o)
 .comment       0x00000000       0x3b lib/STM32F10x_StdPeriph_Driver/libstm32fw.a(stm32f10x_iwdg.o)
 .comment       0x00000000       0x3b lib/STM32F10x_StdPeriph_Driver/libstm32fw.a(stm32f10x_pwr.o)
 .comment       0x00000000       0x3b lib/STM32F10x_StdPeriph_Driver/libstm32fw.a(stm32f10x_rcc.o)
 .comment       0x00000000       0x3b lib/STM32F10x_StdPeriph_Driver/libstm32fw.a(stm32f10x_rtc.o)
 .comment       0x00000000       0x3b lib/STM32F10x_StdPeriph_Driver/libstm32fw.a(stm32f10x_spi.o)
 .comment       0x00000000       0x3b lib/STM32F10x_StdPeriph_Driver/libstm32fw.a(stm32f10x_tim.o)
 .comment       0x00000000       0x3b lib/STM32F10x_StdPeriph_Driver/libstm32fw.a(stm32f10x_usart.o)
 .comment       0x00000000       0x3b lib/STM32_USB-FS-Device_Driver/libstm32usb.a(usb_core.o)
 .comment       0x00000000       0x3b lib/STM32_USB-FS-Device_Driver/libstm32usb.a(usb_init.o)
 .comment       0x00000000       0x3b lib/STM32_USB-FS-Device_Driver/libstm32usb.a(usb_int.o)
 .comment       0x00000000       0x3b lib/STM32_USB-FS-Device_Driver/libstm32usb.a(usb_mem.o)
 .comment       0x00000000       0x3b lib/STM32_USB-FS-Device_Driver/libstm32usb.a(usb_regs.o)
 .comment       0x00000000       0x3b lib/STM32_USB-FS-Device_Driver/libstm32usb.a(usb_sil.o)

.debug_aranges  0x00000000      0x428
 *(.debug_aranges)
 .debug_aranges
                0x00000000       0x20 Sensors/ppg_new.o
 .debug_aranges
                0x00000020       0x20 Sensors/pressure.o
 .debug_aranges
                0x00000040       0x20 Sensors/temperature.o
 .debug_aranges
                0x00000060       0x20 Util/USB/hw_config.o
 .debug_aranges
                0x00000080       0x20 Util/USB/mass_mal.o
 .debug_aranges
                0x000000a0       0x20 Util/USB/memory.o
 .debug_aranges
                0x000000c0       0x20 Util/USB/usb_bot.o
 .debug_aranges
                0x000000e0       0x20 Util/USB/usb_endp.o
 .debug_aranges
                0x00000100       0x20 Util/USB/usb_istr.o
 .debug_aranges
                0x00000120       0x20 Util/USB/usb_prop.o
 .debug_aranges
                0x00000140       0x20 Util/USB/usb_pwr.o
 .debug_aranges
                0x00000160       0x20 Util/USB/usb_scsi.o
 .debug_aranges
                0x00000180       0x20 Util/buffer.o
 .debug_aranges
                0x000001a0       0x20 Util/delay.o
 .debug_aranges
                0x000001c0       0x20 Util/fat_fs/option/cc932.o
 .debug_aranges
                0x000001e0       0x20 Util/fat_fs/src/fattime.o
 .debug_aranges
                0x00000200       0x20 Util/fat_fs/src/ff.o
 .debug_aranges
                0x00000220       0x20 Util/fat_fs/src/rtc.o
 .debug_aranges
                0x00000240       0x20 Util/fat_fs/src/sd_spi_stm32.o
 .debug_aranges
                0x00000260       0x20 Util/rprintf.o
 .debug_aranges
                0x00000280       0x20 Util/stm32_eval_spi_sd.o
 .debug_aranges
                0x000002a0       0x20 adc.o
 .debug_aranges
                0x000002c0       0x20 gpio.o
 .debug_aranges
                0x000002e0       0x20 i2c_int.o
 .debug_aranges
                0x00000300       0x20 interrupts.o
 .debug_aranges
                0x00000320       0x20 lib/CMSIS_CM3/core_cm3.o
 .debug_aranges
                0x00000340       0x28 lib/CMSIS_CM3/startup/gcc/startup_stm32f10x_md.o
 .debug_aranges
                0x00000368       0x20 lib/CMSIS_CM3/system_stm32f10x.o
 .debug_aranges
                0x00000388       0x20 main.o
 .debug_aranges
                0x000003a8       0x20 pwr.o
 .debug_aranges
                0x000003c8       0x20 timer.o
 .debug_aranges
                0x000003e8       0x20 usart.o
 .debug_aranges
                0x00000408       0x20 watchdog.o

.debug_pubnames
                0x00000000     0x17af
 *(.debug_pubnames)
 .debug_pubnames
                0x00000000       0x87 Sensors/ppg_new.o
 .debug_pubnames
                0x00000087       0x80 Sensors/pressure.o
 .debug_pubnames
                0x00000107       0x8d Sensors/temperature.o
 .debug_pubnames
                0x00000194      0x113 Util/USB/hw_config.o
 .debug_pubnames
                0x000002a7       0xa5 Util/USB/mass_mal.o
 .debug_pubnames
                0x0000034c       0x7f Util/USB/memory.o
 .debug_pubnames
                0x000003cb       0xd2 Util/USB/scsi_data.o
 .debug_pubnames
                0x0000049d       0xd9 Util/USB/usb_bot.o
 .debug_pubnames
                0x00000576       0xb8 Util/USB/usb_desc.o
 .debug_pubnames
                0x0000062e       0x3b Util/USB/usb_endp.o
 .debug_pubnames
                0x00000669       0x56 Util/USB/usb_istr.o
 .debug_pubnames
                0x000006bf      0x1f6 Util/USB/usb_prop.o
 .debug_pubnames
                0x000008b5       0x83 Util/USB/usb_pwr.o
 .debug_pubnames
                0x00000938      0x195 Util/USB/usb_scsi.o
 .debug_pubnames
                0x00000acd       0x59 Util/buffer.o
 .debug_pubnames
                0x00000b26       0x1c Util/delay.o
 .debug_pubnames
                0x00000b42       0x31 Util/fat_fs/option/cc932.o
 .debug_pubnames
                0x00000b73       0x22 Util/fat_fs/src/fattime.o
 .debug_pubnames
                0x00000b95      0x14a Util/fat_fs/src/ff.o
 .debug_pubnames
                0x00000cdf       0x55 Util/fat_fs/src/rtc.o
 .debug_pubnames
                0x00000d34       0x75 Util/fat_fs/src/sd_spi_stm32.o
 .debug_pubnames
                0x00000da9       0xf9 Util/rprintf.o
 .debug_pubnames
                0x00000ea2      0x167 Util/stm32_eval_spi_sd.o
 .debug_pubnames
                0x00001009       0x66 adc.o
 .debug_pubnames
                0x0000106f       0x72 gpio.o
 .debug_pubnames
                0x000010e1       0xc7 i2c_int.o
 .debug_pubnames
                0x000011a8      0x175 interrupts.o
 .debug_pubnames
                0x0000131d      0x159 lib/CMSIS_CM3/core_cm3.o
 .debug_pubnames
                0x00001476       0xa3 lib/CMSIS_CM3/system_stm32f10x.o
 .debug_pubnames
                0x00001519      0x163 main.o
 .debug_pubnames
                0x0000167c       0x54 pwr.o
 .debug_pubnames
                0x000016d0       0x3b timer.o
 .debug_pubnames
                0x0000170b       0x64 usart.o
 .debug_pubnames
                0x0000176f       0x40 watchdog.o

.debug_info     0x00000000     0xfd9b
 *(.debug_info .gnu.linkonce.wi.*)
 .debug_info    0x00000000      0x6cb Sensors/ppg_new.o
 .debug_info    0x000006cb      0x1ed Sensors/pressure.o
 .debug_info    0x000008b8      0x123 Sensors/temperature.o
 .debug_info    0x000009db      0x731 Util/USB/hw_config.o
 .debug_info    0x0000110c      0x302 Util/USB/mass_mal.o
 .debug_info    0x0000140e      0x333 Util/USB/memory.o
 .debug_info    0x00001741      0x16b Util/USB/scsi_data.o
 .debug_info    0x000018ac      0x49d Util/USB/usb_bot.o
 .debug_info    0x00001d49      0x187 Util/USB/usb_desc.o
 .debug_info    0x00001ed0       0x98 Util/USB/usb_endp.o
 .debug_info    0x00001f68      0x311 Util/USB/usb_istr.o
 .debug_info    0x00002279      0x9b4 Util/USB/usb_prop.o
 .debug_info    0x00002c2d      0x3c3 Util/USB/usb_pwr.o
 .debug_info    0x00002ff0      0x899 Util/USB/usb_scsi.o
 .debug_info    0x00003889      0x1ba Util/buffer.o
 .debug_info    0x00003a43       0xc8 Util/delay.o
 .debug_info    0x00003b0b      0x1b9 Util/fat_fs/option/cc932.o
 .debug_info    0x00003cc4       0x77 Util/fat_fs/option/syscall.o
 .debug_info    0x00003d3b      0x15a Util/fat_fs/src/fattime.o
 .debug_info    0x00003e95     0x325b Util/fat_fs/src/ff.o
 .debug_info    0x000070f0      0x532 Util/fat_fs/src/rtc.o
 .debug_info    0x00007622     0x1841 Util/fat_fs/src/sd_spi_stm32.o
 .debug_info    0x00008e63      0xe1f Util/rprintf.o
 .debug_info    0x00009c82     0x1a18 Util/stm32_eval_spi_sd.o
 .debug_info    0x0000b69a      0x44d adc.o
 .debug_info    0x0000bae7      0x2a3 gpio.o
 .debug_info    0x0000bd8a      0x6ba i2c_int.o
 .debug_info    0x0000c444      0xf3e interrupts.o
 .debug_info    0x0000d382      0x543 lib/CMSIS_CM3/core_cm3.o
 .debug_info    0x0000d8c5       0x82 lib/CMSIS_CM3/startup/gcc/startup_stm32f10x_md.o
 .debug_info    0x0000d947      0x2d0 lib/CMSIS_CM3/system_stm32f10x.o
 .debug_info    0x0000dc17     0x13db main.o
 .debug_info    0x0000eff2      0x346 pwr.o
 .debug_info    0x0000f338      0x53c timer.o
 .debug_info    0x0000f874      0x449 usart.o
 .debug_info    0x0000fcbd       0xde watchdog.o

.debug_abbrev   0x00000000     0x32f6
 *(.debug_abbrev)
 .debug_abbrev  0x00000000      0x1d1 Sensors/ppg_new.o
 .debug_abbrev  0x000001d1      0x10a Sensors/pressure.o
 .debug_abbrev  0x000002db       0x79 Sensors/temperature.o
 .debug_abbrev  0x00000354      0x2d3 Util/USB/hw_config.o
 .debug_abbrev  0x00000627      0x111 Util/USB/mass_mal.o
 .debug_abbrev  0x00000738      0x110 Util/USB/memory.o
 .debug_abbrev  0x00000848       0x5c Util/USB/scsi_data.o
 .debug_abbrev  0x000008a4      0x198 Util/USB/usb_bot.o
 .debug_abbrev  0x00000a3c       0x63 Util/USB/usb_desc.o
 .debug_abbrev  0x00000a9f       0x41 Util/USB/usb_endp.o
 .debug_abbrev  0x00000ae0      0x113 Util/USB/usb_istr.o
 .debug_abbrev  0x00000bf3      0x1d0 Util/USB/usb_prop.o
 .debug_abbrev  0x00000dc3      0x1bd Util/USB/usb_pwr.o
 .debug_abbrev  0x00000f80      0x253 Util/USB/usb_scsi.o
 .debug_abbrev  0x000011d3       0xd8 Util/buffer.o
 .debug_abbrev  0x000012ab       0x7e Util/delay.o
 .debug_abbrev  0x00001329       0xd2 Util/fat_fs/option/cc932.o
 .debug_abbrev  0x000013fb       0x2c Util/fat_fs/option/syscall.o
 .debug_abbrev  0x00001427       0x97 Util/fat_fs/src/fattime.o
 .debug_abbrev  0x000014be      0x2f7 Util/fat_fs/src/ff.o
 .debug_abbrev  0x000017b5      0x213 Util/fat_fs/src/rtc.o
 .debug_abbrev  0x000019c8      0x32b Util/fat_fs/src/sd_spi_stm32.o
 .debug_abbrev  0x00001cf3      0x2e4 Util/rprintf.o
 .debug_abbrev  0x00001fd7      0x2e8 Util/stm32_eval_spi_sd.o
 .debug_abbrev  0x000022bf      0x143 adc.o
 .debug_abbrev  0x00002402      0x158 gpio.o
 .debug_abbrev  0x0000255a      0x1f5 i2c_int.o
 .debug_abbrev  0x0000274f      0x25f interrupts.o
 .debug_abbrev  0x000029ae       0xd2 lib/CMSIS_CM3/core_cm3.o
 .debug_abbrev  0x00002a80       0x12 lib/CMSIS_CM3/startup/gcc/startup_stm32f10x_md.o
 .debug_abbrev  0x00002a92      0x112 lib/CMSIS_CM3/system_stm32f10x.o
 .debug_abbrev  0x00002ba4      0x2ec main.o
 .debug_abbrev  0x00002e90      0x10c pwr.o
 .debug_abbrev  0x00002f9c      0x13f timer.o
 .debug_abbrev  0x000030db      0x186 usart.o
 .debug_abbrev  0x00003261       0x95 watchdog.o

.debug_line     0x00000000     0xc687
 *(.debug_line)
 .debug_line    0x00000000      0x7c6 Sensors/ppg_new.o
 .debug_line    0x000007c6      0x373 Sensors/pressure.o
 .debug_line    0x00000b39      0x502 Sensors/temperature.o
 .debug_line    0x0000103b      0x5fc Util/USB/hw_config.o
 .debug_line    0x00001637      0x56e Util/USB/mass_mal.o
 .debug_line    0x00001ba5      0x46a Util/USB/memory.o
 .debug_line    0x0000200f      0x339 Util/USB/scsi_data.o
 .debug_line    0x00002348      0x55c Util/USB/usb_bot.o
 .debug_line    0x000028a4      0x2ed Util/USB/usb_desc.o
 .debug_line    0x00002b91      0x3ba Util/USB/usb_endp.o
 .debug_line    0x00002f4b      0x3f5 Util/USB/usb_istr.o
 .debug_line    0x00003340      0x4a9 Util/USB/usb_prop.o
 .debug_line    0x000037e9      0x44d Util/USB/usb_pwr.o
 .debug_line    0x00003c36      0x653 Util/USB/usb_scsi.o
 .debug_line    0x00004289      0x4be Util/buffer.o
 .debug_line    0x00004747      0x2fd Util/delay.o
 .debug_line    0x00004a44       0xd8 Util/fat_fs/option/cc932.o
 .debug_line    0x00004b1c      0x2fc Util/fat_fs/option/syscall.o
 .debug_line    0x00004e18      0x179 Util/fat_fs/src/fattime.o
 .debug_line    0x00004f91     0x1c86 Util/fat_fs/src/ff.o
 .debug_line    0x00006c17      0x47f Util/fat_fs/src/rtc.o
 .debug_line    0x00007096      0x83e Util/fat_fs/src/sd_spi_stm32.o
 .debug_line    0x000078d4      0xcf2 Util/rprintf.o
 .debug_line    0x000085c6      0x9ab Util/stm32_eval_spi_sd.o
 .debug_line    0x00008f71      0x6f2 adc.o
 .debug_line    0x00009663      0x435 gpio.o
 .debug_line    0x00009a98      0x6c2 i2c_int.o
 .debug_line    0x0000a15a      0x7bd interrupts.o
 .debug_line    0x0000a917      0x198 lib/CMSIS_CM3/core_cm3.o
 .debug_line    0x0000aaaf       0x84 lib/CMSIS_CM3/startup/gcc/startup_stm32f10x_md.o
 .debug_line    0x0000ab33      0x336 lib/CMSIS_CM3/system_stm32f10x.o
 .debug_line    0x0000ae69      0x824 main.o
 .debug_line    0x0000b68d      0x388 pwr.o
 .debug_line    0x0000ba15      0x3e6 timer.o
 .debug_line    0x0000bdfb      0x584 usart.o
 .debug_line    0x0000c37f      0x308 watchdog.o

.debug_frame    0x00000000     0x2354
 *(.debug_frame)
 .debug_frame   0x00000000       0x98 Sensors/ppg_new.o
 .debug_frame   0x00000098       0x8c Sensors/pressure.o
 .debug_frame   0x00000124       0x40 Sensors/temperature.o
 .debug_frame   0x00000164       0xec Util/USB/hw_config.o
 .debug_frame   0x00000250       0x80 Util/USB/mass_mal.o
 .debug_frame   0x000002d0       0x50 Util/USB/memory.o
 .debug_frame   0x00000320       0xc0 Util/USB/usb_bot.o
 .debug_frame   0x000003e0       0x30 Util/USB/usb_endp.o
 .debug_frame   0x00000410       0x2c Util/USB/usb_istr.o
 .debug_frame   0x0000043c      0x11c Util/USB/usb_prop.o
 .debug_frame   0x00000558       0x90 Util/USB/usb_pwr.o
 .debug_frame   0x000005e8      0x180 Util/USB/usb_scsi.o
 .debug_frame   0x00000768       0x74 Util/buffer.o
 .debug_frame   0x000007dc       0x24 Util/delay.o
 .debug_frame   0x00000800       0x3c Util/fat_fs/option/cc932.o
 .debug_frame   0x0000083c       0x2c Util/fat_fs/src/fattime.o
 .debug_frame   0x00000868      0x564 Util/fat_fs/src/ff.o
 .debug_frame   0x00000dcc       0x84 Util/fat_fs/src/rtc.o
 .debug_frame   0x00000e50      0x12c Util/fat_fs/src/sd_spi_stm32.o
 .debug_frame   0x00000f7c      0x1d4 Util/rprintf.o
 .debug_frame   0x00001150      0x264 Util/stm32_eval_spi_sd.o
 .debug_frame   0x000013b4       0x78 adc.o
 .debug_frame   0x0000142c       0x78 gpio.o
 .debug_frame   0x000014a4       0xa0 i2c_int.o
 .debug_frame   0x00001544      0x164 interrupts.o
 .debug_frame   0x000016a8      0x170 lib/CMSIS_CM3/core_cm3.o
 .debug_frame   0x00001818       0x24 lib/CMSIS_CM3/system_stm32f10x.o
 .debug_frame   0x0000183c       0x94 main.o
 .debug_frame   0x000018d0       0x70 pwr.o
 .debug_frame   0x00001940       0x60 timer.o
 .debug_frame   0x000019a0       0x78 usart.o
 .debug_frame   0x00001a18       0x40 watchdog.o
 .debug_frame   0x00001a58       0x2c /home/laurence/CodeSourcery/Sourcery_G++_Lite/bin/../lib/gcc/arm-none-eabi/4.5.2/../../../../arm-none-eabi/lib/thumb2/libm.a(lib_a-sf_sin.o)
 .debug_frame   0x00001a84       0x30 /home/laurence/CodeSourcery/Sourcery_G++_Lite/bin/../lib/gcc/arm-none-eabi/4.5.2/../../../../arm-none-eabi/lib/thumb2/libm.a(lib_a-wf_asin.o)
 .debug_frame   0x00001ab4       0x30 /home/laurence/CodeSourcery/Sourcery_G++_Lite/bin/../lib/gcc/arm-none-eabi/4.5.2/../../../../arm-none-eabi/lib/thumb2/libm.a(lib_a-wf_sqrt.o)