Archive member included because of file (symbol)

lib/STM32F10x_StdPeriph_Driver/libstm32fw.a(misc.o)
                              interrupts.o (NVIC_PriorityGroupConfig)
lib/STM32F10x_StdPeriph_Driver/libstm32fw.a(stm32f10x_adc.o)
                              adc.o (ADC_DeInit)
lib/STM32F10x_StdPeriph_Driver/libstm32fw.a(stm32f10x_bkp.o)
                              Util/fat_fs/src/rtc.o (BKP_DeInit)
lib/STM32F10x_StdPeriph_Driver/libstm32fw.a(stm32f10x_dbgmcu.o)
                              main.o (DBGMCU_Config)
lib/STM32F10x_StdPeriph_Driver/libstm32fw.a(stm32f10x_dma.o)
                              Util/fat_fs/src/sd_spi_stm32.o (DMA_DeInit)
lib/STM32F10x_StdPeriph_Driver/libstm32fw.a(stm32f10x_exti.o)
                              interrupts.o (EXTI_DeInit)
lib/STM32F10x_StdPeriph_Driver/libstm32fw.a(stm32f10x_gpio.o)
                              Util/fat_fs/src/sd_spi_stm32.o (GPIO_Init)
lib/STM32F10x_StdPeriph_Driver/libstm32fw.a(stm32f10x_i2c.o)
                              i2c_int.o (I2C_DeInit)
lib/STM32F10x_StdPeriph_Driver/libstm32fw.a(stm32f10x_iwdg.o)
                              watchdog.o (IWDG_WriteAccessCmd)
lib/STM32F10x_StdPeriph_Driver/libstm32fw.a(stm32f10x_pwr.o)
                              pwr.o (PWR_DeInit)
lib/STM32F10x_StdPeriph_Driver/libstm32fw.a(stm32f10x_rcc.o)
                              interrupts.o (RCC_HCLKConfig)
lib/STM32F10x_StdPeriph_Driver/libstm32fw.a(stm32f10x_rtc.o)
                              Util/fat_fs/src/rtc.o (RTC_GetCounter)
lib/STM32F10x_StdPeriph_Driver/libstm32fw.a(stm32f10x_spi.o)
                              Util/fat_fs/src/sd_spi_stm32.o (SPI_I2S_DeInit)
lib/STM32F10x_StdPeriph_Driver/libstm32fw.a(stm32f10x_tim.o)
                              timer.o (TIM_DeInit)
lib/STM32F10x_StdPeriph_Driver/libstm32fw.a(stm32f10x_usart.o)
                              usart.o (USART_Init)
lib/STM32_USB-FS-Device_Driver/libstm32usb.a(usb_core.o)
                              Util/USB/usb_prop.o (Standard_GetDescriptorData)
lib/STM32_USB-FS-Device_Driver/libstm32usb.a(usb_init.o)
                              main.o (USB_Init)
lib/STM32_USB-FS-Device_Driver/libstm32usb.a(usb_int.o)
                              Util/USB/usb_istr.o (CTR_LP)
lib/STM32_USB-FS-Device_Driver/libstm32usb.a(usb_mem.o)
                              lib/STM32_USB-FS-Device_Driver/libstm32usb.a(usb_core.o) (UserToPMABufferCopy)
lib/STM32_USB-FS-Device_Driver/libstm32usb.a(usb_regs.o)
                              Util/USB/usb_prop.o (SetBTABLE)
lib/STM32_USB-FS-Device_Driver/libstm32usb.a(usb_sil.o)
                              Util/USB/usb_prop.o (USB_SIL_Init)
/home/laurence/CodeSourcery/Sourcery_G++_Lite/bin/../lib/gcc/arm-none-eabi/4.5.2/../../../../arm-none-eabi/lib/thumb2/libm.a(lib_a-sf_sin.o)
                              Sensors/ppg_new.o (sinf)
/home/laurence/CodeSourcery/Sourcery_G++_Lite/bin/../lib/gcc/arm-none-eabi/4.5.2/../../../../arm-none-eabi/lib/thumb2/libm.a(lib_a-wf_asin.o)
                              Sensors/ppg_new.o (asinf)
/home/laurence/CodeSourcery/Sourcery_G++_Lite/bin/../lib/gcc/arm-none-eabi/4.5.2/../../../../arm-none-eabi/lib/thumb2/libm.a(lib_a-wf_sqrt.o)
                              Sensors/ppg_new.o (sqrtf)
/home/laurence/CodeSourcery/Sourcery_G++_Lite/bin/../lib/gcc/arm-none-eabi/4.5.2/../../../../arm-none-eabi/lib/thumb2/libm.a(lib_a-ef_asin.o)
                              /home/laurence/CodeSourcery/Sourcery_G++_Lite/bin/../lib/gcc/arm-none-eabi/4.5.2/../../../../arm-none-eabi/lib/thumb2/libm.a(lib_a-wf_asin.o) (__ieee754_asinf)
/home/laurence/CodeSourcery/Sourcery_G++_Lite/bin/../lib/gcc/arm-none-eabi/4.5.2/../../../../arm-none-eabi/lib/thumb2/libm.a(lib_a-ef_rem_pio2.o)
                              /home/laurence/CodeSourcery/Sourcery_G++_Lite/bin/../lib/gcc/arm-none-eabi/4.5.2/../../../../arm-none-eabi/lib/thumb2/libm.a(lib_a-sf_sin.o) (__ieee754_rem_pio2f)
/home/laurence/CodeSourcery/Sourcery_G++_Lite/bin/../lib/gcc/arm-none-eabi/4.5.2/../../../../arm-none-eabi/lib/thumb2/libm.a(lib_a-ef_sqrt.o)
                              /home/laurence/CodeSourcery/Sourcery_G++_Lite/bin/../lib/gcc/arm-none-eabi/4.5.2/../../../../arm-none-eabi/lib/thumb2/libm.a(lib_a-wf_sqrt.o) (__ieee754_sqrtf)
/home/laurence/CodeSourcery/Sourcery_G++_Lite/bin/../lib/gcc/arm-none-eabi/4.5.2/../../../../arm-none-eabi/lib/thumb2/libm.a(lib_a-kf_cos.o)
                              /home/laurence/CodeSourcery/Sourcery_G++_Lite/bin/../lib/gcc/arm-none-eabi/4.5.2/../../../../arm-none-eabi/lib/thumb2/libm.a(lib_a-sf_sin.o) (__kernel_cosf)
/home/laurence/CodeSourcery/Sourcery_G++_Lite/bin/../lib/gcc/arm-none-eabi/4.5.2/../../../../arm-none-eabi/lib/thumb2/libm.a(lib_a-kf_rem_pio2.o)
                              /home/laurence/CodeSourcery/Sourcery_G++_Lite/bin/../lib/gcc/arm-none-eabi/4.5.2/../../../../arm-none-eabi/lib/thumb2/libm.a(lib_a-ef_rem_pio2.o) (__kernel_rem_pio2f)
[...]
Memory Configuration

Name             Origin             Length             Attributes
ram              0x20000000         0x00005000         xrw
rom              0x08000000         0x00020000         xr
*default*        0x00000000         0xffffffff

Linker script and memory map

LOAD /home/laurence/CodeSourcery/Sourcery_G++_Lite/bin/../lib/gcc/arm-none-eabi/4.5.2/thumb2/crti.o
LOAD /home/laurence/CodeSourcery/Sourcery_G++_Lite/bin/../lib/gcc/arm-none-eabi/4.5.2/thumb2/crtbegin.o
LOAD Sensors/ppg_new.o
LOAD Sensors/pressure.o
LOAD Sensors/temperature.o
LOAD Util/USB/hw_config.o
LOAD Util/USB/mass_mal.o
LOAD Util/USB/memory.o
LOAD Util/USB/scsi_data.o
LOAD Util/USB/usb_bot.o
LOAD Util/USB/usb_desc.o
LOAD Util/USB/usb_endp.o
LOAD Util/USB/usb_istr.o
LOAD Util/USB/usb_prop.o
LOAD Util/USB/usb_pwr.o
LOAD Util/USB/usb_scsi.o
LOAD Util/buffer.o
LOAD Util/delay.o
LOAD Util/fat_fs/option/cc932.o
LOAD Util/fat_fs/option/syscall.o
LOAD Util/fat_fs/src/fattime.o
LOAD Util/fat_fs/src/ff.o
LOAD Util/fat_fs/src/rtc.o
LOAD Util/fat_fs/src/sd_spi_stm32.o
LOAD Util/rprintf.o
LOAD adc.o
LOAD gpio.o
LOAD i2c_int.o
LOAD interrupts.o
LOAD lib/CMSIS_CM3/core_cm3.o
LOAD lib/CMSIS_CM3/startup/gcc/startup_stm32f10x_md.o
LOAD lib/CMSIS_CM3/system_stm32f10x.o
LOAD main.o
LOAD pwr.o
LOAD timer.o
LOAD usart.o
LOAD watchdog.o
LOAD lib/STM32F10x_StdPeriph_Driver/libstm32fw.a
LOAD lib/STM32_USB-FS-Device_Driver/libstm32usb.a
LOAD /home/laurence/CodeSourcery/Sourcery_G++_Lite/bin/../lib/gcc/arm-none-eabi/4.5.2/../../../../arm-none-eabi/lib/thumb2/libm.a
START GROUP
LOAD /home/laurence/CodeSourcery/Sourcery_G++_Lite/bin/../lib/gcc/arm-none-eabi/4.5.2/thumb2/libgcc.a
LOAD /home/laurence/CodeSourcery/Sourcery_G++_Lite/bin/../lib/gcc/arm-none-eabi/4.5.2/../../../../arm-none-eabi/lib/thumb2/libc.a
END GROUP
LOAD /home/laurence/CodeSourcery/Sourcery_G++_Lite/bin/../lib/gcc/arm-none-eabi/4.5.2/thumb2/crtend.o
LOAD /home/laurence/CodeSourcery/Sourcery_G++_Lite/bin/../lib/gcc/arm-none-eabi/4.5.2/thumb2/crtn.o
START GROUP
LOAD /home/laurence/CodeSourcery/Sourcery_G++_Lite/bin/../lib/gcc/arm-none-eabi/4.5.2/thumb2/libgcc.a
LOAD /home/laurence/CodeSourcery/Sourcery_G++_Lite/bin/../lib/gcc/arm-none-eabi/4.5.2/../../../../arm-none-eabi/lib/thumb2/libc.a
LOAD /home/laurence/CodeSourcery/Sourcery_G++_Lite/bin/../lib/gcc/arm-none-eabi/4.5.2/../../../../arm-none-eabi/lib/thumb2/libcs3.a
LOAD /home/laurence/CodeSourcery/Sourcery_G++_Lite/bin/../lib/gcc/arm-none-eabi/4.5.2/../../../../arm-none-eabi/lib/thumb2/libcs3unhosted.a
LOAD lib/libcs3-lanchon-stm32.a
END GROUP
                0x20005000                PROVIDE (__cs3_stack, (__cs3_region_start_ram + __cs3_region_size_ram))
                0x20001008                PROVIDE (__cs3_heap_start, _end)
                0x20005000                PROVIDE (__cs3_heap_end, (__cs3_region_start_ram + __cs3_region_size_ram))

.text           0x08000000    0x1bb58
 CREATE_OBJECT_SYMBOLS
                0x08000000                __cs3_region_start_rom = .
 *(.cs3.region-head.rom)
                0x08000000                __cs3_interrupt_vector = __cs3_interrupt_vector_lanchon_stm32
 *(.cs3.interrupt_vector)
 .cs3.interrupt_vector
                0x08000000       0xec lib/libcs3-lanchon-stm32.a(lanchon-stm32-vector.o)
                0x08000000                __cs3_interrupt_vector_lanchon_stm32
                0x08000001                ASSERT ((. != __cs3_interrupt_vector_lanchon_stm32), No interrupt vector)
 *(.rom)
 *(.rom.b)
                0x08013cac                PROVIDE (__cs3_reset_lanchon_stm32, _start)
                0x08013cac                __cs3_reset = __cs3_reset_lanchon_stm32
 *(.cs3.reset)
 *(.text .text.* .gnu.linkonce.t.*)
 .text          0x080000ec       0x30 /home/laurence/CodeSourcery/Sourcery_G++_Lite/bin/../lib/gcc/arm-none-eabi/4.5.2/thumb2/crtbegin.o
 *fill*         0x0800011c        0x4 00
 .text          0x08000120      0x5d8 Sensors/ppg_new.o
                0x08000120                PPG_LO_Filter
                0x080003f0                PPG_Automatic_Brightness_Control
                0x08000634                PPG_correct_brightness
                0x080006c0                PWM_Linear
 .text          0x080006f8      0x258 Sensors/pressure.o
                0x080006f8                calibrate_sensor
                0x08000744                conv_adc_diff
                0x0800077c                conv_diff
                0x080007ac                filterloop
 .text          0x08000950       0x88 Sensors/temperature.o
                0x08000950                convert_die_temp
                0x0800096c                convert_tmp102_temp
                0x080009a0                convert_thermistor_temp
 .text          0x080009d8      0x298 Util/USB/hw_config.o
                0x080009d8                Set_System
                0x080009e0                Set_USBClock
                0x080009f8                Enter_LowPowerMode
                0x08000a04                Leave_LowPowerMode
                0x08000a24                USB_Interrupts_Config
                0x08000a60                Led_RW_ON
                0x08000a70                Led_RW_OFF
                0x08000a80                USB_Configured_LED
                0x08000a90                USB_NotConfigured_LED
                0x08000aa0                USB_Cable_Config
                0x08000aa4                Get_SerialNum
                0x08000c68                MAL_Config
 .text          0x08000c70      0x118 Util/USB/mass_mal.o
                0x08000c70                MAL_Init
                0x08000cbc                MAL_Write
                0x08000cf4                MAL_Read
                0x08000d24                MAL_GetStatus
 .text          0x08000d88      0x23c Util/USB/memory.o
                0x08000d88                Read_Memory
                0x08000ec8                Write_Memory
 .text          0x08000fc4      0x628 Util/USB/usb_bot.o
                0x08000fc4                Mass_Storage_In
                0x0800104c                CBW_Decode
                0x080014ac                Mass_Storage_Out
                0x0800153c                Transfer_Data_Request
                0x08001570                Set_CSW
                0x080015ac                Bot_Abort
 .text          0x080015ec        0x8 Util/USB/usb_endp.o
                0x080015ec                EP1_IN_Callback
                0x080015f0                EP2_OUT_Callback
 .text          0x080015f4       0xf0 Util/USB/usb_istr.o
                0x080015f4                USB_Istr
 .text          0x080016e4      0x268 Util/USB/usb_prop.o
                0x080016e4                Mass_Storage_SetDeviceAddress
                0x080016f0                MASS_Status_In
                0x080016f4                MASS_Status_Out
                0x080016f8                MASS_Get_Interface_Setting
                0x08001708                Get_Max_Lun
                0x08001720                MASS_Data_Setup
                0x08001764                MASS_GetStringDescriptor
                0x08001784                MASS_GetConfigDescriptor
                0x08001790                MASS_GetDeviceDescriptor
                0x0800179c                MASS_NoData_Setup
                0x080017ec                Mass_Storage_SetConfiguration
                0x0800181c                Mass_Storage_ClearFeature
                0x08001838                MASS_Reset
                0x08001928                MASS_init
 .text          0x0800194c      0x1c8 Util/USB/usb_pwr.o
                0x0800194c                PowerOn
                0x0800197c                PowerOff
                0x080019a0                Suspend
                0x080019e4                Resume_Init
                0x08001a24                Resume
 .text          0x08001b14      0x44c Util/USB/usb_scsi.o
                0x08001b14                SCSI_Inquiry_Cmd
                0x08001b4c                SCSI_ReadFormatCapacity_Cmd
                0x08001bc0                SCSI_ReadCapacity10_Cmd
                0x08001c3c                SCSI_ModeSense6_Cmd
                0x08001c48                SCSI_ModeSense10_Cmd
                0x08001c54                SCSI_RequestSense_Cmd
                0x08001c6c                Set_Scsi_Sense_Data
                0x08001c78                SCSI_Start_Stop_Unit_Cmd
                0x08001c80                SCSI_Read10_Cmd
                0x08001d30                SCSI_Write10_Cmd
                0x08001ddc                SCSI_Verify10_Cmd
                0x08001e1c                SCSI_Valid_Cmd
                0x08001e54                SCSI_TestUnitReady_Cmd
                0x08001e88                SCSI_Format_Cmd
                0x08001ea0                SCSI_Invalid_Cmd
                0x08001edc                SCSI_Address_Management
 .text          0x08001f60       0x84 Util/buffer.o
                0x08001f60                Add_To_Buffer
                0x08001f94                Get_From_Buffer
                0x08001fc8                Empty_Buffer
                0x08001fd0                init_buffer
 .text          0x08001fe4       0x34 Util/delay.o
                0x08001fe4                Delay
 .text          0x08002018      0x25c Util/fat_fs/option/cc932.o
                0x08002018                ff_convert
                0x08002244                ff_wtoupper
 .text          0x08002274       0x48 Util/fat_fs/src/fattime.o
                0x08002274                get_fattime
 .text          0x080022bc     0x643c Util/fat_fs/src/ff.o
                0x08002ba4                clust2sect
                0x08002bc0                get_fat
                0x08003164                put_fat
                0x08004f08                gen_numname
                0x08005ba0                f_mount
                0x08005bc0                f_open
                0x0800602c                f_read
                0x08006414                f_write
                0x08006848                f_sync
                0x08006a20                f_close
                0x08006a30                f_lseek
                0x08006bfc                f_opendir
                0x08006c68                f_readdir
                0x08006cdc                f_stat
                0x08006d24                f_getfree
                0x08006f88                f_truncate
                0x080070f8                f_unlink
                0x08007210                f_mkdir
                0x08007638                f_chmod
                0x08007694                f_utime
                0x080076f4                f_rename
                0x080079b4                f_gets
                0x08007ad0                f_putc
                0x08007af4                f_puts
                0x08007b30                f_printf
 .text          0x080086f8      0x484 Util/fat_fs/src/rtc.o
                0x080086f8                rtc_gettime
                0x08008878                my_RTC_SetCounter
                0x0800889c                rtc_settime
                0x08008ad0                rtc_init
 .text          0x08008b7c      0xeb0 Util/fat_fs/src/sd_spi_stm32.o
                0x08008fc8                release_spi
                0x08008ffc                wrapup_transaction
                0x08009028                stop_cmd
                0x08009030                rcvr_datablock
                0x080090d0                disk_initialize
                0x0800927c                disk_status
                0x0800928c                disk_read
                0x08009474                disk_write
                0x08009614                disk_ioctl
                0x080099f0                disk_timerproc
 .text          0x08009a2c     0x182c Util/rprintf.o
                0x08009a2c                rprintfInit
                0x08009a38                rprintfChar
                0x08009a60                rprintfStr
                0x08009a98                rprintfStrLen
                0x08009c5c                rprintfCRLF
                0x08009c74                rprintfu04
                0x08009ca0                rprintfu08
                0x08009ce8                rprintfu16
                0x08009d84                rprintfu32
                0x08009ed0                rprintfNum
                0x0800a140                rprintfFloat
                0x0800a404                rprintf2RamRom
                0x0800b200                Isdigit
                0x0800b210                atoiRamRom
                0x0800b248                rStrLen
 .text          0x0800b258      0x24c adc.o
                0x0800b258                ADC_Configuration
                0x0800b424                readADC2
                0x0800b45c                setADC2
                0x0800b47c                getADC2
 .text          0x0800b4a4      0x220 gpio.o
                0x0800b4a4                setup_gpio
                0x0800b638                switch_leds_on
                0x0800b660                switch_leds_off
                0x0800b688                red_flash
                0x0800b6b8                get_wkup
 .text          0x0800b6c4      0x884 i2c_int.o
                0x0800b6c4                I2C1_EV_IRQHandler
                0x0800bc5c                I2C1_Request_Job
                0x0800bcb0                I2C1_Setup_Job
                0x0800bcc4                I2C_Config
                0x0800be4c                I2C1_ER_IRQHandler
 .text          0x0800bf48      0x710 interrupts.o
                0x0800bf48                ISR_Config
                0x0800bfc4                EXTI_ONOFF_EN
                0x0800c024                DMA_ISR_Config
                0x0800c048                DMA_ISR_Config_SPI2
                0x0800c084                SysTick_Configuration
                0x0800c0b0                EXTI0_IRQHandler
                0x0800c148                DMAChannel1_IRQHandler
                0x0800c21c                DMAChannel4_IRQHandler
                0x0800c264                ADC1_2_IRQHandler
                0x0800c2f8                SysTickHandler
                0x0800c63c                USB_HP_CAN_TX_IRQHandler
                0x0800c640                USB_LP_CAN_RX0_IRQHandler
                0x0800c644                NMIException
                0x0800c648                HardFaultException
                0x0800c64c                MemManageException
                0x0800c650                BusFaultException
                0x0800c654                UsageFaultException
 .text.Default_Handler
                0x0800c658        0x2 lib/CMSIS_CM3/startup/gcc/startup_stm32f10x_md.o
                0x0800c658                EXTI2_IRQHandler
                0x0800c658                DebugMon_Handler
                0x0800c658                TIM1_CC_IRQHandler
                0x0800c658                HardFault_Handler
                0x0800c658                SysTick_Handler
                0x0800c658                PVD_IRQHandler
                0x0800c658                PendSV_Handler
                0x0800c658                NMI_Handler
                0x0800c658                EXTI3_IRQHandler
                0x0800c658                I2C2_EV_IRQHandler
                0x0800c658                UsageFault_Handler
                0x0800c658                SPI1_IRQHandler
                0x0800c658                TAMPER_IRQHandler
                0x0800c658                DMA1_Channel4_IRQHandler
                0x0800c658                USART3_IRQHandler
                0x0800c658                RTC_IRQHandler
                0x0800c658                DMA1_Channel7_IRQHandler
                0x0800c658                CAN1_RX1_IRQHandler
                0x0800c658                TIM4_IRQHandler
                0x0800c658                DMA1_Channel6_IRQHandler
                0x0800c658                TIM3_IRQHandler
                0x0800c658                RCC_IRQHandler
                0x0800c658                TIM1_TRG_COM_IRQHandler
                0x0800c658                DMA1_Channel1_IRQHandler
                0x0800c658                Default_Handler
                0x0800c658                EXTI15_10_IRQHandler
                0x0800c658                EXTI9_5_IRQHandler
                0x0800c658                SPI2_IRQHandler
                0x0800c658                MemManage_Handler
                0x0800c658                SVC_Handler
                0x0800c658                DMA1_Channel5_IRQHandler
                0x0800c658                EXTI4_IRQHandler
                0x0800c658                USB_LP_CAN1_RX0_IRQHandler
                0x0800c658                USB_HP_CAN1_TX_IRQHandler
                0x0800c658                DMA1_Channel3_IRQHandler
                0x0800c658                TIM1_UP_IRQHandler
                0x0800c658                WWDG_IRQHandler
                0x0800c658                TIM2_IRQHandler
                0x0800c658                TIM1_BRK_IRQHandler
                0x0800c658                EXTI1_IRQHandler
                0x0800c658                RTCAlarm_IRQHandler
                0x0800c658                USART2_IRQHandler
                0x0800c658                I2C2_ER_IRQHandler
                0x0800c658                DMA1_Channel2_IRQHandler
                0x0800c658                CAN1_SCE_IRQHandler
                0x0800c658                FLASH_IRQHandler
                0x0800c658                BusFault_Handler
                0x0800c658                USART1_IRQHandler
                0x0800c658                USBWakeUp_IRQHandler
 *fill*         0x0800c65a        0x2 00
 .text          0x0800c65c       0xfc lib/CMSIS_CM3/system_stm32f10x.o
                0x0800c65c                SystemInit
 .text          0x0800c758      0x790 main.o
                0x0800c758                __str_print_char
                0x0800c784                __fat_print_char
                0x0800c7a4                detect_sensors
                0x0800c8c8                main
 .text          0x0800cee8       0x70 pwr.o
                0x0800cee8                setuppwr
                0x0800cefc                shutdown
                0x0800cf0c                disable_pin
                0x0800cf14                shutdown_filesystem
 .text          0x0800cf58      0x294 timer.o
                0x0800cf58                setup_pwm
                0x0800d1a8                Set_Motor
 .text          0x0800d1ec      0x110 usart.o
                0x0800d1ec                Usarts_Init
                0x0800d298                Default_Usart_Config
                0x0800d2b4                Usart_Send_Str
                0x0800d2e0                __usart_send_char
 .text          0x0800d2fc       0x40 watchdog.o
                0x0800d2fc                Watchdog_Config
                0x0800d328                Watchdog_Reset_Detect
 .text          0x0800d33c       0xb8 lib/STM32F10x_StdPeriph_Driver/libstm32fw.a(misc.o)
                0x0800d33c                NVIC_PriorityGroupConfig
                0x0800d350                NVIC_Init
                0x0800d3b0                NVIC_SetVectorTable
                0x0800d3c4                NVIC_SystemLPConfig
                0x0800d3dc                SysTick_CLKSourceConfig
 .text          0x0800d3f4      0x380 lib/STM32F10x_StdPeriph_Driver/libstm32fw.a(stm32f10x_adc.o)
                0x0800d3f4                ADC_DeInit
                0x0800d450                ADC_Init
                0x0800d49c                ADC_StructInit
                0x0800d4ae                ADC_Cmd
                0x0800d4c2                ADC_DMACmd
                0x0800d4d6                ADC_ITConfig
                0x0800d4ea                ADC_ResetCalibration
                0x0800d4f4                ADC_GetResetCalibrationStatus
                0x0800d4fc                ADC_StartCalibration
                0x0800d506                ADC_GetCalibrationStatus
                0x0800d50e                ADC_SoftwareStartConvCmd
                0x0800d522                ADC_GetSoftwareStartConvStatus
                0x0800d52a                ADC_DiscModeChannelCountConfig
                0x0800d53a                ADC_DiscModeCmd
                0x0800d54e                ADC_RegularChannelConfig
                0x0800d5dc                ADC_ExternalTrigConvCmd
                0x0800d5f0                ADC_GetConversionValue
                0x0800d5f6                ADC_GetDualModeConversionValue
                0x0800d600                ADC_AutoInjectedConvCmd
                0x0800d614                ADC_InjectedDiscModeCmd
                0x0800d628                ADC_ExternalTrigInjectedConvConfig
                0x0800d636                ADC_ExternalTrigInjectedConvCmd
                0x0800d64a                ADC_SoftwareStartInjectedConvCmd
                0x0800d65e                ADC_GetSoftwareStartInjectedConvCmdStatus
                0x0800d666                ADC_InjectedChannelConfig
                0x0800d6c2                ADC_InjectedSequencerLengthConfig
                0x0800d6d2                ADC_SetInjectedOffset
                0x0800d6e8                ADC_GetInjectedConversionValue
                0x0800d702                ADC_AnalogWatchdogCmd
                0x0800d714                ADC_AnalogWatchdogThresholdsConfig
                0x0800d71a                ADC_AnalogWatchdogSingleChannelConfig
                0x0800d728                ADC_TempSensorVrefintCmd
                0x0800d744                ADC_GetFlagStatus
                0x0800d750                ADC_ClearFlag
                0x0800d756                ADC_GetITStatus
                0x0800d76c                ADC_ClearITPendingBit
 .text          0x0800d774       0xe0 lib/STM32F10x_StdPeriph_Driver/libstm32fw.a(stm32f10x_bkp.o)
                0x0800d774                BKP_DeInit
                0x0800d786                BKP_TamperPinLevelConfig
                0x0800d790                BKP_TamperPinCmd
                0x0800d79c                BKP_ITConfig
                0x0800d7a8                BKP_RTCOutputConfig
                0x0800d7c0                BKP_SetRTCCalibrationValue
                0x0800d7d8                BKP_WriteBackupRegister
                0x0800d7f4                BKP_ReadBackupRegister
                0x0800d814                BKP_GetFlagStatus
                0x0800d820                BKP_ClearFlag
                0x0800d834                BKP_GetITStatus
                0x0800d840                BKP_ClearITPendingBit
 .text          0x0800d854       0x34 lib/STM32F10x_StdPeriph_Driver/libstm32fw.a(stm32f10x_dbgmcu.o)
                0x0800d854                DBGMCU_GetREVID
                0x0800d860                DBGMCU_GetDEVID
                0x0800d870                DBGMCU_Config
 .text          0x0800d888      0x1f0 lib/STM32F10x_StdPeriph_Driver/libstm32fw.a(stm32f10x_dma.o)
                0x0800d888                DMA_DeInit
                0x0800d984                DMA_Init
                0x0800d9c4                DMA_StructInit
                0x0800d9de                DMA_Cmd
                0x0800d9f2                DMA_ITConfig
                0x0800da04                DMA_GetCurrDataCounter
                0x0800da0a                DMA_GetFlagStatus
                0x0800da28                DMA_ClearFlag
                0x0800da40                DMA_GetITStatus
                0x0800da60                DMA_ClearITPendingBit
 .text          0x0800da78      0x108 lib/STM32F10x_StdPeriph_Driver/libstm32fw.a(stm32f10x_exti.o)
                0x0800da78                EXTI_DeInit
                0x0800da94                EXTI_Init
                0x0800db18                EXTI_StructInit
                0x0800db26                EXTI_GenerateSWInterrupt
                0x0800db38                EXTI_GetFlagStatus
                0x0800db4c                EXTI_ClearFlag
                0x0800db58                EXTI_GetITStatus
                0x0800db74                EXTI_ClearITPendingBit
 .text          0x0800db80      0x278 lib/STM32F10x_StdPeriph_Driver/libstm32fw.a(stm32f10x_gpio.o)
                0x0800db80                GPIO_DeInit
                0x0800dc2c                GPIO_AFIODeInit
                0x0800dc42                GPIO_Init
                0x0800dcda                GPIO_StructInit
                0x0800dcea                GPIO_ReadInputDataBit
                0x0800dcf6                GPIO_ReadInputData
                0x0800dcfc                GPIO_ReadOutputDataBit
                0x0800dd08                GPIO_ReadOutputData
                0x0800dd0e                GPIO_SetBits
                0x0800dd12                GPIO_ResetBits
                0x0800dd16                GPIO_WriteBit
                0x0800dd20                GPIO_Write
                0x0800dd24                GPIO_PinLockConfig
                0x0800dd34                GPIO_EventOutputConfig
                0x0800dd54                GPIO_EventOutputCmd
                0x0800dd60                GPIO_PinRemapConfig
                0x0800ddb8                GPIO_EXTILineConfig
                0x0800ddec                GPIO_ETH_MediaInterfaceConfig
 .text          0x0800ddf8      0x3b4 lib/STM32F10x_StdPeriph_Driver/libstm32fw.a(stm32f10x_i2c.o)
                0x0800ddf8                I2C_DeInit
                0x0800de2c                I2C_Init
                0x0800defc                I2C_StructInit
                0x0800df18                I2C_Cmd
                0x0800df32                I2C_DMACmd
                0x0800df4c                I2C_DMALastTransferCmd
                0x0800df66                I2C_GenerateSTART
                0x0800df80                I2C_GenerateSTOP
                0x0800df9a                I2C_AcknowledgeConfig
                0x0800dfb4                I2C_OwnAddress2Config
                0x0800dfca                I2C_DualAddressCmd
                0x0800dfe4                I2C_GeneralCallCmd
                0x0800dffe                I2C_ITConfig
                0x0800e014                I2C_SendData
                0x0800e018                I2C_ReceiveData
                0x0800e01e                I2C_Send7bitAddress
                0x0800e02e                I2C_ReadRegister
                0x0800e046                I2C_SoftwareResetCmd
                0x0800e05e                I2C_SMBusAlertConfig
                0x0800e07c                I2C_TransmitPEC
                0x0800e096                I2C_PECPositionConfig
                0x0800e0b4                I2C_CalculatePEC
                0x0800e0ce                I2C_GetPEC
                0x0800e0d6                I2C_ARPCmd
                0x0800e0f0                I2C_StretchClockCmd
                0x0800e10a                I2C_FastModeDutyCycleConfig
                0x0800e128                I2C_GetLastEvent
                0x0800e138                I2C_CheckEvent
                0x0800e150                I2C_GetFlagStatus
                0x0800e184                I2C_ClearFlag
                0x0800e18a                I2C_GetITStatus
                0x0800e1a6                I2C_ClearITPendingBit
 .text          0x0800e1ac       0x58 lib/STM32F10x_StdPeriph_Driver/libstm32fw.a(stm32f10x_iwdg.o)
                0x0800e1ac                IWDG_WriteAccessCmd
                0x0800e1b8                IWDG_SetPrescaler
                0x0800e1c4                IWDG_SetReload
                0x0800e1d0                IWDG_ReloadCounter
                0x0800e1e0                IWDG_Enable
                0x0800e1f0                IWDG_GetFlagStatus
 .text          0x0800e204       0xcc lib/STM32F10x_StdPeriph_Driver/libstm32fw.a(stm32f10x_pwr.o)
                0x0800e208                PWR_DeInit
                0x0800e222                PWR_BackupAccessCmd
                0x0800e22c                PWR_PVDCmd
                0x0800e238                PWR_PVDLevelConfig
                0x0800e24c                PWR_WakeUpPinCmd
                0x0800e258                PWR_EnterSTOPMode
                0x0800e284                PWR_EnterSTANDBYMode
                0x0800e2ac                PWR_GetFlagStatus
                0x0800e2c0                PWR_ClearFlag
 .text          0x0800e2d0      0x360 lib/STM32F10x_StdPeriph_Driver/libstm32fw.a(stm32f10x_rcc.o)
                0x0800e2d0                RCC_DeInit
                0x0800e310                RCC_HSEConfig
                0x0800e348                RCC_AdjustHSICalibrationValue
                0x0800e35c                RCC_HSICmd
                0x0800e368                RCC_PLLConfig
                0x0800e380                RCC_PLLCmd
                0x0800e38c                RCC_SYSCLKConfig
                0x0800e3a0                RCC_GetSYSCLKSource
                0x0800e3b0                RCC_HCLKConfig
                0x0800e3c4                RCC_PCLK1Config
                0x0800e3d8                RCC_PCLK2Config
                0x0800e3ec                RCC_ITConfig
                0x0800e404                RCC_USBCLKConfig
                0x0800e410                RCC_ADCCLKConfig
                0x0800e424                RCC_LSEConfig
                0x0800e444                RCC_LSICmd
                0x0800e450                RCC_RTCCLKConfig
                0x0800e460                RCC_RTCCLKCmd
                0x0800e46c                RCC_GetClocksFreq
                0x0800e510                RCC_AHBPeriphClockCmd
                0x0800e528                RCC_APB2PeriphClockCmd
                0x0800e540                RCC_APB1PeriphClockCmd
                0x0800e558                RCC_APB2PeriphResetCmd
                0x0800e570                RCC_APB1PeriphResetCmd
                0x0800e588                RCC_BackupResetCmd
                0x0800e594                RCC_ClockSecuritySystemCmd
                0x0800e5a0                RCC_MCOConfig
                0x0800e5ac                RCC_GetFlagStatus
                0x0800e5d4                RCC_WaitForHSEStartUp
                0x0800e600                RCC_ClearFlag
                0x0800e610                RCC_GetITStatus
                0x0800e624                RCC_ClearITPendingBit
 .text          0x0800e630      0x158 lib/STM32F10x_StdPeriph_Driver/libstm32fw.a(stm32f10x_rtc.o)
                0x0800e630                RTC_ITConfig
                0x0800e64c                RTC_EnterConfigMode
                0x0800e660                RTC_ExitConfigMode
                0x0800e674                RTC_GetCounter
                0x0800e688                RTC_SetCounter
                0x0800e6a4                RTC_SetPrescaler
                0x0800e6c4                RTC_SetAlarm
                0x0800e6e0                RTC_GetDivider
                0x0800e6f8                RTC_WaitForLastTask
                0x0800e708                RTC_WaitForSynchro
                0x0800e728                RTC_GetFlagStatus
                0x0800e73c                RTC_ClearFlag
                0x0800e750                RTC_GetITStatus
                0x0800e774                RTC_ClearITPendingBit
 .text          0x0800e788      0x2d4 lib/STM32F10x_StdPeriph_Driver/libstm32fw.a(stm32f10x_spi.o)
                0x0800e788                SPI_I2S_DeInit
                0x0800e7ec                SPI_Init
                0x0800e82c                I2S_Init
                0x0800e8cc                SPI_StructInit
                0x0800e8e4                I2S_StructInit
                0x0800e8f6                SPI_Cmd
                0x0800e910                I2S_Cmd
                0x0800e92a                SPI_I2S_ITConfig
                0x0800e948                SPI_I2S_DMACmd
                0x0800e95e                SPI_I2S_SendData
                0x0800e962                SPI_I2S_ReceiveData
                0x0800e968                SPI_NSSInternalSoftwareConfig
                0x0800e988                SPI_SSOutputCmd
                0x0800e9a2                SPI_DataSizeConfig
                0x0800e9ba                SPI_TransmitCRC
                0x0800e9c6                SPI_CalculateCRC
                0x0800e9e0                SPI_GetCRC
                0x0800e9f0                SPI_GetCRCPolynomial
                0x0800e9f6                SPI_BiDirectionalLineConfig
                0x0800ea14                SPI_I2S_GetFlagStatus
                0x0800ea20                SPI_I2S_ClearFlag
                0x0800ea26                SPI_I2S_GetITStatus
                0x0800ea4c                SPI_I2S_ClearITPendingBit
 .text          0x0800ea5c      0xa80 lib/STM32F10x_StdPeriph_Driver/libstm32fw.a(stm32f10x_tim.o)
                0x0800eaca                TIM_DeInit
                0x0800eb94                TIM_TimeBaseInit
                0x0800ebd0                TIM_OC1Init
                0x0800ec50                TIM_OC2Init
                0x0800ecd8                TIM_OC3Init
                0x0800ed5c                TIM_OC4Init
                0x0800edc0                TIM_BDTRConfig
                0x0800ede2                TIM_TimeBaseStructInit
                0x0800edf4                TIM_OCStructInit
                0x0800ee08                TIM_ICStructInit
                0x0800ee18                TIM_BDTRStructInit
                0x0800ee2a                TIM_Cmd
                0x0800ee44                TIM_CtrlPWMOutputs
                0x0800ee62                TIM_ITConfig
                0x0800ee78                TIM_GenerateEvent
                0x0800ee7c                TIM_DMAConfig
                0x0800ee84                TIM_DMACmd
                0x0800ee9a                TIM_InternalClockConfig
                0x0800eea8                TIM_ETRConfig
                0x0800eebe                TIM_ETRClockMode2Config
                0x0800eed2                TIM_ETRClockMode1Config
                0x0800eeec                TIM_PrescalerConfig
                0x0800eef2                TIM_CounterModeConfig
                0x0800ef04                TIM_SelectInputTrigger
                0x0800ef16                TIM_TIxExternalClockConfig
                0x0800ef44                TIM_ITRxExternalClockConfig
                0x0800ef58                TIM_EncoderInterfaceConfig
                0x0800ef96                TIM_ForcedOC1Config
                0x0800efa8                TIM_ForcedOC2Config
                0x0800efba                TIM_ForcedOC3Config
                0x0800efcc                TIM_ForcedOC4Config
                0x0800efde                TIM_ARRPreloadConfig
                0x0800eff8                TIM_SelectCOM
                0x0800f012                TIM_SelectCCDMA
                0x0800f02c                TIM_CCPreloadControl
                0x0800f046                TIM_OC1PreloadConfig
                0x0800f058                TIM_OC2PreloadConfig
                0x0800f06a                TIM_OC3PreloadConfig
                0x0800f07c                TIM_OC4PreloadConfig
                0x0800f08e                TIM_OC1FastConfig
                0x0800f0a0                TIM_OC2FastConfig
                0x0800f0b2                TIM_OC3FastConfig
                0x0800f0c4                TIM_OC4FastConfig
                0x0800f0d6                TIM_ClearOC1Ref
                0x0800f0e8                TIM_ClearOC2Ref
                0x0800f0f6                TIM_ClearOC3Ref
                0x0800f108                TIM_ClearOC4Ref
                0x0800f116                TIM_OC1PolarityConfig
                0x0800f128                TIM_OC1NPolarityConfig
                0x0800f13a                TIM_OC2PolarityConfig
                0x0800f14c                TIM_OC2NPolarityConfig
                0x0800f15e                TIM_OC3PolarityConfig
                0x0800f170                TIM_OC3NPolarityConfig
                0x0800f182                TIM_OC4PolarityConfig
                0x0800f194                TIM_CCxCmd
                0x0800f1b2                TIM_CCxNCmd
                0x0800f1d0                TIM_SelectOCxM
                0x0800f21c                TIM_UpdateDisableConfig
                0x0800f236                TIM_UpdateRequestConfig
                0x0800f250                TIM_SelectHallSensor
                0x0800f26a                TIM_SelectOnePulseMode
                0x0800f282                TIM_SelectOutputTrigger
                0x0800f29a                TIM_SelectSlaveMode
                0x0800f2b2                TIM_SelectMasterSlaveMode
                0x0800f2ca                TIM_SetCounter
                0x0800f2ce                TIM_SetAutoreload
                0x0800f2d2                TIM_SetCompare1
                0x0800f2d6                TIM_SetCompare2
                0x0800f2da                TIM_SetCompare3
                0x0800f2de                TIM_SetCompare4
                0x0800f2e4                TIM_SetIC1Prescaler
                0x0800f2fc                TIM_SetIC2Prescaler
                0x0800f314                TIM_PWMIConfig
                0x0800f380                TIM_SetIC3Prescaler
                0x0800f398                TIM_SetIC4Prescaler
                0x0800f3b0                TIM_ICInit
                0x0800f474                TIM_SetClockDivision
                0x0800f486                TIM_GetCapture1
                0x0800f48c                TIM_GetCapture2
                0x0800f492                TIM_GetCapture3
                0x0800f498                TIM_GetCapture4
                0x0800f4a0                TIM_GetCounter
                0x0800f4a6                TIM_GetPrescaler
                0x0800f4ac                TIM_GetFlagStatus
                0x0800f4b8                TIM_ClearFlag
                0x0800f4be                TIM_GetITStatus
                0x0800f4d4                TIM_ClearITPendingBit
 .text          0x0800f4dc      0x374 lib/STM32F10x_StdPeriph_Driver/libstm32fw.a(stm32f10x_usart.o)
                0x0800f4dc                USART_DeInit
                0x0800f574                USART_Init
                0x0800f604                USART_StructInit
                0x0800f61a                USART_ClockInit
                0x0800f640                USART_ClockStructInit
                0x0800f64c                USART_Cmd
                0x0800f666                USART_ITConfig
                0x0800f69c                USART_DMACmd
                0x0800f6b2                USART_SetAddress
                0x0800f6ca                USART_WakeUpConfig
                0x0800f6e2                USART_ReceiverWakeUpCmd
                0x0800f6fc                USART_LINBreakDetectLengthConfig
                0x0800f714                USART_LINCmd
                0x0800f72e                USART_SendData
                0x0800f736                USART_ReceiveData
                0x0800f73e                USART_SendBreak
                0x0800f74a                USART_SetGuardTime
                0x0800f75c                USART_SetPrescaler
                0x0800f770                USART_SmartCardCmd
                0x0800f78a                USART_SmartCardNACKCmd
                0x0800f7a4                USART_HalfDuplexCmd
                0x0800f7be                USART_IrDAConfig
                0x0800f7d6                USART_IrDACmd
                0x0800f7f0                USART_GetFlagStatus
                0x0800f7fc                USART_ClearFlag
                0x0800f802                USART_GetITStatus
                0x0800f842                USART_ClearITPendingBit
 .text          0x0800f850      0xa54 lib/STM32_USB-FS-Device_Driver/libstm32usb.a(usb_core.o)
                0x0800f850                Standard_GetConfiguration
                0x0800f878                Standard_GetInterface
                0x0800f8a0                Standard_GetStatus
                0x0800fa14                Standard_SetConfiguration
                0x0800fa50                Standard_SetInterface
                0x0800faa0                Standard_ClearFeature
                0x0800fb9c                Standard_SetEndPointFeature
                0x0800fc50                Standard_SetDeviceFeature
                0x0800fc74                Standard_GetDescriptorData
                0x0800fc90                Post0_Process
                0x0800fcd8                Out0_Process
                0x0800fdb4                Setup0_Process
                0x08010184                SetDeviceAddress
                0x08010240                In0_Process
                0x080102a0                NOP_Process
 .text          0x080102a4       0x38 lib/STM32_USB-FS-Device_Driver/libstm32usb.a(usb_init.o)
                0x080102a4                USB_Init
 .text          0x080102dc      0x25c lib/STM32_USB-FS-Device_Driver/libstm32usb.a(usb_int.o)
                0x080102dc                CTR_LP
                0x080104a4                CTR_HP
 .text          0x08010538       0xb8 lib/STM32_USB-FS-Device_Driver/libstm32usb.a(usb_mem.o)
                0x08010538                UserToPMABufferCopy
                0x080105a0                PMAToUserBufferCopy
 .text          0x080105f0      0x880 lib/STM32_USB-FS-Device_Driver/libstm32usb.a(usb_regs.o)
                0x080105f0                SetCNTR
                0x080105fc                GetCNTR
                0x08010608                SetISTR
                0x08010614                GetISTR
                0x08010620                GetFNR
                0x0801062c                SetDADDR
                0x08010638                GetDADDR
                0x08010644                SetBTABLE
                0x08010658                GetBTABLE
                0x08010664                SetENDPOINT
                0x08010674                GetENDPOINT
                0x08010684                SetEPType
                0x080106a0                GetEPType
                0x080106b4                SetEPTxStatus
                0x080106f4                SetEPRxStatus
                0x08010734                SetDouBleBuffEPStall
                0x0801075c                GetEPTxStatus
                0x08010770                GetEPRxStatus
                0x08010784                SetEPTxValid
                0x080107a8                SetEPRxValid
                0x080107cc                SetEP_KIND
                0x080107ec                ClearEP_KIND
                0x0801080c                Clear_Status_Out
                0x0801082c                Set_Status_Out
                0x0801084c                SetEPDoubleBuff
                0x0801086c                ClearEPDoubleBuff
                0x0801088c                GetTxStallStatus
                0x080108ac                GetRxStallStatus
                0x080108cc                ClearEP_CTR_RX
                0x080108e4                ClearEP_CTR_TX
                0x080108fc                ToggleDTOG_RX
                0x0801091c                ToggleDTOG_TX
                0x0801093c                ClearDTOG_RX
                0x08010964                ClearDTOG_TX
                0x0801098c                SetEPAddress
                0x080109b0                GetEPAddress
                0x080109c4                SetEPTxAddr
                0x080109e8                SetEPRxAddr
                0x08010a10                GetEPTxAddr
                0x08010a30                GetEPRxAddr
                0x08010a50                SetEPTxCount
                0x08010a70                SetEPCountRxReg
                0x08010a9c                SetEPRxCount
                0x08010ae4                GetEPTxCount
                0x08010b08                GetEPRxCount
                0x08010b2c                SetEPDblBuffAddr
                0x08010b74                SetEPDblBuf0Addr
                0x08010b98                SetEPDblBuf1Addr
                0x08010bc0                GetEPDblBuf0Addr
                0x08010be0                GetEPDblBuf1Addr
                0x08010c00                SetEPDblBuffCount
                0x08010cac                SetEPDblBuf0Count
                0x08010d14                SetEPDblBuf1Count
                0x08010d7c                GetEPDblBuf0Count
                0x08010da0                GetEPDblBuf1Count
                0x08010dc4                GetEPDblBufDir
                0x08010e0c                FreeUserBuffer
                0x08010e5c                ToWord
                0x08010e64                ByteSwap
 .text          0x08010e70       0x6c lib/STM32_USB-FS-Device_Driver/libstm32usb.a(usb_sil.o)
                0x08010e70                USB_SIL_Init
                0x08010e90                USB_SIL_Write
                0x08010eb8                USB_SIL_Read
 .text          0x08010edc       0x78 /home/laurence/CodeSourcery/Sourcery_G++_Lite/bin/../lib/gcc/arm-none-eabi/4.5.2/../../../../arm-none-eabi/lib/thumb2/libm.a(lib_a-sf_sin.o)
                0x08010edc                sinf
 .text          0x08010f54       0xa8 /home/laurence/CodeSourcery/Sourcery_G++_Lite/bin/../lib/gcc/arm-none-eabi/4.5.2/../../../../arm-none-eabi/lib/thumb2/libm.a(lib_a-wf_asin.o)
                0x08010f54                asinf
 .text          0x08010ffc       0xa4 /home/laurence/CodeSourcery/Sourcery_G++_Lite/bin/../lib/gcc/arm-none-eabi/4.5.2/../../../../arm-none-eabi/lib/thumb2/libm.a(lib_a-wf_sqrt.o)
                0x08010ffc                sqrtf
 .text          0x080110a0      0x318 /home/laurence/CodeSourcery/Sourcery_G++_Lite/bin/../lib/gcc/arm-none-eabi/4.5.2/../../../../arm-none-eabi/lib/thumb2/libm.a(lib_a-ef_asin.o)
                0x080110a0                __ieee754_asinf
 .text          0x080113b8      0x358 /home/laurence/CodeSourcery/Sourcery_G++_Lite/bin/../lib/gcc/arm-none-eabi/4.5.2/../../../../arm-none-eabi/lib/thumb2/libm.a(lib_a-ef_rem_pio2.o)
                0x080113b8                __ieee754_rem_pio2f
 .text          0x08011710       0xb0 /home/laurence/CodeSourcery/Sourcery_G++_Lite/bin/../lib/gcc/arm-none-eabi/4.5.2/../../../../arm-none-eabi/lib/thumb2/libm.a(lib_a-ef_sqrt.o)
                0x08011710                __ieee754_sqrtf
 .text          0x080117c0      0x1b8 /home/laurence/CodeSourcery/Sourcery_G++_Lite/bin/../lib/gcc/arm-none-eabi/4.5.2/../../../../arm-none-eabi/lib/thumb2/libm.a(lib_a-kf_cos.o)
                0x080117c0                __kernel_cosf
 .text          0x08011978      0x63c /home/laurence/CodeSourcery/Sourcery_G++_Lite/bin/../lib/gcc/arm-none-eabi/4.5.2/../../../../arm-none-eabi/lib/thumb2/libm.a(lib_a-kf_rem_pio2.o)
                0x08011978                __kernel_rem_pio2f
 .text          0x08011fb4      0x100 /home/laurence/CodeSourcery/Sourcery_G++_Lite/bin/../lib/gcc/arm-none-eabi/4.5.2/../../../../arm-none-eabi/lib/thumb2/libm.a(lib_a-kf_sin.o)
                0x08011fb4                __kernel_sinf
 .text          0x080120b4        0x4 /home/laurence/CodeSourcery/Sourcery_G++_Lite/bin/../lib/gcc/arm-none-eabi/4.5.2/../../../../arm-none-eabi/lib/thumb2/libm.a(lib_a-s_matherr.o)
                0x080120b4                matherr
 .text          0x080120b8        0xc /home/laurence/CodeSourcery/Sourcery_G++_Lite/bin/../lib/gcc/arm-none-eabi/4.5.2/../../../../arm-none-eabi/lib/thumb2/libm.a(lib_a-s_nan.o)
                0x080120b8                nan
 .text          0x080120c4        0x8 /home/laurence/CodeSourcery/Sourcery_G++_Lite/bin/../lib/gcc/arm-none-eabi/4.5.2/../../../../arm-none-eabi/lib/thumb2/libm.a(lib_a-sf_fabs.o)
                0x080120c4                fabsf
 .text          0x080120cc       0xa0 /home/laurence/CodeSourcery/Sourcery_G++_Lite/bin/../lib/gcc/arm-none-eabi/4.5.2/../../../../arm-none-eabi/lib/thumb2/libm.a(lib_a-sf_floor.o)
                0x080120cc                floorf
 .text          0x0801216c       0x7c /home/laurence/CodeSourcery/Sourcery_G++_Lite/bin/../lib/gcc/arm-none-eabi/4.5.2/../../../../arm-none-eabi/lib/thumb2/libm.a(lib_a-sf_fpclassify.o)
                0x0801216c                __fpclassifyf
 .text          0x080121e8       0xc0 /home/laurence/CodeSourcery/Sourcery_G++_Lite/bin/../lib/gcc/arm-none-eabi/4.5.2/../../../../arm-none-eabi/lib/thumb2/libm.a(lib_a-sf_scalbn.o)
                0x080121e8                scalbnf
 .text          0x080122a8       0x10 /home/laurence/CodeSourcery/Sourcery_G++_Lite/bin/../lib/gcc/arm-none-eabi/4.5.2/../../../../arm-none-eabi/lib/thumb2/libm.a(lib_a-sf_copysign.o)
                0x080122a8                copysignf
 .text          0x080122b8      0x370 /home/laurence/CodeSourcery/Sourcery_G++_Lite/bin/../lib/gcc/arm-none-eabi/4.5.2/thumb2/libgcc.a(_arm_addsubdf3.o)
                0x080122b8                __aeabi_drsub
                0x080122c0                __aeabi_dsub
                0x080122c0                __subdf3
                0x080122c4                __adddf3
                0x080122c4                __aeabi_dadd
                0x0801253c                __aeabi_ui2d
                0x0801253c                __floatunsidf
                0x0801255c                __floatsidf
                0x0801255c                __aeabi_i2d
                0x08012580                __extendsfdf2
                0x08012580                __aeabi_f2d
                0x080125bc                __aeabi_ul2d
                0x080125bc                __floatundidf
                0x080125cc                __floatdidf
                0x080125cc                __aeabi_l2d
 .text          0x08012628      0x424 /home/laurence/CodeSourcery/Sourcery_G++_Lite/bin/../lib/gcc/arm-none-eabi/4.5.2/thumb2/libgcc.a(_arm_muldivdf3.o)
                0x08012628                __aeabi_dmul
                0x08012628                __muldf3
                0x0801287c                __aeabi_ddiv
                0x0801287c                __divdf3
 .text          0x08012a4c      0x110 /home/laurence/CodeSourcery/Sourcery_G++_Lite/bin/../lib/gcc/arm-none-eabi/4.5.2/thumb2/libgcc.a(_arm_cmpdf2.o)
                0x08012a4c                __gtdf2
                0x08012a4c                __gedf2
                0x08012a54                __ltdf2
                0x08012a54                __ledf2
                0x08012a5c                __cmpdf2
                0x08012a5c                __eqdf2
                0x08012a5c                __nedf2
                0x08012ad8                __aeabi_cdrcmple
                0x08012ae8                __aeabi_cdcmple
                0x08012ae8                __aeabi_cdcmpeq
                0x08012af8                __aeabi_dcmpeq
                0x08012b0c                __aeabi_dcmplt
                0x08012b20                __aeabi_dcmple
                0x08012b34                __aeabi_dcmpge
                0x08012b48                __aeabi_dcmpgt
 .text          0x08012b5c       0x50 /home/laurence/CodeSourcery/Sourcery_G++_Lite/bin/../lib/gcc/arm-none-eabi/4.5.2/thumb2/libgcc.a(_arm_fixdfsi.o)
                0x08012b5c                __fixdfsi
                0x08012b5c                __aeabi_d2iz
 .text          0x08012bac       0x40 /home/laurence/CodeSourcery/Sourcery_G++_Lite/bin/../lib/gcc/arm-none-eabi/4.5.2/thumb2/libgcc.a(_arm_fixunsdfsi.o)
                0x08012bac                __fixunsdfsi
                0x08012bac                __aeabi_d2uiz
 .text          0x08012bec       0xa0 /home/laurence/CodeSourcery/Sourcery_G++_Lite/bin/../lib/gcc/arm-none-eabi/4.5.2/thumb2/libgcc.a(_arm_truncdfsf2.o)
                0x08012bec                __aeabi_d2f
                0x08012bec                __truncdfsf2
 .text          0x08012c8c      0x21c /home/laurence/CodeSourcery/Sourcery_G++_Lite/bin/../lib/gcc/arm-none-eabi/4.5.2/thumb2/libgcc.a(_arm_addsubsf3.o)
                0x08012c8c                __aeabi_frsub
                0x08012c94                __subsf3
                0x08012c94                __aeabi_fsub
                0x08012c98                __aeabi_fadd
                0x08012c98                __addsf3
                0x08012df8                __aeabi_ui2f
                0x08012df8                __floatunsisf
                0x08012e00                __aeabi_i2f
                0x08012e00                __floatsisf
                0x08012e1c                __floatundisf
                0x08012e1c                __aeabi_ul2f
                0x08012e2c                __floatdisf
                0x08012e2c                __aeabi_l2f
 .text          0x08012ea8      0x2a0 /home/laurence/CodeSourcery/Sourcery_G++_Lite/bin/../lib/gcc/arm-none-eabi/4.5.2/thumb2/libgcc.a(_arm_muldivsf3.o)
                0x08012ea8                __mulsf3
                0x08012ea8                __aeabi_fmul
                0x08013010                __divsf3
                0x08013010                __aeabi_fdiv
 .text          0x08013148       0xec /home/laurence/CodeSourcery/Sourcery_G++_Lite/bin/../lib/gcc/arm-none-eabi/4.5.2/thumb2/libgcc.a(_arm_cmpsf2.o)
                0x08013148                __gtsf2
                0x08013148                __gesf2
                0x08013150                __lesf2
                0x08013150                __ltsf2
                0x08013158                __nesf2
                0x08013158                __eqsf2
                0x08013158                __cmpsf2
                0x080131b8                __aeabi_cfrcmple
                0x080131c0                __aeabi_cfcmple
                0x080131c0                __aeabi_cfcmpeq
                0x080131d0                __aeabi_fcmpeq
                0x080131e4                __aeabi_fcmplt
                0x080131f8                __aeabi_fcmple
                0x0801320c                __aeabi_fcmpge
                0x08013220                __aeabi_fcmpgt
 .text          0x08013234       0x4c /home/laurence/CodeSourcery/Sourcery_G++_Lite/bin/../lib/gcc/arm-none-eabi/4.5.2/thumb2/libgcc.a(_arm_fixsfsi.o)
                0x08013234                __fixsfsi
                0x08013234                __aeabi_f2iz
 .text          0x08013280       0x40 /home/laurence/CodeSourcery/Sourcery_G++_Lite/bin/../lib/gcc/arm-none-eabi/4.5.2/thumb2/libgcc.a(_arm_fixunssfsi.o)
                0x08013280                __aeabi_f2uiz
                0x08013280                __fixunssfsi
 .text          0x080132c0        0xc /home/laurence/CodeSourcery/Sourcery_G++_Lite/bin/../lib/gcc/arm-none-eabi/4.5.2/../../../../arm-none-eabi/lib/thumb2/libc.a(lib_a-errno.o)
                0x080132c0                __errno
 .text          0x080132cc       0x20 /home/laurence/CodeSourcery/Sourcery_G++_Lite/bin/../lib/gcc/arm-none-eabi/4.5.2/../../../../arm-none-eabi/lib/thumb2/libc.a(lib_a-malloc.o)
                0x080132cc                malloc
                0x080132dc                free
 .text          0x080132ec      0x57c /home/laurence/CodeSourcery/Sourcery_G++_Lite/bin/../lib/gcc/arm-none-eabi/4.5.2/../../../../arm-none-eabi/lib/thumb2/libc.a(lib_a-mallocr.o)
                0x080132ec                _malloc_r
 .text          0x08013868       0xb4 /home/laurence/CodeSourcery/Sourcery_G++_Lite/bin/../lib/gcc/arm-none-eabi/4.5.2/../../../../arm-none-eabi/lib/thumb2/libc.a(lib_a-memset.o)
                0x08013868                memset
 .text          0x0801391c        0x8 /home/laurence/CodeSourcery/Sourcery_G++_Lite/bin/../lib/gcc/arm-none-eabi/4.5.2/../../../../arm-none-eabi/lib/thumb2/libc.a(lib_a-mlock.o)
                0x0801391c                __malloc_lock
                0x08013920                __malloc_unlock
 .text          0x08013924       0x28 /home/laurence/CodeSourcery/Sourcery_G++_Lite/bin/../lib/gcc/arm-none-eabi/4.5.2/../../../../arm-none-eabi/lib/thumb2/libc.a(lib_a-sbrkr.o)
                0x08013924                _sbrk_r
 .text          0x0801394c       0x60 /home/laurence/CodeSourcery/Sourcery_G++_Lite/bin/../lib/gcc/arm-none-eabi/4.5.2/../../../../arm-none-eabi/lib/thumb2/libc.a(lib_a-strlen.o)
                0x0801394c                strlen
 .text          0x080139ac      0x240 /home/laurence/CodeSourcery/Sourcery_G++_Lite/bin/../lib/gcc/arm-none-eabi/4.5.2/../../../../arm-none-eabi/lib/thumb2/libc.a(lib_a-freer.o)
                0x080139ac                _malloc_trim_r
                0x08013a54                _free_r
 .text          0x08013bec       0x30 /home/laurence/CodeSourcery/Sourcery_G++_Lite/bin/../lib/gcc/arm-none-eabi/4.5.2/../../../../arm-none-eabi/lib/thumb2/libcs3.a(start_c.o)
                0x08013bec                __cs3_premain
 .text.cs3.init
                0x08013c1c       0x50 /home/laurence/CodeSourcery/Sourcery_G++_Lite/bin/../lib/gcc/arm-none-eabi/4.5.2/../../../../arm-none-eabi/lib/thumb2/libcs3.a(start_c.o)
                0x08013c1c                __cs3_start_c
 .text          0x08013c6c       0x40 /home/laurence/CodeSourcery/Sourcery_G++_Lite/bin/../lib/gcc/arm-none-eabi/4.5.2/../../../../arm-none-eabi/lib/thumb2/libcs3unhosted.a(unhosted-sbrk.o)
                0x08013c6c                _sbrk
 .text.cs3.init
                0x08013cac       0x10 /home/laurence/CodeSourcery/Sourcery_G++_Lite/bin/../lib/gcc/arm-none-eabi/4.5.2/../../../../arm-none-eabi/lib/thumb2/libcs3unhosted.a(unhosted-start.o)
                0x08013cac                _start
 .text          0x08013cbc        0x2 lib/libcs3-lanchon-stm32.a(lanchon_stm32_isr_interrupt.o)
                0x08013cbc                DMAChannel7_IRQHandler
                0x08013cbc                DebugMonitor
                0x08013cbc                SVCHandler
                0x08013cbc                __STM32ReservedException8
                0x08013cbc                __STM32DefaultExceptionHandler
                0x08013cbc                CAN_SCE_IRQHandler
                0x08013cbc                __STM32ReservedException10
                0x08013cbc                __STM32ReservedException13
                0x08013cbc                PendSVC
                0x08013cbc                CAN_RX1_IRQHandler
                0x08013cbc                ADC_IRQHandler
                0x08013cbc                DMAChannel5_IRQHandler
                0x08013cbc                DMAChannel2_IRQHandler
                0x08013cbc                __STM32ReservedException7
                0x08013cbc                DMAChannel6_IRQHandler
                0x08013cbc                DMAChannel3_IRQHandler
                0x08013cbc                __STM32ReservedException9
 *fill*         0x08013cbe        0x2 00
 .text          0x08013cc0       0x50 /home/laurence/CodeSourcery/Sourcery_G++_Lite/bin/../lib/gcc/arm-none-eabi/4.5.2/../../../../arm-none-eabi/lib/thumb2/libc.a(lib_a-init.o)
                0x08013cc0                __libc_init_array
 *(.plt)
 *(.gnu.warning)
 *(.glue_7t)
 .glue_7t       0x00000000        0x0 linker stubs
 *(.glue_7)
 .glue_7        0x00000000        0x0 linker stubs
 *(.vfp11_veneer)
 .vfp11_veneer  0x00000000        0x0 linker stubs
 *(.rodata .rodata.* .gnu.linkonce.r.*)
 .rodata        0x08013d10       0x90 Sensors/ppg_new.o
 .rodata        0x08013da0       0xac Util/USB/usb_desc.o
                0x08013da0                MASS_DeviceDescriptor
                0x08013db4                MASS_ConfigDescriptor
                0x08013dd4                MASS_StringLangID
                0x08013dd8                MASS_StringVendor
                0x08013e0c                MASS_StringProduct
                0x08013e3c                MASS_StringInterface
 .rodata        0x08013e4c     0x7738 Util/fat_fs/option/cc932.o
 .rodata.str1.4
                0x0801b584       0x13 Util/fat_fs/src/ff.o
                                 0x14 (size before relaxing)
 *fill*         0x0801b597        0x1 00
 .rodata        0x0801b598        0xc Util/fat_fs/src/rtc.o
 .rodata        0x0801b5a4       0x14 Util/rprintf.o
 .rodata.str1.4
                0x0801b5b8       0x1a Util/rprintf.o
                                 0x1c (size before relaxing)
 *fill*         0x0801b5d2        0x2 00
 .rodata        0x0801b5d4        0x4 i2c_int.o
                0x0801b5d4                TMP102_setup
 .rodata.str1.4
                0x0801b5d8       0x10 interrupts.o
 .rodata        0x0801b5e8       0x14 lib/CMSIS_CM3/system_stm32f10x.o
                0x0801b5e8                SystemFrequency
                0x0801b5ec                SystemFrequency_SysClk
                0x0801b5f0                SystemFrequency_AHBClk
                0x0801b5f4                SystemFrequency_APB1Clk
                0x0801b5f8                SystemFrequency_APB2Clk
 .rodata.str1.4
                0x0801b5fc       0xcd main.o
                                 0xd4 (size before relaxing)
 *fill*         0x0801b6c9        0x3 00
 .rodata.str1.4
                0x0801b6cc       0x16 pwr.o
                                 0x18 (size before relaxing)
 *fill*         0x0801b6e2        0x2 00
 .rodata.str1.4
                0x0801b6e4        0x6 /home/laurence/CodeSourcery/Sourcery_G++_Lite/bin/../lib/gcc/arm-none-eabi/4.5.2/../../../../arm-none-eabi/lib/thumb2/libm.a(lib_a-wf_asin.o)
                                  0xc (size before relaxing)
 *fill*         0x0801b6ea        0x2 00
 .rodata.str1.4
                0x0801b6ec        0x8 /home/laurence/CodeSourcery/Sourcery_G++_Lite/bin/../lib/gcc/arm-none-eabi/4.5.2/../../../../arm-none-eabi/lib/thumb2/libm.a(lib_a-wf_sqrt.o)
 .rodata        0x0801b6f4      0x398 /home/laurence/CodeSourcery/Sourcery_G++_Lite/bin/../lib/gcc/arm-none-eabi/4.5.2/../../../../arm-none-eabi/lib/thumb2/libm.a(lib_a-ef_rem_pio2.o)
 .rodata        0x0801ba8c       0x38 /home/laurence/CodeSourcery/Sourcery_G++_Lite/bin/../lib/gcc/arm-none-eabi/4.5.2/../../../../arm-none-eabi/lib/thumb2/libm.a(lib_a-kf_rem_pio2.o)
 .rodata        0x0801bac4       0x60 /home/laurence/CodeSourcery/Sourcery_G++_Lite/bin/../lib/gcc/arm-none-eabi/4.5.2/../../../../arm-none-eabi/lib/thumb2/libc.a(lib_a-findfp.o)
                0x0801bac4                __sf_fake_stdin
                0x0801bae4                __sf_fake_stdout
                0x0801bb04                __sf_fake_stderr
 .rodata.str1.4
                0x00000000        0x4 /home/laurence/CodeSourcery/Sourcery_G++_Lite/bin/../lib/gcc/arm-none-eabi/4.5.2/../../../../arm-none-eabi/lib/thumb2/libc.a(lib_a-impure.o)
 *(.ARM.extab* .gnu.linkonce.armextab.*)
 *(.gcc_except_table)
 *(.eh_frame_hdr)
 *(.eh_frame)
                0x0801bb24                . = ALIGN (0x4)
 *(.init)
 .init          0x0801bb24        0x4 /home/laurence/CodeSourcery/Sourcery_G++_Lite/bin/../lib/gcc/arm-none-eabi/4.5.2/thumb2/crti.o
                0x0801bb24                _init
 .init          0x0801bb28        0x8 /home/laurence/CodeSourcery/Sourcery_G++_Lite/bin/../lib/gcc/arm-none-eabi/4.5.2/thumb2/crtn.o
                0x0801bb30                . = ALIGN (0x4)
                0x0801bb30                _sidata = .
                0x0801bb30                __preinit_array_start = .
 *(.preinit_array)
                0x0801bb30                __preinit_array_end = .
                0x0801bb30                . = ALIGN (0x4)
                0x0801bb30                __init_array_start = .
 *(SORT(.init_array.*))
 *(.init_array)
 .init_array    0x0801bb30        0x4 /home/laurence/CodeSourcery/Sourcery_G++_Lite/bin/../lib/gcc/arm-none-eabi/4.5.2/thumb2/crtbegin.o
                0x0801bb34                __init_array_end = .
                0x0801bb34                . = ALIGN (0x4)
 *crtbegin.o(.ctors)
 *(EXCLUDE_FILE(*crtend.o) .ctors)
 *(SORT(.ctors.*))
 *crtend.o(.ctors)
                0x0801bb34                . = ALIGN (0x4)
 *(.fini)
 .fini          0x0801bb34        0x4 /home/laurence/CodeSourcery/Sourcery_G++_Lite/bin/../lib/gcc/arm-none-eabi/4.5.2/thumb2/crti.o
                0x0801bb34                _fini
 .fini          0x0801bb38        0x8 /home/laurence/CodeSourcery/Sourcery_G++_Lite/bin/../lib/gcc/arm-none-eabi/4.5.2/thumb2/crtn.o
                0x0801bb40                . = ALIGN (0x4)
                0x0801bb40                __fini_array_start = .
 *(.fini_array)
 .fini_array    0x0801bb40        0x4 /home/laurence/CodeSourcery/Sourcery_G++_Lite/bin/../lib/gcc/arm-none-eabi/4.5.2/thumb2/crtbegin.o
 *(SORT(.fini_array.*))
                0x0801bb44                __fini_array_end = .
 *crtbegin.o(.dtors)
 *(EXCLUDE_FILE(*crtend.o) .dtors)
 *(SORT(.dtors.*))
 *crtend.o(.dtors)
                0x0801bb44                . = ALIGN (0x4)
                0x0801bb44                __cs3_regions = .
                0x0801bb44        0x4 LONG 0x0
                0x0801bb48        0x4 LONG 0x801bb58 __cs3_region_init_ram
                0x0801bb4c        0x4 LONG 0x20000000 __cs3_region_start_ram
                0x0801bb50        0x4 LONG 0x698 __cs3_region_init_size_ram
                0x0801bb54        0x4 LONG 0x970 __cs3_region_zero_size_ram
                0x0801bb58                __exidx_start = .

.v4_bx          0x0801bb58        0x0
 .v4_bx         0x00000000        0x0 linker stubs

.ARM.exidx
 *(.ARM.exidx* .gnu.linkonce.armexidx.*)
                0x0801bb58                __exidx_end = .

.text.align     0x0801bb58        0x0
                0x0801bb58                . = ALIGN (0x8)
                0x0801bb58                _etext = .
                0x08020000                __cs3_region_end_rom = (__cs3_region_start_rom + 0x20000)
                0x00020000                __cs3_region_size_rom = 0x20000
                0x00000001                __cs3_region_num = 0x1

.data           0x20000000      0x698 load address 0x0801bb58
                0x20000000                __cs3_region_start_ram = .
                0x20000000                _sdata = .
 *(.cs3.region-head.ram)
 *(.jcr)
 .jcr           0x20000000        0x0 /home/laurence/CodeSourcery/Sourcery_G++_Lite/bin/../lib/gcc/arm-none-eabi/4.5.2/thumb2/crtbegin.o
 .jcr           0x20000000        0x4 /home/laurence/CodeSourcery/Sourcery_G++_Lite/bin/../lib/gcc/arm-none-eabi/4.5.2/thumb2/crtend.o
 *(.got.plt)
 *(.got)
 *(.shdata)
 *(.data .data.* .gnu.linkonce.d.*)
 .data          0x20000004       0x74 Util/USB/scsi_data.o
                0x20000004                Standard_Inquiry_Data
                0x20000028                Standard_Inquiry_Data2
                0x2000004c                Mode_Sense6_data
                0x20000050                Mode_Sense10_data
                0x20000058                Scsi_Sense_Data
                0x2000006c                ReadFormatCapacity_Data
 .data          0x20000078       0x1c Util/USB/usb_desc.o
                0x20000078                MASS_StringSerial
 .data          0x20000094       0x38 Util/USB/usb_istr.o
                0x20000094                pEpInt_IN
                0x200000b0                pEpInt_OUT
 .data          0x200000cc       0x90 Util/USB/usb_prop.o
                0x200000cc                String_Descriptor
                0x200000f4                Config_Descriptor
                0x200000fc                Device_Descriptor
                0x20000104                Device_Property
                0x20000134                Device_Table
                0x20000138                User_Standard_Requests
 .data          0x2000015c        0x1 Util/USB/usb_pwr.o
                0x2000015c                fSuspendEnabled
 .data          0x2000015d        0x1 Util/fat_fs/src/sd_spi_stm32.o
 *fill*         0x2000015e        0x2 00
 .data          0x20000160       0x10 i2c_int.o
                0x20000160                I2C_jobs
 .data          0x20000170       0x14 lib/STM32F10x_StdPeriph_Driver/libstm32fw.a(stm32f10x_rcc.o)
 .data          0x20000184        0x1 /home/laurence/CodeSourcery/Sourcery_G++_Lite/bin/../lib/gcc/arm-none-eabi/4.5.2/../../../../arm-none-eabi/lib/thumb2/libm.a(lib_a-s_lib_ver.o)
                0x20000184                __fdlib_version
 *fill*         0x20000185        0x3 00
 .data          0x20000188       0xf4 /home/laurence/CodeSourcery/Sourcery_G++_Lite/bin/../lib/gcc/arm-none-eabi/4.5.2/../../../../arm-none-eabi/lib/thumb2/libc.a(lib_a-impure.o)
                0x20000188                _impure_ptr
 .data          0x2000027c      0x410 /home/laurence/CodeSourcery/Sourcery_G++_Lite/bin/../lib/gcc/arm-none-eabi/4.5.2/../../../../arm-none-eabi/lib/thumb2/libc.a(lib_a-mallocr.o)
                0x2000027c                __malloc_av_
                0x20000684                __malloc_sbrk_base
                0x20000688                __malloc_trim_threshold
 .data          0x2000068c        0x4 /home/laurence/CodeSourcery/Sourcery_G++_Lite/bin/../lib/gcc/arm-none-eabi/4.5.2/../../../../arm-none-eabi/lib/thumb2/libcs3unhosted.a(unhosted-sbrk.o)
 .data          0x20000690        0x4 /home/laurence/CodeSourcery/Sourcery_G++_Lite/bin/../lib/gcc/arm-none-eabi/4.5.2/../../../../arm-none-eabi/lib/thumb2/libcs3.a(heap.o)
                0x20000690                __cs3_heap_limit
 *(.ram)
                0x20000698                . = ALIGN (0x8)
 *fill*         0x20000694        0x4 00
                0x20000698                _edata = .

.bss            0x20000698      0x970 load address 0x0801c1f0
                0x20000698                _sbss = .
 *(.shbss)
 *(.bss .bss.* .gnu.linkonce.b.*)
 .bss           0x20000698        0x1 /home/laurence/CodeSourcery/Sourcery_G++_Lite/bin/../lib/gcc/arm-none-eabi/4.5.2/thumb2/crtbegin.o
 *fill*         0x20000699        0x3 00
 .bss           0x2000069c       0x1c Sensors/ppg_new.o
 .bss           0x200006b8       0x34 Sensors/pressure.o
 .bss           0x200006ec        0x4 Util/USB/mass_mal.o
                0x200006ec                Status
 .bss           0x200006f0       0x1c Util/USB/memory.o
                0x200006f0                TransferState
                0x200006fc                Counter
                0x20000708                Block_Read_count
 .bss           0x2000070c       0x10 Util/USB/scsi_data.o
                0x2000070c                Page00_Inquiry_Data
                0x20000714                ReadCapacity10_Data
 .bss           0x2000071c        0x1 Util/USB/usb_istr.o
                0x2000071c                bIntPackSOF
 *fill*         0x2000071d        0x3 00
 .bss           0x20000720        0x4 Util/USB/usb_prop.o
                0x20000720                Max_Lun
 .bss           0x20000724        0x4 Util/USB/usb_pwr.o
                0x20000724                bDeviceState
 .bss           0x20000728        0x8 Util/fat_fs/src/ff.o
 .bss           0x20000730       0x10 Util/fat_fs/src/sd_spi_stm32.o
 .bss           0x20000740       0x84 Util/rprintf.o
 .bss           0x200007c4        0x3 i2c_int.o
 *fill*         0x200007c7        0x1 00
 .bss           0x200007c8       0x18 interrupts.o
 .bss           0x200007e0      0x234 main.o
                0x20000a10                file_opened
 .bss           0x20000a14        0x1 lib/STM32_USB-FS-Device_Driver/libstm32usb.a(usb_core.o)
                0x20000a14                Data_Mul_MaxPacketSize
 *fill*         0x20000a15        0x3 00
 .bss           0x20000a18       0x34 /home/laurence/CodeSourcery/Sourcery_G++_Lite/bin/../lib/gcc/arm-none-eabi/4.5.2/../../../../arm-none-eabi/lib/thumb2/libc.a(lib_a-mallocr.o)
                0x20000a18                __malloc_top_pad
                0x20000a1c                __malloc_current_mallinfo
                0x20000a44                __malloc_max_sbrked_mem
                0x20000a48                __malloc_max_total_mem
 *(COMMON)
 COMMON         0x20000a4c        0xc Sensors/ppg_new.o
                0x20000a4c                Last_PPG_Values
 COMMON         0x20000a58        0x8 Sensors/pressure.o
                0x20000a58                Reported_Pressure
                0x20000a5c                Pressure_Offset
 COMMON         0x20000a60        0xa Sensors/temperature.o
                0x20000a60                Device_Temperature
                0x20000a64                TMP102_Reported_Temperature
                0x20000a68                TMP102_Data_Buffer
 *fill*         0x20000a6a        0x2 00
 COMMON         0x20000a6c       0x1c Util/USB/mass_mal.o
                0x20000a6c                Mass_Memory_Size
                0x20000a74                Mass_Block_Size
                0x20000a7c                Mass_Block_Count
                0x20000a84                Data_Buffer
 COMMON         0x20000a88        0x8 Util/USB/memory.o
                0x20000a88                Block_offset
                0x20000a8c                Idx
 COMMON         0x20000a90       0x7c Util/USB/usb_bot.o
                0x20000a90                CBW
                0x20000ab0                Data_Len
                0x20000ab2                Bot_State
                0x20000ab4                SCSI_LBA
                0x20000ab8                CSW
                0x20000ac8                SCSI_BlkLen
                0x20000acc                Bulk_Data_Buff
 COMMON         0x20000b0c        0x2 Util/USB/usb_istr.o
                0x20000b0c                wIstr
 *fill*         0x20000b0e        0x2 00
 COMMON         0x20000b10        0x2 Util/USB/usb_pwr.o
                0x20000b10                ResumeS
 COMMON         0x20000b12        0x1 Util/fat_fs/src/sd_spi_stm32.o
                0x20000b12                Sd_Spi_Called_From_USB_MSC
 *fill*         0x20000b13        0x1 00
 COMMON         0x20000b14        0x4 adc.o
                0x20000b14                ADC1_Convertion_buff
 COMMON         0x20000b18        0x1 gpio.o
                0x20000b18                bootsource
 *fill*         0x20000b19        0x3 00
 COMMON         0x20000b1c        0xd i2c_int.o
                0x20000b1c                I2C1error
                0x20000b20                Jobs
                0x20000b24                Completed_Jobs
                0x20000b28                job
 COMMON         0x20000b29        0x1 interrupts.o
                0x20000b29                Button_hold_tim
 *fill*         0x20000b2a        0x2 00
 COMMON         0x20000b2c      0x498 main.o
                0x20000b2c                Pressure_control
                0x20000b30                Temperatures_Buffer
                0x20000b3c                f_err_code
                0x20000b40                Buff
                0x20000b64                System_state_Global
                0x20000b68                Millis
                0x20000b6c                Sensors
                0x20000b70                FATFS_info
                0x20000b90                Pressures_Buffer
                0x20000b9c                Pressure_Setpoint
                0x20000ba0                print_string
                0x20000ca0                Thermistor_Buffer
                0x20000cac                a
                0x20000cb0                FATFS_logfile
                0x20000ed4                my_reent
 COMMON         0x20000fc4        0x2 lib/STM32_USB-FS-Device_Driver/libstm32usb.a(usb_core.o)
                0x20000fc4                StatusInfo
 *fill*         0x20000fc6        0x2 00
 COMMON         0x20000fc8       0x32 lib/STM32_USB-FS-Device_Driver/libstm32usb.a(usb_init.o)
                0x20000fc8                SaveState
                0x20000fcc                pProperty
                0x20000fd0                EPindex
                0x20000fd4                Device_Info
                0x20000ff0                pUser_Standard_Requests
                0x20000ff4                pInformation
                0x20000ff8                wInterrupt_Mask
 COMMON         0x20000ffa        0x4 lib/STM32_USB-FS-Device_Driver/libstm32usb.a(usb_int.o)
                0x20000ffa                SaveRState
                0x20000ffc                SaveTState
 *fill*         0x20000ffe        0x2 00
 COMMON         0x20001000        0x4 /home/laurence/CodeSourcery/Sourcery_G++_Lite/bin/../lib/gcc/arm-none-eabi/4.5.2/../../../../arm-none-eabi/lib/thumb2/libc.a(lib_a-reent.o)
                0x20001000                errno
 *(.ram.b)
                0x20001008                . = ALIGN (0x8)
 *fill*         0x20001004        0x4 00
                0x20001008                _ebss = .

.noinit         0x20001008        0x0 load address 0x0801c1f0
 *(.noinit)
                0x20001008                . = ALIGN (0x8)
                0x20001008                _end = .
                0x20005000                __cs3_region_end_ram = (__cs3_region_start_ram + 0x5000)
                0x00005000                __cs3_region_size_ram = 0x5000
                0x0801bb58                __cs3_region_init_ram = LOADADDR (.data)
                0x00000698                __cs3_region_init_size_ram = (_edata - ADDR (.data))
                0x00000970                __cs3_region_zero_size_ram = (_end - _edata)
                0x00000001                __cs3_region_num = 0x1

.stab
 *(.stab)

.stabstr
 *(.stabstr)

.debug
 *(.debug)

.line
 *(.line)

.debug_srcinfo
 *(.debug_srcinfo)

.debug_sfnames
 *(.debug_sfnames)

.comment        0x00000000       0x2a
 .comment       0x00000000       0x2a Sensors/ppg_new.o
                                 0x2b (size before relaxing)
 .comment       0x00000000       0x2b Sensors/pressure.o
 .comment       0x00000000       0x2b Sensors/temperature.o
 .comment       0x00000000       0x2b Util/USB/hw_config.o
 .comment       0x00000000       0x2b Util/USB/mass_mal.o
 .comment       0x00000000       0x2b Util/USB/memory.o
 .comment       0x00000000       0x2b Util/USB/scsi_data.o
 .comment       0x00000000       0x2b Util/USB/usb_bot.o
 .comment       0x00000000       0x2b Util/USB/usb_desc.o
 .comment       0x00000000       0x2b Util/USB/usb_endp.o
 .comment       0x00000000       0x2b Util/USB/usb_istr.o
 .comment       0x00000000       0x2b Util/USB/usb_prop.o
 .comment       0x00000000       0x2b Util/USB/usb_pwr.o
 .comment       0x00000000       0x2b Util/USB/usb_scsi.o
 .comment       0x00000000       0x2b Util/buffer.o
 .comment       0x00000000       0x2b Util/delay.o
 .comment       0x00000000       0x2b Util/fat_fs/option/cc932.o
 .comment       0x00000000       0x2b Util/fat_fs/option/syscall.o
 .comment       0x00000000       0x2b Util/fat_fs/src/fattime.o
 .comment       0x00000000       0x2b Util/fat_fs/src/ff.o
 .comment       0x00000000       0x2b Util/fat_fs/src/rtc.o
 .comment       0x00000000       0x2b Util/fat_fs/src/sd_spi_stm32.o
 .comment       0x00000000       0x2b Util/rprintf.o
 .comment       0x00000000       0x2b adc.o
 .comment       0x00000000       0x2b gpio.o
 .comment       0x00000000       0x2b i2c_int.o
 .comment       0x00000000       0x2b interrupts.o
 .comment       0x00000000       0x2b lib/CMSIS_CM3/core_cm3.o
 .comment       0x00000000       0x2b lib/CMSIS_CM3/system_stm32f10x.o
 .comment       0x00000000       0x2b main.o
 .comment       0x00000000       0x2b pwr.o
 .comment       0x00000000       0x2b timer.o
 .comment       0x00000000       0x2b usart.o
 .comment       0x00000000       0x2b watchdog.o
 .comment       0x00000000       0x2b lib/STM32F10x_StdPeriph_Driver/libstm32fw.a(misc.o)
 .comment       0x00000000       0x2b lib/STM32F10x_StdPeriph_Driver/libstm32fw.a(stm32f10x_adc.o)
 .comment       0x00000000       0x2b lib/STM32F10x_StdPeriph_Driver/libstm32fw.a(stm32f10x_bkp.o)
 .comment       0x00000000       0x2b lib/STM32F10x_StdPeriph_Driver/libstm32fw.a(stm32f10x_dbgmcu.o)
 .comment       0x00000000       0x2b lib/STM32F10x_StdPeriph_Driver/libstm32fw.a(stm32f10x_dma.o)
 .comment       0x00000000       0x2b lib/STM32F10x_StdPeriph_Driver/libstm32fw.a(stm32f10x_exti.o)
 .comment       0x00000000       0x2b lib/STM32F10x_StdPeriph_Driver/libstm32fw.a(stm32f10x_gpio.o)
 .comment       0x00000000       0x2b lib/STM32F10x_StdPeriph_Driver/libstm32fw.a(stm32f10x_i2c.o)
 .comment       0x00000000       0x2b lib/STM32F10x_StdPeriph_Driver/libstm32fw.a(stm32f10x_iwdg.o)
 .comment       0x00000000       0x2b lib/STM32F10x_StdPeriph_Driver/libstm32fw.a(stm32f10x_pwr.o)
 .comment       0x00000000       0x2b lib/STM32F10x_StdPeriph_Driver/libstm32fw.a(stm32f10x_rcc.o)
 .comment       0x00000000       0x2b lib/STM32F10x_StdPeriph_Driver/libstm32fw.a(stm32f10x_rtc.o)
 .comment       0x00000000       0x2b lib/STM32F10x_StdPeriph_Driver/libstm32fw.a(stm32f10x_spi.o)
 .comment       0x00000000       0x2b lib/STM32F10x_StdPeriph_Driver/libstm32fw.a(stm32f10x_tim.o)
 .comment       0x00000000       0x2b lib/STM32F10x_StdPeriph_Driver/libstm32fw.a(stm32f10x_usart.o)
 .comment       0x00000000       0x2b lib/STM32_USB-FS-Device_Driver/libstm32usb.a(usb_core.o)
 .comment       0x00000000       0x2b lib/STM32_USB-FS-Device_Driver/libstm32usb.a(usb_init.o)
 .comment       0x00000000       0x2b lib/STM32_USB-FS-Device_Driver/libstm32usb.a(usb_int.o)
 .comment       0x00000000       0x2b lib/STM32_USB-FS-Device_Driver/libstm32usb.a(usb_mem.o)
 .comment       0x00000000       0x2b lib/STM32_USB-FS-Device_Driver/libstm32usb.a(usb_regs.o)
 .comment       0x00000000       0x2b lib/STM32_USB-FS-Device_Driver/libstm32usb.a(usb_sil.o)

.debug_aranges  0x00000000      0x408
 *(.debug_aranges)
 .debug_aranges
                0x00000000       0x20 Sensors/ppg_new.o
 .debug_aranges
                0x00000020       0x20 Sensors/pressure.o
 .debug_aranges
                0x00000040       0x20 Sensors/temperature.o
 .debug_aranges
                0x00000060       0x20 Util/USB/hw_config.o
 .debug_aranges
                0x00000080       0x20 Util/USB/mass_mal.o
 .debug_aranges
                0x000000a0       0x20 Util/USB/memory.o
 .debug_aranges
                0x000000c0       0x20 Util/USB/usb_bot.o
 .debug_aranges
                0x000000e0       0x20 Util/USB/usb_endp.o
 .debug_aranges
                0x00000100       0x20 Util/USB/usb_istr.o
 .debug_aranges
                0x00000120       0x20 Util/USB/usb_prop.o
 .debug_aranges
                0x00000140       0x20 Util/USB/usb_pwr.o
 .debug_aranges
                0x00000160       0x20 Util/USB/usb_scsi.o
 .debug_aranges
                0x00000180       0x20 Util/buffer.o
 .debug_aranges
                0x000001a0       0x20 Util/delay.o
 .debug_aranges
                0x000001c0       0x20 Util/fat_fs/option/cc932.o
 .debug_aranges
                0x000001e0       0x20 Util/fat_fs/src/fattime.o
 .debug_aranges
                0x00000200       0x20 Util/fat_fs/src/ff.o
 .debug_aranges
                0x00000220       0x20 Util/fat_fs/src/rtc.o
 .debug_aranges
                0x00000240       0x20 Util/fat_fs/src/sd_spi_stm32.o
 .debug_aranges
                0x00000260       0x20 Util/rprintf.o
 .debug_aranges
                0x00000280       0x20 adc.o
 .debug_aranges
                0x000002a0       0x20 gpio.o
 .debug_aranges
                0x000002c0       0x20 i2c_int.o
 .debug_aranges
                0x000002e0       0x20 interrupts.o
 .debug_aranges
                0x00000300       0x20 lib/CMSIS_CM3/core_cm3.o
 .debug_aranges
                0x00000320       0x28 lib/CMSIS_CM3/startup/gcc/startup_stm32f10x_md.o
 .debug_aranges
                0x00000348       0x20 lib/CMSIS_CM3/system_stm32f10x.o
 .debug_aranges
                0x00000368       0x20 main.o
 .debug_aranges
                0x00000388       0x20 pwr.o
 .debug_aranges
                0x000003a8       0x20 timer.o
 .debug_aranges
                0x000003c8       0x20 usart.o
 .debug_aranges
                0x000003e8       0x20 watchdog.o

.debug_pubnames
                0x00000000     0x1706
 *(.debug_pubnames)
 .debug_pubnames
                0x00000000       0x87 Sensors/ppg_new.o
 .debug_pubnames
                0x00000087       0x80 Sensors/pressure.o
 .debug_pubnames
                0x00000107       0xa9 Sensors/temperature.o
 .debug_pubnames
                0x000001b0      0x113 Util/USB/hw_config.o
 .debug_pubnames
                0x000002c3       0xa5 Util/USB/mass_mal.o
 .debug_pubnames
                0x00000368       0x7f Util/USB/memory.o
 .debug_pubnames
                0x000003e7       0xd2 Util/USB/scsi_data.o
 .debug_pubnames
                0x000004b9       0xd9 Util/USB/usb_bot.o
 .debug_pubnames
                0x00000592       0xb8 Util/USB/usb_desc.o
 .debug_pubnames
                0x0000064a       0x3b Util/USB/usb_endp.o
 .debug_pubnames
                0x00000685       0x56 Util/USB/usb_istr.o
 .debug_pubnames
                0x000006db      0x1f6 Util/USB/usb_prop.o
 .debug_pubnames
                0x000008d1       0x83 Util/USB/usb_pwr.o
 .debug_pubnames
                0x00000954      0x195 Util/USB/usb_scsi.o
 .debug_pubnames
                0x00000ae9       0x59 Util/buffer.o
 .debug_pubnames
                0x00000b42       0x1c Util/delay.o
 .debug_pubnames
                0x00000b5e       0x31 Util/fat_fs/option/cc932.o
 .debug_pubnames
                0x00000b8f       0x22 Util/fat_fs/src/fattime.o
 .debug_pubnames
                0x00000bb1      0x14a Util/fat_fs/src/ff.o
 .debug_pubnames
                0x00000cfb       0x55 Util/fat_fs/src/rtc.o
 .debug_pubnames
                0x00000d50       0xdb Util/fat_fs/src/sd_spi_stm32.o
 .debug_pubnames
                0x00000e2b       0xf9 Util/rprintf.o
 .debug_pubnames
                0x00000f24       0x66 adc.o
 .debug_pubnames
                0x00000f8a       0x72 gpio.o
 .debug_pubnames
                0x00000ffc       0xc7 i2c_int.o
 .debug_pubnames
                0x000010c3      0x1a8 interrupts.o
 .debug_pubnames
                0x0000126b      0x159 lib/CMSIS_CM3/core_cm3.o
 .debug_pubnames
                0x000013c4       0xa3 lib/CMSIS_CM3/system_stm32f10x.o
 .debug_pubnames
                0x00001467      0x179 main.o
 .debug_pubnames
                0x000015e0       0x54 pwr.o
 .debug_pubnames
                0x00001634       0x2e timer.o
 .debug_pubnames
                0x00001662       0x64 usart.o
 .debug_pubnames
                0x000016c6       0x40 watchdog.o

.debug_info     0x00000000     0xe110
 *(.debug_info .gnu.linkonce.wi.*)
 .debug_info    0x00000000      0x6c5 Sensors/ppg_new.o
 .debug_info    0x000006c5      0x1ed Sensors/pressure.o
 .debug_info    0x000008b2      0x150 Sensors/temperature.o
 .debug_info    0x00000a02      0x738 Util/USB/hw_config.o
 .debug_info    0x0000113a      0x336 Util/USB/mass_mal.o
 .debug_info    0x00001470      0x39f Util/USB/memory.o
 .debug_info    0x0000180f      0x16b Util/USB/scsi_data.o
 .debug_info    0x0000197a      0x49d Util/USB/usb_bot.o
 .debug_info    0x00001e17      0x187 Util/USB/usb_desc.o
 .debug_info    0x00001f9e       0x98 Util/USB/usb_endp.o
 .debug_info    0x00002036      0x311 Util/USB/usb_istr.o
 .debug_info    0x00002347      0x9bb Util/USB/usb_prop.o
 .debug_info    0x00002d02      0x3c3 Util/USB/usb_pwr.o
 .debug_info    0x000030c5      0x87e Util/USB/usb_scsi.o
 .debug_info    0x00003943      0x1ba Util/buffer.o
 .debug_info    0x00003afd       0xc8 Util/delay.o
 .debug_info    0x00003bc5      0x1b9 Util/fat_fs/option/cc932.o
 .debug_info    0x00003d7e       0x77 Util/fat_fs/option/syscall.o
 .debug_info    0x00003df5      0x15a Util/fat_fs/src/fattime.o
 .debug_info    0x00003f4f     0x3272 Util/fat_fs/src/ff.o
 .debug_info    0x000071c1      0x532 Util/fat_fs/src/rtc.o
 .debug_info    0x000076f3     0x1387 Util/fat_fs/src/sd_spi_stm32.o
 .debug_info    0x00008a7a      0xe1f Util/rprintf.o
 .debug_info    0x00009899      0x44d adc.o
 .debug_info    0x00009ce6      0x2a3 gpio.o
 .debug_info    0x00009f89      0x6ba i2c_int.o
 .debug_info    0x0000a643      0xea6 interrupts.o
 .debug_info    0x0000b4e9      0x543 lib/CMSIS_CM3/core_cm3.o
 .debug_info    0x0000ba2c       0x79 lib/CMSIS_CM3/startup/gcc/startup_stm32f10x_md.o
 .debug_info    0x0000baa5      0x2d0 lib/CMSIS_CM3/system_stm32f10x.o
 .debug_info    0x0000bd75     0x1546 main.o
 .debug_info    0x0000d2bb      0x346 pwr.o
 .debug_info    0x0000d601      0x5e8 timer.o
 .debug_info    0x0000dbe9      0x449 usart.o
 .debug_info    0x0000e032       0xde watchdog.o

.debug_abbrev   0x00000000     0x2fe5
 *(.debug_abbrev)
 .debug_abbrev  0x00000000      0x1d1 Sensors/ppg_new.o
 .debug_abbrev  0x000001d1      0x10a Sensors/pressure.o
 .debug_abbrev  0x000002db       0x79 Sensors/temperature.o
 .debug_abbrev  0x00000354      0x2d3 Util/USB/hw_config.o
 .debug_abbrev  0x00000627      0x111 Util/USB/mass_mal.o
 .debug_abbrev  0x00000738      0x148 Util/USB/memory.o
 .debug_abbrev  0x00000880       0x5c Util/USB/scsi_data.o
 .debug_abbrev  0x000008dc      0x198 Util/USB/usb_bot.o
 .debug_abbrev  0x00000a74       0x63 Util/USB/usb_desc.o
 .debug_abbrev  0x00000ad7       0x41 Util/USB/usb_endp.o
 .debug_abbrev  0x00000b18      0x113 Util/USB/usb_istr.o
 .debug_abbrev  0x00000c2b      0x1d0 Util/USB/usb_prop.o
 .debug_abbrev  0x00000dfb      0x1bd Util/USB/usb_pwr.o
 .debug_abbrev  0x00000fb8      0x253 Util/USB/usb_scsi.o
 .debug_abbrev  0x0000120b       0xd8 Util/buffer.o
 .debug_abbrev  0x000012e3       0x7e Util/delay.o
 .debug_abbrev  0x00001361       0xd2 Util/fat_fs/option/cc932.o
 .debug_abbrev  0x00001433       0x2c Util/fat_fs/option/syscall.o
 .debug_abbrev  0x0000145f       0x97 Util/fat_fs/src/fattime.o
 .debug_abbrev  0x000014f6      0x2f7 Util/fat_fs/src/ff.o
 .debug_abbrev  0x000017ed      0x213 Util/fat_fs/src/rtc.o
 .debug_abbrev  0x00001a00      0x37f Util/fat_fs/src/sd_spi_stm32.o
 .debug_abbrev  0x00001d7f      0x2e4 Util/rprintf.o
 .debug_abbrev  0x00002063      0x143 adc.o
 .debug_abbrev  0x000021a6      0x158 gpio.o
 .debug_abbrev  0x000022fe      0x1f5 i2c_int.o
 .debug_abbrev  0x000024f3      0x22d interrupts.o
 .debug_abbrev  0x00002720       0xd2 lib/CMSIS_CM3/core_cm3.o
 .debug_abbrev  0x000027f2       0x12 lib/CMSIS_CM3/startup/gcc/startup_stm32f10x_md.o
 .debug_abbrev  0x00002804      0x112 lib/CMSIS_CM3/system_stm32f10x.o
 .debug_abbrev  0x00002916      0x28b main.o
 .debug_abbrev  0x00002ba1      0x10c pwr.o
 .debug_abbrev  0x00002cad      0x11d timer.o
 .debug_abbrev  0x00002dca      0x186 usart.o
 .debug_abbrev  0x00002f50       0x95 watchdog.o

.debug_line     0x00000000     0xd409
 *(.debug_line)
 .debug_line    0x00000000      0x7e3 Sensors/ppg_new.o
 .debug_line    0x000007e3      0x39a Sensors/pressure.o
 .debug_line    0x00000b7d      0x505 Sensors/temperature.o
 .debug_line    0x00001082      0x92a Util/USB/hw_config.o
 .debug_line    0x000019ac      0x7a1 Util/USB/mass_mal.o
 .debug_line    0x0000214d      0x7e2 Util/USB/memory.o
 .debug_line    0x0000292f      0x339 Util/USB/scsi_data.o
 .debug_line    0x00002c68      0x55c Util/USB/usb_bot.o
 .debug_line    0x000031c4      0x2ed Util/USB/usb_desc.o
 .debug_line    0x000034b1      0x3ba Util/USB/usb_endp.o
 .debug_line    0x0000386b      0x3f5 Util/USB/usb_istr.o
 .debug_line    0x00003c60      0x7f3 Util/USB/usb_prop.o
 .debug_line    0x00004453      0x44d Util/USB/usb_pwr.o
 .debug_line    0x000048a0      0x991 Util/USB/usb_scsi.o
 .debug_line    0x00005231      0x4be Util/buffer.o
 .debug_line    0x000056ef      0x2fd Util/delay.o
 .debug_line    0x000059ec       0xd8 Util/fat_fs/option/cc932.o
 .debug_line    0x00005ac4      0x2fc Util/fat_fs/option/syscall.o
 .debug_line    0x00005dc0      0x179 Util/fat_fs/src/fattime.o
 .debug_line    0x00005f39     0x1ed8 Util/fat_fs/src/ff.o
 .debug_line    0x00007e11      0x47f Util/fat_fs/src/rtc.o
 .debug_line    0x00008290      0xc8e Util/fat_fs/src/sd_spi_stm32.o
 .debug_line    0x00008f1e      0xd16 Util/rprintf.o
 .debug_line    0x00009c34      0x70f adc.o
 .debug_line    0x0000a343      0x441 gpio.o
 .debug_line    0x0000a784      0x6c2 i2c_int.o
 .debug_line    0x0000ae46      0x801 interrupts.o
 .debug_line    0x0000b647      0x198 lib/CMSIS_CM3/core_cm3.o
 .debug_line    0x0000b7df       0x84 lib/CMSIS_CM3/startup/gcc/startup_stm32f10x_md.o
 .debug_line    0x0000b863      0x336 lib/CMSIS_CM3/system_stm32f10x.o
 .debug_line    0x0000bb99      0x876 main.o
 .debug_line    0x0000c40f      0x3a4 pwr.o
 .debug_line    0x0000c7b3      0x3ae timer.o
 .debug_line    0x0000cb61      0x5a0 usart.o
 .debug_line    0x0000d101      0x308 watchdog.o

.debug_frame    0x00000000     0x21a4
 *(.debug_frame)
 .debug_frame   0x00000000       0x98 Sensors/ppg_new.o
 .debug_frame   0x00000098       0x8c Sensors/pressure.o
 .debug_frame   0x00000124       0x58 Sensors/temperature.o
 .debug_frame   0x0000017c       0xec Util/USB/hw_config.o
 .debug_frame   0x00000268       0x84 Util/USB/mass_mal.o
 .debug_frame   0x000002ec       0x50 Util/USB/memory.o
 .debug_frame   0x0000033c       0xc0 Util/USB/usb_bot.o
 .debug_frame   0x000003fc       0x30 Util/USB/usb_endp.o
 .debug_frame   0x0000042c       0x2c Util/USB/usb_istr.o
 .debug_frame   0x00000458      0x11c Util/USB/usb_prop.o
 .debug_frame   0x00000574       0x90 Util/USB/usb_pwr.o
 .debug_frame   0x00000604      0x180 Util/USB/usb_scsi.o
 .debug_frame   0x00000784       0x74 Util/buffer.o
 .debug_frame   0x000007f8       0x24 Util/delay.o
 .debug_frame   0x0000081c       0x3c Util/fat_fs/option/cc932.o
 .debug_frame   0x00000858       0x2c Util/fat_fs/src/fattime.o
 .debug_frame   0x00000884      0x564 Util/fat_fs/src/ff.o
 .debug_frame   0x00000de8       0x84 Util/fat_fs/src/rtc.o
 .debug_frame   0x00000e6c      0x198 Util/fat_fs/src/sd_spi_stm32.o
 .debug_frame   0x00001004      0x1d4 Util/rprintf.o
 .debug_frame   0x000011d8       0x78 adc.o
 .debug_frame   0x00001250       0x78 gpio.o
 .debug_frame   0x000012c8       0xa0 i2c_int.o
 .debug_frame   0x00001368      0x19c interrupts.o
 .debug_frame   0x00001504      0x170 lib/CMSIS_CM3/core_cm3.o
 .debug_frame   0x00001674       0x24 lib/CMSIS_CM3/system_stm32f10x.o
 .debug_frame   0x00001698       0x98 main.o
 .debug_frame   0x00001730       0x70 pwr.o
 .debug_frame   0x000017a0       0x50 timer.o
 .debug_frame   0x000017f0       0x78 usart.o
 .debug_frame   0x00001868       0x40 watchdog.o
 .debug_frame   0x000018a8       0x2c /home/laurence/CodeSourcery/Sourcery_G++_Lite/bin/../lib/gcc/arm-none-eabi/4.5.2/../../../../arm-none-eabi/lib/thumb2/libm.a(lib_a-sf_sin.o)
 .debug_frame   0x000018d4       0x30 /home/laurence/CodeSourcery/Sourcery_G++_Lite/bin/../lib/gcc/arm-none-eabi/4.5.2/../../../../arm-none-eabi/lib/thumb2/libm.a(lib_a-wf_asin.o)
 .debug_frame   0x00001904       0x30 /home/laurence/CodeSourcery/Sourcery_G++_Lite/bin/../lib/gcc/arm-none-eabi/4.5.2/../../../../arm-none-eabi/lib/thumb2/libm.a(lib_a-wf_sqrt.o)
 .debug_frame   0x00001934       0x34 /home/laurence/CodeSourcery/Sourcery_G++_Lite/bin/../lib/gcc/arm-none-eabi/4.5.2/../../../../arm-none-eabi/lib/thumb2/libm.a(lib_a-ef_asin.o)