Archive member included because of file (symbol)

lib/STM32F10x_StdPeriph_Driver/libstm32fw.a(misc.o)
                              Util/USB/hw_config.o (NVIC_PriorityGroupConfig)
lib/STM32F10x_StdPeriph_Driver/libstm32fw.a(stm32f10x_adc.o)
                              adc.o (ADC_DeInit)
lib/STM32F10x_StdPeriph_Driver/libstm32fw.a(stm32f10x_bkp.o)
                              Util/fat_fs/src/rtc.o (BKP_DeInit)
lib/STM32F10x_StdPeriph_Driver/libstm32fw.a(stm32f10x_dbgmcu.o)
                              main.o (DBGMCU_Config)
lib/STM32F10x_StdPeriph_Driver/libstm32fw.a(stm32f10x_dma.o)
                              Util/fat_fs/src/sd_spi_stm32.o (DMA_DeInit)
lib/STM32F10x_StdPeriph_Driver/libstm32fw.a(stm32f10x_exti.o)
                              interrupts.o (EXTI_DeInit)
lib/STM32F10x_StdPeriph_Driver/libstm32fw.a(stm32f10x_gpio.o)
                              Util/fat_fs/src/sd_spi_stm32.o (GPIO_Init)
lib/STM32F10x_StdPeriph_Driver/libstm32fw.a(stm32f10x_i2c.o)
                              i2c_int.o (I2C_DeInit)
lib/STM32F10x_StdPeriph_Driver/libstm32fw.a(stm32f10x_iwdg.o)
                              watchdog.o (IWDG_WriteAccessCmd)
lib/STM32F10x_StdPeriph_Driver/libstm32fw.a(stm32f10x_pwr.o)
                              pwr.o (PWR_DeInit)
lib/STM32F10x_StdPeriph_Driver/libstm32fw.a(stm32f10x_rcc.o)
                              interrupts.o (RCC_HCLKConfig)
lib/STM32F10x_StdPeriph_Driver/libstm32fw.a(stm32f10x_rtc.o)
                              Util/fat_fs/src/rtc.o (RTC_GetCounter)
lib/STM32F10x_StdPeriph_Driver/libstm32fw.a(stm32f10x_spi.o)
                              Util/fat_fs/src/sd_spi_stm32.o (SPI_I2S_DeInit)
lib/STM32F10x_StdPeriph_Driver/libstm32fw.a(stm32f10x_tim.o)
                              timer.o (TIM_DeInit)
lib/STM32F10x_StdPeriph_Driver/libstm32fw.a(stm32f10x_usart.o)
                              usart.o (USART_Init)
lib/STM32_USB-FS-Device_Driver/libstm32usb.a(usb_core.o)
                              Util/USB/usb_prop.o (Standard_GetDescriptorData)
lib/STM32_USB-FS-Device_Driver/libstm32usb.a(usb_init.o)
                              main.o (USB_Init)
lib/STM32_USB-FS-Device_Driver/libstm32usb.a(usb_int.o)
                              Util/USB/usb_istr.o (CTR_LP)
lib/STM32_USB-FS-Device_Driver/libstm32usb.a(usb_mem.o)
                              lib/STM32_USB-FS-Device_Driver/libstm32usb.a(usb_core.o) (UserToPMABufferCopy)
lib/STM32_USB-FS-Device_Driver/libstm32usb.a(usb_regs.o)
                              Util/USB/usb_prop.o (SetBTABLE)
lib/STM32_USB-FS-Device_Driver/libstm32usb.a(usb_sil.o)
                              Util/USB/usb_prop.o (USB_SIL_Init)
/home/laurence/CodeSourcery/Sourcery_G++_Lite/bin/../lib/gcc/arm-none-eabi/4.5.2/../../../../arm-none-eabi/lib/thumb2/libm.a(lib_a-sf_sin.o)
                              Sensors/ppg_new.o (sinf)
/home/laurence/CodeSourcery/Sourcery_G++_Lite/bin/../lib/gcc/arm-none-eabi/4.5.2/../../../../arm-none-eabi/lib/thumb2/libm.a(lib_a-wf_asin.o)
                              Sensors/ppg_new.o (asinf)
/home/laurence/CodeSourcery/Sourcery_G++_Lite/bin/../lib/gcc/arm-none-eabi/4.5.2/../../../../arm-none-eabi/lib/thumb2/libm.a(lib_a-wf_sqrt.o)
                              Sensors/ppg_new.o (sqrtf)
/home/laurence/CodeSourcery/Sourcery_G++_Lite/bin/../lib/gcc/arm-none-eabi/4.5.2/../../../../arm-none-eabi/lib/thumb2/libm.a(lib_a-ef_asin.o)
                              /home/laurence/CodeSourcery/Sourcery_G++_Lite/bin/../lib/gcc/arm-none-eabi/4.5.2/../../../../arm-none-eabi/lib/thumb2/libm.a(lib_a-wf_asin.o) (__ieee754_asinf)
/home/laurence/CodeSourcery/Sourcery_G++_Lite/bin/../lib/gcc/arm-none-eabi/4.5.2/../../../../arm-none-eabi/lib/thumb2/libm.a(lib_a-ef_rem_pio2.o)
                              /home/laurence/CodeSourcery/Sourcery_G++_Lite/bin/../lib/gcc/arm-none-eabi/4.5.2/../../../../arm-none-eabi/lib/thumb2/libm.a(lib_a-sf_sin.o) (__ieee754_rem_pio2f)
/home/laurence/CodeSourcery/Sourcery_G++_Lite/bin/../lib/gcc/arm-none-eabi/4.5.2/../../../../arm-none-eabi/lib/thumb2/libm.a(lib_a-ef_sqrt.o)
                              /home/laurence/CodeSourcery/Sourcery_G++_Lite/bin/../lib/gcc/arm-none-eabi/4.5.2/../../../../arm-none-eabi/lib/thumb2/libm.a(lib_a-wf_sqrt.o) (__ieee754_sqrtf)
/home/laurence/CodeSourcery/Sourcery_G++_Lite/bin/../lib/gcc/arm-none-eabi/4.5.2/../../../../arm-none-eabi/lib/thumb2/libm.a(lib_a-kf_cos.o)
                              /home/laurence/CodeSourcery/Sourcery_G++_Lite/bin/../lib/gcc/arm-none-eabi/4.5.2/../../../../arm-none-eabi/lib/thumb2/libm.a(lib_a-sf_sin.o) (__kernel_cosf)
/home/laurence/CodeSourcery/Sourcery_G++_Lite/bin/../lib/gcc/arm-none-eabi/4.5.2/../../../../arm-none-eabi/lib/thumb2/libm.a(lib_a-kf_rem_pio2.o)
                              /home/laurence/CodeSourcery/Sourcery_G++_Lite/bin/../lib/gcc/arm-none-eabi/4.5.2/../../../../arm-none-eabi/lib/thumb2/libm.a(lib_a-ef_rem_pio2.o) (__kernel_rem_pio2f)
[...]
Memory Configuration

Name             Origin             Length             Attributes
ram              0x20000000         0x00005000         xrw
rom              0x08000000         0x00020000         xr
*default*        0x00000000         0xffffffff

Linker script and memory map

LOAD /home/laurence/CodeSourcery/Sourcery_G++_Lite/bin/../lib/gcc/arm-none-eabi/4.5.2/thumb2/crti.o
LOAD /home/laurence/CodeSourcery/Sourcery_G++_Lite/bin/../lib/gcc/arm-none-eabi/4.5.2/thumb2/crtbegin.o
LOAD Sensors/ppg_new.o
LOAD Sensors/pressure.o
LOAD Sensors/temperature.o
LOAD Util/USB/hw_config.o
LOAD Util/USB/mass_mal.o
LOAD Util/USB/memory.o
LOAD Util/USB/scsi_data.o
LOAD Util/USB/usb_bot.o
LOAD Util/USB/usb_desc.o
LOAD Util/USB/usb_endp.o
LOAD Util/USB/usb_istr.o
LOAD Util/USB/usb_prop.o
LOAD Util/USB/usb_pwr.o
LOAD Util/USB/usb_scsi.o
LOAD Util/buffer.o
LOAD Util/delay.o
LOAD Util/fat_fs/option/cc932.o
LOAD Util/fat_fs/option/syscall.o
LOAD Util/fat_fs/src/fattime.o
LOAD Util/fat_fs/src/ff.o
LOAD Util/fat_fs/src/rtc.o
LOAD Util/fat_fs/src/sd_spi_stm32.o
LOAD Util/rprintf.o
LOAD Util/stm32_eval_spi_sd.o
LOAD adc.o
LOAD gpio.o
LOAD i2c_int.o
LOAD interrupts.o
LOAD lib/CMSIS_CM3/core_cm3.o
LOAD lib/CMSIS_CM3/startup/gcc/startup_stm32f10x_md.o
LOAD lib/CMSIS_CM3/system_stm32f10x.o
LOAD main.o
LOAD pwr.o
LOAD timer.o
LOAD usart.o
LOAD watchdog.o
LOAD lib/STM32F10x_StdPeriph_Driver/libstm32fw.a
LOAD lib/STM32_USB-FS-Device_Driver/libstm32usb.a
LOAD /home/laurence/CodeSourcery/Sourcery_G++_Lite/bin/../lib/gcc/arm-none-eabi/4.5.2/../../../../arm-none-eabi/lib/thumb2/libm.a
START GROUP
LOAD /home/laurence/CodeSourcery/Sourcery_G++_Lite/bin/../lib/gcc/arm-none-eabi/4.5.2/thumb2/libgcc.a
LOAD /home/laurence/CodeSourcery/Sourcery_G++_Lite/bin/../lib/gcc/arm-none-eabi/4.5.2/../../../../arm-none-eabi/lib/thumb2/libc.a
END GROUP
LOAD /home/laurence/CodeSourcery/Sourcery_G++_Lite/bin/../lib/gcc/arm-none-eabi/4.5.2/thumb2/crtend.o
LOAD /home/laurence/CodeSourcery/Sourcery_G++_Lite/bin/../lib/gcc/arm-none-eabi/4.5.2/thumb2/crtn.o
START GROUP
LOAD /home/laurence/CodeSourcery/Sourcery_G++_Lite/bin/../lib/gcc/arm-none-eabi/4.5.2/thumb2/libgcc.a
LOAD /home/laurence/CodeSourcery/Sourcery_G++_Lite/bin/../lib/gcc/arm-none-eabi/4.5.2/../../../../arm-none-eabi/lib/thumb2/libc.a
LOAD /home/laurence/CodeSourcery/Sourcery_G++_Lite/bin/../lib/gcc/arm-none-eabi/4.5.2/../../../../arm-none-eabi/lib/thumb2/libcs3.a
LOAD /home/laurence/CodeSourcery/Sourcery_G++_Lite/bin/../lib/gcc/arm-none-eabi/4.5.2/../../../../arm-none-eabi/lib/thumb2/libcs3unhosted.a
LOAD lib/libcs3-lanchon-stm32.a
END GROUP
                0x20005000                PROVIDE (__cs3_stack, (__cs3_region_start_ram + __cs3_region_size_ram))
                0x20000fe8                PROVIDE (__cs3_heap_start, _end)
                0x20005000                PROVIDE (__cs3_heap_end, (__cs3_region_start_ram + __cs3_region_size_ram))

.text           0x08000000    0x1b8d8
 CREATE_OBJECT_SYMBOLS
                0x08000000                __cs3_region_start_rom = .
 *(.cs3.region-head.rom)
                0x08000000                __cs3_interrupt_vector = __cs3_interrupt_vector_lanchon_stm32
 *(.cs3.interrupt_vector)
 .cs3.interrupt_vector
                0x08000000       0xec lib/libcs3-lanchon-stm32.a(lanchon-stm32-vector.o)
                0x08000000                __cs3_interrupt_vector_lanchon_stm32
                0x08000001                ASSERT ((. != __cs3_interrupt_vector_lanchon_stm32), No interrupt vector)
 *(.rom)
 *(.rom.b)
                0x08013a2c                PROVIDE (__cs3_reset_lanchon_stm32, _start)
                0x08013a2c                __cs3_reset = __cs3_reset_lanchon_stm32
 *(.cs3.reset)
 *(.text .text.* .gnu.linkonce.t.*)
 .text          0x080000ec       0x30 /home/laurence/CodeSourcery/Sourcery_G++_Lite/bin/../lib/gcc/arm-none-eabi/4.5.2/thumb2/crtbegin.o
 *fill*         0x0800011c        0x4 00
 .text          0x08000120      0x4c8 Sensors/ppg_new.o
                0x08000120                PPG_LO_Filter
                0x08000390                PPG_Automatic_Brightness_Control
                0x08000520                PPG_correct_brightness
                0x080005b0                PWM_Linear
 .text          0x080005e8      0x258 Sensors/pressure.o
                0x080005e8                calibrate_sensor
                0x08000634                conv_adc_diff
                0x0800066c                conv_diff
                0x0800069c                filterloop
 .text          0x08000840       0x50 Sensors/temperature.o
                0x08000840                convert_die_temp
                0x0800085c                convert_tmp102_temp
 .text          0x08000890      0x2a0 Util/USB/hw_config.o
                0x08000890                Set_System
                0x08000898                Set_USBClock
                0x080008b0                Enter_LowPowerMode
                0x080008bc                Leave_LowPowerMode
                0x080008dc                USB_Interrupts_Config
                0x08000920                Led_RW_ON
                0x08000930                Led_RW_OFF
                0x08000940                USB_Configured_LED
                0x08000950                USB_NotConfigured_LED
                0x08000960                USB_Cable_Config
                0x08000964                Get_SerialNum
                0x08000b28                MAL_Config
 .text          0x08000b30       0xe4 Util/USB/mass_mal.o
                0x08000b30                MAL_Init
                0x08000b7c                MAL_Write
                0x08000ba0                MAL_Read
                0x08000bc4                MAL_GetStatus
 .text          0x08000c14      0x1d8 Util/USB/memory.o
                0x08000c14                Read_Memory
                0x08000cf8                Write_Memory
 .text          0x08000dec      0x628 Util/USB/usb_bot.o
                0x08000dec                Mass_Storage_In
                0x08000e74                CBW_Decode
                0x080012d4                Mass_Storage_Out
                0x08001364                Transfer_Data_Request
                0x08001398                Set_CSW
                0x080013d4                Bot_Abort
 .text          0x08001414        0x8 Util/USB/usb_endp.o
                0x08001414                EP1_IN_Callback
                0x08001418                EP2_OUT_Callback
 .text          0x0800141c       0xf0 Util/USB/usb_istr.o
                0x0800141c                USB_Istr
 .text          0x0800150c      0x268 Util/USB/usb_prop.o
                0x0800150c                Mass_Storage_SetDeviceAddress
                0x08001518                MASS_Status_In
                0x0800151c                MASS_Status_Out
                0x08001520                MASS_Get_Interface_Setting
                0x08001530                Get_Max_Lun
                0x08001548                MASS_Data_Setup
                0x0800158c                MASS_GetStringDescriptor
                0x080015ac                MASS_GetConfigDescriptor
                0x080015b8                MASS_GetDeviceDescriptor
                0x080015c4                MASS_NoData_Setup
                0x08001614                Mass_Storage_SetConfiguration
                0x08001644                Mass_Storage_ClearFeature
                0x08001660                MASS_Reset
                0x08001750                MASS_init
 .text          0x08001774      0x1c8 Util/USB/usb_pwr.o
                0x08001774                PowerOn
                0x080017a4                PowerOff
                0x080017c8                Suspend
                0x0800180c                Resume_Init
                0x0800184c                Resume
 .text          0x0800193c      0x460 Util/USB/usb_scsi.o
                0x0800193c                SCSI_Inquiry_Cmd
                0x08001974                SCSI_ReadFormatCapacity_Cmd
                0x080019e8                SCSI_ReadCapacity10_Cmd
                0x08001a64                SCSI_ModeSense6_Cmd
                0x08001a70                SCSI_ModeSense10_Cmd
                0x08001a7c                SCSI_RequestSense_Cmd
                0x08001a94                Set_Scsi_Sense_Data
                0x08001aa0                SCSI_Start_Stop_Unit_Cmd
                0x08001aa8                SCSI_Read10_Cmd
                0x08001b58                SCSI_Write10_Cmd
                0x08001c04                SCSI_Verify10_Cmd
                0x08001c44                SCSI_Valid_Cmd
                0x08001c7c                SCSI_TestUnitReady_Cmd
                0x08001cb0                SCSI_Format_Cmd
                0x08001cdc                SCSI_Invalid_Cmd
                0x08001d18                SCSI_Address_Management
 .text          0x08001d9c       0x84 Util/buffer.o
                0x08001d9c                Add_To_Buffer
                0x08001dd0                Get_From_Buffer
                0x08001e04                Empty_Buffer
                0x08001e0c                init_buffer
 .text          0x08001e20       0x34 Util/delay.o
                0x08001e20                Delay
 .text          0x08001e54      0x25c Util/fat_fs/option/cc932.o
                0x08001e54                ff_convert
                0x08002080                ff_wtoupper
 .text          0x080020b0       0x48 Util/fat_fs/src/fattime.o
                0x080020b0                get_fattime
 .text          0x080020f8     0x643c Util/fat_fs/src/ff.o
                0x080029e0                clust2sect
                0x080029fc                get_fat
                0x08002fa0                put_fat
                0x08004d44                gen_numname
                0x080059dc                f_mount
                0x080059fc                f_open
                0x08005e68                f_read
                0x08006250                f_write
                0x08006684                f_sync
                0x0800685c                f_close
                0x0800686c                f_lseek
                0x08006a38                f_opendir
                0x08006aa4                f_readdir
                0x08006b18                f_stat
                0x08006b60                f_getfree
                0x08006dc4                f_truncate
                0x08006f34                f_unlink
                0x0800704c                f_mkdir
                0x08007474                f_chmod
                0x080074d0                f_utime
                0x08007530                f_rename
                0x080077f0                f_gets
                0x0800790c                f_putc
                0x08007930                f_puts
                0x0800796c                f_printf
 .text          0x08008534      0x484 Util/fat_fs/src/rtc.o
                0x08008534                rtc_gettime
                0x080086b4                my_RTC_SetCounter
                0x080086d8                rtc_settime
                0x0800890c                rtc_init
 .text          0x080089b8      0xf98 Util/fat_fs/src/sd_spi_stm32.o
                0x08008de4                disk_initialize
                0x08008f8c                disk_status
                0x08008f9c                disk_read
                0x08009118                disk_write
                0x080092b8                disk_ioctl
                0x08009914                disk_timerproc
 .text          0x08009950     0x182c Util/rprintf.o
                0x08009950                rprintfInit
                0x0800995c                rprintfChar
                0x08009984                rprintfStr
                0x080099bc                rprintfStrLen
                0x08009b80                rprintfCRLF
                0x08009b98                rprintfu04
                0x08009bc4                rprintfu08
                0x08009c0c                rprintfu16
                0x08009ca8                rprintfu32
                0x08009df4                rprintfNum
                0x0800a064                rprintfFloat
                0x0800a328                rprintf2RamRom
                0x0800b124                Isdigit
                0x0800b134                atoiRamRom
                0x0800b16c                rStrLen
 .text          0x0800b17c      0x240 adc.o
                0x0800b17c                ADC_Configuration
                0x0800b33c                readADC2
                0x0800b374                setADC2
                0x0800b394                getADC2
 .text          0x0800b3bc      0x24c gpio.o
                0x0800b3bc                setup_gpio
                0x0800b57c                switch_leds_on
                0x0800b5a4                switch_leds_off
                0x0800b5cc                red_flash
                0x0800b5fc                get_wkup
 .text          0x0800b608      0x884 i2c_int.o
                0x0800b608                I2C1_EV_IRQHandler
                0x0800bba0                I2C1_Request_Job
                0x0800bbf4                I2C1_Setup_Job
                0x0800bc08                I2C_Config
                0x0800bd90                I2C1_ER_IRQHandler
 *fill*         0x0800be8c        0x4 00
 .text          0x0800be90      0x628 interrupts.o
                0x0800be90                ISR_Config
                0x0800bf0c                EXTI_ONOFF_EN
                0x0800bf6c                DMA_ISR_Config
                0x0800bf90                SysTick_Configuration
                0x0800bfc8                EXTI0_IRQHandler
                0x0800c058                DMAChannel1_IRQHandler
                0x0800c110                ADC1_2_IRQHandler
                0x0800c1a4                SysTickHandler
                0x0800c49c                USB_HP_CAN_TX_IRQHandler
                0x0800c4a0                USB_LP_CAN_RX0_IRQHandler
                0x0800c4a4                NMIException
                0x0800c4a8                HardFaultException
                0x0800c4ac                MemManageException
                0x0800c4b0                BusFaultException
                0x0800c4b4                UsageFaultException
 .text.Default_Handler
                0x0800c4b8        0x2 lib/CMSIS_CM3/startup/gcc/startup_stm32f10x_md.o
                0x0800c4b8                EXTI2_IRQHandler
                0x0800c4b8                DebugMon_Handler
                0x0800c4b8                TIM1_CC_IRQHandler
                0x0800c4b8                HardFault_Handler
                0x0800c4b8                SysTick_Handler
                0x0800c4b8                PVD_IRQHandler
                0x0800c4b8                PendSV_Handler
                0x0800c4b8                NMI_Handler
                0x0800c4b8                EXTI3_IRQHandler
                0x0800c4b8                I2C2_EV_IRQHandler
                0x0800c4b8                UsageFault_Handler
                0x0800c4b8                SPI1_IRQHandler
                0x0800c4b8                TAMPER_IRQHandler
                0x0800c4b8                DMA1_Channel4_IRQHandler
                0x0800c4b8                USART3_IRQHandler
                0x0800c4b8                RTC_IRQHandler
                0x0800c4b8                DMA1_Channel7_IRQHandler
                0x0800c4b8                CAN1_RX1_IRQHandler
                0x0800c4b8                TIM4_IRQHandler
                0x0800c4b8                DMA1_Channel6_IRQHandler
                0x0800c4b8                TIM3_IRQHandler
                0x0800c4b8                RCC_IRQHandler
                0x0800c4b8                TIM1_TRG_COM_IRQHandler
                0x0800c4b8                DMA1_Channel1_IRQHandler
                0x0800c4b8                Default_Handler
                0x0800c4b8                EXTI15_10_IRQHandler
                0x0800c4b8                EXTI9_5_IRQHandler
                0x0800c4b8                SPI2_IRQHandler
                0x0800c4b8                MemManage_Handler
                0x0800c4b8                SVC_Handler
                0x0800c4b8                DMA1_Channel5_IRQHandler
                0x0800c4b8                EXTI4_IRQHandler
                0x0800c4b8                USB_LP_CAN1_RX0_IRQHandler
                0x0800c4b8                USB_HP_CAN1_TX_IRQHandler
                0x0800c4b8                DMA1_Channel3_IRQHandler
                0x0800c4b8                TIM1_UP_IRQHandler
                0x0800c4b8                WWDG_IRQHandler
                0x0800c4b8                TIM2_IRQHandler
                0x0800c4b8                TIM1_BRK_IRQHandler
                0x0800c4b8                EXTI1_IRQHandler
                0x0800c4b8                RTCAlarm_IRQHandler
                0x0800c4b8                USART2_IRQHandler
                0x0800c4b8                I2C2_ER_IRQHandler
                0x0800c4b8                DMA1_Channel2_IRQHandler
                0x0800c4b8                CAN1_SCE_IRQHandler
                0x0800c4b8                FLASH_IRQHandler
                0x0800c4b8                BusFault_Handler
                0x0800c4b8                USART1_IRQHandler
                0x0800c4b8                USBWakeUp_IRQHandler
 *fill*         0x0800c4ba        0x2 00
 .text          0x0800c4bc       0xfc lib/CMSIS_CM3/system_stm32f10x.o
                0x0800c4bc                SystemInit
 .text          0x0800c5b8      0x738 main.o
                0x0800c5b8                __str_print_char
                0x0800c5e4                __fat_print_char
                0x0800c604                main
                0x0800cc50                detect_sensors
 .text          0x0800ccf0       0x70 pwr.o
                0x0800ccf0                setuppwr
                0x0800cd04                shutdown
                0x0800cd14                disable_pin
                0x0800cd1c                shutdown_filesystem
 .text          0x0800cd60      0x20c timer.o
                0x0800cd60                setup_pwm
                0x0800cedc                Tryfudge
                0x0800cf28                Set_Motor
 .text          0x0800cf6c      0x110 usart.o
                0x0800cf6c                Usarts_Init
                0x0800d018                Default_Usart_Config
                0x0800d034                Usart_Send_Str
                0x0800d060                __usart_send_char
 .text          0x0800d07c       0x40 watchdog.o
                0x0800d07c                Watchdog_Config
                0x0800d0a8                Watchdog_Reset_Detect
 .text          0x0800d0bc       0xb8 lib/STM32F10x_StdPeriph_Driver/libstm32fw.a(misc.o)
                0x0800d0bc                NVIC_PriorityGroupConfig
                0x0800d0d0                NVIC_Init
                0x0800d130                NVIC_SetVectorTable
                0x0800d144                NVIC_SystemLPConfig
                0x0800d15c                SysTick_CLKSourceConfig
 .text          0x0800d174      0x380 lib/STM32F10x_StdPeriph_Driver/libstm32fw.a(stm32f10x_adc.o)
                0x0800d174                ADC_DeInit
                0x0800d1d0                ADC_Init
                0x0800d21c                ADC_StructInit
                0x0800d22e                ADC_Cmd
                0x0800d242                ADC_DMACmd
                0x0800d256                ADC_ITConfig
                0x0800d26a                ADC_ResetCalibration
                0x0800d274                ADC_GetResetCalibrationStatus
                0x0800d27c                ADC_StartCalibration
                0x0800d286                ADC_GetCalibrationStatus
                0x0800d28e                ADC_SoftwareStartConvCmd
                0x0800d2a2                ADC_GetSoftwareStartConvStatus
                0x0800d2aa                ADC_DiscModeChannelCountConfig
                0x0800d2ba                ADC_DiscModeCmd
                0x0800d2ce                ADC_RegularChannelConfig
                0x0800d35c                ADC_ExternalTrigConvCmd
                0x0800d370                ADC_GetConversionValue
                0x0800d376                ADC_GetDualModeConversionValue
                0x0800d380                ADC_AutoInjectedConvCmd
                0x0800d394                ADC_InjectedDiscModeCmd
                0x0800d3a8                ADC_ExternalTrigInjectedConvConfig
                0x0800d3b6                ADC_ExternalTrigInjectedConvCmd
                0x0800d3ca                ADC_SoftwareStartInjectedConvCmd
                0x0800d3de                ADC_GetSoftwareStartInjectedConvCmdStatus
                0x0800d3e6                ADC_InjectedChannelConfig
                0x0800d442                ADC_InjectedSequencerLengthConfig
                0x0800d452                ADC_SetInjectedOffset
                0x0800d468                ADC_GetInjectedConversionValue
                0x0800d482                ADC_AnalogWatchdogCmd
                0x0800d494                ADC_AnalogWatchdogThresholdsConfig
                0x0800d49a                ADC_AnalogWatchdogSingleChannelConfig
                0x0800d4a8                ADC_TempSensorVrefintCmd
                0x0800d4c4                ADC_GetFlagStatus
                0x0800d4d0                ADC_ClearFlag
                0x0800d4d6                ADC_GetITStatus
                0x0800d4ec                ADC_ClearITPendingBit
 .text          0x0800d4f4       0xe0 lib/STM32F10x_StdPeriph_Driver/libstm32fw.a(stm32f10x_bkp.o)
                0x0800d4f4                BKP_DeInit
                0x0800d506                BKP_TamperPinLevelConfig
                0x0800d510                BKP_TamperPinCmd
                0x0800d51c                BKP_ITConfig
                0x0800d528                BKP_RTCOutputConfig
                0x0800d540                BKP_SetRTCCalibrationValue
                0x0800d558                BKP_WriteBackupRegister
                0x0800d574                BKP_ReadBackupRegister
                0x0800d594                BKP_GetFlagStatus
                0x0800d5a0                BKP_ClearFlag
                0x0800d5b4                BKP_GetITStatus
                0x0800d5c0                BKP_ClearITPendingBit
 .text          0x0800d5d4       0x34 lib/STM32F10x_StdPeriph_Driver/libstm32fw.a(stm32f10x_dbgmcu.o)
                0x0800d5d4                DBGMCU_GetREVID
                0x0800d5e0                DBGMCU_GetDEVID
                0x0800d5f0                DBGMCU_Config
 .text          0x0800d608      0x1f0 lib/STM32F10x_StdPeriph_Driver/libstm32fw.a(stm32f10x_dma.o)
                0x0800d608                DMA_DeInit
                0x0800d704                DMA_Init
                0x0800d744                DMA_StructInit
                0x0800d75e                DMA_Cmd
                0x0800d772                DMA_ITConfig
                0x0800d784                DMA_GetCurrDataCounter
                0x0800d78a                DMA_GetFlagStatus
                0x0800d7a8                DMA_ClearFlag
                0x0800d7c0                DMA_GetITStatus
                0x0800d7e0                DMA_ClearITPendingBit
 .text          0x0800d7f8      0x108 lib/STM32F10x_StdPeriph_Driver/libstm32fw.a(stm32f10x_exti.o)
                0x0800d7f8                EXTI_DeInit
                0x0800d814                EXTI_Init
                0x0800d898                EXTI_StructInit
                0x0800d8a6                EXTI_GenerateSWInterrupt
                0x0800d8b8                EXTI_GetFlagStatus
                0x0800d8cc                EXTI_ClearFlag
                0x0800d8d8                EXTI_GetITStatus
                0x0800d8f4                EXTI_ClearITPendingBit
 .text          0x0800d900      0x278 lib/STM32F10x_StdPeriph_Driver/libstm32fw.a(stm32f10x_gpio.o)
                0x0800d900                GPIO_DeInit
                0x0800d9ac                GPIO_AFIODeInit
                0x0800d9c2                GPIO_Init
                0x0800da5a                GPIO_StructInit
                0x0800da6a                GPIO_ReadInputDataBit
                0x0800da76                GPIO_ReadInputData
                0x0800da7c                GPIO_ReadOutputDataBit
                0x0800da88                GPIO_ReadOutputData
                0x0800da8e                GPIO_SetBits
                0x0800da92                GPIO_ResetBits
                0x0800da96                GPIO_WriteBit
                0x0800daa0                GPIO_Write
                0x0800daa4                GPIO_PinLockConfig
                0x0800dab4                GPIO_EventOutputConfig
                0x0800dad4                GPIO_EventOutputCmd
                0x0800dae0                GPIO_PinRemapConfig
                0x0800db38                GPIO_EXTILineConfig
                0x0800db6c                GPIO_ETH_MediaInterfaceConfig
 .text          0x0800db78      0x3b4 lib/STM32F10x_StdPeriph_Driver/libstm32fw.a(stm32f10x_i2c.o)
                0x0800db78                I2C_DeInit
                0x0800dbac                I2C_Init
                0x0800dc7c                I2C_StructInit
                0x0800dc98                I2C_Cmd
                0x0800dcb2                I2C_DMACmd
                0x0800dccc                I2C_DMALastTransferCmd
                0x0800dce6                I2C_GenerateSTART
                0x0800dd00                I2C_GenerateSTOP
                0x0800dd1a                I2C_AcknowledgeConfig
                0x0800dd34                I2C_OwnAddress2Config
                0x0800dd4a                I2C_DualAddressCmd
                0x0800dd64                I2C_GeneralCallCmd
                0x0800dd7e                I2C_ITConfig
                0x0800dd94                I2C_SendData
                0x0800dd98                I2C_ReceiveData
                0x0800dd9e                I2C_Send7bitAddress
                0x0800ddae                I2C_ReadRegister
                0x0800ddc6                I2C_SoftwareResetCmd
                0x0800ddde                I2C_SMBusAlertConfig
                0x0800ddfc                I2C_TransmitPEC
                0x0800de16                I2C_PECPositionConfig
                0x0800de34                I2C_CalculatePEC
                0x0800de4e                I2C_GetPEC
                0x0800de56                I2C_ARPCmd
                0x0800de70                I2C_StretchClockCmd
                0x0800de8a                I2C_FastModeDutyCycleConfig
                0x0800dea8                I2C_GetLastEvent
                0x0800deb8                I2C_CheckEvent
                0x0800ded0                I2C_GetFlagStatus
                0x0800df04                I2C_ClearFlag
                0x0800df0a                I2C_GetITStatus
                0x0800df26                I2C_ClearITPendingBit
 .text          0x0800df2c       0x58 lib/STM32F10x_StdPeriph_Driver/libstm32fw.a(stm32f10x_iwdg.o)
                0x0800df2c                IWDG_WriteAccessCmd
                0x0800df38                IWDG_SetPrescaler
                0x0800df44                IWDG_SetReload
                0x0800df50                IWDG_ReloadCounter
                0x0800df60                IWDG_Enable
                0x0800df70                IWDG_GetFlagStatus
 .text          0x0800df84       0xcc lib/STM32F10x_StdPeriph_Driver/libstm32fw.a(stm32f10x_pwr.o)
                0x0800df88                PWR_DeInit
                0x0800dfa2                PWR_BackupAccessCmd
                0x0800dfac                PWR_PVDCmd
                0x0800dfb8                PWR_PVDLevelConfig
                0x0800dfcc                PWR_WakeUpPinCmd
                0x0800dfd8                PWR_EnterSTOPMode
                0x0800e004                PWR_EnterSTANDBYMode
                0x0800e02c                PWR_GetFlagStatus
                0x0800e040                PWR_ClearFlag
 .text          0x0800e050      0x360 lib/STM32F10x_StdPeriph_Driver/libstm32fw.a(stm32f10x_rcc.o)
                0x0800e050                RCC_DeInit
                0x0800e090                RCC_HSEConfig
                0x0800e0c8                RCC_AdjustHSICalibrationValue
                0x0800e0dc                RCC_HSICmd
                0x0800e0e8                RCC_PLLConfig
                0x0800e100                RCC_PLLCmd
                0x0800e10c                RCC_SYSCLKConfig
                0x0800e120                RCC_GetSYSCLKSource
                0x0800e130                RCC_HCLKConfig
                0x0800e144                RCC_PCLK1Config
                0x0800e158                RCC_PCLK2Config
                0x0800e16c                RCC_ITConfig
                0x0800e184                RCC_USBCLKConfig
                0x0800e190                RCC_ADCCLKConfig
                0x0800e1a4                RCC_LSEConfig
                0x0800e1c4                RCC_LSICmd
                0x0800e1d0                RCC_RTCCLKConfig
                0x0800e1e0                RCC_RTCCLKCmd
                0x0800e1ec                RCC_GetClocksFreq
                0x0800e290                RCC_AHBPeriphClockCmd
                0x0800e2a8                RCC_APB2PeriphClockCmd
                0x0800e2c0                RCC_APB1PeriphClockCmd
                0x0800e2d8                RCC_APB2PeriphResetCmd
                0x0800e2f0                RCC_APB1PeriphResetCmd
                0x0800e308                RCC_BackupResetCmd
                0x0800e314                RCC_ClockSecuritySystemCmd
                0x0800e320                RCC_MCOConfig
                0x0800e32c                RCC_GetFlagStatus
                0x0800e354                RCC_WaitForHSEStartUp
                0x0800e380                RCC_ClearFlag
                0x0800e390                RCC_GetITStatus
                0x0800e3a4                RCC_ClearITPendingBit
 .text          0x0800e3b0      0x158 lib/STM32F10x_StdPeriph_Driver/libstm32fw.a(stm32f10x_rtc.o)
                0x0800e3b0                RTC_ITConfig
                0x0800e3cc                RTC_EnterConfigMode
                0x0800e3e0                RTC_ExitConfigMode
                0x0800e3f4                RTC_GetCounter
                0x0800e408                RTC_SetCounter
                0x0800e424                RTC_SetPrescaler
                0x0800e444                RTC_SetAlarm
                0x0800e460                RTC_GetDivider
                0x0800e478                RTC_WaitForLastTask
                0x0800e488                RTC_WaitForSynchro
                0x0800e4a8                RTC_GetFlagStatus
                0x0800e4bc                RTC_ClearFlag
                0x0800e4d0                RTC_GetITStatus
                0x0800e4f4                RTC_ClearITPendingBit
 .text          0x0800e508      0x2d4 lib/STM32F10x_StdPeriph_Driver/libstm32fw.a(stm32f10x_spi.o)
                0x0800e508                SPI_I2S_DeInit
                0x0800e56c                SPI_Init
                0x0800e5ac                I2S_Init
                0x0800e64c                SPI_StructInit
                0x0800e664                I2S_StructInit
                0x0800e676                SPI_Cmd
                0x0800e690                I2S_Cmd
                0x0800e6aa                SPI_I2S_ITConfig
                0x0800e6c8                SPI_I2S_DMACmd
                0x0800e6de                SPI_I2S_SendData
                0x0800e6e2                SPI_I2S_ReceiveData
                0x0800e6e8                SPI_NSSInternalSoftwareConfig
                0x0800e708                SPI_SSOutputCmd
                0x0800e722                SPI_DataSizeConfig
                0x0800e73a                SPI_TransmitCRC
                0x0800e746                SPI_CalculateCRC
                0x0800e760                SPI_GetCRC
                0x0800e770                SPI_GetCRCPolynomial
                0x0800e776                SPI_BiDirectionalLineConfig
                0x0800e794                SPI_I2S_GetFlagStatus
                0x0800e7a0                SPI_I2S_ClearFlag
                0x0800e7a6                SPI_I2S_GetITStatus
                0x0800e7cc                SPI_I2S_ClearITPendingBit
 .text          0x0800e7dc      0xa80 lib/STM32F10x_StdPeriph_Driver/libstm32fw.a(stm32f10x_tim.o)
                0x0800e84a                TIM_DeInit
                0x0800e914                TIM_TimeBaseInit
                0x0800e950                TIM_OC1Init
                0x0800e9d0                TIM_OC2Init
                0x0800ea58                TIM_OC3Init
                0x0800eadc                TIM_OC4Init
                0x0800eb40                TIM_BDTRConfig
                0x0800eb62                TIM_TimeBaseStructInit
                0x0800eb74                TIM_OCStructInit
                0x0800eb88                TIM_ICStructInit
                0x0800eb98                TIM_BDTRStructInit
                0x0800ebaa                TIM_Cmd
                0x0800ebc4                TIM_CtrlPWMOutputs
                0x0800ebe2                TIM_ITConfig
                0x0800ebf8                TIM_GenerateEvent
                0x0800ebfc                TIM_DMAConfig
                0x0800ec04                TIM_DMACmd
                0x0800ec1a                TIM_InternalClockConfig
                0x0800ec28                TIM_ETRConfig
                0x0800ec3e                TIM_ETRClockMode2Config
                0x0800ec52                TIM_ETRClockMode1Config
                0x0800ec6c                TIM_PrescalerConfig
                0x0800ec72                TIM_CounterModeConfig
                0x0800ec84                TIM_SelectInputTrigger
                0x0800ec96                TIM_TIxExternalClockConfig
                0x0800ecc4                TIM_ITRxExternalClockConfig
                0x0800ecd8                TIM_EncoderInterfaceConfig
                0x0800ed16                TIM_ForcedOC1Config
                0x0800ed28                TIM_ForcedOC2Config
                0x0800ed3a                TIM_ForcedOC3Config
                0x0800ed4c                TIM_ForcedOC4Config
                0x0800ed5e                TIM_ARRPreloadConfig
                0x0800ed78                TIM_SelectCOM
                0x0800ed92                TIM_SelectCCDMA
                0x0800edac                TIM_CCPreloadControl
                0x0800edc6                TIM_OC1PreloadConfig
                0x0800edd8                TIM_OC2PreloadConfig
                0x0800edea                TIM_OC3PreloadConfig
                0x0800edfc                TIM_OC4PreloadConfig
                0x0800ee0e                TIM_OC1FastConfig
                0x0800ee20                TIM_OC2FastConfig
                0x0800ee32                TIM_OC3FastConfig
                0x0800ee44                TIM_OC4FastConfig
                0x0800ee56                TIM_ClearOC1Ref
                0x0800ee68                TIM_ClearOC2Ref
                0x0800ee76                TIM_ClearOC3Ref
                0x0800ee88                TIM_ClearOC4Ref
                0x0800ee96                TIM_OC1PolarityConfig
                0x0800eea8                TIM_OC1NPolarityConfig
                0x0800eeba                TIM_OC2PolarityConfig
                0x0800eecc                TIM_OC2NPolarityConfig
                0x0800eede                TIM_OC3PolarityConfig
                0x0800eef0                TIM_OC3NPolarityConfig
                0x0800ef02                TIM_OC4PolarityConfig
                0x0800ef14                TIM_CCxCmd
                0x0800ef32                TIM_CCxNCmd
                0x0800ef50                TIM_SelectOCxM
                0x0800ef9c                TIM_UpdateDisableConfig
                0x0800efb6                TIM_UpdateRequestConfig
                0x0800efd0                TIM_SelectHallSensor
                0x0800efea                TIM_SelectOnePulseMode
                0x0800f002                TIM_SelectOutputTrigger
                0x0800f01a                TIM_SelectSlaveMode
                0x0800f032                TIM_SelectMasterSlaveMode
                0x0800f04a                TIM_SetCounter
                0x0800f04e                TIM_SetAutoreload
                0x0800f052                TIM_SetCompare1
                0x0800f056                TIM_SetCompare2
                0x0800f05a                TIM_SetCompare3
                0x0800f05e                TIM_SetCompare4
                0x0800f064                TIM_SetIC1Prescaler
                0x0800f07c                TIM_SetIC2Prescaler
                0x0800f094                TIM_PWMIConfig
                0x0800f100                TIM_SetIC3Prescaler
                0x0800f118                TIM_SetIC4Prescaler
                0x0800f130                TIM_ICInit
                0x0800f1f4                TIM_SetClockDivision
                0x0800f206                TIM_GetCapture1
                0x0800f20c                TIM_GetCapture2
                0x0800f212                TIM_GetCapture3
                0x0800f218                TIM_GetCapture4
                0x0800f220                TIM_GetCounter
                0x0800f226                TIM_GetPrescaler
                0x0800f22c                TIM_GetFlagStatus
                0x0800f238                TIM_ClearFlag
                0x0800f23e                TIM_GetITStatus
                0x0800f254                TIM_ClearITPendingBit
 .text          0x0800f25c      0x374 lib/STM32F10x_StdPeriph_Driver/libstm32fw.a(stm32f10x_usart.o)
                0x0800f25c                USART_DeInit
                0x0800f2f4                USART_Init
                0x0800f384                USART_StructInit
                0x0800f39a                USART_ClockInit
                0x0800f3c0                USART_ClockStructInit
                0x0800f3cc                USART_Cmd
                0x0800f3e6                USART_ITConfig
                0x0800f41c                USART_DMACmd
                0x0800f432                USART_SetAddress
                0x0800f44a                USART_WakeUpConfig
                0x0800f462                USART_ReceiverWakeUpCmd
                0x0800f47c                USART_LINBreakDetectLengthConfig
                0x0800f494                USART_LINCmd
                0x0800f4ae                USART_SendData
                0x0800f4b6                USART_ReceiveData
                0x0800f4be                USART_SendBreak
                0x0800f4ca                USART_SetGuardTime
                0x0800f4dc                USART_SetPrescaler
                0x0800f4f0                USART_SmartCardCmd
                0x0800f50a                USART_SmartCardNACKCmd
                0x0800f524                USART_HalfDuplexCmd
                0x0800f53e                USART_IrDAConfig
                0x0800f556                USART_IrDACmd
                0x0800f570                USART_GetFlagStatus
                0x0800f57c                USART_ClearFlag
                0x0800f582                USART_GetITStatus
                0x0800f5c2                USART_ClearITPendingBit
 .text          0x0800f5d0      0xa54 lib/STM32_USB-FS-Device_Driver/libstm32usb.a(usb_core.o)
                0x0800f5d0                Standard_GetConfiguration
                0x0800f5f8                Standard_GetInterface
                0x0800f620                Standard_GetStatus
                0x0800f794                Standard_SetConfiguration
                0x0800f7d0                Standard_SetInterface
                0x0800f820                Standard_ClearFeature
                0x0800f91c                Standard_SetEndPointFeature
                0x0800f9d0                Standard_SetDeviceFeature
                0x0800f9f4                Standard_GetDescriptorData
                0x0800fa10                Post0_Process
                0x0800fa58                Out0_Process
                0x0800fb34                Setup0_Process
                0x0800ff04                SetDeviceAddress
                0x0800ffc0                In0_Process
                0x08010020                NOP_Process
 .text          0x08010024       0x38 lib/STM32_USB-FS-Device_Driver/libstm32usb.a(usb_init.o)
                0x08010024                USB_Init
 .text          0x0801005c      0x25c lib/STM32_USB-FS-Device_Driver/libstm32usb.a(usb_int.o)
                0x0801005c                CTR_LP
                0x08010224                CTR_HP
 .text          0x080102b8       0xb8 lib/STM32_USB-FS-Device_Driver/libstm32usb.a(usb_mem.o)
                0x080102b8                UserToPMABufferCopy
                0x08010320                PMAToUserBufferCopy
 .text          0x08010370      0x880 lib/STM32_USB-FS-Device_Driver/libstm32usb.a(usb_regs.o)
                0x08010370                SetCNTR
                0x0801037c                GetCNTR
                0x08010388                SetISTR
                0x08010394                GetISTR
                0x080103a0                GetFNR
                0x080103ac                SetDADDR
                0x080103b8                GetDADDR
                0x080103c4                SetBTABLE
                0x080103d8                GetBTABLE
                0x080103e4                SetENDPOINT
                0x080103f4                GetENDPOINT
                0x08010404                SetEPType
                0x08010420                GetEPType
                0x08010434                SetEPTxStatus
                0x08010474                SetEPRxStatus
                0x080104b4                SetDouBleBuffEPStall
                0x080104dc                GetEPTxStatus
                0x080104f0                GetEPRxStatus
                0x08010504                SetEPTxValid
                0x08010528                SetEPRxValid
                0x0801054c                SetEP_KIND
                0x0801056c                ClearEP_KIND
                0x0801058c                Clear_Status_Out
                0x080105ac                Set_Status_Out
                0x080105cc                SetEPDoubleBuff
                0x080105ec                ClearEPDoubleBuff
                0x0801060c                GetTxStallStatus
                0x0801062c                GetRxStallStatus
                0x0801064c                ClearEP_CTR_RX
                0x08010664                ClearEP_CTR_TX
                0x0801067c                ToggleDTOG_RX
                0x0801069c                ToggleDTOG_TX
                0x080106bc                ClearDTOG_RX
                0x080106e4                ClearDTOG_TX
                0x0801070c                SetEPAddress
                0x08010730                GetEPAddress
                0x08010744                SetEPTxAddr
                0x08010768                SetEPRxAddr
                0x08010790                GetEPTxAddr
                0x080107b0                GetEPRxAddr
                0x080107d0                SetEPTxCount
                0x080107f0                SetEPCountRxReg
                0x0801081c                SetEPRxCount
                0x08010864                GetEPTxCount
                0x08010888                GetEPRxCount
                0x080108ac                SetEPDblBuffAddr
                0x080108f4                SetEPDblBuf0Addr
                0x08010918                SetEPDblBuf1Addr
                0x08010940                GetEPDblBuf0Addr
                0x08010960                GetEPDblBuf1Addr
                0x08010980                SetEPDblBuffCount
                0x08010a2c                SetEPDblBuf0Count
                0x08010a94                SetEPDblBuf1Count
                0x08010afc                GetEPDblBuf0Count
                0x08010b20                GetEPDblBuf1Count
                0x08010b44                GetEPDblBufDir
                0x08010b8c                FreeUserBuffer
                0x08010bdc                ToWord
                0x08010be4                ByteSwap
 .text          0x08010bf0       0x6c lib/STM32_USB-FS-Device_Driver/libstm32usb.a(usb_sil.o)
                0x08010bf0                USB_SIL_Init
                0x08010c10                USB_SIL_Write
                0x08010c38                USB_SIL_Read
 .text          0x08010c5c       0x78 /home/laurence/CodeSourcery/Sourcery_G++_Lite/bin/../lib/gcc/arm-none-eabi/4.5.2/../../../../arm-none-eabi/lib/thumb2/libm.a(lib_a-sf_sin.o)
                0x08010c5c                sinf
 .text          0x08010cd4       0xa8 /home/laurence/CodeSourcery/Sourcery_G++_Lite/bin/../lib/gcc/arm-none-eabi/4.5.2/../../../../arm-none-eabi/lib/thumb2/libm.a(lib_a-wf_asin.o)
                0x08010cd4                asinf
 .text          0x08010d7c       0xa4 /home/laurence/CodeSourcery/Sourcery_G++_Lite/bin/../lib/gcc/arm-none-eabi/4.5.2/../../../../arm-none-eabi/lib/thumb2/libm.a(lib_a-wf_sqrt.o)
                0x08010d7c                sqrtf
 .text          0x08010e20      0x318 /home/laurence/CodeSourcery/Sourcery_G++_Lite/bin/../lib/gcc/arm-none-eabi/4.5.2/../../../../arm-none-eabi/lib/thumb2/libm.a(lib_a-ef_asin.o)
                0x08010e20                __ieee754_asinf
 .text          0x08011138      0x358 /home/laurence/CodeSourcery/Sourcery_G++_Lite/bin/../lib/gcc/arm-none-eabi/4.5.2/../../../../arm-none-eabi/lib/thumb2/libm.a(lib_a-ef_rem_pio2.o)
                0x08011138                __ieee754_rem_pio2f
 .text          0x08011490       0xb0 /home/laurence/CodeSourcery/Sourcery_G++_Lite/bin/../lib/gcc/arm-none-eabi/4.5.2/../../../../arm-none-eabi/lib/thumb2/libm.a(lib_a-ef_sqrt.o)
                0x08011490                __ieee754_sqrtf
 .text          0x08011540      0x1b8 /home/laurence/CodeSourcery/Sourcery_G++_Lite/bin/../lib/gcc/arm-none-eabi/4.5.2/../../../../arm-none-eabi/lib/thumb2/libm.a(lib_a-kf_cos.o)
                0x08011540                __kernel_cosf
 .text          0x080116f8      0x63c /home/laurence/CodeSourcery/Sourcery_G++_Lite/bin/../lib/gcc/arm-none-eabi/4.5.2/../../../../arm-none-eabi/lib/thumb2/libm.a(lib_a-kf_rem_pio2.o)
                0x080116f8                __kernel_rem_pio2f
 .text          0x08011d34      0x100 /home/laurence/CodeSourcery/Sourcery_G++_Lite/bin/../lib/gcc/arm-none-eabi/4.5.2/../../../../arm-none-eabi/lib/thumb2/libm.a(lib_a-kf_sin.o)
                0x08011d34                __kernel_sinf
 .text          0x08011e34        0x4 /home/laurence/CodeSourcery/Sourcery_G++_Lite/bin/../lib/gcc/arm-none-eabi/4.5.2/../../../../arm-none-eabi/lib/thumb2/libm.a(lib_a-s_matherr.o)
                0x08011e34                matherr
 .text          0x08011e38        0xc /home/laurence/CodeSourcery/Sourcery_G++_Lite/bin/../lib/gcc/arm-none-eabi/4.5.2/../../../../arm-none-eabi/lib/thumb2/libm.a(lib_a-s_nan.o)
                0x08011e38                nan
 .text          0x08011e44        0x8 /home/laurence/CodeSourcery/Sourcery_G++_Lite/bin/../lib/gcc/arm-none-eabi/4.5.2/../../../../arm-none-eabi/lib/thumb2/libm.a(lib_a-sf_fabs.o)
                0x08011e44                fabsf
 .text          0x08011e4c       0xa0 /home/laurence/CodeSourcery/Sourcery_G++_Lite/bin/../lib/gcc/arm-none-eabi/4.5.2/../../../../arm-none-eabi/lib/thumb2/libm.a(lib_a-sf_floor.o)
                0x08011e4c                floorf
 .text          0x08011eec       0x7c /home/laurence/CodeSourcery/Sourcery_G++_Lite/bin/../lib/gcc/arm-none-eabi/4.5.2/../../../../arm-none-eabi/lib/thumb2/libm.a(lib_a-sf_fpclassify.o)
                0x08011eec                __fpclassifyf
 .text          0x08011f68       0xc0 /home/laurence/CodeSourcery/Sourcery_G++_Lite/bin/../lib/gcc/arm-none-eabi/4.5.2/../../../../arm-none-eabi/lib/thumb2/libm.a(lib_a-sf_scalbn.o)
                0x08011f68                scalbnf
 .text          0x08012028       0x10 /home/laurence/CodeSourcery/Sourcery_G++_Lite/bin/../lib/gcc/arm-none-eabi/4.5.2/../../../../arm-none-eabi/lib/thumb2/libm.a(lib_a-sf_copysign.o)
                0x08012028                copysignf
 .text          0x08012038      0x370 /home/laurence/CodeSourcery/Sourcery_G++_Lite/bin/../lib/gcc/arm-none-eabi/4.5.2/thumb2/libgcc.a(_arm_addsubdf3.o)
                0x08012038                __aeabi_drsub
                0x08012040                __aeabi_dsub
                0x08012040                __subdf3
                0x08012044                __adddf3
                0x08012044                __aeabi_dadd
                0x080122bc                __aeabi_ui2d
                0x080122bc                __floatunsidf
                0x080122dc                __floatsidf
                0x080122dc                __aeabi_i2d
                0x08012300                __extendsfdf2
                0x08012300                __aeabi_f2d
                0x0801233c                __aeabi_ul2d
                0x0801233c                __floatundidf
                0x0801234c                __floatdidf
                0x0801234c                __aeabi_l2d
 .text          0x080123a8      0x424 /home/laurence/CodeSourcery/Sourcery_G++_Lite/bin/../lib/gcc/arm-none-eabi/4.5.2/thumb2/libgcc.a(_arm_muldivdf3.o)
                0x080123a8                __aeabi_dmul
                0x080123a8                __muldf3
                0x080125fc                __aeabi_ddiv
                0x080125fc                __divdf3
 .text          0x080127cc      0x110 /home/laurence/CodeSourcery/Sourcery_G++_Lite/bin/../lib/gcc/arm-none-eabi/4.5.2/thumb2/libgcc.a(_arm_cmpdf2.o)
                0x080127cc                __gtdf2
                0x080127cc                __gedf2
                0x080127d4                __ltdf2
                0x080127d4                __ledf2
                0x080127dc                __cmpdf2
                0x080127dc                __eqdf2
                0x080127dc                __nedf2
                0x08012858                __aeabi_cdrcmple
                0x08012868                __aeabi_cdcmple
                0x08012868                __aeabi_cdcmpeq
                0x08012878                __aeabi_dcmpeq
                0x0801288c                __aeabi_dcmplt
                0x080128a0                __aeabi_dcmple
                0x080128b4                __aeabi_dcmpge
                0x080128c8                __aeabi_dcmpgt
 .text          0x080128dc       0x50 /home/laurence/CodeSourcery/Sourcery_G++_Lite/bin/../lib/gcc/arm-none-eabi/4.5.2/thumb2/libgcc.a(_arm_fixdfsi.o)
                0x080128dc                __fixdfsi
                0x080128dc                __aeabi_d2iz
 .text          0x0801292c       0x40 /home/laurence/CodeSourcery/Sourcery_G++_Lite/bin/../lib/gcc/arm-none-eabi/4.5.2/thumb2/libgcc.a(_arm_fixunsdfsi.o)
                0x0801292c                __fixunsdfsi
                0x0801292c                __aeabi_d2uiz
 .text          0x0801296c       0xa0 /home/laurence/CodeSourcery/Sourcery_G++_Lite/bin/../lib/gcc/arm-none-eabi/4.5.2/thumb2/libgcc.a(_arm_truncdfsf2.o)
                0x0801296c                __aeabi_d2f
                0x0801296c                __truncdfsf2
 .text          0x08012a0c      0x21c /home/laurence/CodeSourcery/Sourcery_G++_Lite/bin/../lib/gcc/arm-none-eabi/4.5.2/thumb2/libgcc.a(_arm_addsubsf3.o)
                0x08012a0c                __aeabi_frsub
                0x08012a14                __subsf3
                0x08012a14                __aeabi_fsub
                0x08012a18                __aeabi_fadd
                0x08012a18                __addsf3
                0x08012b78                __aeabi_ui2f
                0x08012b78                __floatunsisf
                0x08012b80                __aeabi_i2f
                0x08012b80                __floatsisf
                0x08012b9c                __floatundisf
                0x08012b9c                __aeabi_ul2f
                0x08012bac                __floatdisf
                0x08012bac                __aeabi_l2f
 .text          0x08012c28      0x2a0 /home/laurence/CodeSourcery/Sourcery_G++_Lite/bin/../lib/gcc/arm-none-eabi/4.5.2/thumb2/libgcc.a(_arm_muldivsf3.o)
                0x08012c28                __mulsf3
                0x08012c28                __aeabi_fmul
                0x08012d90                __divsf3
                0x08012d90                __aeabi_fdiv
 .text          0x08012ec8       0xec /home/laurence/CodeSourcery/Sourcery_G++_Lite/bin/../lib/gcc/arm-none-eabi/4.5.2/thumb2/libgcc.a(_arm_cmpsf2.o)
                0x08012ec8                __gtsf2
                0x08012ec8                __gesf2
                0x08012ed0                __lesf2
                0x08012ed0                __ltsf2
                0x08012ed8                __nesf2
                0x08012ed8                __eqsf2
                0x08012ed8                __cmpsf2
                0x08012f38                __aeabi_cfrcmple
                0x08012f40                __aeabi_cfcmple
                0x08012f40                __aeabi_cfcmpeq
                0x08012f50                __aeabi_fcmpeq
                0x08012f64                __aeabi_fcmplt
                0x08012f78                __aeabi_fcmple
                0x08012f8c                __aeabi_fcmpge
                0x08012fa0                __aeabi_fcmpgt
 .text          0x08012fb4       0x4c /home/laurence/CodeSourcery/Sourcery_G++_Lite/bin/../lib/gcc/arm-none-eabi/4.5.2/thumb2/libgcc.a(_arm_fixsfsi.o)
                0x08012fb4                __fixsfsi
                0x08012fb4                __aeabi_f2iz
 .text          0x08013000       0x40 /home/laurence/CodeSourcery/Sourcery_G++_Lite/bin/../lib/gcc/arm-none-eabi/4.5.2/thumb2/libgcc.a(_arm_fixunssfsi.o)
                0x08013000                __aeabi_f2uiz
                0x08013000                __fixunssfsi
 .text          0x08013040        0xc /home/laurence/CodeSourcery/Sourcery_G++_Lite/bin/../lib/gcc/arm-none-eabi/4.5.2/../../../../arm-none-eabi/lib/thumb2/libc.a(lib_a-errno.o)
                0x08013040                __errno
 .text          0x0801304c       0x20 /home/laurence/CodeSourcery/Sourcery_G++_Lite/bin/../lib/gcc/arm-none-eabi/4.5.2/../../../../arm-none-eabi/lib/thumb2/libc.a(lib_a-malloc.o)
                0x0801304c                malloc
                0x0801305c                free
 .text          0x0801306c      0x57c /home/laurence/CodeSourcery/Sourcery_G++_Lite/bin/../lib/gcc/arm-none-eabi/4.5.2/../../../../arm-none-eabi/lib/thumb2/libc.a(lib_a-mallocr.o)
                0x0801306c                _malloc_r
 .text          0x080135e8       0xb4 /home/laurence/CodeSourcery/Sourcery_G++_Lite/bin/../lib/gcc/arm-none-eabi/4.5.2/../../../../arm-none-eabi/lib/thumb2/libc.a(lib_a-memset.o)
                0x080135e8                memset
 .text          0x0801369c        0x8 /home/laurence/CodeSourcery/Sourcery_G++_Lite/bin/../lib/gcc/arm-none-eabi/4.5.2/../../../../arm-none-eabi/lib/thumb2/libc.a(lib_a-mlock.o)
                0x0801369c                __malloc_lock
                0x080136a0                __malloc_unlock
 .text          0x080136a4       0x28 /home/laurence/CodeSourcery/Sourcery_G++_Lite/bin/../lib/gcc/arm-none-eabi/4.5.2/../../../../arm-none-eabi/lib/thumb2/libc.a(lib_a-sbrkr.o)
                0x080136a4                _sbrk_r
 .text          0x080136cc       0x60 /home/laurence/CodeSourcery/Sourcery_G++_Lite/bin/../lib/gcc/arm-none-eabi/4.5.2/../../../../arm-none-eabi/lib/thumb2/libc.a(lib_a-strlen.o)
                0x080136cc                strlen
 .text          0x0801372c      0x240 /home/laurence/CodeSourcery/Sourcery_G++_Lite/bin/../lib/gcc/arm-none-eabi/4.5.2/../../../../arm-none-eabi/lib/thumb2/libc.a(lib_a-freer.o)
                0x0801372c                _malloc_trim_r
                0x080137d4                _free_r
 .text          0x0801396c       0x30 /home/laurence/CodeSourcery/Sourcery_G++_Lite/bin/../lib/gcc/arm-none-eabi/4.5.2/../../../../arm-none-eabi/lib/thumb2/libcs3.a(start_c.o)
                0x0801396c                __cs3_premain
 .text.cs3.init
                0x0801399c       0x50 /home/laurence/CodeSourcery/Sourcery_G++_Lite/bin/../lib/gcc/arm-none-eabi/4.5.2/../../../../arm-none-eabi/lib/thumb2/libcs3.a(start_c.o)
                0x0801399c                __cs3_start_c
 .text          0x080139ec       0x40 /home/laurence/CodeSourcery/Sourcery_G++_Lite/bin/../lib/gcc/arm-none-eabi/4.5.2/../../../../arm-none-eabi/lib/thumb2/libcs3unhosted.a(unhosted-sbrk.o)
                0x080139ec                _sbrk
 .text.cs3.init
                0x08013a2c       0x10 /home/laurence/CodeSourcery/Sourcery_G++_Lite/bin/../lib/gcc/arm-none-eabi/4.5.2/../../../../arm-none-eabi/lib/thumb2/libcs3unhosted.a(unhosted-start.o)
                0x08013a2c                _start
 .text          0x08013a3c        0x2 lib/libcs3-lanchon-stm32.a(lanchon_stm32_isr_interrupt.o)
                0x08013a3c                DMAChannel7_IRQHandler
                0x08013a3c                DebugMonitor
                0x08013a3c                SVCHandler
                0x08013a3c                __STM32ReservedException8
                0x08013a3c                __STM32DefaultExceptionHandler
                0x08013a3c                CAN_SCE_IRQHandler
                0x08013a3c                __STM32ReservedException10
                0x08013a3c                __STM32ReservedException13
                0x08013a3c                DMAChannel4_IRQHandler
                0x08013a3c                PendSVC
                0x08013a3c                CAN_RX1_IRQHandler
                0x08013a3c                ADC_IRQHandler
                0x08013a3c                DMAChannel5_IRQHandler
                0x08013a3c                DMAChannel2_IRQHandler
                0x08013a3c                __STM32ReservedException7
                0x08013a3c                DMAChannel6_IRQHandler
                0x08013a3c                DMAChannel3_IRQHandler
                0x08013a3c                __STM32ReservedException9
 *fill*         0x08013a3e        0x2 00
 .text          0x08013a40       0x50 /home/laurence/CodeSourcery/Sourcery_G++_Lite/bin/../lib/gcc/arm-none-eabi/4.5.2/../../../../arm-none-eabi/lib/thumb2/libc.a(lib_a-init.o)
                0x08013a40                __libc_init_array
 *(.plt)
 *(.gnu.warning)
 *(.glue_7t)
 .glue_7t       0x00000000        0x0 linker stubs
 *(.glue_7)
 .glue_7        0x00000000        0x0 linker stubs
 *(.vfp11_veneer)
 .vfp11_veneer  0x00000000        0x0 linker stubs
 *(.rodata .rodata.* .gnu.linkonce.r.*)
 .rodata        0x08013a90       0x90 Sensors/ppg_new.o
 .rodata        0x08013b20       0xac Util/USB/usb_desc.o
                0x08013b20                MASS_DeviceDescriptor
                0x08013b34                MASS_ConfigDescriptor
                0x08013b54                MASS_StringLangID
                0x08013b58                MASS_StringVendor
                0x08013b8c                MASS_StringProduct
                0x08013bbc                MASS_StringInterface
 .rodata        0x08013bcc     0x7738 Util/fat_fs/option/cc932.o
 .rodata.str1.4
                0x0801b304       0x13 Util/fat_fs/src/ff.o
                                 0x14 (size before relaxing)
 *fill*         0x0801b317        0x1 00
 .rodata        0x0801b318        0xc Util/fat_fs/src/rtc.o
 .rodata        0x0801b324       0x14 Util/rprintf.o
 .rodata.str1.4
                0x0801b338       0x1a Util/rprintf.o
                                 0x1c (size before relaxing)
 *fill*         0x0801b352        0x2 00
 .rodata        0x0801b354        0x4 i2c_int.o
                0x0801b354                TMP102_setup
 .rodata.str1.4
                0x0801b358       0x10 interrupts.o
 .rodata        0x0801b368       0x14 lib/CMSIS_CM3/system_stm32f10x.o
                0x0801b368                SystemFrequency
                0x0801b36c                SystemFrequency_SysClk
                0x0801b370                SystemFrequency_AHBClk
                0x0801b374                SystemFrequency_APB1Clk
                0x0801b378                SystemFrequency_APB2Clk
 .rodata.str1.4
                0x0801b37c       0xcd main.o
                                 0xd4 (size before relaxing)
 *fill*         0x0801b449        0x3 00
 .rodata.str1.4
                0x0801b44c       0x16 pwr.o
                                 0x18 (size before relaxing)
 *fill*         0x0801b462        0x2 00
 .rodata.str1.4
                0x0801b464        0x6 /home/laurence/CodeSourcery/Sourcery_G++_Lite/bin/../lib/gcc/arm-none-eabi/4.5.2/../../../../arm-none-eabi/lib/thumb2/libm.a(lib_a-wf_asin.o)
                                  0xc (size before relaxing)
 *fill*         0x0801b46a        0x2 00
 .rodata.str1.4
                0x0801b46c        0x8 /home/laurence/CodeSourcery/Sourcery_G++_Lite/bin/../lib/gcc/arm-none-eabi/4.5.2/../../../../arm-none-eabi/lib/thumb2/libm.a(lib_a-wf_sqrt.o)
 .rodata        0x0801b474      0x398 /home/laurence/CodeSourcery/Sourcery_G++_Lite/bin/../lib/gcc/arm-none-eabi/4.5.2/../../../../arm-none-eabi/lib/thumb2/libm.a(lib_a-ef_rem_pio2.o)
 .rodata        0x0801b80c       0x38 /home/laurence/CodeSourcery/Sourcery_G++_Lite/bin/../lib/gcc/arm-none-eabi/4.5.2/../../../../arm-none-eabi/lib/thumb2/libm.a(lib_a-kf_rem_pio2.o)
 .rodata        0x0801b844       0x60 /home/laurence/CodeSourcery/Sourcery_G++_Lite/bin/../lib/gcc/arm-none-eabi/4.5.2/../../../../arm-none-eabi/lib/thumb2/libc.a(lib_a-findfp.o)
                0x0801b844                __sf_fake_stdin
                0x0801b864                __sf_fake_stdout
                0x0801b884                __sf_fake_stderr
 .rodata.str1.4
                0x00000000        0x4 /home/laurence/CodeSourcery/Sourcery_G++_Lite/bin/../lib/gcc/arm-none-eabi/4.5.2/../../../../arm-none-eabi/lib/thumb2/libc.a(lib_a-impure.o)
 *(.ARM.extab* .gnu.linkonce.armextab.*)
 *(.gcc_except_table)
 *(.eh_frame_hdr)
 *(.eh_frame)
                0x0801b8a4                . = ALIGN (0x4)
 *(.init)
 .init          0x0801b8a4        0x4 /home/laurence/CodeSourcery/Sourcery_G++_Lite/bin/../lib/gcc/arm-none-eabi/4.5.2/thumb2/crti.o
                0x0801b8a4                _init
 .init          0x0801b8a8        0x8 /home/laurence/CodeSourcery/Sourcery_G++_Lite/bin/../lib/gcc/arm-none-eabi/4.5.2/thumb2/crtn.o
                0x0801b8b0                . = ALIGN (0x4)
                0x0801b8b0                _sidata = .
                0x0801b8b0                __preinit_array_start = .
 *(.preinit_array)
                0x0801b8b0                __preinit_array_end = .
                0x0801b8b0                . = ALIGN (0x4)
                0x0801b8b0                __init_array_start = .
 *(SORT(.init_array.*))
 *(.init_array)
 .init_array    0x0801b8b0        0x4 /home/laurence/CodeSourcery/Sourcery_G++_Lite/bin/../lib/gcc/arm-none-eabi/4.5.2/thumb2/crtbegin.o
                0x0801b8b4                __init_array_end = .
                0x0801b8b4                . = ALIGN (0x4)
 *crtbegin.o(.ctors)
 *(EXCLUDE_FILE(*crtend.o) .ctors)
 *(SORT(.ctors.*))
 *crtend.o(.ctors)
                0x0801b8b4                . = ALIGN (0x4)
 *(.fini)
 .fini          0x0801b8b4        0x4 /home/laurence/CodeSourcery/Sourcery_G++_Lite/bin/../lib/gcc/arm-none-eabi/4.5.2/thumb2/crti.o
                0x0801b8b4                _fini
 .fini          0x0801b8b8        0x8 /home/laurence/CodeSourcery/Sourcery_G++_Lite/bin/../lib/gcc/arm-none-eabi/4.5.2/thumb2/crtn.o
                0x0801b8c0                . = ALIGN (0x4)
                0x0801b8c0                __fini_array_start = .
 *(.fini_array)
 .fini_array    0x0801b8c0        0x4 /home/laurence/CodeSourcery/Sourcery_G++_Lite/bin/../lib/gcc/arm-none-eabi/4.5.2/thumb2/crtbegin.o
 *(SORT(.fini_array.*))
                0x0801b8c4                __fini_array_end = .
 *crtbegin.o(.dtors)
 *(EXCLUDE_FILE(*crtend.o) .dtors)
 *(SORT(.dtors.*))
 *crtend.o(.dtors)
                0x0801b8c4                . = ALIGN (0x4)
                0x0801b8c4                __cs3_regions = .
                0x0801b8c4        0x4 LONG 0x0
                0x0801b8c8        0x4 LONG 0x801b8d8 __cs3_region_init_ram
                0x0801b8cc        0x4 LONG 0x20000000 __cs3_region_start_ram
                0x0801b8d0        0x4 LONG 0x698 __cs3_region_init_size_ram
                0x0801b8d4        0x4 LONG 0x950 __cs3_region_zero_size_ram
                0x0801b8d8                __exidx_start = .

.v4_bx          0x0801b8d8        0x0
 .v4_bx         0x00000000        0x0 linker stubs

.ARM.exidx
 *(.ARM.exidx* .gnu.linkonce.armexidx.*)
                0x0801b8d8                __exidx_end = .

.text.align     0x0801b8d8        0x0
                0x0801b8d8                . = ALIGN (0x8)
                0x0801b8d8                _etext = .
                0x08020000                __cs3_region_end_rom = (__cs3_region_start_rom + 0x20000)
                0x00020000                __cs3_region_size_rom = 0x20000
                0x00000001                __cs3_region_num = 0x1

.data           0x20000000      0x698 load address 0x0801b8d8
                0x20000000                __cs3_region_start_ram = .
                0x20000000                _sdata = .
 *(.cs3.region-head.ram)
 *(.jcr)
 .jcr           0x20000000        0x0 /home/laurence/CodeSourcery/Sourcery_G++_Lite/bin/../lib/gcc/arm-none-eabi/4.5.2/thumb2/crtbegin.o
 .jcr           0x20000000        0x4 /home/laurence/CodeSourcery/Sourcery_G++_Lite/bin/../lib/gcc/arm-none-eabi/4.5.2/thumb2/crtend.o
 *(.got.plt)
 *(.got)
 *(.shdata)
 *(.data .data.* .gnu.linkonce.d.*)
 .data          0x20000004       0x74 Util/USB/scsi_data.o
                0x20000004                Standard_Inquiry_Data
                0x20000028                Standard_Inquiry_Data2
                0x2000004c                Mode_Sense6_data
                0x20000050                Mode_Sense10_data
                0x20000058                Scsi_Sense_Data
                0x2000006c                ReadFormatCapacity_Data
 .data          0x20000078       0x1c Util/USB/usb_desc.o
                0x20000078                MASS_StringSerial
 .data          0x20000094       0x38 Util/USB/usb_istr.o
                0x20000094                pEpInt_IN
                0x200000b0                pEpInt_OUT
 .data          0x200000cc       0x90 Util/USB/usb_prop.o
                0x200000cc                String_Descriptor
                0x200000f4                Config_Descriptor
                0x200000fc                Device_Descriptor
                0x20000104                Device_Property
                0x20000134                Device_Table
                0x20000138                User_Standard_Requests
 .data          0x2000015c        0x1 Util/USB/usb_pwr.o
                0x2000015c                fSuspendEnabled
 .data          0x2000015d        0x1 Util/fat_fs/src/sd_spi_stm32.o
 *fill*         0x2000015e        0x2 00
 .data          0x20000160       0x10 i2c_int.o
                0x20000160                I2C_jobs
 .data          0x20000170       0x14 lib/STM32F10x_StdPeriph_Driver/libstm32fw.a(stm32f10x_rcc.o)
 .data          0x20000184        0x1 /home/laurence/CodeSourcery/Sourcery_G++_Lite/bin/../lib/gcc/arm-none-eabi/4.5.2/../../../../arm-none-eabi/lib/thumb2/libm.a(lib_a-s_lib_ver.o)
                0x20000184                __fdlib_version
 *fill*         0x20000185        0x3 00
 .data          0x20000188       0xf4 /home/laurence/CodeSourcery/Sourcery_G++_Lite/bin/../lib/gcc/arm-none-eabi/4.5.2/../../../../arm-none-eabi/lib/thumb2/libc.a(lib_a-impure.o)
                0x20000188                _impure_ptr
 .data          0x2000027c      0x410 /home/laurence/CodeSourcery/Sourcery_G++_Lite/bin/../lib/gcc/arm-none-eabi/4.5.2/../../../../arm-none-eabi/lib/thumb2/libc.a(lib_a-mallocr.o)
                0x2000027c                __malloc_av_
                0x20000684                __malloc_sbrk_base
                0x20000688                __malloc_trim_threshold
 .data          0x2000068c        0x4 /home/laurence/CodeSourcery/Sourcery_G++_Lite/bin/../lib/gcc/arm-none-eabi/4.5.2/../../../../arm-none-eabi/lib/thumb2/libcs3unhosted.a(unhosted-sbrk.o)
 .data          0x20000690        0x4 /home/laurence/CodeSourcery/Sourcery_G++_Lite/bin/../lib/gcc/arm-none-eabi/4.5.2/../../../../arm-none-eabi/lib/thumb2/libcs3.a(heap.o)
                0x20000690                __cs3_heap_limit
 *(.ram)
                0x20000698                . = ALIGN (0x8)
 *fill*         0x20000694        0x4 00
                0x20000698                _edata = .

.bss            0x20000698      0x950 load address 0x0801bf70
                0x20000698                _sbss = .
 *(.shbss)
 *(.bss .bss.* .gnu.linkonce.b.*)
 .bss           0x20000698        0x1 /home/laurence/CodeSourcery/Sourcery_G++_Lite/bin/../lib/gcc/arm-none-eabi/4.5.2/thumb2/crtbegin.o
 *fill*         0x20000699        0x3 00
 .bss           0x2000069c       0x18 Sensors/ppg_new.o
 .bss           0x200006b4       0x34 Sensors/pressure.o
 .bss           0x200006e8        0x4 Util/USB/mass_mal.o
                0x200006e8                Status
 .bss           0x200006ec       0x1c Util/USB/memory.o
                0x200006ec                TransferState
                0x200006f8                Block_Read_count
                0x200006fc                Counter
 .bss           0x20000708       0x10 Util/USB/scsi_data.o
                0x20000708                Page00_Inquiry_Data
                0x20000710                ReadCapacity10_Data
 .bss           0x20000718        0x1 Util/USB/usb_istr.o
                0x20000718                bIntPackSOF
 *fill*         0x20000719        0x3 00
 .bss           0x2000071c        0x4 Util/USB/usb_prop.o
                0x2000071c                Max_Lun
 .bss           0x20000720        0x4 Util/USB/usb_pwr.o
                0x20000720                bDeviceState
 .bss           0x20000724        0x8 Util/fat_fs/src/ff.o
 .bss           0x2000072c       0x10 Util/fat_fs/src/sd_spi_stm32.o
 .bss           0x2000073c       0x84 Util/rprintf.o
 .bss           0x200007c0        0x3 i2c_int.o
 *fill*         0x200007c3        0x1 00
 .bss           0x200007c4       0x18 interrupts.o
 .bss           0x200007dc      0x234 main.o
                0x20000a0c                file_opened
 .bss           0x20000a10        0x1 lib/STM32_USB-FS-Device_Driver/libstm32usb.a(usb_core.o)
                0x20000a10                Data_Mul_MaxPacketSize
 *fill*         0x20000a11        0x3 00
 .bss           0x20000a14       0x34 /home/laurence/CodeSourcery/Sourcery_G++_Lite/bin/../lib/gcc/arm-none-eabi/4.5.2/../../../../arm-none-eabi/lib/thumb2/libc.a(lib_a-mallocr.o)
                0x20000a14                __malloc_top_pad
                0x20000a18                __malloc_current_mallinfo
                0x20000a40                __malloc_max_sbrked_mem
                0x20000a44                __malloc_max_total_mem
 *(COMMON)
 COMMON         0x20000a48        0xc Sensors/ppg_new.o
                0x20000a48                Last_PPG_Values
 COMMON         0x20000a54        0x8 Sensors/pressure.o
                0x20000a54                Reported_Pressure
                0x20000a58                Pressure_Offset
 COMMON         0x20000a5c        0xa Sensors/temperature.o
                0x20000a5c                Device_Temperature
                0x20000a60                TMP102_Reported_Temperature
                0x20000a64                TMP102_Data_Buffer
 *fill*         0x20000a66        0x2 00
 COMMON         0x20000a68       0x1c Util/USB/mass_mal.o
                0x20000a68                Mass_Memory_Size
                0x20000a70                Mass_Block_Size
                0x20000a78                Mass_Block_Count
                0x20000a80                Data_Buffer
 COMMON         0x20000a84        0x8 Util/USB/memory.o
                0x20000a84                Block_offset
                0x20000a88                Idx
 COMMON         0x20000a8c       0x7c Util/USB/usb_bot.o
                0x20000a8c                CBW
                0x20000aac                Data_Len
                0x20000aae                Bot_State
                0x20000ab0                SCSI_LBA
                0x20000ab4                CSW
                0x20000ac4                SCSI_BlkLen
                0x20000ac8                Bulk_Data_Buff
 COMMON         0x20000b08        0x2 Util/USB/usb_istr.o
                0x20000b08                wIstr
 *fill*         0x20000b0a        0x2 00
 COMMON         0x20000b0c        0x2 Util/USB/usb_pwr.o
                0x20000b0c                ResumeS
 *fill*         0x20000b0e        0x2 00
 COMMON         0x20000b10        0x4 adc.o
                0x20000b10                ADC1_Convertion_buff
 COMMON         0x20000b14        0x1 gpio.o
                0x20000b14                bootsource
 *fill*         0x20000b15        0x3 00
 COMMON         0x20000b18        0xd i2c_int.o
                0x20000b18                I2C1error
                0x20000b1c                Jobs
                0x20000b20                Completed_Jobs
                0x20000b24                job
 COMMON         0x20000b25        0x1 interrupts.o
                0x20000b25                Button_hold_tim
 *fill*         0x20000b26        0x2 00
 COMMON         0x20000b28      0x480 main.o
                0x20000b28                Pressure_control
                0x20000b2c                Temperatures_Buffer
                0x20000b38                f_err_code
                0x20000b3c                Buff
                0x20000b54                System_state_Global
                0x20000b58                Millis
                0x20000b5c                Sensors
                0x20000b60                FATFS_info
                0x20000b80                Pressures_Buffer
                0x20000b8c                Pressure_Setpoint
                0x20000b90                print_string
                0x20000c90                a
                0x20000c94                FATFS_logfile
                0x20000eb8                my_reent
 COMMON         0x20000fa8        0x2 lib/STM32_USB-FS-Device_Driver/libstm32usb.a(usb_core.o)
                0x20000fa8                StatusInfo
 *fill*         0x20000faa        0x2 00
 COMMON         0x20000fac       0x32 lib/STM32_USB-FS-Device_Driver/libstm32usb.a(usb_init.o)
                0x20000fac                SaveState
                0x20000fb0                pProperty
                0x20000fb4                EPindex
                0x20000fb8                Device_Info
                0x20000fd4                pUser_Standard_Requests
                0x20000fd8                pInformation
                0x20000fdc                wInterrupt_Mask
 COMMON         0x20000fde        0x4 lib/STM32_USB-FS-Device_Driver/libstm32usb.a(usb_int.o)
                0x20000fde                SaveRState
                0x20000fe0                SaveTState
 *fill*         0x20000fe2        0x2 00
 COMMON         0x20000fe4        0x4 /home/laurence/CodeSourcery/Sourcery_G++_Lite/bin/../lib/gcc/arm-none-eabi/4.5.2/../../../../arm-none-eabi/lib/thumb2/libc.a(lib_a-reent.o)
                0x20000fe4                errno
 *(.ram.b)
                0x20000fe8                . = ALIGN (0x8)
                0x20000fe8                _ebss = .

.noinit         0x20000fe8        0x0 load address 0x0801bf70
 *(.noinit)
                0x20000fe8                . = ALIGN (0x8)
                0x20000fe8                _end = .
                0x20005000                __cs3_region_end_ram = (__cs3_region_start_ram + 0x5000)
                0x00005000                __cs3_region_size_ram = 0x5000
                0x0801b8d8                __cs3_region_init_ram = LOADADDR (.data)
                0x00000698                __cs3_region_init_size_ram = (_edata - ADDR (.data))
                0x00000950                __cs3_region_zero_size_ram = (_end - _edata)
                0x00000001                __cs3_region_num = 0x1

.stab
 *(.stab)

.stabstr
 *(.stabstr)

.debug
 *(.debug)

.line
 *(.line)

.debug_srcinfo
 *(.debug_srcinfo)

.debug_sfnames
 *(.debug_sfnames)

.comment        0x00000000       0x2a
 .comment       0x00000000       0x2a Sensors/ppg_new.o
                                 0x2b (size before relaxing)
 .comment       0x00000000       0x2b Sensors/pressure.o
 .comment       0x00000000       0x2b Sensors/temperature.o
 .comment       0x00000000       0x2b Util/USB/hw_config.o
 .comment       0x00000000       0x2b Util/USB/mass_mal.o
 .comment       0x00000000       0x2b Util/USB/memory.o
 .comment       0x00000000       0x2b Util/USB/scsi_data.o
 .comment       0x00000000       0x2b Util/USB/usb_bot.o
 .comment       0x00000000       0x2b Util/USB/usb_desc.o
 .comment       0x00000000       0x2b Util/USB/usb_endp.o
 .comment       0x00000000       0x2b Util/USB/usb_istr.o
 .comment       0x00000000       0x2b Util/USB/usb_prop.o
 .comment       0x00000000       0x2b Util/USB/usb_pwr.o
 .comment       0x00000000       0x2b Util/USB/usb_scsi.o
 .comment       0x00000000       0x2b Util/buffer.o
 .comment       0x00000000       0x2b Util/delay.o
 .comment       0x00000000       0x2b Util/fat_fs/option/cc932.o
 .comment       0x00000000       0x2b Util/fat_fs/option/syscall.o
 .comment       0x00000000       0x2b Util/fat_fs/src/fattime.o
 .comment       0x00000000       0x2b Util/fat_fs/src/ff.o
 .comment       0x00000000       0x2b Util/fat_fs/src/rtc.o
 .comment       0x00000000       0x2b Util/fat_fs/src/sd_spi_stm32.o
 .comment       0x00000000       0x2b Util/rprintf.o
 .comment       0x00000000       0x2b Util/stm32_eval_spi_sd.o
 .comment       0x00000000       0x2b adc.o
 .comment       0x00000000       0x2b gpio.o
 .comment       0x00000000       0x2b i2c_int.o
 .comment       0x00000000       0x2b interrupts.o
 .comment       0x00000000       0x2b lib/CMSIS_CM3/core_cm3.o
 .comment       0x00000000       0x2b lib/CMSIS_CM3/system_stm32f10x.o
 .comment       0x00000000       0x2b main.o
 .comment       0x00000000       0x2b pwr.o
 .comment       0x00000000       0x2b timer.o
 .comment       0x00000000       0x2b usart.o
 .comment       0x00000000       0x2b watchdog.o
 .comment       0x00000000       0x2b lib/STM32F10x_StdPeriph_Driver/libstm32fw.a(misc.o)
 .comment       0x00000000       0x2b lib/STM32F10x_StdPeriph_Driver/libstm32fw.a(stm32f10x_adc.o)
 .comment       0x00000000       0x2b lib/STM32F10x_StdPeriph_Driver/libstm32fw.a(stm32f10x_bkp.o)
 .comment       0x00000000       0x2b lib/STM32F10x_StdPeriph_Driver/libstm32fw.a(stm32f10x_dbgmcu.o)
 .comment       0x00000000       0x2b lib/STM32F10x_StdPeriph_Driver/libstm32fw.a(stm32f10x_dma.o)
 .comment       0x00000000       0x2b lib/STM32F10x_StdPeriph_Driver/libstm32fw.a(stm32f10x_exti.o)
 .comment       0x00000000       0x2b lib/STM32F10x_StdPeriph_Driver/libstm32fw.a(stm32f10x_gpio.o)
 .comment       0x00000000       0x2b lib/STM32F10x_StdPeriph_Driver/libstm32fw.a(stm32f10x_i2c.o)
 .comment       0x00000000       0x2b lib/STM32F10x_StdPeriph_Driver/libstm32fw.a(stm32f10x_iwdg.o)
 .comment       0x00000000       0x2b lib/STM32F10x_StdPeriph_Driver/libstm32fw.a(stm32f10x_pwr.o)
 .comment       0x00000000       0x2b lib/STM32F10x_StdPeriph_Driver/libstm32fw.a(stm32f10x_rcc.o)
 .comment       0x00000000       0x2b lib/STM32F10x_StdPeriph_Driver/libstm32fw.a(stm32f10x_rtc.o)
 .comment       0x00000000       0x2b lib/STM32F10x_StdPeriph_Driver/libstm32fw.a(stm32f10x_spi.o)
 .comment       0x00000000       0x2b lib/STM32F10x_StdPeriph_Driver/libstm32fw.a(stm32f10x_tim.o)
 .comment       0x00000000       0x2b lib/STM32F10x_StdPeriph_Driver/libstm32fw.a(stm32f10x_usart.o)
 .comment       0x00000000       0x2b lib/STM32_USB-FS-Device_Driver/libstm32usb.a(usb_core.o)
 .comment       0x00000000       0x2b lib/STM32_USB-FS-Device_Driver/libstm32usb.a(usb_init.o)
 .comment       0x00000000       0x2b lib/STM32_USB-FS-Device_Driver/libstm32usb.a(usb_int.o)
 .comment       0x00000000       0x2b lib/STM32_USB-FS-Device_Driver/libstm32usb.a(usb_mem.o)
 .comment       0x00000000       0x2b lib/STM32_USB-FS-Device_Driver/libstm32usb.a(usb_regs.o)
 .comment       0x00000000       0x2b lib/STM32_USB-FS-Device_Driver/libstm32usb.a(usb_sil.o)

.debug_aranges  0x00000000      0x428
 *(.debug_aranges)
 .debug_aranges
                0x00000000       0x20 Sensors/ppg_new.o
 .debug_aranges
                0x00000020       0x20 Sensors/pressure.o
 .debug_aranges
                0x00000040       0x20 Sensors/temperature.o
 .debug_aranges
                0x00000060       0x20 Util/USB/hw_config.o
 .debug_aranges
                0x00000080       0x20 Util/USB/mass_mal.o
 .debug_aranges
                0x000000a0       0x20 Util/USB/memory.o
 .debug_aranges
                0x000000c0       0x20 Util/USB/usb_bot.o
 .debug_aranges
                0x000000e0       0x20 Util/USB/usb_endp.o
 .debug_aranges
                0x00000100       0x20 Util/USB/usb_istr.o
 .debug_aranges
                0x00000120       0x20 Util/USB/usb_prop.o
 .debug_aranges
                0x00000140       0x20 Util/USB/usb_pwr.o
 .debug_aranges
                0x00000160       0x20 Util/USB/usb_scsi.o
 .debug_aranges
                0x00000180       0x20 Util/buffer.o
 .debug_aranges
                0x000001a0       0x20 Util/delay.o
 .debug_aranges
                0x000001c0       0x20 Util/fat_fs/option/cc932.o
 .debug_aranges
                0x000001e0       0x20 Util/fat_fs/src/fattime.o
 .debug_aranges
                0x00000200       0x20 Util/fat_fs/src/ff.o
 .debug_aranges
                0x00000220       0x20 Util/fat_fs/src/rtc.o
 .debug_aranges
                0x00000240       0x20 Util/fat_fs/src/sd_spi_stm32.o
 .debug_aranges
                0x00000260       0x20 Util/rprintf.o
 .debug_aranges
                0x00000280       0x20 Util/stm32_eval_spi_sd.o
 .debug_aranges
                0x000002a0       0x20 adc.o
 .debug_aranges
                0x000002c0       0x20 gpio.o
 .debug_aranges
                0x000002e0       0x20 i2c_int.o
 .debug_aranges
                0x00000300       0x20 interrupts.o
 .debug_aranges
                0x00000320       0x20 lib/CMSIS_CM3/core_cm3.o
 .debug_aranges
                0x00000340       0x28 lib/CMSIS_CM3/startup/gcc/startup_stm32f10x_md.o
 .debug_aranges
                0x00000368       0x20 lib/CMSIS_CM3/system_stm32f10x.o
 .debug_aranges
                0x00000388       0x20 main.o
 .debug_aranges
                0x000003a8       0x20 pwr.o
 .debug_aranges
                0x000003c8       0x20 timer.o
 .debug_aranges
                0x000003e8       0x20 usart.o
 .debug_aranges
                0x00000408       0x20 watchdog.o

.debug_pubnames
                0x00000000     0x17af
 *(.debug_pubnames)
 .debug_pubnames
                0x00000000       0x87 Sensors/ppg_new.o
 .debug_pubnames
                0x00000087       0x80 Sensors/pressure.o
 .debug_pubnames
                0x00000107       0x8d Sensors/temperature.o
 .debug_pubnames
                0x00000194      0x113 Util/USB/hw_config.o
 .debug_pubnames
                0x000002a7       0xa5 Util/USB/mass_mal.o
 .debug_pubnames
                0x0000034c       0x7f Util/USB/memory.o
 .debug_pubnames
                0x000003cb       0xd2 Util/USB/scsi_data.o
 .debug_pubnames
                0x0000049d       0xd9 Util/USB/usb_bot.o
 .debug_pubnames
                0x00000576       0xb8 Util/USB/usb_desc.o
 .debug_pubnames
                0x0000062e       0x3b Util/USB/usb_endp.o
 .debug_pubnames
                0x00000669       0x56 Util/USB/usb_istr.o
 .debug_pubnames
                0x000006bf      0x1f6 Util/USB/usb_prop.o
 .debug_pubnames
                0x000008b5       0x83 Util/USB/usb_pwr.o
 .debug_pubnames
                0x00000938      0x195 Util/USB/usb_scsi.o
 .debug_pubnames
                0x00000acd       0x59 Util/buffer.o
 .debug_pubnames
                0x00000b26       0x1c Util/delay.o
 .debug_pubnames
                0x00000b42       0x31 Util/fat_fs/option/cc932.o
 .debug_pubnames
                0x00000b73       0x22 Util/fat_fs/src/fattime.o
 .debug_pubnames
                0x00000b95      0x14a Util/fat_fs/src/ff.o
 .debug_pubnames
                0x00000cdf       0x55 Util/fat_fs/src/rtc.o
 .debug_pubnames
                0x00000d34       0x75 Util/fat_fs/src/sd_spi_stm32.o
 .debug_pubnames
                0x00000da9       0xf9 Util/rprintf.o
 .debug_pubnames
                0x00000ea2      0x167 Util/stm32_eval_spi_sd.o
 .debug_pubnames
                0x00001009       0x66 adc.o
 .debug_pubnames
                0x0000106f       0x72 gpio.o
 .debug_pubnames
                0x000010e1       0xc7 i2c_int.o
 .debug_pubnames
                0x000011a8      0x175 interrupts.o
 .debug_pubnames
                0x0000131d      0x159 lib/CMSIS_CM3/core_cm3.o
 .debug_pubnames
                0x00001476       0xa3 lib/CMSIS_CM3/system_stm32f10x.o
 .debug_pubnames
                0x00001519      0x163 main.o
 .debug_pubnames
                0x0000167c       0x54 pwr.o
 .debug_pubnames
                0x000016d0       0x3b timer.o
 .debug_pubnames
                0x0000170b       0x64 usart.o
 .debug_pubnames
                0x0000176f       0x40 watchdog.o

.debug_info     0x00000000     0xfd58
 *(.debug_info .gnu.linkonce.wi.*)
 .debug_info    0x00000000      0x691 Sensors/ppg_new.o
 .debug_info    0x00000691      0x1ed Sensors/pressure.o
 .debug_info    0x0000087e      0x123 Sensors/temperature.o
 .debug_info    0x000009a1      0x731 Util/USB/hw_config.o
 .debug_info    0x000010d2      0x302 Util/USB/mass_mal.o
 .debug_info    0x000013d4      0x333 Util/USB/memory.o
 .debug_info    0x00001707      0x16b Util/USB/scsi_data.o
 .debug_info    0x00001872      0x49d Util/USB/usb_bot.o
 .debug_info    0x00001d0f      0x187 Util/USB/usb_desc.o
 .debug_info    0x00001e96       0x98 Util/USB/usb_endp.o
 .debug_info    0x00001f2e      0x311 Util/USB/usb_istr.o
 .debug_info    0x0000223f      0x9b4 Util/USB/usb_prop.o
 .debug_info    0x00002bf3      0x3c3 Util/USB/usb_pwr.o
 .debug_info    0x00002fb6      0x899 Util/USB/usb_scsi.o
 .debug_info    0x0000384f      0x1ba Util/buffer.o
 .debug_info    0x00003a09       0xc8 Util/delay.o
 .debug_info    0x00003ad1      0x1b9 Util/fat_fs/option/cc932.o
 .debug_info    0x00003c8a       0x77 Util/fat_fs/option/syscall.o
 .debug_info    0x00003d01      0x15a Util/fat_fs/src/fattime.o
 .debug_info    0x00003e5b     0x325b Util/fat_fs/src/ff.o
 .debug_info    0x000070b6      0x532 Util/fat_fs/src/rtc.o
 .debug_info    0x000075e8     0x1841 Util/fat_fs/src/sd_spi_stm32.o
 .debug_info    0x00008e29      0xe1f Util/rprintf.o
 .debug_info    0x00009c48     0x1a18 Util/stm32_eval_spi_sd.o
 .debug_info    0x0000b660      0x44d adc.o
 .debug_info    0x0000baad      0x2a3 gpio.o
 .debug_info    0x0000bd50      0x6ba i2c_int.o
 .debug_info    0x0000c40a      0xf3e interrupts.o
 .debug_info    0x0000d348      0x543 lib/CMSIS_CM3/core_cm3.o
 .debug_info    0x0000d88b       0x79 lib/CMSIS_CM3/startup/gcc/startup_stm32f10x_md.o
 .debug_info    0x0000d904      0x2d0 lib/CMSIS_CM3/system_stm32f10x.o
 .debug_info    0x0000dbd4     0x13db main.o
 .debug_info    0x0000efaf      0x346 pwr.o
 .debug_info    0x0000f2f5      0x53c timer.o
 .debug_info    0x0000f831      0x449 usart.o
 .debug_info    0x0000fc7a       0xde watchdog.o

.debug_abbrev   0x00000000     0x32e2
 *(.debug_abbrev)
 .debug_abbrev  0x00000000      0x1bd Sensors/ppg_new.o
 .debug_abbrev  0x000001bd      0x10a Sensors/pressure.o
 .debug_abbrev  0x000002c7       0x79 Sensors/temperature.o
 .debug_abbrev  0x00000340      0x2d3 Util/USB/hw_config.o
 .debug_abbrev  0x00000613      0x111 Util/USB/mass_mal.o
 .debug_abbrev  0x00000724      0x110 Util/USB/memory.o
 .debug_abbrev  0x00000834       0x5c Util/USB/scsi_data.o
 .debug_abbrev  0x00000890      0x198 Util/USB/usb_bot.o
 .debug_abbrev  0x00000a28       0x63 Util/USB/usb_desc.o
 .debug_abbrev  0x00000a8b       0x41 Util/USB/usb_endp.o
 .debug_abbrev  0x00000acc      0x113 Util/USB/usb_istr.o
 .debug_abbrev  0x00000bdf      0x1d0 Util/USB/usb_prop.o
 .debug_abbrev  0x00000daf      0x1bd Util/USB/usb_pwr.o
 .debug_abbrev  0x00000f6c      0x253 Util/USB/usb_scsi.o
 .debug_abbrev  0x000011bf       0xd8 Util/buffer.o
 .debug_abbrev  0x00001297       0x7e Util/delay.o
 .debug_abbrev  0x00001315       0xd2 Util/fat_fs/option/cc932.o
 .debug_abbrev  0x000013e7       0x2c Util/fat_fs/option/syscall.o
 .debug_abbrev  0x00001413       0x97 Util/fat_fs/src/fattime.o
 .debug_abbrev  0x000014aa      0x2f7 Util/fat_fs/src/ff.o
 .debug_abbrev  0x000017a1      0x213 Util/fat_fs/src/rtc.o
 .debug_abbrev  0x000019b4      0x32b Util/fat_fs/src/sd_spi_stm32.o
 .debug_abbrev  0x00001cdf      0x2e4 Util/rprintf.o
 .debug_abbrev  0x00001fc3      0x2e8 Util/stm32_eval_spi_sd.o
 .debug_abbrev  0x000022ab      0x143 adc.o
 .debug_abbrev  0x000023ee      0x158 gpio.o
 .debug_abbrev  0x00002546      0x1f5 i2c_int.o
 .debug_abbrev  0x0000273b      0x25f interrupts.o
 .debug_abbrev  0x0000299a       0xd2 lib/CMSIS_CM3/core_cm3.o
 .debug_abbrev  0x00002a6c       0x12 lib/CMSIS_CM3/startup/gcc/startup_stm32f10x_md.o
 .debug_abbrev  0x00002a7e      0x112 lib/CMSIS_CM3/system_stm32f10x.o
 .debug_abbrev  0x00002b90      0x2ec main.o
 .debug_abbrev  0x00002e7c      0x10c pwr.o
 .debug_abbrev  0x00002f88      0x13f timer.o
 .debug_abbrev  0x000030c7      0x186 usart.o
 .debug_abbrev  0x0000324d       0x95 watchdog.o

.debug_line     0x00000000     0xc64d
 *(.debug_line)
 .debug_line    0x00000000      0x7b7 Sensors/ppg_new.o
 .debug_line    0x000007b7      0x373 Sensors/pressure.o
 .debug_line    0x00000b2a      0x502 Sensors/temperature.o
 .debug_line    0x0000102c      0x5fc Util/USB/hw_config.o
 .debug_line    0x00001628      0x56e Util/USB/mass_mal.o
 .debug_line    0x00001b96      0x46a Util/USB/memory.o
 .debug_line    0x00002000      0x339 Util/USB/scsi_data.o
 .debug_line    0x00002339      0x55c Util/USB/usb_bot.o
 .debug_line    0x00002895      0x2ed Util/USB/usb_desc.o
 .debug_line    0x00002b82      0x3ba Util/USB/usb_endp.o
 .debug_line    0x00002f3c      0x3f5 Util/USB/usb_istr.o
 .debug_line    0x00003331      0x4a9 Util/USB/usb_prop.o
 .debug_line    0x000037da      0x44d Util/USB/usb_pwr.o
 .debug_line    0x00003c27      0x653 Util/USB/usb_scsi.o
 .debug_line    0x0000427a      0x4be Util/buffer.o
 .debug_line    0x00004738      0x2fd Util/delay.o
 .debug_line    0x00004a35       0xd8 Util/fat_fs/option/cc932.o
 .debug_line    0x00004b0d      0x2fc Util/fat_fs/option/syscall.o
 .debug_line    0x00004e09      0x179 Util/fat_fs/src/fattime.o
 .debug_line    0x00004f82     0x1c86 Util/fat_fs/src/ff.o
 .debug_line    0x00006c08      0x47f Util/fat_fs/src/rtc.o
 .debug_line    0x00007087      0x83e Util/fat_fs/src/sd_spi_stm32.o
 .debug_line    0x000078c5      0xcfd Util/rprintf.o
 .debug_line    0x000085c2      0x9ab Util/stm32_eval_spi_sd.o
 .debug_line    0x00008f6d      0x6fd adc.o
 .debug_line    0x0000966a      0x440 gpio.o
 .debug_line    0x00009aaa      0x6c2 i2c_int.o
 .debug_line    0x0000a16c      0x7c8 interrupts.o
 .debug_line    0x0000a934      0x198 lib/CMSIS_CM3/core_cm3.o
 .debug_line    0x0000aacc       0x84 lib/CMSIS_CM3/startup/gcc/startup_stm32f10x_md.o
 .debug_line    0x0000ab50      0x336 lib/CMSIS_CM3/system_stm32f10x.o
 .debug_line    0x0000ae86      0x82f main.o
 .debug_line    0x0000b6b5      0x393 pwr.o
 .debug_line    0x0000ba48      0x36e timer.o
 .debug_line    0x0000bdb6      0x58f usart.o
 .debug_line    0x0000c345      0x308 watchdog.o

.debug_frame    0x00000000     0x234c
 *(.debug_frame)
 .debug_frame   0x00000000       0x94 Sensors/ppg_new.o
 .debug_frame   0x00000094       0x8c Sensors/pressure.o
 .debug_frame   0x00000120       0x40 Sensors/temperature.o
 .debug_frame   0x00000160       0xec Util/USB/hw_config.o
 .debug_frame   0x0000024c       0x80 Util/USB/mass_mal.o
 .debug_frame   0x000002cc       0x50 Util/USB/memory.o
 .debug_frame   0x0000031c       0xc0 Util/USB/usb_bot.o
 .debug_frame   0x000003dc       0x30 Util/USB/usb_endp.o
 .debug_frame   0x0000040c       0x2c Util/USB/usb_istr.o
 .debug_frame   0x00000438      0x11c Util/USB/usb_prop.o
 .debug_frame   0x00000554       0x90 Util/USB/usb_pwr.o
 .debug_frame   0x000005e4      0x180 Util/USB/usb_scsi.o
 .debug_frame   0x00000764       0x74 Util/buffer.o
 .debug_frame   0x000007d8       0x24 Util/delay.o
 .debug_frame   0x000007fc       0x3c Util/fat_fs/option/cc932.o
 .debug_frame   0x00000838       0x2c Util/fat_fs/src/fattime.o
 .debug_frame   0x00000864      0x564 Util/fat_fs/src/ff.o
 .debug_frame   0x00000dc8       0x84 Util/fat_fs/src/rtc.o
 .debug_frame   0x00000e4c      0x12c Util/fat_fs/src/sd_spi_stm32.o
 .debug_frame   0x00000f78      0x1d4 Util/rprintf.o
 .debug_frame   0x0000114c      0x264 Util/stm32_eval_spi_sd.o
 .debug_frame   0x000013b0       0x78 adc.o
 .debug_frame   0x00001428       0x78 gpio.o
 .debug_frame   0x000014a0       0xa0 i2c_int.o
 .debug_frame   0x00001540      0x164 interrupts.o
 .debug_frame   0x000016a4      0x170 lib/CMSIS_CM3/core_cm3.o
 .debug_frame   0x00001814       0x24 lib/CMSIS_CM3/system_stm32f10x.o
 .debug_frame   0x00001838       0x94 main.o
 .debug_frame   0x000018cc       0x70 pwr.o
 .debug_frame   0x0000193c       0x5c timer.o
 .debug_frame   0x00001998       0x78 usart.o
 .debug_frame   0x00001a10       0x40 watchdog.o
 .debug_frame   0x00001a50       0x2c /home/laurence/CodeSourcery/Sourcery_G++_Lite/bin/../lib/gcc/arm-none-eabi/4.5.2/../../../../arm-none-eabi/lib/thumb2/libm.a(lib_a-sf_sin.o)
 .debug_frame   0x00001a7c       0x30 /home/laurence/CodeSourcery/Sourcery_G++_Lite/bin/../lib/gcc/arm-none-eabi/4.5.2/../../../../arm-none-eabi/lib/thumb2/libm.a(lib_a-wf_asin.o)
 .debug_frame   0x00001aac       0x30 /home/laurence/CodeSourcery/Sourcery_G++_Lite/bin/../lib/gcc/arm-none-eabi/4.5.2/../../../../arm-none-eabi/lib/thumb2/libm.a(lib_a-wf_sqrt.o)
 .debug_frame   0x00001adc       0x34 /home/laurence/CodeSourcery/Sourcery_G++_Lite/bin/../lib/gcc/arm-none-eabi/4.5.2/../../../../arm-none-eabi/lib/thumb2/libm.a(lib_a-ef_asin.o)