Archive member included because of file (symbol)

lib/STM32F10x_StdPeriph_Driver/libstm32fw.a(misc.o)
                              Util/USB/hw_config.o (NVIC_PriorityGroupConfig)
lib/STM32F10x_StdPeriph_Driver/libstm32fw.a(stm32f10x_adc.o)
                              adc.o (ADC_DeInit)
lib/STM32F10x_StdPeriph_Driver/libstm32fw.a(stm32f10x_bkp.o)
                              Util/fat_fs/src/rtc.o (BKP_DeInit)
lib/STM32F10x_StdPeriph_Driver/libstm32fw.a(stm32f10x_dbgmcu.o)
                              main.o (DBGMCU_Config)
lib/STM32F10x_StdPeriph_Driver/libstm32fw.a(stm32f10x_dma.o)
                              Util/fat_fs/src/sd_spi_stm32.o (DMA_DeInit)
lib/STM32F10x_StdPeriph_Driver/libstm32fw.a(stm32f10x_exti.o)
                              interrupts.o (EXTI_DeInit)
lib/STM32F10x_StdPeriph_Driver/libstm32fw.a(stm32f10x_gpio.o)
                              Util/fat_fs/src/sd_spi_stm32.o (GPIO_Init)
lib/STM32F10x_StdPeriph_Driver/libstm32fw.a(stm32f10x_i2c.o)
                              i2c_int.o (I2C_DeInit)
lib/STM32F10x_StdPeriph_Driver/libstm32fw.a(stm32f10x_iwdg.o)
                              watchdog.o (IWDG_WriteAccessCmd)
lib/STM32F10x_StdPeriph_Driver/libstm32fw.a(stm32f10x_pwr.o)
                              pwr.o (PWR_DeInit)
lib/STM32F10x_StdPeriph_Driver/libstm32fw.a(stm32f10x_rcc.o)
                              interrupts.o (RCC_HCLKConfig)
lib/STM32F10x_StdPeriph_Driver/libstm32fw.a(stm32f10x_rtc.o)
                              Util/fat_fs/src/rtc.o (RTC_GetCounter)
lib/STM32F10x_StdPeriph_Driver/libstm32fw.a(stm32f10x_spi.o)
                              Util/fat_fs/src/sd_spi_stm32.o (SPI_I2S_DeInit)
lib/STM32F10x_StdPeriph_Driver/libstm32fw.a(stm32f10x_tim.o)
                              timer.o (TIM_DeInit)
lib/STM32F10x_StdPeriph_Driver/libstm32fw.a(stm32f10x_usart.o)
                              usart.o (USART_Init)
lib/STM32_USB-FS-Device_Driver/libstm32usb.a(usb_core.o)
                              Util/USB/usb_prop.o (Standard_GetDescriptorData)
lib/STM32_USB-FS-Device_Driver/libstm32usb.a(usb_init.o)
                              main.o (USB_Init)
lib/STM32_USB-FS-Device_Driver/libstm32usb.a(usb_int.o)
                              Util/USB/usb_istr.o (CTR_LP)
lib/STM32_USB-FS-Device_Driver/libstm32usb.a(usb_mem.o)
                              lib/STM32_USB-FS-Device_Driver/libstm32usb.a(usb_core.o) (UserToPMABufferCopy)
lib/STM32_USB-FS-Device_Driver/libstm32usb.a(usb_regs.o)
                              Util/USB/usb_prop.o (SetBTABLE)
lib/STM32_USB-FS-Device_Driver/libstm32usb.a(usb_sil.o)
                              Util/USB/usb_prop.o (USB_SIL_Init)
/home/laurence/CodeSourcery/Sourcery_G++_Lite/bin/../lib/gcc/arm-none-eabi/4.5.2/../../../../arm-none-eabi/lib/thumb2/libm.a(lib_a-sf_sin.o)
                              Sensors/ppg_new.o (sinf)
/home/laurence/CodeSourcery/Sourcery_G++_Lite/bin/../lib/gcc/arm-none-eabi/4.5.2/../../../../arm-none-eabi/lib/thumb2/libm.a(lib_a-wf_asin.o)
                              Sensors/ppg_new.o (asinf)
/home/laurence/CodeSourcery/Sourcery_G++_Lite/bin/../lib/gcc/arm-none-eabi/4.5.2/../../../../arm-none-eabi/lib/thumb2/libm.a(lib_a-wf_sqrt.o)
                              Sensors/ppg_new.o (sqrtf)
/home/laurence/CodeSourcery/Sourcery_G++_Lite/bin/../lib/gcc/arm-none-eabi/4.5.2/../../../../arm-none-eabi/lib/thumb2/libm.a(lib_a-ef_asin.o)
                              /home/laurence/CodeSourcery/Sourcery_G++_Lite/bin/../lib/gcc/arm-none-eabi/4.5.2/../../../../arm-none-eabi/lib/thumb2/libm.a(lib_a-wf_asin.o) (__ieee754_asinf)
/home/laurence/CodeSourcery/Sourcery_G++_Lite/bin/../lib/gcc/arm-none-eabi/4.5.2/../../../../arm-none-eabi/lib/thumb2/libm.a(lib_a-ef_rem_pio2.o)
                              /home/laurence/CodeSourcery/Sourcery_G++_Lite/bin/../lib/gcc/arm-none-eabi/4.5.2/../../../../arm-none-eabi/lib/thumb2/libm.a(lib_a-sf_sin.o) (__ieee754_rem_pio2f)
/home/laurence/CodeSourcery/Sourcery_G++_Lite/bin/../lib/gcc/arm-none-eabi/4.5.2/../../../../arm-none-eabi/lib/thumb2/libm.a(lib_a-ef_sqrt.o)
                              /home/laurence/CodeSourcery/Sourcery_G++_Lite/bin/../lib/gcc/arm-none-eabi/4.5.2/../../../../arm-none-eabi/lib/thumb2/libm.a(lib_a-wf_sqrt.o) (__ieee754_sqrtf)
/home/laurence/CodeSourcery/Sourcery_G++_Lite/bin/../lib/gcc/arm-none-eabi/4.5.2/../../../../arm-none-eabi/lib/thumb2/libm.a(lib_a-kf_cos.o)
                              /home/laurence/CodeSourcery/Sourcery_G++_Lite/bin/../lib/gcc/arm-none-eabi/4.5.2/../../../../arm-none-eabi/lib/thumb2/libm.a(lib_a-sf_sin.o) (__kernel_cosf)
/home/laurence/CodeSourcery/Sourcery_G++_Lite/bin/../lib/gcc/arm-none-eabi/4.5.2/../../../../arm-none-eabi/lib/thumb2/libm.a(lib_a-kf_rem_pio2.o)
                              /home/laurence/CodeSourcery/Sourcery_G++_Lite/bin/../lib/gcc/arm-none-eabi/4.5.2/../../../../arm-none-eabi/lib/thumb2/libm.a(lib_a-ef_rem_pio2.o) (__kernel_rem_pio2f)
[...]
Memory Configuration

Name             Origin             Length             Attributes
ram              0x20000000         0x00005000         xrw
rom              0x08000000         0x00020000         xr
*default*        0x00000000         0xffffffff

Linker script and memory map

LOAD /home/laurence/CodeSourcery/Sourcery_G++_Lite/bin/../lib/gcc/arm-none-eabi/4.5.2/thumb2/crti.o
LOAD /home/laurence/CodeSourcery/Sourcery_G++_Lite/bin/../lib/gcc/arm-none-eabi/4.5.2/thumb2/crtbegin.o
LOAD Sensors/ppg_new.o
LOAD Sensors/pressure.o
LOAD Sensors/temperature.o
LOAD Util/USB/hw_config.o
LOAD Util/USB/mass_mal.o
LOAD Util/USB/memory.o
LOAD Util/USB/scsi_data.o
LOAD Util/USB/usb_bot.o
LOAD Util/USB/usb_desc.o
LOAD Util/USB/usb_endp.o
LOAD Util/USB/usb_istr.o
LOAD Util/USB/usb_prop.o
LOAD Util/USB/usb_pwr.o
LOAD Util/USB/usb_scsi.o
LOAD Util/buffer.o
LOAD Util/delay.o
LOAD Util/fat_fs/option/cc932.o
LOAD Util/fat_fs/option/syscall.o
LOAD Util/fat_fs/src/fattime.o
LOAD Util/fat_fs/src/ff.o
LOAD Util/fat_fs/src/rtc.o
LOAD Util/fat_fs/src/sd_spi_stm32.o
LOAD Util/rprintf.o
LOAD Util/stm32_eval_spi_sd.o
LOAD adc.o
LOAD gpio.o
LOAD i2c_int.o
LOAD interrupts.o
LOAD lib/CMSIS_CM3/core_cm3.o
LOAD lib/CMSIS_CM3/startup/gcc/startup_stm32f10x_md.o
LOAD lib/CMSIS_CM3/system_stm32f10x.o
LOAD main.o
LOAD pwr.o
LOAD timer.o
LOAD usart.o
LOAD watchdog.o
LOAD lib/STM32F10x_StdPeriph_Driver/libstm32fw.a
LOAD lib/STM32_USB-FS-Device_Driver/libstm32usb.a
LOAD /home/laurence/CodeSourcery/Sourcery_G++_Lite/bin/../lib/gcc/arm-none-eabi/4.5.2/../../../../arm-none-eabi/lib/thumb2/libm.a
START GROUP
LOAD /home/laurence/CodeSourcery/Sourcery_G++_Lite/bin/../lib/gcc/arm-none-eabi/4.5.2/thumb2/libgcc.a
LOAD /home/laurence/CodeSourcery/Sourcery_G++_Lite/bin/../lib/gcc/arm-none-eabi/4.5.2/../../../../arm-none-eabi/lib/thumb2/libc.a
END GROUP
LOAD /home/laurence/CodeSourcery/Sourcery_G++_Lite/bin/../lib/gcc/arm-none-eabi/4.5.2/thumb2/crtend.o
LOAD /home/laurence/CodeSourcery/Sourcery_G++_Lite/bin/../lib/gcc/arm-none-eabi/4.5.2/thumb2/crtn.o
START GROUP
LOAD /home/laurence/CodeSourcery/Sourcery_G++_Lite/bin/../lib/gcc/arm-none-eabi/4.5.2/thumb2/libgcc.a
LOAD /home/laurence/CodeSourcery/Sourcery_G++_Lite/bin/../lib/gcc/arm-none-eabi/4.5.2/../../../../arm-none-eabi/lib/thumb2/libc.a
LOAD /home/laurence/CodeSourcery/Sourcery_G++_Lite/bin/../lib/gcc/arm-none-eabi/4.5.2/../../../../arm-none-eabi/lib/thumb2/libcs3.a
LOAD /home/laurence/CodeSourcery/Sourcery_G++_Lite/bin/../lib/gcc/arm-none-eabi/4.5.2/../../../../arm-none-eabi/lib/thumb2/libcs3unhosted.a
LOAD lib/libcs3-lanchon-stm32.a
END GROUP
                0x20005000                PROVIDE (__cs3_stack, (__cs3_region_start_ram + __cs3_region_size_ram))
                0x20000ef8                PROVIDE (__cs3_heap_start, _end)
                0x20005000                PROVIDE (__cs3_heap_end, (__cs3_region_start_ram + __cs3_region_size_ram))

.text           0x08000000    0x1b7a4
 CREATE_OBJECT_SYMBOLS
                0x08000000                __cs3_region_start_rom = .
 *(.cs3.region-head.rom)
                0x08000000                __cs3_interrupt_vector = __cs3_interrupt_vector_lanchon_stm32
 *(.cs3.interrupt_vector)
 .cs3.interrupt_vector
                0x08000000       0xec lib/libcs3-lanchon-stm32.a(lanchon-stm32-vector.o)
                0x08000000                __cs3_interrupt_vector_lanchon_stm32
                0x08000001                ASSERT ((. != __cs3_interrupt_vector_lanchon_stm32), No interrupt vector)
 *(.rom)
 *(.rom.b)
                0x08013958                PROVIDE (__cs3_reset_lanchon_stm32, _start)
                0x08013958                __cs3_reset = __cs3_reset_lanchon_stm32
 *(.cs3.reset)
 *(.text .text.* .gnu.linkonce.t.*)
 .text          0x080000ec       0x30 /home/laurence/CodeSourcery/Sourcery_G++_Lite/bin/../lib/gcc/arm-none-eabi/4.5.2/thumb2/crtbegin.o
 *fill*         0x0800011c        0x4 00
 .text          0x08000120      0x4c0 Sensors/ppg_new.o
                0x08000120                PPG_LO_Filter
                0x08000390                PPG_Automatic_Brightness_Control
                0x0800051c                PPG_correct_brightness
                0x080005a8                PWM_Linear
 .text          0x080005e0      0x258 Sensors/pressure.o
                0x080005e0                calibrate_sensor
                0x0800062c                conv_adc_diff
                0x08000664                conv_diff
                0x08000694                filterloop
 .text          0x08000838       0x50 Sensors/temperature.o
                0x08000838                convert_die_temp
                0x08000854                convert_tmp102_temp
 .text          0x08000888      0x2a0 Util/USB/hw_config.o
                0x08000888                Set_System
                0x08000890                Set_USBClock
                0x080008a8                Enter_LowPowerMode
                0x080008b4                Leave_LowPowerMode
                0x080008d4                USB_Interrupts_Config
                0x08000918                Led_RW_ON
                0x08000928                Led_RW_OFF
                0x08000938                USB_Configured_LED
                0x08000948                USB_NotConfigured_LED
                0x08000958                USB_Cable_Config
                0x0800095c                Get_SerialNum
                0x08000b20                MAL_Config
 .text          0x08000b28       0xe4 Util/USB/mass_mal.o
                0x08000b28                MAL_Init
                0x08000b74                MAL_Write
                0x08000b98                MAL_Read
                0x08000bbc                MAL_GetStatus
 .text          0x08000c0c      0x1d8 Util/USB/memory.o
                0x08000c0c                Read_Memory
                0x08000cf0                Write_Memory
 .text          0x08000de4      0x628 Util/USB/usb_bot.o
                0x08000de4                Mass_Storage_In
                0x08000e6c                CBW_Decode
                0x080012cc                Mass_Storage_Out
                0x0800135c                Transfer_Data_Request
                0x08001390                Set_CSW
                0x080013cc                Bot_Abort
 .text          0x0800140c        0x8 Util/USB/usb_endp.o
                0x0800140c                EP1_IN_Callback
                0x08001410                EP2_OUT_Callback
 .text          0x08001414       0xf0 Util/USB/usb_istr.o
                0x08001414                USB_Istr
 .text          0x08001504      0x268 Util/USB/usb_prop.o
                0x08001504                Mass_Storage_SetDeviceAddress
                0x08001510                MASS_Status_In
                0x08001514                MASS_Status_Out
                0x08001518                MASS_Get_Interface_Setting
                0x08001528                Get_Max_Lun
                0x08001540                MASS_Data_Setup
                0x08001584                MASS_GetStringDescriptor
                0x080015a4                MASS_GetConfigDescriptor
                0x080015b0                MASS_GetDeviceDescriptor
                0x080015bc                MASS_NoData_Setup
                0x0800160c                Mass_Storage_SetConfiguration
                0x0800163c                Mass_Storage_ClearFeature
                0x08001658                MASS_Reset
                0x08001748                MASS_init
 .text          0x0800176c      0x1c4 Util/USB/usb_pwr.o
                0x0800176c                PowerOn
                0x0800179c                PowerOff
                0x080017c0                Suspend
                0x08001804                Resume_Init
                0x08001844                Resume
 .text          0x08001930      0x460 Util/USB/usb_scsi.o
                0x08001930                SCSI_Inquiry_Cmd
                0x08001968                SCSI_ReadFormatCapacity_Cmd
                0x080019dc                SCSI_ReadCapacity10_Cmd
                0x08001a58                SCSI_ModeSense6_Cmd
                0x08001a64                SCSI_ModeSense10_Cmd
                0x08001a70                SCSI_RequestSense_Cmd
                0x08001a88                Set_Scsi_Sense_Data
                0x08001a94                SCSI_Start_Stop_Unit_Cmd
                0x08001a9c                SCSI_Read10_Cmd
                0x08001b4c                SCSI_Write10_Cmd
                0x08001bf8                SCSI_Verify10_Cmd
                0x08001c38                SCSI_Valid_Cmd
                0x08001c70                SCSI_TestUnitReady_Cmd
                0x08001ca4                SCSI_Format_Cmd
                0x08001cd0                SCSI_Invalid_Cmd
                0x08001d0c                SCSI_Address_Management
 .text          0x08001d90       0x84 Util/buffer.o
                0x08001d90                Add_To_Buffer
                0x08001dc4                Get_From_Buffer
                0x08001df8                Empty_Buffer
                0x08001e00                init_buffer
 .text          0x08001e14       0x34 Util/delay.o
                0x08001e14                Delay
 .text          0x08001e48      0x25c Util/fat_fs/option/cc932.o
                0x08001e48                ff_convert
                0x08002074                ff_wtoupper
 .text          0x080020a4       0x48 Util/fat_fs/src/fattime.o
                0x080020a4                get_fattime
 .text          0x080020ec     0x643c Util/fat_fs/src/ff.o
                0x080029d4                clust2sect
                0x080029f0                get_fat
                0x08002f94                put_fat
                0x08004d38                gen_numname
                0x080059d0                f_mount
                0x080059f0                f_open
                0x08005e5c                f_read
                0x08006244                f_write
                0x08006678                f_sync
                0x08006850                f_close
                0x08006860                f_lseek
                0x08006a2c                f_opendir
                0x08006a98                f_readdir
                0x08006b0c                f_stat
                0x08006b54                f_getfree
                0x08006db8                f_truncate
                0x08006f28                f_unlink
                0x08007040                f_mkdir
                0x08007468                f_chmod
                0x080074c4                f_utime
                0x08007524                f_rename
                0x080077e4                f_gets
                0x08007900                f_putc
                0x08007924                f_puts
                0x08007960                f_printf
 .text          0x08008528      0x484 Util/fat_fs/src/rtc.o
                0x08008528                rtc_gettime
                0x080086a8                my_RTC_SetCounter
                0x080086cc                rtc_settime
                0x08008900                rtc_init
 .text          0x080089ac      0xf98 Util/fat_fs/src/sd_spi_stm32.o
                0x08008dd4                disk_initialize
                0x08008f80                disk_status
                0x08008f90                disk_read
                0x0800910c                disk_write
                0x080092ac                disk_ioctl
                0x08009908                disk_timerproc
 .text          0x08009944     0x182c Util/rprintf.o
                0x08009944                rprintfInit
                0x08009950                rprintfChar
                0x08009978                rprintfStr
                0x080099b0                rprintfStrLen
                0x08009b74                rprintfCRLF
                0x08009b8c                rprintfu04
                0x08009bb8                rprintfu08
                0x08009c00                rprintfu16
                0x08009c9c                rprintfu32
                0x08009de8                rprintfNum
                0x0800a058                rprintfFloat
                0x0800a31c                rprintf2RamRom
                0x0800b118                Isdigit
                0x0800b128                atoiRamRom
                0x0800b160                rStrLen
 .text          0x0800b170      0x240 adc.o
                0x0800b170                ADC_Configuration
                0x0800b330                readADC2
                0x0800b368                setADC2
                0x0800b388                getADC2
 .text          0x0800b3b0      0x240 gpio.o
                0x0800b3b0                setup_gpio
                0x0800b564                switch_leds_on
                0x0800b58c                switch_leds_off
                0x0800b5b4                red_flash
                0x0800b5e4                get_wkup
 .text          0x0800b5f0      0x884 i2c_int.o
                0x0800b5f0                I2C1_EV_IRQHandler
                0x0800bb88                I2C1_Request_Job
                0x0800bbdc                I2C1_Setup_Job
                0x0800bbf0                I2C_Config
                0x0800bd78                I2C1_ER_IRQHandler
 *fill*         0x0800be74        0x4 00
 .text          0x0800be78      0x610 interrupts.o
                0x0800be78                ISR_Config
                0x0800bef4                EXTI_ONOFF_EN
                0x0800bf54                DMA_ISR_Config
                0x0800bf78                SysTick_Configuration
                0x0800bfb0                EXTI0_IRQHandler
                0x0800c03c                DMAChannel1_IRQHandler
                0x0800c0f4                ADC1_2_IRQHandler
                0x0800c188                SysTickHandler
                0x0800c47c                USB_HP_CAN_TX_IRQHandler
                0x0800c480                USB_LP_CAN_RX0_IRQHandler
 .text.Default_Handler
                0x0800c488        0x2 lib/CMSIS_CM3/startup/gcc/startup_stm32f10x_md.o
                0x0800c488                EXTI2_IRQHandler
                0x0800c488                DebugMon_Handler
                0x0800c488                TIM1_CC_IRQHandler
                0x0800c488                HardFault_Handler
                0x0800c488                SysTick_Handler
                0x0800c488                PVD_IRQHandler
                0x0800c488                PendSV_Handler
                0x0800c488                NMI_Handler
                0x0800c488                EXTI3_IRQHandler
                0x0800c488                I2C2_EV_IRQHandler
                0x0800c488                UsageFault_Handler
                0x0800c488                SPI1_IRQHandler
                0x0800c488                TAMPER_IRQHandler
                0x0800c488                DMA1_Channel4_IRQHandler
                0x0800c488                USART3_IRQHandler
                0x0800c488                RTC_IRQHandler
                0x0800c488                DMA1_Channel7_IRQHandler
                0x0800c488                CAN1_RX1_IRQHandler
                0x0800c488                TIM4_IRQHandler
                0x0800c488                DMA1_Channel6_IRQHandler
                0x0800c488                TIM3_IRQHandler
                0x0800c488                RCC_IRQHandler
                0x0800c488                TIM1_TRG_COM_IRQHandler
                0x0800c488                DMA1_Channel1_IRQHandler
                0x0800c488                Default_Handler
                0x0800c488                EXTI15_10_IRQHandler
                0x0800c488                EXTI9_5_IRQHandler
                0x0800c488                SPI2_IRQHandler
                0x0800c488                MemManage_Handler
                0x0800c488                SVC_Handler
                0x0800c488                DMA1_Channel5_IRQHandler
                0x0800c488                EXTI4_IRQHandler
                0x0800c488                USB_LP_CAN1_RX0_IRQHandler
                0x0800c488                USB_HP_CAN1_TX_IRQHandler
                0x0800c488                DMA1_Channel3_IRQHandler
                0x0800c488                TIM1_UP_IRQHandler
                0x0800c488                WWDG_IRQHandler
                0x0800c488                TIM2_IRQHandler
                0x0800c488                TIM1_BRK_IRQHandler
                0x0800c488                EXTI1_IRQHandler
                0x0800c488                RTCAlarm_IRQHandler
                0x0800c488                USART2_IRQHandler
                0x0800c488                I2C2_ER_IRQHandler
                0x0800c488                DMA1_Channel2_IRQHandler
                0x0800c488                CAN1_SCE_IRQHandler
                0x0800c488                FLASH_IRQHandler
                0x0800c488                BusFault_Handler
                0x0800c488                USART1_IRQHandler
                0x0800c488                USBWakeUp_IRQHandler
 *fill*         0x0800c48a        0x2 00
 .text          0x0800c48c       0xfc lib/CMSIS_CM3/system_stm32f10x.o
                0x0800c48c                SystemInit
 .text          0x0800c588      0x6c4 main.o
                0x0800c588                __str_print_char
                0x0800c5b4                __fat_print_char
                0x0800c5d4                main
                0x0800cbac                detect_sensors
 .text          0x0800cc4c       0x70 pwr.o
                0x0800cc4c                setuppwr
                0x0800cc60                shutdown
                0x0800cc70                disable_pin
                0x0800cc78                shutdown_filesystem
 .text          0x0800ccbc      0x1dc timer.o
                0x0800ccbc                setup_pwm
                0x0800ce04                Tryfudge
                0x0800ce50                Set_Motor
 .text          0x0800ce98      0x110 usart.o
                0x0800ce98                Usarts_Init
                0x0800cf44                Default_Usart_Config
                0x0800cf60                Usart_Send_Str
                0x0800cf8c                __usart_send_char
 .text          0x0800cfa8       0x40 watchdog.o
                0x0800cfa8                Watchdog_Config
                0x0800cfd4                Watchdog_Reset_Detect
 .text          0x0800cfe8       0xb8 lib/STM32F10x_StdPeriph_Driver/libstm32fw.a(misc.o)
                0x0800cfe8                NVIC_PriorityGroupConfig
                0x0800cffc                NVIC_Init
                0x0800d05c                NVIC_SetVectorTable
                0x0800d070                NVIC_SystemLPConfig
                0x0800d088                SysTick_CLKSourceConfig
 .text          0x0800d0a0      0x380 lib/STM32F10x_StdPeriph_Driver/libstm32fw.a(stm32f10x_adc.o)
                0x0800d0a0                ADC_DeInit
                0x0800d0fc                ADC_Init
                0x0800d148                ADC_StructInit
                0x0800d15a                ADC_Cmd
                0x0800d16e                ADC_DMACmd
                0x0800d182                ADC_ITConfig
                0x0800d196                ADC_ResetCalibration
                0x0800d1a0                ADC_GetResetCalibrationStatus
                0x0800d1a8                ADC_StartCalibration
                0x0800d1b2                ADC_GetCalibrationStatus
                0x0800d1ba                ADC_SoftwareStartConvCmd
                0x0800d1ce                ADC_GetSoftwareStartConvStatus
                0x0800d1d6                ADC_DiscModeChannelCountConfig
                0x0800d1e6                ADC_DiscModeCmd
                0x0800d1fa                ADC_RegularChannelConfig
                0x0800d288                ADC_ExternalTrigConvCmd
                0x0800d29c                ADC_GetConversionValue
                0x0800d2a2                ADC_GetDualModeConversionValue
                0x0800d2ac                ADC_AutoInjectedConvCmd
                0x0800d2c0                ADC_InjectedDiscModeCmd
                0x0800d2d4                ADC_ExternalTrigInjectedConvConfig
                0x0800d2e2                ADC_ExternalTrigInjectedConvCmd
                0x0800d2f6                ADC_SoftwareStartInjectedConvCmd
                0x0800d30a                ADC_GetSoftwareStartInjectedConvCmdStatus
                0x0800d312                ADC_InjectedChannelConfig
                0x0800d36e                ADC_InjectedSequencerLengthConfig
                0x0800d37e                ADC_SetInjectedOffset
                0x0800d394                ADC_GetInjectedConversionValue
                0x0800d3ae                ADC_AnalogWatchdogCmd
                0x0800d3c0                ADC_AnalogWatchdogThresholdsConfig
                0x0800d3c6                ADC_AnalogWatchdogSingleChannelConfig
                0x0800d3d4                ADC_TempSensorVrefintCmd
                0x0800d3f0                ADC_GetFlagStatus
                0x0800d3fc                ADC_ClearFlag
                0x0800d402                ADC_GetITStatus
                0x0800d418                ADC_ClearITPendingBit
 .text          0x0800d420       0xe0 lib/STM32F10x_StdPeriph_Driver/libstm32fw.a(stm32f10x_bkp.o)
                0x0800d420                BKP_DeInit
                0x0800d432                BKP_TamperPinLevelConfig
                0x0800d43c                BKP_TamperPinCmd
                0x0800d448                BKP_ITConfig
                0x0800d454                BKP_RTCOutputConfig
                0x0800d46c                BKP_SetRTCCalibrationValue
                0x0800d484                BKP_WriteBackupRegister
                0x0800d4a0                BKP_ReadBackupRegister
                0x0800d4c0                BKP_GetFlagStatus
                0x0800d4cc                BKP_ClearFlag
                0x0800d4e0                BKP_GetITStatus
                0x0800d4ec                BKP_ClearITPendingBit
 .text          0x0800d500       0x34 lib/STM32F10x_StdPeriph_Driver/libstm32fw.a(stm32f10x_dbgmcu.o)
                0x0800d500                DBGMCU_GetREVID
                0x0800d50c                DBGMCU_GetDEVID
                0x0800d51c                DBGMCU_Config
 .text          0x0800d534      0x1f0 lib/STM32F10x_StdPeriph_Driver/libstm32fw.a(stm32f10x_dma.o)
                0x0800d534                DMA_DeInit
                0x0800d630                DMA_Init
                0x0800d670                DMA_StructInit
                0x0800d68a                DMA_Cmd
                0x0800d69e                DMA_ITConfig
                0x0800d6b0                DMA_GetCurrDataCounter
                0x0800d6b6                DMA_GetFlagStatus
                0x0800d6d4                DMA_ClearFlag
                0x0800d6ec                DMA_GetITStatus
                0x0800d70c                DMA_ClearITPendingBit
 .text          0x0800d724      0x108 lib/STM32F10x_StdPeriph_Driver/libstm32fw.a(stm32f10x_exti.o)
                0x0800d724                EXTI_DeInit
                0x0800d740                EXTI_Init
                0x0800d7c4                EXTI_StructInit
                0x0800d7d2                EXTI_GenerateSWInterrupt
                0x0800d7e4                EXTI_GetFlagStatus
                0x0800d7f8                EXTI_ClearFlag
                0x0800d804                EXTI_GetITStatus
                0x0800d820                EXTI_ClearITPendingBit
 .text          0x0800d82c      0x278 lib/STM32F10x_StdPeriph_Driver/libstm32fw.a(stm32f10x_gpio.o)
                0x0800d82c                GPIO_DeInit
                0x0800d8d8                GPIO_AFIODeInit
                0x0800d8ee                GPIO_Init
                0x0800d986                GPIO_StructInit
                0x0800d996                GPIO_ReadInputDataBit
                0x0800d9a2                GPIO_ReadInputData
                0x0800d9a8                GPIO_ReadOutputDataBit
                0x0800d9b4                GPIO_ReadOutputData
                0x0800d9ba                GPIO_SetBits
                0x0800d9be                GPIO_ResetBits
                0x0800d9c2                GPIO_WriteBit
                0x0800d9cc                GPIO_Write
                0x0800d9d0                GPIO_PinLockConfig
                0x0800d9e0                GPIO_EventOutputConfig
                0x0800da00                GPIO_EventOutputCmd
                0x0800da0c                GPIO_PinRemapConfig
                0x0800da64                GPIO_EXTILineConfig
                0x0800da98                GPIO_ETH_MediaInterfaceConfig
 .text          0x0800daa4      0x3b4 lib/STM32F10x_StdPeriph_Driver/libstm32fw.a(stm32f10x_i2c.o)
                0x0800daa4                I2C_DeInit
                0x0800dad8                I2C_Init
                0x0800dba8                I2C_StructInit
                0x0800dbc4                I2C_Cmd
                0x0800dbde                I2C_DMACmd
                0x0800dbf8                I2C_DMALastTransferCmd
                0x0800dc12                I2C_GenerateSTART
                0x0800dc2c                I2C_GenerateSTOP
                0x0800dc46                I2C_AcknowledgeConfig
                0x0800dc60                I2C_OwnAddress2Config
                0x0800dc76                I2C_DualAddressCmd
                0x0800dc90                I2C_GeneralCallCmd
                0x0800dcaa                I2C_ITConfig
                0x0800dcc0                I2C_SendData
                0x0800dcc4                I2C_ReceiveData
                0x0800dcca                I2C_Send7bitAddress
                0x0800dcda                I2C_ReadRegister
                0x0800dcf2                I2C_SoftwareResetCmd
                0x0800dd0a                I2C_SMBusAlertConfig
                0x0800dd28                I2C_TransmitPEC
                0x0800dd42                I2C_PECPositionConfig
                0x0800dd60                I2C_CalculatePEC
                0x0800dd7a                I2C_GetPEC
                0x0800dd82                I2C_ARPCmd
                0x0800dd9c                I2C_StretchClockCmd
                0x0800ddb6                I2C_FastModeDutyCycleConfig
                0x0800ddd4                I2C_GetLastEvent
                0x0800dde4                I2C_CheckEvent
                0x0800ddfc                I2C_GetFlagStatus
                0x0800de30                I2C_ClearFlag
                0x0800de36                I2C_GetITStatus
                0x0800de52                I2C_ClearITPendingBit
 .text          0x0800de58       0x58 lib/STM32F10x_StdPeriph_Driver/libstm32fw.a(stm32f10x_iwdg.o)
                0x0800de58                IWDG_WriteAccessCmd
                0x0800de64                IWDG_SetPrescaler
                0x0800de70                IWDG_SetReload
                0x0800de7c                IWDG_ReloadCounter
                0x0800de8c                IWDG_Enable
                0x0800de9c                IWDG_GetFlagStatus
 .text          0x0800deb0       0xcc lib/STM32F10x_StdPeriph_Driver/libstm32fw.a(stm32f10x_pwr.o)
                0x0800deb4                PWR_DeInit
                0x0800dece                PWR_BackupAccessCmd
                0x0800ded8                PWR_PVDCmd
                0x0800dee4                PWR_PVDLevelConfig
                0x0800def8                PWR_WakeUpPinCmd
                0x0800df04                PWR_EnterSTOPMode
                0x0800df30                PWR_EnterSTANDBYMode
                0x0800df58                PWR_GetFlagStatus
                0x0800df6c                PWR_ClearFlag
 .text          0x0800df7c      0x360 lib/STM32F10x_StdPeriph_Driver/libstm32fw.a(stm32f10x_rcc.o)
                0x0800df7c                RCC_DeInit
                0x0800dfbc                RCC_HSEConfig
                0x0800dff4                RCC_AdjustHSICalibrationValue
                0x0800e008                RCC_HSICmd
                0x0800e014                RCC_PLLConfig
                0x0800e02c                RCC_PLLCmd
                0x0800e038                RCC_SYSCLKConfig
                0x0800e04c                RCC_GetSYSCLKSource
                0x0800e05c                RCC_HCLKConfig
                0x0800e070                RCC_PCLK1Config
                0x0800e084                RCC_PCLK2Config
                0x0800e098                RCC_ITConfig
                0x0800e0b0                RCC_USBCLKConfig
                0x0800e0bc                RCC_ADCCLKConfig
                0x0800e0d0                RCC_LSEConfig
                0x0800e0f0                RCC_LSICmd
                0x0800e0fc                RCC_RTCCLKConfig
                0x0800e10c                RCC_RTCCLKCmd
                0x0800e118                RCC_GetClocksFreq
                0x0800e1bc                RCC_AHBPeriphClockCmd
                0x0800e1d4                RCC_APB2PeriphClockCmd
                0x0800e1ec                RCC_APB1PeriphClockCmd
                0x0800e204                RCC_APB2PeriphResetCmd
                0x0800e21c                RCC_APB1PeriphResetCmd
                0x0800e234                RCC_BackupResetCmd
                0x0800e240                RCC_ClockSecuritySystemCmd
                0x0800e24c                RCC_MCOConfig
                0x0800e258                RCC_GetFlagStatus
                0x0800e280                RCC_WaitForHSEStartUp
                0x0800e2ac                RCC_ClearFlag
                0x0800e2bc                RCC_GetITStatus
                0x0800e2d0                RCC_ClearITPendingBit
 .text          0x0800e2dc      0x158 lib/STM32F10x_StdPeriph_Driver/libstm32fw.a(stm32f10x_rtc.o)
                0x0800e2dc                RTC_ITConfig
                0x0800e2f8                RTC_EnterConfigMode
                0x0800e30c                RTC_ExitConfigMode
                0x0800e320                RTC_GetCounter
                0x0800e334                RTC_SetCounter
                0x0800e350                RTC_SetPrescaler
                0x0800e370                RTC_SetAlarm
                0x0800e38c                RTC_GetDivider
                0x0800e3a4                RTC_WaitForLastTask
                0x0800e3b4                RTC_WaitForSynchro
                0x0800e3d4                RTC_GetFlagStatus
                0x0800e3e8                RTC_ClearFlag
                0x0800e3fc                RTC_GetITStatus
                0x0800e420                RTC_ClearITPendingBit
 .text          0x0800e434      0x2d4 lib/STM32F10x_StdPeriph_Driver/libstm32fw.a(stm32f10x_spi.o)
                0x0800e434                SPI_I2S_DeInit
                0x0800e498                SPI_Init
                0x0800e4d8                I2S_Init
                0x0800e578                SPI_StructInit
                0x0800e590                I2S_StructInit
                0x0800e5a2                SPI_Cmd
                0x0800e5bc                I2S_Cmd
                0x0800e5d6                SPI_I2S_ITConfig
                0x0800e5f4                SPI_I2S_DMACmd
                0x0800e60a                SPI_I2S_SendData
                0x0800e60e                SPI_I2S_ReceiveData
                0x0800e614                SPI_NSSInternalSoftwareConfig
                0x0800e634                SPI_SSOutputCmd
                0x0800e64e                SPI_DataSizeConfig
                0x0800e666                SPI_TransmitCRC
                0x0800e672                SPI_CalculateCRC
                0x0800e68c                SPI_GetCRC
                0x0800e69c                SPI_GetCRCPolynomial
                0x0800e6a2                SPI_BiDirectionalLineConfig
                0x0800e6c0                SPI_I2S_GetFlagStatus
                0x0800e6cc                SPI_I2S_ClearFlag
                0x0800e6d2                SPI_I2S_GetITStatus
                0x0800e6f8                SPI_I2S_ClearITPendingBit
 .text          0x0800e708      0xa80 lib/STM32F10x_StdPeriph_Driver/libstm32fw.a(stm32f10x_tim.o)
                0x0800e776                TIM_DeInit
                0x0800e840                TIM_TimeBaseInit
                0x0800e87c                TIM_OC1Init
                0x0800e8fc                TIM_OC2Init
                0x0800e984                TIM_OC3Init
                0x0800ea08                TIM_OC4Init
                0x0800ea6c                TIM_BDTRConfig
                0x0800ea8e                TIM_TimeBaseStructInit
                0x0800eaa0                TIM_OCStructInit
                0x0800eab4                TIM_ICStructInit
                0x0800eac4                TIM_BDTRStructInit
                0x0800ead6                TIM_Cmd
                0x0800eaf0                TIM_CtrlPWMOutputs
                0x0800eb0e                TIM_ITConfig
                0x0800eb24                TIM_GenerateEvent
                0x0800eb28                TIM_DMAConfig
                0x0800eb30                TIM_DMACmd
                0x0800eb46                TIM_InternalClockConfig
                0x0800eb54                TIM_ETRConfig
                0x0800eb6a                TIM_ETRClockMode2Config
                0x0800eb7e                TIM_ETRClockMode1Config
                0x0800eb98                TIM_PrescalerConfig
                0x0800eb9e                TIM_CounterModeConfig
                0x0800ebb0                TIM_SelectInputTrigger
                0x0800ebc2                TIM_TIxExternalClockConfig
                0x0800ebf0                TIM_ITRxExternalClockConfig
                0x0800ec04                TIM_EncoderInterfaceConfig
                0x0800ec42                TIM_ForcedOC1Config
                0x0800ec54                TIM_ForcedOC2Config
                0x0800ec66                TIM_ForcedOC3Config
                0x0800ec78                TIM_ForcedOC4Config
                0x0800ec8a                TIM_ARRPreloadConfig
                0x0800eca4                TIM_SelectCOM
                0x0800ecbe                TIM_SelectCCDMA
                0x0800ecd8                TIM_CCPreloadControl
                0x0800ecf2                TIM_OC1PreloadConfig
                0x0800ed04                TIM_OC2PreloadConfig
                0x0800ed16                TIM_OC3PreloadConfig
                0x0800ed28                TIM_OC4PreloadConfig
                0x0800ed3a                TIM_OC1FastConfig
                0x0800ed4c                TIM_OC2FastConfig
                0x0800ed5e                TIM_OC3FastConfig
                0x0800ed70                TIM_OC4FastConfig
                0x0800ed82                TIM_ClearOC1Ref
                0x0800ed94                TIM_ClearOC2Ref
                0x0800eda2                TIM_ClearOC3Ref
                0x0800edb4                TIM_ClearOC4Ref
                0x0800edc2                TIM_OC1PolarityConfig
                0x0800edd4                TIM_OC1NPolarityConfig
                0x0800ede6                TIM_OC2PolarityConfig
                0x0800edf8                TIM_OC2NPolarityConfig
                0x0800ee0a                TIM_OC3PolarityConfig
                0x0800ee1c                TIM_OC3NPolarityConfig
                0x0800ee2e                TIM_OC4PolarityConfig
                0x0800ee40                TIM_CCxCmd
                0x0800ee5e                TIM_CCxNCmd
                0x0800ee7c                TIM_SelectOCxM
                0x0800eec8                TIM_UpdateDisableConfig
                0x0800eee2                TIM_UpdateRequestConfig
                0x0800eefc                TIM_SelectHallSensor
                0x0800ef16                TIM_SelectOnePulseMode
                0x0800ef2e                TIM_SelectOutputTrigger
                0x0800ef46                TIM_SelectSlaveMode
                0x0800ef5e                TIM_SelectMasterSlaveMode
                0x0800ef76                TIM_SetCounter
                0x0800ef7a                TIM_SetAutoreload
                0x0800ef7e                TIM_SetCompare1
                0x0800ef82                TIM_SetCompare2
                0x0800ef86                TIM_SetCompare3
                0x0800ef8a                TIM_SetCompare4
                0x0800ef90                TIM_SetIC1Prescaler
                0x0800efa8                TIM_SetIC2Prescaler
                0x0800efc0                TIM_PWMIConfig
                0x0800f02c                TIM_SetIC3Prescaler
                0x0800f044                TIM_SetIC4Prescaler
                0x0800f05c                TIM_ICInit
                0x0800f120                TIM_SetClockDivision
                0x0800f132                TIM_GetCapture1
                0x0800f138                TIM_GetCapture2
                0x0800f13e                TIM_GetCapture3
                0x0800f144                TIM_GetCapture4
                0x0800f14c                TIM_GetCounter
                0x0800f152                TIM_GetPrescaler
                0x0800f158                TIM_GetFlagStatus
                0x0800f164                TIM_ClearFlag
                0x0800f16a                TIM_GetITStatus
                0x0800f180                TIM_ClearITPendingBit
 .text          0x0800f188      0x374 lib/STM32F10x_StdPeriph_Driver/libstm32fw.a(stm32f10x_usart.o)
                0x0800f188                USART_DeInit
                0x0800f220                USART_Init
                0x0800f2b0                USART_StructInit
                0x0800f2c6                USART_ClockInit
                0x0800f2ec                USART_ClockStructInit
                0x0800f2f8                USART_Cmd
                0x0800f312                USART_ITConfig
                0x0800f348                USART_DMACmd
                0x0800f35e                USART_SetAddress
                0x0800f376                USART_WakeUpConfig
                0x0800f38e                USART_ReceiverWakeUpCmd
                0x0800f3a8                USART_LINBreakDetectLengthConfig
                0x0800f3c0                USART_LINCmd
                0x0800f3da                USART_SendData
                0x0800f3e2                USART_ReceiveData
                0x0800f3ea                USART_SendBreak
                0x0800f3f6                USART_SetGuardTime
                0x0800f408                USART_SetPrescaler
                0x0800f41c                USART_SmartCardCmd
                0x0800f436                USART_SmartCardNACKCmd
                0x0800f450                USART_HalfDuplexCmd
                0x0800f46a                USART_IrDAConfig
                0x0800f482                USART_IrDACmd
                0x0800f49c                USART_GetFlagStatus
                0x0800f4a8                USART_ClearFlag
                0x0800f4ae                USART_GetITStatus
                0x0800f4ee                USART_ClearITPendingBit
 .text          0x0800f4fc      0xa54 lib/STM32_USB-FS-Device_Driver/libstm32usb.a(usb_core.o)
                0x0800f4fc                Standard_GetConfiguration
                0x0800f524                Standard_GetInterface
                0x0800f54c                Standard_GetStatus
                0x0800f6c0                Standard_SetConfiguration
                0x0800f6fc                Standard_SetInterface
                0x0800f74c                Standard_ClearFeature
                0x0800f848                Standard_SetEndPointFeature
                0x0800f8fc                Standard_SetDeviceFeature
                0x0800f920                Standard_GetDescriptorData
                0x0800f93c                Post0_Process
                0x0800f984                Out0_Process
                0x0800fa60                Setup0_Process
                0x0800fe30                SetDeviceAddress
                0x0800feec                In0_Process
                0x0800ff4c                NOP_Process
 .text          0x0800ff50       0x38 lib/STM32_USB-FS-Device_Driver/libstm32usb.a(usb_init.o)
                0x0800ff50                USB_Init
 .text          0x0800ff88      0x25c lib/STM32_USB-FS-Device_Driver/libstm32usb.a(usb_int.o)
                0x0800ff88                CTR_LP
                0x08010150                CTR_HP
 .text          0x080101e4       0xb8 lib/STM32_USB-FS-Device_Driver/libstm32usb.a(usb_mem.o)
                0x080101e4                UserToPMABufferCopy
                0x0801024c                PMAToUserBufferCopy
 .text          0x0801029c      0x880 lib/STM32_USB-FS-Device_Driver/libstm32usb.a(usb_regs.o)
                0x0801029c                SetCNTR
                0x080102a8                GetCNTR
                0x080102b4                SetISTR
                0x080102c0                GetISTR
                0x080102cc                GetFNR
                0x080102d8                SetDADDR
                0x080102e4                GetDADDR
                0x080102f0                SetBTABLE
                0x08010304                GetBTABLE
                0x08010310                SetENDPOINT
                0x08010320                GetENDPOINT
                0x08010330                SetEPType
                0x0801034c                GetEPType
                0x08010360                SetEPTxStatus
                0x080103a0                SetEPRxStatus
                0x080103e0                SetDouBleBuffEPStall
                0x08010408                GetEPTxStatus
                0x0801041c                GetEPRxStatus
                0x08010430                SetEPTxValid
                0x08010454                SetEPRxValid
                0x08010478                SetEP_KIND
                0x08010498                ClearEP_KIND
                0x080104b8                Clear_Status_Out
                0x080104d8                Set_Status_Out
                0x080104f8                SetEPDoubleBuff
                0x08010518                ClearEPDoubleBuff
                0x08010538                GetTxStallStatus
                0x08010558                GetRxStallStatus
                0x08010578                ClearEP_CTR_RX
                0x08010590                ClearEP_CTR_TX
                0x080105a8                ToggleDTOG_RX
                0x080105c8                ToggleDTOG_TX
                0x080105e8                ClearDTOG_RX
                0x08010610                ClearDTOG_TX
                0x08010638                SetEPAddress
                0x0801065c                GetEPAddress
                0x08010670                SetEPTxAddr
                0x08010694                SetEPRxAddr
                0x080106bc                GetEPTxAddr
                0x080106dc                GetEPRxAddr
                0x080106fc                SetEPTxCount
                0x0801071c                SetEPCountRxReg
                0x08010748                SetEPRxCount
                0x08010790                GetEPTxCount
                0x080107b4                GetEPRxCount
                0x080107d8                SetEPDblBuffAddr
                0x08010820                SetEPDblBuf0Addr
                0x08010844                SetEPDblBuf1Addr
                0x0801086c                GetEPDblBuf0Addr
                0x0801088c                GetEPDblBuf1Addr
                0x080108ac                SetEPDblBuffCount
                0x08010958                SetEPDblBuf0Count
                0x080109c0                SetEPDblBuf1Count
                0x08010a28                GetEPDblBuf0Count
                0x08010a4c                GetEPDblBuf1Count
                0x08010a70                GetEPDblBufDir
                0x08010ab8                FreeUserBuffer
                0x08010b08                ToWord
                0x08010b10                ByteSwap
 .text          0x08010b1c       0x6c lib/STM32_USB-FS-Device_Driver/libstm32usb.a(usb_sil.o)
                0x08010b1c                USB_SIL_Init
                0x08010b3c                USB_SIL_Write
                0x08010b64                USB_SIL_Read
 .text          0x08010b88       0x78 /home/laurence/CodeSourcery/Sourcery_G++_Lite/bin/../lib/gcc/arm-none-eabi/4.5.2/../../../../arm-none-eabi/lib/thumb2/libm.a(lib_a-sf_sin.o)
                0x08010b88                sinf
 .text          0x08010c00       0xa8 /home/laurence/CodeSourcery/Sourcery_G++_Lite/bin/../lib/gcc/arm-none-eabi/4.5.2/../../../../arm-none-eabi/lib/thumb2/libm.a(lib_a-wf_asin.o)
                0x08010c00                asinf
 .text          0x08010ca8       0xa4 /home/laurence/CodeSourcery/Sourcery_G++_Lite/bin/../lib/gcc/arm-none-eabi/4.5.2/../../../../arm-none-eabi/lib/thumb2/libm.a(lib_a-wf_sqrt.o)
                0x08010ca8                sqrtf
 .text          0x08010d4c      0x318 /home/laurence/CodeSourcery/Sourcery_G++_Lite/bin/../lib/gcc/arm-none-eabi/4.5.2/../../../../arm-none-eabi/lib/thumb2/libm.a(lib_a-ef_asin.o)
                0x08010d4c                __ieee754_asinf
 .text          0x08011064      0x358 /home/laurence/CodeSourcery/Sourcery_G++_Lite/bin/../lib/gcc/arm-none-eabi/4.5.2/../../../../arm-none-eabi/lib/thumb2/libm.a(lib_a-ef_rem_pio2.o)
                0x08011064                __ieee754_rem_pio2f
 .text          0x080113bc       0xb0 /home/laurence/CodeSourcery/Sourcery_G++_Lite/bin/../lib/gcc/arm-none-eabi/4.5.2/../../../../arm-none-eabi/lib/thumb2/libm.a(lib_a-ef_sqrt.o)
                0x080113bc                __ieee754_sqrtf
 .text          0x0801146c      0x1b8 /home/laurence/CodeSourcery/Sourcery_G++_Lite/bin/../lib/gcc/arm-none-eabi/4.5.2/../../../../arm-none-eabi/lib/thumb2/libm.a(lib_a-kf_cos.o)
                0x0801146c                __kernel_cosf
 .text          0x08011624      0x63c /home/laurence/CodeSourcery/Sourcery_G++_Lite/bin/../lib/gcc/arm-none-eabi/4.5.2/../../../../arm-none-eabi/lib/thumb2/libm.a(lib_a-kf_rem_pio2.o)
                0x08011624                __kernel_rem_pio2f
 .text          0x08011c60      0x100 /home/laurence/CodeSourcery/Sourcery_G++_Lite/bin/../lib/gcc/arm-none-eabi/4.5.2/../../../../arm-none-eabi/lib/thumb2/libm.a(lib_a-kf_sin.o)
                0x08011c60                __kernel_sinf
 .text          0x08011d60        0x4 /home/laurence/CodeSourcery/Sourcery_G++_Lite/bin/../lib/gcc/arm-none-eabi/4.5.2/../../../../arm-none-eabi/lib/thumb2/libm.a(lib_a-s_matherr.o)
                0x08011d60                matherr
 .text          0x08011d64        0xc /home/laurence/CodeSourcery/Sourcery_G++_Lite/bin/../lib/gcc/arm-none-eabi/4.5.2/../../../../arm-none-eabi/lib/thumb2/libm.a(lib_a-s_nan.o)
                0x08011d64                nan
 .text          0x08011d70        0x8 /home/laurence/CodeSourcery/Sourcery_G++_Lite/bin/../lib/gcc/arm-none-eabi/4.5.2/../../../../arm-none-eabi/lib/thumb2/libm.a(lib_a-sf_fabs.o)
                0x08011d70                fabsf
 .text          0x08011d78       0xa0 /home/laurence/CodeSourcery/Sourcery_G++_Lite/bin/../lib/gcc/arm-none-eabi/4.5.2/../../../../arm-none-eabi/lib/thumb2/libm.a(lib_a-sf_floor.o)
                0x08011d78                floorf
 .text          0x08011e18       0x7c /home/laurence/CodeSourcery/Sourcery_G++_Lite/bin/../lib/gcc/arm-none-eabi/4.5.2/../../../../arm-none-eabi/lib/thumb2/libm.a(lib_a-sf_fpclassify.o)
                0x08011e18                __fpclassifyf
 .text          0x08011e94       0xc0 /home/laurence/CodeSourcery/Sourcery_G++_Lite/bin/../lib/gcc/arm-none-eabi/4.5.2/../../../../arm-none-eabi/lib/thumb2/libm.a(lib_a-sf_scalbn.o)
                0x08011e94                scalbnf
 .text          0x08011f54       0x10 /home/laurence/CodeSourcery/Sourcery_G++_Lite/bin/../lib/gcc/arm-none-eabi/4.5.2/../../../../arm-none-eabi/lib/thumb2/libm.a(lib_a-sf_copysign.o)
                0x08011f54                copysignf
 .text          0x08011f64      0x370 /home/laurence/CodeSourcery/Sourcery_G++_Lite/bin/../lib/gcc/arm-none-eabi/4.5.2/thumb2/libgcc.a(_arm_addsubdf3.o)
                0x08011f64                __aeabi_drsub
                0x08011f6c                __aeabi_dsub
                0x08011f6c                __subdf3
                0x08011f70                __adddf3
                0x08011f70                __aeabi_dadd
                0x080121e8                __aeabi_ui2d
                0x080121e8                __floatunsidf
                0x08012208                __floatsidf
                0x08012208                __aeabi_i2d
                0x0801222c                __extendsfdf2
                0x0801222c                __aeabi_f2d
                0x08012268                __aeabi_ul2d
                0x08012268                __floatundidf
                0x08012278                __floatdidf
                0x08012278                __aeabi_l2d
 .text          0x080122d4      0x424 /home/laurence/CodeSourcery/Sourcery_G++_Lite/bin/../lib/gcc/arm-none-eabi/4.5.2/thumb2/libgcc.a(_arm_muldivdf3.o)
                0x080122d4                __aeabi_dmul
                0x080122d4                __muldf3
                0x08012528                __aeabi_ddiv
                0x08012528                __divdf3
 .text          0x080126f8      0x110 /home/laurence/CodeSourcery/Sourcery_G++_Lite/bin/../lib/gcc/arm-none-eabi/4.5.2/thumb2/libgcc.a(_arm_cmpdf2.o)
                0x080126f8                __gtdf2
                0x080126f8                __gedf2
                0x08012700                __ltdf2
                0x08012700                __ledf2
                0x08012708                __cmpdf2
                0x08012708                __eqdf2
                0x08012708                __nedf2
                0x08012784                __aeabi_cdrcmple
                0x08012794                __aeabi_cdcmple
                0x08012794                __aeabi_cdcmpeq
                0x080127a4                __aeabi_dcmpeq
                0x080127b8                __aeabi_dcmplt
                0x080127cc                __aeabi_dcmple
                0x080127e0                __aeabi_dcmpge
                0x080127f4                __aeabi_dcmpgt
 .text          0x08012808       0x50 /home/laurence/CodeSourcery/Sourcery_G++_Lite/bin/../lib/gcc/arm-none-eabi/4.5.2/thumb2/libgcc.a(_arm_fixdfsi.o)
                0x08012808                __fixdfsi
                0x08012808                __aeabi_d2iz
 .text          0x08012858       0x40 /home/laurence/CodeSourcery/Sourcery_G++_Lite/bin/../lib/gcc/arm-none-eabi/4.5.2/thumb2/libgcc.a(_arm_fixunsdfsi.o)
                0x08012858                __fixunsdfsi
                0x08012858                __aeabi_d2uiz
 .text          0x08012898       0xa0 /home/laurence/CodeSourcery/Sourcery_G++_Lite/bin/../lib/gcc/arm-none-eabi/4.5.2/thumb2/libgcc.a(_arm_truncdfsf2.o)
                0x08012898                __aeabi_d2f
                0x08012898                __truncdfsf2
 .text          0x08012938      0x21c /home/laurence/CodeSourcery/Sourcery_G++_Lite/bin/../lib/gcc/arm-none-eabi/4.5.2/thumb2/libgcc.a(_arm_addsubsf3.o)
                0x08012938                __aeabi_frsub
                0x08012940                __subsf3
                0x08012940                __aeabi_fsub
                0x08012944                __aeabi_fadd
                0x08012944                __addsf3
                0x08012aa4                __aeabi_ui2f
                0x08012aa4                __floatunsisf
                0x08012aac                __aeabi_i2f
                0x08012aac                __floatsisf
                0x08012ac8                __floatundisf
                0x08012ac8                __aeabi_ul2f
                0x08012ad8                __floatdisf
                0x08012ad8                __aeabi_l2f
 .text          0x08012b54      0x2a0 /home/laurence/CodeSourcery/Sourcery_G++_Lite/bin/../lib/gcc/arm-none-eabi/4.5.2/thumb2/libgcc.a(_arm_muldivsf3.o)
                0x08012b54                __mulsf3
                0x08012b54                __aeabi_fmul
                0x08012cbc                __divsf3
                0x08012cbc                __aeabi_fdiv
 .text          0x08012df4       0xec /home/laurence/CodeSourcery/Sourcery_G++_Lite/bin/../lib/gcc/arm-none-eabi/4.5.2/thumb2/libgcc.a(_arm_cmpsf2.o)
                0x08012df4                __gtsf2
                0x08012df4                __gesf2
                0x08012dfc                __lesf2
                0x08012dfc                __ltsf2
                0x08012e04                __nesf2
                0x08012e04                __eqsf2
                0x08012e04                __cmpsf2
                0x08012e64                __aeabi_cfrcmple
                0x08012e6c                __aeabi_cfcmple
                0x08012e6c                __aeabi_cfcmpeq
                0x08012e7c                __aeabi_fcmpeq
                0x08012e90                __aeabi_fcmplt
                0x08012ea4                __aeabi_fcmple
                0x08012eb8                __aeabi_fcmpge
                0x08012ecc                __aeabi_fcmpgt
 .text          0x08012ee0       0x4c /home/laurence/CodeSourcery/Sourcery_G++_Lite/bin/../lib/gcc/arm-none-eabi/4.5.2/thumb2/libgcc.a(_arm_fixsfsi.o)
                0x08012ee0                __fixsfsi
                0x08012ee0                __aeabi_f2iz
 .text          0x08012f2c       0x40 /home/laurence/CodeSourcery/Sourcery_G++_Lite/bin/../lib/gcc/arm-none-eabi/4.5.2/thumb2/libgcc.a(_arm_fixunssfsi.o)
                0x08012f2c                __aeabi_f2uiz
                0x08012f2c                __fixunssfsi
 .text          0x08012f6c        0xc /home/laurence/CodeSourcery/Sourcery_G++_Lite/bin/../lib/gcc/arm-none-eabi/4.5.2/../../../../arm-none-eabi/lib/thumb2/libc.a(lib_a-errno.o)
                0x08012f6c                __errno
 .text          0x08012f78       0x20 /home/laurence/CodeSourcery/Sourcery_G++_Lite/bin/../lib/gcc/arm-none-eabi/4.5.2/../../../../arm-none-eabi/lib/thumb2/libc.a(lib_a-malloc.o)
                0x08012f78                malloc
                0x08012f88                free
 .text          0x08012f98      0x57c /home/laurence/CodeSourcery/Sourcery_G++_Lite/bin/../lib/gcc/arm-none-eabi/4.5.2/../../../../arm-none-eabi/lib/thumb2/libc.a(lib_a-mallocr.o)
                0x08012f98                _malloc_r
 .text          0x08013514       0xb4 /home/laurence/CodeSourcery/Sourcery_G++_Lite/bin/../lib/gcc/arm-none-eabi/4.5.2/../../../../arm-none-eabi/lib/thumb2/libc.a(lib_a-memset.o)
                0x08013514                memset
 .text          0x080135c8        0x8 /home/laurence/CodeSourcery/Sourcery_G++_Lite/bin/../lib/gcc/arm-none-eabi/4.5.2/../../../../arm-none-eabi/lib/thumb2/libc.a(lib_a-mlock.o)
                0x080135c8                __malloc_lock
                0x080135cc                __malloc_unlock
 .text          0x080135d0       0x28 /home/laurence/CodeSourcery/Sourcery_G++_Lite/bin/../lib/gcc/arm-none-eabi/4.5.2/../../../../arm-none-eabi/lib/thumb2/libc.a(lib_a-sbrkr.o)
                0x080135d0                _sbrk_r
 .text          0x080135f8       0x60 /home/laurence/CodeSourcery/Sourcery_G++_Lite/bin/../lib/gcc/arm-none-eabi/4.5.2/../../../../arm-none-eabi/lib/thumb2/libc.a(lib_a-strlen.o)
                0x080135f8                strlen
 .text          0x08013658      0x240 /home/laurence/CodeSourcery/Sourcery_G++_Lite/bin/../lib/gcc/arm-none-eabi/4.5.2/../../../../arm-none-eabi/lib/thumb2/libc.a(lib_a-freer.o)
                0x08013658                _malloc_trim_r
                0x08013700                _free_r
 .text          0x08013898       0x30 /home/laurence/CodeSourcery/Sourcery_G++_Lite/bin/../lib/gcc/arm-none-eabi/4.5.2/../../../../arm-none-eabi/lib/thumb2/libcs3.a(start_c.o)
                0x08013898                __cs3_premain
 .text.cs3.init
                0x080138c8       0x50 /home/laurence/CodeSourcery/Sourcery_G++_Lite/bin/../lib/gcc/arm-none-eabi/4.5.2/../../../../arm-none-eabi/lib/thumb2/libcs3.a(start_c.o)
                0x080138c8                __cs3_start_c
 .text          0x08013918       0x40 /home/laurence/CodeSourcery/Sourcery_G++_Lite/bin/../lib/gcc/arm-none-eabi/4.5.2/../../../../arm-none-eabi/lib/thumb2/libcs3unhosted.a(unhosted-sbrk.o)
                0x08013918                _sbrk
 .text.cs3.init
                0x08013958       0x10 /home/laurence/CodeSourcery/Sourcery_G++_Lite/bin/../lib/gcc/arm-none-eabi/4.5.2/../../../../arm-none-eabi/lib/thumb2/libcs3unhosted.a(unhosted-start.o)
                0x08013958                _start
 .text          0x08013968        0x2 lib/libcs3-lanchon-stm32.a(lanchon_stm32_isr_interrupt.o)
                0x08013968                MemManageException
                0x08013968                BusFaultException
                0x08013968                DMAChannel7_IRQHandler
                0x08013968                DebugMonitor
                0x08013968                SVCHandler
                0x08013968                HardFaultException
                0x08013968                __STM32ReservedException8
                0x08013968                __STM32DefaultExceptionHandler
                0x08013968                CAN_SCE_IRQHandler
                0x08013968                __STM32ReservedException10
                0x08013968                __STM32ReservedException13
                0x08013968                NMIException
                0x08013968                DMAChannel4_IRQHandler
                0x08013968                PendSVC
                0x08013968                CAN_RX1_IRQHandler
                0x08013968                ADC_IRQHandler
                0x08013968                DMAChannel5_IRQHandler
                0x08013968                DMAChannel2_IRQHandler
                0x08013968                __STM32ReservedException7
                0x08013968                UsageFaultException
                0x08013968                DMAChannel6_IRQHandler
                0x08013968                DMAChannel3_IRQHandler
                0x08013968                __STM32ReservedException9
 *fill*         0x0801396a        0x2 00
 .text          0x0801396c       0x50 /home/laurence/CodeSourcery/Sourcery_G++_Lite/bin/../lib/gcc/arm-none-eabi/4.5.2/../../../../arm-none-eabi/lib/thumb2/libc.a(lib_a-init.o)
                0x0801396c                __libc_init_array
 *(.plt)
 *(.gnu.warning)
 *(.glue_7t)
 .glue_7t       0x00000000        0x0 linker stubs
 *(.glue_7)
 .glue_7        0x00000000        0x0 linker stubs
 *(.vfp11_veneer)
 .vfp11_veneer  0x00000000        0x0 linker stubs
 *(.rodata .rodata.* .gnu.linkonce.r.*)
 .rodata        0x080139bc       0x90 Sensors/ppg_new.o
 .rodata        0x08013a4c       0xac Util/USB/usb_desc.o
                0x08013a4c                MASS_DeviceDescriptor
                0x08013a60                MASS_ConfigDescriptor
                0x08013a80                MASS_StringLangID
                0x08013a84                MASS_StringVendor
                0x08013ab8                MASS_StringProduct
                0x08013ae8                MASS_StringInterface
 .rodata        0x08013af8     0x7738 Util/fat_fs/option/cc932.o
 .rodata.str1.4
                0x0801b230       0x13 Util/fat_fs/src/ff.o
                                 0x14 (size before relaxing)
 *fill*         0x0801b243        0x1 00
 .rodata        0x0801b244        0xc Util/fat_fs/src/rtc.o
 .rodata        0x0801b250       0x14 Util/rprintf.o
 .rodata.str1.4
                0x0801b264       0x1a Util/rprintf.o
                                 0x1c (size before relaxing)
 *fill*         0x0801b27e        0x2 00
 .rodata        0x0801b280        0x4 i2c_int.o
                0x0801b280                TMP102_setup
 .rodata.str1.4
                0x0801b284       0x10 interrupts.o
 .rodata        0x0801b294       0x14 lib/CMSIS_CM3/system_stm32f10x.o
                0x0801b294                SystemFrequency
                0x0801b298                SystemFrequency_SysClk
                0x0801b29c                SystemFrequency_AHBClk
                0x0801b2a0                SystemFrequency_APB1Clk
                0x0801b2a4                SystemFrequency_APB2Clk
 .rodata.str1.4
                0x0801b2a8       0xc9 main.o
                                 0xd0 (size before relaxing)
 *fill*         0x0801b371        0x3 00
 .rodata.str1.4
                0x0801b374       0x16 pwr.o
                                 0x18 (size before relaxing)
 *fill*         0x0801b38a        0x2 00
 .rodata.str1.4
                0x0801b38c        0x6 /home/laurence/CodeSourcery/Sourcery_G++_Lite/bin/../lib/gcc/arm-none-eabi/4.5.2/../../../../arm-none-eabi/lib/thumb2/libm.a(lib_a-wf_asin.o)
                                  0xc (size before relaxing)
 *fill*         0x0801b392        0x2 00
 .rodata.str1.4
                0x0801b394        0x6 /home/laurence/CodeSourcery/Sourcery_G++_Lite/bin/../lib/gcc/arm-none-eabi/4.5.2/../../../../arm-none-eabi/lib/thumb2/libm.a(lib_a-wf_sqrt.o)
                                  0x8 (size before relaxing)
 *fill*         0x0801b39a        0x2 00
 .rodata        0x0801b39c      0x398 /home/laurence/CodeSourcery/Sourcery_G++_Lite/bin/../lib/gcc/arm-none-eabi/4.5.2/../../../../arm-none-eabi/lib/thumb2/libm.a(lib_a-ef_rem_pio2.o)
 .rodata        0x0801b734       0x38 /home/laurence/CodeSourcery/Sourcery_G++_Lite/bin/../lib/gcc/arm-none-eabi/4.5.2/../../../../arm-none-eabi/lib/thumb2/libm.a(lib_a-kf_rem_pio2.o)
 .rodata.str1.4
                0x0801b76c        0x4 /home/laurence/CodeSourcery/Sourcery_G++_Lite/bin/../lib/gcc/arm-none-eabi/4.5.2/../../../../arm-none-eabi/lib/thumb2/libc.a(lib_a-impure.o)
 *(.ARM.extab* .gnu.linkonce.armextab.*)
 *(.gcc_except_table)
 *(.eh_frame_hdr)
 *(.eh_frame)
                0x0801b770                . = ALIGN (0x4)
 *(.init)
 .init          0x0801b770        0x4 /home/laurence/CodeSourcery/Sourcery_G++_Lite/bin/../lib/gcc/arm-none-eabi/4.5.2/thumb2/crti.o
                0x0801b770                _init
 .init          0x0801b774        0x8 /home/laurence/CodeSourcery/Sourcery_G++_Lite/bin/../lib/gcc/arm-none-eabi/4.5.2/thumb2/crtn.o
                0x0801b77c                . = ALIGN (0x4)
                0x0801b77c                _sidata = .
                0x0801b77c                __preinit_array_start = .
 *(.preinit_array)
                0x0801b77c                __preinit_array_end = .
                0x0801b77c                . = ALIGN (0x4)
                0x0801b77c                __init_array_start = .
 *(SORT(.init_array.*))
 *(.init_array)
 .init_array    0x0801b77c        0x4 /home/laurence/CodeSourcery/Sourcery_G++_Lite/bin/../lib/gcc/arm-none-eabi/4.5.2/thumb2/crtbegin.o
                0x0801b780                __init_array_end = .
                0x0801b780                . = ALIGN (0x4)
 *crtbegin.o(.ctors)
 *(EXCLUDE_FILE(*crtend.o) .ctors)
 *(SORT(.ctors.*))
 *crtend.o(.ctors)
                0x0801b780                . = ALIGN (0x4)
 *(.fini)
 .fini          0x0801b780        0x4 /home/laurence/CodeSourcery/Sourcery_G++_Lite/bin/../lib/gcc/arm-none-eabi/4.5.2/thumb2/crti.o
                0x0801b780                _fini
 .fini          0x0801b784        0x8 /home/laurence/CodeSourcery/Sourcery_G++_Lite/bin/../lib/gcc/arm-none-eabi/4.5.2/thumb2/crtn.o
                0x0801b78c                . = ALIGN (0x4)
                0x0801b78c                __fini_array_start = .
 *(.fini_array)
 .fini_array    0x0801b78c        0x4 /home/laurence/CodeSourcery/Sourcery_G++_Lite/bin/../lib/gcc/arm-none-eabi/4.5.2/thumb2/crtbegin.o
 *(SORT(.fini_array.*))
                0x0801b790                __fini_array_end = .
 *crtbegin.o(.dtors)
 *(EXCLUDE_FILE(*crtend.o) .dtors)
 *(SORT(.dtors.*))
 *crtend.o(.dtors)
                0x0801b790                . = ALIGN (0x4)
                0x0801b790                __cs3_regions = .
                0x0801b790        0x4 LONG 0x0
                0x0801b794        0x4 LONG 0x801b7a8 __cs3_region_init_ram
                0x0801b798        0x4 LONG 0x20000000 __cs3_region_start_ram
                0x0801b79c        0x4 LONG 0x698 __cs3_region_init_size_ram
                0x0801b7a0        0x4 LONG 0x860 __cs3_region_zero_size_ram
                0x0801b7a4                __exidx_start = .

.v4_bx          0x0801b7a4        0x0
 .v4_bx         0x00000000        0x0 linker stubs

.ARM.exidx
 *(.ARM.exidx* .gnu.linkonce.armexidx.*)
                0x0801b7a4                __exidx_end = .

.text.align     0x0801b7a4        0x4
                0x0801b7a8                . = ALIGN (0x8)
 *fill*         0x0801b7a4        0x4 00
                0x0801b7a8                _etext = .
                0x08020000                __cs3_region_end_rom = (__cs3_region_start_rom + 0x20000)
                0x00020000                __cs3_region_size_rom = 0x20000
                0x00000001                __cs3_region_num = 0x1

.data           0x20000000      0x698 load address 0x0801b7a8
                0x20000000                __cs3_region_start_ram = .
                0x20000000                _sdata = .
 *(.cs3.region-head.ram)
 *(.jcr)
 .jcr           0x20000000        0x0 /home/laurence/CodeSourcery/Sourcery_G++_Lite/bin/../lib/gcc/arm-none-eabi/4.5.2/thumb2/crtbegin.o
 .jcr           0x20000000        0x4 /home/laurence/CodeSourcery/Sourcery_G++_Lite/bin/../lib/gcc/arm-none-eabi/4.5.2/thumb2/crtend.o
 *(.got.plt)
 *(.got)
 *(.shdata)
 *(.data .data.* .gnu.linkonce.d.*)
 .data          0x20000004       0x74 Util/USB/scsi_data.o
                0x20000004                Standard_Inquiry_Data
                0x20000028                Standard_Inquiry_Data2
                0x2000004c                Mode_Sense6_data
                0x20000050                Mode_Sense10_data
                0x20000058                Scsi_Sense_Data
                0x2000006c                ReadFormatCapacity_Data
 .data          0x20000078       0x1c Util/USB/usb_desc.o
                0x20000078                MASS_StringSerial
 .data          0x20000094       0x38 Util/USB/usb_istr.o
                0x20000094                pEpInt_IN
                0x200000b0                pEpInt_OUT
 .data          0x200000cc       0x90 Util/USB/usb_prop.o
                0x200000cc                String_Descriptor
                0x200000f4                Config_Descriptor
                0x200000fc                Device_Descriptor
                0x20000104                Device_Property
                0x20000134                Device_Table
                0x20000138                User_Standard_Requests
 .data          0x2000015c        0x1 Util/USB/usb_pwr.o
                0x2000015c                fSuspendEnabled
 .data          0x2000015d        0x1 Util/fat_fs/src/sd_spi_stm32.o
 *fill*         0x2000015e        0x2 00
 .data          0x20000160       0x10 i2c_int.o
                0x20000160                I2C_jobs
 .data          0x20000170       0x14 lib/STM32F10x_StdPeriph_Driver/libstm32fw.a(stm32f10x_rcc.o)
 .data          0x20000184        0x1 /home/laurence/CodeSourcery/Sourcery_G++_Lite/bin/../lib/gcc/arm-none-eabi/4.5.2/../../../../arm-none-eabi/lib/thumb2/libm.a(lib_a-s_lib_ver.o)
                0x20000184                __fdlib_version
 *fill*         0x20000185        0x3 00
 .data          0x20000188       0xf4 /home/laurence/CodeSourcery/Sourcery_G++_Lite/bin/../lib/gcc/arm-none-eabi/4.5.2/../../../../arm-none-eabi/lib/thumb2/libc.a(lib_a-impure.o)
                0x20000188                _impure_ptr
 .data          0x2000027c      0x410 /home/laurence/CodeSourcery/Sourcery_G++_Lite/bin/../lib/gcc/arm-none-eabi/4.5.2/../../../../arm-none-eabi/lib/thumb2/libc.a(lib_a-mallocr.o)
                0x2000027c                __malloc_av_
                0x20000684                __malloc_sbrk_base
                0x20000688                __malloc_trim_threshold
 .data          0x2000068c        0x4 /home/laurence/CodeSourcery/Sourcery_G++_Lite/bin/../lib/gcc/arm-none-eabi/4.5.2/../../../../arm-none-eabi/lib/thumb2/libcs3unhosted.a(unhosted-sbrk.o)
 .data          0x20000690        0x4 /home/laurence/CodeSourcery/Sourcery_G++_Lite/bin/../lib/gcc/arm-none-eabi/4.5.2/../../../../arm-none-eabi/lib/thumb2/libcs3.a(heap.o)
                0x20000690                __cs3_heap_limit
 *(.ram)
                0x20000698                . = ALIGN (0x8)
 *fill*         0x20000694        0x4 00
                0x20000698                _edata = .

.bss            0x20000698      0x860 load address 0x0801be40
                0x20000698                _sbss = .
 *(.shbss)
 *(.bss .bss.* .gnu.linkonce.b.*)
 .bss           0x20000698        0x1 /home/laurence/CodeSourcery/Sourcery_G++_Lite/bin/../lib/gcc/arm-none-eabi/4.5.2/thumb2/crtbegin.o
 *fill*         0x20000699        0x3 00
 .bss           0x2000069c       0x18 Sensors/ppg_new.o
 .bss           0x200006b4       0x34 Sensors/pressure.o
 .bss           0x200006e8        0x4 Util/USB/mass_mal.o
                0x200006e8                Status
 .bss           0x200006ec       0x1c Util/USB/memory.o
                0x200006ec                TransferState
                0x200006f8                Block_Read_count
                0x200006fc                Counter
 .bss           0x20000708       0x10 Util/USB/scsi_data.o
                0x20000708                Page00_Inquiry_Data
                0x20000710                ReadCapacity10_Data
 .bss           0x20000718        0x1 Util/USB/usb_istr.o
                0x20000718                bIntPackSOF
 *fill*         0x20000719        0x3 00
 .bss           0x2000071c        0x4 Util/USB/usb_prop.o
                0x2000071c                Max_Lun
 .bss           0x20000720        0x4 Util/USB/usb_pwr.o
                0x20000720                bDeviceState
 .bss           0x20000724        0x8 Util/fat_fs/src/ff.o
 .bss           0x2000072c       0x10 Util/fat_fs/src/sd_spi_stm32.o
 .bss           0x2000073c       0x84 Util/rprintf.o
 .bss           0x200007c0        0x3 i2c_int.o
 *fill*         0x200007c3        0x1 00
 .bss           0x200007c4       0x18 interrupts.o
 .bss           0x200007dc      0x234 main.o
                0x20000a0c                file_opened
 .bss           0x20000a10        0x1 lib/STM32_USB-FS-Device_Driver/libstm32usb.a(usb_core.o)
                0x20000a10                Data_Mul_MaxPacketSize
 *fill*         0x20000a11        0x3 00
 .bss           0x20000a14       0x34 /home/laurence/CodeSourcery/Sourcery_G++_Lite/bin/../lib/gcc/arm-none-eabi/4.5.2/../../../../arm-none-eabi/lib/thumb2/libc.a(lib_a-mallocr.o)
                0x20000a14                __malloc_top_pad
                0x20000a18                __malloc_current_mallinfo
                0x20000a40                __malloc_max_sbrked_mem
                0x20000a44                __malloc_max_total_mem
 *(COMMON)
 COMMON         0x20000a48        0xc Sensors/ppg_new.o
                0x20000a48                Last_PPG_Values
 COMMON         0x20000a54        0x8 Sensors/pressure.o
                0x20000a54                Reported_Pressure
                0x20000a58                Pressure_Offset
 COMMON         0x20000a5c        0xa Sensors/temperature.o
                0x20000a5c                Device_Temperature
                0x20000a60                TMP102_Reported_Temperature
                0x20000a64                TMP102_Data_Buffer
 *fill*         0x20000a66        0x2 00
 COMMON         0x20000a68       0x1c Util/USB/mass_mal.o
                0x20000a68                Mass_Memory_Size
                0x20000a70                Mass_Block_Size
                0x20000a78                Mass_Block_Count
                0x20000a80                Data_Buffer
 COMMON         0x20000a84        0x8 Util/USB/memory.o
                0x20000a84                Block_offset
                0x20000a88                Idx
 COMMON         0x20000a8c       0x7c Util/USB/usb_bot.o
                0x20000a8c                CBW
                0x20000aac                Data_Len
                0x20000aae                Bot_State
                0x20000ab0                SCSI_LBA
                0x20000ab4                CSW
                0x20000ac4                SCSI_BlkLen
                0x20000ac8                Bulk_Data_Buff
 COMMON         0x20000b08        0x2 Util/USB/usb_istr.o
                0x20000b08                wIstr
 *fill*         0x20000b0a        0x2 00
 COMMON         0x20000b0c        0x2 Util/USB/usb_pwr.o
                0x20000b0c                ResumeS
 *fill*         0x20000b0e        0x2 00
 COMMON         0x20000b10        0x4 adc.o
                0x20000b10                ADC1_Convertion_buff
 COMMON         0x20000b14        0x1 gpio.o
                0x20000b14                bootsource
 *fill*         0x20000b15        0x3 00
 COMMON         0x20000b18        0xd i2c_int.o
                0x20000b18                I2C1error
                0x20000b1c                Jobs
                0x20000b20                Completed_Jobs
                0x20000b24                job
 COMMON         0x20000b25        0x1 interrupts.o
                0x20000b25                Button_hold_tim
 *fill*         0x20000b26        0x2 00
 COMMON         0x20000b28      0x390 main.o
                0x20000b28                Pressure_control
                0x20000b2c                Temperatures_Buffer
                0x20000b38                f_err_code
                0x20000b3c                Buff
                0x20000b54                System_state_Global
                0x20000b58                Millis
                0x20000b5c                Sensors
                0x20000b60                FATFS_info
                0x20000b80                Pressures_Buffer
                0x20000b8c                Pressure_Setpoint
                0x20000b90                print_string
                0x20000c90                a
                0x20000c94                FATFS_logfile
 COMMON         0x20000eb8        0x2 lib/STM32_USB-FS-Device_Driver/libstm32usb.a(usb_core.o)
                0x20000eb8                StatusInfo
 *fill*         0x20000eba        0x2 00
 COMMON         0x20000ebc       0x32 lib/STM32_USB-FS-Device_Driver/libstm32usb.a(usb_init.o)
                0x20000ebc                SaveState
                0x20000ec0                pProperty
                0x20000ec4                EPindex
                0x20000ec8                Device_Info
                0x20000ee4                pUser_Standard_Requests
                0x20000ee8                pInformation
                0x20000eec                wInterrupt_Mask
 COMMON         0x20000eee        0x4 lib/STM32_USB-FS-Device_Driver/libstm32usb.a(usb_int.o)
                0x20000eee                SaveRState
                0x20000ef0                SaveTState
 *fill*         0x20000ef2        0x2 00
 COMMON         0x20000ef4        0x4 /home/laurence/CodeSourcery/Sourcery_G++_Lite/bin/../lib/gcc/arm-none-eabi/4.5.2/../../../../arm-none-eabi/lib/thumb2/libc.a(lib_a-reent.o)
                0x20000ef4                errno
 *(.ram.b)
                0x20000ef8                . = ALIGN (0x8)
                0x20000ef8                _ebss = .

.noinit         0x20000ef8        0x0 load address 0x0801be40
 *(.noinit)
                0x20000ef8                . = ALIGN (0x8)
                0x20000ef8                _end = .
                0x20005000                __cs3_region_end_ram = (__cs3_region_start_ram + 0x5000)
                0x00005000                __cs3_region_size_ram = 0x5000
                0x0801b7a8                __cs3_region_init_ram = LOADADDR (.data)
                0x00000698                __cs3_region_init_size_ram = (_edata - ADDR (.data))
                0x00000860                __cs3_region_zero_size_ram = (_end - _edata)
                0x00000001                __cs3_region_num = 0x1

.stab
 *(.stab)

.stabstr
 *(.stabstr)

.debug
 *(.debug)

.line
 *(.line)

.debug_srcinfo
 *(.debug_srcinfo)

.debug_sfnames
 *(.debug_sfnames)

.comment        0x00000000       0x2a
 .comment       0x00000000       0x2a Sensors/ppg_new.o
                                 0x2b (size before relaxing)
 .comment       0x00000000       0x2b Sensors/pressure.o
 .comment       0x00000000       0x2b Sensors/temperature.o
 .comment       0x00000000       0x2b Util/USB/hw_config.o
 .comment       0x00000000       0x2b Util/USB/mass_mal.o
 .comment       0x00000000       0x2b Util/USB/memory.o
 .comment       0x00000000       0x2b Util/USB/scsi_data.o
 .comment       0x00000000       0x2b Util/USB/usb_bot.o
 .comment       0x00000000       0x2b Util/USB/usb_desc.o
 .comment       0x00000000       0x2b Util/USB/usb_endp.o
 .comment       0x00000000       0x2b Util/USB/usb_istr.o
 .comment       0x00000000       0x2b Util/USB/usb_prop.o
 .comment       0x00000000       0x2b Util/USB/usb_pwr.o
 .comment       0x00000000       0x2b Util/USB/usb_scsi.o
 .comment       0x00000000       0x2b Util/buffer.o
 .comment       0x00000000       0x2b Util/delay.o
 .comment       0x00000000       0x2b Util/fat_fs/option/cc932.o
 .comment       0x00000000       0x2b Util/fat_fs/option/syscall.o
 .comment       0x00000000       0x2b Util/fat_fs/src/fattime.o
 .comment       0x00000000       0x2b Util/fat_fs/src/ff.o
 .comment       0x00000000       0x2b Util/fat_fs/src/rtc.o
 .comment       0x00000000       0x2b Util/fat_fs/src/sd_spi_stm32.o
 .comment       0x00000000       0x2b Util/rprintf.o
 .comment       0x00000000       0x2b Util/stm32_eval_spi_sd.o
 .comment       0x00000000       0x2b adc.o
 .comment       0x00000000       0x2b gpio.o
 .comment       0x00000000       0x2b i2c_int.o
 .comment       0x00000000       0x2b interrupts.o
 .comment       0x00000000       0x2b lib/CMSIS_CM3/core_cm3.o
 .comment       0x00000000       0x2b lib/CMSIS_CM3/system_stm32f10x.o
 .comment       0x00000000       0x2b main.o
 .comment       0x00000000       0x2b pwr.o
 .comment       0x00000000       0x2b timer.o
 .comment       0x00000000       0x2b usart.o
 .comment       0x00000000       0x2b watchdog.o
 .comment       0x00000000       0x2b lib/STM32F10x_StdPeriph_Driver/libstm32fw.a(misc.o)
 .comment       0x00000000       0x2b lib/STM32F10x_StdPeriph_Driver/libstm32fw.a(stm32f10x_adc.o)
 .comment       0x00000000       0x2b lib/STM32F10x_StdPeriph_Driver/libstm32fw.a(stm32f10x_bkp.o)
 .comment       0x00000000       0x2b lib/STM32F10x_StdPeriph_Driver/libstm32fw.a(stm32f10x_dbgmcu.o)
 .comment       0x00000000       0x2b lib/STM32F10x_StdPeriph_Driver/libstm32fw.a(stm32f10x_dma.o)
 .comment       0x00000000       0x2b lib/STM32F10x_StdPeriph_Driver/libstm32fw.a(stm32f10x_exti.o)
 .comment       0x00000000       0x2b lib/STM32F10x_StdPeriph_Driver/libstm32fw.a(stm32f10x_gpio.o)
 .comment       0x00000000       0x2b lib/STM32F10x_StdPeriph_Driver/libstm32fw.a(stm32f10x_i2c.o)
 .comment       0x00000000       0x2b lib/STM32F10x_StdPeriph_Driver/libstm32fw.a(stm32f10x_iwdg.o)
 .comment       0x00000000       0x2b lib/STM32F10x_StdPeriph_Driver/libstm32fw.a(stm32f10x_pwr.o)
 .comment       0x00000000       0x2b lib/STM32F10x_StdPeriph_Driver/libstm32fw.a(stm32f10x_rcc.o)
 .comment       0x00000000       0x2b lib/STM32F10x_StdPeriph_Driver/libstm32fw.a(stm32f10x_rtc.o)
 .comment       0x00000000       0x2b lib/STM32F10x_StdPeriph_Driver/libstm32fw.a(stm32f10x_spi.o)
 .comment       0x00000000       0x2b lib/STM32F10x_StdPeriph_Driver/libstm32fw.a(stm32f10x_tim.o)
 .comment       0x00000000       0x2b lib/STM32F10x_StdPeriph_Driver/libstm32fw.a(stm32f10x_usart.o)
 .comment       0x00000000       0x2b lib/STM32_USB-FS-Device_Driver/libstm32usb.a(usb_core.o)
 .comment       0x00000000       0x2b lib/STM32_USB-FS-Device_Driver/libstm32usb.a(usb_init.o)
 .comment       0x00000000       0x2b lib/STM32_USB-FS-Device_Driver/libstm32usb.a(usb_int.o)
 .comment       0x00000000       0x2b lib/STM32_USB-FS-Device_Driver/libstm32usb.a(usb_mem.o)
 .comment       0x00000000       0x2b lib/STM32_USB-FS-Device_Driver/libstm32usb.a(usb_regs.o)
 .comment       0x00000000       0x2b lib/STM32_USB-FS-Device_Driver/libstm32usb.a(usb_sil.o)

.debug_aranges  0x00000000      0x428
 *(.debug_aranges)
 .debug_aranges
                0x00000000       0x20 Sensors/ppg_new.o
 .debug_aranges
                0x00000020       0x20 Sensors/pressure.o
 .debug_aranges
                0x00000040       0x20 Sensors/temperature.o
 .debug_aranges
                0x00000060       0x20 Util/USB/hw_config.o
 .debug_aranges
                0x00000080       0x20 Util/USB/mass_mal.o
 .debug_aranges
                0x000000a0       0x20 Util/USB/memory.o
 .debug_aranges
                0x000000c0       0x20 Util/USB/usb_bot.o
 .debug_aranges
                0x000000e0       0x20 Util/USB/usb_endp.o
 .debug_aranges
                0x00000100       0x20 Util/USB/usb_istr.o
 .debug_aranges
                0x00000120       0x20 Util/USB/usb_prop.o
 .debug_aranges
                0x00000140       0x20 Util/USB/usb_pwr.o
 .debug_aranges
                0x00000160       0x20 Util/USB/usb_scsi.o
 .debug_aranges
                0x00000180       0x20 Util/buffer.o
 .debug_aranges
                0x000001a0       0x20 Util/delay.o
 .debug_aranges
                0x000001c0       0x20 Util/fat_fs/option/cc932.o
 .debug_aranges
                0x000001e0       0x20 Util/fat_fs/src/fattime.o
 .debug_aranges
                0x00000200       0x20 Util/fat_fs/src/ff.o
 .debug_aranges
                0x00000220       0x20 Util/fat_fs/src/rtc.o
 .debug_aranges
                0x00000240       0x20 Util/fat_fs/src/sd_spi_stm32.o
 .debug_aranges
                0x00000260       0x20 Util/rprintf.o
 .debug_aranges
                0x00000280       0x20 Util/stm32_eval_spi_sd.o
 .debug_aranges
                0x000002a0       0x20 adc.o
 .debug_aranges
                0x000002c0       0x20 gpio.o
 .debug_aranges
                0x000002e0       0x20 i2c_int.o
 .debug_aranges
                0x00000300       0x20 interrupts.o
 .debug_aranges
                0x00000320       0x20 lib/CMSIS_CM3/core_cm3.o
 .debug_aranges
                0x00000340       0x28 lib/CMSIS_CM3/startup/gcc/startup_stm32f10x_md.o
 .debug_aranges
                0x00000368       0x20 lib/CMSIS_CM3/system_stm32f10x.o
 .debug_aranges
                0x00000388       0x20 main.o
 .debug_aranges
                0x000003a8       0x20 pwr.o
 .debug_aranges
                0x000003c8       0x20 timer.o
 .debug_aranges
                0x000003e8       0x20 usart.o
 .debug_aranges
                0x00000408       0x20 watchdog.o

.debug_pubnames
                0x00000000     0x1735
 *(.debug_pubnames)
 .debug_pubnames
                0x00000000       0x87 Sensors/ppg_new.o
 .debug_pubnames
                0x00000087       0x80 Sensors/pressure.o
 .debug_pubnames
                0x00000107       0x8d Sensors/temperature.o
 .debug_pubnames
                0x00000194      0x113 Util/USB/hw_config.o
 .debug_pubnames
                0x000002a7       0xa5 Util/USB/mass_mal.o
 .debug_pubnames
                0x0000034c       0x7f Util/USB/memory.o
 .debug_pubnames
                0x000003cb       0xd2 Util/USB/scsi_data.o
 .debug_pubnames
                0x0000049d       0xd9 Util/USB/usb_bot.o
 .debug_pubnames
                0x00000576       0xb8 Util/USB/usb_desc.o
 .debug_pubnames
                0x0000062e       0x3b Util/USB/usb_endp.o
 .debug_pubnames
                0x00000669       0x56 Util/USB/usb_istr.o
 .debug_pubnames
                0x000006bf      0x1f6 Util/USB/usb_prop.o
 .debug_pubnames
                0x000008b5       0x83 Util/USB/usb_pwr.o
 .debug_pubnames
                0x00000938      0x195 Util/USB/usb_scsi.o
 .debug_pubnames
                0x00000acd       0x59 Util/buffer.o
 .debug_pubnames
                0x00000b26       0x1c Util/delay.o
 .debug_pubnames
                0x00000b42       0x31 Util/fat_fs/option/cc932.o
 .debug_pubnames
                0x00000b73       0x22 Util/fat_fs/src/fattime.o
 .debug_pubnames
                0x00000b95      0x14a Util/fat_fs/src/ff.o
 .debug_pubnames
                0x00000cdf       0x55 Util/fat_fs/src/rtc.o
 .debug_pubnames
                0x00000d34       0x75 Util/fat_fs/src/sd_spi_stm32.o
 .debug_pubnames
                0x00000da9       0xf9 Util/rprintf.o
 .debug_pubnames
                0x00000ea2      0x167 Util/stm32_eval_spi_sd.o
 .debug_pubnames
                0x00001009       0x66 adc.o
 .debug_pubnames
                0x0000106f       0x72 gpio.o
 .debug_pubnames
                0x000010e1       0xc7 i2c_int.o
 .debug_pubnames
                0x000011a8      0x108 interrupts.o
 .debug_pubnames
                0x000012b0      0x159 lib/CMSIS_CM3/core_cm3.o
 .debug_pubnames
                0x00001409       0xa3 lib/CMSIS_CM3/system_stm32f10x.o
 .debug_pubnames
                0x000014ac      0x156 main.o
 .debug_pubnames
                0x00001602       0x54 pwr.o
 .debug_pubnames
                0x00001656       0x3b timer.o
 .debug_pubnames
                0x00001691       0x64 usart.o
 .debug_pubnames
                0x000016f5       0x40 watchdog.o

.debug_info     0x00000000     0xf3ca
 *(.debug_info .gnu.linkonce.wi.*)
 .debug_info    0x00000000      0x691 Sensors/ppg_new.o
 .debug_info    0x00000691      0x1ed Sensors/pressure.o
 .debug_info    0x0000087e      0x123 Sensors/temperature.o
 .debug_info    0x000009a1      0x731 Util/USB/hw_config.o
 .debug_info    0x000010d2      0x302 Util/USB/mass_mal.o
 .debug_info    0x000013d4      0x333 Util/USB/memory.o
 .debug_info    0x00001707      0x16b Util/USB/scsi_data.o
 .debug_info    0x00001872      0x49d Util/USB/usb_bot.o
 .debug_info    0x00001d0f      0x187 Util/USB/usb_desc.o
 .debug_info    0x00001e96       0x98 Util/USB/usb_endp.o
 .debug_info    0x00001f2e      0x311 Util/USB/usb_istr.o
 .debug_info    0x0000223f      0x9b4 Util/USB/usb_prop.o
 .debug_info    0x00002bf3      0x3c3 Util/USB/usb_pwr.o
 .debug_info    0x00002fb6      0x899 Util/USB/usb_scsi.o
 .debug_info    0x0000384f      0x1ba Util/buffer.o
 .debug_info    0x00003a09       0xc8 Util/delay.o
 .debug_info    0x00003ad1      0x1b9 Util/fat_fs/option/cc932.o
 .debug_info    0x00003c8a       0x77 Util/fat_fs/option/syscall.o
 .debug_info    0x00003d01      0x15a Util/fat_fs/src/fattime.o
 .debug_info    0x00003e5b     0x325b Util/fat_fs/src/ff.o
 .debug_info    0x000070b6      0x532 Util/fat_fs/src/rtc.o
 .debug_info    0x000075e8     0x183f Util/fat_fs/src/sd_spi_stm32.o
 .debug_info    0x00008e27      0xe1f Util/rprintf.o
 .debug_info    0x00009c46     0x1a18 Util/stm32_eval_spi_sd.o
 .debug_info    0x0000b65e      0x44d adc.o
 .debug_info    0x0000baab      0x2a3 gpio.o
 .debug_info    0x0000bd4e      0x6ba i2c_int.o
 .debug_info    0x0000c408      0xed5 interrupts.o
 .debug_info    0x0000d2dd      0x547 lib/CMSIS_CM3/core_cm3.o
 .debug_info    0x0000d824       0x82 lib/CMSIS_CM3/startup/gcc/startup_stm32f10x_md.o
 .debug_info    0x0000d8a6      0x2d0 lib/CMSIS_CM3/system_stm32f10x.o
 .debug_info    0x0000db76      0xaab main.o
 .debug_info    0x0000e621      0x346 pwr.o
 .debug_info    0x0000e967      0x53c timer.o
 .debug_info    0x0000eea3      0x449 usart.o
 .debug_info    0x0000f2ec       0xde watchdog.o

.debug_abbrev   0x00000000     0x3269
 *(.debug_abbrev)
 .debug_abbrev  0x00000000      0x1bd Sensors/ppg_new.o
 .debug_abbrev  0x000001bd      0x10a Sensors/pressure.o
 .debug_abbrev  0x000002c7       0x79 Sensors/temperature.o
 .debug_abbrev  0x00000340      0x2d3 Util/USB/hw_config.o
 .debug_abbrev  0x00000613      0x111 Util/USB/mass_mal.o
 .debug_abbrev  0x00000724      0x110 Util/USB/memory.o
 .debug_abbrev  0x00000834       0x5c Util/USB/scsi_data.o
 .debug_abbrev  0x00000890      0x198 Util/USB/usb_bot.o
 .debug_abbrev  0x00000a28       0x63 Util/USB/usb_desc.o
 .debug_abbrev  0x00000a8b       0x41 Util/USB/usb_endp.o
 .debug_abbrev  0x00000acc      0x113 Util/USB/usb_istr.o
 .debug_abbrev  0x00000bdf      0x1d0 Util/USB/usb_prop.o
 .debug_abbrev  0x00000daf      0x1bd Util/USB/usb_pwr.o
 .debug_abbrev  0x00000f6c      0x253 Util/USB/usb_scsi.o
 .debug_abbrev  0x000011bf       0xd8 Util/buffer.o
 .debug_abbrev  0x00001297       0x7e Util/delay.o
 .debug_abbrev  0x00001315       0xd2 Util/fat_fs/option/cc932.o
 .debug_abbrev  0x000013e7       0x2c Util/fat_fs/option/syscall.o
 .debug_abbrev  0x00001413       0x97 Util/fat_fs/src/fattime.o
 .debug_abbrev  0x000014aa      0x2f7 Util/fat_fs/src/ff.o
 .debug_abbrev  0x000017a1      0x213 Util/fat_fs/src/rtc.o
 .debug_abbrev  0x000019b4      0x34b Util/fat_fs/src/sd_spi_stm32.o
 .debug_abbrev  0x00001cff      0x2e4 Util/rprintf.o
 .debug_abbrev  0x00001fe3      0x2e8 Util/stm32_eval_spi_sd.o
 .debug_abbrev  0x000022cb      0x143 adc.o
 .debug_abbrev  0x0000240e      0x158 gpio.o
 .debug_abbrev  0x00002566      0x1f5 i2c_int.o
 .debug_abbrev  0x0000275b      0x25f interrupts.o
 .debug_abbrev  0x000029ba       0xc1 lib/CMSIS_CM3/core_cm3.o
 .debug_abbrev  0x00002a7b       0x12 lib/CMSIS_CM3/startup/gcc/startup_stm32f10x_md.o
 .debug_abbrev  0x00002a8d      0x112 lib/CMSIS_CM3/system_stm32f10x.o
 .debug_abbrev  0x00002b9f      0x264 main.o
 .debug_abbrev  0x00002e03      0x10c pwr.o
 .debug_abbrev  0x00002f0f      0x13f timer.o
 .debug_abbrev  0x0000304e      0x186 usart.o
 .debug_abbrev  0x000031d4       0x95 watchdog.o

.debug_line     0x00000000     0xc610
 *(.debug_line)
 .debug_line    0x00000000      0x7b7 Sensors/ppg_new.o
 .debug_line    0x000007b7      0x373 Sensors/pressure.o
 .debug_line    0x00000b2a      0x502 Sensors/temperature.o
 .debug_line    0x0000102c      0x5fc Util/USB/hw_config.o
 .debug_line    0x00001628      0x56e Util/USB/mass_mal.o
 .debug_line    0x00001b96      0x46a Util/USB/memory.o
 .debug_line    0x00002000      0x339 Util/USB/scsi_data.o
 .debug_line    0x00002339      0x55c Util/USB/usb_bot.o
 .debug_line    0x00002895      0x2ed Util/USB/usb_desc.o
 .debug_line    0x00002b82      0x3ba Util/USB/usb_endp.o
 .debug_line    0x00002f3c      0x3f5 Util/USB/usb_istr.o
 .debug_line    0x00003331      0x4a9 Util/USB/usb_prop.o
 .debug_line    0x000037da      0x452 Util/USB/usb_pwr.o
 .debug_line    0x00003c2c      0x653 Util/USB/usb_scsi.o
 .debug_line    0x0000427f      0x4be Util/buffer.o
 .debug_line    0x0000473d      0x2fd Util/delay.o
 .debug_line    0x00004a3a       0xd8 Util/fat_fs/option/cc932.o
 .debug_line    0x00004b12      0x2fc Util/fat_fs/option/syscall.o
 .debug_line    0x00004e0e      0x179 Util/fat_fs/src/fattime.o
 .debug_line    0x00004f87     0x1c86 Util/fat_fs/src/ff.o
 .debug_line    0x00006c0d      0x47f Util/fat_fs/src/rtc.o
 .debug_line    0x0000708c      0x83f Util/fat_fs/src/sd_spi_stm32.o
 .debug_line    0x000078cb      0xcfd Util/rprintf.o
 .debug_line    0x000085c8      0x9a5 Util/stm32_eval_spi_sd.o
 .debug_line    0x00008f6d      0x6fd adc.o
 .debug_line    0x0000966a      0x41f gpio.o
 .debug_line    0x00009a89      0x6c2 i2c_int.o
 .debug_line    0x0000a14b      0x7c0 interrupts.o
 .debug_line    0x0000a90b      0x198 lib/CMSIS_CM3/core_cm3.o
 .debug_line    0x0000aaa3       0x84 lib/CMSIS_CM3/startup/gcc/startup_stm32f10x_md.o
 .debug_line    0x0000ab27      0x336 lib/CMSIS_CM3/system_stm32f10x.o
 .debug_line    0x0000ae5d      0x828 main.o
 .debug_line    0x0000b685      0x393 pwr.o
 .debug_line    0x0000ba18      0x361 timer.o
 .debug_line    0x0000bd79      0x58f usart.o
 .debug_line    0x0000c308      0x308 watchdog.o

.debug_frame    0x00000000     0x1f3c
 *(.debug_frame)
 .debug_frame   0x00000000       0x94 Sensors/ppg_new.o
 .debug_frame   0x00000094       0x8c Sensors/pressure.o
 .debug_frame   0x00000120       0x40 Sensors/temperature.o
 .debug_frame   0x00000160       0xec Util/USB/hw_config.o
 .debug_frame   0x0000024c       0x80 Util/USB/mass_mal.o
 .debug_frame   0x000002cc       0x50 Util/USB/memory.o
 .debug_frame   0x0000031c       0xc0 Util/USB/usb_bot.o
 .debug_frame   0x000003dc       0x30 Util/USB/usb_endp.o
 .debug_frame   0x0000040c       0x2c Util/USB/usb_istr.o
 .debug_frame   0x00000438      0x11c Util/USB/usb_prop.o
 .debug_frame   0x00000554       0x94 Util/USB/usb_pwr.o
 .debug_frame   0x000005e8      0x180 Util/USB/usb_scsi.o
 .debug_frame   0x00000768       0x74 Util/buffer.o
 .debug_frame   0x000007dc       0x24 Util/delay.o
 .debug_frame   0x00000800       0x3c Util/fat_fs/option/cc932.o
 .debug_frame   0x0000083c       0x2c Util/fat_fs/src/fattime.o
 .debug_frame   0x00000868      0x564 Util/fat_fs/src/ff.o
 .debug_frame   0x00000dcc       0x84 Util/fat_fs/src/rtc.o
 .debug_frame   0x00000e50      0x12c Util/fat_fs/src/sd_spi_stm32.o
 .debug_frame   0x00000f7c      0x1d4 Util/rprintf.o
 .debug_frame   0x00001150      0x25c Util/stm32_eval_spi_sd.o
 .debug_frame   0x000013ac       0x78 adc.o
 .debug_frame   0x00001424       0x78 gpio.o
 .debug_frame   0x0000149c       0xa0 i2c_int.o
 .debug_frame   0x0000153c      0x114 interrupts.o
 .debug_frame   0x00001650      0x170 lib/CMSIS_CM3/core_cm3.o
 .debug_frame   0x000017c0       0x24 lib/CMSIS_CM3/system_stm32f10x.o
 .debug_frame   0x000017e4       0x90 main.o
 .debug_frame   0x00001874       0x70 pwr.o
 .debug_frame   0x000018e4       0x5c timer.o
 .debug_frame   0x00001940       0x78 usart.o
 .debug_frame   0x000019b8       0x40 watchdog.o
 .debug_frame   0x000019f8       0x2c /home/laurence/CodeSourcery/Sourcery_G++_Lite/bin/../lib/gcc/arm-none-eabi/4.5.2/../../../../arm-none-eabi/lib/thumb2/libm.a(lib_a-sf_sin.o)
 .debug_frame   0x00001a24       0x30 /home/laurence/CodeSourcery/Sourcery_G++_Lite/bin/../lib/gcc/arm-none-eabi/4.5.2/../../../../arm-none-eabi/lib/thumb2/libm.a(lib_a-wf_asin.o)
 .debug_frame   0x00001a54       0x30 /home/laurence/CodeSourcery/Sourcery_G++_Lite/bin/../lib/gcc/arm-none-eabi/4.5.2/../../../../arm-none-eabi/lib/thumb2/libm.a(lib_a-wf_sqrt.o)
 .debug_frame   0x00001a84       0x34 /home/laurence/CodeSourcery/Sourcery_G++_Lite/bin/../lib/gcc/arm-none-eabi/4.5.2/../../../../arm-none-eabi/lib/thumb2/libm.a(lib_a-ef_asin.o)
 .debug_frame   0x00001ab8       0x3c /home/laurence/CodeSourcery/Sourcery_G++_Lite/bin/../lib/gcc/arm-none-eabi/4.5.2/../../../../arm-none-eabi/lib/thumb2/libm.a(lib_a-ef_rem_pio2.o)
 .debug_frame   0x00001af4       0x2c /home/laurence/CodeSourcery/Sourcery_G++_Lite/bin/../lib/gcc/arm-none-eabi/4.5.2/../../../../arm-none-eabi/lib/thumb2/libm.a(lib_a-ef_sqrt.o)