Archive member included because of file (symbol)

lib/STM32F10x_StdPeriph_Driver/libstm32fw.a(misc.o)
                              interrupts.o (NVIC_PriorityGroupConfig)
lib/STM32F10x_StdPeriph_Driver/libstm32fw.a(stm32f10x_adc.o)
                              adc.o (ADC_DeInit)
lib/STM32F10x_StdPeriph_Driver/libstm32fw.a(stm32f10x_bkp.o)
                              Util/fat_fs/src/rtc.o (BKP_DeInit)
lib/STM32F10x_StdPeriph_Driver/libstm32fw.a(stm32f10x_dbgmcu.o)
                              main.o (DBGMCU_Config)
lib/STM32F10x_StdPeriph_Driver/libstm32fw.a(stm32f10x_dma.o)
                              Util/fat_fs/src/sd_spi_stm32.o (DMA_DeInit)
lib/STM32F10x_StdPeriph_Driver/libstm32fw.a(stm32f10x_exti.o)
                              interrupts.o (EXTI_DeInit)
lib/STM32F10x_StdPeriph_Driver/libstm32fw.a(stm32f10x_gpio.o)
                              Util/fat_fs/src/sd_spi_stm32.o (GPIO_Init)
lib/STM32F10x_StdPeriph_Driver/libstm32fw.a(stm32f10x_i2c.o)
                              i2c_int.o (I2C_DeInit)
lib/STM32F10x_StdPeriph_Driver/libstm32fw.a(stm32f10x_iwdg.o)
                              watchdog.o (IWDG_WriteAccessCmd)
lib/STM32F10x_StdPeriph_Driver/libstm32fw.a(stm32f10x_pwr.o)
                              pwr.o (PWR_DeInit)
lib/STM32F10x_StdPeriph_Driver/libstm32fw.a(stm32f10x_rcc.o)
                              interrupts.o (RCC_HCLKConfig)
lib/STM32F10x_StdPeriph_Driver/libstm32fw.a(stm32f10x_rtc.o)
                              Util/fat_fs/src/rtc.o (RTC_GetCounter)
lib/STM32F10x_StdPeriph_Driver/libstm32fw.a(stm32f10x_spi.o)
                              Util/fat_fs/src/sd_spi_stm32.o (SPI_I2S_DeInit)
lib/STM32F10x_StdPeriph_Driver/libstm32fw.a(stm32f10x_tim.o)
                              timer.o (TIM_DeInit)
lib/STM32F10x_StdPeriph_Driver/libstm32fw.a(stm32f10x_usart.o)
                              usart.o (USART_Init)
lib/STM32_USB-FS-Device_Driver/libstm32usb.a(usb_core.o)
                              Util/USB/usb_prop.o (Standard_GetDescriptorData)
lib/STM32_USB-FS-Device_Driver/libstm32usb.a(usb_init.o)
                              main.o (USB_Init)
lib/STM32_USB-FS-Device_Driver/libstm32usb.a(usb_int.o)
                              Util/USB/usb_istr.o (CTR_LP)
lib/STM32_USB-FS-Device_Driver/libstm32usb.a(usb_mem.o)
                              lib/STM32_USB-FS-Device_Driver/libstm32usb.a(usb_core.o) (UserToPMABufferCopy)
lib/STM32_USB-FS-Device_Driver/libstm32usb.a(usb_regs.o)
                              Util/USB/usb_prop.o (SetBTABLE)
lib/STM32_USB-FS-Device_Driver/libstm32usb.a(usb_sil.o)
                              Util/USB/usb_prop.o (USB_SIL_Init)
/home/laurence/CodeSourcery/Sourcery_G++_Lite/bin/../lib/gcc/arm-none-eabi/4.5.2/../../../../arm-none-eabi/lib/thumb2/libm.a(lib_a-sf_sin.o)
                              Sensors/ppg_new.o (sinf)
/home/laurence/CodeSourcery/Sourcery_G++_Lite/bin/../lib/gcc/arm-none-eabi/4.5.2/../../../../arm-none-eabi/lib/thumb2/libm.a(lib_a-wf_asin.o)
                              Sensors/ppg_new.o (asinf)
/home/laurence/CodeSourcery/Sourcery_G++_Lite/bin/../lib/gcc/arm-none-eabi/4.5.2/../../../../arm-none-eabi/lib/thumb2/libm.a(lib_a-wf_sqrt.o)
                              Sensors/ppg_new.o (sqrtf)
/home/laurence/CodeSourcery/Sourcery_G++_Lite/bin/../lib/gcc/arm-none-eabi/4.5.2/../../../../arm-none-eabi/lib/thumb2/libm.a(lib_a-ef_asin.o)
                              /home/laurence/CodeSourcery/Sourcery_G++_Lite/bin/../lib/gcc/arm-none-eabi/4.5.2/../../../../arm-none-eabi/lib/thumb2/libm.a(lib_a-wf_asin.o) (__ieee754_asinf)
/home/laurence/CodeSourcery/Sourcery_G++_Lite/bin/../lib/gcc/arm-none-eabi/4.5.2/../../../../arm-none-eabi/lib/thumb2/libm.a(lib_a-ef_rem_pio2.o)
                              /home/laurence/CodeSourcery/Sourcery_G++_Lite/bin/../lib/gcc/arm-none-eabi/4.5.2/../../../../arm-none-eabi/lib/thumb2/libm.a(lib_a-sf_sin.o) (__ieee754_rem_pio2f)
/home/laurence/CodeSourcery/Sourcery_G++_Lite/bin/../lib/gcc/arm-none-eabi/4.5.2/../../../../arm-none-eabi/lib/thumb2/libm.a(lib_a-ef_sqrt.o)
                              /home/laurence/CodeSourcery/Sourcery_G++_Lite/bin/../lib/gcc/arm-none-eabi/4.5.2/../../../../arm-none-eabi/lib/thumb2/libm.a(lib_a-wf_sqrt.o) (__ieee754_sqrtf)
/home/laurence/CodeSourcery/Sourcery_G++_Lite/bin/../lib/gcc/arm-none-eabi/4.5.2/../../../../arm-none-eabi/lib/thumb2/libm.a(lib_a-kf_cos.o)
                              /home/laurence/CodeSourcery/Sourcery_G++_Lite/bin/../lib/gcc/arm-none-eabi/4.5.2/../../../../arm-none-eabi/lib/thumb2/libm.a(lib_a-sf_sin.o) (__kernel_cosf)
/home/laurence/CodeSourcery/Sourcery_G++_Lite/bin/../lib/gcc/arm-none-eabi/4.5.2/../../../../arm-none-eabi/lib/thumb2/libm.a(lib_a-kf_rem_pio2.o)
                              /home/laurence/CodeSourcery/Sourcery_G++_Lite/bin/../lib/gcc/arm-none-eabi/4.5.2/../../../../arm-none-eabi/lib/thumb2/libm.a(lib_a-ef_rem_pio2.o) (__kernel_rem_pio2f)
[...]
Memory Configuration

Name             Origin             Length             Attributes
ram              0x20000000         0x00005000         xrw
rom              0x08000000         0x00020000         xr
*default*        0x00000000         0xffffffff

Linker script and memory map

LOAD /home/laurence/CodeSourcery/Sourcery_G++_Lite/bin/../lib/gcc/arm-none-eabi/4.5.2/thumb2/crti.o
LOAD /home/laurence/CodeSourcery/Sourcery_G++_Lite/bin/../lib/gcc/arm-none-eabi/4.5.2/thumb2/crtbegin.o
LOAD Sensors/ppg_new.o
LOAD Sensors/pressure.o
LOAD Sensors/temperature.o
LOAD Util/USB/hw_config.o
LOAD Util/USB/mass_mal.o
LOAD Util/USB/memory.o
LOAD Util/USB/scsi_data.o
LOAD Util/USB/usb_bot.o
LOAD Util/USB/usb_desc.o
LOAD Util/USB/usb_endp.o
LOAD Util/USB/usb_istr.o
LOAD Util/USB/usb_prop.o
LOAD Util/USB/usb_pwr.o
LOAD Util/USB/usb_scsi.o
LOAD Util/buffer.o
LOAD Util/delay.o
LOAD Util/fat_fs/option/ccsbcs.o
LOAD Util/fat_fs/src/fattime.o
LOAD Util/fat_fs/src/ff.o
LOAD Util/fat_fs/src/rtc.o
LOAD Util/fat_fs/src/sd_spi_stm32.o
LOAD Util/rprintf.o
LOAD adc.o
LOAD bootload.o
LOAD gpio.o
LOAD i2c_int.o
LOAD interrupts.o
LOAD lib/CMSIS_CM3/core_cm3.o
LOAD lib/CMSIS_CM3/startup/gcc/startup_stm32f10x_md.o
LOAD lib/CMSIS_CM3/system_stm32f10x.o
LOAD main.o
LOAD pwr.o
LOAD timer.o
LOAD usart.o
LOAD watchdog.o
LOAD lib/STM32F10x_StdPeriph_Driver/libstm32fw.a
LOAD lib/STM32_USB-FS-Device_Driver/libstm32usb.a
LOAD /home/laurence/CodeSourcery/Sourcery_G++_Lite/bin/../lib/gcc/arm-none-eabi/4.5.2/../../../../arm-none-eabi/lib/thumb2/libm.a
START GROUP
LOAD /home/laurence/CodeSourcery/Sourcery_G++_Lite/bin/../lib/gcc/arm-none-eabi/4.5.2/thumb2/libgcc.a
LOAD /home/laurence/CodeSourcery/Sourcery_G++_Lite/bin/../lib/gcc/arm-none-eabi/4.5.2/../../../../arm-none-eabi/lib/thumb2/libc.a
END GROUP
LOAD /home/laurence/CodeSourcery/Sourcery_G++_Lite/bin/../lib/gcc/arm-none-eabi/4.5.2/thumb2/crtend.o
LOAD /home/laurence/CodeSourcery/Sourcery_G++_Lite/bin/../lib/gcc/arm-none-eabi/4.5.2/thumb2/crtn.o
START GROUP
LOAD /home/laurence/CodeSourcery/Sourcery_G++_Lite/bin/../lib/gcc/arm-none-eabi/4.5.2/thumb2/libgcc.a
LOAD /home/laurence/CodeSourcery/Sourcery_G++_Lite/bin/../lib/gcc/arm-none-eabi/4.5.2/../../../../arm-none-eabi/lib/thumb2/libc.a
LOAD /home/laurence/CodeSourcery/Sourcery_G++_Lite/bin/../lib/gcc/arm-none-eabi/4.5.2/../../../../arm-none-eabi/lib/thumb2/libcs3.a
LOAD /home/laurence/CodeSourcery/Sourcery_G++_Lite/bin/../lib/gcc/arm-none-eabi/4.5.2/../../../../arm-none-eabi/lib/thumb2/libcs3unhosted.a
LOAD lib/libcs3-lanchon-stm32.a
END GROUP
                0x20005000                PROVIDE (__cs3_stack, (__cs3_region_start_ram + __cs3_region_size_ram))
                0x20001008                PROVIDE (__cs3_heap_start, _end)
                0x20005000                PROVIDE (__cs3_heap_end, (__cs3_region_start_ram + __cs3_region_size_ram))

.text           0x08000000    0x130a8
 CREATE_OBJECT_SYMBOLS
                0x08000000                __cs3_region_start_rom = .
 *(.cs3.region-head.rom)
                0x08000000                __cs3_interrupt_vector = __cs3_interrupt_vector_lanchon_stm32
 *(.cs3.interrupt_vector)
 .cs3.interrupt_vector
                0x08000000       0xec lib/libcs3-lanchon-stm32.a(lanchon-stm32-vector.o)
                0x08000000                __cs3_interrupt_vector_lanchon_stm32
                0x08000001                ASSERT ((. != __cs3_interrupt_vector_lanchon_stm32), No interrupt vector)
 *(.rom)
 *(.rom.b)
                0x08012310                PROVIDE (__cs3_reset_lanchon_stm32, _start)
                0x08012310                __cs3_reset = __cs3_reset_lanchon_stm32
 *(.cs3.reset)
 *(.text .text.* .gnu.linkonce.t.*)
 .text          0x080000ec       0x30 /home/laurence/CodeSourcery/Sourcery_G++_Lite/bin/../lib/gcc/arm-none-eabi/4.5.2/thumb2/crtbegin.o
 *fill*         0x0800011c        0x4 00
 .text          0x08000120      0x5d8 Sensors/ppg_new.o
                0x08000120                PPG_LO_Filter
                0x080003f0                PPG_Automatic_Brightness_Control
                0x08000634                PPG_correct_brightness
                0x080006c0                PWM_Linear
 .text          0x080006f8      0x258 Sensors/pressure.o
                0x080006f8                calibrate_sensor
                0x08000744                conv_adc_diff
                0x0800077c                conv_diff
                0x080007ac                filterloop
 .text          0x08000950       0x88 Sensors/temperature.o
                0x08000950                convert_die_temp
                0x0800096c                convert_tmp102_temp
                0x080009a0                convert_thermistor_temp
 .text          0x080009d8      0x298 Util/USB/hw_config.o
                0x080009d8                Set_System
                0x080009e0                Set_USBClock
                0x080009f8                Enter_LowPowerMode
                0x08000a04                Leave_LowPowerMode
                0x08000a24                USB_Interrupts_Config
                0x08000a60                Led_RW_ON
                0x08000a70                Led_RW_OFF
                0x08000a80                USB_Configured_LED
                0x08000a90                USB_NotConfigured_LED
                0x08000aa0                USB_Cable_Config
                0x08000aa4                Get_SerialNum
                0x08000c68                MAL_Config
 .text          0x08000c70      0x10c Util/USB/mass_mal.o
                0x08000c70                MAL_Init
                0x08000cbc                MAL_Write
                0x08000cf0                MAL_Read
                0x08000d18                MAL_GetStatus
 .text          0x08000d7c      0x230 Util/USB/memory.o
                0x08000d7c                Read_Memory
                0x08000eac                Write_Memory
 .text          0x08000fac      0x628 Util/USB/usb_bot.o
                0x08000fac                Mass_Storage_In
                0x08001034                CBW_Decode
                0x08001494                Mass_Storage_Out
                0x08001524                Transfer_Data_Request
                0x08001558                Set_CSW
                0x08001594                Bot_Abort
 .text          0x080015d4        0x8 Util/USB/usb_endp.o
                0x080015d4                EP1_IN_Callback
                0x080015d8                EP2_OUT_Callback
 .text          0x080015dc       0xf0 Util/USB/usb_istr.o
                0x080015dc                USB_Istr
 .text          0x080016cc      0x268 Util/USB/usb_prop.o
                0x080016cc                Mass_Storage_SetDeviceAddress
                0x080016d8                MASS_Status_In
                0x080016dc                MASS_Status_Out
                0x080016e0                MASS_Get_Interface_Setting
                0x080016f0                Get_Max_Lun
                0x08001708                MASS_Data_Setup
                0x0800174c                MASS_GetStringDescriptor
                0x0800176c                MASS_GetConfigDescriptor
                0x08001778                MASS_GetDeviceDescriptor
                0x08001784                MASS_NoData_Setup
                0x080017d4                Mass_Storage_SetConfiguration
                0x08001804                Mass_Storage_ClearFeature
                0x08001820                MASS_Reset
                0x08001910                MASS_init
 .text          0x08001934      0x1c8 Util/USB/usb_pwr.o
                0x08001934                PowerOn
                0x08001964                PowerOff
                0x08001988                Suspend
                0x080019cc                Resume_Init
                0x08001a0c                Resume
 .text          0x08001afc      0x44c Util/USB/usb_scsi.o
                0x08001afc                SCSI_Inquiry_Cmd
                0x08001b34                SCSI_ReadFormatCapacity_Cmd
                0x08001ba8                SCSI_ReadCapacity10_Cmd
                0x08001c24                SCSI_ModeSense6_Cmd
                0x08001c30                SCSI_ModeSense10_Cmd
                0x08001c3c                SCSI_RequestSense_Cmd
                0x08001c54                Set_Scsi_Sense_Data
                0x08001c60                SCSI_Start_Stop_Unit_Cmd
                0x08001c68                SCSI_Read10_Cmd
                0x08001d18                SCSI_Write10_Cmd
                0x08001dc4                SCSI_Verify10_Cmd
                0x08001e04                SCSI_Valid_Cmd
                0x08001e3c                SCSI_TestUnitReady_Cmd
                0x08001e70                SCSI_Format_Cmd
                0x08001e88                SCSI_Invalid_Cmd
                0x08001ec4                SCSI_Address_Management
 .text          0x08001f48       0x84 Util/buffer.o
                0x08001f48                Add_To_Buffer
                0x08001f7c                Get_From_Buffer
                0x08001fb0                Empty_Buffer
                0x08001fb8                init_buffer
 .text          0x08001fcc       0x34 Util/delay.o
                0x08001fcc                Delay
 .text          0x08002000       0x94 Util/fat_fs/option/ccsbcs.o
                0x08002000                ff_convert
                0x08002064                ff_wtoupper
 .text          0x08002094       0x48 Util/fat_fs/src/fattime.o
                0x08002094                get_fattime
 .text          0x080020dc     0x6538 Util/fat_fs/src/ff.o
                0x080029b8                clust2sect
                0x080029d4                get_fat
                0x08002f78                put_fat
                0x08005864                gen_numname
                0x08005abc                f_mount
                0x08005adc                f_open
                0x08005f48                f_read
                0x08006330                f_write
                0x08006764                f_sync
                0x0800693c                f_close
                0x0800694c                f_lseek
                0x08006b18                f_opendir
                0x08006b84                f_readdir
                0x08006bf8                f_stat
                0x08006c40                f_getfree
                0x08006ea4                f_truncate
                0x08007014                f_unlink
                0x0800712c                f_mkdir
                0x08007554                f_chmod
                0x080075b0                f_utime
                0x08007610                f_rename
                0x080078d0                f_gets
                0x080079ec                f_putc
                0x08007a10                f_puts
                0x08007a4c                f_printf
 .text          0x08008614      0x484 Util/fat_fs/src/rtc.o
                0x08008614                rtc_gettime
                0x08008794                my_RTC_SetCounter
                0x080087b8                rtc_settime
                0x080089ec                rtc_init
 .text          0x08008a98      0xe48 Util/fat_fs/src/sd_spi_stm32.o
                0x08008ec8                release_spi
                0x08008efc                wrapup_transaction
                0x08008f28                stop_cmd
                0x08008f30                rcvr_datablock
                0x08008fcc                disk_initialize
                0x08009178                disk_status
                0x08009188                disk_read
                0x08009328                disk_write
                0x080094c8                disk_ioctl
                0x080098a4                disk_timerproc
 .text          0x080098e0     0x182c Util/rprintf.o
                0x080098e0                rprintfInit
                0x080098ec                rprintfChar
                0x08009914                rprintfStr
                0x0800994c                rprintfStrLen
                0x08009b10                rprintfCRLF
                0x08009b28                rprintfu04
                0x08009b54                rprintfu08
                0x08009b9c                rprintfu16
                0x08009c38                rprintfu32
                0x08009d84                rprintfNum
                0x08009ff4                rprintfFloat
                0x0800a2b8                rprintf2RamRom
                0x0800b0b4                Isdigit
                0x0800b0c4                atoiRamRom
                0x0800b0fc                rStrLen
 .text          0x0800b10c      0x278 adc.o
                0x0800b10c                ADC_Configuration
                0x0800b304                readADC2
                0x0800b33c                setADC2
                0x0800b35c                getADC2
 .text          0x0800b384      0x220 gpio.o
                0x0800b384                setup_gpio
                0x0800b518                switch_leds_on
                0x0800b540                switch_leds_off
                0x0800b568                red_flash
                0x0800b598                get_wkup
 .text          0x0800b5a4      0x884 i2c_int.o
                0x0800b5a4                I2C1_EV_IRQHandler
                0x0800bb3c                I2C1_Request_Job
                0x0800bb90                I2C1_Setup_Job
                0x0800bba4                I2C_Config
                0x0800bd2c                I2C1_ER_IRQHandler
 .text          0x0800be28      0x638 interrupts.o
                0x0800be28                ISR_Config
                0x0800bea4                EXTI_ONOFF_EN
                0x0800bf04                DMA_ISR_Config
                0x0800bf28                SysTick_Configuration
                0x0800bf54                EXTI0_IRQHandler
                0x0800bfc8                DMAChannel1_IRQHandler
                0x0800c09c                ADC_IRQHandler
                0x0800c0f4                SysTickHandler
                0x0800c440                USB_HP_CAN_TX_IRQHandler
                0x0800c444                USB_LP_CAN_RX0_IRQHandler
                0x0800c448                NMIException
                0x0800c44c                HardFaultException
                0x0800c450                MemManageException
                0x0800c454                BusFaultException
                0x0800c458                UsageFaultException
 .text.Default_Handler
                0x0800c460        0x2 lib/CMSIS_CM3/startup/gcc/startup_stm32f10x_md.o
                0x0800c460                EXTI2_IRQHandler
                0x0800c460                DebugMon_Handler
                0x0800c460                TIM1_CC_IRQHandler
                0x0800c460                HardFault_Handler
                0x0800c460                SysTick_Handler
                0x0800c460                PVD_IRQHandler
                0x0800c460                PendSV_Handler
                0x0800c460                NMI_Handler
                0x0800c460                EXTI3_IRQHandler
                0x0800c460                I2C2_EV_IRQHandler
                0x0800c460                UsageFault_Handler
                0x0800c460                ADC1_2_IRQHandler
                0x0800c460                SPI1_IRQHandler
                0x0800c460                TAMPER_IRQHandler
                0x0800c460                DMA1_Channel4_IRQHandler
                0x0800c460                USART3_IRQHandler
                0x0800c460                RTC_IRQHandler
                0x0800c460                DMA1_Channel7_IRQHandler
                0x0800c460                CAN1_RX1_IRQHandler
                0x0800c460                TIM4_IRQHandler
                0x0800c460                DMA1_Channel6_IRQHandler
                0x0800c460                TIM3_IRQHandler
                0x0800c460                RCC_IRQHandler
                0x0800c460                TIM1_TRG_COM_IRQHandler
                0x0800c460                DMA1_Channel1_IRQHandler
                0x0800c460                Default_Handler
                0x0800c460                EXTI15_10_IRQHandler
                0x0800c460                EXTI9_5_IRQHandler
                0x0800c460                SPI2_IRQHandler
                0x0800c460                MemManage_Handler
                0x0800c460                SVC_Handler
                0x0800c460                DMA1_Channel5_IRQHandler
                0x0800c460                EXTI4_IRQHandler
                0x0800c460                USB_LP_CAN1_RX0_IRQHandler
                0x0800c460                USB_HP_CAN1_TX_IRQHandler
                0x0800c460                DMA1_Channel3_IRQHandler
                0x0800c460                TIM1_UP_IRQHandler
                0x0800c460                WWDG_IRQHandler
                0x0800c460                TIM2_IRQHandler
                0x0800c460                TIM1_BRK_IRQHandler
                0x0800c460                EXTI1_IRQHandler
                0x0800c460                RTCAlarm_IRQHandler
                0x0800c460                USART2_IRQHandler
                0x0800c460                I2C2_ER_IRQHandler
                0x0800c460                DMA1_Channel2_IRQHandler
                0x0800c460                CAN1_SCE_IRQHandler
                0x0800c460                FLASH_IRQHandler
                0x0800c460                BusFault_Handler
                0x0800c460                USART1_IRQHandler
                0x0800c460                USBWakeUp_IRQHandler
 *fill*         0x0800c462        0x2 00
 .text          0x0800c464       0xfc lib/CMSIS_CM3/system_stm32f10x.o
                0x0800c464                SystemInit
 .text          0x0800c560      0xb68 main.o
                0x0800c560                __str_print_char
                0x0800c594                __fat_print_char
                0x0800c5b4                detect_sensors
                0x0800c740                main
 .text          0x0800d0c8       0xc4 pwr.o
                0x0800d0c8                setuppwr
                0x0800d0dc                shutdown
                0x0800d0ec                disable_pin
                0x0800d0f4                shutdown_filesystem
 .text          0x0800d18c      0x2ac timer.o
                0x0800d18c                setup_pwm
                0x0800d3f4                Set_Motor
 .text          0x0800d438      0x110 usart.o
                0x0800d438                Usarts_Init
                0x0800d4e4                Default_Usart_Config
                0x0800d500                Usart_Send_Str
                0x0800d52c                __usart_send_char
 .text          0x0800d548       0x40 watchdog.o
                0x0800d548                Watchdog_Config
                0x0800d574                Watchdog_Reset_Detect
 .text.NVIC_PriorityGroupConfig
                0x0800d588       0x14 lib/STM32F10x_StdPeriph_Driver/libstm32fw.a(misc.o)
                0x0800d588                NVIC_PriorityGroupConfig
 .text.NVIC_Init
                0x0800d59c       0x68 lib/STM32F10x_StdPeriph_Driver/libstm32fw.a(misc.o)
                0x0800d59c                NVIC_Init
 .text.NVIC_SetVectorTable
                0x0800d604       0x14 lib/STM32F10x_StdPeriph_Driver/libstm32fw.a(misc.o)
                0x0800d604                NVIC_SetVectorTable
 .text.SysTick_CLKSourceConfig
                0x0800d618       0x18 lib/STM32F10x_StdPeriph_Driver/libstm32fw.a(misc.o)
                0x0800d618                SysTick_CLKSourceConfig
 .text.ADC_DeInit
                0x0800d630       0x5c lib/STM32F10x_StdPeriph_Driver/libstm32fw.a(stm32f10x_adc.o)
                0x0800d630                ADC_DeInit
 .text.ADC_Init
                0x0800d68c       0x48 lib/STM32F10x_StdPeriph_Driver/libstm32fw.a(stm32f10x_adc.o)
                0x0800d68c                ADC_Init
 .text.ADC_Cmd  0x0800d6d4       0x12 lib/STM32F10x_StdPeriph_Driver/libstm32fw.a(stm32f10x_adc.o)
                0x0800d6d4                ADC_Cmd
 .text.ADC_DMACmd
                0x0800d6e6       0x12 lib/STM32F10x_StdPeriph_Driver/libstm32fw.a(stm32f10x_adc.o)
                0x0800d6e6                ADC_DMACmd
 .text.ADC_ITConfig
                0x0800d6f8       0x12 lib/STM32F10x_StdPeriph_Driver/libstm32fw.a(stm32f10x_adc.o)
                0x0800d6f8                ADC_ITConfig
 .text.ADC_ResetCalibration
                0x0800d70a        0xa lib/STM32F10x_StdPeriph_Driver/libstm32fw.a(stm32f10x_adc.o)
                0x0800d70a                ADC_ResetCalibration
 .text.ADC_GetResetCalibrationStatus
                0x0800d714        0x8 lib/STM32F10x_StdPeriph_Driver/libstm32fw.a(stm32f10x_adc.o)
                0x0800d714                ADC_GetResetCalibrationStatus
 .text.ADC_StartCalibration
                0x0800d71c        0xa lib/STM32F10x_StdPeriph_Driver/libstm32fw.a(stm32f10x_adc.o)
                0x0800d71c                ADC_StartCalibration
 .text.ADC_GetCalibrationStatus
                0x0800d726        0x8 lib/STM32F10x_StdPeriph_Driver/libstm32fw.a(stm32f10x_adc.o)
                0x0800d726                ADC_GetCalibrationStatus
 .text.ADC_SoftwareStartConvCmd
                0x0800d72e       0x12 lib/STM32F10x_StdPeriph_Driver/libstm32fw.a(stm32f10x_adc.o)
                0x0800d72e                ADC_SoftwareStartConvCmd
 .text.ADC_RegularChannelConfig
                0x0800d740       0x9c lib/STM32F10x_StdPeriph_Driver/libstm32fw.a(stm32f10x_adc.o)
                0x0800d740                ADC_RegularChannelConfig
 .text.ADC_GetConversionValue
                0x0800d7dc        0x6 lib/STM32F10x_StdPeriph_Driver/libstm32fw.a(stm32f10x_adc.o)
                0x0800d7dc                ADC_GetConversionValue
 .text.ADC_ExternalTrigInjectedConvConfig
                0x0800d7e2        0xc lib/STM32F10x_StdPeriph_Driver/libstm32fw.a(stm32f10x_adc.o)
                0x0800d7e2                ADC_ExternalTrigInjectedConvConfig
 .text.ADC_SoftwareStartInjectedConvCmd
                0x0800d7ee       0x12 lib/STM32F10x_StdPeriph_Driver/libstm32fw.a(stm32f10x_adc.o)
                0x0800d7ee                ADC_SoftwareStartInjectedConvCmd
 .text.ADC_InjectedChannelConfig
                0x0800d800       0x64 lib/STM32F10x_StdPeriph_Driver/libstm32fw.a(stm32f10x_adc.o)
                0x0800d800                ADC_InjectedChannelConfig
 .text.ADC_InjectedSequencerLengthConfig
                0x0800d864       0x10 lib/STM32F10x_StdPeriph_Driver/libstm32fw.a(stm32f10x_adc.o)
                0x0800d864                ADC_InjectedSequencerLengthConfig
 .text.ADC_GetInjectedConversionValue
                0x0800d874       0x1a lib/STM32F10x_StdPeriph_Driver/libstm32fw.a(stm32f10x_adc.o)
                0x0800d874                ADC_GetInjectedConversionValue
 .text.ADC_AnalogWatchdogCmd
                0x0800d88e       0x10 lib/STM32F10x_StdPeriph_Driver/libstm32fw.a(stm32f10x_adc.o)
                0x0800d88e                ADC_AnalogWatchdogCmd
 .text.ADC_AnalogWatchdogThresholdsConfig
                0x0800d89e        0x6 lib/STM32F10x_StdPeriph_Driver/libstm32fw.a(stm32f10x_adc.o)
                0x0800d89e                ADC_AnalogWatchdogThresholdsConfig
 .text.ADC_AnalogWatchdogSingleChannelConfig
                0x0800d8a4        0xc lib/STM32F10x_StdPeriph_Driver/libstm32fw.a(stm32f10x_adc.o)
                0x0800d8a4                ADC_AnalogWatchdogSingleChannelConfig
 .text.ADC_GetFlagStatus
                0x0800d8b0        0xc lib/STM32F10x_StdPeriph_Driver/libstm32fw.a(stm32f10x_adc.o)
                0x0800d8b0                ADC_GetFlagStatus
 .text.ADC_ClearFlag
                0x0800d8bc        0x6 lib/STM32F10x_StdPeriph_Driver/libstm32fw.a(stm32f10x_adc.o)
                0x0800d8bc                ADC_ClearFlag
 .text.ADC_GetITStatus
                0x0800d8c2       0x16 lib/STM32F10x_StdPeriph_Driver/libstm32fw.a(stm32f10x_adc.o)
                0x0800d8c2                ADC_GetITStatus
 .text.ADC_ClearITPendingBit
                0x0800d8d8        0x8 lib/STM32F10x_StdPeriph_Driver/libstm32fw.a(stm32f10x_adc.o)
                0x0800d8d8                ADC_ClearITPendingBit
 .text.BKP_DeInit
                0x0800d8e0       0x12 lib/STM32F10x_StdPeriph_Driver/libstm32fw.a(stm32f10x_bkp.o)
                0x0800d8e0                BKP_DeInit
 *fill*         0x0800d8f2        0x2 00
 .text.BKP_WriteBackupRegister
                0x0800d8f4       0x1c lib/STM32F10x_StdPeriph_Driver/libstm32fw.a(stm32f10x_bkp.o)
                0x0800d8f4                BKP_WriteBackupRegister
 .text.BKP_ReadBackupRegister
                0x0800d910       0x20 lib/STM32F10x_StdPeriph_Driver/libstm32fw.a(stm32f10x_bkp.o)
                0x0800d910                BKP_ReadBackupRegister
 .text.DBGMCU_Config
                0x0800d930       0x18 lib/STM32F10x_StdPeriph_Driver/libstm32fw.a(stm32f10x_dbgmcu.o)
                0x0800d930                DBGMCU_Config
 .text.DMA_DeInit
                0x0800d948       0xf8 lib/STM32F10x_StdPeriph_Driver/libstm32fw.a(stm32f10x_dma.o)
                0x0800d948                DMA_DeInit
 .text.DMA_Init
                0x0800da40       0x3e lib/STM32F10x_StdPeriph_Driver/libstm32fw.a(stm32f10x_dma.o)
                0x0800da40                DMA_Init
 .text.DMA_StructInit
                0x0800da7e       0x1a lib/STM32F10x_StdPeriph_Driver/libstm32fw.a(stm32f10x_dma.o)
                0x0800da7e                DMA_StructInit
 .text.DMA_Cmd  0x0800da98       0x12 lib/STM32F10x_StdPeriph_Driver/libstm32fw.a(stm32f10x_dma.o)
                0x0800da98                DMA_Cmd
 .text.DMA_ITConfig
                0x0800daaa       0x10 lib/STM32F10x_StdPeriph_Driver/libstm32fw.a(stm32f10x_dma.o)
                0x0800daaa                DMA_ITConfig
 .text.DMA_GetCurrDataCounter
                0x0800daba        0x6 lib/STM32F10x_StdPeriph_Driver/libstm32fw.a(stm32f10x_dma.o)
                0x0800daba                DMA_GetCurrDataCounter
 .text.DMA_GetFlagStatus
                0x0800dac0       0x1c lib/STM32F10x_StdPeriph_Driver/libstm32fw.a(stm32f10x_dma.o)
                0x0800dac0                DMA_GetFlagStatus
 .text.DMA_ClearFlag
                0x0800dadc       0x14 lib/STM32F10x_StdPeriph_Driver/libstm32fw.a(stm32f10x_dma.o)
                0x0800dadc                DMA_ClearFlag
 .text.DMA_GetITStatus
                0x0800daf0       0x1c lib/STM32F10x_StdPeriph_Driver/libstm32fw.a(stm32f10x_dma.o)
                0x0800daf0                DMA_GetITStatus
 .text.DMA_ClearITPendingBit
                0x0800db0c       0x14 lib/STM32F10x_StdPeriph_Driver/libstm32fw.a(stm32f10x_dma.o)
                0x0800db0c                DMA_ClearITPendingBit
 .text.EXTI_DeInit
                0x0800db20       0x1c lib/STM32F10x_StdPeriph_Driver/libstm32fw.a(stm32f10x_exti.o)
                0x0800db20                EXTI_DeInit
 .text.EXTI_Init
                0x0800db3c       0x84 lib/STM32F10x_StdPeriph_Driver/libstm32fw.a(stm32f10x_exti.o)
                0x0800db3c                EXTI_Init
 .text.EXTI_GetITStatus
                0x0800dbc0       0x1c lib/STM32F10x_StdPeriph_Driver/libstm32fw.a(stm32f10x_exti.o)
                0x0800dbc0                EXTI_GetITStatus
 .text.EXTI_ClearITPendingBit
                0x0800dbdc        0xc lib/STM32F10x_StdPeriph_Driver/libstm32fw.a(stm32f10x_exti.o)
                0x0800dbdc                EXTI_ClearITPendingBit
 .text.GPIO_Init
                0x0800dbe8       0xa0 lib/STM32F10x_StdPeriph_Driver/libstm32fw.a(stm32f10x_gpio.o)
                0x0800dbe8                GPIO_Init
 .text.GPIO_ReadInputDataBit
                0x0800dc88        0xc lib/STM32F10x_StdPeriph_Driver/libstm32fw.a(stm32f10x_gpio.o)
                0x0800dc88                GPIO_ReadInputDataBit
 .text.GPIO_SetBits
                0x0800dc94        0x4 lib/STM32F10x_StdPeriph_Driver/libstm32fw.a(stm32f10x_gpio.o)
                0x0800dc94                GPIO_SetBits
 .text.GPIO_ResetBits
                0x0800dc98        0x4 lib/STM32F10x_StdPeriph_Driver/libstm32fw.a(stm32f10x_gpio.o)
                0x0800dc98                GPIO_ResetBits
 .text.GPIO_WriteBit
                0x0800dc9c        0xa lib/STM32F10x_StdPeriph_Driver/libstm32fw.a(stm32f10x_gpio.o)
                0x0800dc9c                GPIO_WriteBit
 *fill*         0x0800dca6        0x2 00
 .text.GPIO_PinRemapConfig
                0x0800dca8       0x58 lib/STM32F10x_StdPeriph_Driver/libstm32fw.a(stm32f10x_gpio.o)
                0x0800dca8                GPIO_PinRemapConfig
 .text.GPIO_EXTILineConfig
                0x0800dd00       0x34 lib/STM32F10x_StdPeriph_Driver/libstm32fw.a(stm32f10x_gpio.o)
                0x0800dd00                GPIO_EXTILineConfig
 .text.I2C_DeInit
                0x0800dd34       0x34 lib/STM32F10x_StdPeriph_Driver/libstm32fw.a(stm32f10x_i2c.o)
                0x0800dd34                I2C_DeInit
 .text.I2C_Init
                0x0800dd68       0xc8 lib/STM32F10x_StdPeriph_Driver/libstm32fw.a(stm32f10x_i2c.o)
                0x0800dd68                I2C_Init
 .text.I2C_Cmd  0x0800de30       0x18 lib/STM32F10x_StdPeriph_Driver/libstm32fw.a(stm32f10x_i2c.o)
                0x0800de30                I2C_Cmd
 .text.I2C_GenerateSTART
                0x0800de48       0x18 lib/STM32F10x_StdPeriph_Driver/libstm32fw.a(stm32f10x_i2c.o)
                0x0800de48                I2C_GenerateSTART
 .text.I2C_GenerateSTOP
                0x0800de60       0x18 lib/STM32F10x_StdPeriph_Driver/libstm32fw.a(stm32f10x_i2c.o)
                0x0800de60                I2C_GenerateSTOP
 .text.I2C_AcknowledgeConfig
                0x0800de78       0x18 lib/STM32F10x_StdPeriph_Driver/libstm32fw.a(stm32f10x_i2c.o)
                0x0800de78                I2C_AcknowledgeConfig
 .text.I2C_ITConfig
                0x0800de90       0x12 lib/STM32F10x_StdPeriph_Driver/libstm32fw.a(stm32f10x_i2c.o)
                0x0800de90                I2C_ITConfig
 .text.I2C_SendData
                0x0800dea2        0x4 lib/STM32F10x_StdPeriph_Driver/libstm32fw.a(stm32f10x_i2c.o)
                0x0800dea2                I2C_SendData
 .text.I2C_ReceiveData
                0x0800dea6        0x6 lib/STM32F10x_StdPeriph_Driver/libstm32fw.a(stm32f10x_i2c.o)
                0x0800dea6                I2C_ReceiveData
 .text.I2C_Send7bitAddress
                0x0800deac       0x10 lib/STM32F10x_StdPeriph_Driver/libstm32fw.a(stm32f10x_i2c.o)
                0x0800deac                I2C_Send7bitAddress
 .text.I2C_SoftwareResetCmd
                0x0800debc       0x16 lib/STM32F10x_StdPeriph_Driver/libstm32fw.a(stm32f10x_i2c.o)
                0x0800debc                I2C_SoftwareResetCmd
 *fill*         0x0800ded2        0x2 00
 .text.IWDG_WriteAccessCmd
                0x0800ded4        0xc lib/STM32F10x_StdPeriph_Driver/libstm32fw.a(stm32f10x_iwdg.o)
                0x0800ded4                IWDG_WriteAccessCmd
 .text.IWDG_SetPrescaler
                0x0800dee0        0xc lib/STM32F10x_StdPeriph_Driver/libstm32fw.a(stm32f10x_iwdg.o)
                0x0800dee0                IWDG_SetPrescaler
 .text.IWDG_SetReload
                0x0800deec        0xc lib/STM32F10x_StdPeriph_Driver/libstm32fw.a(stm32f10x_iwdg.o)
                0x0800deec                IWDG_SetReload
 .text.IWDG_ReloadCounter
                0x0800def8       0x10 lib/STM32F10x_StdPeriph_Driver/libstm32fw.a(stm32f10x_iwdg.o)
                0x0800def8                IWDG_ReloadCounter
 .text.IWDG_Enable
                0x0800df08       0x10 lib/STM32F10x_StdPeriph_Driver/libstm32fw.a(stm32f10x_iwdg.o)
                0x0800df08                IWDG_Enable
 .text.PWR_DeInit
                0x0800df18       0x1a lib/STM32F10x_StdPeriph_Driver/libstm32fw.a(stm32f10x_pwr.o)
                0x0800df18                PWR_DeInit
 *fill*         0x0800df32        0x2 00
 .text.PWR_BackupAccessCmd
                0x0800df34        0xc lib/STM32F10x_StdPeriph_Driver/libstm32fw.a(stm32f10x_pwr.o)
                0x0800df34                PWR_BackupAccessCmd
 .text.PWR_WakeUpPinCmd
                0x0800df40        0xc lib/STM32F10x_StdPeriph_Driver/libstm32fw.a(stm32f10x_pwr.o)
                0x0800df40                PWR_WakeUpPinCmd
 .text.PWR_EnterSTANDBYMode
                0x0800df4c       0x28 lib/STM32F10x_StdPeriph_Driver/libstm32fw.a(stm32f10x_pwr.o)
                0x0800df4c                PWR_EnterSTANDBYMode
 .text.RCC_HCLKConfig
                0x0800df74       0x14 lib/STM32F10x_StdPeriph_Driver/libstm32fw.a(stm32f10x_rcc.o)
                0x0800df74                RCC_HCLKConfig
 .text.RCC_USBCLKConfig
                0x0800df88        0xc lib/STM32F10x_StdPeriph_Driver/libstm32fw.a(stm32f10x_rcc.o)
                0x0800df88                RCC_USBCLKConfig
 .text.RCC_ADCCLKConfig
                0x0800df94       0x14 lib/STM32F10x_StdPeriph_Driver/libstm32fw.a(stm32f10x_rcc.o)
                0x0800df94                RCC_ADCCLKConfig
 .text.RCC_LSEConfig
                0x0800dfa8       0x20 lib/STM32F10x_StdPeriph_Driver/libstm32fw.a(stm32f10x_rcc.o)
                0x0800dfa8                RCC_LSEConfig
 .text.RCC_RTCCLKConfig
                0x0800dfc8       0x10 lib/STM32F10x_StdPeriph_Driver/libstm32fw.a(stm32f10x_rcc.o)
                0x0800dfc8                RCC_RTCCLKConfig
 .text.RCC_RTCCLKCmd
                0x0800dfd8        0xc lib/STM32F10x_StdPeriph_Driver/libstm32fw.a(stm32f10x_rcc.o)
                0x0800dfd8                RCC_RTCCLKCmd
 .text.RCC_GetClocksFreq
                0x0800dfe4       0x9c lib/STM32F10x_StdPeriph_Driver/libstm32fw.a(stm32f10x_rcc.o)
                0x0800dfe4                RCC_GetClocksFreq
 .text.RCC_AHBPeriphClockCmd
                0x0800e080       0x18 lib/STM32F10x_StdPeriph_Driver/libstm32fw.a(stm32f10x_rcc.o)
                0x0800e080                RCC_AHBPeriphClockCmd
 .text.RCC_APB2PeriphClockCmd
                0x0800e098       0x18 lib/STM32F10x_StdPeriph_Driver/libstm32fw.a(stm32f10x_rcc.o)
                0x0800e098                RCC_APB2PeriphClockCmd
 .text.RCC_APB1PeriphClockCmd
                0x0800e0b0       0x18 lib/STM32F10x_StdPeriph_Driver/libstm32fw.a(stm32f10x_rcc.o)
                0x0800e0b0                RCC_APB1PeriphClockCmd
 .text.RCC_APB2PeriphResetCmd
                0x0800e0c8       0x18 lib/STM32F10x_StdPeriph_Driver/libstm32fw.a(stm32f10x_rcc.o)
                0x0800e0c8                RCC_APB2PeriphResetCmd
 .text.RCC_APB1PeriphResetCmd
                0x0800e0e0       0x18 lib/STM32F10x_StdPeriph_Driver/libstm32fw.a(stm32f10x_rcc.o)
                0x0800e0e0                RCC_APB1PeriphResetCmd
 .text.RCC_BackupResetCmd
                0x0800e0f8        0xc lib/STM32F10x_StdPeriph_Driver/libstm32fw.a(stm32f10x_rcc.o)
                0x0800e0f8                RCC_BackupResetCmd
 .text.RCC_GetFlagStatus
                0x0800e104       0x28 lib/STM32F10x_StdPeriph_Driver/libstm32fw.a(stm32f10x_rcc.o)
                0x0800e104                RCC_GetFlagStatus
 .text.RCC_ClearFlag
                0x0800e12c       0x10 lib/STM32F10x_StdPeriph_Driver/libstm32fw.a(stm32f10x_rcc.o)
                0x0800e12c                RCC_ClearFlag
 .text.RTC_EnterConfigMode
                0x0800e13c       0x14 lib/STM32F10x_StdPeriph_Driver/libstm32fw.a(stm32f10x_rtc.o)
                0x0800e13c                RTC_EnterConfigMode
 .text.RTC_ExitConfigMode
                0x0800e150       0x14 lib/STM32F10x_StdPeriph_Driver/libstm32fw.a(stm32f10x_rtc.o)
                0x0800e150                RTC_ExitConfigMode
 .text.RTC_GetCounter
                0x0800e164       0x14 lib/STM32F10x_StdPeriph_Driver/libstm32fw.a(stm32f10x_rtc.o)
                0x0800e164                RTC_GetCounter
 .text.RTC_SetCounter
                0x0800e178       0x1c lib/STM32F10x_StdPeriph_Driver/libstm32fw.a(stm32f10x_rtc.o)
                0x0800e178                RTC_SetCounter
 .text.RTC_SetPrescaler
                0x0800e194       0x20 lib/STM32F10x_StdPeriph_Driver/libstm32fw.a(stm32f10x_rtc.o)
                0x0800e194                RTC_SetPrescaler
 .text.RTC_WaitForLastTask
                0x0800e1b4       0x14 lib/STM32F10x_StdPeriph_Driver/libstm32fw.a(stm32f10x_rtc.o)
                0x0800e1b4                RTC_WaitForLastTask
 .text.RTC_WaitForSynchro
                0x0800e1c8       0x20 lib/STM32F10x_StdPeriph_Driver/libstm32fw.a(stm32f10x_rtc.o)
                0x0800e1c8                RTC_WaitForSynchro
 .text.SPI_I2S_DeInit
                0x0800e1e8       0x64 lib/STM32F10x_StdPeriph_Driver/libstm32fw.a(stm32f10x_spi.o)
                0x0800e1e8                SPI_I2S_DeInit
 .text.SPI_Init
                0x0800e24c       0x3c lib/STM32F10x_StdPeriph_Driver/libstm32fw.a(stm32f10x_spi.o)
                0x0800e24c                SPI_Init
 .text.SPI_Cmd  0x0800e288       0x18 lib/STM32F10x_StdPeriph_Driver/libstm32fw.a(stm32f10x_spi.o)
                0x0800e288                SPI_Cmd
 .text.SPI_I2S_DMACmd
                0x0800e2a0       0x12 lib/STM32F10x_StdPeriph_Driver/libstm32fw.a(stm32f10x_spi.o)
                0x0800e2a0                SPI_I2S_DMACmd
 .text.SPI_I2S_SendData
                0x0800e2b2        0x4 lib/STM32F10x_StdPeriph_Driver/libstm32fw.a(stm32f10x_spi.o)
                0x0800e2b2                SPI_I2S_SendData
 .text.SPI_I2S_ReceiveData
                0x0800e2b6        0x6 lib/STM32F10x_StdPeriph_Driver/libstm32fw.a(stm32f10x_spi.o)
                0x0800e2b6                SPI_I2S_ReceiveData
 .text.SPI_CalculateCRC
                0x0800e2bc       0x18 lib/STM32F10x_StdPeriph_Driver/libstm32fw.a(stm32f10x_spi.o)
                0x0800e2bc                SPI_CalculateCRC
 .text.SPI_I2S_GetFlagStatus
                0x0800e2d4        0xc lib/STM32F10x_StdPeriph_Driver/libstm32fw.a(stm32f10x_spi.o)
                0x0800e2d4                SPI_I2S_GetFlagStatus
 .text.TIM_DeInit
                0x0800e2e0       0xc8 lib/STM32F10x_StdPeriph_Driver/libstm32fw.a(stm32f10x_tim.o)
                0x0800e2e0                TIM_DeInit
 .text.TIM_TimeBaseInit
                0x0800e3a8       0x38 lib/STM32F10x_StdPeriph_Driver/libstm32fw.a(stm32f10x_tim.o)
                0x0800e3a8                TIM_TimeBaseInit
 .text.TIM_OC1Init
                0x0800e3e0       0x70 lib/STM32F10x_StdPeriph_Driver/libstm32fw.a(stm32f10x_tim.o)
                0x0800e3e0                TIM_OC1Init
 .text.TIM_OC2Init
                0x0800e450       0x84 lib/STM32F10x_StdPeriph_Driver/libstm32fw.a(stm32f10x_tim.o)
                0x0800e450                TIM_OC2Init
 .text.TIM_OC3Init
                0x0800e4d4       0x80 lib/STM32F10x_StdPeriph_Driver/libstm32fw.a(stm32f10x_tim.o)
                0x0800e4d4                TIM_OC3Init
 .text.TIM_OC4Init
                0x0800e554       0x60 lib/STM32F10x_StdPeriph_Driver/libstm32fw.a(stm32f10x_tim.o)
                0x0800e554                TIM_OC4Init
 .text.TIM_Cmd  0x0800e5b4       0x18 lib/STM32F10x_StdPeriph_Driver/libstm32fw.a(stm32f10x_tim.o)
                0x0800e5b4                TIM_Cmd
 .text.TIM_CtrlPWMOutputs
                0x0800e5cc       0x1a lib/STM32F10x_StdPeriph_Driver/libstm32fw.a(stm32f10x_tim.o)
                0x0800e5cc                TIM_CtrlPWMOutputs
 .text.TIM_SelectInputTrigger
                0x0800e5e6       0x10 lib/STM32F10x_StdPeriph_Driver/libstm32fw.a(stm32f10x_tim.o)
                0x0800e5e6                TIM_SelectInputTrigger
 .text.TIM_ARRPreloadConfig
                0x0800e5f6       0x18 lib/STM32F10x_StdPeriph_Driver/libstm32fw.a(stm32f10x_tim.o)
                0x0800e5f6                TIM_ARRPreloadConfig
 .text.TIM_OC1PreloadConfig
                0x0800e60e       0x10 lib/STM32F10x_StdPeriph_Driver/libstm32fw.a(stm32f10x_tim.o)
                0x0800e60e                TIM_OC1PreloadConfig
 .text.TIM_OC2PreloadConfig
                0x0800e61e       0x12 lib/STM32F10x_StdPeriph_Driver/libstm32fw.a(stm32f10x_tim.o)
                0x0800e61e                TIM_OC2PreloadConfig
 .text.TIM_OC3PreloadConfig
                0x0800e630       0x10 lib/STM32F10x_StdPeriph_Driver/libstm32fw.a(stm32f10x_tim.o)
                0x0800e630                TIM_OC3PreloadConfig
 .text.TIM_OC4PreloadConfig
                0x0800e640       0x12 lib/STM32F10x_StdPeriph_Driver/libstm32fw.a(stm32f10x_tim.o)
                0x0800e640                TIM_OC4PreloadConfig
 .text.TIM_SelectOutputTrigger
                0x0800e652       0x16 lib/STM32F10x_StdPeriph_Driver/libstm32fw.a(stm32f10x_tim.o)
                0x0800e652                TIM_SelectOutputTrigger
 .text.TIM_SelectSlaveMode
                0x0800e668       0x16 lib/STM32F10x_StdPeriph_Driver/libstm32fw.a(stm32f10x_tim.o)
                0x0800e668                TIM_SelectSlaveMode
 .text.TIM_SelectMasterSlaveMode
                0x0800e67e       0x16 lib/STM32F10x_StdPeriph_Driver/libstm32fw.a(stm32f10x_tim.o)
                0x0800e67e                TIM_SelectMasterSlaveMode
 .text.TIM_SetCompare1
                0x0800e694        0x4 lib/STM32F10x_StdPeriph_Driver/libstm32fw.a(stm32f10x_tim.o)
                0x0800e694                TIM_SetCompare1
 .text.TIM_SetCompare3
                0x0800e698        0x4 lib/STM32F10x_StdPeriph_Driver/libstm32fw.a(stm32f10x_tim.o)
                0x0800e698                TIM_SetCompare3
 .text.TIM_SetCompare4
                0x0800e69c        0x6 lib/STM32F10x_StdPeriph_Driver/libstm32fw.a(stm32f10x_tim.o)
                0x0800e69c                TIM_SetCompare4
 *fill*         0x0800e6a2        0x2 00
 .text.USART_Init
                0x0800e6a4       0x84 lib/STM32F10x_StdPeriph_Driver/libstm32fw.a(stm32f10x_usart.o)
                0x0800e6a4                USART_Init
 .text.USART_Cmd
                0x0800e728       0x18 lib/STM32F10x_StdPeriph_Driver/libstm32fw.a(stm32f10x_usart.o)
                0x0800e728                USART_Cmd
 .text.USART_SendData
                0x0800e740        0x8 lib/STM32F10x_StdPeriph_Driver/libstm32fw.a(stm32f10x_usart.o)
                0x0800e740                USART_SendData
 .text.USART_GetFlagStatus
                0x0800e748        0xc lib/STM32F10x_StdPeriph_Driver/libstm32fw.a(stm32f10x_usart.o)
                0x0800e748                USART_GetFlagStatus
 .text.Standard_GetConfiguration
                0x0800e754       0x24 lib/STM32_USB-FS-Device_Driver/libstm32usb.a(usb_core.o)
                0x0800e754                Standard_GetConfiguration
 .text.Standard_GetInterface
                0x0800e778       0x24 lib/STM32_USB-FS-Device_Driver/libstm32usb.a(usb_core.o)
                0x0800e778                Standard_GetInterface
 .text.Standard_GetStatus
                0x0800e79c       0x98 lib/STM32_USB-FS-Device_Driver/libstm32usb.a(usb_core.o)
                0x0800e79c                Standard_GetStatus
 .text.DataStageIn
                0x0800e834       0xa4 lib/STM32_USB-FS-Device_Driver/libstm32usb.a(usb_core.o)
 .text.Standard_SetConfiguration
                0x0800e8d8       0x38 lib/STM32_USB-FS-Device_Driver/libstm32usb.a(usb_core.o)
                0x0800e8d8                Standard_SetConfiguration
 .text.Standard_SetInterface
                0x0800e910       0x48 lib/STM32_USB-FS-Device_Driver/libstm32usb.a(usb_core.o)
                0x0800e910                Standard_SetInterface
 .text.Standard_ClearFeature
                0x0800e958       0xdc lib/STM32_USB-FS-Device_Driver/libstm32usb.a(usb_core.o)
                0x0800e958                Standard_ClearFeature
 .text.Standard_SetEndPointFeature
                0x0800ea34       0x88 lib/STM32_USB-FS-Device_Driver/libstm32usb.a(usb_core.o)
                0x0800ea34                Standard_SetEndPointFeature
 .text.Standard_SetDeviceFeature
                0x0800eabc       0x24 lib/STM32_USB-FS-Device_Driver/libstm32usb.a(usb_core.o)
                0x0800eabc                Standard_SetDeviceFeature
 .text.Standard_GetDescriptorData
                0x0800eae0       0x1c lib/STM32_USB-FS-Device_Driver/libstm32usb.a(usb_core.o)
                0x0800eae0                Standard_GetDescriptorData
 .text.Post0_Process
                0x0800eafc       0x40 lib/STM32_USB-FS-Device_Driver/libstm32usb.a(usb_core.o)
                0x0800eafc                Post0_Process
 .text.Out0_Process
                0x0800eb3c       0xd4 lib/STM32_USB-FS-Device_Driver/libstm32usb.a(usb_core.o)
                0x0800eb3c                Out0_Process
 .text.Setup0_Process
                0x0800ec10      0x2f8 lib/STM32_USB-FS-Device_Driver/libstm32usb.a(usb_core.o)
                0x0800ec10                Setup0_Process
 .text.SetDeviceAddress
                0x0800ef08       0x40 lib/STM32_USB-FS-Device_Driver/libstm32usb.a(usb_core.o)
                0x0800ef08                SetDeviceAddress
 .text.In0_Process
                0x0800ef48       0x60 lib/STM32_USB-FS-Device_Driver/libstm32usb.a(usb_core.o)
                0x0800ef48                In0_Process
 .text.NOP_Process
                0x0800efa8        0x2 lib/STM32_USB-FS-Device_Driver/libstm32usb.a(usb_core.o)
                0x0800efa8                NOP_Process
 *fill*         0x0800efaa        0x2 00
 .text.USB_Init
                0x0800efac       0x38 lib/STM32_USB-FS-Device_Driver/libstm32usb.a(usb_init.o)
                0x0800efac                USB_Init
 .text.CTR_LP   0x0800efe4      0x188 lib/STM32_USB-FS-Device_Driver/libstm32usb.a(usb_int.o)
                0x0800efe4                CTR_LP
 .text.CTR_HP   0x0800f16c       0x74 lib/STM32_USB-FS-Device_Driver/libstm32usb.a(usb_int.o)
                0x0800f16c                CTR_HP
 .text.UserToPMABufferCopy
                0x0800f1e0       0x2e lib/STM32_USB-FS-Device_Driver/libstm32usb.a(usb_mem.o)
                0x0800f1e0                UserToPMABufferCopy
 .text.PMAToUserBufferCopy
                0x0800f20e       0x24 lib/STM32_USB-FS-Device_Driver/libstm32usb.a(usb_mem.o)
                0x0800f20e                PMAToUserBufferCopy
 *fill*         0x0800f232        0x2 00
 .text.SetBTABLE
                0x0800f234       0x10 lib/STM32_USB-FS-Device_Driver/libstm32usb.a(usb_regs.o)
                0x0800f234                SetBTABLE
 .text.SetEPType
                0x0800f244       0x18 lib/STM32_USB-FS-Device_Driver/libstm32usb.a(usb_regs.o)
                0x0800f244                SetEPType
 .text.SetEPTxStatus
                0x0800f25c       0x3a lib/STM32_USB-FS-Device_Driver/libstm32usb.a(usb_regs.o)
                0x0800f25c                SetEPTxStatus
 .text.SetEPRxStatus
                0x0800f296       0x3a lib/STM32_USB-FS-Device_Driver/libstm32usb.a(usb_regs.o)
                0x0800f296                SetEPRxStatus
 .text.SetEPRxValid
                0x0800f2d0       0x22 lib/STM32_USB-FS-Device_Driver/libstm32usb.a(usb_regs.o)
                0x0800f2d0                SetEPRxValid
 .text.Clear_Status_Out
                0x0800f2f2       0x1e lib/STM32_USB-FS-Device_Driver/libstm32usb.a(usb_regs.o)
                0x0800f2f2                Clear_Status_Out
 .text.ClearDTOG_RX
                0x0800f310       0x24 lib/STM32_USB-FS-Device_Driver/libstm32usb.a(usb_regs.o)
                0x0800f310                ClearDTOG_RX
 .text.ClearDTOG_TX
                0x0800f334       0x24 lib/STM32_USB-FS-Device_Driver/libstm32usb.a(usb_regs.o)
                0x0800f334                ClearDTOG_TX
 .text.SetEPTxAddr
                0x0800f358       0x20 lib/STM32_USB-FS-Device_Driver/libstm32usb.a(usb_regs.o)
                0x0800f358                SetEPTxAddr
 .text.SetEPRxAddr
                0x0800f378       0x20 lib/STM32_USB-FS-Device_Driver/libstm32usb.a(usb_regs.o)
                0x0800f378                SetEPRxAddr
 .text.GetEPTxAddr
                0x0800f398       0x1c lib/STM32_USB-FS-Device_Driver/libstm32usb.a(usb_regs.o)
                0x0800f398                GetEPTxAddr
 .text.GetEPRxAddr
                0x0800f3b4       0x1c lib/STM32_USB-FS-Device_Driver/libstm32usb.a(usb_regs.o)
                0x0800f3b4                GetEPRxAddr
 .text.SetEPTxCount
                0x0800f3d0       0x1c lib/STM32_USB-FS-Device_Driver/libstm32usb.a(usb_regs.o)
                0x0800f3d0                SetEPTxCount
 .text.SetEPRxCount
                0x0800f3ec       0x3c lib/STM32_USB-FS-Device_Driver/libstm32usb.a(usb_regs.o)
                0x0800f3ec                SetEPRxCount
 .text.GetEPRxCount
                0x0800f428       0x20 lib/STM32_USB-FS-Device_Driver/libstm32usb.a(usb_regs.o)
                0x0800f428                GetEPRxCount
 .text.ByteSwap
                0x0800f448        0xa lib/STM32_USB-FS-Device_Driver/libstm32usb.a(usb_regs.o)
                0x0800f448                ByteSwap
 *fill*         0x0800f452        0x2 00
 .text.USB_SIL_Init
                0x0800f454       0x20 lib/STM32_USB-FS-Device_Driver/libstm32usb.a(usb_sil.o)
                0x0800f454                USB_SIL_Init
 .text.USB_SIL_Write
                0x0800f474       0x28 lib/STM32_USB-FS-Device_Driver/libstm32usb.a(usb_sil.o)
                0x0800f474                USB_SIL_Write
 .text.USB_SIL_Read
                0x0800f49c       0x24 lib/STM32_USB-FS-Device_Driver/libstm32usb.a(usb_sil.o)
                0x0800f49c                USB_SIL_Read
 .text          0x0800f4c0       0x78 /home/laurence/CodeSourcery/Sourcery_G++_Lite/bin/../lib/gcc/arm-none-eabi/4.5.2/../../../../arm-none-eabi/lib/thumb2/libm.a(lib_a-sf_sin.o)
                0x0800f4c0                sinf
 .text          0x0800f538       0xa8 /home/laurence/CodeSourcery/Sourcery_G++_Lite/bin/../lib/gcc/arm-none-eabi/4.5.2/../../../../arm-none-eabi/lib/thumb2/libm.a(lib_a-wf_asin.o)
                0x0800f538                asinf
 .text          0x0800f5e0       0xa4 /home/laurence/CodeSourcery/Sourcery_G++_Lite/bin/../lib/gcc/arm-none-eabi/4.5.2/../../../../arm-none-eabi/lib/thumb2/libm.a(lib_a-wf_sqrt.o)
                0x0800f5e0                sqrtf
 .text          0x0800f684      0x318 /home/laurence/CodeSourcery/Sourcery_G++_Lite/bin/../lib/gcc/arm-none-eabi/4.5.2/../../../../arm-none-eabi/lib/thumb2/libm.a(lib_a-ef_asin.o)
                0x0800f684                __ieee754_asinf
 .text          0x0800f99c      0x358 /home/laurence/CodeSourcery/Sourcery_G++_Lite/bin/../lib/gcc/arm-none-eabi/4.5.2/../../../../arm-none-eabi/lib/thumb2/libm.a(lib_a-ef_rem_pio2.o)
                0x0800f99c                __ieee754_rem_pio2f
 .text          0x0800fcf4       0xb0 /home/laurence/CodeSourcery/Sourcery_G++_Lite/bin/../lib/gcc/arm-none-eabi/4.5.2/../../../../arm-none-eabi/lib/thumb2/libm.a(lib_a-ef_sqrt.o)
                0x0800fcf4                __ieee754_sqrtf
 .text          0x0800fda4      0x1b8 /home/laurence/CodeSourcery/Sourcery_G++_Lite/bin/../lib/gcc/arm-none-eabi/4.5.2/../../../../arm-none-eabi/lib/thumb2/libm.a(lib_a-kf_cos.o)
                0x0800fda4                __kernel_cosf
 .text          0x0800ff5c      0x63c /home/laurence/CodeSourcery/Sourcery_G++_Lite/bin/../lib/gcc/arm-none-eabi/4.5.2/../../../../arm-none-eabi/lib/thumb2/libm.a(lib_a-kf_rem_pio2.o)
                0x0800ff5c                __kernel_rem_pio2f
 .text          0x08010598      0x100 /home/laurence/CodeSourcery/Sourcery_G++_Lite/bin/../lib/gcc/arm-none-eabi/4.5.2/../../../../arm-none-eabi/lib/thumb2/libm.a(lib_a-kf_sin.o)
                0x08010598                __kernel_sinf
 .text          0x08010698        0x4 /home/laurence/CodeSourcery/Sourcery_G++_Lite/bin/../lib/gcc/arm-none-eabi/4.5.2/../../../../arm-none-eabi/lib/thumb2/libm.a(lib_a-s_matherr.o)
                0x08010698                matherr
 .text          0x0801069c        0xc /home/laurence/CodeSourcery/Sourcery_G++_Lite/bin/../lib/gcc/arm-none-eabi/4.5.2/../../../../arm-none-eabi/lib/thumb2/libm.a(lib_a-s_nan.o)
                0x0801069c                nan
 .text          0x080106a8        0x8 /home/laurence/CodeSourcery/Sourcery_G++_Lite/bin/../lib/gcc/arm-none-eabi/4.5.2/../../../../arm-none-eabi/lib/thumb2/libm.a(lib_a-sf_fabs.o)
                0x080106a8                fabsf
 .text          0x080106b0       0xa0 /home/laurence/CodeSourcery/Sourcery_G++_Lite/bin/../lib/gcc/arm-none-eabi/4.5.2/../../../../arm-none-eabi/lib/thumb2/libm.a(lib_a-sf_floor.o)
                0x080106b0                floorf
 .text          0x08010750       0x7c /home/laurence/CodeSourcery/Sourcery_G++_Lite/bin/../lib/gcc/arm-none-eabi/4.5.2/../../../../arm-none-eabi/lib/thumb2/libm.a(lib_a-sf_fpclassify.o)
                0x08010750                __fpclassifyf
 .text          0x080107cc       0xc0 /home/laurence/CodeSourcery/Sourcery_G++_Lite/bin/../lib/gcc/arm-none-eabi/4.5.2/../../../../arm-none-eabi/lib/thumb2/libm.a(lib_a-sf_scalbn.o)
                0x080107cc                scalbnf
 .text          0x0801088c       0x10 /home/laurence/CodeSourcery/Sourcery_G++_Lite/bin/../lib/gcc/arm-none-eabi/4.5.2/../../../../arm-none-eabi/lib/thumb2/libm.a(lib_a-sf_copysign.o)
                0x0801088c                copysignf
 .text          0x0801089c      0x370 /home/laurence/CodeSourcery/Sourcery_G++_Lite/bin/../lib/gcc/arm-none-eabi/4.5.2/thumb2/libgcc.a(_arm_addsubdf3.o)
                0x0801089c                __aeabi_drsub
                0x080108a4                __aeabi_dsub
                0x080108a4                __subdf3
                0x080108a8                __adddf3
                0x080108a8                __aeabi_dadd
                0x08010b20                __aeabi_ui2d
                0x08010b20                __floatunsidf
                0x08010b40                __floatsidf
                0x08010b40                __aeabi_i2d
                0x08010b64                __extendsfdf2
                0x08010b64                __aeabi_f2d
                0x08010ba0                __aeabi_ul2d
                0x08010ba0                __floatundidf
                0x08010bb0                __floatdidf
                0x08010bb0                __aeabi_l2d
 .text          0x08010c0c      0x424 /home/laurence/CodeSourcery/Sourcery_G++_Lite/bin/../lib/gcc/arm-none-eabi/4.5.2/thumb2/libgcc.a(_arm_muldivdf3.o)
                0x08010c0c                __aeabi_dmul
                0x08010c0c                __muldf3
                0x08010e60                __aeabi_ddiv
                0x08010e60                __divdf3
 .text          0x08011030      0x110 /home/laurence/CodeSourcery/Sourcery_G++_Lite/bin/../lib/gcc/arm-none-eabi/4.5.2/thumb2/libgcc.a(_arm_cmpdf2.o)
                0x08011030                __gtdf2
                0x08011030                __gedf2
                0x08011038                __ltdf2
                0x08011038                __ledf2
                0x08011040                __cmpdf2
                0x08011040                __eqdf2
                0x08011040                __nedf2
                0x080110bc                __aeabi_cdrcmple
                0x080110cc                __aeabi_cdcmple
                0x080110cc                __aeabi_cdcmpeq
                0x080110dc                __aeabi_dcmpeq
                0x080110f0                __aeabi_dcmplt
                0x08011104                __aeabi_dcmple
                0x08011118                __aeabi_dcmpge
                0x0801112c                __aeabi_dcmpgt
 .text          0x08011140       0x50 /home/laurence/CodeSourcery/Sourcery_G++_Lite/bin/../lib/gcc/arm-none-eabi/4.5.2/thumb2/libgcc.a(_arm_fixdfsi.o)
                0x08011140                __fixdfsi
                0x08011140                __aeabi_d2iz
 .text          0x08011190       0x40 /home/laurence/CodeSourcery/Sourcery_G++_Lite/bin/../lib/gcc/arm-none-eabi/4.5.2/thumb2/libgcc.a(_arm_fixunsdfsi.o)
                0x08011190                __fixunsdfsi
                0x08011190                __aeabi_d2uiz
 .text          0x080111d0       0xa0 /home/laurence/CodeSourcery/Sourcery_G++_Lite/bin/../lib/gcc/arm-none-eabi/4.5.2/thumb2/libgcc.a(_arm_truncdfsf2.o)
                0x080111d0                __aeabi_d2f
                0x080111d0                __truncdfsf2
 .text          0x08011270      0x21c /home/laurence/CodeSourcery/Sourcery_G++_Lite/bin/../lib/gcc/arm-none-eabi/4.5.2/thumb2/libgcc.a(_arm_addsubsf3.o)
                0x08011270                __aeabi_frsub
                0x08011278                __subsf3
                0x08011278                __aeabi_fsub
                0x0801127c                __aeabi_fadd
                0x0801127c                __addsf3
                0x080113dc                __aeabi_ui2f
                0x080113dc                __floatunsisf
                0x080113e4                __aeabi_i2f
                0x080113e4                __floatsisf
                0x08011400                __floatundisf
                0x08011400                __aeabi_ul2f
                0x08011410                __floatdisf
                0x08011410                __aeabi_l2f
 .text          0x0801148c      0x2a0 /home/laurence/CodeSourcery/Sourcery_G++_Lite/bin/../lib/gcc/arm-none-eabi/4.5.2/thumb2/libgcc.a(_arm_muldivsf3.o)
                0x0801148c                __mulsf3
                0x0801148c                __aeabi_fmul
                0x080115f4                __divsf3
                0x080115f4                __aeabi_fdiv
 .text          0x0801172c       0xec /home/laurence/CodeSourcery/Sourcery_G++_Lite/bin/../lib/gcc/arm-none-eabi/4.5.2/thumb2/libgcc.a(_arm_cmpsf2.o)
                0x0801172c                __gtsf2
                0x0801172c                __gesf2
                0x08011734                __lesf2
                0x08011734                __ltsf2
                0x0801173c                __nesf2
                0x0801173c                __eqsf2
                0x0801173c                __cmpsf2
                0x0801179c                __aeabi_cfrcmple
                0x080117a4                __aeabi_cfcmple
                0x080117a4                __aeabi_cfcmpeq
                0x080117b4                __aeabi_fcmpeq
                0x080117c8                __aeabi_fcmplt
                0x080117dc                __aeabi_fcmple
                0x080117f0                __aeabi_fcmpge
                0x08011804                __aeabi_fcmpgt
 .text          0x08011818       0x4c /home/laurence/CodeSourcery/Sourcery_G++_Lite/bin/../lib/gcc/arm-none-eabi/4.5.2/thumb2/libgcc.a(_arm_fixsfsi.o)
                0x08011818                __fixsfsi
                0x08011818                __aeabi_f2iz
 .text          0x08011864       0x40 /home/laurence/CodeSourcery/Sourcery_G++_Lite/bin/../lib/gcc/arm-none-eabi/4.5.2/thumb2/libgcc.a(_arm_fixunssfsi.o)
                0x08011864                __aeabi_f2uiz
                0x08011864                __fixunssfsi
 .text          0x080118a4        0x8 /home/laurence/CodeSourcery/Sourcery_G++_Lite/bin/../lib/gcc/arm-none-eabi/4.5.2/../../../../arm-none-eabi/lib/thumb2/libc.a(lib_a-abs.o)
                0x080118a4                abs
 .text          0x080118ac        0xc /home/laurence/CodeSourcery/Sourcery_G++_Lite/bin/../lib/gcc/arm-none-eabi/4.5.2/../../../../arm-none-eabi/lib/thumb2/libc.a(lib_a-errno.o)
                0x080118ac                __errno
 .text          0x080118b8       0x20 /home/laurence/CodeSourcery/Sourcery_G++_Lite/bin/../lib/gcc/arm-none-eabi/4.5.2/../../../../arm-none-eabi/lib/thumb2/libc.a(lib_a-malloc.o)
                0x080118b8                malloc
                0x080118c8                free
 .text          0x080118d8      0x57c /home/laurence/CodeSourcery/Sourcery_G++_Lite/bin/../lib/gcc/arm-none-eabi/4.5.2/../../../../arm-none-eabi/lib/thumb2/libc.a(lib_a-mallocr.o)
                0x080118d8                _malloc_r
 .text          0x08011e54       0xb4 /home/laurence/CodeSourcery/Sourcery_G++_Lite/bin/../lib/gcc/arm-none-eabi/4.5.2/../../../../arm-none-eabi/lib/thumb2/libc.a(lib_a-memset.o)
                0x08011e54                memset
 .text          0x08011f08        0x8 /home/laurence/CodeSourcery/Sourcery_G++_Lite/bin/../lib/gcc/arm-none-eabi/4.5.2/../../../../arm-none-eabi/lib/thumb2/libc.a(lib_a-mlock.o)
                0x08011f08                __malloc_lock
                0x08011f0c                __malloc_unlock
 .text          0x08011f10       0x28 /home/laurence/CodeSourcery/Sourcery_G++_Lite/bin/../lib/gcc/arm-none-eabi/4.5.2/../../../../arm-none-eabi/lib/thumb2/libc.a(lib_a-sbrkr.o)
                0x08011f10                _sbrk_r
 .text          0x08011f38       0x60 /home/laurence/CodeSourcery/Sourcery_G++_Lite/bin/../lib/gcc/arm-none-eabi/4.5.2/../../../../arm-none-eabi/lib/thumb2/libc.a(lib_a-strlen.o)
                0x08011f38                strlen
 .text          0x08011f98       0x78 /home/laurence/CodeSourcery/Sourcery_G++_Lite/bin/../lib/gcc/arm-none-eabi/4.5.2/../../../../arm-none-eabi/lib/thumb2/libc.a(lib_a-strncpy.o)
                0x08011f98                strncpy
 .text          0x08012010      0x240 /home/laurence/CodeSourcery/Sourcery_G++_Lite/bin/../lib/gcc/arm-none-eabi/4.5.2/../../../../arm-none-eabi/lib/thumb2/libc.a(lib_a-freer.o)
                0x08012010                _malloc_trim_r
                0x080120b8                _free_r
 .text          0x08012250       0x30 /home/laurence/CodeSourcery/Sourcery_G++_Lite/bin/../lib/gcc/arm-none-eabi/4.5.2/../../../../arm-none-eabi/lib/thumb2/libcs3.a(start_c.o)
                0x08012250                __cs3_premain
 .text.cs3.init
                0x08012280       0x50 /home/laurence/CodeSourcery/Sourcery_G++_Lite/bin/../lib/gcc/arm-none-eabi/4.5.2/../../../../arm-none-eabi/lib/thumb2/libcs3.a(start_c.o)
                0x08012280                __cs3_start_c
 .text          0x080122d0       0x40 /home/laurence/CodeSourcery/Sourcery_G++_Lite/bin/../lib/gcc/arm-none-eabi/4.5.2/../../../../arm-none-eabi/lib/thumb2/libcs3unhosted.a(unhosted-sbrk.o)
                0x080122d0                _sbrk
 .text.cs3.init
                0x08012310       0x10 /home/laurence/CodeSourcery/Sourcery_G++_Lite/bin/../lib/gcc/arm-none-eabi/4.5.2/../../../../arm-none-eabi/lib/thumb2/libcs3unhosted.a(unhosted-start.o)
                0x08012310                _start
 .text          0x08012320        0x2 lib/libcs3-lanchon-stm32.a(lanchon_stm32_isr_interrupt.o)
                0x08012320                DMAChannel7_IRQHandler
                0x08012320                DebugMonitor
                0x08012320                SVCHandler
                0x08012320                __STM32ReservedException8
                0x08012320                __STM32DefaultExceptionHandler
                0x08012320                CAN_SCE_IRQHandler
                0x08012320                __STM32ReservedException10
                0x08012320                __STM32ReservedException13
                0x08012320                DMAChannel4_IRQHandler
                0x08012320                PendSVC
                0x08012320                CAN_RX1_IRQHandler
                0x08012320                DMAChannel5_IRQHandler
                0x08012320                DMAChannel2_IRQHandler
                0x08012320                __STM32ReservedException7
                0x08012320                DMAChannel6_IRQHandler
                0x08012320                DMAChannel3_IRQHandler
                0x08012320                __STM32ReservedException9
 *fill*         0x08012322        0x2 00
 .text          0x08012324       0x50 /home/laurence/CodeSourcery/Sourcery_G++_Lite/bin/../lib/gcc/arm-none-eabi/4.5.2/../../../../arm-none-eabi/lib/thumb2/libc.a(lib_a-init.o)
                0x08012324                __libc_init_array
 *(.plt)
 *(.gnu.warning)
 *(.glue_7t)
 .glue_7t       0x00000000        0x0 linker stubs
 *(.glue_7)
 .glue_7        0x00000000        0x0 linker stubs
 *(.vfp11_veneer)
 .vfp11_veneer  0x00000000        0x0 linker stubs
 *(.rodata .rodata.* .gnu.linkonce.r.*)
 .rodata        0x08012374       0x90 Sensors/ppg_new.o
 .rodata        0x08012404       0xac Util/USB/usb_desc.o
                0x08012404                MASS_DeviceDescriptor
                0x08012418                MASS_ConfigDescriptor
                0x08012438                MASS_StringLangID
                0x0801243c                MASS_StringVendor
                0x08012470                MASS_StringProduct
                0x080124a0                MASS_StringInterface
 .rodata        0x080124b0      0x4c0 Util/fat_fs/option/ccsbcs.o
 .rodata        0x08012970       0x80 Util/fat_fs/src/ff.o
 .rodata.str1.4
                0x080129f0       0x13 Util/fat_fs/src/ff.o
                                 0x14 (size before relaxing)
 *fill*         0x08012a03        0x1 00
 .rodata        0x08012a04        0xc Util/fat_fs/src/rtc.o
 .rodata        0x08012a10       0x14 Util/rprintf.o
 .rodata.str1.4
                0x08012a24       0x1a Util/rprintf.o
                                 0x1c (size before relaxing)
 *fill*         0x08012a3e        0x2 00
 .rodata        0x08012a40        0x4 i2c_int.o
                0x08012a40                TMP102_setup
 .rodata        0x08012a44       0x14 lib/CMSIS_CM3/system_stm32f10x.o
                0x08012a44                SystemFrequency
                0x08012a48                SystemFrequency_SysClk
                0x08012a4c                SystemFrequency_AHBClk
                0x08012a50                SystemFrequency_APB1Clk
                0x08012a54                SystemFrequency_APB2Clk
 .rodata.str1.4
                0x08012a58      0x181 main.o
                                0x184 (size before relaxing)
 *fill*         0x08012bd9        0x3 00
 .rodata.str1.4
                0x08012bdc       0x58 pwr.o
 .rodata.str1.4
                0x08012c34        0x6 /home/laurence/CodeSourcery/Sourcery_G++_Lite/bin/../lib/gcc/arm-none-eabi/4.5.2/../../../../arm-none-eabi/lib/thumb2/libm.a(lib_a-wf_asin.o)
                                  0xc (size before relaxing)
 *fill*         0x08012c3a        0x2 00
 .rodata.str1.4
                0x08012c3c        0x8 /home/laurence/CodeSourcery/Sourcery_G++_Lite/bin/../lib/gcc/arm-none-eabi/4.5.2/../../../../arm-none-eabi/lib/thumb2/libm.a(lib_a-wf_sqrt.o)
 .rodata        0x08012c44      0x398 /home/laurence/CodeSourcery/Sourcery_G++_Lite/bin/../lib/gcc/arm-none-eabi/4.5.2/../../../../arm-none-eabi/lib/thumb2/libm.a(lib_a-ef_rem_pio2.o)
 .rodata        0x08012fdc       0x38 /home/laurence/CodeSourcery/Sourcery_G++_Lite/bin/../lib/gcc/arm-none-eabi/4.5.2/../../../../arm-none-eabi/lib/thumb2/libm.a(lib_a-kf_rem_pio2.o)
 .rodata        0x08013014       0x60 /home/laurence/CodeSourcery/Sourcery_G++_Lite/bin/../lib/gcc/arm-none-eabi/4.5.2/../../../../arm-none-eabi/lib/thumb2/libc.a(lib_a-findfp.o)
                0x08013014                __sf_fake_stdin
                0x08013034                __sf_fake_stdout
                0x08013054                __sf_fake_stderr
 .rodata.str1.4
                0x00000000        0x4 /home/laurence/CodeSourcery/Sourcery_G++_Lite/bin/../lib/gcc/arm-none-eabi/4.5.2/../../../../arm-none-eabi/lib/thumb2/libc.a(lib_a-impure.o)
 *(.ARM.extab* .gnu.linkonce.armextab.*)
 *(.gcc_except_table)
 *(.eh_frame_hdr)
 *(.eh_frame)
                0x08013074                . = ALIGN (0x4)
 *(.init)
 .init          0x08013074        0x4 /home/laurence/CodeSourcery/Sourcery_G++_Lite/bin/../lib/gcc/arm-none-eabi/4.5.2/thumb2/crti.o
                0x08013074                _init
 .init          0x08013078        0x8 /home/laurence/CodeSourcery/Sourcery_G++_Lite/bin/../lib/gcc/arm-none-eabi/4.5.2/thumb2/crtn.o
                0x08013080                . = ALIGN (0x4)
                0x08013080                _sidata = .
                0x08013080                __preinit_array_start = .
 *(.preinit_array)
                0x08013080                __preinit_array_end = .
                0x08013080                . = ALIGN (0x4)
                0x08013080                __init_array_start = .
 *(SORT(.init_array.*))
 *(.init_array)
 .init_array    0x08013080        0x4 /home/laurence/CodeSourcery/Sourcery_G++_Lite/bin/../lib/gcc/arm-none-eabi/4.5.2/thumb2/crtbegin.o
                0x08013084                __init_array_end = .
                0x08013084                . = ALIGN (0x4)
 *crtbegin.o(.ctors)
 *(EXCLUDE_FILE(*crtend.o) .ctors)
 *(SORT(.ctors.*))
 *crtend.o(.ctors)
                0x08013084                . = ALIGN (0x4)
 *(.fini)
 .fini          0x08013084        0x4 /home/laurence/CodeSourcery/Sourcery_G++_Lite/bin/../lib/gcc/arm-none-eabi/4.5.2/thumb2/crti.o
                0x08013084                _fini
 .fini          0x08013088        0x8 /home/laurence/CodeSourcery/Sourcery_G++_Lite/bin/../lib/gcc/arm-none-eabi/4.5.2/thumb2/crtn.o
                0x08013090                . = ALIGN (0x4)
                0x08013090                __fini_array_start = .
 *(.fini_array)
 .fini_array    0x08013090        0x4 /home/laurence/CodeSourcery/Sourcery_G++_Lite/bin/../lib/gcc/arm-none-eabi/4.5.2/thumb2/crtbegin.o
 *(SORT(.fini_array.*))
                0x08013094                __fini_array_end = .
 *crtbegin.o(.dtors)
 *(EXCLUDE_FILE(*crtend.o) .dtors)
 *(SORT(.dtors.*))
 *crtend.o(.dtors)
                0x08013094                . = ALIGN (0x4)
                0x08013094                __cs3_regions = .
                0x08013094        0x4 LONG 0x0
                0x08013098        0x4 LONG 0x80130a8 __cs3_region_init_ram
                0x0801309c        0x4 LONG 0x20000000 __cs3_region_start_ram
                0x080130a0        0x4 LONG 0x698 __cs3_region_init_size_ram
                0x080130a4        0x4 LONG 0x970 __cs3_region_zero_size_ram
                0x080130a8                __exidx_start = .

.v4_bx          0x080130a8        0x0
 .v4_bx         0x00000000        0x0 linker stubs

.ARM.exidx
 *(.ARM.exidx* .gnu.linkonce.armexidx.*)
                0x080130a8                __exidx_end = .

.text.align     0x080130a8        0x0
                0x080130a8                . = ALIGN (0x8)
                0x080130a8                _etext = .
                0x08020000                __cs3_region_end_rom = (__cs3_region_start_rom + 0x20000)
                0x00020000                __cs3_region_size_rom = 0x20000
                0x00000001                __cs3_region_num = 0x1

.data           0x20000000      0x698 load address 0x080130a8
                0x20000000                __cs3_region_start_ram = .
                0x20000000                _sdata = .
 *(.cs3.region-head.ram)
 *(.jcr)
 .jcr           0x20000000        0x0 /home/laurence/CodeSourcery/Sourcery_G++_Lite/bin/../lib/gcc/arm-none-eabi/4.5.2/thumb2/crtbegin.o
 .jcr           0x20000000        0x4 /home/laurence/CodeSourcery/Sourcery_G++_Lite/bin/../lib/gcc/arm-none-eabi/4.5.2/thumb2/crtend.o
 *(.got.plt)
 *(.got)
 *(.shdata)
 *(.data .data.* .gnu.linkonce.d.*)
 .data          0x20000004       0x74 Util/USB/scsi_data.o
                0x20000004                Standard_Inquiry_Data
                0x20000028                Standard_Inquiry_Data2
                0x2000004c                Mode_Sense6_data
                0x20000050                Mode_Sense10_data
                0x20000058                Scsi_Sense_Data
                0x2000006c                ReadFormatCapacity_Data
 .data          0x20000078       0x1c Util/USB/usb_desc.o
                0x20000078                MASS_StringSerial
 .data          0x20000094       0x38 Util/USB/usb_istr.o
                0x20000094                pEpInt_IN
                0x200000b0                pEpInt_OUT
 .data          0x200000cc       0x90 Util/USB/usb_prop.o
                0x200000cc                String_Descriptor
                0x200000f4                Config_Descriptor
                0x200000fc                Device_Descriptor
                0x20000104                Device_Property
                0x20000134                Device_Table
                0x20000138                User_Standard_Requests
 .data          0x2000015c        0x1 Util/USB/usb_pwr.o
                0x2000015c                fSuspendEnabled
 *fill*         0x2000015d        0x3 00
 .data          0x20000160        0x4 Util/fat_fs/src/sd_spi_stm32.o
 .data          0x20000164       0x10 i2c_int.o
                0x20000164                I2C_jobs
 .data.ADCPrescTable
                0x20000174        0x4 lib/STM32F10x_StdPeriph_Driver/libstm32fw.a(stm32f10x_rcc.o)
 .data.APBAHBPrescTable
                0x20000178       0x10 lib/STM32F10x_StdPeriph_Driver/libstm32fw.a(stm32f10x_rcc.o)
 .data          0x20000188        0x1 /home/laurence/CodeSourcery/Sourcery_G++_Lite/bin/../lib/gcc/arm-none-eabi/4.5.2/../../../../arm-none-eabi/lib/thumb2/libm.a(lib_a-s_lib_ver.o)
                0x20000188                __fdlib_version
 *fill*         0x20000189        0x3 00
 .data          0x2000018c       0xf4 /home/laurence/CodeSourcery/Sourcery_G++_Lite/bin/../lib/gcc/arm-none-eabi/4.5.2/../../../../arm-none-eabi/lib/thumb2/libc.a(lib_a-impure.o)
                0x2000018c                _impure_ptr
 .data          0x20000280      0x410 /home/laurence/CodeSourcery/Sourcery_G++_Lite/bin/../lib/gcc/arm-none-eabi/4.5.2/../../../../arm-none-eabi/lib/thumb2/libc.a(lib_a-mallocr.o)
                0x20000280                __malloc_av_
                0x20000688                __malloc_sbrk_base
                0x2000068c                __malloc_trim_threshold
 .data          0x20000690        0x4 /home/laurence/CodeSourcery/Sourcery_G++_Lite/bin/../lib/gcc/arm-none-eabi/4.5.2/../../../../arm-none-eabi/lib/thumb2/libcs3unhosted.a(unhosted-sbrk.o)
 .data          0x20000694        0x4 /home/laurence/CodeSourcery/Sourcery_G++_Lite/bin/../lib/gcc/arm-none-eabi/4.5.2/../../../../arm-none-eabi/lib/thumb2/libcs3.a(heap.o)
                0x20000694                __cs3_heap_limit
 *(.ram)
                0x20000698                . = ALIGN (0x8)
                0x20000698                _edata = .

.bss            0x20000698      0x970 load address 0x08013740
                0x20000698                _sbss = .
 *(.shbss)
 *(.bss .bss.* .gnu.linkonce.b.*)
 .bss           0x20000698        0x1 /home/laurence/CodeSourcery/Sourcery_G++_Lite/bin/../lib/gcc/arm-none-eabi/4.5.2/thumb2/crtbegin.o
 *fill*         0x20000699        0x3 00
 .bss           0x2000069c       0x1c Sensors/ppg_new.o
 .bss           0x200006b8       0x34 Sensors/pressure.o
 .bss           0x200006ec        0x4 Util/USB/mass_mal.o
                0x200006ec                Status
 .bss           0x200006f0       0x1c Util/USB/memory.o
                0x200006f0                TransferState
                0x200006fc                Counter
                0x20000708                Block_Read_count
 .bss           0x2000070c       0x10 Util/USB/scsi_data.o
                0x2000070c                Page00_Inquiry_Data
                0x20000714                ReadCapacity10_Data
 .bss           0x2000071c        0x1 Util/USB/usb_istr.o
                0x2000071c                bIntPackSOF
 *fill*         0x2000071d        0x3 00
 .bss           0x20000720        0x4 Util/USB/usb_prop.o
                0x20000720                Max_Lun
 .bss           0x20000724        0x4 Util/USB/usb_pwr.o
                0x20000724                bDeviceState
 .bss           0x20000728        0x8 Util/fat_fs/src/ff.o
 .bss           0x20000730       0x10 Util/fat_fs/src/sd_spi_stm32.o
 .bss           0x20000740       0x84 Util/rprintf.o
 .bss           0x200007c4        0x3 i2c_int.o
 *fill*         0x200007c7        0x1 00
 .bss           0x200007c8       0x18 interrupts.o
 .bss           0x200007e0      0x234 main.o
                0x200007e0                file_opened
 .bss.Data_Mul_MaxPacketSize
                0x20000a14        0x1 lib/STM32_USB-FS-Device_Driver/libstm32usb.a(usb_core.o)
                0x20000a14                Data_Mul_MaxPacketSize
 *fill*         0x20000a15        0x3 00
 .bss           0x20000a18       0x34 /home/laurence/CodeSourcery/Sourcery_G++_Lite/bin/../lib/gcc/arm-none-eabi/4.5.2/../../../../arm-none-eabi/lib/thumb2/libc.a(lib_a-mallocr.o)
                0x20000a18                __malloc_top_pad
                0x20000a1c                __malloc_current_mallinfo
                0x20000a44                __malloc_max_sbrked_mem
                0x20000a48                __malloc_max_total_mem
 *(COMMON)
 COMMON         0x20000a4c        0xc Sensors/ppg_new.o
                0x20000a4c                Last_PPG_Values
 COMMON         0x20000a58        0x8 Sensors/pressure.o
                0x20000a58                Reported_Pressure
                0x20000a5c                Pressure_Offset
 COMMON         0x20000a60        0xa Sensors/temperature.o
                0x20000a60                Device_Temperature
                0x20000a64                TMP102_Reported_Temperature
                0x20000a68                TMP102_Data_Buffer
 *fill*         0x20000a6a        0x2 00
 COMMON         0x20000a6c       0x1c Util/USB/mass_mal.o
                0x20000a6c                Mass_Memory_Size
                0x20000a74                Mass_Block_Size
                0x20000a7c                Mass_Block_Count
                0x20000a84                Data_Buffer
 COMMON         0x20000a88        0x8 Util/USB/memory.o
                0x20000a88                Block_offset
                0x20000a8c                Idx
 COMMON         0x20000a90       0x7c Util/USB/usb_bot.o
                0x20000a90                CBW
                0x20000ab0                Data_Len
                0x20000ab2                Bot_State
                0x20000ab4                SCSI_LBA
                0x20000ab8                CSW
                0x20000ac8                SCSI_BlkLen
                0x20000acc                Bulk_Data_Buff
 COMMON         0x20000b0c        0x2 Util/USB/usb_istr.o
                0x20000b0c                wIstr
 *fill*         0x20000b0e        0x2 00
 COMMON         0x20000b10        0x2 Util/USB/usb_pwr.o
                0x20000b10                ResumeS
 COMMON         0x20000b12        0x1 Util/fat_fs/src/sd_spi_stm32.o
                0x20000b12                Sd_Spi_Called_From_USB_MSC
 *fill*         0x20000b13        0x1 00
 COMMON         0x20000b14        0x4 adc.o
                0x20000b14                ADC1_Convertion_buff
 COMMON         0x20000b18        0x1 gpio.o
                0x20000b18                bootsource
 *fill*         0x20000b19        0x3 00
 COMMON         0x20000b1c        0xd i2c_int.o
                0x20000b1c                I2C1error
                0x20000b20                Jobs
                0x20000b24                Completed_Jobs
                0x20000b28                job
 COMMON         0x20000b29        0x1 interrupts.o
                0x20000b29                Button_hold_tim
 *fill*         0x20000b2a        0x2 00
 COMMON         0x20000b2c      0x49c main.o
                0x20000b2c                Pressure_control
                0x20000b30                Temperatures_Buffer
                0x20000b3c                f_err_code
                0x20000b40                Buff
                0x20000b64                System_state_Global
                0x20000b68                Millis
                0x20000b6c                Sensors
                0x20000b70                FATFS_info
                0x20000b90                Pressures_Buffer
                0x20000b9c                Pressure_Setpoint
                0x20000ba0                print_string
                0x20000ca0                Thermistor_Buffer
                0x20000cac                a
                0x20000cb0                FATFS_logfile
                0x20000ed4                Shutdown_System
                0x20000ed8                my_reent
 COMMON         0x20000fc8        0x2 lib/STM32_USB-FS-Device_Driver/libstm32usb.a(usb_core.o)
                0x20000fc8                StatusInfo
 *fill*         0x20000fca        0x2 00
 COMMON         0x20000fcc       0x32 lib/STM32_USB-FS-Device_Driver/libstm32usb.a(usb_init.o)
                0x20000fcc                SaveState
                0x20000fd0                pProperty
                0x20000fd4                EPindex
                0x20000fd8                Device_Info
                0x20000ff4                pUser_Standard_Requests
                0x20000ff8                pInformation
                0x20000ffc                wInterrupt_Mask
 COMMON         0x20000ffe        0x4 lib/STM32_USB-FS-Device_Driver/libstm32usb.a(usb_int.o)
                0x20000ffe                SaveRState
                0x20001000                SaveTState
 *fill*         0x20001002        0x2 00
 COMMON         0x20001004        0x4 /home/laurence/CodeSourcery/Sourcery_G++_Lite/bin/../lib/gcc/arm-none-eabi/4.5.2/../../../../arm-none-eabi/lib/thumb2/libc.a(lib_a-reent.o)
                0x20001004                errno
 *(.ram.b)
                0x20001008                . = ALIGN (0x8)
                0x20001008                _ebss = .

.noinit         0x20001008        0x0 load address 0x08013740
 *(.noinit)
                0x20001008                . = ALIGN (0x8)
                0x20001008                _end = .
                0x20005000                __cs3_region_end_ram = (__cs3_region_start_ram + 0x5000)
                0x00005000                __cs3_region_size_ram = 0x5000
                0x080130a8                __cs3_region_init_ram = LOADADDR (.data)
                0x00000698                __cs3_region_init_size_ram = (_edata - ADDR (.data))
                0x00000970                __cs3_region_zero_size_ram = (_end - _edata)
                0x00000001                __cs3_region_num = 0x1

.stab
 *(.stab)

.stabstr
 *(.stabstr)

.debug
 *(.debug)

.line
 *(.line)

.debug_srcinfo
 *(.debug_srcinfo)

.debug_sfnames
 *(.debug_sfnames)

.comment        0x00000000       0x5a
 .comment       0x00000000       0x2a Sensors/ppg_new.o
                                 0x2b (size before relaxing)
 .comment       0x00000000       0x2b Sensors/pressure.o
 .comment       0x00000000       0x2b Sensors/temperature.o
 .comment       0x00000000       0x2b Util/USB/hw_config.o
 .comment       0x00000000       0x2b Util/USB/mass_mal.o
 .comment       0x00000000       0x2b Util/USB/memory.o
 .comment       0x00000000       0x2b Util/USB/scsi_data.o
 .comment       0x00000000       0x2b Util/USB/usb_bot.o
 .comment       0x00000000       0x2b Util/USB/usb_desc.o
 .comment       0x00000000       0x2b Util/USB/usb_endp.o
 .comment       0x00000000       0x2b Util/USB/usb_istr.o
 .comment       0x00000000       0x2b Util/USB/usb_prop.o
 .comment       0x00000000       0x2b Util/USB/usb_pwr.o
 .comment       0x00000000       0x2b Util/USB/usb_scsi.o
 .comment       0x00000000       0x2b Util/buffer.o
 .comment       0x00000000       0x2b Util/delay.o
 .comment       0x00000000       0x2b Util/fat_fs/option/ccsbcs.o
 .comment       0x00000000       0x2b Util/fat_fs/src/fattime.o
 .comment       0x00000000       0x2b Util/fat_fs/src/ff.o
 .comment       0x00000000       0x2b Util/fat_fs/src/rtc.o
 .comment       0x00000000       0x2b Util/fat_fs/src/sd_spi_stm32.o
 .comment       0x00000000       0x2b Util/rprintf.o
 .comment       0x00000000       0x2b adc.o
 .comment       0x00000000       0x2b bootload.o
 .comment       0x00000000       0x2b gpio.o
 .comment       0x00000000       0x2b i2c_int.o
 .comment       0x00000000       0x2b interrupts.o
 .comment       0x00000000       0x2b lib/CMSIS_CM3/core_cm3.o
 .comment       0x00000000       0x2b lib/CMSIS_CM3/system_stm32f10x.o
 .comment       0x00000000       0x2b main.o
 .comment       0x00000000       0x2b pwr.o
 .comment       0x00000000       0x2b timer.o
 .comment       0x00000000       0x2b usart.o
 .comment       0x00000000       0x2b watchdog.o
 .comment       0x0000002a       0x30 lib/STM32F10x_StdPeriph_Driver/libstm32fw.a(misc.o)
                                 0x31 (size before relaxing)
 .comment       0x00000000       0x31 lib/STM32F10x_StdPeriph_Driver/libstm32fw.a(stm32f10x_adc.o)
 .comment       0x00000000       0x31 lib/STM32F10x_StdPeriph_Driver/libstm32fw.a(stm32f10x_bkp.o)
 .comment       0x00000000       0x31 lib/STM32F10x_StdPeriph_Driver/libstm32fw.a(stm32f10x_dbgmcu.o)
 .comment       0x00000000       0x31 lib/STM32F10x_StdPeriph_Driver/libstm32fw.a(stm32f10x_dma.o)
 .comment       0x00000000       0x31 lib/STM32F10x_StdPeriph_Driver/libstm32fw.a(stm32f10x_exti.o)
 .comment       0x00000000       0x31 lib/STM32F10x_StdPeriph_Driver/libstm32fw.a(stm32f10x_gpio.o)
 .comment       0x00000000       0x31 lib/STM32F10x_StdPeriph_Driver/libstm32fw.a(stm32f10x_i2c.o)
 .comment       0x00000000       0x31 lib/STM32F10x_StdPeriph_Driver/libstm32fw.a(stm32f10x_iwdg.o)
 .comment       0x00000000       0x31 lib/STM32F10x_StdPeriph_Driver/libstm32fw.a(stm32f10x_pwr.o)
 .comment       0x00000000       0x31 lib/STM32F10x_StdPeriph_Driver/libstm32fw.a(stm32f10x_rcc.o)
 .comment       0x00000000       0x31 lib/STM32F10x_StdPeriph_Driver/libstm32fw.a(stm32f10x_rtc.o)
 .comment       0x00000000       0x31 lib/STM32F10x_StdPeriph_Driver/libstm32fw.a(stm32f10x_spi.o)
 .comment       0x00000000       0x31 lib/STM32F10x_StdPeriph_Driver/libstm32fw.a(stm32f10x_tim.o)
 .comment       0x00000000       0x31 lib/STM32F10x_StdPeriph_Driver/libstm32fw.a(stm32f10x_usart.o)
 .comment       0x00000000       0x31 lib/STM32_USB-FS-Device_Driver/libstm32usb.a(usb_core.o)
 .comment       0x00000000       0x31 lib/STM32_USB-FS-Device_Driver/libstm32usb.a(usb_init.o)
 .comment       0x00000000       0x31 lib/STM32_USB-FS-Device_Driver/libstm32usb.a(usb_int.o)
 .comment       0x00000000       0x31 lib/STM32_USB-FS-Device_Driver/libstm32usb.a(usb_mem.o)
 .comment       0x00000000       0x31 lib/STM32_USB-FS-Device_Driver/libstm32usb.a(usb_regs.o)
 .comment       0x00000000       0x31 lib/STM32_USB-FS-Device_Driver/libstm32usb.a(usb_sil.o)

.debug_aranges  0x00000000      0x408
 *(.debug_aranges)
 .debug_aranges
                0x00000000       0x20 Sensors/ppg_new.o
 .debug_aranges
                0x00000020       0x20 Sensors/pressure.o
 .debug_aranges
                0x00000040       0x20 Sensors/temperature.o
 .debug_aranges
                0x00000060       0x20 Util/USB/hw_config.o
 .debug_aranges
                0x00000080       0x20 Util/USB/mass_mal.o
 .debug_aranges
                0x000000a0       0x20 Util/USB/memory.o
 .debug_aranges
                0x000000c0       0x20 Util/USB/usb_bot.o
 .debug_aranges
                0x000000e0       0x20 Util/USB/usb_endp.o
 .debug_aranges
                0x00000100       0x20 Util/USB/usb_istr.o
 .debug_aranges
                0x00000120       0x20 Util/USB/usb_prop.o
 .debug_aranges
                0x00000140       0x20 Util/USB/usb_pwr.o
 .debug_aranges
                0x00000160       0x20 Util/USB/usb_scsi.o
 .debug_aranges
                0x00000180       0x20 Util/buffer.o
 .debug_aranges
                0x000001a0       0x20 Util/delay.o
 .debug_aranges
                0x000001c0       0x20 Util/fat_fs/option/ccsbcs.o
 .debug_aranges
                0x000001e0       0x20 Util/fat_fs/src/fattime.o
 .debug_aranges
                0x00000200       0x20 Util/fat_fs/src/ff.o
 .debug_aranges
                0x00000220       0x20 Util/fat_fs/src/rtc.o
 .debug_aranges
                0x00000240       0x20 Util/fat_fs/src/sd_spi_stm32.o
 .debug_aranges
                0x00000260       0x20 Util/rprintf.o
 .debug_aranges
                0x00000280       0x20 adc.o
 .debug_aranges
                0x000002a0       0x20 gpio.o
 .debug_aranges
                0x000002c0       0x20 i2c_int.o
 .debug_aranges
                0x000002e0       0x20 interrupts.o
 .debug_aranges
                0x00000300       0x20 lib/CMSIS_CM3/core_cm3.o
 .debug_aranges
                0x00000320       0x28 lib/CMSIS_CM3/startup/gcc/startup_stm32f10x_md.o
 .debug_aranges
                0x00000348       0x20 lib/CMSIS_CM3/system_stm32f10x.o
 .debug_aranges
                0x00000368       0x20 main.o
 .debug_aranges
                0x00000388       0x20 pwr.o
 .debug_aranges
                0x000003a8       0x20 timer.o
 .debug_aranges
                0x000003c8       0x20 usart.o
 .debug_aranges
                0x000003e8       0x20 watchdog.o

.debug_pubnames
                0x00000000     0x16cd
 *(.debug_pubnames)
 .debug_pubnames
                0x00000000       0x87 Sensors/ppg_new.o
 .debug_pubnames
                0x00000087       0x80 Sensors/pressure.o
 .debug_pubnames
                0x00000107       0xa9 Sensors/temperature.o
 .debug_pubnames
                0x000001b0      0x113 Util/USB/hw_config.o
 .debug_pubnames
                0x000002c3       0xa5 Util/USB/mass_mal.o
 .debug_pubnames
                0x00000368       0x7f Util/USB/memory.o
 .debug_pubnames
                0x000003e7       0xd2 Util/USB/scsi_data.o
 .debug_pubnames
                0x000004b9       0xd9 Util/USB/usb_bot.o
 .debug_pubnames
                0x00000592       0xb8 Util/USB/usb_desc.o
 .debug_pubnames
                0x0000064a       0x3b Util/USB/usb_endp.o
 .debug_pubnames
                0x00000685       0x56 Util/USB/usb_istr.o
 .debug_pubnames
                0x000006db      0x1f6 Util/USB/usb_prop.o
 .debug_pubnames
                0x000008d1       0x83 Util/USB/usb_pwr.o
 .debug_pubnames
                0x00000954      0x195 Util/USB/usb_scsi.o
 .debug_pubnames
                0x00000ae9       0x59 Util/buffer.o
 .debug_pubnames
                0x00000b42       0x1c Util/delay.o
 .debug_pubnames
                0x00000b5e       0x31 Util/fat_fs/option/ccsbcs.o
 .debug_pubnames
                0x00000b8f       0x22 Util/fat_fs/src/fattime.o
 .debug_pubnames
                0x00000bb1      0x14a Util/fat_fs/src/ff.o
 .debug_pubnames
                0x00000cfb       0x55 Util/fat_fs/src/rtc.o
 .debug_pubnames
                0x00000d50       0xdb Util/fat_fs/src/sd_spi_stm32.o
 .debug_pubnames
                0x00000e2b       0xf9 Util/rprintf.o
 .debug_pubnames
                0x00000f24       0x66 adc.o
 .debug_pubnames
                0x00000f8a       0x72 gpio.o
 .debug_pubnames
                0x00000ffc       0xc7 i2c_int.o
 .debug_pubnames
                0x000010c3      0x172 interrupts.o
 .debug_pubnames
                0x00001235      0x159 lib/CMSIS_CM3/core_cm3.o
 .debug_pubnames
                0x0000138e       0xa3 lib/CMSIS_CM3/system_stm32f10x.o
 .debug_pubnames
                0x00001431      0x176 main.o
 .debug_pubnames
                0x000015a7       0x54 pwr.o
 .debug_pubnames
                0x000015fb       0x2e timer.o
 .debug_pubnames
                0x00001629       0x64 usart.o
 .debug_pubnames
                0x0000168d       0x40 watchdog.o

.debug_info     0x00000000     0xe3d8
 *(.debug_info .gnu.linkonce.wi.*)
 .debug_info    0x00000000      0x6c5 Sensors/ppg_new.o
 .debug_info    0x000006c5      0x1ed Sensors/pressure.o
 .debug_info    0x000008b2      0x150 Sensors/temperature.o
 .debug_info    0x00000a02      0x738 Util/USB/hw_config.o
 .debug_info    0x0000113a      0x331 Util/USB/mass_mal.o
 .debug_info    0x0000146b      0x3b3 Util/USB/memory.o
 .debug_info    0x0000181e      0x16b Util/USB/scsi_data.o
 .debug_info    0x00001989      0x49d Util/USB/usb_bot.o
 .debug_info    0x00001e26      0x187 Util/USB/usb_desc.o
 .debug_info    0x00001fad       0x98 Util/USB/usb_endp.o
 .debug_info    0x00002045      0x311 Util/USB/usb_istr.o
 .debug_info    0x00002356      0x9bb Util/USB/usb_prop.o
 .debug_info    0x00002d11      0x3c3 Util/USB/usb_pwr.o
 .debug_info    0x000030d4      0x87e Util/USB/usb_scsi.o
 .debug_info    0x00003952      0x1ba Util/buffer.o
 .debug_info    0x00003b0c       0xc8 Util/delay.o
 .debug_info    0x00003bd4      0x166 Util/fat_fs/option/ccsbcs.o
 .debug_info    0x00003d3a      0x15a Util/fat_fs/src/fattime.o
 .debug_info    0x00003e94     0x33e4 Util/fat_fs/src/ff.o
 .debug_info    0x00007278      0x532 Util/fat_fs/src/rtc.o
 .debug_info    0x000077aa     0x139d Util/fat_fs/src/sd_spi_stm32.o
 .debug_info    0x00008b47      0xe1f Util/rprintf.o
 .debug_info    0x00009966      0x47d adc.o
 .debug_info    0x00009de3       0x77 bootload.o
 .debug_info    0x00009e5a      0x2a3 gpio.o
 .debug_info    0x0000a0fd      0x6ba i2c_int.o
 .debug_info    0x0000a7b7      0xa18 interrupts.o
 .debug_info    0x0000b1cf      0x543 lib/CMSIS_CM3/core_cm3.o
 .debug_info    0x0000b712       0x82 lib/CMSIS_CM3/startup/gcc/startup_stm32f10x_md.o
 .debug_info    0x0000b794      0x2d0 lib/CMSIS_CM3/system_stm32f10x.o
 .debug_info    0x0000ba64     0x1ad6 main.o
 .debug_info    0x0000d53a      0x38f pwr.o
 .debug_info    0x0000d8c9      0x5e8 timer.o
 .debug_info    0x0000deb1      0x449 usart.o
 .debug_info    0x0000e2fa       0xde watchdog.o

.debug_abbrev   0x00000000     0x30b2
 *(.debug_abbrev)
 .debug_abbrev  0x00000000      0x1d1 Sensors/ppg_new.o
 .debug_abbrev  0x000001d1      0x10a Sensors/pressure.o
 .debug_abbrev  0x000002db       0x79 Sensors/temperature.o
 .debug_abbrev  0x00000354      0x2d3 Util/USB/hw_config.o
 .debug_abbrev  0x00000627      0x111 Util/USB/mass_mal.o
 .debug_abbrev  0x00000738      0x167 Util/USB/memory.o
 .debug_abbrev  0x0000089f       0x5c Util/USB/scsi_data.o
 .debug_abbrev  0x000008fb      0x198 Util/USB/usb_bot.o
 .debug_abbrev  0x00000a93       0x63 Util/USB/usb_desc.o
 .debug_abbrev  0x00000af6       0x41 Util/USB/usb_endp.o
 .debug_abbrev  0x00000b37      0x113 Util/USB/usb_istr.o
 .debug_abbrev  0x00000c4a      0x1d0 Util/USB/usb_prop.o
 .debug_abbrev  0x00000e1a      0x1bd Util/USB/usb_pwr.o
 .debug_abbrev  0x00000fd7      0x253 Util/USB/usb_scsi.o
 .debug_abbrev  0x0000122a       0xd8 Util/buffer.o
 .debug_abbrev  0x00001302       0x7e Util/delay.o
 .debug_abbrev  0x00001380       0xc0 Util/fat_fs/option/ccsbcs.o
 .debug_abbrev  0x00001440       0x97 Util/fat_fs/src/fattime.o
 .debug_abbrev  0x000014d7      0x302 Util/fat_fs/src/ff.o
 .debug_abbrev  0x000017d9      0x213 Util/fat_fs/src/rtc.o
 .debug_abbrev  0x000019ec      0x37f Util/fat_fs/src/sd_spi_stm32.o
 .debug_abbrev  0x00001d6b      0x2e4 Util/rprintf.o
 .debug_abbrev  0x0000204f      0x185 adc.o
 .debug_abbrev  0x000021d4       0x2c bootload.o
 .debug_abbrev  0x00002200      0x158 gpio.o
 .debug_abbrev  0x00002358      0x1f5 i2c_int.o
 .debug_abbrev  0x0000254d      0x1ca interrupts.o
 .debug_abbrev  0x00002717       0xd2 lib/CMSIS_CM3/core_cm3.o
 .debug_abbrev  0x000027e9       0x12 lib/CMSIS_CM3/startup/gcc/startup_stm32f10x_md.o
 .debug_abbrev  0x000027fb      0x112 lib/CMSIS_CM3/system_stm32f10x.o
 .debug_abbrev  0x0000290d      0x33c main.o
 .debug_abbrev  0x00002c49      0x131 pwr.o