Archive member included because of file (symbol)

lib/STM32F10x_StdPeriph_Driver/libstm32fw.a(misc.o)
                              interrupts.o (NVIC_PriorityGroupConfig)
lib/STM32F10x_StdPeriph_Driver/libstm32fw.a(stm32f10x_adc.o)
                              adc.o (ADC_DeInit)
lib/STM32F10x_StdPeriph_Driver/libstm32fw.a(stm32f10x_bkp.o)
                              Util/fat_fs/src/rtc.o (BKP_DeInit)
lib/STM32F10x_StdPeriph_Driver/libstm32fw.a(stm32f10x_dbgmcu.o)
                              main.o (DBGMCU_Config)
lib/STM32F10x_StdPeriph_Driver/libstm32fw.a(stm32f10x_dma.o)
                              Util/fat_fs/src/sd_spi_stm32.o (DMA_DeInit)
lib/STM32F10x_StdPeriph_Driver/libstm32fw.a(stm32f10x_exti.o)
                              interrupts.o (EXTI_DeInit)
lib/STM32F10x_StdPeriph_Driver/libstm32fw.a(stm32f10x_gpio.o)
                              Util/fat_fs/src/sd_spi_stm32.o (GPIO_Init)
lib/STM32F10x_StdPeriph_Driver/libstm32fw.a(stm32f10x_i2c.o)
                              i2c_int.o (I2C_DeInit)
lib/STM32F10x_StdPeriph_Driver/libstm32fw.a(stm32f10x_iwdg.o)
                              watchdog.o (IWDG_WriteAccessCmd)
lib/STM32F10x_StdPeriph_Driver/libstm32fw.a(stm32f10x_pwr.o)
                              pwr.o (PWR_DeInit)
lib/STM32F10x_StdPeriph_Driver/libstm32fw.a(stm32f10x_rcc.o)
                              interrupts.o (RCC_HCLKConfig)
lib/STM32F10x_StdPeriph_Driver/libstm32fw.a(stm32f10x_rtc.o)
                              Util/fat_fs/src/rtc.o (RTC_GetCounter)
lib/STM32F10x_StdPeriph_Driver/libstm32fw.a(stm32f10x_spi.o)
                              Util/fat_fs/src/sd_spi_stm32.o (SPI_I2S_DeInit)
lib/STM32F10x_StdPeriph_Driver/libstm32fw.a(stm32f10x_tim.o)
                              timer.o (TIM_DeInit)
lib/STM32F10x_StdPeriph_Driver/libstm32fw.a(stm32f10x_usart.o)
                              usart.o (USART_Init)
lib/STM32_USB-FS-Device_Driver/libstm32usb.a(usb_core.o)
                              Util/USB/usb_prop.o (Standard_GetDescriptorData)
lib/STM32_USB-FS-Device_Driver/libstm32usb.a(usb_init.o)
                              main.o (USB_Init)
lib/STM32_USB-FS-Device_Driver/libstm32usb.a(usb_int.o)
                              Util/USB/usb_istr.o (CTR_LP)
lib/STM32_USB-FS-Device_Driver/libstm32usb.a(usb_mem.o)
                              lib/STM32_USB-FS-Device_Driver/libstm32usb.a(usb_core.o) (UserToPMABufferCopy)
lib/STM32_USB-FS-Device_Driver/libstm32usb.a(usb_regs.o)
                              Util/USB/usb_prop.o (SetBTABLE)
lib/STM32_USB-FS-Device_Driver/libstm32usb.a(usb_sil.o)
                              Util/USB/usb_prop.o (USB_SIL_Init)
/home/laurence/CodeSourcery/Sourcery_G++_Lite/bin/../lib/gcc/arm-none-eabi/4.5.2/../../../../arm-none-eabi/lib/thumb2/libm.a(lib_a-sf_sin.o)
                              Sensors/ppg_new.o (sinf)
/home/laurence/CodeSourcery/Sourcery_G++_Lite/bin/../lib/gcc/arm-none-eabi/4.5.2/../../../../arm-none-eabi/lib/thumb2/libm.a(lib_a-wf_asin.o)
                              Sensors/ppg_new.o (asinf)
/home/laurence/CodeSourcery/Sourcery_G++_Lite/bin/../lib/gcc/arm-none-eabi/4.5.2/../../../../arm-none-eabi/lib/thumb2/libm.a(lib_a-wf_sqrt.o)
                              Sensors/ppg_new.o (sqrtf)
/home/laurence/CodeSourcery/Sourcery_G++_Lite/bin/../lib/gcc/arm-none-eabi/4.5.2/../../../../arm-none-eabi/lib/thumb2/libm.a(lib_a-ef_asin.o)
                              /home/laurence/CodeSourcery/Sourcery_G++_Lite/bin/../lib/gcc/arm-none-eabi/4.5.2/../../../../arm-none-eabi/lib/thumb2/libm.a(lib_a-wf_asin.o) (__ieee754_asinf)
/home/laurence/CodeSourcery/Sourcery_G++_Lite/bin/../lib/gcc/arm-none-eabi/4.5.2/../../../../arm-none-eabi/lib/thumb2/libm.a(lib_a-ef_rem_pio2.o)
                              /home/laurence/CodeSourcery/Sourcery_G++_Lite/bin/../lib/gcc/arm-none-eabi/4.5.2/../../../../arm-none-eabi/lib/thumb2/libm.a(lib_a-sf_sin.o) (__ieee754_rem_pio2f)
/home/laurence/CodeSourcery/Sourcery_G++_Lite/bin/../lib/gcc/arm-none-eabi/4.5.2/../../../../arm-none-eabi/lib/thumb2/libm.a(lib_a-ef_sqrt.o)
                              /home/laurence/CodeSourcery/Sourcery_G++_Lite/bin/../lib/gcc/arm-none-eabi/4.5.2/../../../../arm-none-eabi/lib/thumb2/libm.a(lib_a-wf_sqrt.o) (__ieee754_sqrtf)
/home/laurence/CodeSourcery/Sourcery_G++_Lite/bin/../lib/gcc/arm-none-eabi/4.5.2/../../../../arm-none-eabi/lib/thumb2/libm.a(lib_a-kf_cos.o)
                              /home/laurence/CodeSourcery/Sourcery_G++_Lite/bin/../lib/gcc/arm-none-eabi/4.5.2/../../../../arm-none-eabi/lib/thumb2/libm.a(lib_a-sf_sin.o) (__kernel_cosf)
/home/laurence/CodeSourcery/Sourcery_G++_Lite/bin/../lib/gcc/arm-none-eabi/4.5.2/../../../../arm-none-eabi/lib/thumb2/libm.a(lib_a-kf_rem_pio2.o)
                              /home/laurence/CodeSourcery/Sourcery_G++_Lite/bin/../lib/gcc/arm-none-eabi/4.5.2/../../../../arm-none-eabi/lib/thumb2/libm.a(lib_a-ef_rem_pio2.o) (__kernel_rem_pio2f)
[...]
Memory Configuration

Name             Origin             Length             Attributes
ram              0x20000000         0x00005000         xrw
rom              0x08000000         0x00020000         xr
*default*        0x00000000         0xffffffff

Linker script and memory map

LOAD /home/laurence/CodeSourcery/Sourcery_G++_Lite/bin/../lib/gcc/arm-none-eabi/4.5.2/thumb2/crti.o
LOAD /home/laurence/CodeSourcery/Sourcery_G++_Lite/bin/../lib/gcc/arm-none-eabi/4.5.2/thumb2/crtbegin.o
LOAD Sensors/ppg_new.o
LOAD Sensors/pressure.o
LOAD Sensors/temperature.o
LOAD Util/USB/hw_config.o
LOAD Util/USB/mass_mal.o
LOAD Util/USB/memory.o
LOAD Util/USB/scsi_data.o
LOAD Util/USB/usb_bot.o
LOAD Util/USB/usb_desc.o
LOAD Util/USB/usb_endp.o
LOAD Util/USB/usb_istr.o
LOAD Util/USB/usb_prop.o
LOAD Util/USB/usb_pwr.o
LOAD Util/USB/usb_scsi.o
LOAD Util/buffer.o
LOAD Util/delay.o
LOAD Util/fat_fs/option/cc932.o
LOAD Util/fat_fs/option/syscall.o
LOAD Util/fat_fs/src/fattime.o
LOAD Util/fat_fs/src/ff.o
LOAD Util/fat_fs/src/rtc.o
LOAD Util/fat_fs/src/sd_spi_stm32.o
LOAD Util/rprintf.o
LOAD adc.o
LOAD gpio.o
LOAD i2c_int.o
LOAD interrupts.o
LOAD lib/CMSIS_CM3/core_cm3.o
LOAD lib/CMSIS_CM3/startup/gcc/startup_stm32f10x_md.o
LOAD lib/CMSIS_CM3/system_stm32f10x.o
LOAD main.o
LOAD pwr.o
LOAD timer.o
LOAD usart.o
LOAD watchdog.o
LOAD lib/STM32F10x_StdPeriph_Driver/libstm32fw.a
LOAD lib/STM32_USB-FS-Device_Driver/libstm32usb.a
LOAD /home/laurence/CodeSourcery/Sourcery_G++_Lite/bin/../lib/gcc/arm-none-eabi/4.5.2/../../../../arm-none-eabi/lib/thumb2/libm.a
START GROUP
LOAD /home/laurence/CodeSourcery/Sourcery_G++_Lite/bin/../lib/gcc/arm-none-eabi/4.5.2/thumb2/libgcc.a
LOAD /home/laurence/CodeSourcery/Sourcery_G++_Lite/bin/../lib/gcc/arm-none-eabi/4.5.2/../../../../arm-none-eabi/lib/thumb2/libc.a
END GROUP
LOAD /home/laurence/CodeSourcery/Sourcery_G++_Lite/bin/../lib/gcc/arm-none-eabi/4.5.2/thumb2/crtend.o
LOAD /home/laurence/CodeSourcery/Sourcery_G++_Lite/bin/../lib/gcc/arm-none-eabi/4.5.2/thumb2/crtn.o
START GROUP
LOAD /home/laurence/CodeSourcery/Sourcery_G++_Lite/bin/../lib/gcc/arm-none-eabi/4.5.2/thumb2/libgcc.a
LOAD /home/laurence/CodeSourcery/Sourcery_G++_Lite/bin/../lib/gcc/arm-none-eabi/4.5.2/../../../../arm-none-eabi/lib/thumb2/libc.a
LOAD /home/laurence/CodeSourcery/Sourcery_G++_Lite/bin/../lib/gcc/arm-none-eabi/4.5.2/../../../../arm-none-eabi/lib/thumb2/libcs3.a
LOAD /home/laurence/CodeSourcery/Sourcery_G++_Lite/bin/../lib/gcc/arm-none-eabi/4.5.2/../../../../arm-none-eabi/lib/thumb2/libcs3unhosted.a
LOAD lib/libcs3-lanchon-stm32.a
END GROUP
                0x20005000                PROVIDE (__cs3_stack, (__cs3_region_start_ram + __cs3_region_size_ram))
                0x20001008                PROVIDE (__cs3_heap_start, _end)
                0x20005000                PROVIDE (__cs3_heap_end, (__cs3_region_start_ram + __cs3_region_size_ram))

.text           0x08000000    0x1bb04
 CREATE_OBJECT_SYMBOLS
                0x08000000                __cs3_region_start_rom = .
 *(.cs3.region-head.rom)
                0x08000000                __cs3_interrupt_vector = __cs3_interrupt_vector_lanchon_stm32
 *(.cs3.interrupt_vector)
 .cs3.interrupt_vector
                0x08000000       0xec lib/libcs3-lanchon-stm32.a(lanchon-stm32-vector.o)
                0x08000000                __cs3_interrupt_vector_lanchon_stm32
                0x08000001                ASSERT ((. != __cs3_interrupt_vector_lanchon_stm32), No interrupt vector)
 *(.rom)
 *(.rom.b)
                0x08013c58                PROVIDE (__cs3_reset_lanchon_stm32, _start)
                0x08013c58                __cs3_reset = __cs3_reset_lanchon_stm32
 *(.cs3.reset)
 *(.text .text.* .gnu.linkonce.t.*)
 .text          0x080000ec       0x30 /home/laurence/CodeSourcery/Sourcery_G++_Lite/bin/../lib/gcc/arm-none-eabi/4.5.2/thumb2/crtbegin.o
 *fill*         0x0800011c        0x4 00
 .text          0x08000120      0x5d0 Sensors/ppg_new.o
                0x08000120                PPG_LO_Filter
                0x08000400                PPG_Automatic_Brightness_Control
                0x08000628                PPG_correct_brightness
                0x080006b8                PWM_Linear
 .text          0x080006f0      0x258 Sensors/pressure.o
                0x080006f0                calibrate_sensor
                0x0800073c                conv_adc_diff
                0x08000774                conv_diff
                0x080007a4                filterloop
 .text          0x08000948       0x88 Sensors/temperature.o
                0x08000948                convert_die_temp
                0x08000964                convert_tmp102_temp
                0x08000998                convert_thermistor_temp
 .text          0x080009d0      0x298 Util/USB/hw_config.o
                0x080009d0                Set_System
                0x080009d8                Set_USBClock
                0x080009f0                Enter_LowPowerMode
                0x080009fc                Leave_LowPowerMode
                0x08000a1c                USB_Interrupts_Config
                0x08000a58                Led_RW_ON
                0x08000a68                Led_RW_OFF
                0x08000a78                USB_Configured_LED
                0x08000a88                USB_NotConfigured_LED
                0x08000a98                USB_Cable_Config
                0x08000a9c                Get_SerialNum
                0x08000c60                MAL_Config
 .text          0x08000c68      0x118 Util/USB/mass_mal.o
                0x08000c68                MAL_Init
                0x08000cb4                MAL_Write
                0x08000cec                MAL_Read
                0x08000d1c                MAL_GetStatus
 .text          0x08000d80      0x23c Util/USB/memory.o
                0x08000d80                Read_Memory
                0x08000ec0                Write_Memory
 .text          0x08000fbc      0x628 Util/USB/usb_bot.o
                0x08000fbc                Mass_Storage_In
                0x08001044                CBW_Decode
                0x080014a4                Mass_Storage_Out
                0x08001534                Transfer_Data_Request
                0x08001568                Set_CSW
                0x080015a4                Bot_Abort
 .text          0x080015e4        0x8 Util/USB/usb_endp.o
                0x080015e4                EP1_IN_Callback
                0x080015e8                EP2_OUT_Callback
 .text          0x080015ec       0xf0 Util/USB/usb_istr.o
                0x080015ec                USB_Istr
 .text          0x080016dc      0x268 Util/USB/usb_prop.o
                0x080016dc                Mass_Storage_SetDeviceAddress
                0x080016e8                MASS_Status_In
                0x080016ec                MASS_Status_Out
                0x080016f0                MASS_Get_Interface_Setting
                0x08001700                Get_Max_Lun
                0x08001718                MASS_Data_Setup
                0x0800175c                MASS_GetStringDescriptor
                0x0800177c                MASS_GetConfigDescriptor
                0x08001788                MASS_GetDeviceDescriptor
                0x08001794                MASS_NoData_Setup
                0x080017e4                Mass_Storage_SetConfiguration
                0x08001814                Mass_Storage_ClearFeature
                0x08001830                MASS_Reset
                0x08001920                MASS_init
 .text          0x08001944      0x1c8 Util/USB/usb_pwr.o
                0x08001944                PowerOn
                0x08001974                PowerOff
                0x08001998                Suspend
                0x080019dc                Resume_Init
                0x08001a1c                Resume
 .text          0x08001b0c      0x44c Util/USB/usb_scsi.o
                0x08001b0c                SCSI_Inquiry_Cmd
                0x08001b44                SCSI_ReadFormatCapacity_Cmd
                0x08001bb8                SCSI_ReadCapacity10_Cmd
                0x08001c34                SCSI_ModeSense6_Cmd
                0x08001c40                SCSI_ModeSense10_Cmd
                0x08001c4c                SCSI_RequestSense_Cmd
                0x08001c64                Set_Scsi_Sense_Data
                0x08001c70                SCSI_Start_Stop_Unit_Cmd
                0x08001c78                SCSI_Read10_Cmd
                0x08001d28                SCSI_Write10_Cmd
                0x08001dd4                SCSI_Verify10_Cmd
                0x08001e14                SCSI_Valid_Cmd
                0x08001e4c                SCSI_TestUnitReady_Cmd
                0x08001e80                SCSI_Format_Cmd
                0x08001e98                SCSI_Invalid_Cmd
                0x08001ed4                SCSI_Address_Management
 .text          0x08001f58       0x84 Util/buffer.o
                0x08001f58                Add_To_Buffer
                0x08001f8c                Get_From_Buffer
                0x08001fc0                Empty_Buffer
                0x08001fc8                init_buffer
 .text          0x08001fdc       0x34 Util/delay.o
                0x08001fdc                Delay
 .text          0x08002010      0x25c Util/fat_fs/option/cc932.o
                0x08002010                ff_convert
                0x0800223c                ff_wtoupper
 .text          0x0800226c       0x48 Util/fat_fs/src/fattime.o
                0x0800226c                get_fattime
 .text          0x080022b4     0x643c Util/fat_fs/src/ff.o
                0x08002b9c                clust2sect
                0x08002bb8                get_fat
                0x0800315c                put_fat
                0x08004f00                gen_numname
                0x08005b98                f_mount
                0x08005bb8                f_open
                0x08006024                f_read
                0x0800640c                f_write
                0x08006840                f_sync
                0x08006a18                f_close
                0x08006a28                f_lseek
                0x08006bf4                f_opendir
                0x08006c60                f_readdir
                0x08006cd4                f_stat
                0x08006d1c                f_getfree
                0x08006f80                f_truncate
                0x080070f0                f_unlink
                0x08007208                f_mkdir
                0x08007630                f_chmod
                0x0800768c                f_utime
                0x080076ec                f_rename
                0x080079ac                f_gets
                0x08007ac8                f_putc
                0x08007aec                f_puts
                0x08007b28                f_printf
 .text          0x080086f0      0x484 Util/fat_fs/src/rtc.o
                0x080086f0                rtc_gettime
                0x08008870                my_RTC_SetCounter
                0x08008894                rtc_settime
                0x08008ac8                rtc_init
 .text          0x08008b74      0xeb0 Util/fat_fs/src/sd_spi_stm32.o
                0x08008fc0                release_spi
                0x08008ff4                wrapup_transaction
                0x08009020                stop_cmd
                0x08009028                rcvr_datablock
                0x080090c8                disk_initialize
                0x08009274                disk_status
                0x08009284                disk_read
                0x0800946c                disk_write
                0x0800960c                disk_ioctl
                0x080099e8                disk_timerproc
 .text          0x08009a24     0x182c Util/rprintf.o
                0x08009a24                rprintfInit
                0x08009a30                rprintfChar
                0x08009a58                rprintfStr
                0x08009a90                rprintfStrLen
                0x08009c54                rprintfCRLF
                0x08009c6c                rprintfu04
                0x08009c98                rprintfu08
                0x08009ce0                rprintfu16
                0x08009d7c                rprintfu32
                0x08009ec8                rprintfNum
                0x0800a138                rprintfFloat
                0x0800a3fc                rprintf2RamRom
                0x0800b1f8                Isdigit
                0x0800b208                atoiRamRom
                0x0800b240                rStrLen
 .text          0x0800b250      0x24c adc.o
                0x0800b250                ADC_Configuration
                0x0800b41c                readADC2
                0x0800b454                setADC2
                0x0800b474                getADC2
 .text          0x0800b49c      0x220 gpio.o
                0x0800b49c                setup_gpio
                0x0800b630                switch_leds_on
                0x0800b658                switch_leds_off
                0x0800b680                red_flash
                0x0800b6b0                get_wkup
 .text          0x0800b6bc      0x884 i2c_int.o
                0x0800b6bc                I2C1_EV_IRQHandler
                0x0800bc54                I2C1_Request_Job
                0x0800bca8                I2C1_Setup_Job
                0x0800bcbc                I2C_Config
                0x0800be44                I2C1_ER_IRQHandler
 .text          0x0800bf40      0x6f0 interrupts.o
                0x0800bf40                ISR_Config
                0x0800bfbc                EXTI_ONOFF_EN
                0x0800c01c                DMA_ISR_Config
                0x0800c040                DMA_ISR_Config_SPI2
                0x0800c07c                SysTick_Configuration
                0x0800c0a8                EXTI0_IRQHandler
                0x0800c140                DMAChannel1_IRQHandler
                0x0800c214                DMAChannel4_IRQHandler
                0x0800c25c                ADC1_2_IRQHandler
                0x0800c2f0                SysTickHandler
                0x0800c614                USB_HP_CAN_TX_IRQHandler
                0x0800c618                USB_LP_CAN_RX0_IRQHandler
                0x0800c61c                NMIException
                0x0800c620                HardFaultException
                0x0800c624                MemManageException
                0x0800c628                BusFaultException
                0x0800c62c                UsageFaultException
 .text.Default_Handler
                0x0800c630        0x2 lib/CMSIS_CM3/startup/gcc/startup_stm32f10x_md.o
                0x0800c630                EXTI2_IRQHandler
                0x0800c630                DebugMon_Handler
                0x0800c630                TIM1_CC_IRQHandler
                0x0800c630                HardFault_Handler
                0x0800c630                SysTick_Handler
                0x0800c630                PVD_IRQHandler
                0x0800c630                PendSV_Handler
                0x0800c630                NMI_Handler
                0x0800c630                EXTI3_IRQHandler
                0x0800c630                I2C2_EV_IRQHandler
                0x0800c630                UsageFault_Handler
                0x0800c630                SPI1_IRQHandler
                0x0800c630                TAMPER_IRQHandler
                0x0800c630                DMA1_Channel4_IRQHandler
                0x0800c630                USART3_IRQHandler
                0x0800c630                RTC_IRQHandler
                0x0800c630                DMA1_Channel7_IRQHandler
                0x0800c630                CAN1_RX1_IRQHandler
                0x0800c630                TIM4_IRQHandler
                0x0800c630                DMA1_Channel6_IRQHandler
                0x0800c630                TIM3_IRQHandler
                0x0800c630                RCC_IRQHandler
                0x0800c630                TIM1_TRG_COM_IRQHandler
                0x0800c630                DMA1_Channel1_IRQHandler
                0x0800c630                Default_Handler
                0x0800c630                EXTI15_10_IRQHandler
                0x0800c630                EXTI9_5_IRQHandler
                0x0800c630                SPI2_IRQHandler
                0x0800c630                MemManage_Handler
                0x0800c630                SVC_Handler
                0x0800c630                DMA1_Channel5_IRQHandler
                0x0800c630                EXTI4_IRQHandler
                0x0800c630                USB_LP_CAN1_RX0_IRQHandler
                0x0800c630                USB_HP_CAN1_TX_IRQHandler
                0x0800c630                DMA1_Channel3_IRQHandler
                0x0800c630                TIM1_UP_IRQHandler
                0x0800c630                WWDG_IRQHandler
                0x0800c630                TIM2_IRQHandler
                0x0800c630                TIM1_BRK_IRQHandler
                0x0800c630                EXTI1_IRQHandler
                0x0800c630                RTCAlarm_IRQHandler
                0x0800c630                USART2_IRQHandler
                0x0800c630                I2C2_ER_IRQHandler
                0x0800c630                DMA1_Channel2_IRQHandler
                0x0800c630                CAN1_SCE_IRQHandler
                0x0800c630                FLASH_IRQHandler
                0x0800c630                BusFault_Handler
                0x0800c630                USART1_IRQHandler
                0x0800c630                USBWakeUp_IRQHandler
 *fill*         0x0800c632        0x2 00
 .text          0x0800c634       0xfc lib/CMSIS_CM3/system_stm32f10x.o
                0x0800c634                SystemInit
 .text          0x0800c730      0x74c main.o
                0x0800c730                __str_print_char
                0x0800c75c                __fat_print_char
                0x0800c77c                detect_sensors
                0x0800c860                main
 .text          0x0800ce7c       0x70 pwr.o
                0x0800ce7c                setuppwr
                0x0800ce90                shutdown
                0x0800cea0                disable_pin
                0x0800cea8                shutdown_filesystem
 .text          0x0800ceec      0x2ac timer.o
                0x0800ceec                setup_pwm
                0x0800d0bc                Tryfudge
                0x0800d154                Set_Motor
 .text          0x0800d198      0x110 usart.o
                0x0800d198                Usarts_Init
                0x0800d244                Default_Usart_Config
                0x0800d260                Usart_Send_Str
                0x0800d28c                __usart_send_char
 .text          0x0800d2a8       0x40 watchdog.o
                0x0800d2a8                Watchdog_Config
                0x0800d2d4                Watchdog_Reset_Detect
 .text          0x0800d2e8       0xb8 lib/STM32F10x_StdPeriph_Driver/libstm32fw.a(misc.o)
                0x0800d2e8                NVIC_PriorityGroupConfig
                0x0800d2fc                NVIC_Init
                0x0800d35c                NVIC_SetVectorTable
                0x0800d370                NVIC_SystemLPConfig
                0x0800d388                SysTick_CLKSourceConfig
 .text          0x0800d3a0      0x380 lib/STM32F10x_StdPeriph_Driver/libstm32fw.a(stm32f10x_adc.o)
                0x0800d3a0                ADC_DeInit
                0x0800d3fc                ADC_Init
                0x0800d448                ADC_StructInit
                0x0800d45a                ADC_Cmd
                0x0800d46e                ADC_DMACmd
                0x0800d482                ADC_ITConfig
                0x0800d496                ADC_ResetCalibration
                0x0800d4a0                ADC_GetResetCalibrationStatus
                0x0800d4a8                ADC_StartCalibration
                0x0800d4b2                ADC_GetCalibrationStatus
                0x0800d4ba                ADC_SoftwareStartConvCmd
                0x0800d4ce                ADC_GetSoftwareStartConvStatus
                0x0800d4d6                ADC_DiscModeChannelCountConfig
                0x0800d4e6                ADC_DiscModeCmd
                0x0800d4fa                ADC_RegularChannelConfig
                0x0800d588                ADC_ExternalTrigConvCmd
                0x0800d59c                ADC_GetConversionValue
                0x0800d5a2                ADC_GetDualModeConversionValue
                0x0800d5ac                ADC_AutoInjectedConvCmd
                0x0800d5c0                ADC_InjectedDiscModeCmd
                0x0800d5d4                ADC_ExternalTrigInjectedConvConfig
                0x0800d5e2                ADC_ExternalTrigInjectedConvCmd
                0x0800d5f6                ADC_SoftwareStartInjectedConvCmd
                0x0800d60a                ADC_GetSoftwareStartInjectedConvCmdStatus
                0x0800d612                ADC_InjectedChannelConfig
                0x0800d66e                ADC_InjectedSequencerLengthConfig
                0x0800d67e                ADC_SetInjectedOffset
                0x0800d694                ADC_GetInjectedConversionValue
                0x0800d6ae                ADC_AnalogWatchdogCmd
                0x0800d6c0                ADC_AnalogWatchdogThresholdsConfig
                0x0800d6c6                ADC_AnalogWatchdogSingleChannelConfig
                0x0800d6d4                ADC_TempSensorVrefintCmd
                0x0800d6f0                ADC_GetFlagStatus
                0x0800d6fc                ADC_ClearFlag
                0x0800d702                ADC_GetITStatus
                0x0800d718                ADC_ClearITPendingBit
 .text          0x0800d720       0xe0 lib/STM32F10x_StdPeriph_Driver/libstm32fw.a(stm32f10x_bkp.o)
                0x0800d720                BKP_DeInit
                0x0800d732                BKP_TamperPinLevelConfig
                0x0800d73c                BKP_TamperPinCmd
                0x0800d748                BKP_ITConfig
                0x0800d754                BKP_RTCOutputConfig
                0x0800d76c                BKP_SetRTCCalibrationValue
                0x0800d784                BKP_WriteBackupRegister
                0x0800d7a0                BKP_ReadBackupRegister
                0x0800d7c0                BKP_GetFlagStatus
                0x0800d7cc                BKP_ClearFlag
                0x0800d7e0                BKP_GetITStatus
                0x0800d7ec                BKP_ClearITPendingBit
 .text          0x0800d800       0x34 lib/STM32F10x_StdPeriph_Driver/libstm32fw.a(stm32f10x_dbgmcu.o)
                0x0800d800                DBGMCU_GetREVID
                0x0800d80c                DBGMCU_GetDEVID
                0x0800d81c                DBGMCU_Config
 .text          0x0800d834      0x1f0 lib/STM32F10x_StdPeriph_Driver/libstm32fw.a(stm32f10x_dma.o)
                0x0800d834                DMA_DeInit
                0x0800d930                DMA_Init
                0x0800d970                DMA_StructInit
                0x0800d98a                DMA_Cmd
                0x0800d99e                DMA_ITConfig
                0x0800d9b0                DMA_GetCurrDataCounter
                0x0800d9b6                DMA_GetFlagStatus
                0x0800d9d4                DMA_ClearFlag
                0x0800d9ec                DMA_GetITStatus
                0x0800da0c                DMA_ClearITPendingBit
 .text          0x0800da24      0x108 lib/STM32F10x_StdPeriph_Driver/libstm32fw.a(stm32f10x_exti.o)
                0x0800da24                EXTI_DeInit
                0x0800da40                EXTI_Init
                0x0800dac4                EXTI_StructInit
                0x0800dad2                EXTI_GenerateSWInterrupt
                0x0800dae4                EXTI_GetFlagStatus
                0x0800daf8                EXTI_ClearFlag
                0x0800db04                EXTI_GetITStatus
                0x0800db20                EXTI_ClearITPendingBit
 .text          0x0800db2c      0x278 lib/STM32F10x_StdPeriph_Driver/libstm32fw.a(stm32f10x_gpio.o)
                0x0800db2c                GPIO_DeInit
                0x0800dbd8                GPIO_AFIODeInit
                0x0800dbee                GPIO_Init
                0x0800dc86                GPIO_StructInit
                0x0800dc96                GPIO_ReadInputDataBit
                0x0800dca2                GPIO_ReadInputData
                0x0800dca8                GPIO_ReadOutputDataBit
                0x0800dcb4                GPIO_ReadOutputData
                0x0800dcba                GPIO_SetBits
                0x0800dcbe                GPIO_ResetBits
                0x0800dcc2                GPIO_WriteBit
                0x0800dccc                GPIO_Write
                0x0800dcd0                GPIO_PinLockConfig
                0x0800dce0                GPIO_EventOutputConfig
                0x0800dd00                GPIO_EventOutputCmd
                0x0800dd0c                GPIO_PinRemapConfig
                0x0800dd64                GPIO_EXTILineConfig
                0x0800dd98                GPIO_ETH_MediaInterfaceConfig
 .text          0x0800dda4      0x3b4 lib/STM32F10x_StdPeriph_Driver/libstm32fw.a(stm32f10x_i2c.o)
                0x0800dda4                I2C_DeInit
                0x0800ddd8                I2C_Init
                0x0800dea8                I2C_StructInit
                0x0800dec4                I2C_Cmd
                0x0800dede                I2C_DMACmd
                0x0800def8                I2C_DMALastTransferCmd
                0x0800df12                I2C_GenerateSTART
                0x0800df2c                I2C_GenerateSTOP
                0x0800df46                I2C_AcknowledgeConfig
                0x0800df60                I2C_OwnAddress2Config
                0x0800df76                I2C_DualAddressCmd
                0x0800df90                I2C_GeneralCallCmd
                0x0800dfaa                I2C_ITConfig
                0x0800dfc0                I2C_SendData
                0x0800dfc4                I2C_ReceiveData
                0x0800dfca                I2C_Send7bitAddress
                0x0800dfda                I2C_ReadRegister
                0x0800dff2                I2C_SoftwareResetCmd
                0x0800e00a                I2C_SMBusAlertConfig
                0x0800e028                I2C_TransmitPEC
                0x0800e042                I2C_PECPositionConfig
                0x0800e060                I2C_CalculatePEC
                0x0800e07a                I2C_GetPEC
                0x0800e082                I2C_ARPCmd
                0x0800e09c                I2C_StretchClockCmd
                0x0800e0b6                I2C_FastModeDutyCycleConfig
                0x0800e0d4                I2C_GetLastEvent
                0x0800e0e4                I2C_CheckEvent
                0x0800e0fc                I2C_GetFlagStatus
                0x0800e130                I2C_ClearFlag
                0x0800e136                I2C_GetITStatus
                0x0800e152                I2C_ClearITPendingBit
 .text          0x0800e158       0x58 lib/STM32F10x_StdPeriph_Driver/libstm32fw.a(stm32f10x_iwdg.o)
                0x0800e158                IWDG_WriteAccessCmd
                0x0800e164                IWDG_SetPrescaler
                0x0800e170                IWDG_SetReload
                0x0800e17c                IWDG_ReloadCounter
                0x0800e18c                IWDG_Enable
                0x0800e19c                IWDG_GetFlagStatus
 .text          0x0800e1b0       0xcc lib/STM32F10x_StdPeriph_Driver/libstm32fw.a(stm32f10x_pwr.o)
                0x0800e1b4                PWR_DeInit
                0x0800e1ce                PWR_BackupAccessCmd
                0x0800e1d8                PWR_PVDCmd
                0x0800e1e4                PWR_PVDLevelConfig
                0x0800e1f8                PWR_WakeUpPinCmd
                0x0800e204                PWR_EnterSTOPMode
                0x0800e230                PWR_EnterSTANDBYMode
                0x0800e258                PWR_GetFlagStatus
                0x0800e26c                PWR_ClearFlag
 .text          0x0800e27c      0x360 lib/STM32F10x_StdPeriph_Driver/libstm32fw.a(stm32f10x_rcc.o)
                0x0800e27c                RCC_DeInit
                0x0800e2bc                RCC_HSEConfig
                0x0800e2f4                RCC_AdjustHSICalibrationValue
                0x0800e308                RCC_HSICmd
                0x0800e314                RCC_PLLConfig
                0x0800e32c                RCC_PLLCmd
                0x0800e338                RCC_SYSCLKConfig
                0x0800e34c                RCC_GetSYSCLKSource
                0x0800e35c                RCC_HCLKConfig
                0x0800e370                RCC_PCLK1Config
                0x0800e384                RCC_PCLK2Config
                0x0800e398                RCC_ITConfig
                0x0800e3b0                RCC_USBCLKConfig
                0x0800e3bc                RCC_ADCCLKConfig
                0x0800e3d0                RCC_LSEConfig
                0x0800e3f0                RCC_LSICmd
                0x0800e3fc                RCC_RTCCLKConfig
                0x0800e40c                RCC_RTCCLKCmd
                0x0800e418                RCC_GetClocksFreq
                0x0800e4bc                RCC_AHBPeriphClockCmd
                0x0800e4d4                RCC_APB2PeriphClockCmd
                0x0800e4ec                RCC_APB1PeriphClockCmd
                0x0800e504                RCC_APB2PeriphResetCmd
                0x0800e51c                RCC_APB1PeriphResetCmd
                0x0800e534                RCC_BackupResetCmd
                0x0800e540                RCC_ClockSecuritySystemCmd
                0x0800e54c                RCC_MCOConfig
                0x0800e558                RCC_GetFlagStatus
                0x0800e580                RCC_WaitForHSEStartUp
                0x0800e5ac                RCC_ClearFlag
                0x0800e5bc                RCC_GetITStatus
                0x0800e5d0                RCC_ClearITPendingBit
 .text          0x0800e5dc      0x158 lib/STM32F10x_StdPeriph_Driver/libstm32fw.a(stm32f10x_rtc.o)
                0x0800e5dc                RTC_ITConfig
                0x0800e5f8                RTC_EnterConfigMode
                0x0800e60c                RTC_ExitConfigMode
                0x0800e620                RTC_GetCounter
                0x0800e634                RTC_SetCounter
                0x0800e650                RTC_SetPrescaler
                0x0800e670                RTC_SetAlarm
                0x0800e68c                RTC_GetDivider
                0x0800e6a4                RTC_WaitForLastTask
                0x0800e6b4                RTC_WaitForSynchro
                0x0800e6d4                RTC_GetFlagStatus
                0x0800e6e8                RTC_ClearFlag
                0x0800e6fc                RTC_GetITStatus
                0x0800e720                RTC_ClearITPendingBit
 .text          0x0800e734      0x2d4 lib/STM32F10x_StdPeriph_Driver/libstm32fw.a(stm32f10x_spi.o)
                0x0800e734                SPI_I2S_DeInit
                0x0800e798                SPI_Init
                0x0800e7d8                I2S_Init
                0x0800e878                SPI_StructInit
                0x0800e890                I2S_StructInit
                0x0800e8a2                SPI_Cmd
                0x0800e8bc                I2S_Cmd
                0x0800e8d6                SPI_I2S_ITConfig
                0x0800e8f4                SPI_I2S_DMACmd
                0x0800e90a                SPI_I2S_SendData
                0x0800e90e                SPI_I2S_ReceiveData
                0x0800e914                SPI_NSSInternalSoftwareConfig
                0x0800e934                SPI_SSOutputCmd
                0x0800e94e                SPI_DataSizeConfig
                0x0800e966                SPI_TransmitCRC
                0x0800e972                SPI_CalculateCRC
                0x0800e98c                SPI_GetCRC
                0x0800e99c                SPI_GetCRCPolynomial
                0x0800e9a2                SPI_BiDirectionalLineConfig
                0x0800e9c0                SPI_I2S_GetFlagStatus
                0x0800e9cc                SPI_I2S_ClearFlag
                0x0800e9d2                SPI_I2S_GetITStatus
                0x0800e9f8                SPI_I2S_ClearITPendingBit
 .text          0x0800ea08      0xa80 lib/STM32F10x_StdPeriph_Driver/libstm32fw.a(stm32f10x_tim.o)
                0x0800ea76                TIM_DeInit
                0x0800eb40                TIM_TimeBaseInit
                0x0800eb7c                TIM_OC1Init
                0x0800ebfc                TIM_OC2Init
                0x0800ec84                TIM_OC3Init
                0x0800ed08                TIM_OC4Init
                0x0800ed6c                TIM_BDTRConfig
                0x0800ed8e                TIM_TimeBaseStructInit
                0x0800eda0                TIM_OCStructInit
                0x0800edb4                TIM_ICStructInit
                0x0800edc4                TIM_BDTRStructInit
                0x0800edd6                TIM_Cmd
                0x0800edf0                TIM_CtrlPWMOutputs
                0x0800ee0e                TIM_ITConfig
                0x0800ee24                TIM_GenerateEvent
                0x0800ee28                TIM_DMAConfig
                0x0800ee30                TIM_DMACmd
                0x0800ee46                TIM_InternalClockConfig
                0x0800ee54                TIM_ETRConfig
                0x0800ee6a                TIM_ETRClockMode2Config
                0x0800ee7e                TIM_ETRClockMode1Config
                0x0800ee98                TIM_PrescalerConfig
                0x0800ee9e                TIM_CounterModeConfig
                0x0800eeb0                TIM_SelectInputTrigger
                0x0800eec2                TIM_TIxExternalClockConfig
                0x0800eef0                TIM_ITRxExternalClockConfig
                0x0800ef04                TIM_EncoderInterfaceConfig
                0x0800ef42                TIM_ForcedOC1Config
                0x0800ef54                TIM_ForcedOC2Config
                0x0800ef66                TIM_ForcedOC3Config
                0x0800ef78                TIM_ForcedOC4Config
                0x0800ef8a                TIM_ARRPreloadConfig
                0x0800efa4                TIM_SelectCOM
                0x0800efbe                TIM_SelectCCDMA
                0x0800efd8                TIM_CCPreloadControl
                0x0800eff2                TIM_OC1PreloadConfig
                0x0800f004                TIM_OC2PreloadConfig
                0x0800f016                TIM_OC3PreloadConfig
                0x0800f028                TIM_OC4PreloadConfig
                0x0800f03a                TIM_OC1FastConfig
                0x0800f04c                TIM_OC2FastConfig
                0x0800f05e                TIM_OC3FastConfig
                0x0800f070                TIM_OC4FastConfig
                0x0800f082                TIM_ClearOC1Ref
                0x0800f094                TIM_ClearOC2Ref
                0x0800f0a2                TIM_ClearOC3Ref
                0x0800f0b4                TIM_ClearOC4Ref
                0x0800f0c2                TIM_OC1PolarityConfig
                0x0800f0d4                TIM_OC1NPolarityConfig
                0x0800f0e6                TIM_OC2PolarityConfig
                0x0800f0f8                TIM_OC2NPolarityConfig
                0x0800f10a                TIM_OC3PolarityConfig
                0x0800f11c                TIM_OC3NPolarityConfig
                0x0800f12e                TIM_OC4PolarityConfig
                0x0800f140                TIM_CCxCmd
                0x0800f15e                TIM_CCxNCmd
                0x0800f17c                TIM_SelectOCxM
                0x0800f1c8                TIM_UpdateDisableConfig
                0x0800f1e2                TIM_UpdateRequestConfig
                0x0800f1fc                TIM_SelectHallSensor
                0x0800f216                TIM_SelectOnePulseMode
                0x0800f22e                TIM_SelectOutputTrigger
                0x0800f246                TIM_SelectSlaveMode
                0x0800f25e                TIM_SelectMasterSlaveMode
                0x0800f276                TIM_SetCounter
                0x0800f27a                TIM_SetAutoreload
                0x0800f27e                TIM_SetCompare1
                0x0800f282                TIM_SetCompare2
                0x0800f286                TIM_SetCompare3
                0x0800f28a                TIM_SetCompare4
                0x0800f290                TIM_SetIC1Prescaler
                0x0800f2a8                TIM_SetIC2Prescaler
                0x0800f2c0                TIM_PWMIConfig
                0x0800f32c                TIM_SetIC3Prescaler
                0x0800f344                TIM_SetIC4Prescaler
                0x0800f35c                TIM_ICInit
                0x0800f420                TIM_SetClockDivision
                0x0800f432                TIM_GetCapture1
                0x0800f438                TIM_GetCapture2
                0x0800f43e                TIM_GetCapture3
                0x0800f444                TIM_GetCapture4
                0x0800f44c                TIM_GetCounter
                0x0800f452                TIM_GetPrescaler
                0x0800f458                TIM_GetFlagStatus
                0x0800f464                TIM_ClearFlag
                0x0800f46a                TIM_GetITStatus
                0x0800f480                TIM_ClearITPendingBit
 .text          0x0800f488      0x374 lib/STM32F10x_StdPeriph_Driver/libstm32fw.a(stm32f10x_usart.o)
                0x0800f488                USART_DeInit
                0x0800f520                USART_Init
                0x0800f5b0                USART_StructInit
                0x0800f5c6                USART_ClockInit
                0x0800f5ec                USART_ClockStructInit
                0x0800f5f8                USART_Cmd
                0x0800f612                USART_ITConfig
                0x0800f648                USART_DMACmd
                0x0800f65e                USART_SetAddress
                0x0800f676                USART_WakeUpConfig
                0x0800f68e                USART_ReceiverWakeUpCmd
                0x0800f6a8                USART_LINBreakDetectLengthConfig
                0x0800f6c0                USART_LINCmd
                0x0800f6da                USART_SendData
                0x0800f6e2                USART_ReceiveData
                0x0800f6ea                USART_SendBreak
                0x0800f6f6                USART_SetGuardTime
                0x0800f708                USART_SetPrescaler
                0x0800f71c                USART_SmartCardCmd
                0x0800f736                USART_SmartCardNACKCmd
                0x0800f750                USART_HalfDuplexCmd
                0x0800f76a                USART_IrDAConfig
                0x0800f782                USART_IrDACmd
                0x0800f79c                USART_GetFlagStatus
                0x0800f7a8                USART_ClearFlag
                0x0800f7ae                USART_GetITStatus
                0x0800f7ee                USART_ClearITPendingBit
 .text          0x0800f7fc      0xa54 lib/STM32_USB-FS-Device_Driver/libstm32usb.a(usb_core.o)
                0x0800f7fc                Standard_GetConfiguration
                0x0800f824                Standard_GetInterface
                0x0800f84c                Standard_GetStatus
                0x0800f9c0                Standard_SetConfiguration
                0x0800f9fc                Standard_SetInterface
                0x0800fa4c                Standard_ClearFeature
                0x0800fb48                Standard_SetEndPointFeature
                0x0800fbfc                Standard_SetDeviceFeature
                0x0800fc20                Standard_GetDescriptorData
                0x0800fc3c                Post0_Process
                0x0800fc84                Out0_Process
                0x0800fd60                Setup0_Process
                0x08010130                SetDeviceAddress
                0x080101ec                In0_Process
                0x0801024c                NOP_Process
 .text          0x08010250       0x38 lib/STM32_USB-FS-Device_Driver/libstm32usb.a(usb_init.o)
                0x08010250                USB_Init
 .text          0x08010288      0x25c lib/STM32_USB-FS-Device_Driver/libstm32usb.a(usb_int.o)
                0x08010288                CTR_LP
                0x08010450                CTR_HP
 .text          0x080104e4       0xb8 lib/STM32_USB-FS-Device_Driver/libstm32usb.a(usb_mem.o)
                0x080104e4                UserToPMABufferCopy
                0x0801054c                PMAToUserBufferCopy
 .text          0x0801059c      0x880 lib/STM32_USB-FS-Device_Driver/libstm32usb.a(usb_regs.o)
                0x0801059c                SetCNTR
                0x080105a8                GetCNTR
                0x080105b4                SetISTR
                0x080105c0                GetISTR
                0x080105cc                GetFNR
                0x080105d8                SetDADDR
                0x080105e4                GetDADDR
                0x080105f0                SetBTABLE
                0x08010604                GetBTABLE
                0x08010610                SetENDPOINT
                0x08010620                GetENDPOINT
                0x08010630                SetEPType
                0x0801064c                GetEPType
                0x08010660                SetEPTxStatus
                0x080106a0                SetEPRxStatus
                0x080106e0                SetDouBleBuffEPStall
                0x08010708                GetEPTxStatus
                0x0801071c                GetEPRxStatus
                0x08010730                SetEPTxValid
                0x08010754                SetEPRxValid
                0x08010778                SetEP_KIND
                0x08010798                ClearEP_KIND
                0x080107b8                Clear_Status_Out
                0x080107d8                Set_Status_Out
                0x080107f8                SetEPDoubleBuff
                0x08010818                ClearEPDoubleBuff
                0x08010838                GetTxStallStatus
                0x08010858                GetRxStallStatus
                0x08010878                ClearEP_CTR_RX
                0x08010890                ClearEP_CTR_TX
                0x080108a8                ToggleDTOG_RX
                0x080108c8                ToggleDTOG_TX
                0x080108e8                ClearDTOG_RX
                0x08010910                ClearDTOG_TX
                0x08010938                SetEPAddress
                0x0801095c                GetEPAddress
                0x08010970                SetEPTxAddr
                0x08010994                SetEPRxAddr
                0x080109bc                GetEPTxAddr
                0x080109dc                GetEPRxAddr
                0x080109fc                SetEPTxCount
                0x08010a1c                SetEPCountRxReg
                0x08010a48                SetEPRxCount
                0x08010a90                GetEPTxCount
                0x08010ab4                GetEPRxCount
                0x08010ad8                SetEPDblBuffAddr
                0x08010b20                SetEPDblBuf0Addr
                0x08010b44                SetEPDblBuf1Addr
                0x08010b6c                GetEPDblBuf0Addr
                0x08010b8c                GetEPDblBuf1Addr
                0x08010bac                SetEPDblBuffCount
                0x08010c58                SetEPDblBuf0Count
                0x08010cc0                SetEPDblBuf1Count
                0x08010d28                GetEPDblBuf0Count
                0x08010d4c                GetEPDblBuf1Count
                0x08010d70                GetEPDblBufDir
                0x08010db8                FreeUserBuffer
                0x08010e08                ToWord
                0x08010e10                ByteSwap
 .text          0x08010e1c       0x6c lib/STM32_USB-FS-Device_Driver/libstm32usb.a(usb_sil.o)
                0x08010e1c                USB_SIL_Init
                0x08010e3c                USB_SIL_Write
                0x08010e64                USB_SIL_Read
 .text          0x08010e88       0x78 /home/laurence/CodeSourcery/Sourcery_G++_Lite/bin/../lib/gcc/arm-none-eabi/4.5.2/../../../../arm-none-eabi/lib/thumb2/libm.a(lib_a-sf_sin.o)
                0x08010e88                sinf
 .text          0x08010f00       0xa8 /home/laurence/CodeSourcery/Sourcery_G++_Lite/bin/../lib/gcc/arm-none-eabi/4.5.2/../../../../arm-none-eabi/lib/thumb2/libm.a(lib_a-wf_asin.o)
                0x08010f00                asinf
 .text          0x08010fa8       0xa4 /home/laurence/CodeSourcery/Sourcery_G++_Lite/bin/../lib/gcc/arm-none-eabi/4.5.2/../../../../arm-none-eabi/lib/thumb2/libm.a(lib_a-wf_sqrt.o)
                0x08010fa8                sqrtf
 .text          0x0801104c      0x318 /home/laurence/CodeSourcery/Sourcery_G++_Lite/bin/../lib/gcc/arm-none-eabi/4.5.2/../../../../arm-none-eabi/lib/thumb2/libm.a(lib_a-ef_asin.o)
                0x0801104c                __ieee754_asinf
 .text          0x08011364      0x358 /home/laurence/CodeSourcery/Sourcery_G++_Lite/bin/../lib/gcc/arm-none-eabi/4.5.2/../../../../arm-none-eabi/lib/thumb2/libm.a(lib_a-ef_rem_pio2.o)
                0x08011364                __ieee754_rem_pio2f
 .text          0x080116bc       0xb0 /home/laurence/CodeSourcery/Sourcery_G++_Lite/bin/../lib/gcc/arm-none-eabi/4.5.2/../../../../arm-none-eabi/lib/thumb2/libm.a(lib_a-ef_sqrt.o)
                0x080116bc                __ieee754_sqrtf
 .text          0x0801176c      0x1b8 /home/laurence/CodeSourcery/Sourcery_G++_Lite/bin/../lib/gcc/arm-none-eabi/4.5.2/../../../../arm-none-eabi/lib/thumb2/libm.a(lib_a-kf_cos.o)
                0x0801176c                __kernel_cosf
 .text          0x08011924      0x63c /home/laurence/CodeSourcery/Sourcery_G++_Lite/bin/../lib/gcc/arm-none-eabi/4.5.2/../../../../arm-none-eabi/lib/thumb2/libm.a(lib_a-kf_rem_pio2.o)
                0x08011924                __kernel_rem_pio2f
 .text          0x08011f60      0x100 /home/laurence/CodeSourcery/Sourcery_G++_Lite/bin/../lib/gcc/arm-none-eabi/4.5.2/../../../../arm-none-eabi/lib/thumb2/libm.a(lib_a-kf_sin.o)
                0x08011f60                __kernel_sinf
 .text          0x08012060        0x4 /home/laurence/CodeSourcery/Sourcery_G++_Lite/bin/../lib/gcc/arm-none-eabi/4.5.2/../../../../arm-none-eabi/lib/thumb2/libm.a(lib_a-s_matherr.o)
                0x08012060                matherr
 .text          0x08012064        0xc /home/laurence/CodeSourcery/Sourcery_G++_Lite/bin/../lib/gcc/arm-none-eabi/4.5.2/../../../../arm-none-eabi/lib/thumb2/libm.a(lib_a-s_nan.o)
                0x08012064                nan
 .text          0x08012070        0x8 /home/laurence/CodeSourcery/Sourcery_G++_Lite/bin/../lib/gcc/arm-none-eabi/4.5.2/../../../../arm-none-eabi/lib/thumb2/libm.a(lib_a-sf_fabs.o)
                0x08012070                fabsf
 .text          0x08012078       0xa0 /home/laurence/CodeSourcery/Sourcery_G++_Lite/bin/../lib/gcc/arm-none-eabi/4.5.2/../../../../arm-none-eabi/lib/thumb2/libm.a(lib_a-sf_floor.o)
                0x08012078                floorf
 .text          0x08012118       0x7c /home/laurence/CodeSourcery/Sourcery_G++_Lite/bin/../lib/gcc/arm-none-eabi/4.5.2/../../../../arm-none-eabi/lib/thumb2/libm.a(lib_a-sf_fpclassify.o)
                0x08012118                __fpclassifyf
 .text          0x08012194       0xc0 /home/laurence/CodeSourcery/Sourcery_G++_Lite/bin/../lib/gcc/arm-none-eabi/4.5.2/../../../../arm-none-eabi/lib/thumb2/libm.a(lib_a-sf_scalbn.o)
                0x08012194                scalbnf
 .text          0x08012254       0x10 /home/laurence/CodeSourcery/Sourcery_G++_Lite/bin/../lib/gcc/arm-none-eabi/4.5.2/../../../../arm-none-eabi/lib/thumb2/libm.a(lib_a-sf_copysign.o)
                0x08012254                copysignf
 .text          0x08012264      0x370 /home/laurence/CodeSourcery/Sourcery_G++_Lite/bin/../lib/gcc/arm-none-eabi/4.5.2/thumb2/libgcc.a(_arm_addsubdf3.o)
                0x08012264                __aeabi_drsub
                0x0801226c                __aeabi_dsub
                0x0801226c                __subdf3
                0x08012270                __adddf3
                0x08012270                __aeabi_dadd
                0x080124e8                __aeabi_ui2d
                0x080124e8                __floatunsidf
                0x08012508                __floatsidf
                0x08012508                __aeabi_i2d
                0x0801252c                __extendsfdf2
                0x0801252c                __aeabi_f2d
                0x08012568                __aeabi_ul2d
                0x08012568                __floatundidf
                0x08012578                __floatdidf
                0x08012578                __aeabi_l2d
 .text          0x080125d4      0x424 /home/laurence/CodeSourcery/Sourcery_G++_Lite/bin/../lib/gcc/arm-none-eabi/4.5.2/thumb2/libgcc.a(_arm_muldivdf3.o)
                0x080125d4                __aeabi_dmul
                0x080125d4                __muldf3
                0x08012828                __aeabi_ddiv
                0x08012828                __divdf3
 .text          0x080129f8      0x110 /home/laurence/CodeSourcery/Sourcery_G++_Lite/bin/../lib/gcc/arm-none-eabi/4.5.2/thumb2/libgcc.a(_arm_cmpdf2.o)
                0x080129f8                __gtdf2
                0x080129f8                __gedf2
                0x08012a00                __ltdf2
                0x08012a00                __ledf2
                0x08012a08                __cmpdf2
                0x08012a08                __eqdf2
                0x08012a08                __nedf2
                0x08012a84                __aeabi_cdrcmple
                0x08012a94                __aeabi_cdcmple
                0x08012a94                __aeabi_cdcmpeq
                0x08012aa4                __aeabi_dcmpeq
                0x08012ab8                __aeabi_dcmplt
                0x08012acc                __aeabi_dcmple
                0x08012ae0                __aeabi_dcmpge
                0x08012af4                __aeabi_dcmpgt
 .text          0x08012b08       0x50 /home/laurence/CodeSourcery/Sourcery_G++_Lite/bin/../lib/gcc/arm-none-eabi/4.5.2/thumb2/libgcc.a(_arm_fixdfsi.o)
                0x08012b08                __fixdfsi
                0x08012b08                __aeabi_d2iz
 .text          0x08012b58       0x40 /home/laurence/CodeSourcery/Sourcery_G++_Lite/bin/../lib/gcc/arm-none-eabi/4.5.2/thumb2/libgcc.a(_arm_fixunsdfsi.o)
                0x08012b58                __fixunsdfsi
                0x08012b58                __aeabi_d2uiz
 .text          0x08012b98       0xa0 /home/laurence/CodeSourcery/Sourcery_G++_Lite/bin/../lib/gcc/arm-none-eabi/4.5.2/thumb2/libgcc.a(_arm_truncdfsf2.o)
                0x08012b98                __aeabi_d2f
                0x08012b98                __truncdfsf2
 .text          0x08012c38      0x21c /home/laurence/CodeSourcery/Sourcery_G++_Lite/bin/../lib/gcc/arm-none-eabi/4.5.2/thumb2/libgcc.a(_arm_addsubsf3.o)
                0x08012c38                __aeabi_frsub
                0x08012c40                __subsf3
                0x08012c40                __aeabi_fsub
                0x08012c44                __aeabi_fadd
                0x08012c44                __addsf3
                0x08012da4                __aeabi_ui2f
                0x08012da4                __floatunsisf
                0x08012dac                __aeabi_i2f
                0x08012dac                __floatsisf
                0x08012dc8                __floatundisf
                0x08012dc8                __aeabi_ul2f
                0x08012dd8                __floatdisf
                0x08012dd8                __aeabi_l2f
 .text          0x08012e54      0x2a0 /home/laurence/CodeSourcery/Sourcery_G++_Lite/bin/../lib/gcc/arm-none-eabi/4.5.2/thumb2/libgcc.a(_arm_muldivsf3.o)
                0x08012e54                __mulsf3
                0x08012e54                __aeabi_fmul
                0x08012fbc                __divsf3
                0x08012fbc                __aeabi_fdiv
 .text          0x080130f4       0xec /home/laurence/CodeSourcery/Sourcery_G++_Lite/bin/../lib/gcc/arm-none-eabi/4.5.2/thumb2/libgcc.a(_arm_cmpsf2.o)
                0x080130f4                __gtsf2
                0x080130f4                __gesf2
                0x080130fc                __lesf2
                0x080130fc                __ltsf2
                0x08013104                __nesf2
                0x08013104                __eqsf2
                0x08013104                __cmpsf2
                0x08013164                __aeabi_cfrcmple
                0x0801316c                __aeabi_cfcmple
                0x0801316c                __aeabi_cfcmpeq
                0x0801317c                __aeabi_fcmpeq
                0x08013190                __aeabi_fcmplt
                0x080131a4                __aeabi_fcmple
                0x080131b8                __aeabi_fcmpge
                0x080131cc                __aeabi_fcmpgt
 .text          0x080131e0       0x4c /home/laurence/CodeSourcery/Sourcery_G++_Lite/bin/../lib/gcc/arm-none-eabi/4.5.2/thumb2/libgcc.a(_arm_fixsfsi.o)
                0x080131e0                __fixsfsi
                0x080131e0                __aeabi_f2iz
 .text          0x0801322c       0x40 /home/laurence/CodeSourcery/Sourcery_G++_Lite/bin/../lib/gcc/arm-none-eabi/4.5.2/thumb2/libgcc.a(_arm_fixunssfsi.o)
                0x0801322c                __aeabi_f2uiz
                0x0801322c                __fixunssfsi
 .text          0x0801326c        0xc /home/laurence/CodeSourcery/Sourcery_G++_Lite/bin/../lib/gcc/arm-none-eabi/4.5.2/../../../../arm-none-eabi/lib/thumb2/libc.a(lib_a-errno.o)
                0x0801326c                __errno
 .text          0x08013278       0x20 /home/laurence/CodeSourcery/Sourcery_G++_Lite/bin/../lib/gcc/arm-none-eabi/4.5.2/../../../../arm-none-eabi/lib/thumb2/libc.a(lib_a-malloc.o)
                0x08013278                malloc
                0x08013288                free
 .text          0x08013298      0x57c /home/laurence/CodeSourcery/Sourcery_G++_Lite/bin/../lib/gcc/arm-none-eabi/4.5.2/../../../../arm-none-eabi/lib/thumb2/libc.a(lib_a-mallocr.o)
                0x08013298                _malloc_r
 .text          0x08013814       0xb4 /home/laurence/CodeSourcery/Sourcery_G++_Lite/bin/../lib/gcc/arm-none-eabi/4.5.2/../../../../arm-none-eabi/lib/thumb2/libc.a(lib_a-memset.o)
                0x08013814                memset
 .text          0x080138c8        0x8 /home/laurence/CodeSourcery/Sourcery_G++_Lite/bin/../lib/gcc/arm-none-eabi/4.5.2/../../../../arm-none-eabi/lib/thumb2/libc.a(lib_a-mlock.o)
                0x080138c8                __malloc_lock
                0x080138cc                __malloc_unlock
 .text          0x080138d0       0x28 /home/laurence/CodeSourcery/Sourcery_G++_Lite/bin/../lib/gcc/arm-none-eabi/4.5.2/../../../../arm-none-eabi/lib/thumb2/libc.a(lib_a-sbrkr.o)
                0x080138d0                _sbrk_r
 .text          0x080138f8       0x60 /home/laurence/CodeSourcery/Sourcery_G++_Lite/bin/../lib/gcc/arm-none-eabi/4.5.2/../../../../arm-none-eabi/lib/thumb2/libc.a(lib_a-strlen.o)
                0x080138f8                strlen
 .text          0x08013958      0x240 /home/laurence/CodeSourcery/Sourcery_G++_Lite/bin/../lib/gcc/arm-none-eabi/4.5.2/../../../../arm-none-eabi/lib/thumb2/libc.a(lib_a-freer.o)
                0x08013958                _malloc_trim_r
                0x08013a00                _free_r
 .text          0x08013b98       0x30 /home/laurence/CodeSourcery/Sourcery_G++_Lite/bin/../lib/gcc/arm-none-eabi/4.5.2/../../../../arm-none-eabi/lib/thumb2/libcs3.a(start_c.o)
                0x08013b98                __cs3_premain
 .text.cs3.init
                0x08013bc8       0x50 /home/laurence/CodeSourcery/Sourcery_G++_Lite/bin/../lib/gcc/arm-none-eabi/4.5.2/../../../../arm-none-eabi/lib/thumb2/libcs3.a(start_c.o)
                0x08013bc8                __cs3_start_c
 .text          0x08013c18       0x40 /home/laurence/CodeSourcery/Sourcery_G++_Lite/bin/../lib/gcc/arm-none-eabi/4.5.2/../../../../arm-none-eabi/lib/thumb2/libcs3unhosted.a(unhosted-sbrk.o)
                0x08013c18                _sbrk
 .text.cs3.init
                0x08013c58       0x10 /home/laurence/CodeSourcery/Sourcery_G++_Lite/bin/../lib/gcc/arm-none-eabi/4.5.2/../../../../arm-none-eabi/lib/thumb2/libcs3unhosted.a(unhosted-start.o)
                0x08013c58                _start
 .text          0x08013c68        0x2 lib/libcs3-lanchon-stm32.a(lanchon_stm32_isr_interrupt.o)
                0x08013c68                DMAChannel7_IRQHandler
                0x08013c68                DebugMonitor
                0x08013c68                SVCHandler
                0x08013c68                __STM32ReservedException8
                0x08013c68                __STM32DefaultExceptionHandler
                0x08013c68                CAN_SCE_IRQHandler
                0x08013c68                __STM32ReservedException10
                0x08013c68                __STM32ReservedException13
                0x08013c68                PendSVC
                0x08013c68                CAN_RX1_IRQHandler
                0x08013c68                ADC_IRQHandler
                0x08013c68                DMAChannel5_IRQHandler
                0x08013c68                DMAChannel2_IRQHandler
                0x08013c68                __STM32ReservedException7
                0x08013c68                DMAChannel6_IRQHandler
                0x08013c68                DMAChannel3_IRQHandler
                0x08013c68                __STM32ReservedException9
 *fill*         0x08013c6a        0x2 00
 .text          0x08013c6c       0x50 /home/laurence/CodeSourcery/Sourcery_G++_Lite/bin/../lib/gcc/arm-none-eabi/4.5.2/../../../../arm-none-eabi/lib/thumb2/libc.a(lib_a-init.o)
                0x08013c6c                __libc_init_array
 *(.plt)
 *(.gnu.warning)
 *(.glue_7t)
 .glue_7t       0x00000000        0x0 linker stubs
 *(.glue_7)
 .glue_7        0x00000000        0x0 linker stubs
 *(.vfp11_veneer)
 .vfp11_veneer  0x00000000        0x0 linker stubs
 *(.rodata .rodata.* .gnu.linkonce.r.*)
 .rodata        0x08013cbc       0x90 Sensors/ppg_new.o
 .rodata        0x08013d4c       0xac Util/USB/usb_desc.o
                0x08013d4c                MASS_DeviceDescriptor
                0x08013d60                MASS_ConfigDescriptor
                0x08013d80                MASS_StringLangID
                0x08013d84                MASS_StringVendor
                0x08013db8                MASS_StringProduct
                0x08013de8                MASS_StringInterface
 .rodata        0x08013df8     0x7738 Util/fat_fs/option/cc932.o
 .rodata.str1.4
                0x0801b530       0x13 Util/fat_fs/src/ff.o
                                 0x14 (size before relaxing)
 *fill*         0x0801b543        0x1 00
 .rodata        0x0801b544        0xc Util/fat_fs/src/rtc.o
 .rodata        0x0801b550       0x14 Util/rprintf.o
 .rodata.str1.4
                0x0801b564       0x1a Util/rprintf.o
                                 0x1c (size before relaxing)
 *fill*         0x0801b57e        0x2 00
 .rodata        0x0801b580        0x4 i2c_int.o
                0x0801b580                TMP102_setup
 .rodata.str1.4
                0x0801b584       0x10 interrupts.o
 .rodata        0x0801b594       0x14 lib/CMSIS_CM3/system_stm32f10x.o
                0x0801b594                SystemFrequency
                0x0801b598                SystemFrequency_SysClk
                0x0801b59c                SystemFrequency_AHBClk
                0x0801b5a0                SystemFrequency_APB1Clk
                0x0801b5a4                SystemFrequency_APB2Clk
 .rodata.str1.4
                0x0801b5a8       0xcd main.o
                                 0xd4 (size before relaxing)
 *fill*         0x0801b675        0x3 00
 .rodata.str1.4
                0x0801b678       0x16 pwr.o
                                 0x18 (size before relaxing)
 *fill*         0x0801b68e        0x2 00
 .rodata.str1.4
                0x0801b690        0x6 /home/laurence/CodeSourcery/Sourcery_G++_Lite/bin/../lib/gcc/arm-none-eabi/4.5.2/../../../../arm-none-eabi/lib/thumb2/libm.a(lib_a-wf_asin.o)
                                  0xc (size before relaxing)
 *fill*         0x0801b696        0x2 00
 .rodata.str1.4
                0x0801b698        0x8 /home/laurence/CodeSourcery/Sourcery_G++_Lite/bin/../lib/gcc/arm-none-eabi/4.5.2/../../../../arm-none-eabi/lib/thumb2/libm.a(lib_a-wf_sqrt.o)
 .rodata        0x0801b6a0      0x398 /home/laurence/CodeSourcery/Sourcery_G++_Lite/bin/../lib/gcc/arm-none-eabi/4.5.2/../../../../arm-none-eabi/lib/thumb2/libm.a(lib_a-ef_rem_pio2.o)
 .rodata        0x0801ba38       0x38 /home/laurence/CodeSourcery/Sourcery_G++_Lite/bin/../lib/gcc/arm-none-eabi/4.5.2/../../../../arm-none-eabi/lib/thumb2/libm.a(lib_a-kf_rem_pio2.o)
 .rodata        0x0801ba70       0x60 /home/laurence/CodeSourcery/Sourcery_G++_Lite/bin/../lib/gcc/arm-none-eabi/4.5.2/../../../../arm-none-eabi/lib/thumb2/libc.a(lib_a-findfp.o)
                0x0801ba70                __sf_fake_stdin
                0x0801ba90                __sf_fake_stdout
                0x0801bab0                __sf_fake_stderr
 .rodata.str1.4
                0x00000000        0x4 /home/laurence/CodeSourcery/Sourcery_G++_Lite/bin/../lib/gcc/arm-none-eabi/4.5.2/../../../../arm-none-eabi/lib/thumb2/libc.a(lib_a-impure.o)
 *(.ARM.extab* .gnu.linkonce.armextab.*)
 *(.gcc_except_table)
 *(.eh_frame_hdr)
 *(.eh_frame)
                0x0801bad0                . = ALIGN (0x4)
 *(.init)
 .init          0x0801bad0        0x4 /home/laurence/CodeSourcery/Sourcery_G++_Lite/bin/../lib/gcc/arm-none-eabi/4.5.2/thumb2/crti.o
                0x0801bad0                _init
 .init          0x0801bad4        0x8 /home/laurence/CodeSourcery/Sourcery_G++_Lite/bin/../lib/gcc/arm-none-eabi/4.5.2/thumb2/crtn.o
                0x0801badc                . = ALIGN (0x4)
                0x0801badc                _sidata = .
                0x0801badc                __preinit_array_start = .
 *(.preinit_array)
                0x0801badc                __preinit_array_end = .
                0x0801badc                . = ALIGN (0x4)
                0x0801badc                __init_array_start = .
 *(SORT(.init_array.*))
 *(.init_array)
 .init_array    0x0801badc        0x4 /home/laurence/CodeSourcery/Sourcery_G++_Lite/bin/../lib/gcc/arm-none-eabi/4.5.2/thumb2/crtbegin.o
                0x0801bae0                __init_array_end = .
                0x0801bae0                . = ALIGN (0x4)
 *crtbegin.o(.ctors)
 *(EXCLUDE_FILE(*crtend.o) .ctors)
 *(SORT(.ctors.*))
 *crtend.o(.ctors)
                0x0801bae0                . = ALIGN (0x4)
 *(.fini)
 .fini          0x0801bae0        0x4 /home/laurence/CodeSourcery/Sourcery_G++_Lite/bin/../lib/gcc/arm-none-eabi/4.5.2/thumb2/crti.o
                0x0801bae0                _fini
 .fini          0x0801bae4        0x8 /home/laurence/CodeSourcery/Sourcery_G++_Lite/bin/../lib/gcc/arm-none-eabi/4.5.2/thumb2/crtn.o
                0x0801baec                . = ALIGN (0x4)
                0x0801baec                __fini_array_start = .
 *(.fini_array)
 .fini_array    0x0801baec        0x4 /home/laurence/CodeSourcery/Sourcery_G++_Lite/bin/../lib/gcc/arm-none-eabi/4.5.2/thumb2/crtbegin.o
 *(SORT(.fini_array.*))
                0x0801baf0                __fini_array_end = .
 *crtbegin.o(.dtors)
 *(EXCLUDE_FILE(*crtend.o) .dtors)
 *(SORT(.dtors.*))
 *crtend.o(.dtors)
                0x0801baf0                . = ALIGN (0x4)
                0x0801baf0                __cs3_regions = .
                0x0801baf0        0x4 LONG 0x0
                0x0801baf4        0x4 LONG 0x801bb08 __cs3_region_init_ram
                0x0801baf8        0x4 LONG 0x20000000 __cs3_region_start_ram
                0x0801bafc        0x4 LONG 0x698 __cs3_region_init_size_ram
                0x0801bb00        0x4 LONG 0x970 __cs3_region_zero_size_ram
                0x0801bb04                __exidx_start = .

.v4_bx          0x0801bb04        0x0
 .v4_bx         0x00000000        0x0 linker stubs

.ARM.exidx
 *(.ARM.exidx* .gnu.linkonce.armexidx.*)
                0x0801bb04                __exidx_end = .

.text.align     0x0801bb04        0x4
                0x0801bb08                . = ALIGN (0x8)
 *fill*         0x0801bb04        0x4 00
                0x0801bb08                _etext = .
                0x08020000                __cs3_region_end_rom = (__cs3_region_start_rom + 0x20000)
                0x00020000                __cs3_region_size_rom = 0x20000
                0x00000001                __cs3_region_num = 0x1

.data           0x20000000      0x698 load address 0x0801bb08
                0x20000000                __cs3_region_start_ram = .
                0x20000000                _sdata = .
 *(.cs3.region-head.ram)
 *(.jcr)
 .jcr           0x20000000        0x0 /home/laurence/CodeSourcery/Sourcery_G++_Lite/bin/../lib/gcc/arm-none-eabi/4.5.2/thumb2/crtbegin.o
 .jcr           0x20000000        0x4 /home/laurence/CodeSourcery/Sourcery_G++_Lite/bin/../lib/gcc/arm-none-eabi/4.5.2/thumb2/crtend.o
 *(.got.plt)
 *(.got)
 *(.shdata)
 *(.data .data.* .gnu.linkonce.d.*)
 .data          0x20000004       0x74 Util/USB/scsi_data.o
                0x20000004                Standard_Inquiry_Data
                0x20000028                Standard_Inquiry_Data2
                0x2000004c                Mode_Sense6_data
                0x20000050                Mode_Sense10_data
                0x20000058                Scsi_Sense_Data
                0x2000006c                ReadFormatCapacity_Data
 .data          0x20000078       0x1c Util/USB/usb_desc.o
                0x20000078                MASS_StringSerial
 .data          0x20000094       0x38 Util/USB/usb_istr.o
                0x20000094                pEpInt_IN
                0x200000b0                pEpInt_OUT
 .data          0x200000cc       0x90 Util/USB/usb_prop.o
                0x200000cc                String_Descriptor
                0x200000f4                Config_Descriptor
                0x200000fc                Device_Descriptor
                0x20000104                Device_Property
                0x20000134                Device_Table
                0x20000138                User_Standard_Requests
 .data          0x2000015c        0x1 Util/USB/usb_pwr.o
                0x2000015c                fSuspendEnabled
 .data          0x2000015d        0x1 Util/fat_fs/src/sd_spi_stm32.o
 *fill*         0x2000015e        0x2 00
 .data          0x20000160       0x10 i2c_int.o
                0x20000160                I2C_jobs
 .data          0x20000170       0x14 lib/STM32F10x_StdPeriph_Driver/libstm32fw.a(stm32f10x_rcc.o)
 .data          0x20000184        0x1 /home/laurence/CodeSourcery/Sourcery_G++_Lite/bin/../lib/gcc/arm-none-eabi/4.5.2/../../../../arm-none-eabi/lib/thumb2/libm.a(lib_a-s_lib_ver.o)
                0x20000184                __fdlib_version
 *fill*         0x20000185        0x3 00
 .data          0x20000188       0xf4 /home/laurence/CodeSourcery/Sourcery_G++_Lite/bin/../lib/gcc/arm-none-eabi/4.5.2/../../../../arm-none-eabi/lib/thumb2/libc.a(lib_a-impure.o)
                0x20000188                _impure_ptr
 .data          0x2000027c      0x410 /home/laurence/CodeSourcery/Sourcery_G++_Lite/bin/../lib/gcc/arm-none-eabi/4.5.2/../../../../arm-none-eabi/lib/thumb2/libc.a(lib_a-mallocr.o)
                0x2000027c                __malloc_av_
                0x20000684                __malloc_sbrk_base
                0x20000688                __malloc_trim_threshold
 .data          0x2000068c        0x4 /home/laurence/CodeSourcery/Sourcery_G++_Lite/bin/../lib/gcc/arm-none-eabi/4.5.2/../../../../arm-none-eabi/lib/thumb2/libcs3unhosted.a(unhosted-sbrk.o)
 .data          0x20000690        0x4 /home/laurence/CodeSourcery/Sourcery_G++_Lite/bin/../lib/gcc/arm-none-eabi/4.5.2/../../../../arm-none-eabi/lib/thumb2/libcs3.a(heap.o)
                0x20000690                __cs3_heap_limit
 *(.ram)
                0x20000698                . = ALIGN (0x8)
 *fill*         0x20000694        0x4 00
                0x20000698                _edata = .

.bss            0x20000698      0x970 load address 0x0801c1a0
                0x20000698                _sbss = .
 *(.shbss)
 *(.bss .bss.* .gnu.linkonce.b.*)
 .bss           0x20000698        0x1 /home/laurence/CodeSourcery/Sourcery_G++_Lite/bin/../lib/gcc/arm-none-eabi/4.5.2/thumb2/crtbegin.o
 *fill*         0x20000699        0x3 00
 .bss           0x2000069c       0x20 Sensors/ppg_new.o
 .bss           0x200006bc       0x34 Sensors/pressure.o
 .bss           0x200006f0        0x4 Util/USB/mass_mal.o
                0x200006f0                Status
 .bss           0x200006f4       0x1c Util/USB/memory.o
                0x200006f4                TransferState
                0x20000700                Counter
                0x2000070c                Block_Read_count
 .bss           0x20000710       0x10 Util/USB/scsi_data.o
                0x20000710                Page00_Inquiry_Data
                0x20000718                ReadCapacity10_Data
 .bss           0x20000720        0x1 Util/USB/usb_istr.o
                0x20000720                bIntPackSOF
 *fill*         0x20000721        0x3 00
 .bss           0x20000724        0x4 Util/USB/usb_prop.o
                0x20000724                Max_Lun
 .bss           0x20000728        0x4 Util/USB/usb_pwr.o
                0x20000728                bDeviceState
 .bss           0x2000072c        0x8 Util/fat_fs/src/ff.o
 .bss           0x20000734       0x10 Util/fat_fs/src/sd_spi_stm32.o
 .bss           0x20000744       0x84 Util/rprintf.o
 .bss           0x200007c8        0x3 i2c_int.o
 *fill*         0x200007cb        0x1 00
 .bss           0x200007cc       0x18 interrupts.o
 .bss           0x200007e4      0x234 main.o
                0x20000a14                file_opened
 .bss           0x20000a18        0x1 lib/STM32_USB-FS-Device_Driver/libstm32usb.a(usb_core.o)
                0x20000a18                Data_Mul_MaxPacketSize
 *fill*         0x20000a19        0x3 00
 .bss           0x20000a1c       0x34 /home/laurence/CodeSourcery/Sourcery_G++_Lite/bin/../lib/gcc/arm-none-eabi/4.5.2/../../../../arm-none-eabi/lib/thumb2/libc.a(lib_a-mallocr.o)
                0x20000a1c                __malloc_top_pad
                0x20000a20                __malloc_current_mallinfo
                0x20000a48                __malloc_max_sbrked_mem
                0x20000a4c                __malloc_max_total_mem
 *(COMMON)
 COMMON         0x20000a50        0xc Sensors/ppg_new.o
                0x20000a50                Last_PPG_Values
 COMMON         0x20000a5c        0x8 Sensors/pressure.o
                0x20000a5c                Reported_Pressure
                0x20000a60                Pressure_Offset
 COMMON         0x20000a64        0xa Sensors/temperature.o
                0x20000a64                Device_Temperature
                0x20000a68                TMP102_Reported_Temperature
                0x20000a6c                TMP102_Data_Buffer
 *fill*         0x20000a6e        0x2 00
 COMMON         0x20000a70       0x1c Util/USB/mass_mal.o
                0x20000a70                Mass_Memory_Size
                0x20000a78                Mass_Block_Size
                0x20000a80                Mass_Block_Count
                0x20000a88                Data_Buffer
 COMMON         0x20000a8c        0x8 Util/USB/memory.o
                0x20000a8c                Block_offset
                0x20000a90                Idx
 COMMON         0x20000a94       0x7c Util/USB/usb_bot.o
                0x20000a94                CBW
                0x20000ab4                Data_Len
                0x20000ab6                Bot_State
                0x20000ab8                SCSI_LBA
                0x20000abc                CSW
                0x20000acc                SCSI_BlkLen
                0x20000ad0                Bulk_Data_Buff
 COMMON         0x20000b10        0x2 Util/USB/usb_istr.o
                0x20000b10                wIstr
 *fill*         0x20000b12        0x2 00
 COMMON         0x20000b14        0x2 Util/USB/usb_pwr.o
                0x20000b14                ResumeS
 COMMON         0x20000b16        0x1 Util/fat_fs/src/sd_spi_stm32.o
                0x20000b16                Sd_Spi_Called_From_USB_MSC
 *fill*         0x20000b17        0x1 00
 COMMON         0x20000b18        0x4 adc.o
                0x20000b18                ADC1_Convertion_buff
 COMMON         0x20000b1c        0x1 gpio.o
                0x20000b1c                bootsource
 *fill*         0x20000b1d        0x3 00
 COMMON         0x20000b20        0xd i2c_int.o
                0x20000b20                I2C1error
                0x20000b24                Jobs
                0x20000b28                Completed_Jobs
                0x20000b2c                job
 COMMON         0x20000b2d        0x1 interrupts.o
                0x20000b2d                Button_hold_tim
 *fill*         0x20000b2e        0x2 00
 COMMON         0x20000b30      0x498 main.o
                0x20000b30                Pressure_control
                0x20000b34                Temperatures_Buffer
                0x20000b40                f_err_code
                0x20000b44                Buff
                0x20000b68                System_state_Global
                0x20000b6c                Millis
                0x20000b70                Sensors
                0x20000b74                FATFS_info
                0x20000b94                Pressures_Buffer
                0x20000ba0                Pressure_Setpoint
                0x20000ba4                print_string
                0x20000ca4                Thermistor_Buffer
                0x20000cb0                a
                0x20000cb4                FATFS_logfile
                0x20000ed8                my_reent
 COMMON         0x20000fc8        0x2 lib/STM32_USB-FS-Device_Driver/libstm32usb.a(usb_core.o)
                0x20000fc8                StatusInfo
 *fill*         0x20000fca        0x2 00
 COMMON         0x20000fcc       0x32 lib/STM32_USB-FS-Device_Driver/libstm32usb.a(usb_init.o)
                0x20000fcc                SaveState
                0x20000fd0                pProperty
                0x20000fd4                EPindex
                0x20000fd8                Device_Info
                0x20000ff4                pUser_Standard_Requests
                0x20000ff8                pInformation
                0x20000ffc                wInterrupt_Mask
 COMMON         0x20000ffe        0x4 lib/STM32_USB-FS-Device_Driver/libstm32usb.a(usb_int.o)
                0x20000ffe                SaveRState
                0x20001000                SaveTState
 *fill*         0x20001002        0x2 00
 COMMON         0x20001004        0x4 /home/laurence/CodeSourcery/Sourcery_G++_Lite/bin/../lib/gcc/arm-none-eabi/4.5.2/../../../../arm-none-eabi/lib/thumb2/libc.a(lib_a-reent.o)
                0x20001004                errno
 *(.ram.b)
                0x20001008                . = ALIGN (0x8)
                0x20001008                _ebss = .

.noinit         0x20001008        0x0 load address 0x0801c1a0
 *(.noinit)
                0x20001008                . = ALIGN (0x8)
                0x20001008                _end = .
                0x20005000                __cs3_region_end_ram = (__cs3_region_start_ram + 0x5000)
                0x00005000                __cs3_region_size_ram = 0x5000
                0x0801bb08                __cs3_region_init_ram = LOADADDR (.data)
                0x00000698                __cs3_region_init_size_ram = (_edata - ADDR (.data))
                0x00000970                __cs3_region_zero_size_ram = (_end - _edata)
                0x00000001                __cs3_region_num = 0x1

.stab
 *(.stab)

.stabstr
 *(.stabstr)

.debug
 *(.debug)

.line
 *(.line)

.debug_srcinfo
 *(.debug_srcinfo)

.debug_sfnames
 *(.debug_sfnames)

.comment        0x00000000       0x2a
 .comment       0x00000000       0x2a Sensors/ppg_new.o
                                 0x2b (size before relaxing)
 .comment       0x00000000       0x2b Sensors/pressure.o
 .comment       0x00000000       0x2b Sensors/temperature.o
 .comment       0x00000000       0x2b Util/USB/hw_config.o
 .comment       0x00000000       0x2b Util/USB/mass_mal.o
 .comment       0x00000000       0x2b Util/USB/memory.o
 .comment       0x00000000       0x2b Util/USB/scsi_data.o
 .comment       0x00000000       0x2b Util/USB/usb_bot.o
 .comment       0x00000000       0x2b Util/USB/usb_desc.o
 .comment       0x00000000       0x2b Util/USB/usb_endp.o
 .comment       0x00000000       0x2b Util/USB/usb_istr.o
 .comment       0x00000000       0x2b Util/USB/usb_prop.o
 .comment       0x00000000       0x2b Util/USB/usb_pwr.o
 .comment       0x00000000       0x2b Util/USB/usb_scsi.o
 .comment       0x00000000       0x2b Util/buffer.o
 .comment       0x00000000       0x2b Util/delay.o
 .comment       0x00000000       0x2b Util/fat_fs/option/cc932.o
 .comment       0x00000000       0x2b Util/fat_fs/option/syscall.o
 .comment       0x00000000       0x2b Util/fat_fs/src/fattime.o
 .comment       0x00000000       0x2b Util/fat_fs/src/ff.o
 .comment       0x00000000       0x2b Util/fat_fs/src/rtc.o
 .comment       0x00000000       0x2b Util/fat_fs/src/sd_spi_stm32.o
 .comment       0x00000000       0x2b Util/rprintf.o
 .comment       0x00000000       0x2b adc.o
 .comment       0x00000000       0x2b gpio.o
 .comment       0x00000000       0x2b i2c_int.o
 .comment       0x00000000       0x2b interrupts.o
 .comment       0x00000000       0x2b lib/CMSIS_CM3/core_cm3.o
 .comment       0x00000000       0x2b lib/CMSIS_CM3/system_stm32f10x.o
 .comment       0x00000000       0x2b main.o
 .comment       0x00000000       0x2b pwr.o
 .comment       0x00000000       0x2b timer.o
 .comment       0x00000000       0x2b usart.o
 .comment       0x00000000       0x2b watchdog.o
 .comment       0x00000000       0x2b lib/STM32F10x_StdPeriph_Driver/libstm32fw.a(misc.o)
 .comment       0x00000000       0x2b lib/STM32F10x_StdPeriph_Driver/libstm32fw.a(stm32f10x_adc.o)
 .comment       0x00000000       0x2b lib/STM32F10x_StdPeriph_Driver/libstm32fw.a(stm32f10x_bkp.o)
 .comment       0x00000000       0x2b lib/STM32F10x_StdPeriph_Driver/libstm32fw.a(stm32f10x_dbgmcu.o)
 .comment       0x00000000       0x2b lib/STM32F10x_StdPeriph_Driver/libstm32fw.a(stm32f10x_dma.o)
 .comment       0x00000000       0x2b lib/STM32F10x_StdPeriph_Driver/libstm32fw.a(stm32f10x_exti.o)
 .comment       0x00000000       0x2b lib/STM32F10x_StdPeriph_Driver/libstm32fw.a(stm32f10x_gpio.o)
 .comment       0x00000000       0x2b lib/STM32F10x_StdPeriph_Driver/libstm32fw.a(stm32f10x_i2c.o)
 .comment       0x00000000       0x2b lib/STM32F10x_StdPeriph_Driver/libstm32fw.a(stm32f10x_iwdg.o)
 .comment       0x00000000       0x2b lib/STM32F10x_StdPeriph_Driver/libstm32fw.a(stm32f10x_pwr.o)
 .comment       0x00000000       0x2b lib/STM32F10x_StdPeriph_Driver/libstm32fw.a(stm32f10x_rcc.o)
 .comment       0x00000000       0x2b lib/STM32F10x_StdPeriph_Driver/libstm32fw.a(stm32f10x_rtc.o)
 .comment       0x00000000       0x2b lib/STM32F10x_StdPeriph_Driver/libstm32fw.a(stm32f10x_spi.o)
 .comment       0x00000000       0x2b lib/STM32F10x_StdPeriph_Driver/libstm32fw.a(stm32f10x_tim.o)
 .comment       0x00000000       0x2b lib/STM32F10x_StdPeriph_Driver/libstm32fw.a(stm32f10x_usart.o)
 .comment       0x00000000       0x2b lib/STM32_USB-FS-Device_Driver/libstm32usb.a(usb_core.o)
 .comment       0x00000000       0x2b lib/STM32_USB-FS-Device_Driver/libstm32usb.a(usb_init.o)
 .comment       0x00000000       0x2b lib/STM32_USB-FS-Device_Driver/libstm32usb.a(usb_int.o)
 .comment       0x00000000       0x2b lib/STM32_USB-FS-Device_Driver/libstm32usb.a(usb_mem.o)
 .comment       0x00000000       0x2b lib/STM32_USB-FS-Device_Driver/libstm32usb.a(usb_regs.o)
 .comment       0x00000000       0x2b lib/STM32_USB-FS-Device_Driver/libstm32usb.a(usb_sil.o)

.debug_aranges  0x00000000      0x408
 *(.debug_aranges)
 .debug_aranges
                0x00000000       0x20 Sensors/ppg_new.o
 .debug_aranges
                0x00000020       0x20 Sensors/pressure.o
 .debug_aranges
                0x00000040       0x20 Sensors/temperature.o
 .debug_aranges
                0x00000060       0x20 Util/USB/hw_config.o
 .debug_aranges
                0x00000080       0x20 Util/USB/mass_mal.o
 .debug_aranges
                0x000000a0       0x20 Util/USB/memory.o
 .debug_aranges
                0x000000c0       0x20 Util/USB/usb_bot.o
 .debug_aranges
                0x000000e0       0x20 Util/USB/usb_endp.o
 .debug_aranges
                0x00000100       0x20 Util/USB/usb_istr.o
 .debug_aranges
                0x00000120       0x20 Util/USB/usb_prop.o
 .debug_aranges
                0x00000140       0x20 Util/USB/usb_pwr.o
 .debug_aranges
                0x00000160       0x20 Util/USB/usb_scsi.o
 .debug_aranges
                0x00000180       0x20 Util/buffer.o
 .debug_aranges
                0x000001a0       0x20 Util/delay.o
 .debug_aranges
                0x000001c0       0x20 Util/fat_fs/option/cc932.o
 .debug_aranges
                0x000001e0       0x20 Util/fat_fs/src/fattime.o
 .debug_aranges
                0x00000200       0x20 Util/fat_fs/src/ff.o
 .debug_aranges
                0x00000220       0x20 Util/fat_fs/src/rtc.o
 .debug_aranges
                0x00000240       0x20 Util/fat_fs/src/sd_spi_stm32.o
 .debug_aranges
                0x00000260       0x20 Util/rprintf.o
 .debug_aranges
                0x00000280       0x20 adc.o
 .debug_aranges
                0x000002a0       0x20 gpio.o
 .debug_aranges
                0x000002c0       0x20 i2c_int.o
 .debug_aranges
                0x000002e0       0x20 interrupts.o
 .debug_aranges
                0x00000300       0x20 lib/CMSIS_CM3/core_cm3.o
 .debug_aranges
                0x00000320       0x28 lib/CMSIS_CM3/startup/gcc/startup_stm32f10x_md.o
 .debug_aranges
                0x00000348       0x20 lib/CMSIS_CM3/system_stm32f10x.o
 .debug_aranges
                0x00000368       0x20 main.o
 .debug_aranges
                0x00000388       0x20 pwr.o
 .debug_aranges
                0x000003a8       0x20 timer.o
 .debug_aranges
                0x000003c8       0x20 usart.o
 .debug_aranges
                0x000003e8       0x20 watchdog.o

.debug_pubnames
                0x00000000     0x1713
 *(.debug_pubnames)
 .debug_pubnames
                0x00000000       0x87 Sensors/ppg_new.o
 .debug_pubnames
                0x00000087       0x80 Sensors/pressure.o
 .debug_pubnames
                0x00000107       0xa9 Sensors/temperature.o
 .debug_pubnames
                0x000001b0      0x113 Util/USB/hw_config.o
 .debug_pubnames
                0x000002c3       0xa5 Util/USB/mass_mal.o
 .debug_pubnames
                0x00000368       0x7f Util/USB/memory.o
 .debug_pubnames
                0x000003e7       0xd2 Util/USB/scsi_data.o
 .debug_pubnames
                0x000004b9       0xd9 Util/USB/usb_bot.o
 .debug_pubnames
                0x00000592       0xb8 Util/USB/usb_desc.o
 .debug_pubnames
                0x0000064a       0x3b Util/USB/usb_endp.o
 .debug_pubnames
                0x00000685       0x56 Util/USB/usb_istr.o
 .debug_pubnames
                0x000006db      0x1f6 Util/USB/usb_prop.o
 .debug_pubnames
                0x000008d1       0x83 Util/USB/usb_pwr.o
 .debug_pubnames
                0x00000954      0x195 Util/USB/usb_scsi.o
 .debug_pubnames
                0x00000ae9       0x59 Util/buffer.o
 .debug_pubnames
                0x00000b42       0x1c Util/delay.o
 .debug_pubnames
                0x00000b5e       0x31 Util/fat_fs/option/cc932.o
 .debug_pubnames
                0x00000b8f       0x22 Util/fat_fs/src/fattime.o
 .debug_pubnames
                0x00000bb1      0x14a Util/fat_fs/src/ff.o
 .debug_pubnames
                0x00000cfb       0x55 Util/fat_fs/src/rtc.o
 .debug_pubnames
                0x00000d50       0xdb Util/fat_fs/src/sd_spi_stm32.o
 .debug_pubnames
                0x00000e2b       0xf9 Util/rprintf.o
 .debug_pubnames
                0x00000f24       0x66 adc.o
 .debug_pubnames
                0x00000f8a       0x72 gpio.o
 .debug_pubnames
                0x00000ffc       0xc7 i2c_int.o
 .debug_pubnames
                0x000010c3      0x1a8 interrupts.o
 .debug_pubnames
                0x0000126b      0x159 lib/CMSIS_CM3/core_cm3.o
 .debug_pubnames
                0x000013c4       0xa3 lib/CMSIS_CM3/system_stm32f10x.o
 .debug_pubnames
                0x00001467      0x179 main.o
 .debug_pubnames
                0x000015e0       0x54 pwr.o
 .debug_pubnames
                0x00001634       0x3b timer.o
 .debug_pubnames
                0x0000166f       0x64 usart.o
 .debug_pubnames
                0x000016d3       0x40 watchdog.o

.debug_info     0x00000000     0xe144
 *(.debug_info .gnu.linkonce.wi.*)
 .debug_info    0x00000000      0x6cb Sensors/ppg_new.o
 .debug_info    0x000006cb      0x1ed Sensors/pressure.o
 .debug_info    0x000008b8      0x150 Sensors/temperature.o
 .debug_info    0x00000a08      0x738 Util/USB/hw_config.o
 .debug_info    0x00001140      0x336 Util/USB/mass_mal.o
 .debug_info    0x00001476      0x39f Util/USB/memory.o
 .debug_info    0x00001815      0x16b Util/USB/scsi_data.o
 .debug_info    0x00001980      0x49d Util/USB/usb_bot.o
 .debug_info    0x00001e1d      0x187 Util/USB/usb_desc.o
 .debug_info    0x00001fa4       0x98 Util/USB/usb_endp.o
 .debug_info    0x0000203c      0x311 Util/USB/usb_istr.o
 .debug_info    0x0000234d      0x9bb Util/USB/usb_prop.o
 .debug_info    0x00002d08      0x3c3 Util/USB/usb_pwr.o
 .debug_info    0x000030cb      0x87e Util/USB/usb_scsi.o
 .debug_info    0x00003949      0x1ba Util/buffer.o
 .debug_info    0x00003b03       0xc8 Util/delay.o
 .debug_info    0x00003bcb      0x1b9 Util/fat_fs/option/cc932.o
 .debug_info    0x00003d84       0x77 Util/fat_fs/option/syscall.o
 .debug_info    0x00003dfb      0x15a Util/fat_fs/src/fattime.o
 .debug_info    0x00003f55     0x3272 Util/fat_fs/src/ff.o
 .debug_info    0x000071c7      0x532 Util/fat_fs/src/rtc.o
 .debug_info    0x000076f9     0x1387 Util/fat_fs/src/sd_spi_stm32.o
 .debug_info    0x00008a80      0xe1f Util/rprintf.o
 .debug_info    0x0000989f      0x44d adc.o
 .debug_info    0x00009cec      0x2a3 gpio.o
 .debug_info    0x00009f8f      0x6ba i2c_int.o
 .debug_info    0x0000a649      0xea6 interrupts.o
 .debug_info    0x0000b4ef      0x543 lib/CMSIS_CM3/core_cm3.o
 .debug_info    0x0000ba32       0x79 lib/CMSIS_CM3/startup/gcc/startup_stm32f10x_md.o
 .debug_info    0x0000baab      0x2d0 lib/CMSIS_CM3/system_stm32f10x.o
 .debug_info    0x0000bd7b     0x1539 main.o
 .debug_info    0x0000d2b4      0x346 pwr.o
 .debug_info    0x0000d5fa      0x623 timer.o
 .debug_info    0x0000dc1d      0x449 usart.o
 .debug_info    0x0000e066       0xde watchdog.o

.debug_abbrev   0x00000000     0x3023
 *(.debug_abbrev)
 .debug_abbrev  0x00000000      0x1d1 Sensors/ppg_new.o
 .debug_abbrev  0x000001d1      0x10a Sensors/pressure.o
 .debug_abbrev  0x000002db       0x79 Sensors/temperature.o
 .debug_abbrev  0x00000354      0x2d3 Util/USB/hw_config.o
 .debug_abbrev  0x00000627      0x111 Util/USB/mass_mal.o
 .debug_abbrev  0x00000738      0x148 Util/USB/memory.o
 .debug_abbrev  0x00000880       0x5c Util/USB/scsi_data.o
 .debug_abbrev  0x000008dc      0x198 Util/USB/usb_bot.o
 .debug_abbrev  0x00000a74       0x63 Util/USB/usb_desc.o
 .debug_abbrev  0x00000ad7       0x41 Util/USB/usb_endp.o
 .debug_abbrev  0x00000b18      0x113 Util/USB/usb_istr.o
 .debug_abbrev  0x00000c2b      0x1d0 Util/USB/usb_prop.o
 .debug_abbrev  0x00000dfb      0x1bd Util/USB/usb_pwr.o
 .debug_abbrev  0x00000fb8      0x253 Util/USB/usb_scsi.o
 .debug_abbrev  0x0000120b       0xd8 Util/buffer.o
 .debug_abbrev  0x000012e3       0x7e Util/delay.o
 .debug_abbrev  0x00001361       0xd2 Util/fat_fs/option/cc932.o
 .debug_abbrev  0x00001433       0x2c Util/fat_fs/option/syscall.o
 .debug_abbrev  0x0000145f       0x97 Util/fat_fs/src/fattime.o
 .debug_abbrev  0x000014f6      0x2f7 Util/fat_fs/src/ff.o
 .debug_abbrev  0x000017ed      0x213 Util/fat_fs/src/rtc.o
 .debug_abbrev  0x00001a00      0x37f Util/fat_fs/src/sd_spi_stm32.o
 .debug_abbrev  0x00001d7f      0x2e4 Util/rprintf.o
 .debug_abbrev  0x00002063      0x143 adc.o
 .debug_abbrev  0x000021a6      0x158 gpio.o
 .debug_abbrev  0x000022fe      0x1f5 i2c_int.o
 .debug_abbrev  0x000024f3      0x22d interrupts.o
 .debug_abbrev  0x00002720       0xd2 lib/CMSIS_CM3/core_cm3.o
 .debug_abbrev  0x000027f2       0x12 lib/CMSIS_CM3/startup/gcc/startup_stm32f10x_md.o
 .debug_abbrev  0x00002804      0x112 lib/CMSIS_CM3/system_stm32f10x.o
 .debug_abbrev  0x00002916      0x28b main.o
 .debug_abbrev  0x00002ba1      0x10c pwr.o
 .debug_abbrev  0x00002cad      0x15b timer.o
 .debug_abbrev  0x00002e08      0x186 usart.o
 .debug_abbrev  0x00002f8e       0x95 watchdog.o

.debug_line     0x00000000     0xd417
 *(.debug_line)
 .debug_line    0x00000000      0x7d8 Sensors/ppg_new.o
 .debug_line    0x000007d8      0x39a Sensors/pressure.o
 .debug_line    0x00000b72      0x505 Sensors/temperature.o
 .debug_line    0x00001077      0x92a Util/USB/hw_config.o
 .debug_line    0x000019a1      0x7a1 Util/USB/mass_mal.o
 .debug_line    0x00002142      0x7e2 Util/USB/memory.o
 .debug_line    0x00002924      0x339 Util/USB/scsi_data.o
 .debug_line    0x00002c5d      0x55c Util/USB/usb_bot.o
 .debug_line    0x000031b9      0x2ed Util/USB/usb_desc.o
 .debug_line    0x000034a6      0x3ba Util/USB/usb_endp.o
 .debug_line    0x00003860      0x3f5 Util/USB/usb_istr.o
 .debug_line    0x00003c55      0x7f3 Util/USB/usb_prop.o
 .debug_line    0x00004448      0x44d Util/USB/usb_pwr.o
 .debug_line    0x00004895      0x991 Util/USB/usb_scsi.o
 .debug_line    0x00005226      0x4be Util/buffer.o
 .debug_line    0x000056e4      0x2fd Util/delay.o
 .debug_line    0x000059e1       0xd8 Util/fat_fs/option/cc932.o
 .debug_line    0x00005ab9      0x2fc Util/fat_fs/option/syscall.o
 .debug_line    0x00005db5      0x179 Util/fat_fs/src/fattime.o
 .debug_line    0x00005f2e     0x1ed8 Util/fat_fs/src/ff.o
 .debug_line    0x00007e06      0x47f Util/fat_fs/src/rtc.o
 .debug_line    0x00008285      0xc8e Util/fat_fs/src/sd_spi_stm32.o
 .debug_line    0x00008f13      0xd16 Util/rprintf.o
 .debug_line    0x00009c29      0x70f adc.o
 .debug_line    0x0000a338      0x441 gpio.o
 .debug_line    0x0000a779      0x6c2 i2c_int.o
 .debug_line    0x0000ae3b      0x7f8 interrupts.o
 .debug_line    0x0000b633      0x198 lib/CMSIS_CM3/core_cm3.o
 .debug_line    0x0000b7cb       0x84 lib/CMSIS_CM3/startup/gcc/startup_stm32f10x_md.o
 .debug_line    0x0000b84f      0x336 lib/CMSIS_CM3/system_stm32f10x.o
 .debug_line    0x0000bb85      0x87a main.o
 .debug_line    0x0000c3ff      0x3a4 pwr.o
 .debug_line    0x0000c7a3      0x3cc timer.o
 .debug_line    0x0000cb6f      0x5a0 usart.o
 .debug_line    0x0000d10f      0x308 watchdog.o

.debug_frame    0x00000000     0x21ac
 *(.debug_frame)
 .debug_frame   0x00000000       0x98 Sensors/ppg_new.o
 .debug_frame   0x00000098       0x8c Sensors/pressure.o
 .debug_frame   0x00000124       0x58 Sensors/temperature.o
 .debug_frame   0x0000017c       0xec Util/USB/hw_config.o
 .debug_frame   0x00000268       0x84 Util/USB/mass_mal.o
 .debug_frame   0x000002ec       0x50 Util/USB/memory.o
 .debug_frame   0x0000033c       0xc0 Util/USB/usb_bot.o
 .debug_frame   0x000003fc       0x30 Util/USB/usb_endp.o
 .debug_frame   0x0000042c       0x2c Util/USB/usb_istr.o
 .debug_frame   0x00000458      0x11c Util/USB/usb_prop.o
 .debug_frame   0x00000574       0x90 Util/USB/usb_pwr.o
 .debug_frame   0x00000604      0x180 Util/USB/usb_scsi.o
 .debug_frame   0x00000784       0x74 Util/buffer.o
 .debug_frame   0x000007f8       0x24 Util/delay.o
 .debug_frame   0x0000081c       0x3c Util/fat_fs/option/cc932.o
 .debug_frame   0x00000858       0x2c Util/fat_fs/src/fattime.o
 .debug_frame   0x00000884      0x564 Util/fat_fs/src/ff.o
 .debug_frame   0x00000de8       0x84 Util/fat_fs/src/rtc.o
 .debug_frame   0x00000e6c      0x198 Util/fat_fs/src/sd_spi_stm32.o
 .debug_frame   0x00001004      0x1d4 Util/rprintf.o
 .debug_frame   0x000011d8       0x78 adc.o
 .debug_frame   0x00001250       0x78 gpio.o
 .debug_frame   0x000012c8       0xa0 i2c_int.o
 .debug_frame   0x00001368      0x19c interrupts.o
 .debug_frame   0x00001504      0x170 lib/CMSIS_CM3/core_cm3.o
 .debug_frame   0x00001674       0x24 lib/CMSIS_CM3/system_stm32f10x.o
 .debug_frame   0x00001698       0x94 main.o
 .debug_frame   0x0000172c       0x70 pwr.o
 .debug_frame   0x0000179c       0x5c timer.o
 .debug_frame   0x000017f8       0x78 usart.o
 .debug_frame   0x00001870       0x40 watchdog.o
 .debug_frame   0x000018b0       0x2c /home/laurence/CodeSourcery/Sourcery_G++_Lite/bin/../lib/gcc/arm-none-eabi/4.5.2/../../../../arm-none-eabi/lib/thumb2/libm.a(lib_a-sf_sin.o)
 .debug_frame   0x000018dc       0x30 /home/laurence/CodeSourcery/Sourcery_G++_Lite/bin/../lib/gcc/arm-none-eabi/4.5.2/../../../../arm-none-eabi/lib/thumb2/libm.a(lib_a-wf_asin.o)
 .debug_frame   0x0000190c       0x30 /home/laurence/CodeSourcery/Sourcery_G++_Lite/bin/../lib/gcc/arm-none-eabi/4.5.2/../../../../arm-none-eabi/lib/thumb2/libm.a(lib_a-wf_sqrt.o)
 .debug_frame   0x0000193c       0x34 /home/laurence/CodeSourcery/Sourcery_G++_Lite/bin/../lib/gcc/arm-none-eabi/4.5.2/../../../../arm-none-eabi/lib/thumb2/libm.a(lib_a-ef_asin.o)