Archive member included because of file (symbol)

lib/STM32F10x_StdPeriph_Driver/libstm32fw.a(misc.o)
                              Util/USB/hw_config.o (NVIC_PriorityGroupConfig)
lib/STM32F10x_StdPeriph_Driver/libstm32fw.a(stm32f10x_adc.o)
                              adc.o (ADC_DeInit)
lib/STM32F10x_StdPeriph_Driver/libstm32fw.a(stm32f10x_bkp.o)
                              Util/fat_fs/src/rtc.o (BKP_DeInit)
lib/STM32F10x_StdPeriph_Driver/libstm32fw.a(stm32f10x_dbgmcu.o)
                              main.o (DBGMCU_Config)
lib/STM32F10x_StdPeriph_Driver/libstm32fw.a(stm32f10x_dma.o)
                              Util/fat_fs/src/sd_spi_stm32.o (DMA_DeInit)
lib/STM32F10x_StdPeriph_Driver/libstm32fw.a(stm32f10x_exti.o)
                              interrupts.o (EXTI_DeInit)
lib/STM32F10x_StdPeriph_Driver/libstm32fw.a(stm32f10x_gpio.o)
                              Util/fat_fs/src/sd_spi_stm32.o (GPIO_Init)
lib/STM32F10x_StdPeriph_Driver/libstm32fw.a(stm32f10x_i2c.o)
                              i2c_int.o (I2C_DeInit)
lib/STM32F10x_StdPeriph_Driver/libstm32fw.a(stm32f10x_iwdg.o)
                              watchdog.o (IWDG_WriteAccessCmd)
lib/STM32F10x_StdPeriph_Driver/libstm32fw.a(stm32f10x_pwr.o)
                              pwr.o (PWR_DeInit)
lib/STM32F10x_StdPeriph_Driver/libstm32fw.a(stm32f10x_rcc.o)
                              interrupts.o (RCC_HCLKConfig)
lib/STM32F10x_StdPeriph_Driver/libstm32fw.a(stm32f10x_rtc.o)
                              Util/fat_fs/src/rtc.o (RTC_GetCounter)
lib/STM32F10x_StdPeriph_Driver/libstm32fw.a(stm32f10x_spi.o)
                              Util/fat_fs/src/sd_spi_stm32.o (SPI_I2S_DeInit)
lib/STM32F10x_StdPeriph_Driver/libstm32fw.a(stm32f10x_tim.o)
                              timer.o (TIM_DeInit)
lib/STM32F10x_StdPeriph_Driver/libstm32fw.a(stm32f10x_usart.o)
                              usart.o (USART_Init)
lib/STM32_USB-FS-Device_Driver/libstm32usb.a(usb_core.o)
                              Util/USB/usb_prop.o (Standard_GetDescriptorData)
lib/STM32_USB-FS-Device_Driver/libstm32usb.a(usb_init.o)
                              main.o (USB_Init)
lib/STM32_USB-FS-Device_Driver/libstm32usb.a(usb_int.o)
                              Util/USB/usb_istr.o (CTR_LP)
lib/STM32_USB-FS-Device_Driver/libstm32usb.a(usb_mem.o)
                              lib/STM32_USB-FS-Device_Driver/libstm32usb.a(usb_core.o) (UserToPMABufferCopy)
lib/STM32_USB-FS-Device_Driver/libstm32usb.a(usb_regs.o)
                              Util/USB/usb_prop.o (SetBTABLE)
lib/STM32_USB-FS-Device_Driver/libstm32usb.a(usb_sil.o)
                              Util/USB/usb_prop.o (USB_SIL_Init)
/home/laurence/CodeSourcery/Sourcery_G++_Lite/bin/../lib/gcc/arm-none-eabi/4.5.2/../../../../arm-none-eabi/lib/thumb2/libm.a(lib_a-sf_sin.o)
                              Sensors/ppg_new.o (sinf)
/home/laurence/CodeSourcery/Sourcery_G++_Lite/bin/../lib/gcc/arm-none-eabi/4.5.2/../../../../arm-none-eabi/lib/thumb2/libm.a(lib_a-wf_asin.o)
                              Sensors/ppg_new.o (asinf)
/home/laurence/CodeSourcery/Sourcery_G++_Lite/bin/../lib/gcc/arm-none-eabi/4.5.2/../../../../arm-none-eabi/lib/thumb2/libm.a(lib_a-wf_sqrt.o)
                              Sensors/ppg_new.o (sqrtf)
/home/laurence/CodeSourcery/Sourcery_G++_Lite/bin/../lib/gcc/arm-none-eabi/4.5.2/../../../../arm-none-eabi/lib/thumb2/libm.a(lib_a-ef_asin.o)
                              /home/laurence/CodeSourcery/Sourcery_G++_Lite/bin/../lib/gcc/arm-none-eabi/4.5.2/../../../../arm-none-eabi/lib/thumb2/libm.a(lib_a-wf_asin.o) (__ieee754_asinf)
/home/laurence/CodeSourcery/Sourcery_G++_Lite/bin/../lib/gcc/arm-none-eabi/4.5.2/../../../../arm-none-eabi/lib/thumb2/libm.a(lib_a-ef_rem_pio2.o)
                              /home/laurence/CodeSourcery/Sourcery_G++_Lite/bin/../lib/gcc/arm-none-eabi/4.5.2/../../../../arm-none-eabi/lib/thumb2/libm.a(lib_a-sf_sin.o) (__ieee754_rem_pio2f)
/home/laurence/CodeSourcery/Sourcery_G++_Lite/bin/../lib/gcc/arm-none-eabi/4.5.2/../../../../arm-none-eabi/lib/thumb2/libm.a(lib_a-ef_sqrt.o)
                              /home/laurence/CodeSourcery/Sourcery_G++_Lite/bin/../lib/gcc/arm-none-eabi/4.5.2/../../../../arm-none-eabi/lib/thumb2/libm.a(lib_a-wf_sqrt.o) (__ieee754_sqrtf)
/home/laurence/CodeSourcery/Sourcery_G++_Lite/bin/../lib/gcc/arm-none-eabi/4.5.2/../../../../arm-none-eabi/lib/thumb2/libm.a(lib_a-kf_cos.o)
                              /home/laurence/CodeSourcery/Sourcery_G++_Lite/bin/../lib/gcc/arm-none-eabi/4.5.2/../../../../arm-none-eabi/lib/thumb2/libm.a(lib_a-sf_sin.o) (__kernel_cosf)
/home/laurence/CodeSourcery/Sourcery_G++_Lite/bin/../lib/gcc/arm-none-eabi/4.5.2/../../../../arm-none-eabi/lib/thumb2/libm.a(lib_a-kf_rem_pio2.o)
                              /home/laurence/CodeSourcery/Sourcery_G++_Lite/bin/../lib/gcc/arm-none-eabi/4.5.2/../../../../arm-none-eabi/lib/thumb2/libm.a(lib_a-ef_rem_pio2.o) (__kernel_rem_pio2f)
[...]
Memory Configuration

Name             Origin             Length             Attributes
ram              0x20000000         0x00005000         xrw
rom              0x08000000         0x00020000         xr
*default*        0x00000000         0xffffffff

Linker script and memory map

LOAD /home/laurence/CodeSourcery/Sourcery_G++_Lite/bin/../lib/gcc/arm-none-eabi/4.5.2/thumb2/crti.o
LOAD /home/laurence/CodeSourcery/Sourcery_G++_Lite/bin/../lib/gcc/arm-none-eabi/4.5.2/thumb2/crtbegin.o
LOAD Sensors/ppg_new.o
LOAD Sensors/pressure.o
LOAD Sensors/temperature.o
LOAD Util/USB/hw_config.o
LOAD Util/USB/mass_mal.o
LOAD Util/USB/memory.o
LOAD Util/USB/scsi_data.o
LOAD Util/USB/usb_bot.o
LOAD Util/USB/usb_desc.o
LOAD Util/USB/usb_endp.o
LOAD Util/USB/usb_istr.o
LOAD Util/USB/usb_prop.o
LOAD Util/USB/usb_pwr.o
LOAD Util/USB/usb_scsi.o
LOAD Util/buffer.o
LOAD Util/delay.o
LOAD Util/fat_fs/option/cc932.o
LOAD Util/fat_fs/option/syscall.o
LOAD Util/fat_fs/src/fattime.o
LOAD Util/fat_fs/src/ff.o
LOAD Util/fat_fs/src/rtc.o
LOAD Util/fat_fs/src/sd_spi_stm32.o
LOAD Util/rprintf.o
LOAD Util/stm32_eval_spi_sd.o
LOAD adc.o
LOAD gpio.o
LOAD i2c_int.o
LOAD interrupts.o
LOAD lib/CMSIS_CM3/core_cm3.o
LOAD lib/CMSIS_CM3/startup/gcc/startup_stm32f10x_md.o
LOAD lib/CMSIS_CM3/system_stm32f10x.o
LOAD main.o
LOAD pwr.o
LOAD timer.o
LOAD usart.o
LOAD watchdog.o
LOAD lib/STM32F10x_StdPeriph_Driver/libstm32fw.a
LOAD lib/STM32_USB-FS-Device_Driver/libstm32usb.a
LOAD /home/laurence/CodeSourcery/Sourcery_G++_Lite/bin/../lib/gcc/arm-none-eabi/4.5.2/../../../../arm-none-eabi/lib/thumb2/libm.a
START GROUP
LOAD /home/laurence/CodeSourcery/Sourcery_G++_Lite/bin/../lib/gcc/arm-none-eabi/4.5.2/thumb2/libgcc.a
LOAD /home/laurence/CodeSourcery/Sourcery_G++_Lite/bin/../lib/gcc/arm-none-eabi/4.5.2/../../../../arm-none-eabi/lib/thumb2/libc.a
END GROUP
LOAD /home/laurence/CodeSourcery/Sourcery_G++_Lite/bin/../lib/gcc/arm-none-eabi/4.5.2/thumb2/crtend.o
LOAD /home/laurence/CodeSourcery/Sourcery_G++_Lite/bin/../lib/gcc/arm-none-eabi/4.5.2/thumb2/crtn.o
START GROUP
LOAD /home/laurence/CodeSourcery/Sourcery_G++_Lite/bin/../lib/gcc/arm-none-eabi/4.5.2/thumb2/libgcc.a
LOAD /home/laurence/CodeSourcery/Sourcery_G++_Lite/bin/../lib/gcc/arm-none-eabi/4.5.2/../../../../arm-none-eabi/lib/thumb2/libc.a
LOAD /home/laurence/CodeSourcery/Sourcery_G++_Lite/bin/../lib/gcc/arm-none-eabi/4.5.2/../../../../arm-none-eabi/lib/thumb2/libcs3.a
LOAD /home/laurence/CodeSourcery/Sourcery_G++_Lite/bin/../lib/gcc/arm-none-eabi/4.5.2/../../../../arm-none-eabi/lib/thumb2/libcs3unhosted.a
LOAD lib/libcs3-lanchon-stm32.a
END GROUP
                0x20005000                PROVIDE (__cs3_stack, (__cs3_region_start_ram + __cs3_region_size_ram))
                0x20000ef8                PROVIDE (__cs3_heap_start, _end)
                0x20005000                PROVIDE (__cs3_heap_end, (__cs3_region_start_ram + __cs3_region_size_ram))

.text           0x08000000    0x1b74c
 CREATE_OBJECT_SYMBOLS
                0x08000000                __cs3_region_start_rom = .
 *(.cs3.region-head.rom)
                0x08000000                __cs3_interrupt_vector = __cs3_interrupt_vector_lanchon_stm32
 *(.cs3.interrupt_vector)
 .cs3.interrupt_vector
                0x08000000       0xec lib/libcs3-lanchon-stm32.a(lanchon-stm32-vector.o)
                0x08000000                __cs3_interrupt_vector_lanchon_stm32
                0x08000001                ASSERT ((. != __cs3_interrupt_vector_lanchon_stm32), No interrupt vector)
 *(.rom)
 *(.rom.b)
                0x08013900                PROVIDE (__cs3_reset_lanchon_stm32, _start)
                0x08013900                __cs3_reset = __cs3_reset_lanchon_stm32
 *(.cs3.reset)
 *(.text .text.* .gnu.linkonce.t.*)
 .text          0x080000ec       0x30 /home/laurence/CodeSourcery/Sourcery_G++_Lite/bin/../lib/gcc/arm-none-eabi/4.5.2/thumb2/crtbegin.o
 *fill*         0x0800011c        0x4 00
 .text          0x08000120      0x4c0 Sensors/ppg_new.o
                0x08000120                PPG_LO_Filter
                0x08000390                PPG_Automatic_Brightness_Control
                0x0800051c                PPG_correct_brightness
                0x080005a8                PWM_Linear
 .text          0x080005e0      0x258 Sensors/pressure.o
                0x080005e0                calibrate_sensor
                0x0800062c                conv_adc_diff
                0x08000664                conv_diff
                0x08000694                filterloop
 .text          0x08000838       0x50 Sensors/temperature.o
                0x08000838                convert_die_temp
                0x08000854                convert_tmp102_temp
 .text          0x08000888      0x2a0 Util/USB/hw_config.o
                0x08000888                Set_System
                0x08000890                Set_USBClock
                0x080008a8                Enter_LowPowerMode
                0x080008b4                Leave_LowPowerMode
                0x080008d4                USB_Interrupts_Config
                0x08000918                Led_RW_ON
                0x08000928                Led_RW_OFF
                0x08000938                USB_Configured_LED
                0x08000948                USB_NotConfigured_LED
                0x08000958                USB_Cable_Config
                0x0800095c                Get_SerialNum
                0x08000b20                MAL_Config
 .text          0x08000b28       0xe4 Util/USB/mass_mal.o
                0x08000b28                MAL_Init
                0x08000b74                MAL_Write
                0x08000b98                MAL_Read
                0x08000bbc                MAL_GetStatus
 .text          0x08000c0c      0x1d8 Util/USB/memory.o
                0x08000c0c                Read_Memory
                0x08000cf0                Write_Memory
 .text          0x08000de4      0x628 Util/USB/usb_bot.o
                0x08000de4                Mass_Storage_In
                0x08000e6c                CBW_Decode
                0x080012cc                Mass_Storage_Out
                0x0800135c                Transfer_Data_Request
                0x08001390                Set_CSW
                0x080013cc                Bot_Abort
 .text          0x0800140c        0x8 Util/USB/usb_endp.o
                0x0800140c                EP1_IN_Callback
                0x08001410                EP2_OUT_Callback
 .text          0x08001414       0xf0 Util/USB/usb_istr.o
                0x08001414                USB_Istr
 .text          0x08001504      0x268 Util/USB/usb_prop.o
                0x08001504                Mass_Storage_SetDeviceAddress
                0x08001510                MASS_Status_In
                0x08001514                MASS_Status_Out
                0x08001518                MASS_Get_Interface_Setting
                0x08001528                Get_Max_Lun
                0x08001540                MASS_Data_Setup
                0x08001584                MASS_GetStringDescriptor
                0x080015a4                MASS_GetConfigDescriptor
                0x080015b0                MASS_GetDeviceDescriptor
                0x080015bc                MASS_NoData_Setup
                0x0800160c                Mass_Storage_SetConfiguration
                0x0800163c                Mass_Storage_ClearFeature
                0x08001658                MASS_Reset
                0x08001748                MASS_init
 .text          0x0800176c      0x1c4 Util/USB/usb_pwr.o
                0x0800176c                PowerOn
                0x0800179c                PowerOff
                0x080017c0                Suspend
                0x08001804                Resume_Init
                0x08001844                Resume
 .text          0x08001930      0x460 Util/USB/usb_scsi.o
                0x08001930                SCSI_Inquiry_Cmd
                0x08001968                SCSI_ReadFormatCapacity_Cmd
                0x080019dc                SCSI_ReadCapacity10_Cmd
                0x08001a58                SCSI_ModeSense6_Cmd
                0x08001a64                SCSI_ModeSense10_Cmd
                0x08001a70                SCSI_RequestSense_Cmd
                0x08001a88                Set_Scsi_Sense_Data
                0x08001a94                SCSI_Start_Stop_Unit_Cmd
                0x08001a9c                SCSI_Read10_Cmd
                0x08001b4c                SCSI_Write10_Cmd
                0x08001bf8                SCSI_Verify10_Cmd
                0x08001c38                SCSI_Valid_Cmd
                0x08001c70                SCSI_TestUnitReady_Cmd
                0x08001ca4                SCSI_Format_Cmd
                0x08001cd0                SCSI_Invalid_Cmd
                0x08001d0c                SCSI_Address_Management
 .text          0x08001d90       0x78 Util/buffer.o
                0x08001d90                Add_To_Buffer
                0x08001dc4                Get_From_Buffer
                0x08001df4                init_buffer
 .text          0x08001e08       0x34 Util/delay.o
                0x08001e08                Delay
 .text          0x08001e3c      0x25c Util/fat_fs/option/cc932.o
                0x08001e3c                ff_convert
                0x08002068                ff_wtoupper
 .text          0x08002098       0x48 Util/fat_fs/src/fattime.o
                0x08002098                get_fattime
 .text          0x080020e0     0x643c Util/fat_fs/src/ff.o
                0x080029c8                clust2sect
                0x080029e4                get_fat
                0x08002f88                put_fat
                0x08004d2c                gen_numname
                0x080059c4                f_mount
                0x080059e4                f_open
                0x08005e50                f_read
                0x08006238                f_write
                0x0800666c                f_sync
                0x08006844                f_close
                0x08006854                f_lseek
                0x08006a20                f_opendir
                0x08006a8c                f_readdir
                0x08006b00                f_stat
                0x08006b48                f_getfree
                0x08006dac                f_truncate
                0x08006f1c                f_unlink
                0x08007034                f_mkdir
                0x0800745c                f_chmod
                0x080074b8                f_utime
                0x08007518                f_rename
                0x080077d8                f_gets
                0x080078f4                f_putc
                0x08007918                f_puts
                0x08007954                f_printf
 .text          0x0800851c      0x484 Util/fat_fs/src/rtc.o
                0x0800851c                rtc_gettime
                0x0800869c                my_RTC_SetCounter
                0x080086c0                rtc_settime
                0x080088f4                rtc_init
 .text          0x080089a0      0xf98 Util/fat_fs/src/sd_spi_stm32.o
                0x08008dc8                disk_initialize
                0x08008f74                disk_status
                0x08008f84                disk_read
                0x08009100                disk_write
                0x080092a0                disk_ioctl
                0x080098fc                disk_timerproc
 .text          0x08009938     0x182c Util/rprintf.o
                0x08009938                rprintfInit
                0x08009944                rprintfChar
                0x0800996c                rprintfStr
                0x080099a4                rprintfStrLen
                0x08009b68                rprintfCRLF
                0x08009b80                rprintfu04
                0x08009bac                rprintfu08
                0x08009bf4                rprintfu16
                0x08009c90                rprintfu32
                0x08009ddc                rprintfNum
                0x0800a04c                rprintfFloat
                0x0800a310                rprintf2RamRom
                0x0800b10c                Isdigit
                0x0800b11c                atoiRamRom
                0x0800b154                rStrLen
 .text          0x0800b164      0x240 adc.o
                0x0800b164                ADC_Configuration
                0x0800b324                readADC2
                0x0800b35c                setADC2
                0x0800b37c                getADC2
 .text          0x0800b3a4      0x240 gpio.o
                0x0800b3a4                setup_gpio
                0x0800b558                switch_leds_on
                0x0800b580                switch_leds_off
                0x0800b5a8                red_flash
                0x0800b5d8                get_wkup
 .text          0x0800b5e4      0x86c i2c_int.o
                0x0800b5e4                I2C1_EV_IRQHandler
                0x0800bb64                I2C1_Request_Job
                0x0800bbb8                I2C1_Setup_Job
                0x0800bbcc                I2C_Config
                0x0800bd54                I2C1_ER_IRQHandler
 .text          0x0800be50      0x608 interrupts.o
                0x0800be50                ISR_Config
                0x0800bec4                EXTI_ONOFF_EN
                0x0800bf24                DMA_ISR_Config
                0x0800bf48                SysTick_Configuration
                0x0800bf80                EXTI0_IRQHandler
                0x0800c00c                DMAChannel1_IRQHandler
                0x0800c0c4                ADC1_2_IRQHandler
                0x0800c158                SysTickHandler
                0x0800c44c                USB_HP_CAN_TX_IRQHandler
                0x0800c450                USB_LP_CAN_RX0_IRQHandler
 .text.Default_Handler
                0x0800c458        0x2 lib/CMSIS_CM3/startup/gcc/startup_stm32f10x_md.o
                0x0800c458                EXTI2_IRQHandler
                0x0800c458                DebugMon_Handler
                0x0800c458                TIM1_CC_IRQHandler
                0x0800c458                HardFault_Handler
                0x0800c458                SysTick_Handler
                0x0800c458                PVD_IRQHandler
                0x0800c458                PendSV_Handler
                0x0800c458                NMI_Handler
                0x0800c458                EXTI3_IRQHandler
                0x0800c458                I2C2_EV_IRQHandler
                0x0800c458                UsageFault_Handler
                0x0800c458                SPI1_IRQHandler
                0x0800c458                TAMPER_IRQHandler
                0x0800c458                DMA1_Channel4_IRQHandler
                0x0800c458                USART3_IRQHandler
                0x0800c458                RTC_IRQHandler
                0x0800c458                DMA1_Channel7_IRQHandler
                0x0800c458                CAN1_RX1_IRQHandler
                0x0800c458                TIM4_IRQHandler
                0x0800c458                DMA1_Channel6_IRQHandler
                0x0800c458                TIM3_IRQHandler
                0x0800c458                RCC_IRQHandler
                0x0800c458                TIM1_TRG_COM_IRQHandler
                0x0800c458                DMA1_Channel1_IRQHandler
                0x0800c458                Default_Handler
                0x0800c458                EXTI15_10_IRQHandler
                0x0800c458                EXTI9_5_IRQHandler
                0x0800c458                SPI2_IRQHandler
                0x0800c458                MemManage_Handler
                0x0800c458                SVC_Handler
                0x0800c458                DMA1_Channel5_IRQHandler
                0x0800c458                EXTI4_IRQHandler
                0x0800c458                USB_LP_CAN1_RX0_IRQHandler
                0x0800c458                USB_HP_CAN1_TX_IRQHandler
                0x0800c458                DMA1_Channel3_IRQHandler
                0x0800c458                TIM1_UP_IRQHandler
                0x0800c458                WWDG_IRQHandler
                0x0800c458                TIM2_IRQHandler
                0x0800c458                TIM1_BRK_IRQHandler
                0x0800c458                EXTI1_IRQHandler
                0x0800c458                RTCAlarm_IRQHandler
                0x0800c458                USART2_IRQHandler
                0x0800c458                I2C2_ER_IRQHandler
                0x0800c458                DMA1_Channel2_IRQHandler
                0x0800c458                CAN1_SCE_IRQHandler
                0x0800c458                FLASH_IRQHandler
                0x0800c458                BusFault_Handler
                0x0800c458                USART1_IRQHandler
                0x0800c458                USBWakeUp_IRQHandler
 *fill*         0x0800c45a        0x2 00
 .text          0x0800c45c       0xfc lib/CMSIS_CM3/system_stm32f10x.o
                0x0800c45c                SystemInit
 .text          0x0800c558      0x69c main.o
                0x0800c558                __str_print_char
                0x0800c584                __fat_print_char
                0x0800c5a4                main
                0x0800cb54                detect_sensors
 .text          0x0800cbf4       0x70 pwr.o
                0x0800cbf4                setuppwr
                0x0800cc08                shutdown
                0x0800cc18                disable_pin
                0x0800cc20                shutdown_filesystem
 .text          0x0800cc64      0x1dc timer.o
                0x0800cc64                setup_pwm
                0x0800cdac                Tryfudge
                0x0800cdf8                Set_Motor
 .text          0x0800ce40      0x110 usart.o
                0x0800ce40                Usarts_Init
                0x0800ceec                Default_Usart_Config
                0x0800cf08                Usart_Send_Str
                0x0800cf34                __usart_send_char
 .text          0x0800cf50       0x40 watchdog.o
                0x0800cf50                Watchdog_Config
                0x0800cf7c                Watchdog_Reset_Detect
 .text          0x0800cf90       0xb8 lib/STM32F10x_StdPeriph_Driver/libstm32fw.a(misc.o)
                0x0800cf90                NVIC_PriorityGroupConfig
                0x0800cfa4                NVIC_Init
                0x0800d004                NVIC_SetVectorTable
                0x0800d018                NVIC_SystemLPConfig
                0x0800d030                SysTick_CLKSourceConfig
 .text          0x0800d048      0x380 lib/STM32F10x_StdPeriph_Driver/libstm32fw.a(stm32f10x_adc.o)
                0x0800d048                ADC_DeInit
                0x0800d0a4                ADC_Init
                0x0800d0f0                ADC_StructInit
                0x0800d102                ADC_Cmd
                0x0800d116                ADC_DMACmd
                0x0800d12a                ADC_ITConfig
                0x0800d13e                ADC_ResetCalibration
                0x0800d148                ADC_GetResetCalibrationStatus
                0x0800d150                ADC_StartCalibration
                0x0800d15a                ADC_GetCalibrationStatus
                0x0800d162                ADC_SoftwareStartConvCmd
                0x0800d176                ADC_GetSoftwareStartConvStatus
                0x0800d17e                ADC_DiscModeChannelCountConfig
                0x0800d18e                ADC_DiscModeCmd
                0x0800d1a2                ADC_RegularChannelConfig
                0x0800d230                ADC_ExternalTrigConvCmd
                0x0800d244                ADC_GetConversionValue
                0x0800d24a                ADC_GetDualModeConversionValue
                0x0800d254                ADC_AutoInjectedConvCmd
                0x0800d268                ADC_InjectedDiscModeCmd
                0x0800d27c                ADC_ExternalTrigInjectedConvConfig
                0x0800d28a                ADC_ExternalTrigInjectedConvCmd
                0x0800d29e                ADC_SoftwareStartInjectedConvCmd
                0x0800d2b2                ADC_GetSoftwareStartInjectedConvCmdStatus
                0x0800d2ba                ADC_InjectedChannelConfig
                0x0800d316                ADC_InjectedSequencerLengthConfig
                0x0800d326                ADC_SetInjectedOffset
                0x0800d33c                ADC_GetInjectedConversionValue
                0x0800d356                ADC_AnalogWatchdogCmd
                0x0800d368                ADC_AnalogWatchdogThresholdsConfig
                0x0800d36e                ADC_AnalogWatchdogSingleChannelConfig
                0x0800d37c                ADC_TempSensorVrefintCmd
                0x0800d398                ADC_GetFlagStatus
                0x0800d3a4                ADC_ClearFlag
                0x0800d3aa                ADC_GetITStatus
                0x0800d3c0                ADC_ClearITPendingBit
 .text          0x0800d3c8       0xe0 lib/STM32F10x_StdPeriph_Driver/libstm32fw.a(stm32f10x_bkp.o)
                0x0800d3c8                BKP_DeInit
                0x0800d3da                BKP_TamperPinLevelConfig
                0x0800d3e4                BKP_TamperPinCmd
                0x0800d3f0                BKP_ITConfig
                0x0800d3fc                BKP_RTCOutputConfig
                0x0800d414                BKP_SetRTCCalibrationValue
                0x0800d42c                BKP_WriteBackupRegister
                0x0800d448                BKP_ReadBackupRegister
                0x0800d468                BKP_GetFlagStatus
                0x0800d474                BKP_ClearFlag
                0x0800d488                BKP_GetITStatus
                0x0800d494                BKP_ClearITPendingBit
 .text          0x0800d4a8       0x34 lib/STM32F10x_StdPeriph_Driver/libstm32fw.a(stm32f10x_dbgmcu.o)
                0x0800d4a8                DBGMCU_GetREVID
                0x0800d4b4                DBGMCU_GetDEVID
                0x0800d4c4                DBGMCU_Config
 .text          0x0800d4dc      0x1f0 lib/STM32F10x_StdPeriph_Driver/libstm32fw.a(stm32f10x_dma.o)
                0x0800d4dc                DMA_DeInit
                0x0800d5d8                DMA_Init
                0x0800d618                DMA_StructInit
                0x0800d632                DMA_Cmd
                0x0800d646                DMA_ITConfig
                0x0800d658                DMA_GetCurrDataCounter
                0x0800d65e                DMA_GetFlagStatus
                0x0800d67c                DMA_ClearFlag
                0x0800d694                DMA_GetITStatus
                0x0800d6b4                DMA_ClearITPendingBit
 .text          0x0800d6cc      0x108 lib/STM32F10x_StdPeriph_Driver/libstm32fw.a(stm32f10x_exti.o)
                0x0800d6cc                EXTI_DeInit
                0x0800d6e8                EXTI_Init
                0x0800d76c                EXTI_StructInit
                0x0800d77a                EXTI_GenerateSWInterrupt
                0x0800d78c                EXTI_GetFlagStatus
                0x0800d7a0                EXTI_ClearFlag
                0x0800d7ac                EXTI_GetITStatus
                0x0800d7c8                EXTI_ClearITPendingBit
 .text          0x0800d7d4      0x278 lib/STM32F10x_StdPeriph_Driver/libstm32fw.a(stm32f10x_gpio.o)
                0x0800d7d4                GPIO_DeInit
                0x0800d880                GPIO_AFIODeInit
                0x0800d896                GPIO_Init
                0x0800d92e                GPIO_StructInit
                0x0800d93e                GPIO_ReadInputDataBit
                0x0800d94a                GPIO_ReadInputData
                0x0800d950                GPIO_ReadOutputDataBit
                0x0800d95c                GPIO_ReadOutputData
                0x0800d962                GPIO_SetBits
                0x0800d966                GPIO_ResetBits
                0x0800d96a                GPIO_WriteBit
                0x0800d974                GPIO_Write
                0x0800d978                GPIO_PinLockConfig
                0x0800d988                GPIO_EventOutputConfig
                0x0800d9a8                GPIO_EventOutputCmd
                0x0800d9b4                GPIO_PinRemapConfig
                0x0800da0c                GPIO_EXTILineConfig
                0x0800da40                GPIO_ETH_MediaInterfaceConfig
 .text          0x0800da4c      0x3b4 lib/STM32F10x_StdPeriph_Driver/libstm32fw.a(stm32f10x_i2c.o)
                0x0800da4c                I2C_DeInit
                0x0800da80                I2C_Init
                0x0800db50                I2C_StructInit
                0x0800db6c                I2C_Cmd
                0x0800db86                I2C_DMACmd
                0x0800dba0                I2C_DMALastTransferCmd
                0x0800dbba                I2C_GenerateSTART
                0x0800dbd4                I2C_GenerateSTOP
                0x0800dbee                I2C_AcknowledgeConfig
                0x0800dc08                I2C_OwnAddress2Config
                0x0800dc1e                I2C_DualAddressCmd
                0x0800dc38                I2C_GeneralCallCmd
                0x0800dc52                I2C_ITConfig
                0x0800dc68                I2C_SendData
                0x0800dc6c                I2C_ReceiveData
                0x0800dc72                I2C_Send7bitAddress
                0x0800dc82                I2C_ReadRegister
                0x0800dc9a                I2C_SoftwareResetCmd
                0x0800dcb2                I2C_SMBusAlertConfig
                0x0800dcd0                I2C_TransmitPEC
                0x0800dcea                I2C_PECPositionConfig
                0x0800dd08                I2C_CalculatePEC
                0x0800dd22                I2C_GetPEC
                0x0800dd2a                I2C_ARPCmd
                0x0800dd44                I2C_StretchClockCmd
                0x0800dd5e                I2C_FastModeDutyCycleConfig
                0x0800dd7c                I2C_GetLastEvent
                0x0800dd8c                I2C_CheckEvent
                0x0800dda4                I2C_GetFlagStatus
                0x0800ddd8                I2C_ClearFlag
                0x0800ddde                I2C_GetITStatus
                0x0800ddfa                I2C_ClearITPendingBit
 .text          0x0800de00       0x58 lib/STM32F10x_StdPeriph_Driver/libstm32fw.a(stm32f10x_iwdg.o)
                0x0800de00                IWDG_WriteAccessCmd
                0x0800de0c                IWDG_SetPrescaler
                0x0800de18                IWDG_SetReload
                0x0800de24                IWDG_ReloadCounter
                0x0800de34                IWDG_Enable
                0x0800de44                IWDG_GetFlagStatus
 .text          0x0800de58       0xcc lib/STM32F10x_StdPeriph_Driver/libstm32fw.a(stm32f10x_pwr.o)
                0x0800de5c                PWR_DeInit
                0x0800de76                PWR_BackupAccessCmd
                0x0800de80                PWR_PVDCmd
                0x0800de8c                PWR_PVDLevelConfig
                0x0800dea0                PWR_WakeUpPinCmd
                0x0800deac                PWR_EnterSTOPMode
                0x0800ded8                PWR_EnterSTANDBYMode
                0x0800df00                PWR_GetFlagStatus
                0x0800df14                PWR_ClearFlag
 .text          0x0800df24      0x360 lib/STM32F10x_StdPeriph_Driver/libstm32fw.a(stm32f10x_rcc.o)
                0x0800df24                RCC_DeInit
                0x0800df64                RCC_HSEConfig
                0x0800df9c                RCC_AdjustHSICalibrationValue
                0x0800dfb0                RCC_HSICmd
                0x0800dfbc                RCC_PLLConfig
                0x0800dfd4                RCC_PLLCmd
                0x0800dfe0                RCC_SYSCLKConfig
                0x0800dff4                RCC_GetSYSCLKSource
                0x0800e004                RCC_HCLKConfig
                0x0800e018                RCC_PCLK1Config
                0x0800e02c                RCC_PCLK2Config
                0x0800e040                RCC_ITConfig
                0x0800e058                RCC_USBCLKConfig
                0x0800e064                RCC_ADCCLKConfig
                0x0800e078                RCC_LSEConfig
                0x0800e098                RCC_LSICmd
                0x0800e0a4                RCC_RTCCLKConfig
                0x0800e0b4                RCC_RTCCLKCmd
                0x0800e0c0                RCC_GetClocksFreq
                0x0800e164                RCC_AHBPeriphClockCmd
                0x0800e17c                RCC_APB2PeriphClockCmd
                0x0800e194                RCC_APB1PeriphClockCmd
                0x0800e1ac                RCC_APB2PeriphResetCmd
                0x0800e1c4                RCC_APB1PeriphResetCmd
                0x0800e1dc                RCC_BackupResetCmd
                0x0800e1e8                RCC_ClockSecuritySystemCmd
                0x0800e1f4                RCC_MCOConfig
                0x0800e200                RCC_GetFlagStatus
                0x0800e228                RCC_WaitForHSEStartUp
                0x0800e254                RCC_ClearFlag
                0x0800e264                RCC_GetITStatus
                0x0800e278                RCC_ClearITPendingBit
 .text          0x0800e284      0x158 lib/STM32F10x_StdPeriph_Driver/libstm32fw.a(stm32f10x_rtc.o)
                0x0800e284                RTC_ITConfig
                0x0800e2a0                RTC_EnterConfigMode
                0x0800e2b4                RTC_ExitConfigMode
                0x0800e2c8                RTC_GetCounter
                0x0800e2dc                RTC_SetCounter
                0x0800e2f8                RTC_SetPrescaler
                0x0800e318                RTC_SetAlarm
                0x0800e334                RTC_GetDivider
                0x0800e34c                RTC_WaitForLastTask
                0x0800e35c                RTC_WaitForSynchro
                0x0800e37c                RTC_GetFlagStatus
                0x0800e390                RTC_ClearFlag
                0x0800e3a4                RTC_GetITStatus
                0x0800e3c8                RTC_ClearITPendingBit
 .text          0x0800e3dc      0x2d4 lib/STM32F10x_StdPeriph_Driver/libstm32fw.a(stm32f10x_spi.o)
                0x0800e3dc                SPI_I2S_DeInit
                0x0800e440                SPI_Init
                0x0800e480                I2S_Init
                0x0800e520                SPI_StructInit
                0x0800e538                I2S_StructInit
                0x0800e54a                SPI_Cmd
                0x0800e564                I2S_Cmd
                0x0800e57e                SPI_I2S_ITConfig
                0x0800e59c                SPI_I2S_DMACmd
                0x0800e5b2                SPI_I2S_SendData
                0x0800e5b6                SPI_I2S_ReceiveData
                0x0800e5bc                SPI_NSSInternalSoftwareConfig
                0x0800e5dc                SPI_SSOutputCmd
                0x0800e5f6                SPI_DataSizeConfig
                0x0800e60e                SPI_TransmitCRC
                0x0800e61a                SPI_CalculateCRC
                0x0800e634                SPI_GetCRC
                0x0800e644                SPI_GetCRCPolynomial
                0x0800e64a                SPI_BiDirectionalLineConfig
                0x0800e668                SPI_I2S_GetFlagStatus
                0x0800e674                SPI_I2S_ClearFlag
                0x0800e67a                SPI_I2S_GetITStatus
                0x0800e6a0                SPI_I2S_ClearITPendingBit
 .text          0x0800e6b0      0xa80 lib/STM32F10x_StdPeriph_Driver/libstm32fw.a(stm32f10x_tim.o)
                0x0800e71e                TIM_DeInit
                0x0800e7e8                TIM_TimeBaseInit
                0x0800e824                TIM_OC1Init
                0x0800e8a4                TIM_OC2Init
                0x0800e92c                TIM_OC3Init
                0x0800e9b0                TIM_OC4Init
                0x0800ea14                TIM_BDTRConfig
                0x0800ea36                TIM_TimeBaseStructInit
                0x0800ea48                TIM_OCStructInit
                0x0800ea5c                TIM_ICStructInit
                0x0800ea6c                TIM_BDTRStructInit
                0x0800ea7e                TIM_Cmd
                0x0800ea98                TIM_CtrlPWMOutputs
                0x0800eab6                TIM_ITConfig
                0x0800eacc                TIM_GenerateEvent
                0x0800ead0                TIM_DMAConfig
                0x0800ead8                TIM_DMACmd
                0x0800eaee                TIM_InternalClockConfig
                0x0800eafc                TIM_ETRConfig
                0x0800eb12                TIM_ETRClockMode2Config
                0x0800eb26                TIM_ETRClockMode1Config
                0x0800eb40                TIM_PrescalerConfig
                0x0800eb46                TIM_CounterModeConfig
                0x0800eb58                TIM_SelectInputTrigger
                0x0800eb6a                TIM_TIxExternalClockConfig
                0x0800eb98                TIM_ITRxExternalClockConfig
                0x0800ebac                TIM_EncoderInterfaceConfig
                0x0800ebea                TIM_ForcedOC1Config
                0x0800ebfc                TIM_ForcedOC2Config
                0x0800ec0e                TIM_ForcedOC3Config
                0x0800ec20                TIM_ForcedOC4Config
                0x0800ec32                TIM_ARRPreloadConfig
                0x0800ec4c                TIM_SelectCOM
                0x0800ec66                TIM_SelectCCDMA
                0x0800ec80                TIM_CCPreloadControl
                0x0800ec9a                TIM_OC1PreloadConfig
                0x0800ecac                TIM_OC2PreloadConfig
                0x0800ecbe                TIM_OC3PreloadConfig
                0x0800ecd0                TIM_OC4PreloadConfig
                0x0800ece2                TIM_OC1FastConfig
                0x0800ecf4                TIM_OC2FastConfig
                0x0800ed06                TIM_OC3FastConfig
                0x0800ed18                TIM_OC4FastConfig
                0x0800ed2a                TIM_ClearOC1Ref
                0x0800ed3c                TIM_ClearOC2Ref
                0x0800ed4a                TIM_ClearOC3Ref
                0x0800ed5c                TIM_ClearOC4Ref
                0x0800ed6a                TIM_OC1PolarityConfig
                0x0800ed7c                TIM_OC1NPolarityConfig
                0x0800ed8e                TIM_OC2PolarityConfig
                0x0800eda0                TIM_OC2NPolarityConfig
                0x0800edb2                TIM_OC3PolarityConfig
                0x0800edc4                TIM_OC3NPolarityConfig
                0x0800edd6                TIM_OC4PolarityConfig
                0x0800ede8                TIM_CCxCmd
                0x0800ee06                TIM_CCxNCmd
                0x0800ee24                TIM_SelectOCxM
                0x0800ee70                TIM_UpdateDisableConfig
                0x0800ee8a                TIM_UpdateRequestConfig
                0x0800eea4                TIM_SelectHallSensor
                0x0800eebe                TIM_SelectOnePulseMode
                0x0800eed6                TIM_SelectOutputTrigger
                0x0800eeee                TIM_SelectSlaveMode
                0x0800ef06                TIM_SelectMasterSlaveMode
                0x0800ef1e                TIM_SetCounter
                0x0800ef22                TIM_SetAutoreload
                0x0800ef26                TIM_SetCompare1
                0x0800ef2a                TIM_SetCompare2
                0x0800ef2e                TIM_SetCompare3
                0x0800ef32                TIM_SetCompare4
                0x0800ef38                TIM_SetIC1Prescaler
                0x0800ef50                TIM_SetIC2Prescaler
                0x0800ef68                TIM_PWMIConfig
                0x0800efd4                TIM_SetIC3Prescaler
                0x0800efec                TIM_SetIC4Prescaler
                0x0800f004                TIM_ICInit
                0x0800f0c8                TIM_SetClockDivision
                0x0800f0da                TIM_GetCapture1
                0x0800f0e0                TIM_GetCapture2
                0x0800f0e6                TIM_GetCapture3
                0x0800f0ec                TIM_GetCapture4
                0x0800f0f4                TIM_GetCounter
                0x0800f0fa                TIM_GetPrescaler
                0x0800f100                TIM_GetFlagStatus
                0x0800f10c                TIM_ClearFlag
                0x0800f112                TIM_GetITStatus
                0x0800f128                TIM_ClearITPendingBit
 .text          0x0800f130      0x374 lib/STM32F10x_StdPeriph_Driver/libstm32fw.a(stm32f10x_usart.o)
                0x0800f130                USART_DeInit
                0x0800f1c8                USART_Init
                0x0800f258                USART_StructInit
                0x0800f26e                USART_ClockInit
                0x0800f294                USART_ClockStructInit
                0x0800f2a0                USART_Cmd
                0x0800f2ba                USART_ITConfig
                0x0800f2f0                USART_DMACmd
                0x0800f306                USART_SetAddress
                0x0800f31e                USART_WakeUpConfig
                0x0800f336                USART_ReceiverWakeUpCmd
                0x0800f350                USART_LINBreakDetectLengthConfig
                0x0800f368                USART_LINCmd
                0x0800f382                USART_SendData
                0x0800f38a                USART_ReceiveData
                0x0800f392                USART_SendBreak
                0x0800f39e                USART_SetGuardTime
                0x0800f3b0                USART_SetPrescaler
                0x0800f3c4                USART_SmartCardCmd
                0x0800f3de                USART_SmartCardNACKCmd
                0x0800f3f8                USART_HalfDuplexCmd
                0x0800f412                USART_IrDAConfig
                0x0800f42a                USART_IrDACmd
                0x0800f444                USART_GetFlagStatus
                0x0800f450                USART_ClearFlag
                0x0800f456                USART_GetITStatus
                0x0800f496                USART_ClearITPendingBit
 .text          0x0800f4a4      0xa54 lib/STM32_USB-FS-Device_Driver/libstm32usb.a(usb_core.o)
                0x0800f4a4                Standard_GetConfiguration
                0x0800f4cc                Standard_GetInterface
                0x0800f4f4                Standard_GetStatus
                0x0800f668                Standard_SetConfiguration
                0x0800f6a4                Standard_SetInterface
                0x0800f6f4                Standard_ClearFeature
                0x0800f7f0                Standard_SetEndPointFeature
                0x0800f8a4                Standard_SetDeviceFeature
                0x0800f8c8                Standard_GetDescriptorData
                0x0800f8e4                Post0_Process
                0x0800f92c                Out0_Process
                0x0800fa08                Setup0_Process
                0x0800fdd8                SetDeviceAddress
                0x0800fe94                In0_Process
                0x0800fef4                NOP_Process
 .text          0x0800fef8       0x38 lib/STM32_USB-FS-Device_Driver/libstm32usb.a(usb_init.o)
                0x0800fef8                USB_Init
 .text          0x0800ff30      0x25c lib/STM32_USB-FS-Device_Driver/libstm32usb.a(usb_int.o)
                0x0800ff30                CTR_LP
                0x080100f8                CTR_HP
 .text          0x0801018c       0xb8 lib/STM32_USB-FS-Device_Driver/libstm32usb.a(usb_mem.o)
                0x0801018c                UserToPMABufferCopy
                0x080101f4                PMAToUserBufferCopy
 .text          0x08010244      0x880 lib/STM32_USB-FS-Device_Driver/libstm32usb.a(usb_regs.o)
                0x08010244                SetCNTR
                0x08010250                GetCNTR
                0x0801025c                SetISTR
                0x08010268                GetISTR
                0x08010274                GetFNR
                0x08010280                SetDADDR
                0x0801028c                GetDADDR
                0x08010298                SetBTABLE
                0x080102ac                GetBTABLE
                0x080102b8                SetENDPOINT
                0x080102c8                GetENDPOINT
                0x080102d8                SetEPType
                0x080102f4                GetEPType
                0x08010308                SetEPTxStatus
                0x08010348                SetEPRxStatus
                0x08010388                SetDouBleBuffEPStall
                0x080103b0                GetEPTxStatus
                0x080103c4                GetEPRxStatus
                0x080103d8                SetEPTxValid
                0x080103fc                SetEPRxValid
                0x08010420                SetEP_KIND
                0x08010440                ClearEP_KIND
                0x08010460                Clear_Status_Out
                0x08010480                Set_Status_Out
                0x080104a0                SetEPDoubleBuff
                0x080104c0                ClearEPDoubleBuff
                0x080104e0                GetTxStallStatus
                0x08010500                GetRxStallStatus
                0x08010520                ClearEP_CTR_RX
                0x08010538                ClearEP_CTR_TX
                0x08010550                ToggleDTOG_RX
                0x08010570                ToggleDTOG_TX
                0x08010590                ClearDTOG_RX
                0x080105b8                ClearDTOG_TX
                0x080105e0                SetEPAddress
                0x08010604                GetEPAddress
                0x08010618                SetEPTxAddr
                0x0801063c                SetEPRxAddr
                0x08010664                GetEPTxAddr
                0x08010684                GetEPRxAddr
                0x080106a4                SetEPTxCount
                0x080106c4                SetEPCountRxReg
                0x080106f0                SetEPRxCount
                0x08010738                GetEPTxCount
                0x0801075c                GetEPRxCount
                0x08010780                SetEPDblBuffAddr
                0x080107c8                SetEPDblBuf0Addr
                0x080107ec                SetEPDblBuf1Addr
                0x08010814                GetEPDblBuf0Addr
                0x08010834                GetEPDblBuf1Addr
                0x08010854                SetEPDblBuffCount
                0x08010900                SetEPDblBuf0Count
                0x08010968                SetEPDblBuf1Count
                0x080109d0                GetEPDblBuf0Count
                0x080109f4                GetEPDblBuf1Count
                0x08010a18                GetEPDblBufDir
                0x08010a60                FreeUserBuffer
                0x08010ab0                ToWord
                0x08010ab8                ByteSwap
 .text          0x08010ac4       0x6c lib/STM32_USB-FS-Device_Driver/libstm32usb.a(usb_sil.o)
                0x08010ac4                USB_SIL_Init
                0x08010ae4                USB_SIL_Write
                0x08010b0c                USB_SIL_Read
 .text          0x08010b30       0x78 /home/laurence/CodeSourcery/Sourcery_G++_Lite/bin/../lib/gcc/arm-none-eabi/4.5.2/../../../../arm-none-eabi/lib/thumb2/libm.a(lib_a-sf_sin.o)
                0x08010b30                sinf
 .text          0x08010ba8       0xa8 /home/laurence/CodeSourcery/Sourcery_G++_Lite/bin/../lib/gcc/arm-none-eabi/4.5.2/../../../../arm-none-eabi/lib/thumb2/libm.a(lib_a-wf_asin.o)
                0x08010ba8                asinf
 .text          0x08010c50       0xa4 /home/laurence/CodeSourcery/Sourcery_G++_Lite/bin/../lib/gcc/arm-none-eabi/4.5.2/../../../../arm-none-eabi/lib/thumb2/libm.a(lib_a-wf_sqrt.o)
                0x08010c50                sqrtf
 .text          0x08010cf4      0x318 /home/laurence/CodeSourcery/Sourcery_G++_Lite/bin/../lib/gcc/arm-none-eabi/4.5.2/../../../../arm-none-eabi/lib/thumb2/libm.a(lib_a-ef_asin.o)
                0x08010cf4                __ieee754_asinf
 .text          0x0801100c      0x358 /home/laurence/CodeSourcery/Sourcery_G++_Lite/bin/../lib/gcc/arm-none-eabi/4.5.2/../../../../arm-none-eabi/lib/thumb2/libm.a(lib_a-ef_rem_pio2.o)
                0x0801100c                __ieee754_rem_pio2f
 .text          0x08011364       0xb0 /home/laurence/CodeSourcery/Sourcery_G++_Lite/bin/../lib/gcc/arm-none-eabi/4.5.2/../../../../arm-none-eabi/lib/thumb2/libm.a(lib_a-ef_sqrt.o)
                0x08011364                __ieee754_sqrtf
 .text          0x08011414      0x1b8 /home/laurence/CodeSourcery/Sourcery_G++_Lite/bin/../lib/gcc/arm-none-eabi/4.5.2/../../../../arm-none-eabi/lib/thumb2/libm.a(lib_a-kf_cos.o)
                0x08011414                __kernel_cosf
 .text          0x080115cc      0x63c /home/laurence/CodeSourcery/Sourcery_G++_Lite/bin/../lib/gcc/arm-none-eabi/4.5.2/../../../../arm-none-eabi/lib/thumb2/libm.a(lib_a-kf_rem_pio2.o)
                0x080115cc                __kernel_rem_pio2f
 .text          0x08011c08      0x100 /home/laurence/CodeSourcery/Sourcery_G++_Lite/bin/../lib/gcc/arm-none-eabi/4.5.2/../../../../arm-none-eabi/lib/thumb2/libm.a(lib_a-kf_sin.o)
                0x08011c08                __kernel_sinf
 .text          0x08011d08        0x4 /home/laurence/CodeSourcery/Sourcery_G++_Lite/bin/../lib/gcc/arm-none-eabi/4.5.2/../../../../arm-none-eabi/lib/thumb2/libm.a(lib_a-s_matherr.o)
                0x08011d08                matherr
 .text          0x08011d0c        0xc /home/laurence/CodeSourcery/Sourcery_G++_Lite/bin/../lib/gcc/arm-none-eabi/4.5.2/../../../../arm-none-eabi/lib/thumb2/libm.a(lib_a-s_nan.o)
                0x08011d0c                nan
 .text          0x08011d18        0x8 /home/laurence/CodeSourcery/Sourcery_G++_Lite/bin/../lib/gcc/arm-none-eabi/4.5.2/../../../../arm-none-eabi/lib/thumb2/libm.a(lib_a-sf_fabs.o)
                0x08011d18                fabsf
 .text          0x08011d20       0xa0 /home/laurence/CodeSourcery/Sourcery_G++_Lite/bin/../lib/gcc/arm-none-eabi/4.5.2/../../../../arm-none-eabi/lib/thumb2/libm.a(lib_a-sf_floor.o)
                0x08011d20                floorf
 .text          0x08011dc0       0x7c /home/laurence/CodeSourcery/Sourcery_G++_Lite/bin/../lib/gcc/arm-none-eabi/4.5.2/../../../../arm-none-eabi/lib/thumb2/libm.a(lib_a-sf_fpclassify.o)
                0x08011dc0                __fpclassifyf
 .text          0x08011e3c       0xc0 /home/laurence/CodeSourcery/Sourcery_G++_Lite/bin/../lib/gcc/arm-none-eabi/4.5.2/../../../../arm-none-eabi/lib/thumb2/libm.a(lib_a-sf_scalbn.o)
                0x08011e3c                scalbnf
 .text          0x08011efc       0x10 /home/laurence/CodeSourcery/Sourcery_G++_Lite/bin/../lib/gcc/arm-none-eabi/4.5.2/../../../../arm-none-eabi/lib/thumb2/libm.a(lib_a-sf_copysign.o)
                0x08011efc                copysignf
 .text          0x08011f0c      0x370 /home/laurence/CodeSourcery/Sourcery_G++_Lite/bin/../lib/gcc/arm-none-eabi/4.5.2/thumb2/libgcc.a(_arm_addsubdf3.o)
                0x08011f0c                __aeabi_drsub
                0x08011f14                __aeabi_dsub
                0x08011f14                __subdf3
                0x08011f18                __adddf3
                0x08011f18                __aeabi_dadd
                0x08012190                __aeabi_ui2d
                0x08012190                __floatunsidf
                0x080121b0                __floatsidf
                0x080121b0                __aeabi_i2d
                0x080121d4                __extendsfdf2
                0x080121d4                __aeabi_f2d
                0x08012210                __aeabi_ul2d
                0x08012210                __floatundidf
                0x08012220                __floatdidf
                0x08012220                __aeabi_l2d
 .text          0x0801227c      0x424 /home/laurence/CodeSourcery/Sourcery_G++_Lite/bin/../lib/gcc/arm-none-eabi/4.5.2/thumb2/libgcc.a(_arm_muldivdf3.o)
                0x0801227c                __aeabi_dmul
                0x0801227c                __muldf3
                0x080124d0                __aeabi_ddiv
                0x080124d0                __divdf3
 .text          0x080126a0      0x110 /home/laurence/CodeSourcery/Sourcery_G++_Lite/bin/../lib/gcc/arm-none-eabi/4.5.2/thumb2/libgcc.a(_arm_cmpdf2.o)
                0x080126a0                __gtdf2
                0x080126a0                __gedf2
                0x080126a8                __ltdf2
                0x080126a8                __ledf2
                0x080126b0                __cmpdf2
                0x080126b0                __eqdf2
                0x080126b0                __nedf2
                0x0801272c                __aeabi_cdrcmple
                0x0801273c                __aeabi_cdcmple
                0x0801273c                __aeabi_cdcmpeq
                0x0801274c                __aeabi_dcmpeq
                0x08012760                __aeabi_dcmplt
                0x08012774                __aeabi_dcmple
                0x08012788                __aeabi_dcmpge
                0x0801279c                __aeabi_dcmpgt
 .text          0x080127b0       0x50 /home/laurence/CodeSourcery/Sourcery_G++_Lite/bin/../lib/gcc/arm-none-eabi/4.5.2/thumb2/libgcc.a(_arm_fixdfsi.o)
                0x080127b0                __fixdfsi
                0x080127b0                __aeabi_d2iz
 .text          0x08012800       0x40 /home/laurence/CodeSourcery/Sourcery_G++_Lite/bin/../lib/gcc/arm-none-eabi/4.5.2/thumb2/libgcc.a(_arm_fixunsdfsi.o)
                0x08012800                __fixunsdfsi
                0x08012800                __aeabi_d2uiz
 .text          0x08012840       0xa0 /home/laurence/CodeSourcery/Sourcery_G++_Lite/bin/../lib/gcc/arm-none-eabi/4.5.2/thumb2/libgcc.a(_arm_truncdfsf2.o)
                0x08012840                __aeabi_d2f
                0x08012840                __truncdfsf2
 .text          0x080128e0      0x21c /home/laurence/CodeSourcery/Sourcery_G++_Lite/bin/../lib/gcc/arm-none-eabi/4.5.2/thumb2/libgcc.a(_arm_addsubsf3.o)
                0x080128e0                __aeabi_frsub
                0x080128e8                __subsf3
                0x080128e8                __aeabi_fsub
                0x080128ec                __aeabi_fadd
                0x080128ec                __addsf3
                0x08012a4c                __aeabi_ui2f
                0x08012a4c                __floatunsisf
                0x08012a54                __aeabi_i2f
                0x08012a54                __floatsisf
                0x08012a70                __floatundisf
                0x08012a70                __aeabi_ul2f
                0x08012a80                __floatdisf
                0x08012a80                __aeabi_l2f
 .text          0x08012afc      0x2a0 /home/laurence/CodeSourcery/Sourcery_G++_Lite/bin/../lib/gcc/arm-none-eabi/4.5.2/thumb2/libgcc.a(_arm_muldivsf3.o)
                0x08012afc                __mulsf3
                0x08012afc                __aeabi_fmul
                0x08012c64                __divsf3
                0x08012c64                __aeabi_fdiv
 .text          0x08012d9c       0xec /home/laurence/CodeSourcery/Sourcery_G++_Lite/bin/../lib/gcc/arm-none-eabi/4.5.2/thumb2/libgcc.a(_arm_cmpsf2.o)
                0x08012d9c                __gtsf2
                0x08012d9c                __gesf2
                0x08012da4                __lesf2
                0x08012da4                __ltsf2
                0x08012dac                __nesf2
                0x08012dac                __eqsf2
                0x08012dac                __cmpsf2
                0x08012e0c                __aeabi_cfrcmple
                0x08012e14                __aeabi_cfcmple
                0x08012e14                __aeabi_cfcmpeq
                0x08012e24                __aeabi_fcmpeq
                0x08012e38                __aeabi_fcmplt
                0x08012e4c                __aeabi_fcmple
                0x08012e60                __aeabi_fcmpge
                0x08012e74                __aeabi_fcmpgt
 .text          0x08012e88       0x4c /home/laurence/CodeSourcery/Sourcery_G++_Lite/bin/../lib/gcc/arm-none-eabi/4.5.2/thumb2/libgcc.a(_arm_fixsfsi.o)
                0x08012e88                __fixsfsi
                0x08012e88                __aeabi_f2iz
 .text          0x08012ed4       0x40 /home/laurence/CodeSourcery/Sourcery_G++_Lite/bin/../lib/gcc/arm-none-eabi/4.5.2/thumb2/libgcc.a(_arm_fixunssfsi.o)
                0x08012ed4                __aeabi_f2uiz
                0x08012ed4                __fixunssfsi
 .text          0x08012f14        0xc /home/laurence/CodeSourcery/Sourcery_G++_Lite/bin/../lib/gcc/arm-none-eabi/4.5.2/../../../../arm-none-eabi/lib/thumb2/libc.a(lib_a-errno.o)
                0x08012f14                __errno
 .text          0x08012f20       0x20 /home/laurence/CodeSourcery/Sourcery_G++_Lite/bin/../lib/gcc/arm-none-eabi/4.5.2/../../../../arm-none-eabi/lib/thumb2/libc.a(lib_a-malloc.o)
                0x08012f20                malloc
                0x08012f30                free
 .text          0x08012f40      0x57c /home/laurence/CodeSourcery/Sourcery_G++_Lite/bin/../lib/gcc/arm-none-eabi/4.5.2/../../../../arm-none-eabi/lib/thumb2/libc.a(lib_a-mallocr.o)
                0x08012f40                _malloc_r
 .text          0x080134bc       0xb4 /home/laurence/CodeSourcery/Sourcery_G++_Lite/bin/../lib/gcc/arm-none-eabi/4.5.2/../../../../arm-none-eabi/lib/thumb2/libc.a(lib_a-memset.o)
                0x080134bc                memset
 .text          0x08013570        0x8 /home/laurence/CodeSourcery/Sourcery_G++_Lite/bin/../lib/gcc/arm-none-eabi/4.5.2/../../../../arm-none-eabi/lib/thumb2/libc.a(lib_a-mlock.o)
                0x08013570                __malloc_lock
                0x08013574                __malloc_unlock
 .text          0x08013578       0x28 /home/laurence/CodeSourcery/Sourcery_G++_Lite/bin/../lib/gcc/arm-none-eabi/4.5.2/../../../../arm-none-eabi/lib/thumb2/libc.a(lib_a-sbrkr.o)
                0x08013578                _sbrk_r
 .text          0x080135a0       0x60 /home/laurence/CodeSourcery/Sourcery_G++_Lite/bin/../lib/gcc/arm-none-eabi/4.5.2/../../../../arm-none-eabi/lib/thumb2/libc.a(lib_a-strlen.o)
                0x080135a0                strlen
 .text          0x08013600      0x240 /home/laurence/CodeSourcery/Sourcery_G++_Lite/bin/../lib/gcc/arm-none-eabi/4.5.2/../../../../arm-none-eabi/lib/thumb2/libc.a(lib_a-freer.o)
                0x08013600                _malloc_trim_r
                0x080136a8                _free_r
 .text          0x08013840       0x30 /home/laurence/CodeSourcery/Sourcery_G++_Lite/bin/../lib/gcc/arm-none-eabi/4.5.2/../../../../arm-none-eabi/lib/thumb2/libcs3.a(start_c.o)
                0x08013840                __cs3_premain
 .text.cs3.init
                0x08013870       0x50 /home/laurence/CodeSourcery/Sourcery_G++_Lite/bin/../lib/gcc/arm-none-eabi/4.5.2/../../../../arm-none-eabi/lib/thumb2/libcs3.a(start_c.o)
                0x08013870                __cs3_start_c
 .text          0x080138c0       0x40 /home/laurence/CodeSourcery/Sourcery_G++_Lite/bin/../lib/gcc/arm-none-eabi/4.5.2/../../../../arm-none-eabi/lib/thumb2/libcs3unhosted.a(unhosted-sbrk.o)
                0x080138c0                _sbrk
 .text.cs3.init
                0x08013900       0x10 /home/laurence/CodeSourcery/Sourcery_G++_Lite/bin/../lib/gcc/arm-none-eabi/4.5.2/../../../../arm-none-eabi/lib/thumb2/libcs3unhosted.a(unhosted-start.o)
                0x08013900                _start
 .text          0x08013910        0x2 lib/libcs3-lanchon-stm32.a(lanchon_stm32_isr_interrupt.o)
                0x08013910                MemManageException
                0x08013910                BusFaultException
                0x08013910                DMAChannel7_IRQHandler
                0x08013910                DebugMonitor
                0x08013910                SVCHandler
                0x08013910                HardFaultException
                0x08013910                __STM32ReservedException8
                0x08013910                __STM32DefaultExceptionHandler
                0x08013910                CAN_SCE_IRQHandler
                0x08013910                __STM32ReservedException10
                0x08013910                __STM32ReservedException13
                0x08013910                NMIException
                0x08013910                DMAChannel4_IRQHandler
                0x08013910                PendSVC
                0x08013910                CAN_RX1_IRQHandler
                0x08013910                ADC_IRQHandler
                0x08013910                DMAChannel5_IRQHandler
                0x08013910                DMAChannel2_IRQHandler
                0x08013910                __STM32ReservedException7
                0x08013910                UsageFaultException
                0x08013910                DMAChannel6_IRQHandler
                0x08013910                DMAChannel3_IRQHandler
                0x08013910                __STM32ReservedException9
 *fill*         0x08013912        0x2 00
 .text          0x08013914       0x50 /home/laurence/CodeSourcery/Sourcery_G++_Lite/bin/../lib/gcc/arm-none-eabi/4.5.2/../../../../arm-none-eabi/lib/thumb2/libc.a(lib_a-init.o)
                0x08013914                __libc_init_array
 *(.plt)
 *(.gnu.warning)
 *(.glue_7t)
 .glue_7t       0x00000000        0x0 linker stubs
 *(.glue_7)
 .glue_7        0x00000000        0x0 linker stubs
 *(.vfp11_veneer)
 .vfp11_veneer  0x00000000        0x0 linker stubs
 *(.rodata .rodata.* .gnu.linkonce.r.*)
 .rodata        0x08013964       0x90 Sensors/ppg_new.o
 .rodata        0x080139f4       0xac Util/USB/usb_desc.o
                0x080139f4                MASS_DeviceDescriptor
                0x08013a08                MASS_ConfigDescriptor
                0x08013a28                MASS_StringLangID
                0x08013a2c                MASS_StringVendor
                0x08013a60                MASS_StringProduct
                0x08013a90                MASS_StringInterface
 .rodata        0x08013aa0     0x7738 Util/fat_fs/option/cc932.o
 .rodata.str1.4
                0x0801b1d8       0x13 Util/fat_fs/src/ff.o
                                 0x14 (size before relaxing)
 *fill*         0x0801b1eb        0x1 00
 .rodata        0x0801b1ec        0xc Util/fat_fs/src/rtc.o
 .rodata        0x0801b1f8       0x14 Util/rprintf.o
 .rodata.str1.4
                0x0801b20c       0x1a Util/rprintf.o
                                 0x1c (size before relaxing)
 *fill*         0x0801b226        0x2 00
 .rodata        0x0801b228        0x4 i2c_int.o
                0x0801b228                TMP102_setup
 .rodata.str1.4
                0x0801b22c       0x10 interrupts.o
 .rodata        0x0801b23c       0x14 lib/CMSIS_CM3/system_stm32f10x.o
                0x0801b23c                SystemFrequency
                0x0801b240                SystemFrequency_SysClk
                0x0801b244                SystemFrequency_AHBClk
                0x0801b248                SystemFrequency_APB1Clk
                0x0801b24c                SystemFrequency_APB2Clk
 .rodata.str1.4
                0x0801b250       0xc9 main.o
                                 0xd0 (size before relaxing)
 *fill*         0x0801b319        0x3 00
 .rodata.str1.4
                0x0801b31c       0x16 pwr.o
                                 0x18 (size before relaxing)
 *fill*         0x0801b332        0x2 00
 .rodata.str1.4
                0x0801b334        0x6 /home/laurence/CodeSourcery/Sourcery_G++_Lite/bin/../lib/gcc/arm-none-eabi/4.5.2/../../../../arm-none-eabi/lib/thumb2/libm.a(lib_a-wf_asin.o)
                                  0xc (size before relaxing)
 *fill*         0x0801b33a        0x2 00
 .rodata.str1.4
                0x0801b33c        0x6 /home/laurence/CodeSourcery/Sourcery_G++_Lite/bin/../lib/gcc/arm-none-eabi/4.5.2/../../../../arm-none-eabi/lib/thumb2/libm.a(lib_a-wf_sqrt.o)
                                  0x8 (size before relaxing)
 *fill*         0x0801b342        0x2 00
 .rodata        0x0801b344      0x398 /home/laurence/CodeSourcery/Sourcery_G++_Lite/bin/../lib/gcc/arm-none-eabi/4.5.2/../../../../arm-none-eabi/lib/thumb2/libm.a(lib_a-ef_rem_pio2.o)
 .rodata        0x0801b6dc       0x38 /home/laurence/CodeSourcery/Sourcery_G++_Lite/bin/../lib/gcc/arm-none-eabi/4.5.2/../../../../arm-none-eabi/lib/thumb2/libm.a(lib_a-kf_rem_pio2.o)
 .rodata.str1.4
                0x0801b714        0x4 /home/laurence/CodeSourcery/Sourcery_G++_Lite/bin/../lib/gcc/arm-none-eabi/4.5.2/../../../../arm-none-eabi/lib/thumb2/libc.a(lib_a-impure.o)
 *(.ARM.extab* .gnu.linkonce.armextab.*)
 *(.gcc_except_table)
 *(.eh_frame_hdr)
 *(.eh_frame)
                0x0801b718                . = ALIGN (0x4)
 *(.init)
 .init          0x0801b718        0x4 /home/laurence/CodeSourcery/Sourcery_G++_Lite/bin/../lib/gcc/arm-none-eabi/4.5.2/thumb2/crti.o
                0x0801b718                _init
 .init          0x0801b71c        0x8 /home/laurence/CodeSourcery/Sourcery_G++_Lite/bin/../lib/gcc/arm-none-eabi/4.5.2/thumb2/crtn.o
                0x0801b724                . = ALIGN (0x4)
                0x0801b724                _sidata = .
                0x0801b724                __preinit_array_start = .
 *(.preinit_array)
                0x0801b724                __preinit_array_end = .
                0x0801b724                . = ALIGN (0x4)
                0x0801b724                __init_array_start = .
 *(SORT(.init_array.*))
 *(.init_array)
 .init_array    0x0801b724        0x4 /home/laurence/CodeSourcery/Sourcery_G++_Lite/bin/../lib/gcc/arm-none-eabi/4.5.2/thumb2/crtbegin.o
                0x0801b728                __init_array_end = .
                0x0801b728                . = ALIGN (0x4)
 *crtbegin.o(.ctors)
 *(EXCLUDE_FILE(*crtend.o) .ctors)
 *(SORT(.ctors.*))
 *crtend.o(.ctors)
                0x0801b728                . = ALIGN (0x4)
 *(.fini)
 .fini          0x0801b728        0x4 /home/laurence/CodeSourcery/Sourcery_G++_Lite/bin/../lib/gcc/arm-none-eabi/4.5.2/thumb2/crti.o
                0x0801b728                _fini
 .fini          0x0801b72c        0x8 /home/laurence/CodeSourcery/Sourcery_G++_Lite/bin/../lib/gcc/arm-none-eabi/4.5.2/thumb2/crtn.o
                0x0801b734                . = ALIGN (0x4)
                0x0801b734                __fini_array_start = .
 *(.fini_array)
 .fini_array    0x0801b734        0x4 /home/laurence/CodeSourcery/Sourcery_G++_Lite/bin/../lib/gcc/arm-none-eabi/4.5.2/thumb2/crtbegin.o
 *(SORT(.fini_array.*))
                0x0801b738                __fini_array_end = .
 *crtbegin.o(.dtors)
 *(EXCLUDE_FILE(*crtend.o) .dtors)
 *(SORT(.dtors.*))
 *crtend.o(.dtors)
                0x0801b738                . = ALIGN (0x4)
                0x0801b738                __cs3_regions = .
                0x0801b738        0x4 LONG 0x0
                0x0801b73c        0x4 LONG 0x801b750 __cs3_region_init_ram
                0x0801b740        0x4 LONG 0x20000000 __cs3_region_start_ram
                0x0801b744        0x4 LONG 0x698 __cs3_region_init_size_ram
                0x0801b748        0x4 LONG 0x860 __cs3_region_zero_size_ram
                0x0801b74c                __exidx_start = .

.v4_bx          0x0801b74c        0x0
 .v4_bx         0x00000000        0x0 linker stubs

.ARM.exidx
 *(.ARM.exidx* .gnu.linkonce.armexidx.*)
                0x0801b74c                __exidx_end = .

.text.align     0x0801b74c        0x4
                0x0801b750                . = ALIGN (0x8)
 *fill*         0x0801b74c        0x4 00
                0x0801b750                _etext = .
                0x08020000                __cs3_region_end_rom = (__cs3_region_start_rom + 0x20000)
                0x00020000                __cs3_region_size_rom = 0x20000
                0x00000001                __cs3_region_num = 0x1

.data           0x20000000      0x698 load address 0x0801b750
                0x20000000                __cs3_region_start_ram = .
                0x20000000                _sdata = .
 *(.cs3.region-head.ram)
 *(.jcr)
 .jcr           0x20000000        0x0 /home/laurence/CodeSourcery/Sourcery_G++_Lite/bin/../lib/gcc/arm-none-eabi/4.5.2/thumb2/crtbegin.o
 .jcr           0x20000000        0x4 /home/laurence/CodeSourcery/Sourcery_G++_Lite/bin/../lib/gcc/arm-none-eabi/4.5.2/thumb2/crtend.o
 *(.got.plt)
 *(.got)
 *(.shdata)
 *(.data .data.* .gnu.linkonce.d.*)
 .data          0x20000004       0x74 Util/USB/scsi_data.o
                0x20000004                Standard_Inquiry_Data
                0x20000028                Standard_Inquiry_Data2
                0x2000004c                Mode_Sense6_data
                0x20000050                Mode_Sense10_data
                0x20000058                Scsi_Sense_Data
                0x2000006c                ReadFormatCapacity_Data
 .data          0x20000078       0x1c Util/USB/usb_desc.o
                0x20000078                MASS_StringSerial
 .data          0x20000094       0x38 Util/USB/usb_istr.o
                0x20000094                pEpInt_IN
                0x200000b0                pEpInt_OUT
 .data          0x200000cc       0x90 Util/USB/usb_prop.o
                0x200000cc                String_Descriptor
                0x200000f4                Config_Descriptor
                0x200000fc                Device_Descriptor
                0x20000104                Device_Property
                0x20000134                Device_Table
                0x20000138                User_Standard_Requests
 .data          0x2000015c        0x1 Util/USB/usb_pwr.o
                0x2000015c                fSuspendEnabled
 .data          0x2000015d        0x1 Util/fat_fs/src/sd_spi_stm32.o
 *fill*         0x2000015e        0x2 00
 .data          0x20000160       0x10 i2c_int.o
                0x20000160                I2C_jobs
 .data          0x20000170       0x14 lib/STM32F10x_StdPeriph_Driver/libstm32fw.a(stm32f10x_rcc.o)
 .data          0x20000184        0x1 /home/laurence/CodeSourcery/Sourcery_G++_Lite/bin/../lib/gcc/arm-none-eabi/4.5.2/../../../../arm-none-eabi/lib/thumb2/libm.a(lib_a-s_lib_ver.o)
                0x20000184                __fdlib_version
 *fill*         0x20000185        0x3 00
 .data          0x20000188       0xf4 /home/laurence/CodeSourcery/Sourcery_G++_Lite/bin/../lib/gcc/arm-none-eabi/4.5.2/../../../../arm-none-eabi/lib/thumb2/libc.a(lib_a-impure.o)
                0x20000188                _impure_ptr
 .data          0x2000027c      0x410 /home/laurence/CodeSourcery/Sourcery_G++_Lite/bin/../lib/gcc/arm-none-eabi/4.5.2/../../../../arm-none-eabi/lib/thumb2/libc.a(lib_a-mallocr.o)
                0x2000027c                __malloc_av_
                0x20000684                __malloc_sbrk_base
                0x20000688                __malloc_trim_threshold
 .data          0x2000068c        0x4 /home/laurence/CodeSourcery/Sourcery_G++_Lite/bin/../lib/gcc/arm-none-eabi/4.5.2/../../../../arm-none-eabi/lib/thumb2/libcs3unhosted.a(unhosted-sbrk.o)
 .data          0x20000690        0x4 /home/laurence/CodeSourcery/Sourcery_G++_Lite/bin/../lib/gcc/arm-none-eabi/4.5.2/../../../../arm-none-eabi/lib/thumb2/libcs3.a(heap.o)
                0x20000690                __cs3_heap_limit
 *(.ram)
                0x20000698                . = ALIGN (0x8)
 *fill*         0x20000694        0x4 00
                0x20000698                _edata = .

.bss            0x20000698      0x860 load address 0x0801bde8
                0x20000698                _sbss = .
 *(.shbss)
 *(.bss .bss.* .gnu.linkonce.b.*)
 .bss           0x20000698        0x1 /home/laurence/CodeSourcery/Sourcery_G++_Lite/bin/../lib/gcc/arm-none-eabi/4.5.2/thumb2/crtbegin.o
 *fill*         0x20000699        0x3 00
 .bss           0x2000069c       0x18 Sensors/ppg_new.o
 .bss           0x200006b4       0x34 Sensors/pressure.o
 .bss           0x200006e8        0x4 Util/USB/mass_mal.o
                0x200006e8                Status
 .bss           0x200006ec       0x1c Util/USB/memory.o
                0x200006ec                TransferState
                0x200006f8                Block_Read_count
                0x200006fc                Counter
 .bss           0x20000708       0x10 Util/USB/scsi_data.o
                0x20000708                Page00_Inquiry_Data
                0x20000710                ReadCapacity10_Data
 .bss           0x20000718        0x1 Util/USB/usb_istr.o
                0x20000718                bIntPackSOF
 *fill*         0x20000719        0x3 00
 .bss           0x2000071c        0x4 Util/USB/usb_prop.o
                0x2000071c                Max_Lun
 .bss           0x20000720        0x4 Util/USB/usb_pwr.o
                0x20000720                bDeviceState
 .bss           0x20000724        0x8 Util/fat_fs/src/ff.o
 .bss           0x2000072c       0x10 Util/fat_fs/src/sd_spi_stm32.o
 .bss           0x2000073c       0x84 Util/rprintf.o
 .bss           0x200007c0        0x3 i2c_int.o
 *fill*         0x200007c3        0x1 00
 .bss           0x200007c4       0x18 interrupts.o
 .bss           0x200007dc      0x234 main.o
                0x20000a0c                file_opened
 .bss           0x20000a10        0x1 lib/STM32_USB-FS-Device_Driver/libstm32usb.a(usb_core.o)
                0x20000a10                Data_Mul_MaxPacketSize
 *fill*         0x20000a11        0x3 00
 .bss           0x20000a14       0x34 /home/laurence/CodeSourcery/Sourcery_G++_Lite/bin/../lib/gcc/arm-none-eabi/4.5.2/../../../../arm-none-eabi/lib/thumb2/libc.a(lib_a-mallocr.o)
                0x20000a14                __malloc_top_pad
                0x20000a18                __malloc_current_mallinfo
                0x20000a40                __malloc_max_sbrked_mem
                0x20000a44                __malloc_max_total_mem
 *(COMMON)
 COMMON         0x20000a48        0xc Sensors/ppg_new.o
                0x20000a48                Last_PPG_Values
 COMMON         0x20000a54        0x8 Sensors/pressure.o
                0x20000a54                Reported_Pressure
                0x20000a58                Pressure_Offset
 COMMON         0x20000a5c        0xa Sensors/temperature.o
                0x20000a5c                Device_Temperature
                0x20000a60                TMP102_Reported_Temperature
                0x20000a64                TMP102_Data_Buffer
 *fill*         0x20000a66        0x2 00
 COMMON         0x20000a68       0x1c Util/USB/mass_mal.o
                0x20000a68                Mass_Memory_Size
                0x20000a70                Mass_Block_Size
                0x20000a78                Mass_Block_Count
                0x20000a80                Data_Buffer
 COMMON         0x20000a84        0x8 Util/USB/memory.o
                0x20000a84                Block_offset
                0x20000a88                Idx
 COMMON         0x20000a8c       0x7c Util/USB/usb_bot.o
                0x20000a8c                CBW
                0x20000aac                Data_Len
                0x20000aae                Bot_State
                0x20000ab0                SCSI_LBA
                0x20000ab4                CSW
                0x20000ac4                SCSI_BlkLen
                0x20000ac8                Bulk_Data_Buff
 COMMON         0x20000b08        0x2 Util/USB/usb_istr.o
                0x20000b08                wIstr
 *fill*         0x20000b0a        0x2 00
 COMMON         0x20000b0c        0x2 Util/USB/usb_pwr.o
                0x20000b0c                ResumeS
 *fill*         0x20000b0e        0x2 00
 COMMON         0x20000b10        0x4 adc.o
                0x20000b10                ADC1_Convertion_buff
 COMMON         0x20000b14        0x1 gpio.o
                0x20000b14                bootsource
 *fill*         0x20000b15        0x3 00
 COMMON         0x20000b18        0xd i2c_int.o
                0x20000b18                I2C1error
                0x20000b1c                Jobs
                0x20000b20                Completed_Jobs
                0x20000b24                job
 COMMON         0x20000b25        0x1 interrupts.o
                0x20000b25                Button_hold_tim
 *fill*         0x20000b26        0x2 00
 COMMON         0x20000b28      0x390 main.o
                0x20000b28                Pressure_control
                0x20000b2c                Temperatures_Buffer
                0x20000b38                f_err_code
                0x20000b3c                Buff
                0x20000b54                System_state_Global
                0x20000b58                Millis
                0x20000b5c                Sensors
                0x20000b60                FATFS_info
                0x20000b80                Pressures_Buffer
                0x20000b8c                Pressure_Setpoint
                0x20000b90                print_string
                0x20000c90                a
                0x20000c94                FATFS_logfile
 COMMON         0x20000eb8        0x2 lib/STM32_USB-FS-Device_Driver/libstm32usb.a(usb_core.o)
                0x20000eb8                StatusInfo
 *fill*         0x20000eba        0x2 00
 COMMON         0x20000ebc       0x32 lib/STM32_USB-FS-Device_Driver/libstm32usb.a(usb_init.o)
                0x20000ebc                SaveState
                0x20000ec0                pProperty
                0x20000ec4                EPindex
                0x20000ec8                Device_Info
                0x20000ee4                pUser_Standard_Requests
                0x20000ee8                pInformation
                0x20000eec                wInterrupt_Mask
 COMMON         0x20000eee        0x4 lib/STM32_USB-FS-Device_Driver/libstm32usb.a(usb_int.o)
                0x20000eee                SaveRState
                0x20000ef0                SaveTState
 *fill*         0x20000ef2        0x2 00
 COMMON         0x20000ef4        0x4 /home/laurence/CodeSourcery/Sourcery_G++_Lite/bin/../lib/gcc/arm-none-eabi/4.5.2/../../../../arm-none-eabi/lib/thumb2/libc.a(lib_a-reent.o)
                0x20000ef4                errno
 *(.ram.b)
                0x20000ef8                . = ALIGN (0x8)
                0x20000ef8                _ebss = .

.noinit         0x20000ef8        0x0 load address 0x0801bde8
 *(.noinit)
                0x20000ef8                . = ALIGN (0x8)
                0x20000ef8                _end = .
                0x20005000                __cs3_region_end_ram = (__cs3_region_start_ram + 0x5000)
                0x00005000                __cs3_region_size_ram = 0x5000
                0x0801b750                __cs3_region_init_ram = LOADADDR (.data)
                0x00000698                __cs3_region_init_size_ram = (_edata - ADDR (.data))
                0x00000860                __cs3_region_zero_size_ram = (_end - _edata)
                0x00000001                __cs3_region_num = 0x1

.stab
 *(.stab)

.stabstr
 *(.stabstr)

.debug
 *(.debug)

.line
 *(.line)

.debug_srcinfo
 *(.debug_srcinfo)

.debug_sfnames
 *(.debug_sfnames)

.comment        0x00000000       0x2a
 .comment       0x00000000       0x2a Sensors/ppg_new.o
                                 0x2b (size before relaxing)
 .comment       0x00000000       0x2b Sensors/pressure.o
 .comment       0x00000000       0x2b Sensors/temperature.o
 .comment       0x00000000       0x2b Util/USB/hw_config.o
 .comment       0x00000000       0x2b Util/USB/mass_mal.o
 .comment       0x00000000       0x2b Util/USB/memory.o
 .comment       0x00000000       0x2b Util/USB/scsi_data.o
 .comment       0x00000000       0x2b Util/USB/usb_bot.o
 .comment       0x00000000       0x2b Util/USB/usb_desc.o
 .comment       0x00000000       0x2b Util/USB/usb_endp.o
 .comment       0x00000000       0x2b Util/USB/usb_istr.o
 .comment       0x00000000       0x2b Util/USB/usb_prop.o
 .comment       0x00000000       0x2b Util/USB/usb_pwr.o
 .comment       0x00000000       0x2b Util/USB/usb_scsi.o
 .comment       0x00000000       0x2b Util/buffer.o
 .comment       0x00000000       0x2b Util/delay.o
 .comment       0x00000000       0x2b Util/fat_fs/option/cc932.o
 .comment       0x00000000       0x2b Util/fat_fs/option/syscall.o
 .comment       0x00000000       0x2b Util/fat_fs/src/fattime.o
 .comment       0x00000000       0x2b Util/fat_fs/src/ff.o
 .comment       0x00000000       0x2b Util/fat_fs/src/rtc.o
 .comment       0x00000000       0x2b Util/fat_fs/src/sd_spi_stm32.o
 .comment       0x00000000       0x2b Util/rprintf.o
 .comment       0x00000000       0x2b Util/stm32_eval_spi_sd.o
 .comment       0x00000000       0x2b adc.o
 .comment       0x00000000       0x2b gpio.o
 .comment       0x00000000       0x2b i2c_int.o
 .comment       0x00000000       0x2b interrupts.o
 .comment       0x00000000       0x2b lib/CMSIS_CM3/core_cm3.o
 .comment       0x00000000       0x2b lib/CMSIS_CM3/system_stm32f10x.o
 .comment       0x00000000       0x2b main.o
 .comment       0x00000000       0x2b pwr.o
 .comment       0x00000000       0x2b timer.o
 .comment       0x00000000       0x2b usart.o
 .comment       0x00000000       0x2b watchdog.o
 .comment       0x00000000       0x2b lib/STM32F10x_StdPeriph_Driver/libstm32fw.a(misc.o)
 .comment       0x00000000       0x2b lib/STM32F10x_StdPeriph_Driver/libstm32fw.a(stm32f10x_adc.o)
 .comment       0x00000000       0x2b lib/STM32F10x_StdPeriph_Driver/libstm32fw.a(stm32f10x_bkp.o)
 .comment       0x00000000       0x2b lib/STM32F10x_StdPeriph_Driver/libstm32fw.a(stm32f10x_dbgmcu.o)
 .comment       0x00000000       0x2b lib/STM32F10x_StdPeriph_Driver/libstm32fw.a(stm32f10x_dma.o)
 .comment       0x00000000       0x2b lib/STM32F10x_StdPeriph_Driver/libstm32fw.a(stm32f10x_exti.o)
 .comment       0x00000000       0x2b lib/STM32F10x_StdPeriph_Driver/libstm32fw.a(stm32f10x_gpio.o)
 .comment       0x00000000       0x2b lib/STM32F10x_StdPeriph_Driver/libstm32fw.a(stm32f10x_i2c.o)
 .comment       0x00000000       0x2b lib/STM32F10x_StdPeriph_Driver/libstm32fw.a(stm32f10x_iwdg.o)
 .comment       0x00000000       0x2b lib/STM32F10x_StdPeriph_Driver/libstm32fw.a(stm32f10x_pwr.o)
 .comment       0x00000000       0x2b lib/STM32F10x_StdPeriph_Driver/libstm32fw.a(stm32f10x_rcc.o)
 .comment       0x00000000       0x2b lib/STM32F10x_StdPeriph_Driver/libstm32fw.a(stm32f10x_rtc.o)
 .comment       0x00000000       0x2b lib/STM32F10x_StdPeriph_Driver/libstm32fw.a(stm32f10x_spi.o)
 .comment       0x00000000       0x2b lib/STM32F10x_StdPeriph_Driver/libstm32fw.a(stm32f10x_tim.o)
 .comment       0x00000000       0x2b lib/STM32F10x_StdPeriph_Driver/libstm32fw.a(stm32f10x_usart.o)
 .comment       0x00000000       0x2b lib/STM32_USB-FS-Device_Driver/libstm32usb.a(usb_core.o)
 .comment       0x00000000       0x2b lib/STM32_USB-FS-Device_Driver/libstm32usb.a(usb_init.o)
 .comment       0x00000000       0x2b lib/STM32_USB-FS-Device_Driver/libstm32usb.a(usb_int.o)
 .comment       0x00000000       0x2b lib/STM32_USB-FS-Device_Driver/libstm32usb.a(usb_mem.o)
 .comment       0x00000000       0x2b lib/STM32_USB-FS-Device_Driver/libstm32usb.a(usb_regs.o)
 .comment       0x00000000       0x2b lib/STM32_USB-FS-Device_Driver/libstm32usb.a(usb_sil.o)

.debug_aranges  0x00000000      0x428
 *(.debug_aranges)
 .debug_aranges
                0x00000000       0x20 Sensors/ppg_new.o
 .debug_aranges
                0x00000020       0x20 Sensors/pressure.o
 .debug_aranges
                0x00000040       0x20 Sensors/temperature.o
 .debug_aranges
                0x00000060       0x20 Util/USB/hw_config.o
 .debug_aranges
                0x00000080       0x20 Util/USB/mass_mal.o
 .debug_aranges
                0x000000a0       0x20 Util/USB/memory.o
 .debug_aranges
                0x000000c0       0x20 Util/USB/usb_bot.o
 .debug_aranges
                0x000000e0       0x20 Util/USB/usb_endp.o
 .debug_aranges
                0x00000100       0x20 Util/USB/usb_istr.o
 .debug_aranges
                0x00000120       0x20 Util/USB/usb_prop.o
 .debug_aranges
                0x00000140       0x20 Util/USB/usb_pwr.o
 .debug_aranges
                0x00000160       0x20 Util/USB/usb_scsi.o
 .debug_aranges
                0x00000180       0x20 Util/buffer.o
 .debug_aranges
                0x000001a0       0x20 Util/delay.o
 .debug_aranges
                0x000001c0       0x20 Util/fat_fs/option/cc932.o
 .debug_aranges
                0x000001e0       0x20 Util/fat_fs/src/fattime.o
 .debug_aranges
                0x00000200       0x20 Util/fat_fs/src/ff.o
 .debug_aranges
                0x00000220       0x20 Util/fat_fs/src/rtc.o
 .debug_aranges
                0x00000240       0x20 Util/fat_fs/src/sd_spi_stm32.o
 .debug_aranges
                0x00000260       0x20 Util/rprintf.o
 .debug_aranges
                0x00000280       0x20 Util/stm32_eval_spi_sd.o
 .debug_aranges
                0x000002a0       0x20 adc.o
 .debug_aranges
                0x000002c0       0x20 gpio.o
 .debug_aranges
                0x000002e0       0x20 i2c_int.o
 .debug_aranges
                0x00000300       0x20 interrupts.o
 .debug_aranges
                0x00000320       0x20 lib/CMSIS_CM3/core_cm3.o
 .debug_aranges
                0x00000340       0x28 lib/CMSIS_CM3/startup/gcc/startup_stm32f10x_md.o
 .debug_aranges
                0x00000368       0x20 lib/CMSIS_CM3/system_stm32f10x.o
 .debug_aranges
                0x00000388       0x20 main.o
 .debug_aranges
                0x000003a8       0x20 pwr.o
 .debug_aranges
                0x000003c8       0x20 timer.o
 .debug_aranges
                0x000003e8       0x20 usart.o
 .debug_aranges
                0x00000408       0x20 watchdog.o

.debug_pubnames
                0x00000000     0x1724
 *(.debug_pubnames)
 .debug_pubnames
                0x00000000       0x87 Sensors/ppg_new.o
 .debug_pubnames
                0x00000087       0x80 Sensors/pressure.o
 .debug_pubnames
                0x00000107       0x8d Sensors/temperature.o
 .debug_pubnames
                0x00000194      0x113 Util/USB/hw_config.o
 .debug_pubnames
                0x000002a7       0xa5 Util/USB/mass_mal.o
 .debug_pubnames
                0x0000034c       0x7f Util/USB/memory.o
 .debug_pubnames
                0x000003cb       0xd2 Util/USB/scsi_data.o
 .debug_pubnames
                0x0000049d       0xd9 Util/USB/usb_bot.o
 .debug_pubnames
                0x00000576       0xb8 Util/USB/usb_desc.o
 .debug_pubnames
                0x0000062e       0x3b Util/USB/usb_endp.o
 .debug_pubnames
                0x00000669       0x56 Util/USB/usb_istr.o
 .debug_pubnames
                0x000006bf      0x1f6 Util/USB/usb_prop.o
 .debug_pubnames
                0x000008b5       0x83 Util/USB/usb_pwr.o
 .debug_pubnames
                0x00000938      0x195 Util/USB/usb_scsi.o
 .debug_pubnames
                0x00000acd       0x48 Util/buffer.o
 .debug_pubnames
                0x00000b15       0x1c Util/delay.o
 .debug_pubnames
                0x00000b31       0x31 Util/fat_fs/option/cc932.o
 .debug_pubnames
                0x00000b62       0x22 Util/fat_fs/src/fattime.o
 .debug_pubnames
                0x00000b84      0x14a Util/fat_fs/src/ff.o
 .debug_pubnames
                0x00000cce       0x55 Util/fat_fs/src/rtc.o
 .debug_pubnames
                0x00000d23       0x75 Util/fat_fs/src/sd_spi_stm32.o
 .debug_pubnames
                0x00000d98       0xf9 Util/rprintf.o
 .debug_pubnames
                0x00000e91      0x167 Util/stm32_eval_spi_sd.o
 .debug_pubnames
                0x00000ff8       0x66 adc.o
 .debug_pubnames
                0x0000105e       0x72 gpio.o
 .debug_pubnames
                0x000010d0       0xc7 i2c_int.o
 .debug_pubnames
                0x00001197      0x108 interrupts.o
 .debug_pubnames
                0x0000129f      0x159 lib/CMSIS_CM3/core_cm3.o
 .debug_pubnames
                0x000013f8       0xa3 lib/CMSIS_CM3/system_stm32f10x.o
 .debug_pubnames
                0x0000149b      0x156 main.o
 .debug_pubnames
                0x000015f1       0x54 pwr.o
 .debug_pubnames
                0x00001645       0x3b timer.o
 .debug_pubnames
                0x00001680       0x64 usart.o
 .debug_pubnames
                0x000016e4       0x40 watchdog.o

.debug_info     0x00000000     0xf349
 *(.debug_info .gnu.linkonce.wi.*)
 .debug_info    0x00000000      0x691 Sensors/ppg_new.o
 .debug_info    0x00000691      0x1ed Sensors/pressure.o
 .debug_info    0x0000087e      0x123 Sensors/temperature.o
 .debug_info    0x000009a1      0x731 Util/USB/hw_config.o
 .debug_info    0x000010d2      0x302 Util/USB/mass_mal.o
 .debug_info    0x000013d4      0x333 Util/USB/memory.o
 .debug_info    0x00001707      0x16b Util/USB/scsi_data.o
 .debug_info    0x00001872      0x49d Util/USB/usb_bot.o
 .debug_info    0x00001d0f      0x187 Util/USB/usb_desc.o
 .debug_info    0x00001e96       0x98 Util/USB/usb_endp.o
 .debug_info    0x00001f2e      0x311 Util/USB/usb_istr.o
 .debug_info    0x0000223f      0x9b4 Util/USB/usb_prop.o
 .debug_info    0x00002bf3      0x3c3 Util/USB/usb_pwr.o
 .debug_info    0x00002fb6      0x899 Util/USB/usb_scsi.o
 .debug_info    0x0000384f      0x194 Util/buffer.o
 .debug_info    0x000039e3       0xc8 Util/delay.o
 .debug_info    0x00003aab      0x1b9 Util/fat_fs/option/cc932.o
 .debug_info    0x00003c64       0x77 Util/fat_fs/option/syscall.o
 .debug_info    0x00003cdb      0x15a Util/fat_fs/src/fattime.o
 .debug_info    0x00003e35     0x325b Util/fat_fs/src/ff.o
 .debug_info    0x00007090      0x532 Util/fat_fs/src/rtc.o
 .debug_info    0x000075c2     0x183f Util/fat_fs/src/sd_spi_stm32.o
 .debug_info    0x00008e01      0xe1f Util/rprintf.o
 .debug_info    0x00009c20     0x1a18 Util/stm32_eval_spi_sd.o
 .debug_info    0x0000b638      0x44d adc.o
 .debug_info    0x0000ba85      0x2a3 gpio.o
 .debug_info    0x0000bd28      0x6af i2c_int.o
 .debug_info    0x0000c3d7      0xed5 interrupts.o
 .debug_info    0x0000d2ac      0x547 lib/CMSIS_CM3/core_cm3.o
 .debug_info    0x0000d7f3       0x79 lib/CMSIS_CM3/startup/gcc/startup_stm32f10x_md.o
 .debug_info    0x0000d86c      0x2d0 lib/CMSIS_CM3/system_stm32f10x.o
 .debug_info    0x0000db3c      0xa64 main.o
 .debug_info    0x0000e5a0      0x346 pwr.o
 .debug_info    0x0000e8e6      0x53c timer.o
 .debug_info    0x0000ee22      0x449 usart.o
 .debug_info    0x0000f26b       0xde watchdog.o

.debug_abbrev   0x00000000     0x323a
 *(.debug_abbrev)
 .debug_abbrev  0x00000000      0x1bd Sensors/ppg_new.o
 .debug_abbrev  0x000001bd      0x10a Sensors/pressure.o
 .debug_abbrev  0x000002c7       0x79 Sensors/temperature.o
 .debug_abbrev  0x00000340      0x2d3 Util/USB/hw_config.o
 .debug_abbrev  0x00000613      0x111 Util/USB/mass_mal.o
 .debug_abbrev  0x00000724      0x110 Util/USB/memory.o
 .debug_abbrev  0x00000834       0x5c Util/USB/scsi_data.o
 .debug_abbrev  0x00000890      0x198 Util/USB/usb_bot.o
 .debug_abbrev  0x00000a28       0x63 Util/USB/usb_desc.o
 .debug_abbrev  0x00000a8b       0x41 Util/USB/usb_endp.o
 .debug_abbrev  0x00000acc      0x113 Util/USB/usb_istr.o
 .debug_abbrev  0x00000bdf      0x1d0 Util/USB/usb_prop.o
 .debug_abbrev  0x00000daf      0x1bd Util/USB/usb_pwr.o
 .debug_abbrev  0x00000f6c      0x253 Util/USB/usb_scsi.o
 .debug_abbrev  0x000011bf       0xc1 Util/buffer.o
 .debug_abbrev  0x00001280       0x7e Util/delay.o
 .debug_abbrev  0x000012fe       0xd2 Util/fat_fs/option/cc932.o
 .debug_abbrev  0x000013d0       0x2c Util/fat_fs/option/syscall.o
 .debug_abbrev  0x000013fc       0x97 Util/fat_fs/src/fattime.o
 .debug_abbrev  0x00001493      0x2f7 Util/fat_fs/src/ff.o
 .debug_abbrev  0x0000178a      0x213 Util/fat_fs/src/rtc.o
 .debug_abbrev  0x0000199d      0x34b Util/fat_fs/src/sd_spi_stm32.o
 .debug_abbrev  0x00001ce8      0x2e4 Util/rprintf.o
 .debug_abbrev  0x00001fcc      0x2e8 Util/stm32_eval_spi_sd.o
 .debug_abbrev  0x000022b4      0x143 adc.o
 .debug_abbrev  0x000023f7      0x158 gpio.o
 .debug_abbrev  0x0000254f      0x1f5 i2c_int.o
 .debug_abbrev  0x00002744      0x25f interrupts.o
 .debug_abbrev  0x000029a3       0xc1 lib/CMSIS_CM3/core_cm3.o
 .debug_abbrev  0x00002a64       0x12 lib/CMSIS_CM3/startup/gcc/startup_stm32f10x_md.o
 .debug_abbrev  0x00002a76      0x112 lib/CMSIS_CM3/system_stm32f10x.o
 .debug_abbrev  0x00002b88      0x24c main.o
 .debug_abbrev  0x00002dd4      0x10c pwr.o
 .debug_abbrev  0x00002ee0      0x13f timer.o
 .debug_abbrev  0x0000301f      0x186 usart.o
 .debug_abbrev  0x000031a5       0x95 watchdog.o

.debug_line     0x00000000     0xc5f3
 *(.debug_line)
 .debug_line    0x00000000      0x7b7 Sensors/ppg_new.o
 .debug_line    0x000007b7      0x373 Sensors/pressure.o
 .debug_line    0x00000b2a      0x502 Sensors/temperature.o
 .debug_line    0x0000102c      0x5fc Util/USB/hw_config.o
 .debug_line    0x00001628      0x56e Util/USB/mass_mal.o
 .debug_line    0x00001b96      0x46a Util/USB/memory.o
 .debug_line    0x00002000      0x339 Util/USB/scsi_data.o
 .debug_line    0x00002339      0x55c Util/USB/usb_bot.o
 .debug_line    0x00002895      0x2ed Util/USB/usb_desc.o
 .debug_line    0x00002b82      0x3ba Util/USB/usb_endp.o
 .debug_line    0x00002f3c      0x3f5 Util/USB/usb_istr.o
 .debug_line    0x00003331      0x4a9 Util/USB/usb_prop.o
 .debug_line    0x000037da      0x452 Util/USB/usb_pwr.o
 .debug_line    0x00003c2c      0x653 Util/USB/usb_scsi.o
 .debug_line    0x0000427f      0x4ba Util/buffer.o
 .debug_line    0x00004739      0x2fd Util/delay.o
 .debug_line    0x00004a36       0xd8 Util/fat_fs/option/cc932.o
 .debug_line    0x00004b0e      0x2fc Util/fat_fs/option/syscall.o
 .debug_line    0x00004e0a      0x179 Util/fat_fs/src/fattime.o
 .debug_line    0x00004f83     0x1c86 Util/fat_fs/src/ff.o
 .debug_line    0x00006c09      0x47f Util/fat_fs/src/rtc.o
 .debug_line    0x00007088      0x83f Util/fat_fs/src/sd_spi_stm32.o
 .debug_line    0x000078c7      0xcfd Util/rprintf.o
 .debug_line    0x000085c4      0x9a5 Util/stm32_eval_spi_sd.o
 .debug_line    0x00008f69      0x6fd adc.o
 .debug_line    0x00009666      0x41f gpio.o
 .debug_line    0x00009a85      0x6bb i2c_int.o
 .debug_line    0x0000a140      0x7be interrupts.o
 .debug_line    0x0000a8fe      0x198 lib/CMSIS_CM3/core_cm3.o
 .debug_line    0x0000aa96       0x84 lib/CMSIS_CM3/startup/gcc/startup_stm32f10x_md.o
 .debug_line    0x0000ab1a      0x336 lib/CMSIS_CM3/system_stm32f10x.o
 .debug_line    0x0000ae50      0x818 main.o
 .debug_line    0x0000b668      0x393 pwr.o
 .debug_line    0x0000b9fb      0x361 timer.o
 .debug_line    0x0000bd5c      0x58f usart.o
 .debug_line    0x0000c2eb      0x308 watchdog.o

.debug_frame    0x00000000     0x1f2c
 *(.debug_frame)
 .debug_frame   0x00000000       0x94 Sensors/ppg_new.o
 .debug_frame   0x00000094       0x8c Sensors/pressure.o
 .debug_frame   0x00000120       0x40 Sensors/temperature.o
 .debug_frame   0x00000160       0xec Util/USB/hw_config.o
 .debug_frame   0x0000024c       0x80 Util/USB/mass_mal.o
 .debug_frame   0x000002cc       0x50 Util/USB/memory.o
 .debug_frame   0x0000031c       0xc0 Util/USB/usb_bot.o
 .debug_frame   0x000003dc       0x30 Util/USB/usb_endp.o
 .debug_frame   0x0000040c       0x2c Util/USB/usb_istr.o
 .debug_frame   0x00000438      0x11c Util/USB/usb_prop.o
 .debug_frame   0x00000554       0x94 Util/USB/usb_pwr.o
 .debug_frame   0x000005e8      0x180 Util/USB/usb_scsi.o
 .debug_frame   0x00000768       0x64 Util/buffer.o
 .debug_frame   0x000007cc       0x24 Util/delay.o
 .debug_frame   0x000007f0       0x3c Util/fat_fs/option/cc932.o
 .debug_frame   0x0000082c       0x2c Util/fat_fs/src/fattime.o
 .debug_frame   0x00000858      0x564 Util/fat_fs/src/ff.o
 .debug_frame   0x00000dbc       0x84 Util/fat_fs/src/rtc.o
 .debug_frame   0x00000e40      0x12c Util/fat_fs/src/sd_spi_stm32.o
 .debug_frame   0x00000f6c      0x1d4 Util/rprintf.o
 .debug_frame   0x00001140      0x25c Util/stm32_eval_spi_sd.o
 .debug_frame   0x0000139c       0x78 adc.o
 .debug_frame   0x00001414       0x78 gpio.o
 .debug_frame   0x0000148c       0xa0 i2c_int.o
 .debug_frame   0x0000152c      0x114 interrupts.o
 .debug_frame   0x00001640      0x170 lib/CMSIS_CM3/core_cm3.o
 .debug_frame   0x000017b0       0x24 lib/CMSIS_CM3/system_stm32f10x.o
 .debug_frame   0x000017d4       0x90 main.o
 .debug_frame   0x00001864       0x70 pwr.o
 .debug_frame   0x000018d4       0x5c timer.o
 .debug_frame   0x00001930       0x78 usart.o
 .debug_frame   0x000019a8       0x40 watchdog.o
 .debug_frame   0x000019e8       0x2c /home/laurence/CodeSourcery/Sourcery_G++_Lite/bin/../lib/gcc/arm-none-eabi/4.5.2/../../../../arm-none-eabi/lib/thumb2/libm.a(lib_a-sf_sin.o)
 .debug_frame   0x00001a14       0x30 /home/laurence/CodeSourcery/Sourcery_G++_Lite/bin/../lib/gcc/arm-none-eabi/4.5.2/../../../../arm-none-eabi/lib/thumb2/libm.a(lib_a-wf_asin.o)
 .debug_frame   0x00001a44       0x30 /home/laurence/CodeSourcery/Sourcery_G++_Lite/bin/../lib/gcc/arm-none-eabi/4.5.2/../../../../arm-none-eabi/lib/thumb2/libm.a(lib_a-wf_sqrt.o)
 .debug_frame   0x00001a74       0x34 /home/laurence/CodeSourcery/Sourcery_G++_Lite/bin/../lib/gcc/arm-none-eabi/4.5.2/../../../../arm-none-eabi/lib/thumb2/libm.a(lib_a-ef_asin.o)
 .debug_frame   0x00001aa8       0x3c /home/laurence/CodeSourcery/Sourcery_G++_Lite/bin/../lib/gcc/arm-none-eabi/4.5.2/../../../../arm-none-eabi/lib/thumb2/libm.a(lib_a-ef_rem_pio2.o)
 .debug_frame   0x00001ae4       0x2c /home/laurence/CodeSourcery/Sourcery_G++_Lite/bin/../lib/gcc/arm-none-eabi/4.5.2/../../../../arm-none-eabi/lib/thumb2/libm.a(lib_a-ef_sqrt.o)