Archive member included because of file (symbol)

lib/STM32F10x_StdPeriph_Driver/libstm32fw.a(misc.o)
                              Util/USB/hw_config.o (symbol from plugin) (NVIC_PriorityGroupConfig)
lib/STM32F10x_StdPeriph_Driver/libstm32fw.a(stm32f10x_adc.o)
                              adc.o (symbol from plugin) (ADC_DeInit)
lib/STM32F10x_StdPeriph_Driver/libstm32fw.a(stm32f10x_bkp.o)
                              Util/fat_fs/src/rtc.o (symbol from plugin) (BKP_DeInit)
lib/STM32F10x_StdPeriph_Driver/libstm32fw.a(stm32f10x_dbgmcu.o)
                              main.o (symbol from plugin) (DBGMCU_Config)
lib/STM32F10x_StdPeriph_Driver/libstm32fw.a(stm32f10x_dma.o)
                              Util/fat_fs/src/sd_spi_stm32.o (symbol from plugin) (DMA_DeInit)
lib/STM32F10x_StdPeriph_Driver/libstm32fw.a(stm32f10x_exti.o)
                              interrupts.o (symbol from plugin) (EXTI_DeInit)
lib/STM32F10x_StdPeriph_Driver/libstm32fw.a(stm32f10x_gpio.o)
                              Util/fat_fs/src/sd_spi_stm32.o (symbol from plugin) (GPIO_Init)
lib/STM32F10x_StdPeriph_Driver/libstm32fw.a(stm32f10x_i2c.o)
                              i2c_int.o (symbol from plugin) (I2C_DeInit)
lib/STM32F10x_StdPeriph_Driver/libstm32fw.a(stm32f10x_iwdg.o)
                              watchdog.o (symbol from plugin) (IWDG_WriteAccessCmd)
lib/STM32F10x_StdPeriph_Driver/libstm32fw.a(stm32f10x_pwr.o)
                              pwr.o (symbol from plugin) (PWR_DeInit)
lib/STM32F10x_StdPeriph_Driver/libstm32fw.a(stm32f10x_rcc.o)
                              interrupts.o (symbol from plugin) (RCC_HCLKConfig)
lib/STM32F10x_StdPeriph_Driver/libstm32fw.a(stm32f10x_rtc.o)
                              Util/fat_fs/src/rtc.o (symbol from plugin) (RTC_GetCounter)
lib/STM32F10x_StdPeriph_Driver/libstm32fw.a(stm32f10x_spi.o)
                              Util/fat_fs/src/sd_spi_stm32.o (symbol from plugin) (SPI_I2S_DeInit)
lib/STM32F10x_StdPeriph_Driver/libstm32fw.a(stm32f10x_tim.o)
                              timer.o (symbol from plugin) (TIM_DeInit)
lib/STM32F10x_StdPeriph_Driver/libstm32fw.a(stm32f10x_usart.o)
                              usart.o (symbol from plugin) (USART_Init)
lib/STM32_USB-FS-Device_Driver/libstm32usb.a(usb_core.o)
                              Util/USB/usb_prop.o (symbol from plugin) (Standard_GetDescriptorData)
lib/STM32_USB-FS-Device_Driver/libstm32usb.a(usb_init.o)
                              main.o (symbol from plugin) (USB_Init)
lib/STM32_USB-FS-Device_Driver/libstm32usb.a(usb_int.o)
                              Util/USB/usb_istr.o (symbol from plugin) (CTR_LP)
lib/STM32_USB-FS-Device_Driver/libstm32usb.a(usb_mem.o)
                              lib/STM32_USB-FS-Device_Driver/libstm32usb.a(usb_core.o) (UserToPMABufferCopy)
lib/STM32_USB-FS-Device_Driver/libstm32usb.a(usb_regs.o)
                              Util/USB/usb_prop.o (symbol from plugin) (SetBTABLE)
lib/STM32_USB-FS-Device_Driver/libstm32usb.a(usb_sil.o)
                              Util/USB/usb_prop.o (symbol from plugin) (USB_SIL_Init)
/home/laurence/toolchain/lib/gcc/arm-none-eabi/4.7.1/../../../../arm-none-eabi/lib/thumb/libc.a(lib_a-atexit.o)
                              /home/laurence/toolchain/lib/gcc/arm-none-eabi/4.7.1/../../../../arm-none-eabi/lib/thumb/crt0.o (atexit)
/home/laurence/toolchain/lib/gcc/arm-none-eabi/4.7.1/../../../../arm-none-eabi/lib/thumb/libc.a(lib_a-exit.o)
                              /home/laurence/toolchain/lib/gcc/arm-none-eabi/4.7.1/../../../../arm-none-eabi/lib/thumb/crt0.o (exit)
/home/laurence/toolchain/lib/gcc/arm-none-eabi/4.7.1/../../../../arm-none-eabi/lib/thumb/libc.a(lib_a-fini.o)
                              /home/laurence/toolchain/lib/gcc/arm-none-eabi/4.7.1/../../../../arm-none-eabi/lib/thumb/crt0.o (__libc_fini_array)
/home/laurence/toolchain/lib/gcc/arm-none-eabi/4.7.1/../../../../arm-none-eabi/lib/thumb/libc.a(lib_a-impure.o)
                              lib_a-exit.o (symbol from plugin) (_global_impure_ptr)
/home/laurence/toolchain/lib/gcc/arm-none-eabi/4.7.1/../../../../arm-none-eabi/lib/thumb/libc.a(lib_a-init.o)
                              /home/laurence/toolchain/lib/gcc/arm-none-eabi/4.7.1/../../../../arm-none-eabi/lib/thumb/crt0.o (__libc_init_array)
/home/laurence/toolchain/lib/gcc/arm-none-eabi/4.7.1/../../../../arm-none-eabi/lib/thumb/libc.a(lib_a-memset.o)
                              /home/laurence/toolchain/lib/gcc/arm-none-eabi/4.7.1/../../../../arm-none-eabi/lib/thumb/crt0.o (memset)
/home/laurence/toolchain/lib/gcc/arm-none-eabi/4.7.1/../../../../arm-none-eabi/lib/thumb/libc.a(lib_a-__atexit.o)
                              lib_a-atexit.o (symbol from plugin) (__register_exitproc)
/home/laurence/toolchain/lib/gcc/arm-none-eabi/4.7.1/../../../../arm-none-eabi/lib/thumb/libc.a(lib_a-__call_atexit.o)
                              lib_a-exit.o (symbol from plugin) (__call_exitprocs)
[...]
Memory Configuration

Name             Origin             Length             Attributes
RAM              0x20000000         0x00005000         xrw
FLASH            0x08000000         0x00020000         xr
FLASHB1          0x00000000         0x00000000         xr
EXTMEMB0         0x00000000         0x00000000         xr
EXTMEMB1         0x00000000         0x00000000         xr
EXTMEMB2         0x00000000         0x00000000         xr
EXTMEMB3         0x00000000         0x00000000         xr
STARTFLASH       0x00000000         0xffffffff
CRPPATCH         0x00000000         0xffffffff
FLASHPATCH       0x00000000         0xffffffff
ENDFLASH         0x00000000         0xffffffff
*default*        0x00000000         0xffffffff

Linker script and memory map

LOAD /home/laurence/toolchain/lib/gcc/arm-none-eabi/4.7.1/thumb/crti.o
LOAD /home/laurence/toolchain/lib/gcc/arm-none-eabi/4.7.1/thumb/crtbegin.o
LOAD /tmp/ccnXiSHe.ltrans0.ltrans.o
LOAD /tmp/ccnXiSHe.ltrans1.ltrans.o
LOAD /tmp/ccnXiSHe.ltrans2.ltrans.o
LOAD /tmp/ccnXiSHe.ltrans3.ltrans.o
LOAD /tmp/ccnXiSHe.ltrans4.ltrans.o
LOAD /tmp/ccnXiSHe.ltrans5.ltrans.o
LOAD /tmp/ccnXiSHe.ltrans6.ltrans.o
LOAD /tmp/ccnXiSHe.ltrans7.ltrans.o
LOAD /home/laurence/toolchain/lib/gcc/arm-none-eabi/4.7.1/thumb/libgcc.a
LOAD /home/laurence/toolchain/lib/gcc/arm-none-eabi/4.7.1/../../../../arm-none-eabi/lib/thumb/libc.a
LOAD /home/laurence/toolchain/lib/gcc/arm-none-eabi/4.7.1/../../../../arm-none-eabi/lib/thumb/crt0.o
LOAD Sensors/ppg_new.o
LOAD Sensors/pressure.o
LOAD Sensors/temperature.o
LOAD Util/USB/hw_config.o
LOAD Util/USB/mass_mal.o
LOAD Util/USB/memory.o
LOAD Util/USB/scsi_data.o
LOAD Util/USB/usb_bot.o
LOAD Util/USB/usb_desc.o
LOAD Util/USB/usb_endp.o
LOAD Util/USB/usb_istr.o
LOAD Util/USB/usb_prop.o
LOAD Util/USB/usb_pwr.o
LOAD Util/USB/usb_scsi.o
LOAD Util/buffer.o
LOAD Util/delay.o
LOAD Util/fat_fs/option/cc932.o
LOAD Util/fat_fs/option/syscall.o
LOAD Util/fat_fs/src/fattime.o
LOAD Util/fat_fs/src/ff.o
LOAD Util/fat_fs/src/rtc.o
LOAD Util/fat_fs/src/sd_spi_stm32.o
LOAD Util/rprintf.o
LOAD Util/stm32_eval_spi_sd.o
LOAD adc.o
LOAD gpio.o
LOAD i2c_int.o
LOAD interrupts.o
LOAD lib/CMSIS_CM3/core_cm3.o
LOAD lib/CMSIS_CM3/startup/gcc/startup_stm32f10x_md.o
LOAD lib/CMSIS_CM3/system_stm32f10x.o
LOAD main.o
LOAD pwr.o
LOAD timer.o
LOAD usart.o
LOAD watchdog.o
LOAD lib/STM32F10x_StdPeriph_Driver/libstm32fw.a
LOAD lib/STM32_USB-FS-Device_Driver/libstm32usb.a
LOAD /home/laurence/toolchain/lib/gcc/arm-none-eabi/4.7.1/../../../../arm-none-eabi/lib/thumb/libm.a
LOAD /home/laurence/toolchain/lib/gcc/arm-none-eabi/4.7.1/../../../../arm-none-eabi/lib/thumb/libnosys.a
START GROUP
LOAD /home/laurence/toolchain/lib/gcc/arm-none-eabi/4.7.1/thumb/libgcc.a
LOAD /home/laurence/toolchain/lib/gcc/arm-none-eabi/4.7.1/../../../../arm-none-eabi/lib/thumb/libc.a
END GROUP
LOAD /home/laurence/toolchain/lib/gcc/arm-none-eabi/4.7.1/thumb/crtend.o
LOAD /home/laurence/toolchain/lib/gcc/arm-none-eabi/4.7.1/thumb/crtn.o
                0x00002000                __Stack_Size = 0x2000
                0x00002000                PROVIDE (_Stack_Size, __Stack_Size)
                0x2000e000                __Stack_Init = (_estack - __Stack_Size)
                0x2000e000                PROVIDE (_Stack_Init, __Stack_Init)
                0x00002000                _Minimum_Stack_Size = 0x2000
                0x00000000                PROVIDE (Undefined_Handler, 0x0)
                0x00000000                PROVIDE (SWI_Handler, 0x0)
                0x00000000                PROVIDE (IRQ_Handler, 0x0)
                0x00000000                PROVIDE (Prefetch_Handler, 0x0)
                0x00000000                PROVIDE (Abort_Handler, 0x0)
                0x00000000                PROVIDE (FIQ_Handler, 0x0)
                0x00000000                PROVIDE (NMIException, 0x0)
                0x00000000                PROVIDE (NMI_Handler, 0x0)
                0x00000000                PROVIDE (HardFaultException, 0x0)
                0x00000000                PROVIDE (HardFault_Handler, 0x0)
                0x00000000                PROVIDE (MemManageException, 0x0)
                0x00000000                PROVIDE (MemManage_Handler, 0x0)
                0x00000000                PROVIDE (BusFaultException, 0x0)
                0x00000000                PROVIDE (BusFault_Handler, 0x0)
                0x00000000                PROVIDE (UsageFaultException, 0x0)
                0x00000000                PROVIDE (UsageFault_Handler, 0x0)
                0x00000000                PROVIDE (SVCHandler, 0x0)
                0x00000000                PROVIDE (SVC_Handler, 0x0)
                0x00000000                PROVIDE (DebugMonitor, 0x0)
                0x00000000                PROVIDE (DebugMon_Handler, 0x0)
                0x00000000                PROVIDE (PendSVC, 0x0)
                0x00000000                PROVIDE (PendSV_Handler, 0x0)
                0x00000000                PROVIDE (SysTickHandler, 0x0)
                0x00000000                PROVIDE (SysTick_Handler, 0x0)
                0x00000000                PROVIDE (WWDG_IRQHandler, 0x0)
                0x00000000                PROVIDE (PVD_IRQHandler, 0x0)
                0x00000000                PROVIDE (TAMPER_IRQHandler, 0x0)
                0x00000000                PROVIDE (RTC_IRQHandler, 0x0)
                0x00000000                PROVIDE (FLASH_IRQHandler, 0x0)
                0x00000000                PROVIDE (RCC_IRQHandler, 0x0)
                0x00000000                PROVIDE (EXTI0_IRQHandler, 0x0)
                0x00000000                PROVIDE (EXTI1_IRQHandler, 0x0)
                0x00000000                PROVIDE (EXTI2_IRQHandler, 0x0)
                0x00000000                PROVIDE (EXTI3_IRQHandler, 0x0)
                0x00000000                PROVIDE (EXTI4_IRQHandler, 0x0)
                0x00000000                PROVIDE (DMAChannel1_IRQHandler, 0x0)
                0x00000000                PROVIDE (DMAChannel2_IRQHandler, 0x0)
                0x00000000                PROVIDE (DMAChannel3_IRQHandler, 0x0)
                0x00000000                PROVIDE (DMAChannel4_IRQHandler, 0x0)
                0x00000000                PROVIDE (DMAChannel5_IRQHandler, 0x0)
                0x00000000                PROVIDE (DMAChannel6_IRQHandler, 0x0)
                0x00000000                PROVIDE (DMAChannel7_IRQHandler, 0x0)
                0x00000000                PROVIDE (DMA1_Channel1_IRQHandler, 0x0)
                0x00000000                PROVIDE (DMA1_Channel2_IRQHandler, 0x0)
                0x00000000                PROVIDE (DMA1_Channel3_IRQHandler, 0x0)
                0x00000000                PROVIDE (DMA1_Channel4_IRQHandler, 0x0)
                0x00000000                PROVIDE (DMA1_Channel5_IRQHandler, 0x0)
                0x00000000                PROVIDE (DMA1_Channel6_IRQHandler, 0x0)
                0x00000000                PROVIDE (DMA1_Channel7_IRQHandler, 0x0)
                0x00000000                PROVIDE (ADC_IRQHandler, 0x0)
                0x00000000                PROVIDE (ADC1_2_IRQHandler, 0x0)
                0x00000000                PROVIDE (USB_HP_CAN_TX_IRQHandler, 0x0)
                0x00000000                PROVIDE (USB_HP_CAN1_TX_IRQHandler, 0x0)
                0x00000000                PROVIDE (USB_LP_CAN_RX0_IRQHandler, 0x0)
                0x00000000                PROVIDE (USB_LP_CAN1_RX0_IRQHandler, 0x0)
                0x00000000                PROVIDE (CAN_RX1_IRQHandler, 0x0)
                0x00000000                PROVIDE (CAN1_RX1_IRQHandler, 0x0)
                0x00000000                PROVIDE (CAN_SCE_IRQHandler, 0x0)
                0x00000000                PROVIDE (CAN1_SCE_IRQHandler, 0x0)
                0x00000000                PROVIDE (EXTI9_5_IRQHandler, 0x0)
                0x00000000                PROVIDE (TIM1_BRK_IRQHandler, 0x0)
                0x00000000                PROVIDE (TIM1_UP_IRQHandler, 0x0)
                0x00000000                PROVIDE (TIM1_TRG_COM_IRQHandler, 0x0)
                0x00000000                PROVIDE (TIM1_CC_IRQHandler, 0x0)
                0x00000000                PROVIDE (TIM2_IRQHandler, 0x0)
                0x00000000                PROVIDE (TIM3_IRQHandler, 0x0)
                0x00000000                PROVIDE (TIM4_IRQHandler, 0x0)
                0x00000000                PROVIDE (I2C1_EV_IRQHandler, 0x0)
                0x00000000                PROVIDE (I2C1_ER_IRQHandler, 0x0)
                0x00000000                PROVIDE (I2C2_EV_IRQHandler, 0x0)
                0x00000000                PROVIDE (I2C2_ER_IRQHandler, 0x0)
                0x00000000                PROVIDE (SPI1_IRQHandler, 0x0)
                0x00000000                PROVIDE (SPI2_IRQHandler, 0x0)
                0x00000000                PROVIDE (USART1_IRQHandler, 0x0)
                0x00000000                PROVIDE (USART2_IRQHandler, 0x0)
                0x00000000                PROVIDE (USART3_IRQHandler, 0x0)
                0x00000000                PROVIDE (EXTI15_10_IRQHandler, 0x0)
                0x00000000                PROVIDE (RTCAlarm_IRQHandler, 0x0)
                0x00000000                PROVIDE (USBWakeUp_IRQHandler, 0x0)
                0x00000000                PROVIDE (TIM8_BRK_IRQHandler, 0x0)
                0x00000000                PROVIDE (TIM8_UP_IRQHandler, 0x0)
                0x00000000                PROVIDE (TIM8_TRG_COM_IRQHandler, 0x0)
                0x00000000                PROVIDE (TIM8_CC_IRQHandler, 0x0)
                0x00000000                PROVIDE (ADC3_IRQHandler, 0x0)
                0x00000000                PROVIDE (FSMC_IRQHandler, 0x0)
                0x00000000                PROVIDE (SDIO_IRQHandler, 0x0)
                0x00000000                PROVIDE (TIM5_IRQHandler, 0x0)
                0x00000000                PROVIDE (SPI3_IRQHandler, 0x0)
                0x00000000                PROVIDE (UART4_IRQHandler, 0x0)
                0x00000000                PROVIDE (UART5_IRQHandler, 0x0)
                0x00000000                PROVIDE (TIM6_IRQHandler, 0x0)
                0x00000000                PROVIDE (TIM7_IRQHandler, 0x0)
                0x00000000                PROVIDE (DMA2_Channel1_IRQHandler, 0x0)
                0x00000000                PROVIDE (DMA2_Channel2_IRQHandler, 0x0)
                0x00000000                PROVIDE (DMA2_Channel3_IRQHandler, 0x0)
                0x00000000                PROVIDE (DMA2_Channel4_5_IRQHandler, 0x0)
                0x42000000                PERIPH_BB_BASE = 0x42000000
                0x22000000                SRAM_BB_BASE = 0x22000000
                0x20000000                SRAM_BASE = 0x20000000
                0x40000000                PERIPH_BASE = 0x40000000
                0x40022000                PROVIDE (FLASH_BASE, 0x40022000)
                0x1ffff800                PROVIDE (OB_BASE, 0x1ffff800)
                0x40000000                APB1PERIPH_BASE = PERIPH_BASE
                0x40010000                APB2PERIPH_BASE = (PERIPH_BASE + 0x10000)
                0x40020000                AHBPERIPH_BASE = (PERIPH_BASE + 0x20000)
                0x40000000                PROVIDE (TIM2, (APB1PERIPH_BASE + 0x0))
                0x40000400                PROVIDE (TIM3, (APB1PERIPH_BASE + 0x400))
                0x40000800                PROVIDE (TIM4, (APB1PERIPH_BASE + 0x800))
                0x40002800                PROVIDE (RTC, (APB1PERIPH_BASE + 0x2800))
                0x40002c00                PROVIDE (WWDG, (APB1PERIPH_BASE + 0x2c00))
                0x40003000                PROVIDE (IWDG, (APB1PERIPH_BASE + 0x3000))
                0x40003800                PROVIDE (SPI2, (APB1PERIPH_BASE + 0x3800))
                0x40004400                PROVIDE (USART2, (APB1PERIPH_BASE + 0x4400))
                0x40004800                PROVIDE (USART3, (APB1PERIPH_BASE + 0x4800))
                0x40005400                PROVIDE (I2C1, (APB1PERIPH_BASE + 0x5400))
                0x40005800                PROVIDE (I2C2, (APB1PERIPH_BASE + 0x5800))
                0x40006400                PROVIDE (CAN, (APB1PERIPH_BASE + 0x6400))
                0x40006c00                PROVIDE (BKP, (APB1PERIPH_BASE + 0x6c00))
                0x40007000                PROVIDE (PWR, (APB1PERIPH_BASE + 0x7000))
                0x40010000                PROVIDE (AFIO, (APB2PERIPH_BASE + 0x0))
                0x40010400                PROVIDE (EXTI, (APB2PERIPH_BASE + 0x400))
                0x40010800                PROVIDE (GPIOA, (APB2PERIPH_BASE + 0x800))
                0x40010c00                PROVIDE (GPIOB, (APB2PERIPH_BASE + 0xc00))
                0x40011000                PROVIDE (GPIOC, (APB2PERIPH_BASE + 0x1000))
                0x40011400                PROVIDE (GPIOD, (APB2PERIPH_BASE + 0x1400))
                0x40011800                PROVIDE (GPIOE, (APB2PERIPH_BASE + 0x1800))
                0x40012400                PROVIDE (ADC1, (APB2PERIPH_BASE + 0x2400))
                0x40012800                PROVIDE (ADC2, (APB2PERIPH_BASE + 0x2800))
                0x40012c00                PROVIDE (TIM1, (APB2PERIPH_BASE + 0x2c00))
                0x40013000                PROVIDE (SPI1, (APB2PERIPH_BASE + 0x3000))
                0x40013800                PROVIDE (USART1, (APB2PERIPH_BASE + 0x3800))
                0x40020000                PROVIDE (DMA, (AHBPERIPH_BASE + 0x0))
                0x40020008                PROVIDE (DMA_Channel1, (AHBPERIPH_BASE + 0x8))
                0x4002001c                PROVIDE (DMA_Channel2, (AHBPERIPH_BASE + 0x1c))
                0x40020030                PROVIDE (DMA_Channel3, (AHBPERIPH_BASE + 0x30))
                0x40020044                PROVIDE (DMA_Channel4, (AHBPERIPH_BASE + 0x44))
                0x40020058                PROVIDE (DMA_Channel5, (AHBPERIPH_BASE + 0x58))
                0x4002006c                PROVIDE (DMA_Channel6, (AHBPERIPH_BASE + 0x6c))
                0x40020080                PROVIDE (DMA_Channel7, (AHBPERIPH_BASE + 0x80))
                0x40021000                PROVIDE (RCC, (AHBPERIPH_BASE + 0x1000))
                0xe000e000                SCS_BASE = 0xe000e000
                0xe000e010                PROVIDE (SysTick, (SCS_BASE + 0x10))
                0xe000e100                PROVIDE (NVIC, (SCS_BASE + 0x100))
                0xe000ed00                PROVIDE (SCB, (SCS_BASE + 0xd00))
                0x20010000                _estack = 0x20010000

.isr_vector     0x08000000      0x10c
                0x08000000                . = ALIGN (0x4)
 *(.isr_vector)
 .isr_vector    0x08000000      0x10c lib/CMSIS_CM3/startup/gcc/startup_stm32f10x_md.o
                0x08000000                g_pfnVectors
                0x0800010c                . = ALIGN (0x4)

.eh_frame       0x0800010c        0x4
 .eh_frame      0x0800010c        0x4 /tmp/ccnXiSHe.ltrans0.ltrans.o

.flash_start    0x00000000        0x0
                0x00000000                . = ALIGN (0x4)
 *(.flash_start)
 *(.flash_start.*)
                0x00000000                . = ALIGN (0x4)

.crp_patch      0x00000000        0x0
                0x00000000                . = ALIGN (0x4)
 *(.crp_patch)
                0x00000000                . = ALIGN (0x4)

.flashtext      0x08000110        0x0
                0x08000110                . = ALIGN (0x4)
 *(.flashtext)
                0x08000110                . = ALIGN (0x4)

.text           0x08000110    0x12c08
                0x08000110                . = ALIGN (0x4)
 *(.text)
 .text          0x08000110     0x14b0 /tmp/ccnXiSHe.ltrans0.ltrans.o
                0x0800014c                Get_Max_Lun
                0x08000164                MASS_Get_Interface_Setting
                0x08000170                MASS_Status_Out
                0x08000172                MASS_Status_In
                0x080001e2                MASS_init
                0x08000254                __usart_send_char
                0x080002c0                MASS_Reset
                0x080003b4                __str_print_char
                0x080004cc                MASS_NoData_Setup
                0x08000518                MASS_GetDeviceDescriptor
                0x08000524                MASS_GetConfigDescriptor
                0x08000530                MASS_GetStringDescriptor
                0x0800057c                Usart_Send_Str
                0x08000594                power_on.5397
                0x08000684                Set_Motor
                0x080006c0                Resume
                0x08000748                switch_leds_on
                0x08000768                switch_leds_off
                0x08000788                shutdown
                0x08000798                EXTI_ONOFF_EN
                0x080007ec                I2C1_Request_Job
                0x08000838                stm32_spi_rw.5399
                0x0800085c                rcvr_spi.5402
                0x08000860                release_spi.5406
                0x08000878                xmit_datablock.part.2.5427
                0x080008a8                rcvr_datablock.5423
                0x080008e8                wait_ready.5404
                0x08000908                power_off_.5408
                0x0800096c                send_cmd.5410
                0x08000a00                disk_read
                0x08000a88                check_fs.5060
                0x08000b10                rprintf2RamRom
                0x08000f0e                validate.5053
                0x08000f3c                counter_to_struct.5313
                0x08000fe4                isDST.5295
                0x0800100e                rtc_gettime
                0x08001080                get_fattime
                0x080010c0                clust2sect
                0x080010d8                mem_cpy.4984
                0x080010ea                ff_wtoupper
                0x08001110                ff_convert
                0x08001174                Delay
                0x0800118e                red_flash
                0x080011bc                Get_From_Buffer
                0x080011e4                Add_To_Buffer
                0x08001212                PPG_LO_Filter
                0x080013a4                Bot_Abort.part.2.4410
                0x080013d4                Set_CSW
                0x08001410                Transfer_Data_Request
                0x08001444                PPG_Automatic_Brightness_Control
 .text          0x080015c0      0x980 /tmp/ccnXiSHe.ltrans2.ltrans.o
                0x08001898                f_sync.constprop.11
                0x08001a14                f_open.constprop.13
                0x08001de8                f_stat.constprop.8
 .text          0x08001f40      0x800 /tmp/ccnXiSHe.ltrans3.ltrans.o
                0x08001f40                MASS_Data_Setup
                0x08001f78                disk_write
                0x08002038                move_window.5043
                0x080020b0                get_fat
                0x08002178                SCSI_Invalid_Cmd
                0x080021b8                SCSI_Address_Management
                0x0800222c                disk_initialize
                0x0800236c                chk_mounted.5064
                0x08002678                MAL_GetStatus
 .text          0x08002740      0x5e8 /tmp/ccnXiSHe.ltrans4.ltrans.o
                0x08002bfc                dir_find.part.4.5130
 .text          0x08002d28      0x90c /tmp/ccnXiSHe.ltrans5.ltrans.o
                0x08002eb8                dir_next.5126
                0x08002fb2                SCSI_Write10_Cmd
                0x0800311c                f_write.constprop.12
                0x080032fc                __fat_print_char
                0x08003314                f_puts.constprop.5
                0x08003348                f_lseek.constprop.9
                0x080034c0                remove_chain.5156
                0x08003518                f_truncate.constprop.7
                0x080035b0                dir_sdi.5090
 *fill*         0x08003634        0x4 00
 .text          0x08003638      0x6b8 /tmp/ccnXiSHe.ltrans6.ltrans.o
                0x08003638                USB_LP_CAN1_RX0_IRQHandler
                0x08003748                USB_HP_CAN1_TX_IRQHandler
                0x0800374c                DMA1_Channel1_IRQHandler
                0x080037e8                f_close.constprop.10
                0x080037fc                ADC1_2_IRQHandler
                0x080038d4                SysTick_Handler
                0x08003c64                EXTI0_IRQHandler
 .text          0x08003cf0      0x1bc /tmp/ccnXiSHe.ltrans7.ltrans.o
                0x08003cf0                memset
                0x08003d00                __libc_init_array
                0x08003d4c                __libc_fini_array
                0x08003d7c                exit
                0x08003e5c                atexit
 .text          0x08003eac      0x370 /home/laurence/toolchain/lib/gcc/arm-none-eabi/4.7.1/thumb/libgcc.a(_arm_addsubdf3.o)
                0x08003eac                __aeabi_drsub
                0x08003eb4                __aeabi_dsub
                0x08003eb4                __subdf3
                0x08003eb8                __adddf3
                0x08003eb8                __aeabi_dadd
                0x08004130                __aeabi_ui2d
                0x08004130                __floatunsidf
                0x08004150                __floatsidf
                0x08004150                __aeabi_i2d
                0x08004174                __extendsfdf2
                0x08004174                __aeabi_f2d
                0x080041b0                __aeabi_ul2d
                0x080041b0                __floatundidf
                0x080041c0                __floatdidf
                0x080041c0                __aeabi_l2d
 .text          0x0800421c      0x424 /home/laurence/toolchain/lib/gcc/arm-none-eabi/4.7.1/thumb/libgcc.a(_arm_muldivdf3.o)
                0x0800421c                __aeabi_dmul
                0x0800421c                __muldf3
                0x08004470                __aeabi_ddiv
                0x08004470                __divdf3
 .text          0x08004640      0x110 /home/laurence/toolchain/lib/gcc/arm-none-eabi/4.7.1/thumb/libgcc.a(_arm_cmpdf2.o)
                0x08004640                __gtdf2
                0x08004640                __gedf2
                0x08004648                __ltdf2
                0x08004648                __ledf2
                0x08004650                __cmpdf2
                0x08004650                __eqdf2
                0x08004650                __nedf2
                0x080046cc                __aeabi_cdrcmple
                0x080046dc                __aeabi_cdcmple
                0x080046dc                __aeabi_cdcmpeq
                0x080046ec                __aeabi_dcmpeq
                0x08004700                __aeabi_dcmplt
                0x08004714                __aeabi_dcmple
                0x08004728                __aeabi_dcmpge
                0x0800473c                __aeabi_dcmpgt
 .text          0x08004750       0x50 /home/laurence/toolchain/lib/gcc/arm-none-eabi/4.7.1/thumb/libgcc.a(_arm_fixdfsi.o)
                0x08004750                __fixdfsi
                0x08004750                __aeabi_d2iz
 .text          0x080047a0       0x40 /home/laurence/toolchain/lib/gcc/arm-none-eabi/4.7.1/thumb/libgcc.a(_arm_fixunsdfsi.o)
                0x080047a0                __fixunsdfsi
                0x080047a0                __aeabi_d2uiz
 .text          0x080047e0       0xa0 /home/laurence/toolchain/lib/gcc/arm-none-eabi/4.7.1/thumb/libgcc.a(_arm_truncdfsf2.o)
                0x080047e0                __aeabi_d2f
                0x080047e0                __truncdfsf2
 .text          0x08004880      0x21c /home/laurence/toolchain/lib/gcc/arm-none-eabi/4.7.1/thumb/libgcc.a(_arm_addsubsf3.o)
                0x08004880                __aeabi_frsub
                0x08004888                __subsf3
                0x08004888                __aeabi_fsub
                0x0800488c                __aeabi_fadd
                0x0800488c                __addsf3
                0x080049ec                __aeabi_ui2f
                0x080049ec                __floatunsisf
                0x080049f4                __aeabi_i2f
                0x080049f4                __floatsisf
                0x08004a10                __floatundisf
                0x08004a10                __aeabi_ul2f
                0x08004a20                __floatdisf
                0x08004a20                __aeabi_l2f
 .text          0x08004a9c      0x2a0 /home/laurence/toolchain/lib/gcc/arm-none-eabi/4.7.1/thumb/libgcc.a(_arm_muldivsf3.o)
                0x08004a9c                __mulsf3
                0x08004a9c                __aeabi_fmul
                0x08004c04                __divsf3
                0x08004c04                __aeabi_fdiv
 .text          0x08004d3c       0xec /home/laurence/toolchain/lib/gcc/arm-none-eabi/4.7.1/thumb/libgcc.a(_arm_cmpsf2.o)
                0x08004d3c                __gtsf2
                0x08004d3c                __gesf2
                0x08004d44                __lesf2
                0x08004d44                __ltsf2
                0x08004d4c                __nesf2
                0x08004d4c                __eqsf2
                0x08004d4c                __cmpsf2
                0x08004dac                __aeabi_cfrcmple
                0x08004db4                __aeabi_cfcmple
                0x08004db4                __aeabi_cfcmpeq
                0x08004dc4                __aeabi_fcmpeq
                0x08004dd8                __aeabi_fcmplt
                0x08004dec                __aeabi_fcmple
                0x08004e00                __aeabi_fcmpge
                0x08004e14                __aeabi_fcmpgt
 .text          0x08004e28       0x4c /home/laurence/toolchain/lib/gcc/arm-none-eabi/4.7.1/thumb/libgcc.a(_arm_fixsfsi.o)
                0x08004e28                __fixsfsi
                0x08004e28                __aeabi_f2iz
 .text          0x08004e74       0x40 /home/laurence/toolchain/lib/gcc/arm-none-eabi/4.7.1/thumb/libgcc.a(_arm_fixunssfsi.o)
                0x08004e74                __aeabi_f2uiz
                0x08004e74                __fixunssfsi
 .text          0x08004eb4       0xbc lib/STM32F10x_StdPeriph_Driver/libstm32fw.a(misc.o)
                0x08004eb4                NVIC_PriorityGroupConfig
                0x08004ec8                NVIC_Init
                0x08004f2c                NVIC_SetVectorTable
                0x08004f40                NVIC_SystemLPConfig
                0x08004f58                SysTick_CLKSourceConfig
 .text          0x08004f70      0x35c lib/STM32F10x_StdPeriph_Driver/libstm32fw.a(stm32f10x_adc.o)
                0x08004f70                ADC_DeInit
                0x08004fcc                ADC_Init
                0x08005014                ADC_StructInit
                0x08005026                ADC_Cmd
                0x08005038                ADC_DMACmd
                0x0800504a                ADC_ITConfig
                0x0800505c                ADC_ResetCalibration
                0x08005066                ADC_GetResetCalibrationStatus
                0x0800506e                ADC_StartCalibration
                0x08005078                ADC_GetCalibrationStatus
                0x08005080                ADC_SoftwareStartConvCmd
                0x08005092                ADC_GetSoftwareStartConvStatus
                0x0800509a                ADC_DiscModeChannelCountConfig
                0x080050aa                ADC_DiscModeCmd
                0x080050bc                ADC_RegularChannelConfig
                0x08005148                ADC_ExternalTrigConvCmd
                0x0800515a                ADC_GetConversionValue
                0x08005160                ADC_GetDualModeConversionValue
                0x0800516c                ADC_AutoInjectedConvCmd
                0x0800517e                ADC_InjectedDiscModeCmd
                0x08005190                ADC_ExternalTrigInjectedConvConfig
                0x0800519c                ADC_ExternalTrigInjectedConvCmd
                0x080051ae                ADC_SoftwareStartInjectedConvCmd
                0x080051c0                ADC_GetSoftwareStartInjectedConvCmdStatus
                0x080051c8                ADC_InjectedChannelConfig
                0x08005222                ADC_InjectedSequencerLengthConfig
                0x08005232                ADC_SetInjectedOffset
                0x08005248                ADC_GetInjectedConversionValue
                0x08005262                ADC_AnalogWatchdogCmd
                0x08005272                ADC_AnalogWatchdogThresholdsConfig
                0x08005278                ADC_AnalogWatchdogSingleChannelConfig
                0x08005284                ADC_TempSensorVrefintCmd
                0x0800529c                ADC_GetFlagStatus
                0x080052a8                ADC_ClearFlag
                0x080052ae                ADC_GetITStatus
                0x080052c4                ADC_ClearITPendingBit
 .text          0x080052cc       0xe0 lib/STM32F10x_StdPeriph_Driver/libstm32fw.a(stm32f10x_bkp.o)
                0x080052cc                BKP_DeInit
                0x080052de                BKP_TamperPinLevelConfig
                0x080052e8                BKP_TamperPinCmd
                0x080052f4                BKP_ITConfig
                0x08005300                BKP_RTCOutputConfig
                0x08005318                BKP_SetRTCCalibrationValue
                0x08005330                BKP_WriteBackupRegister
                0x0800534c                BKP_ReadBackupRegister
                0x0800536c                BKP_GetFlagStatus
                0x08005378                BKP_ClearFlag
                0x0800538c                BKP_GetITStatus
                0x08005398                BKP_ClearITPendingBit
 .text          0x080053ac       0x34 lib/STM32F10x_StdPeriph_Driver/libstm32fw.a(stm32f10x_dbgmcu.o)
                0x080053ac                DBGMCU_GetREVID
                0x080053b8                DBGMCU_GetDEVID
                0x080053c8                DBGMCU_Config
 .text          0x080053e0      0x1d8 lib/STM32F10x_StdPeriph_Driver/libstm32fw.a(stm32f10x_dma.o)
                0x080053e0                DMA_DeInit
                0x080054d8                DMA_Init
                0x08005516                DMA_StructInit
                0x08005530                DMA_Cmd
                0x08005542                DMA_ITConfig
                0x08005552                DMA_GetCurrDataCounter
                0x08005558                DMA_GetFlagStatus
                0x08005574                DMA_ClearFlag
                0x08005588                DMA_GetITStatus
                0x080055a4                DMA_ClearITPendingBit
 .text          0x080055b8      0x104 lib/STM32F10x_StdPeriph_Driver/libstm32fw.a(stm32f10x_exti.o)
                0x080055b8                EXTI_DeInit
                0x080055d4                EXTI_Init
                0x08005658                EXTI_StructInit
                0x08005666                EXTI_GenerateSWInterrupt
                0x08005674                EXTI_GetFlagStatus
                0x08005688                EXTI_ClearFlag
                0x08005694                EXTI_GetITStatus
                0x080056b0                EXTI_ClearITPendingBit
 .text          0x080056bc      0x274 lib/STM32F10x_StdPeriph_Driver/libstm32fw.a(stm32f10x_gpio.o)
                0x080056bc                GPIO_DeInit
                0x08005768                GPIO_AFIODeInit
                0x0800577e                GPIO_Init
                0x0800581e                GPIO_StructInit
                0x0800582e                GPIO_ReadInputDataBit
                0x0800583a                GPIO_ReadInputData
                0x08005840                GPIO_ReadOutputDataBit
                0x0800584c                GPIO_ReadOutputData
                0x08005852                GPIO_SetBits
                0x08005856                GPIO_ResetBits
                0x0800585a                GPIO_WriteBit
                0x08005864                GPIO_Write
                0x08005868                GPIO_PinLockConfig
                0x08005878                GPIO_EventOutputConfig
                0x08005894                GPIO_EventOutputCmd
                0x080058a0                GPIO_PinRemapConfig
                0x080058f4                GPIO_EXTILineConfig
                0x08005924                GPIO_ETH_MediaInterfaceConfig
 .text          0x08005930      0x394 lib/STM32F10x_StdPeriph_Driver/libstm32fw.a(stm32f10x_i2c.o)
                0x08005930                I2C_DeInit
                0x08005964                I2C_Init
                0x08005a38                I2C_StructInit
                0x08005a54                I2C_Cmd
                0x08005a6c                I2C_DMACmd
                0x08005a84                I2C_DMALastTransferCmd
                0x08005a9c                I2C_GenerateSTART
                0x08005ab4                I2C_GenerateSTOP
                0x08005acc                I2C_AcknowledgeConfig
                0x08005ae4                I2C_OwnAddress2Config
                0x08005af6                I2C_DualAddressCmd
                0x08005b0e                I2C_GeneralCallCmd
                0x08005b26                I2C_ITConfig
                0x08005b38                I2C_SendData
                0x08005b3c                I2C_ReceiveData
                0x08005b42                I2C_Send7bitAddress
                0x08005b52                I2C_ReadRegister
                0x08005b6a                I2C_SoftwareResetCmd
                0x08005b82                I2C_SMBusAlertConfig
                0x08005b9e                I2C_TransmitPEC
                0x08005bb6                I2C_PECPositionConfig
                0x08005bd2                I2C_CalculatePEC
                0x08005bea                I2C_GetPEC
                0x08005bf2                I2C_ARPCmd
                0x08005c0a                I2C_StretchClockCmd
                0x08005c22                I2C_FastModeDutyCycleConfig
                0x08005c3e                I2C_GetLastEvent
                0x08005c4e                I2C_CheckEvent
                0x08005c64                I2C_GetFlagStatus
                0x08005c98                I2C_ClearFlag
                0x08005ca0                I2C_GetITStatus
                0x08005cbc                I2C_ClearITPendingBit
 .text          0x08005cc4       0x58 lib/STM32F10x_StdPeriph_Driver/libstm32fw.a(stm32f10x_iwdg.o)
                0x08005cc4                IWDG_WriteAccessCmd
                0x08005cd0                IWDG_SetPrescaler
                0x08005cdc                IWDG_SetReload
                0x08005ce8                IWDG_ReloadCounter
                0x08005cf8                IWDG_Enable
                0x08005d08                IWDG_GetFlagStatus
 .text          0x08005d1c       0xc8 lib/STM32F10x_StdPeriph_Driver/libstm32fw.a(stm32f10x_pwr.o)
                0x08005d1c                PWR_DeInit
                0x08005d36                PWR_BackupAccessCmd
                0x08005d40                PWR_PVDCmd
                0x08005d4c                PWR_PVDLevelConfig
                0x08005d60                PWR_WakeUpPinCmd
                0x08005d6c                PWR_EnterSTOPMode
                0x08005d98                PWR_EnterSTANDBYMode
                0x08005dc0                PWR_GetFlagStatus
                0x08005dd4                PWR_ClearFlag
 .text          0x08005de4      0x34c lib/STM32F10x_StdPeriph_Driver/libstm32fw.a(stm32f10x_rcc.o)
                0x08005de4                RCC_DeInit
                0x08005e24                RCC_HSEConfig
                0x08005e5c                RCC_AdjustHSICalibrationValue
                0x08005e70                RCC_HSICmd
                0x08005e7c                RCC_PLLConfig
                0x08005e90                RCC_PLLCmd
                0x08005e9c                RCC_SYSCLKConfig
                0x08005eb0                RCC_GetSYSCLKSource
                0x08005ec0                RCC_HCLKConfig
                0x08005ed4                RCC_PCLK1Config
                0x08005ee8                RCC_PCLK2Config
                0x08005efc                RCC_ITConfig
                0x08005f14                RCC_USBCLKConfig
                0x08005f20                RCC_ADCCLKConfig
                0x08005f34                RCC_LSEConfig
                0x08005f54                RCC_LSICmd
                0x08005f60                RCC_RTCCLKConfig
                0x08005f70                RCC_RTCCLKCmd
                0x08005f7c                RCC_GetClocksFreq
                0x08006010                RCC_AHBPeriphClockCmd
                0x08006028                RCC_APB2PeriphClockCmd
                0x08006040                RCC_APB1PeriphClockCmd
                0x08006058                RCC_APB2PeriphResetCmd
                0x08006070                RCC_APB1PeriphResetCmd
                0x08006088                RCC_BackupResetCmd
                0x08006094                RCC_ClockSecuritySystemCmd
                0x080060a0                RCC_MCOConfig
                0x080060ac                RCC_GetFlagStatus
                0x080060d4                RCC_WaitForHSEStartUp
                0x08006100                RCC_ClearFlag
                0x08006110                RCC_GetITStatus
                0x08006124                RCC_ClearITPendingBit
 .text          0x08006130      0x158 lib/STM32F10x_StdPeriph_Driver/libstm32fw.a(stm32f10x_rtc.o)
                0x08006130                RTC_ITConfig
                0x08006148                RTC_EnterConfigMode
                0x0800615c                RTC_ExitConfigMode
                0x08006170                RTC_GetCounter
                0x08006184                RTC_SetCounter
                0x080061a4                RTC_SetPrescaler
                0x080061c4                RTC_SetAlarm
                0x080061e4                RTC_GetDivider
                0x080061fc                RTC_WaitForLastTask
                0x0800620c                RTC_WaitForSynchro
                0x08006228                RTC_GetFlagStatus
                0x0800623c                RTC_ClearFlag
                0x08006250                RTC_GetITStatus
                0x08006274                RTC_ClearITPendingBit
 .text          0x08006288      0x2c0 lib/STM32F10x_StdPeriph_Driver/libstm32fw.a(stm32f10x_spi.o)
                0x08006288                SPI_I2S_DeInit
                0x080062ec                SPI_Init
                0x0800632a                I2S_Init
                0x080063ca                SPI_StructInit
                0x080063e2                I2S_StructInit
                0x080063f4                SPI_Cmd
                0x0800640c                I2S_Cmd
                0x08006424                SPI_I2S_ITConfig
                0x08006442                SPI_I2S_DMACmd
                0x08006454                SPI_I2S_SendData
                0x08006458                SPI_I2S_ReceiveData
                0x0800645e                SPI_NSSInternalSoftwareConfig
                0x0800647c                SPI_SSOutputCmd
                0x08006494                SPI_DataSizeConfig
                0x080064aa                SPI_TransmitCRC
                0x080064b6                SPI_CalculateCRC
                0x080064ce                SPI_GetCRC
                0x080064da                SPI_GetCRCPolynomial
                0x080064e0                SPI_BiDirectionalLineConfig
                0x080064fc                SPI_I2S_GetFlagStatus
                0x08006508                SPI_I2S_ClearFlag
                0x08006510                SPI_I2S_GetITStatus
                0x08006536                SPI_I2S_ClearITPendingBit
 .text          0x08006548      0xa48 lib/STM32F10x_StdPeriph_Driver/libstm32fw.a(stm32f10x_tim.o)
                0x080065b4                TIM_DeInit
                0x0800667c                TIM_TimeBaseInit
                0x080066b8                TIM_OC1Init
                0x0800672c                TIM_OC2Init
                0x080067b4                TIM_OC3Init
                0x08006838                TIM_OC4Init
                0x080068a0                TIM_BDTRConfig
                0x080068c2                TIM_TimeBaseStructInit
                0x080068d4                TIM_OCStructInit
                0x080068e8                TIM_ICStructInit
                0x080068f8                TIM_BDTRStructInit
                0x0800690a                TIM_Cmd
                0x08006922                TIM_CtrlPWMOutputs
                0x0800693e                TIM_ITConfig
                0x08006950                TIM_GenerateEvent
                0x08006954                TIM_DMAConfig
                0x0800695c                TIM_DMACmd
                0x0800696e                TIM_InternalClockConfig
                0x0800697c                TIM_ITRxExternalClockConfig
                0x08006996                TIM_TIxExternalClockConfig
                0x080069ca                TIM_ETRConfig
                0x080069de                TIM_ETRClockMode2Config
                0x080069f2                TIM_ETRClockMode1Config
                0x08006a0c                TIM_PrescalerConfig
                0x08006a12                TIM_CounterModeConfig
                0x08006a22                TIM_SelectInputTrigger
                0x08006a32                TIM_EncoderInterfaceConfig
                0x08006a6e                TIM_ForcedOC1Config
                0x08006a7e                TIM_ForcedOC2Config
                0x08006a92                TIM_ForcedOC3Config
                0x08006aa2                TIM_ForcedOC4Config
                0x08006ab6                TIM_ARRPreloadConfig
                0x08006ace                TIM_SelectCOM
                0x08006ae6                TIM_SelectCCDMA
                0x08006afe                TIM_CCPreloadControl
                0x08006b16                TIM_OC1PreloadConfig
                0x08006b26                TIM_OC2PreloadConfig
                0x08006b3a                TIM_OC3PreloadConfig
                0x08006b4a                TIM_OC4PreloadConfig
                0x08006b5e                TIM_OC1FastConfig
                0x08006b6e                TIM_OC2FastConfig
                0x08006b82                TIM_OC3FastConfig
                0x08006b92                TIM_OC4FastConfig
                0x08006ba6                TIM_ClearOC1Ref
                0x08006bb6                TIM_ClearOC2Ref
                0x08006bc6                TIM_ClearOC3Ref
                0x08006bd6                TIM_ClearOC4Ref
                0x08006be6                TIM_OC1PolarityConfig
                0x08006bf6                TIM_OC1NPolarityConfig
                0x08006c06                TIM_OC2PolarityConfig
                0x08006c1a                TIM_OC2NPolarityConfig
                0x08006c2e                TIM_OC3PolarityConfig
                0x08006c42                TIM_OC3NPolarityConfig
                0x08006c56                TIM_OC4PolarityConfig
                0x08006c6a                TIM_CCxCmd
                0x08006c86                TIM_CCxNCmd
                0x08006ca2                TIM_SelectOCxM
                0x08006ce8                TIM_UpdateDisableConfig
                0x08006d00                TIM_UpdateRequestConfig
                0x08006d18                TIM_SelectHallSensor
                0x08006d30                TIM_SelectOnePulseMode
                0x08006d46                TIM_SelectOutputTrigger
                0x08006d5c                TIM_SelectSlaveMode
                0x08006d72                TIM_SelectMasterSlaveMode
                0x08006d88                TIM_SetCounter
                0x08006d8c                TIM_SetAutoreload
                0x08006d90                TIM_SetCompare1
                0x08006d94                TIM_SetCompare2
                0x08006d98                TIM_SetCompare3
                0x08006d9c                TIM_SetCompare4
                0x08006da2                TIM_SetIC1Prescaler
                0x08006db8                TIM_SetIC2Prescaler
                0x08006dd2                TIM_PWMIConfig
                0x08006e40                TIM_SetIC3Prescaler
                0x08006e56                TIM_SetIC4Prescaler
                0x08006e70                TIM_ICInit
                0x08006f26                TIM_SetClockDivision
                0x08006f36                TIM_GetCapture1
                0x08006f3c                TIM_GetCapture2
                0x08006f42                TIM_GetCapture3
                0x08006f48                TIM_GetCapture4
                0x08006f50                TIM_GetCounter
                0x08006f56                TIM_GetPrescaler
                0x08006f5c                TIM_GetFlagStatus
                0x08006f68                TIM_ClearFlag
                0x08006f70                TIM_GetITStatus
                0x08006f86                TIM_ClearITPendingBit
 .text          0x08006f90      0x348 lib/STM32F10x_StdPeriph_Driver/libstm32fw.a(stm32f10x_usart.o)
                0x08006f90                USART_DeInit
                0x08007028                USART_Init
                0x080070b0                USART_StructInit
                0x080070c6                USART_ClockInit
                0x080070e6                USART_ClockStructInit
                0x080070f2                USART_Cmd
                0x0800710a                USART_ITConfig
                0x0800713a                USART_DMACmd
                0x0800714c                USART_SetAddress
                0x08007162                USART_WakeUpConfig
                0x08007178                USART_ReceiverWakeUpCmd
                0x08007190                USART_LINBreakDetectLengthConfig
                0x080071a6                USART_LINCmd
                0x080071be                USART_SendData
                0x080071c6                USART_ReceiveData
                0x080071ce                USART_SendBreak
                0x080071da                USART_SetGuardTime
                0x080071ec                USART_SetPrescaler
                0x080071fe                USART_SmartCardCmd
                0x08007216                USART_SmartCardNACKCmd
                0x0800722e                USART_HalfDuplexCmd
                0x08007246                USART_IrDAConfig
                0x0800725c                USART_IrDACmd
                0x08007274                USART_GetFlagStatus
                0x08007280                USART_ClearFlag
                0x08007288                USART_GetITStatus
                0x080072c8                USART_ClearITPendingBit
 .text          0x080072d8      0x948 lib/STM32_USB-FS-Device_Driver/libstm32usb.a(usb_core.o)
                0x080072d8                Standard_GetConfiguration
                0x08007300                Standard_GetInterface
                0x08007328                Standard_GetStatus
                0x08007480                Standard_SetConfiguration
                0x080074bc                Standard_SetInterface
                0x0800750c                Standard_ClearFeature
                0x080075f0                Standard_SetEndPointFeature
                0x0800767c                Standard_SetDeviceFeature
                0x080076a4                Standard_GetDescriptorData
                0x080076c0                Post0_Process
                0x08007704                Out0_Process
                0x080077f0                Setup0_Process
                0x08007b74                SetDeviceAddress
                0x08007bb8                In0_Process
                0x08007c1c                NOP_Process
 .text          0x08007c20       0x44 lib/STM32_USB-FS-Device_Driver/libstm32usb.a(usb_init.o)
                0x08007c20                USB_Init
 .text          0x08007c64      0x234 lib/STM32_USB-FS-Device_Driver/libstm32usb.a(usb_int.o)
                0x08007c64                CTR_LP
                0x08007e0c                CTR_HP
 .text          0x08007e98       0x60 lib/STM32_USB-FS-Device_Driver/libstm32usb.a(usb_mem.o)
                0x08007e98                UserToPMABufferCopy
                0x08007ed0                PMAToUserBufferCopy
 .text          0x08007ef8      0x870 lib/STM32_USB-FS-Device_Driver/libstm32usb.a(usb_regs.o)
                0x08007ef8                SetCNTR
                0x08007f04                GetCNTR
                0x08007f14                SetISTR
                0x08007f20                GetISTR
                0x08007f30                GetFNR
                0x08007f40                SetDADDR
                0x08007f4c                GetDADDR
                0x08007f5c                SetBTABLE
                0x08007f70                GetBTABLE
                0x08007f80                SetENDPOINT
                0x08007f90                GetENDPOINT
                0x08007fa0                SetEPType
                0x08007fb8                GetEPType
                0x08007fcc                SetEPTxStatus
                0x08007ffc                SetEPRxStatus
                0x0800802c                SetDouBleBuffEPStall
                0x08008054                GetEPTxStatus
                0x08008068                GetEPRxStatus
                0x0800807c                SetEPTxValid
                0x080080a0                SetEPRxValid
                0x080080c4                SetEP_KIND
                0x080080e4                ClearEP_KIND
                0x08008104                Clear_Status_Out
                0x08008124                Set_Status_Out
                0x08008144                SetEPDoubleBuff
                0x08008164                ClearEPDoubleBuff
                0x08008184                GetTxStallStatus
                0x080081a4                GetRxStallStatus
                0x080081c0                ClearEP_CTR_RX
                0x080081d8                ClearEP_CTR_TX
                0x080081f0                ToggleDTOG_RX
                0x08008210                ToggleDTOG_TX
                0x08008230                ClearDTOG_RX
                0x08008254                ClearDTOG_TX
                0x08008278                SetEPAddress
                0x08008298                GetEPAddress
                0x080082ac                SetEPTxAddr
                0x080082d0                SetEPRxAddr
                0x080082f8                GetEPTxAddr
                0x08008318                GetEPRxAddr
                0x08008338                SetEPTxCount
                0x08008358                SetEPCountRxReg
                0x08008380                SetEPRxCount
                0x080083c8                GetEPTxCount
                0x080083ec                GetEPRxCount
                0x08008410                SetEPDblBuffAddr
                0x08008454                SetEPDblBuf0Addr
                0x08008478                SetEPDblBuf1Addr
                0x080084a0                GetEPDblBuf0Addr
                0x080084c0                GetEPDblBuf1Addr
                0x080084e0                SetEPDblBuffCount
                0x08008598                SetEPDblBuf0Count
                0x08008608                SetEPDblBuf1Count
                0x08008678                GetEPDblBuf0Count
                0x0800869c                GetEPDblBuf1Count
                0x080086c0                GetEPDblBufDir
                0x0800870c                FreeUserBuffer
                0x08008754                ToWord
                0x0800875c                ByteSwap
 .text          0x08008768       0x78 lib/STM32_USB-FS-Device_Driver/libstm32usb.a(usb_sil.o)
                0x08008768                USB_SIL_Init
                0x08008794                USB_SIL_Write
                0x080087bc                USB_SIL_Read
 *(.text.*)
 .text.startup  0x080087e0     0x1040 /tmp/ccnXiSHe.ltrans1.ltrans.o
                0x080087e0                main
 .text.malloc   0x08009820       0x12 /home/laurence/toolchain/lib/gcc/arm-none-eabi/4.7.1/../../../../arm-none-eabi/lib/thumb/libc.a(lib_a-malloc.o)
                0x08009820                malloc
 .text.free     0x08009832       0x12 /home/laurence/toolchain/lib/gcc/arm-none-eabi/4.7.1/../../../../arm-none-eabi/lib/thumb/libc.a(lib_a-malloc.o)
                0x08009832                free
 .text._malloc_r
                0x08009844      0x3e8 /home/laurence/toolchain/lib/gcc/arm-none-eabi/4.7.1/../../../../arm-none-eabi/lib/thumb/libc.a(lib_a-mallocr.o)
                0x08009844                _malloc_r
 .text.__malloc_lock
                0x08009c2c        0x2 /home/laurence/toolchain/lib/gcc/arm-none-eabi/4.7.1/../../../../arm-none-eabi/lib/thumb/libc.a(lib_a-mlock.o)
                0x08009c2c                __malloc_lock
 .text.__malloc_unlock
                0x08009c2e        0x2 /home/laurence/toolchain/lib/gcc/arm-none-eabi/4.7.1/../../../../arm-none-eabi/lib/thumb/libc.a(lib_a-mlock.o)
                0x08009c2e                __malloc_unlock
 .text.strlen   0x08009c30       0x10 /home/laurence/toolchain/lib/gcc/arm-none-eabi/4.7.1/../../../../arm-none-eabi/lib/thumb/libc.a(lib_a-strlen.o)
                0x08009c30                strlen
 .text.sbrk     0x08009c40        0x2 /home/laurence/toolchain/lib/gcc/arm-none-eabi/4.7.1/../../../../arm-none-eabi/lib/thumb/libc.a(lib_a-syssbrk.o)
                0x08009c40                sbrk
 *fill*         0x08009c42        0x2 00
 .text._malloc_trim_r
                0x08009c44       0x90 /home/laurence/toolchain/lib/gcc/arm-none-eabi/4.7.1/../../../../arm-none-eabi/lib/thumb/libc.a(lib_a-freer.o)
                0x08009c44                _malloc_trim_r
 .text._free_r  0x08009cd4      0x164 /home/laurence/toolchain/lib/gcc/arm-none-eabi/4.7.1/../../../../arm-none-eabi/lib/thumb/libc.a(lib_a-freer.o)
                0x08009cd4                _free_r
 .text.__getreent
                0x08009e38        0xc /home/laurence/toolchain/lib/gcc/arm-none-eabi/4.7.1/../../../../arm-none-eabi/lib/thumb/libc.a(lib_a-getreent.o)
                0x08009e38                __getreent
 .text.Reset_Handler
                0x08009e44       0x48 lib/CMSIS_CM3/startup/gcc/startup_stm32f10x_md.o
                0x08009e44                Reset_Handler
 .text.Default_Handler
                0x08009e8c        0x4 lib/CMSIS_CM3/startup/gcc/startup_stm32f10x_md.o
                0x08009e8c                EXTI2_IRQHandler
                0x08009e8c                DebugMon_Handler
                0x08009e8c                TIM1_CC_IRQHandler
                0x08009e8c                HardFault_Handler
                0x08009e8c                PVD_IRQHandler
                0x08009e8c                PendSV_Handler
                0x08009e8c                NMI_Handler
                0x08009e8c                EXTI3_IRQHandler
                0x08009e8c                I2C2_EV_IRQHandler
                0x08009e8c                UsageFault_Handler
                0x08009e8c                SPI1_IRQHandler
                0x08009e8c                TAMPER_IRQHandler
                0x08009e8c                DMA1_Channel4_IRQHandler
                0x08009e8c                USART3_IRQHandler
                0x08009e8c                RTC_IRQHandler
                0x08009e8c                DMA1_Channel7_IRQHandler
                0x08009e8c                CAN1_RX1_IRQHandler
                0x08009e8c                TIM4_IRQHandler
                0x08009e8c                I2C1_EV_IRQHandler
                0x08009e8c                DMA1_Channel6_IRQHandler
                0x08009e8c                TIM3_IRQHandler
                0x08009e8c                RCC_IRQHandler
                0x08009e8c                TIM1_TRG_COM_IRQHandler
                0x08009e8c                Default_Handler
                0x08009e8c                EXTI15_10_IRQHandler
                0x08009e8c                EXTI9_5_IRQHandler
                0x08009e8c                SPI2_IRQHandler
                0x08009e8c                MemManage_Handler
                0x08009e8c                SVC_Handler
                0x08009e8c                DMA1_Channel5_IRQHandler
                0x08009e8c                EXTI4_IRQHandler
                0x08009e8c                DMA1_Channel3_IRQHandler
                0x08009e8c                TIM1_UP_IRQHandler
                0x08009e8c                WWDG_IRQHandler
                0x08009e8c                TIM2_IRQHandler
                0x08009e8c                TIM1_BRK_IRQHandler
                0x08009e8c                EXTI1_IRQHandler
                0x08009e8c                RTCAlarm_IRQHandler
                0x08009e8c                USART2_IRQHandler
                0x08009e8c                I2C2_ER_IRQHandler
                0x08009e8c                DMA1_Channel2_IRQHandler
                0x08009e8c                CAN1_SCE_IRQHandler
                0x08009e8c                FLASH_IRQHandler
                0x08009e8c                BusFault_Handler
                0x08009e8c                USART1_IRQHandler
                0x08009e8c                I2C1_ER_IRQHandler
                0x08009e8c                USBWakeUp_IRQHandler
 .text.sinf     0x08009e90       0x68 /home/laurence/toolchain/lib/gcc/arm-none-eabi/4.7.1/../../../../arm-none-eabi/lib/thumb/libm.a(lib_a-sf_sin.o)
                0x08009e90                sinf
 .text.asinf    0x08009ef8       0x98 /home/laurence/toolchain/lib/gcc/arm-none-eabi/4.7.1/../../../../arm-none-eabi/lib/thumb/libm.a(lib_a-wf_asin.o)
                0x08009ef8                asinf
 .text.sqrtf    0x08009f90       0xa0 /home/laurence/toolchain/lib/gcc/arm-none-eabi/4.7.1/../../../../arm-none-eabi/lib/thumb/libm.a(lib_a-wf_sqrt.o)
                0x08009f90                sqrtf
 .text.__ieee754_asinf
                0x0800a030      0x2b0 /home/laurence/toolchain/lib/gcc/arm-none-eabi/4.7.1/../../../../arm-none-eabi/lib/thumb/libm.a(lib_a-ef_asin.o)
                0x0800a030                __ieee754_asinf
 .text.__ieee754_rem_pio2f
                0x0800a2e0      0x2ac /home/laurence/toolchain/lib/gcc/arm-none-eabi/4.7.1/../../../../arm-none-eabi/lib/thumb/libm.a(lib_a-ef_rem_pio2.o)
                0x0800a2e0                __ieee754_rem_pio2f
 .text.__ieee754_sqrtf
                0x0800a58c       0xa4 /home/laurence/toolchain/lib/gcc/arm-none-eabi/4.7.1/../../../../arm-none-eabi/lib/thumb/libm.a(lib_a-ef_sqrt.o)
                0x0800a58c                __ieee754_sqrtf
 .text.__kernel_cosf
                0x0800a630      0x134 /home/laurence/toolchain/lib/gcc/arm-none-eabi/4.7.1/../../../../arm-none-eabi/lib/thumb/libm.a(lib_a-kf_cos.o)
                0x0800a630                __kernel_cosf
 .text.__kernel_rem_pio2f
                0x0800a764      0x584 /home/laurence/toolchain/lib/gcc/arm-none-eabi/4.7.1/../../../../arm-none-eabi/lib/thumb/libm.a(lib_a-kf_rem_pio2.o)
                0x0800a764                __kernel_rem_pio2f
 .text.__kernel_sinf
                0x0800ace8       0xf4 /home/laurence/toolchain/lib/gcc/arm-none-eabi/4.7.1/../../../../arm-none-eabi/lib/thumb/libm.a(lib_a-kf_sin.o)
                0x0800ace8                __kernel_sinf
 .text.fabsf    0x0800addc        0x6 /home/laurence/toolchain/lib/gcc/arm-none-eabi/4.7.1/../../../../arm-none-eabi/lib/thumb/libm.a(lib_a-sf_fabs.o)
                0x0800addc                fabsf
 *fill*         0x0800ade2        0x2 00
 .text.floorf   0x0800ade4       0x80 /home/laurence/toolchain/lib/gcc/arm-none-eabi/4.7.1/../../../../arm-none-eabi/lib/thumb/libm.a(lib_a-sf_floor.o)
                0x0800ade4                floorf
 .text.__fpclassifyf
                0x0800ae64       0x54 /home/laurence/toolchain/lib/gcc/arm-none-eabi/4.7.1/../../../../arm-none-eabi/lib/thumb/libm.a(lib_a-sf_fpclassify.o)
                0x0800ae64                __fpclassifyf
 .text.scalbnf  0x0800aeb8       0xa0 /home/laurence/toolchain/lib/gcc/arm-none-eabi/4.7.1/../../../../arm-none-eabi/lib/thumb/libm.a(lib_a-sf_scalbn.o)
                0x0800aeb8                scalbnf
 .text.matherr  0x0800af58        0x4 /home/laurence/toolchain/lib/gcc/arm-none-eabi/4.7.1/../../../../arm-none-eabi/lib/thumb/libm.a(lib_a-s_matherr.o)
                0x0800af58                matherr
 .text.nan      0x0800af5c        0xc /home/laurence/toolchain/lib/gcc/arm-none-eabi/4.7.1/../../../../arm-none-eabi/lib/thumb/libm.a(lib_a-s_nan.o)
                0x0800af5c                nan
 .text.copysignf
                0x0800af68        0xc /home/laurence/toolchain/lib/gcc/arm-none-eabi/4.7.1/../../../../arm-none-eabi/lib/thumb/libm.a(lib_a-sf_copysign.o)
                0x0800af68                copysignf
 .text._exit    0x0800af74        0x2 /home/laurence/toolchain/lib/gcc/arm-none-eabi/4.7.1/../../../../arm-none-eabi/lib/thumb/libnosys.a(_exit.o)
                0x0800af74                _exit
 .text.__errno  0x0800af76        0x8 /home/laurence/toolchain/lib/gcc/arm-none-eabi/4.7.1/../../../../arm-none-eabi/lib/thumb/libc.a(lib_a-errno.o)
                0x0800af76                __errno
 *(.rodata)
 .rodata        0x0800af7e     0x786e /tmp/ccnXiSHe.ltrans0.ltrans.o
 .rodata        0x080127ec        0xe /tmp/ccnXiSHe.ltrans1.ltrans.o
                0x080127ec                DaysInMonth.5347
 .rodata        0x080127fa        0xd /tmp/ccnXiSHe.ltrans2.ltrans.o
                0x080127fa                LfnOfs.5267
 *fill*         0x08012807        0x1 00
 .rodata        0x08012808       0x34 /tmp/ccnXiSHe.ltrans6.ltrans.o
 *(.rodata*)
 .rodata.str1.1
                0x0801283c        0x6 /tmp/ccnXiSHe.ltrans0.ltrans.o
 .rodata.str1.1
                0x08012842       0xac /tmp/ccnXiSHe.ltrans1.ltrans.o
                                 0xae (size before relaxing)
 .rodata.str1.1
                0x080128ee       0x10 /tmp/ccnXiSHe.ltrans2.ltrans.o
                                 0x19 (size before relaxing)
 .rodata.str1.1
                0x080128fe       0x26 /tmp/ccnXiSHe.ltrans6.ltrans.o
 .rodata.str1.1
                0x00000000        0x2 /tmp/ccnXiSHe.ltrans7.ltrans.o
 .rodata.str1.1
                0x08012924        0x6 /home/laurence/toolchain/lib/gcc/arm-none-eabi/4.7.1/../../../../arm-none-eabi/lib/thumb/libm.a(lib_a-wf_asin.o)
                                  0x7 (size before relaxing)
 .rodata.str1.1
                0x0801292a        0x6 /home/laurence/toolchain/lib/gcc/arm-none-eabi/4.7.1/../../../../arm-none-eabi/lib/thumb/libm.a(lib_a-wf_sqrt.o)
 .rodata.npio2_hw
                0x08012930       0x80 /home/laurence/toolchain/lib/gcc/arm-none-eabi/4.7.1/../../../../arm-none-eabi/lib/thumb/libm.a(lib_a-ef_rem_pio2.o)
 .rodata.two_over_pi
                0x080129b0      0x318 /home/laurence/toolchain/lib/gcc/arm-none-eabi/4.7.1/../../../../arm-none-eabi/lib/thumb/libm.a(lib_a-ef_rem_pio2.o)
 .rodata.init_jk
                0x08012cc8        0xc /home/laurence/toolchain/lib/gcc/arm-none-eabi/4.7.1/../../../../arm-none-eabi/lib/thumb/libm.a(lib_a-kf_rem_pio2.o)
 .rodata.PIo2   0x08012cd4       0x2c /home/laurence/toolchain/lib/gcc/arm-none-eabi/4.7.1/../../../../arm-none-eabi/lib/thumb/libm.a(lib_a-kf_rem_pio2.o)
 *(.glue_7)
 .glue_7        0x00000000        0x0 linker stubs
 *(.glue_7t)
 .glue_7t       0x00000000        0x0 linker stubs
 *(.init)
 .init          0x08012d00        0x4 /home/laurence/toolchain/lib/gcc/arm-none-eabi/4.7.1/thumb/crti.o
                0x08012d00                _init
 .init          0x08012d04        0x8 /home/laurence/toolchain/lib/gcc/arm-none-eabi/4.7.1/thumb/crtn.o
 *(.fini)
 .fini          0x08012d0c        0x4 /home/laurence/toolchain/lib/gcc/arm-none-eabi/4.7.1/thumb/crti.o
                0x08012d0c                _fini
 .fini          0x08012d10        0x8 /home/laurence/toolchain/lib/gcc/arm-none-eabi/4.7.1/thumb/crtn.o
                0x08012d18                . = ALIGN (0x4)
                0x08012d18                _etext = .
                0x08012d18                _sidata = _etext

.vfp11_veneer   0x08012d18        0x0
 .vfp11_veneer  0x00000000        0x0 linker stubs

.v4_bx          0x08012d18        0x0
 .v4_bx         0x00000000        0x0 linker stubs

.iplt           0x08012d18        0x0
 .iplt          0x00000000        0x0 /home/laurence/toolchain/lib/gcc/arm-none-eabi/4.7.1/../../../../arm-none-eabi/lib/thumb/crt0.o

.rel.dyn        0x08012d18        0x0
 .rel.iplt      0x00000000        0x0 /home/laurence/toolchain/lib/gcc/arm-none-eabi/4.7.1/../../../../arm-none-eabi/lib/thumb/crt0.o

.flashpatch     0x00000000        0x0
                0x00000000                . = ALIGN (0x4)
 *(.flashpatch)
                0x00000000                . = ALIGN (0x4)

.endflash       0x00000000        0x0
                0x00000000                . = ALIGN (0x4)
 *(.endflash)
                0x00000000                . = ALIGN (0x4)
                0x00000000                _e_endflash = .

.data           0x20000000      0x688 load address 0x08012d18
                0x20000000                . = ALIGN (0x4)
                0x20000000                _sdata = .
                0x20000000                _data = .
 *(.data)
 .data          0x20000000       0x7c /tmp/ccnXiSHe.ltrans0.ltrans.o
                0x20000054                Device_Table
                0x20000058                User_Standard_Requests
 .data          0x2000007c       0x10 /tmp/ccnXiSHe.ltrans1.ltrans.o
 .data          0x2000008c       0xac /tmp/ccnXiSHe.ltrans4.ltrans.o
                0x2000008c                Scsi_Sense_Data
                0x20000100                pEpInt_OUT
                0x2000011c                pEpInt_IN
 .data          0x20000138       0x34 /tmp/ccnXiSHe.ltrans6.ltrans.o
                0x20000138                Device_Property
                0x20000169                Stat.5534
 .data          0x2000016c       0xf0 /tmp/ccnXiSHe.ltrans7.ltrans.o
 .data          0x2000025c       0x14 lib/STM32F10x_StdPeriph_Driver/libstm32fw.a(stm32f10x_rcc.o)
 *(.data.*)
 .data._impure_ptr
                0x20000270        0x4 /tmp/ccnXiSHe.ltrans7.ltrans.o
                0x20000270                _impure_ptr
 .data.__malloc_av_
                0x20000274      0x408 /home/laurence/toolchain/lib/gcc/arm-none-eabi/4.7.1/../../../../arm-none-eabi/lib/thumb/libc.a(lib_a-mallocr.o)
                0x20000274                __malloc_av_
 .data.__malloc_trim_threshold
                0x2000067c        0x4 /home/laurence/toolchain/lib/gcc/arm-none-eabi/4.7.1/../../../../arm-none-eabi/lib/thumb/libc.a(lib_a-mallocr.o)
                0x2000067c                __malloc_trim_threshold
 .data.__malloc_sbrk_base
                0x20000680        0x4 /home/laurence/toolchain/lib/gcc/arm-none-eabi/4.7.1/../../../../arm-none-eabi/lib/thumb/libc.a(lib_a-mallocr.o)
                0x20000680                __malloc_sbrk_base
 .data.__fdlib_version
                0x20000684        0x1 /home/laurence/toolchain/lib/gcc/arm-none-eabi/4.7.1/../../../../arm-none-eabi/lib/thumb/libm.a(lib_a-s_lib_ver.o)
                0x20000684                __fdlib_version
 *(.RAMtext)
                0x20000688                . = ALIGN (0x4)
 *fill*         0x20000685        0x3 00
                0x20000688                _edata = .
                0x080133a0                _eidata = (_sidata + (_edata - _sdata))
                0x08020000                _lastdataromaddress = (ORIGIN (FLASH) + 0x20000)
                0x00000000                toobig = (_eidata > _lastdataromaddress)?!!!!!!!!! FLASH IS FULL !!!!!!!!!:0x0

.jcr            0x20000688        0x4 load address 0x080133a0
 .jcr           0x20000688        0x4 /tmp/ccnXiSHe.ltrans0.ltrans.o

.igot.plt       0x2000068c        0x0 load address 0x080133a4
 .igot.plt      0x00000000        0x0 /home/laurence/toolchain/lib/gcc/arm-none-eabi/4.7.1/../../../../arm-none-eabi/lib/thumb/crt0.o

.bss            0x20000690      0xc90 load address 0x080133a8
                0x20000690                . = ALIGN (0x4)
                0x20000690                _sbss = .
                0x20000690                _bss = .
 *(.bss)
 .bss           0x20000690       0xc8 /tmp/ccnXiSHe.ltrans0.ltrans.o
 .bss           0x20000758      0xa18 /tmp/ccnXiSHe.ltrans1.ltrans.o
                0x20000b80                bootsource
                0x20000b84                rputchar.5608
                0x20000b88                Status
                0x20000b8c                Data_Buffer
                0x20000b90                Millis
                0x20000b94                bDeviceState
                0x20000b98                FatFs.5268
                0x20000dd0                FATFS_info
                0x20000df0                FATFS_logfile
                0x20001014                file_opened
                0x20001018                Buff
                0x20001030                ADC1_Convertion_buff
                0x20001034                Pressure_Offset
                0x20001038                TMP102_Data_Buffer
                0x2000103c                Jobs
                0x20001040                Pressure_control
                0x20001044                Reported_Pressure
                0x20001048                Pressures_Buffer
                0x20001058                Temperatures_Buffer
                0x20001064                Pressure_Setpoint
                0x20001068                Sensors
                0x20001069                print_string
                0x20001169                System_state_Global
 .bss           0x20001170        0x1 /tmp/ccnXiSHe.ltrans2.ltrans.o
                0x20001170                CardType.5535
 *fill*         0x20001171        0x3 00
 .bss           0x20001174        0xc /tmp/ccnXiSHe.ltrans3.ltrans.o
 .bss           0x20001180       0xb4 /tmp/ccnXiSHe.ltrans4.ltrans.o
                0x20001180                TransferState
                0x20001184                Mass_Block_Size
                0x2000119c                CSW
                0x200011ac                Bot_State
                0x200011b0                CBW
                0x200011dd                Bulk_Data_Buff
                0x2000121e                Data_Len
                0x20001220                Max_Lun
                0x20001224                Mass_Block_Count
 .bss           0x20001234       0x14 /tmp/ccnXiSHe.ltrans5.ltrans.o
 .bss           0x20001248       0x60 /tmp/ccnXiSHe.ltrans6.ltrans.o
                0x20001250                Timer1.5532
                0x20001254                Timer2.5533
 .bss           0x200012a8        0x1 lib/STM32_USB-FS-Device_Driver/libstm32usb.a(usb_core.o)
                0x200012a8                Data_Mul_MaxPacketSize
 *(.bss.*)
 *fill*         0x200012a9        0x3 00
 .bss.__malloc_max_total_mem
                0x200012ac        0x4 /home/laurence/toolchain/lib/gcc/arm-none-eabi/4.7.1/../../../../arm-none-eabi/lib/thumb/libc.a(lib_a-mallocr.o)
                0x200012ac                __malloc_max_total_mem
 .bss.__malloc_max_sbrked_mem
                0x200012b0        0x4 /home/laurence/toolchain/lib/gcc/arm-none-eabi/4.7.1/../../../../arm-none-eabi/lib/thumb/libc.a(lib_a-mallocr.o)
                0x200012b0                __malloc_max_sbrked_mem
 .bss.__malloc_top_pad
                0x200012b4        0x4 /home/laurence/toolchain/lib/gcc/arm-none-eabi/4.7.1/../../../../arm-none-eabi/lib/thumb/libc.a(lib_a-mallocr.o)
                0x200012b4                __malloc_top_pad
 .bss.__malloc_current_mallinfo
                0x200012b8       0x28 /home/laurence/toolchain/lib/gcc/arm-none-eabi/4.7.1/../../../../arm-none-eabi/lib/thumb/libc.a(lib_a-mallocr.o)
                0x200012b8                __malloc_current_mallinfo
 *(COMMON)
 COMMON         0x200012e0        0x2 /tmp/ccnXiSHe.ltrans6.ltrans.o
                0x200012e0                wIstr
 *fill*         0x200012e2        0x2 00
 COMMON         0x200012e4        0x2 lib/STM32_USB-FS-Device_Driver/libstm32usb.a(usb_core.o)
                0x200012e4                StatusInfo
 *fill*         0x200012e6        0x2 00
 COMMON         0x200012e8       0x32 lib/STM32_USB-FS-Device_Driver/libstm32usb.a(usb_init.o)
                0x200012e8                SaveState
                0x200012ec                pProperty
                0x200012f0                EPindex
                0x200012f4                Device_Info
                0x20001310                pUser_Standard_Requests
                0x20001314                pInformation
                0x20001318                wInterrupt_Mask
 COMMON         0x2000131a        0x4 lib/STM32_USB-FS-Device_Driver/libstm32usb.a(usb_int.o)
                0x2000131a                SaveRState
                0x2000131c                SaveTState
                0x20001320                . = ALIGN (0x4)
 *fill*         0x2000131e        0x2 00
                0x20001320                _ebss = .
                0x20001320                PROVIDE (end, _ebss)
                0x20001320                PROVIDE (_end, _ebss)

._usrstack      0x20001320     0x2000 load address 0x08014038
                0x20001320                . = ALIGN (0x4)
                0x20001320                _susrstack = .
                0x20003320                . = (. + _Minimum_Stack_Size)
 *fill*         0x20001320     0x2000 00
                0x20003320                . = ALIGN (0x4)
                0x20003320                _eusrstack = .

.b1text
 *(.b1text)
 *(.b1rodata)
 *(.b1rodata*)

.eb0text
 *(.eb0text)
 *(.eb0rodata)
 *(.eb0rodata*)

.eb1text
 *(.eb1text)
 *(.eb1rodata)
 *(.eb1rodata*)

.eb2text
 *(.eb2text)
 *(.eb2rodata)
 *(.eb2rodata*)

.eb3text
 *(.eb3text)
 *(.eb3rodata)
 *(.eb3rodata*)
                0x20003320                __exidx_start = .
                0x20003320                __exidx_end = .

/DISCARD/
 libc.a(*)
 libm.a(*)
 libgcc.a(*)

.stab
 *(.stab)

.stabstr
 *(.stabstr)

.stab.excl
 *(.stab.excl)

.stab.exclstr
 *(.stab.exclstr)

.stab.index
 *(.stab.index)

.stab.indexstr
 *(.stab.indexstr)

.comment        0x00000000       0x3a
 *(.comment)
 .comment       0x00000000       0x3b /tmp/ccnXiSHe.ltrans0.ltrans.o
 .comment       0x00000000       0x3b /tmp/ccnXiSHe.ltrans1.ltrans.o
 .comment       0x00000000       0x3b /tmp/ccnXiSHe.ltrans2.ltrans.o
 .comment       0x00000000       0x3b /tmp/ccnXiSHe.ltrans3.ltrans.o
 .comment       0x00000000       0x3b /tmp/ccnXiSHe.ltrans4.ltrans.o
 .comment       0x00000000       0x3b /tmp/ccnXiSHe.ltrans5.ltrans.o
 .comment       0x00000000       0x3b /tmp/ccnXiSHe.ltrans6.ltrans.o
 .comment       0x00000000       0x3b /tmp/ccnXiSHe.ltrans7.ltrans.o
 .comment       0x00000000       0x3b /home/laurence/toolchain/lib/gcc/arm-none-eabi/4.7.1/../../../../arm-none-eabi/lib/thumb/libc.a(lib_a-malloc.o)
 .comment       0x00000000       0x3b /home/laurence/toolchain/lib/gcc/arm-none-eabi/4.7.1/../../../../arm-none-eabi/lib/thumb/libc.a(lib_a-mallocr.o)
 .comment       0x00000000       0x3b /home/laurence/toolchain/lib/gcc/arm-none-eabi/4.7.1/../../../../arm-none-eabi/lib/thumb/libc.a(lib_a-mlock.o)
 .comment       0x00000000       0x3b /home/laurence/toolchain/lib/gcc/arm-none-eabi/4.7.1/../../../../arm-none-eabi/lib/thumb/libc.a(lib_a-strlen.o)
 .comment       0x00000000       0x3b /home/laurence/toolchain/lib/gcc/arm-none-eabi/4.7.1/../../../../arm-none-eabi/lib/thumb/libc.a(lib_a-syssbrk.o)
 .comment       0x00000000       0x3b /home/laurence/toolchain/lib/gcc/arm-none-eabi/4.7.1/../../../../arm-none-eabi/lib/thumb/libc.a(lib_a-freer.o)
 .comment       0x00000000       0x3b /home/laurence/toolchain/lib/gcc/arm-none-eabi/4.7.1/../../../../arm-none-eabi/lib/thumb/libc.a(lib_a-getreent.o)
 .comment       0x00000000       0x3a lib/STM32F10x_StdPeriph_Driver/libstm32fw.a(misc.o)
                                 0x3b (size before relaxing)
 .comment       0x00000000       0x3b lib/STM32F10x_StdPeriph_Driver/libstm32fw.a(stm32f10x_adc.o)
 .comment       0x00000000       0x3b lib/STM32F10x_StdPeriph_Driver/libstm32fw.a(stm32f10x_bkp.o)
 .comment       0x00000000       0x3b lib/STM32F10x_StdPeriph_Driver/libstm32fw.a(stm32f10x_dbgmcu.o)
 .comment       0x00000000       0x3b lib/STM32F10x_StdPeriph_Driver/libstm32fw.a(stm32f10x_dma.o)
 .comment       0x00000000       0x3b lib/STM32F10x_StdPeriph_Driver/libstm32fw.a(stm32f10x_exti.o)
 .comment       0x00000000       0x3b lib/STM32F10x_StdPeriph_Driver/libstm32fw.a(stm32f10x_gpio.o)
 .comment       0x00000000       0x3b lib/STM32F10x_StdPeriph_Driver/libstm32fw.a(stm32f10x_i2c.o)
 .comment       0x00000000       0x3b lib/STM32F10x_StdPeriph_Driver/libstm32fw.a(stm32f10x_iwdg.o)
 .comment       0x00000000       0x3b lib/STM32F10x_StdPeriph_Driver/libstm32fw.a(stm32f10x_pwr.o)
 .comment       0x00000000       0x3b lib/STM32F10x_StdPeriph_Driver/libstm32fw.a(stm32f10x_rcc.o)
 .comment       0x00000000       0x3b lib/STM32F10x_StdPeriph_Driver/libstm32fw.a(stm32f10x_rtc.o)
 .comment       0x00000000       0x3b lib/STM32F10x_StdPeriph_Driver/libstm32fw.a(stm32f10x_spi.o)
 .comment       0x00000000       0x3b lib/STM32F10x_StdPeriph_Driver/libstm32fw.a(stm32f10x_tim.o)
 .comment       0x00000000       0x3b lib/STM32F10x_StdPeriph_Driver/libstm32fw.a(stm32f10x_usart.o)
 .comment       0x00000000       0x3b lib/STM32_USB-FS-Device_Driver/libstm32usb.a(usb_core.o)
 .comment       0x00000000       0x3b lib/STM32_USB-FS-Device_Driver/libstm32usb.a(usb_init.o)
 .comment       0x00000000       0x3b lib/STM32_USB-FS-Device_Driver/libstm32usb.a(usb_int.o)
 .comment       0x00000000       0x3b lib/STM32_USB-FS-Device_Driver/libstm32usb.a(usb_mem.o)
 .comment       0x00000000       0x3b lib/STM32_USB-FS-Device_Driver/libstm32usb.a(usb_regs.o)
 .comment       0x00000000       0x3b lib/STM32_USB-FS-Device_Driver/libstm32usb.a(usb_sil.o)
 .comment       0x00000000       0x3b /home/laurence/toolchain/lib/gcc/arm-none-eabi/4.7.1/../../../../arm-none-eabi/lib/thumb/libm.a(lib_a-sf_sin.o)
 .comment       0x00000000       0x3b /home/laurence/toolchain/lib/gcc/arm-none-eabi/4.7.1/../../../../arm-none-eabi/lib/thumb/libm.a(lib_a-wf_asin.o)
 .comment       0x00000000       0x3b /home/laurence/toolchain/lib/gcc/arm-none-eabi/4.7.1/../../../../arm-none-eabi/lib/thumb/libm.a(lib_a-wf_sqrt.o)
 .comment       0x00000000       0x3b /home/laurence/toolchain/lib/gcc/arm-none-eabi/4.7.1/../../../../arm-none-eabi/lib/thumb/libm.a(lib_a-ef_asin.o)
 .comment       0x00000000       0x3b /home/laurence/toolchain/lib/gcc/arm-none-eabi/4.7.1/../../../../arm-none-eabi/lib/thumb/libm.a(lib_a-ef_rem_pio2.o)
 .comment       0x00000000       0x3b /home/laurence/toolchain/lib/gcc/arm-none-eabi/4.7.1/../../../../arm-none-eabi/lib/thumb/libm.a(lib_a-ef_sqrt.o)
 .comment       0x00000000       0x3b /home/laurence/toolchain/lib/gcc/arm-none-eabi/4.7.1/../../../../arm-none-eabi/lib/thumb/libm.a(lib_a-kf_cos.o)
 .comment       0x00000000       0x3b /home/laurence/toolchain/lib/gcc/arm-none-eabi/4.7.1/../../../../arm-none-eabi/lib/thumb/libm.a(lib_a-kf_rem_pio2.o)
 .comment       0x00000000       0x3b /home/laurence/toolchain/lib/gcc/arm-none-eabi/4.7.1/../../../../arm-none-eabi/lib/thumb/libm.a(lib_a-kf_sin.o)
 .comment       0x00000000       0x3b /home/laurence/toolchain/lib/gcc/arm-none-eabi/4.7.1/../../../../arm-none-eabi/lib/thumb/libm.a(lib_a-sf_fabs.o)
 .comment       0x00000000       0x3b /home/laurence/toolchain/lib/gcc/arm-none-eabi/4.7.1/../../../../arm-none-eabi/lib/thumb/libm.a(lib_a-sf_floor.o)
 .comment       0x00000000       0x3b /home/laurence/toolchain/lib/gcc/arm-none-eabi/4.7.1/../../../../arm-none-eabi/lib/thumb/libm.a(lib_a-sf_fpclassify.o)
 .comment       0x00000000       0x3b /home/laurence/toolchain/lib/gcc/arm-none-eabi/4.7.1/../../../../arm-none-eabi/lib/thumb/libm.a(lib_a-sf_scalbn.o)
 .comment       0x00000000       0x3b /home/laurence/toolchain/lib/gcc/arm-none-eabi/4.7.1/../../../../arm-none-eabi/lib/thumb/libm.a(lib_a-s_lib_ver.o)
 .comment       0x00000000       0x3b /home/laurence/toolchain/lib/gcc/arm-none-eabi/4.7.1/../../../../arm-none-eabi/lib/thumb/libm.a(lib_a-s_matherr.o)
 .comment       0x00000000       0x3b /home/laurence/toolchain/lib/gcc/arm-none-eabi/4.7.1/../../../../arm-none-eabi/lib/thumb/libm.a(lib_a-s_nan.o)
 .comment       0x00000000       0x3b /home/laurence/toolchain/lib/gcc/arm-none-eabi/4.7.1/../../../../arm-none-eabi/lib/thumb/libm.a(lib_a-sf_copysign.o)
 .comment       0x00000000       0x3b /home/laurence/toolchain/lib/gcc/arm-none-eabi/4.7.1/../../../../arm-none-eabi/lib/thumb/libnosys.a(_exit.o)
 .comment       0x00000000       0x3b /home/laurence/toolchain/lib/gcc/arm-none-eabi/4.7.1/../../../../arm-none-eabi/lib/thumb/libc.a(lib_a-errno.o)

.ARM.attributes
                0x00000000       0x29
 .ARM.attributes
                0x00000000       0x1d /home/laurence/toolchain/lib/gcc/arm-none-eabi/4.7.1/thumb/crti.o
 .ARM.attributes
                0x0000001d       0x31 /tmp/ccnXiSHe.ltrans0.ltrans.o
 .ARM.attributes
                0x0000004e       0x31 /tmp/ccnXiSHe.ltrans1.ltrans.o
 .ARM.attributes
                0x0000007f       0x31 /tmp/ccnXiSHe.ltrans2.ltrans.o
 .ARM.attributes
                0x000000b0       0x31 /tmp/ccnXiSHe.ltrans3.ltrans.o
 .ARM.attributes
                0x000000e1       0x31 /tmp/ccnXiSHe.ltrans4.ltrans.o
 .ARM.attributes
                0x00000112       0x31 /tmp/ccnXiSHe.ltrans5.ltrans.o
 .ARM.attributes
                0x00000143       0x31 /tmp/ccnXiSHe.ltrans6.ltrans.o
 .ARM.attributes
                0x00000174       0x31 /tmp/ccnXiSHe.ltrans7.ltrans.o
 .ARM.attributes
                0x000001a5       0x1d /home/laurence/toolchain/lib/gcc/arm-none-eabi/4.7.1/thumb/libgcc.a(_arm_addsubdf3.o)
 .ARM.attributes
                0x000001c2       0x1d /home/laurence/toolchain/lib/gcc/arm-none-eabi/4.7.1/thumb/libgcc.a(_arm_muldivdf3.o)
 .ARM.attributes
                0x000001df       0x1d /home/laurence/toolchain/lib/gcc/arm-none-eabi/4.7.1/thumb/libgcc.a(_arm_cmpdf2.o)
 .ARM.attributes
                0x000001fc       0x1d /home/laurence/toolchain/lib/gcc/arm-none-eabi/4.7.1/thumb/libgcc.a(_arm_fixdfsi.o)
 .ARM.attributes
                0x00000219       0x1d /home/laurence/toolchain/lib/gcc/arm-none-eabi/4.7.1/thumb/libgcc.a(_arm_fixunsdfsi.o)
 .ARM.attributes
                0x00000236       0x1d /home/laurence/toolchain/lib/gcc/arm-none-eabi/4.7.1/thumb/libgcc.a(_arm_truncdfsf2.o)
 .ARM.attributes
                0x00000253       0x1d /home/laurence/toolchain/lib/gcc/arm-none-eabi/4.7.1/thumb/libgcc.a(_arm_addsubsf3.o)
 .ARM.attributes
                0x00000270       0x1d /home/laurence/toolchain/lib/gcc/arm-none-eabi/4.7.1/thumb/libgcc.a(_arm_muldivsf3.o)
 .ARM.attributes
                0x0000028d       0x1d /home/laurence/toolchain/lib/gcc/arm-none-eabi/4.7.1/thumb/libgcc.a(_arm_cmpsf2.o)
 .ARM.attributes
                0x000002aa       0x1d /home/laurence/toolchain/lib/gcc/arm-none-eabi/4.7.1/thumb/libgcc.a(_arm_fixsfsi.o)
 .ARM.attributes
                0x000002c7       0x1d /home/laurence/toolchain/lib/gcc/arm-none-eabi/4.7.1/thumb/libgcc.a(_arm_fixunssfsi.o)
 .ARM.attributes
                0x000002e4       0x2d /home/laurence/toolchain/lib/gcc/arm-none-eabi/4.7.1/../../../../arm-none-eabi/lib/thumb/libc.a(lib_a-malloc.o)
 .ARM.attributes
                0x00000311       0x2d /home/laurence/toolchain/lib/gcc/arm-none-eabi/4.7.1/../../../../arm-none-eabi/lib/thumb/libc.a(lib_a-mallocr.o)
 .ARM.attributes
                0x0000033e       0x2d /home/laurence/toolchain/lib/gcc/arm-none-eabi/4.7.1/../../../../arm-none-eabi/lib/thumb/libc.a(lib_a-mlock.o)
 .ARM.attributes
                0x0000036b       0x2d /home/laurence/toolchain/lib/gcc/arm-none-eabi/4.7.1/../../../../arm-none-eabi/lib/thumb/libc.a(lib_a-strlen.o)
 .ARM.attributes
                0x00000398       0x2d /home/laurence/toolchain/lib/gcc/arm-none-eabi/4.7.1/../../../../arm-none-eabi/lib/thumb/libc.a(lib_a-syssbrk.o)
 .ARM.attributes
                0x000003c5       0x2d /home/laurence/toolchain/lib/gcc/arm-none-eabi/4.7.1/../../../../arm-none-eabi/lib/thumb/libc.a(lib_a-freer.o)
 .ARM.attributes
                0x000003f2       0x2d /home/laurence/toolchain/lib/gcc/arm-none-eabi/4.7.1/../../../../arm-none-eabi/lib/thumb/libc.a(lib_a-getreent.o)
 .ARM.attributes
                0x0000041f       0x21 lib/CMSIS_CM3/startup/gcc/startup_stm32f10x_md.o
 .ARM.attributes
                0x00000440       0x33 lib/STM32F10x_StdPeriph_Driver/libstm32fw.a(misc.o)
 .ARM.attributes
                0x00000473       0x33 lib/STM32F10x_StdPeriph_Driver/libstm32fw.a(stm32f10x_adc.o)
 .ARM.attributes
                0x000004a6       0x33 lib/STM32F10x_StdPeriph_Driver/libstm32fw.a(stm32f10x_bkp.o)
 .ARM.attributes
                0x000004d9       0x33 lib/STM32F10x_StdPeriph_Driver/libstm32fw.a(stm32f10x_dbgmcu.o)
 .ARM.attributes
                0x0000050c       0x33 lib/STM32F10x_StdPeriph_Driver/libstm32fw.a(stm32f10x_dma.o)
 .ARM.attributes
                0x0000053f       0x33 lib/STM32F10x_StdPeriph_Driver/libstm32fw.a(stm32f10x_exti.o)
 .ARM.attributes
                0x00000572       0x33 lib/STM32F10x_StdPeriph_Driver/libstm32fw.a(stm32f10x_gpio.o)
 .ARM.attributes
                0x000005a5       0x33 lib/STM32F10x_StdPeriph_Driver/libstm32fw.a(stm32f10x_i2c.o)
 .ARM.attributes
                0x000005d8       0x33 lib/STM32F10x_StdPeriph_Driver/libstm32fw.a(stm32f10x_iwdg.o)
 .ARM.attributes
                0x0000060b       0x33 lib/STM32F10x_StdPeriph_Driver/libstm32fw.a(stm32f10x_pwr.o)
 .ARM.attributes
                0x0000063e       0x33 lib/STM32F10x_StdPeriph_Driver/libstm32fw.a(stm32f10x_rcc.o)
 .ARM.attributes
                0x00000671       0x33 lib/STM32F10x_StdPeriph_Driver/libstm32fw.a(stm32f10x_rtc.o)
 .ARM.attributes
                0x000006a4       0x33 lib/STM32F10x_StdPeriph_Driver/libstm32fw.a(stm32f10x_spi.o)
 .ARM.attributes
                0x000006d7       0x33 lib/STM32F10x_StdPeriph_Driver/libstm32fw.a(stm32f10x_tim.o)
 .ARM.attributes
                0x0000070a       0x33 lib/STM32F10x_StdPeriph_Driver/libstm32fw.a(stm32f10x_usart.o)
 .ARM.attributes
                0x0000073d       0x33 lib/STM32_USB-FS-Device_Driver/libstm32usb.a(usb_core.o)
 .ARM.attributes
                0x00000770       0x33 lib/STM32_USB-FS-Device_Driver/libstm32usb.a(usb_init.o)
 .ARM.attributes
                0x000007a3       0x33 lib/STM32_USB-FS-Device_Driver/libstm32usb.a(usb_int.o)
 .ARM.attributes
                0x000007d6       0x33 lib/STM32_USB-FS-Device_Driver/libstm32usb.a(usb_mem.o)
 .ARM.attributes
                0x00000809       0x33 lib/STM32_USB-FS-Device_Driver/libstm32usb.a(usb_regs.o)
 .ARM.attributes
                0x0000083c       0x33 lib/STM32_USB-FS-Device_Driver/libstm32usb.a(usb_sil.o)
 .ARM.attributes
                0x0000086f       0x1d /home/laurence/toolchain/lib/gcc/arm-none-eabi/4.7.1/thumb/crtn.o
 .ARM.attributes
                0x0000088c       0x2d /home/laurence/toolchain/lib/gcc/arm-none-eabi/4.7.1/../../../../arm-none-eabi/lib/thumb/libm.a(lib_a-sf_sin.o)
 .ARM.attributes
                0x000008b9       0x2d /home/laurence/toolchain/lib/gcc/arm-none-eabi/4.7.1/../../../../arm-none-eabi/lib/thumb/libm.a(lib_a-wf_asin.o)
 .ARM.attributes
                0x000008e6       0x2d /home/laurence/toolchain/lib/gcc/arm-none-eabi/4.7.1/../../../../arm-none-eabi/lib/thumb/libm.a(lib_a-wf_sqrt.o)
 .ARM.attributes
                0x00000913       0x2d /home/laurence/toolchain/lib/gcc/arm-none-eabi/4.7.1/../../../../arm-none-eabi/lib/thumb/libm.a(lib_a-ef_asin.o)
 .ARM.attributes
                0x00000940       0x2d /home/laurence/toolchain/lib/gcc/arm-none-eabi/4.7.1/../../../../arm-none-eabi/lib/thumb/libm.a(lib_a-ef_rem_pio2.o)
 .ARM.attributes
                0x0000096d       0x2d /home/laurence/toolchain/lib/gcc/arm-none-eabi/4.7.1/../../../../arm-none-eabi/lib/thumb/libm.a(lib_a-ef_sqrt.o)
 .ARM.attributes
                0x0000099a       0x2d /home/laurence/toolchain/lib/gcc/arm-none-eabi/4.7.1/../../../../arm-none-eabi/lib/thumb/libm.a(lib_a-kf_cos.o)
 .ARM.attributes
                0x000009c7       0x2d /home/laurence/toolchain/lib/gcc/arm-none-eabi/4.7.1/../../../../arm-none-eabi/lib/thumb/libm.a(lib_a-kf_rem_pio2.o)
 .ARM.attributes
                0x000009f4       0x2d /home/laurence/toolchain/lib/gcc/arm-none-eabi/4.7.1/../../../../arm-none-eabi/lib/thumb/libm.a(lib_a-kf_sin.o)
 .ARM.attributes
                0x00000a21       0x2d /home/laurence/toolchain/lib/gcc/arm-none-eabi/4.7.1/../../../../arm-none-eabi/lib/thumb/libm.a(lib_a-sf_fabs.o)
 .ARM.attributes
                0x00000a4e       0x2d /home/laurence/toolchain/lib/gcc/arm-none-eabi/4.7.1/../../../../arm-none-eabi/lib/thumb/libm.a(lib_a-sf_floor.o)
 .ARM.attributes
                0x00000a7b       0x2d /home/laurence/toolchain/lib/gcc/arm-none-eabi/4.7.1/../../../../arm-none-eabi/lib/thumb/libm.a(lib_a-sf_fpclassify.o)
 .ARM.attributes
                0x00000aa8       0x2d /home/laurence/toolchain/lib/gcc/arm-none-eabi/4.7.1/../../../../arm-none-eabi/lib/thumb/libm.a(lib_a-sf_scalbn.o)
 .ARM.attributes
                0x00000ad5       0x2d /home/laurence/toolchain/lib/gcc/arm-none-eabi/4.7.1/../../../../arm-none-eabi/lib/thumb/libm.a(lib_a-s_lib_ver.o)
 .ARM.attributes
                0x00000b02       0x2d /home/laurence/toolchain/lib/gcc/arm-none-eabi/4.7.1/../../../../arm-none-eabi/lib/thumb/libm.a(lib_a-s_matherr.o)
 .ARM.attributes
                0x00000b2f       0x2d /home/laurence/toolchain/lib/gcc/arm-none-eabi/4.7.1/../../../../arm-none-eabi/lib/thumb/libm.a(lib_a-s_nan.o)
 .ARM.attributes
                0x00000b5c       0x2d /home/laurence/toolchain/lib/gcc/arm-none-eabi/4.7.1/../../../../arm-none-eabi/lib/thumb/libm.a(lib_a-sf_copysign.o)
 .ARM.attributes
                0x00000b89       0x2d /home/laurence/toolchain/lib/gcc/arm-none-eabi/4.7.1/../../../../arm-none-eabi/lib/thumb/libnosys.a(_exit.o)
 .ARM.attributes
                0x00000bb6       0x2d /home/laurence/toolchain/lib/gcc/arm-none-eabi/4.7.1/../../../../arm-none-eabi/lib/thumb/libc.a(lib_a-errno.o)

.debug
 *(.debug)

.line
 *(.line)

.debug_srcinfo
 *(.debug_srcinfo)

.debug_sfnames
 *(.debug_sfnames)

.debug_aranges  0x00000000      0x188
 *(.debug_aranges)
 .debug_aranges
                0x00000000       0x20 /home/laurence/toolchain/lib/gcc/arm-none-eabi/4.7.1/thumb/libgcc.a(_arm_addsubdf3.o)
 .debug_aranges
                0x00000020       0x20 /home/laurence/toolchain/lib/gcc/arm-none-eabi/4.7.1/thumb/libgcc.a(_arm_muldivdf3.o)
 .debug_aranges
                0x00000040       0x20 /home/laurence/toolchain/lib/gcc/arm-none-eabi/4.7.1/thumb/libgcc.a(_arm_cmpdf2.o)
 .debug_aranges
                0x00000060       0x20 /home/laurence/toolchain/lib/gcc/arm-none-eabi/4.7.1/thumb/libgcc.a(_arm_fixdfsi.o)
 .debug_aranges
                0x00000080       0x20 /home/laurence/toolchain/lib/gcc/arm-none-eabi/4.7.1/thumb/libgcc.a(_arm_fixunsdfsi.o)
 .debug_aranges
                0x000000a0       0x20 /home/laurence/toolchain/lib/gcc/arm-none-eabi/4.7.1/thumb/libgcc.a(_arm_truncdfsf2.o)
 .debug_aranges
                0x000000c0       0x20 /home/laurence/toolchain/lib/gcc/arm-none-eabi/4.7.1/thumb/libgcc.a(_arm_addsubsf3.o)
 .debug_aranges
                0x000000e0       0x20 /home/laurence/toolchain/lib/gcc/arm-none-eabi/4.7.1/thumb/libgcc.a(_arm_muldivsf3.o)
 .debug_aranges
                0x00000100       0x20 /home/laurence/toolchain/lib/gcc/arm-none-eabi/4.7.1/thumb/libgcc.a(_arm_cmpsf2.o)
 .debug_aranges
                0x00000120       0x20 /home/laurence/toolchain/lib/gcc/arm-none-eabi/4.7.1/thumb/libgcc.a(_arm_fixsfsi.o)
 .debug_aranges
                0x00000140       0x20 /home/laurence/toolchain/lib/gcc/arm-none-eabi/4.7.1/thumb/libgcc.a(_arm_fixunssfsi.o)
 .debug_aranges
                0x00000160       0x28 lib/CMSIS_CM3/startup/gcc/startup_stm32f10x_md.o

.debug_pubnames
 *(.debug_pubnames)

.debug_info     0x00000000      0x80f
 *(.debug_info .gnu.linkonce.wi.*)
 .debug_info    0x00000000       0xb0 /home/laurence/toolchain/lib/gcc/arm-none-eabi/4.7.1/thumb/libgcc.a(_arm_addsubdf3.o)
 .debug_info    0x000000b0       0xb0 /home/laurence/toolchain/lib/gcc/arm-none-eabi/4.7.1/thumb/libgcc.a(_arm_muldivdf3.o)
 .debug_info    0x00000160       0xb0 /home/laurence/toolchain/lib/gcc/arm-none-eabi/4.7.1/thumb/libgcc.a(_arm_cmpdf2.o)
 .debug_info    0x00000210       0xb0 /home/laurence/toolchain/lib/gcc/arm-none-eabi/4.7.1/thumb/libgcc.a(_arm_fixdfsi.o)
 .debug_info    0x000002c0       0xb0 /home/laurence/toolchain/lib/gcc/arm-none-eabi/4.7.1/thumb/libgcc.a(_arm_fixunsdfsi.o)
 .debug_info    0x00000370       0xb0 /home/laurence/toolchain/lib/gcc/arm-none-eabi/4.7.1/thumb/libgcc.a(_arm_truncdfsf2.o)
 .debug_info    0x00000420       0xb0 /home/laurence/toolchain/lib/gcc/arm-none-eabi/4.7.1/thumb/libgcc.a(_arm_addsubsf3.o)
 .debug_info    0x000004d0       0xb0 /home/laurence/toolchain/lib/gcc/arm-none-eabi/4.7.1/thumb/libgcc.a(_arm_muldivsf3.o)
 .debug_info    0x00000580       0xb0 /home/laurence/toolchain/lib/gcc/arm-none-eabi/4.7.1/thumb/libgcc.a(_arm_cmpsf2.o)
 .debug_info    0x00000630       0xb0 /home/laurence/toolchain/lib/gcc/arm-none-eabi/4.7.1/thumb/libgcc.a(_arm_fixsfsi.o)
 .debug_info    0x000006e0       0xb0 /home/laurence/toolchain/lib/gcc/arm-none-eabi/4.7.1/thumb/libgcc.a(_arm_fixunssfsi.o)
 .debug_info    0x00000790       0x7f lib/CMSIS_CM3/startup/gcc/startup_stm32f10x_md.o

.debug_abbrev   0x00000000       0xee
 *(.debug_abbrev)
 .debug_abbrev  0x00000000       0x14 /home/laurence/toolchain/lib/gcc/arm-none-eabi/4.7.1/thumb/libgcc.a(_arm_addsubdf3.o)
 .debug_abbrev  0x00000014       0x14 /home/laurence/toolchain/lib/gcc/arm-none-eabi/4.7.1/thumb/libgcc.a(_arm_muldivdf3.o)
 .debug_abbrev  0x00000028       0x14 /home/laurence/toolchain/lib/gcc/arm-none-eabi/4.7.1/thumb/libgcc.a(_arm_cmpdf2.o)
 .debug_abbrev  0x0000003c       0x14 /home/laurence/toolchain/lib/gcc/arm-none-eabi/4.7.1/thumb/libgcc.a(_arm_fixdfsi.o)