Archive member included because of file (symbol)

lib/STM32F10x_StdPeriph_Driver/libstm32fw.a(misc.o)
                              Util/USB/hw_config.o (NVIC_PriorityGroupConfig)
lib/STM32F10x_StdPeriph_Driver/libstm32fw.a(stm32f10x_adc.o)
                              adc.o (ADC_DeInit)
lib/STM32F10x_StdPeriph_Driver/libstm32fw.a(stm32f10x_bkp.o)
                              Util/fat_fs/src/rtc.o (BKP_DeInit)
lib/STM32F10x_StdPeriph_Driver/libstm32fw.a(stm32f10x_dma.o)
                              Util/fat_fs/src/sd_spi_stm32.o (DMA_DeInit)
lib/STM32F10x_StdPeriph_Driver/libstm32fw.a(stm32f10x_exti.o)
                              interrupts.o (EXTI_DeInit)
lib/STM32F10x_StdPeriph_Driver/libstm32fw.a(stm32f10x_gpio.o)
                              Util/fat_fs/src/sd_spi_stm32.o (GPIO_Init)
lib/STM32F10x_StdPeriph_Driver/libstm32fw.a(stm32f10x_i2c.o)
                              i2c_int.o (I2C_DeInit)
lib/STM32F10x_StdPeriph_Driver/libstm32fw.a(stm32f10x_pwr.o)
                              pwr.o (PWR_DeInit)
lib/STM32F10x_StdPeriph_Driver/libstm32fw.a(stm32f10x_rcc.o)
                              interrupts.o (RCC_HCLKConfig)
lib/STM32F10x_StdPeriph_Driver/libstm32fw.a(stm32f10x_rtc.o)
                              Util/fat_fs/src/rtc.o (RTC_GetCounter)
lib/STM32F10x_StdPeriph_Driver/libstm32fw.a(stm32f10x_spi.o)
                              Util/fat_fs/src/sd_spi_stm32.o (SPI_I2S_DeInit)
lib/STM32F10x_StdPeriph_Driver/libstm32fw.a(stm32f10x_tim.o)
                              timer.o (TIM_DeInit)
lib/STM32F10x_StdPeriph_Driver/libstm32fw.a(stm32f10x_usart.o)
                              usart.o (USART_Init)
lib/STM32_USB-FS-Device_Driver/libstm32usb.a(usb_core.o)
                              Util/USB/usb_prop.o (Standard_GetDescriptorData)
lib/STM32_USB-FS-Device_Driver/libstm32usb.a(usb_init.o)
                              main.o (USB_Init)
lib/STM32_USB-FS-Device_Driver/libstm32usb.a(usb_int.o)
                              Util/USB/usb_istr.o (CTR_LP)
lib/STM32_USB-FS-Device_Driver/libstm32usb.a(usb_mem.o)
                              lib/STM32_USB-FS-Device_Driver/libstm32usb.a(usb_core.o) (UserToPMABufferCopy)
lib/STM32_USB-FS-Device_Driver/libstm32usb.a(usb_regs.o)
                              Util/USB/usb_prop.o (SetBTABLE)
lib/STM32_USB-FS-Device_Driver/libstm32usb.a(usb_sil.o)
                              Util/USB/usb_prop.o (USB_SIL_Init)
/home/laurence/CodeSourcery/Sourcery_G++_Lite/bin/../lib/gcc/arm-none-eabi/4.5.2/../../../../arm-none-eabi/lib/thumb2/libm.a(lib_a-sf_sin.o)
                              Sensors/ppg.o (sinf)
/home/laurence/CodeSourcery/Sourcery_G++_Lite/bin/../lib/gcc/arm-none-eabi/4.5.2/../../../../arm-none-eabi/lib/thumb2/libm.a(lib_a-w_sqrt.o)
                              Sensors/ppg.o (sqrt)
/home/laurence/CodeSourcery/Sourcery_G++_Lite/bin/../lib/gcc/arm-none-eabi/4.5.2/../../../../arm-none-eabi/lib/thumb2/libm.a(lib_a-wf_asin.o)
                              Sensors/ppg.o (asinf)
/home/laurence/CodeSourcery/Sourcery_G++_Lite/bin/../lib/gcc/arm-none-eabi/4.5.2/../../../../arm-none-eabi/lib/thumb2/libm.a(lib_a-e_sqrt.o)
                              /home/laurence/CodeSourcery/Sourcery_G++_Lite/bin/../lib/gcc/arm-none-eabi/4.5.2/../../../../arm-none-eabi/lib/thumb2/libm.a(lib_a-w_sqrt.o) (__ieee754_sqrt)
/home/laurence/CodeSourcery/Sourcery_G++_Lite/bin/../lib/gcc/arm-none-eabi/4.5.2/../../../../arm-none-eabi/lib/thumb2/libm.a(lib_a-ef_asin.o)
                              /home/laurence/CodeSourcery/Sourcery_G++_Lite/bin/../lib/gcc/arm-none-eabi/4.5.2/../../../../arm-none-eabi/lib/thumb2/libm.a(lib_a-wf_asin.o) (__ieee754_asinf)
/home/laurence/CodeSourcery/Sourcery_G++_Lite/bin/../lib/gcc/arm-none-eabi/4.5.2/../../../../arm-none-eabi/lib/thumb2/libm.a(lib_a-ef_rem_pio2.o)
                              /home/laurence/CodeSourcery/Sourcery_G++_Lite/bin/../lib/gcc/arm-none-eabi/4.5.2/../../../../arm-none-eabi/lib/thumb2/libm.a(lib_a-sf_sin.o) (__ieee754_rem_pio2f)
/home/laurence/CodeSourcery/Sourcery_G++_Lite/bin/../lib/gcc/arm-none-eabi/4.5.2/../../../../arm-none-eabi/lib/thumb2/libm.a(lib_a-ef_sqrt.o)
                              /home/laurence/CodeSourcery/Sourcery_G++_Lite/bin/../lib/gcc/arm-none-eabi/4.5.2/../../../../arm-none-eabi/lib/thumb2/libm.a(lib_a-ef_asin.o) (__ieee754_sqrtf)
/home/laurence/CodeSourcery/Sourcery_G++_Lite/bin/../lib/gcc/arm-none-eabi/4.5.2/../../../../arm-none-eabi/lib/thumb2/libm.a(lib_a-kf_cos.o)
                              /home/laurence/CodeSourcery/Sourcery_G++_Lite/bin/../lib/gcc/arm-none-eabi/4.5.2/../../../../arm-none-eabi/lib/thumb2/libm.a(lib_a-sf_sin.o) (__kernel_cosf)
/home/laurence/CodeSourcery/Sourcery_G++_Lite/bin/../lib/gcc/arm-none-eabi/4.5.2/../../../../arm-none-eabi/lib/thumb2/libm.a(lib_a-kf_rem_pio2.o)
                              /home/laurence/CodeSourcery/Sourcery_G++_Lite/bin/../lib/gcc/arm-none-eabi/4.5.2/../../../../arm-none-eabi/lib/thumb2/libm.a(lib_a-ef_rem_pio2.o) (__kernel_rem_pio2f)
[...]
Memory Configuration

Name             Origin             Length             Attributes
ram              0x20000000         0x00005000         xrw
rom              0x08000000         0x00020000         xr
*default*        0x00000000         0xffffffff

Linker script and memory map

LOAD /home/laurence/CodeSourcery/Sourcery_G++_Lite/bin/../lib/gcc/arm-none-eabi/4.5.2/thumb2/crti.o
LOAD /home/laurence/CodeSourcery/Sourcery_G++_Lite/bin/../lib/gcc/arm-none-eabi/4.5.2/thumb2/crtbegin.o
LOAD Sensors/ppg.o
LOAD Sensors/pressure.o
LOAD Sensors/temperature.o
LOAD Util/USB/hw_config.o
LOAD Util/USB/mass_mal.o
LOAD Util/USB/memory.o
LOAD Util/USB/scsi_data.o
LOAD Util/USB/usb_bot.o
LOAD Util/USB/usb_desc.o
LOAD Util/USB/usb_endp.o
LOAD Util/USB/usb_istr.o
LOAD Util/USB/usb_prop.o
LOAD Util/USB/usb_pwr.o
LOAD Util/USB/usb_scsi.o
LOAD Util/buffer.o
LOAD Util/delay.o
LOAD Util/fat_fs/option/cc932.o
LOAD Util/fat_fs/option/syscall.o
LOAD Util/fat_fs/src/fattime.o
LOAD Util/fat_fs/src/ff.o
LOAD Util/fat_fs/src/rtc.o
LOAD Util/fat_fs/src/sd_spi_stm32.o
LOAD Util/rprintf.o
LOAD Util/stm32_eval_spi_sd.o
LOAD adc.o
LOAD gpio.o
LOAD i2c_int.o
LOAD interrupts.o
LOAD lib/CMSIS_CM3/core_cm3.o
LOAD lib/CMSIS_CM3/startup/gcc/startup_stm32f10x_md.o
LOAD lib/CMSIS_CM3/system_stm32f10x.o
LOAD main.o
LOAD pwr.o
LOAD timer.o
LOAD usart.o
LOAD lib/STM32F10x_StdPeriph_Driver/libstm32fw.a
LOAD lib/STM32_USB-FS-Device_Driver/libstm32usb.a
LOAD /home/laurence/CodeSourcery/Sourcery_G++_Lite/bin/../lib/gcc/arm-none-eabi/4.5.2/../../../../arm-none-eabi/lib/thumb2/libm.a
START GROUP
LOAD /home/laurence/CodeSourcery/Sourcery_G++_Lite/bin/../lib/gcc/arm-none-eabi/4.5.2/thumb2/libgcc.a
LOAD /home/laurence/CodeSourcery/Sourcery_G++_Lite/bin/../lib/gcc/arm-none-eabi/4.5.2/../../../../arm-none-eabi/lib/thumb2/libc.a
END GROUP
LOAD /home/laurence/CodeSourcery/Sourcery_G++_Lite/bin/../lib/gcc/arm-none-eabi/4.5.2/thumb2/crtend.o
LOAD /home/laurence/CodeSourcery/Sourcery_G++_Lite/bin/../lib/gcc/arm-none-eabi/4.5.2/thumb2/crtn.o
START GROUP
LOAD /home/laurence/CodeSourcery/Sourcery_G++_Lite/bin/../lib/gcc/arm-none-eabi/4.5.2/thumb2/libgcc.a
LOAD /home/laurence/CodeSourcery/Sourcery_G++_Lite/bin/../lib/gcc/arm-none-eabi/4.5.2/../../../../arm-none-eabi/lib/thumb2/libc.a
LOAD /home/laurence/CodeSourcery/Sourcery_G++_Lite/bin/../lib/gcc/arm-none-eabi/4.5.2/../../../../arm-none-eabi/lib/thumb2/libcs3.a
LOAD /home/laurence/CodeSourcery/Sourcery_G++_Lite/bin/../lib/gcc/arm-none-eabi/4.5.2/../../../../arm-none-eabi/lib/thumb2/libcs3unhosted.a
LOAD lib/libcs3-lanchon-stm32.a
END GROUP
                0x20005000                PROVIDE (__cs3_stack, (__cs3_region_start_ram + __cs3_region_size_ram))
                0x20000ef8                PROVIDE (__cs3_heap_start, _end)
                0x20005000                PROVIDE (__cs3_heap_end, (__cs3_region_start_ram + __cs3_region_size_ram))

.text           0x08000000    0x1b730
 CREATE_OBJECT_SYMBOLS
                0x08000000                __cs3_region_start_rom = .
 *(.cs3.region-head.rom)
                0x08000000                __cs3_interrupt_vector = __cs3_interrupt_vector_lanchon_stm32
 *(.cs3.interrupt_vector)
 .cs3.interrupt_vector
                0x08000000       0xec lib/libcs3-lanchon-stm32.a(lanchon-stm32-vector.o)
                0x08000000                __cs3_interrupt_vector_lanchon_stm32
                0x08000001                ASSERT ((. != __cs3_interrupt_vector_lanchon_stm32), No interrupt vector)
 *(.rom)
 *(.rom.b)
                0x08013974                PROVIDE (__cs3_reset_lanchon_stm32, _start)
                0x08013974                __cs3_reset = __cs3_reset_lanchon_stm32
 *(.cs3.reset)
 *(.text .text.* .gnu.linkonce.t.*)
 .text          0x080000ec       0x30 /home/laurence/CodeSourcery/Sourcery_G++_Lite/bin/../lib/gcc/arm-none-eabi/4.5.2/thumb2/crtbegin.o
 *fill*         0x0800011c        0x4 00
 .text          0x08000120      0x500 Sensors/ppg.o
                0x08000120                PPG_LO_Filter
                0x080003d4                PPG_Automatic_Brightness_Control
                0x08000558                PPG_correct_brightness
                0x080005e8                PWM_Linear
 .text          0x08000620      0x258 Sensors/pressure.o
                0x08000620                calibrate_sensor
                0x0800066c                conv_adc_diff
                0x080006a4                conv_diff
                0x080006d4                filterloop
 .text          0x08000878       0x50 Sensors/temperature.o
                0x08000878                convert_die_temp
                0x08000894                convert_tmp102_temp
 .text          0x080008c8      0x2a0 Util/USB/hw_config.o
                0x080008c8                Set_System
                0x080008d0                Set_USBClock
                0x080008e8                Enter_LowPowerMode
                0x080008f4                Leave_LowPowerMode
                0x08000914                USB_Interrupts_Config
                0x08000958                Led_RW_ON
                0x08000968                Led_RW_OFF
                0x08000978                USB_Configured_LED
                0x08000988                USB_NotConfigured_LED
                0x08000998                USB_Cable_Config
                0x0800099c                Get_SerialNum
                0x08000b60                MAL_Config
 .text          0x08000b68       0xe4 Util/USB/mass_mal.o
                0x08000b68                MAL_Init
                0x08000bb4                MAL_Write
                0x08000bd8                MAL_Read
                0x08000bfc                MAL_GetStatus
 .text          0x08000c4c      0x1d8 Util/USB/memory.o
                0x08000c4c                Read_Memory
                0x08000d30                Write_Memory
 .text          0x08000e24      0x628 Util/USB/usb_bot.o
                0x08000e24                Mass_Storage_In
                0x08000eac                CBW_Decode
                0x0800130c                Mass_Storage_Out
                0x0800139c                Transfer_Data_Request
                0x080013d0                Set_CSW
                0x0800140c                Bot_Abort
 .text          0x0800144c        0x8 Util/USB/usb_endp.o
                0x0800144c                EP1_IN_Callback
                0x08001450                EP2_OUT_Callback
 .text          0x08001454       0xf0 Util/USB/usb_istr.o
                0x08001454                USB_Istr
 .text          0x08001544      0x268 Util/USB/usb_prop.o
                0x08001544                Mass_Storage_SetDeviceAddress
                0x08001550                MASS_Status_In
                0x08001554                MASS_Status_Out
                0x08001558                MASS_Get_Interface_Setting
                0x08001568                Get_Max_Lun
                0x08001580                MASS_Data_Setup
                0x080015c4                MASS_GetStringDescriptor
                0x080015e4                MASS_GetConfigDescriptor
                0x080015f0                MASS_GetDeviceDescriptor
                0x080015fc                MASS_NoData_Setup
                0x0800164c                Mass_Storage_SetConfiguration
                0x0800167c                Mass_Storage_ClearFeature
                0x08001698                MASS_Reset
                0x08001788                MASS_init
 .text          0x080017ac      0x1c4 Util/USB/usb_pwr.o
                0x080017ac                PowerOn
                0x080017dc                PowerOff
                0x08001800                Suspend
                0x08001844                Resume_Init
                0x08001884                Resume
 .text          0x08001970      0x460 Util/USB/usb_scsi.o
                0x08001970                SCSI_Inquiry_Cmd
                0x080019a8                SCSI_ReadFormatCapacity_Cmd
                0x08001a1c                SCSI_ReadCapacity10_Cmd
                0x08001a98                SCSI_ModeSense6_Cmd
                0x08001aa4                SCSI_ModeSense10_Cmd
                0x08001ab0                SCSI_RequestSense_Cmd
                0x08001ac8                Set_Scsi_Sense_Data
                0x08001ad4                SCSI_Start_Stop_Unit_Cmd
                0x08001adc                SCSI_Read10_Cmd
                0x08001b8c                SCSI_Write10_Cmd
                0x08001c38                SCSI_Verify10_Cmd
                0x08001c78                SCSI_Valid_Cmd
                0x08001cb0                SCSI_TestUnitReady_Cmd
                0x08001ce4                SCSI_Format_Cmd
                0x08001d10                SCSI_Invalid_Cmd
                0x08001d4c                SCSI_Address_Management
 .text          0x08001dd0       0x78 Util/buffer.o
                0x08001dd0                Add_To_Buffer
                0x08001e04                Get_From_Buffer
                0x08001e34                init_buffer
 .text          0x08001e48       0x34 Util/delay.o
                0x08001e48                Delay
 .text          0x08001e7c      0x25c Util/fat_fs/option/cc932.o
                0x08001e7c                ff_convert
                0x080020a8                ff_wtoupper
 .text          0x080020d8       0x48 Util/fat_fs/src/fattime.o
                0x080020d8                get_fattime
 .text          0x08002120     0x643c Util/fat_fs/src/ff.o
                0x08002a08                clust2sect
                0x08002a24                get_fat
                0x08002fc8                put_fat
                0x08004d6c                gen_numname
                0x08005a04                f_mount
                0x08005a24                f_open
                0x08005e90                f_read
                0x08006278                f_write
                0x080066ac                f_sync
                0x08006884                f_close
                0x08006894                f_lseek
                0x08006a60                f_opendir
                0x08006acc                f_readdir
                0x08006b40                f_stat
                0x08006b88                f_getfree
                0x08006dec                f_truncate
                0x08006f5c                f_unlink
                0x08007074                f_mkdir
                0x0800749c                f_chmod
                0x080074f8                f_utime
                0x08007558                f_rename
                0x08007818                f_gets
                0x08007934                f_putc
                0x08007958                f_puts
                0x08007994                f_printf
 .text          0x0800855c      0x484 Util/fat_fs/src/rtc.o
                0x0800855c                rtc_gettime
                0x080086dc                my_RTC_SetCounter
                0x08008700                rtc_settime
                0x08008934                rtc_init
 .text          0x080089e0      0xfa8 Util/fat_fs/src/sd_spi_stm32.o
                0x08008e18                disk_initialize
                0x08008fc4                disk_status
                0x08008fd4                disk_read
                0x08009150                disk_write
                0x080092f0                disk_ioctl
                0x0800994c                disk_timerproc
 .text          0x08009988     0x182c Util/rprintf.o
                0x08009988                rprintfInit
                0x08009994                rprintfChar
                0x080099bc                rprintfStr
                0x080099f4                rprintfStrLen
                0x08009bb8                rprintfCRLF
                0x08009bd0                rprintfu04
                0x08009bfc                rprintfu08
                0x08009c44                rprintfu16
                0x08009ce0                rprintfu32
                0x08009e2c                rprintfNum
                0x0800a09c                rprintfFloat
                0x0800a360                rprintf2RamRom
                0x0800b15c                Isdigit
                0x0800b16c                atoiRamRom
                0x0800b1a4                rStrLen
 .text          0x0800b1b4      0x23c adc.o
                0x0800b1b4                ADC_Configuration
                0x0800b370                readADC2
                0x0800b3a8                setADC2
                0x0800b3c8                getADC2
 .text          0x0800b3f0      0x240 gpio.o
                0x0800b3f0                setup_gpio
                0x0800b5a4                switch_leds_on
                0x0800b5cc                switch_leds_off
                0x0800b5f4                red_flash
                0x0800b624                get_wkup
 .text          0x0800b630      0x86c i2c_int.o
                0x0800b630                I2C1_EV_IRQHandler
                0x0800bbb0                I2C1_Request_Job
                0x0800bc04                I2C1_Setup_Job
                0x0800bc18                I2C_Config
                0x0800bda0                I2C1_ER_IRQHandler
 *fill*         0x0800be9c        0x4 00
 .text          0x0800bea0      0x590 interrupts.o
                0x0800bea0                ISR_Config
                0x0800bf14                EXTI_ONOFF_EN
                0x0800bf74                DMA_ISR_Config
                0x0800bf9c                SysTick_Configuration
                0x0800bfd4                EXTI0_IRQHandler
                0x0800c050                DMAChannel1_IRQHandler
                0x0800c07c                ADC1_2_IRQHandler
                0x0800c110                SysTickHandler
                0x0800c428                USB_HP_CAN_TX_IRQHandler
                0x0800c42c                USB_LP_CAN_RX0_IRQHandler
 .text.Default_Handler
                0x0800c430        0x2 lib/CMSIS_CM3/startup/gcc/startup_stm32f10x_md.o
                0x0800c430                EXTI2_IRQHandler
                0x0800c430                DebugMon_Handler
                0x0800c430                TIM1_CC_IRQHandler
                0x0800c430                HardFault_Handler
                0x0800c430                SysTick_Handler
                0x0800c430                PVD_IRQHandler
                0x0800c430                PendSV_Handler
                0x0800c430                NMI_Handler
                0x0800c430                EXTI3_IRQHandler
                0x0800c430                I2C2_EV_IRQHandler
                0x0800c430                UsageFault_Handler
                0x0800c430                SPI1_IRQHandler
                0x0800c430                TAMPER_IRQHandler
                0x0800c430                DMA1_Channel4_IRQHandler
                0x0800c430                USART3_IRQHandler
                0x0800c430                RTC_IRQHandler
                0x0800c430                DMA1_Channel7_IRQHandler
                0x0800c430                CAN1_RX1_IRQHandler
                0x0800c430                TIM4_IRQHandler
                0x0800c430                DMA1_Channel6_IRQHandler
                0x0800c430                TIM3_IRQHandler
                0x0800c430                RCC_IRQHandler
                0x0800c430                TIM1_TRG_COM_IRQHandler
                0x0800c430                DMA1_Channel1_IRQHandler
                0x0800c430                Default_Handler
                0x0800c430                EXTI15_10_IRQHandler
                0x0800c430                EXTI9_5_IRQHandler
                0x0800c430                SPI2_IRQHandler
                0x0800c430                MemManage_Handler
                0x0800c430                SVC_Handler
                0x0800c430                DMA1_Channel5_IRQHandler
                0x0800c430                EXTI4_IRQHandler
                0x0800c430                USB_LP_CAN1_RX0_IRQHandler
                0x0800c430                USB_HP_CAN1_TX_IRQHandler
                0x0800c430                DMA1_Channel3_IRQHandler
                0x0800c430                TIM1_UP_IRQHandler
                0x0800c430                WWDG_IRQHandler
                0x0800c430                TIM2_IRQHandler
                0x0800c430                TIM1_BRK_IRQHandler
                0x0800c430                EXTI1_IRQHandler
                0x0800c430                RTCAlarm_IRQHandler
                0x0800c430                USART2_IRQHandler
                0x0800c430                I2C2_ER_IRQHandler
                0x0800c430                DMA1_Channel2_IRQHandler
                0x0800c430                CAN1_SCE_IRQHandler
                0x0800c430                FLASH_IRQHandler
                0x0800c430                BusFault_Handler
                0x0800c430                USART1_IRQHandler
                0x0800c430                USBWakeUp_IRQHandler
 *fill*         0x0800c432        0x2 00
 .text          0x0800c434       0xfc lib/CMSIS_CM3/system_stm32f10x.o
                0x0800c434                SystemInit
 .text          0x0800c530      0x660 main.o
                0x0800c530                __str_print_char
                0x0800c55c                __fat_print_char
                0x0800c57c                main
                0x0800cae4                detect_sensors
 .text          0x0800cb90       0x70 pwr.o
                0x0800cb90                setuppwr
                0x0800cba4                shutdown
                0x0800cbb4                disable_pin
                0x0800cbbc                shutdown_filesystem
 .text          0x0800cc00      0x1dc timer.o
                0x0800cc00                setup_pwm
                0x0800cd44                Tryfudge
                0x0800cd94                Set_Motor
 .text          0x0800cddc      0x110 usart.o
                0x0800cddc                Usarts_Init
                0x0800ce88                Default_Usart_Config
                0x0800cea4                Usart_Send_Str
                0x0800ced0                __usart_send_char
 .text          0x0800ceec       0xb8 lib/STM32F10x_StdPeriph_Driver/libstm32fw.a(misc.o)
                0x0800ceec                NVIC_PriorityGroupConfig
                0x0800cf00                NVIC_Init
                0x0800cf60                NVIC_SetVectorTable
                0x0800cf74                NVIC_SystemLPConfig
                0x0800cf8c                SysTick_CLKSourceConfig
 .text          0x0800cfa4      0x380 lib/STM32F10x_StdPeriph_Driver/libstm32fw.a(stm32f10x_adc.o)
                0x0800cfa4                ADC_DeInit
                0x0800d000                ADC_Init
                0x0800d04c                ADC_StructInit
                0x0800d05e                ADC_Cmd
                0x0800d072                ADC_DMACmd
                0x0800d086                ADC_ITConfig
                0x0800d09a                ADC_ResetCalibration
                0x0800d0a4                ADC_GetResetCalibrationStatus
                0x0800d0ac                ADC_StartCalibration
                0x0800d0b6                ADC_GetCalibrationStatus
                0x0800d0be                ADC_SoftwareStartConvCmd
                0x0800d0d2                ADC_GetSoftwareStartConvStatus
                0x0800d0da                ADC_DiscModeChannelCountConfig
                0x0800d0ea                ADC_DiscModeCmd
                0x0800d0fe                ADC_RegularChannelConfig
                0x0800d18c                ADC_ExternalTrigConvCmd
                0x0800d1a0                ADC_GetConversionValue
                0x0800d1a6                ADC_GetDualModeConversionValue
                0x0800d1b0                ADC_AutoInjectedConvCmd
                0x0800d1c4                ADC_InjectedDiscModeCmd
                0x0800d1d8                ADC_ExternalTrigInjectedConvConfig
                0x0800d1e6                ADC_ExternalTrigInjectedConvCmd
                0x0800d1fa                ADC_SoftwareStartInjectedConvCmd
                0x0800d20e                ADC_GetSoftwareStartInjectedConvCmdStatus
                0x0800d216                ADC_InjectedChannelConfig
                0x0800d272                ADC_InjectedSequencerLengthConfig
                0x0800d282                ADC_SetInjectedOffset
                0x0800d298                ADC_GetInjectedConversionValue
                0x0800d2b2                ADC_AnalogWatchdogCmd
                0x0800d2c4                ADC_AnalogWatchdogThresholdsConfig
                0x0800d2ca                ADC_AnalogWatchdogSingleChannelConfig
                0x0800d2d8                ADC_TempSensorVrefintCmd
                0x0800d2f4                ADC_GetFlagStatus
                0x0800d300                ADC_ClearFlag
                0x0800d306                ADC_GetITStatus
                0x0800d31c                ADC_ClearITPendingBit
 .text          0x0800d324       0xe0 lib/STM32F10x_StdPeriph_Driver/libstm32fw.a(stm32f10x_bkp.o)
                0x0800d324                BKP_DeInit
                0x0800d336                BKP_TamperPinLevelConfig
                0x0800d340                BKP_TamperPinCmd
                0x0800d34c                BKP_ITConfig
                0x0800d358                BKP_RTCOutputConfig
                0x0800d370                BKP_SetRTCCalibrationValue
                0x0800d388                BKP_WriteBackupRegister
                0x0800d3a4                BKP_ReadBackupRegister
                0x0800d3c4                BKP_GetFlagStatus
                0x0800d3d0                BKP_ClearFlag
                0x0800d3e4                BKP_GetITStatus
                0x0800d3f0                BKP_ClearITPendingBit
 .text          0x0800d404      0x1f0 lib/STM32F10x_StdPeriph_Driver/libstm32fw.a(stm32f10x_dma.o)
                0x0800d404                DMA_DeInit
                0x0800d500                DMA_Init
                0x0800d540                DMA_StructInit
                0x0800d55a                DMA_Cmd
                0x0800d56e                DMA_ITConfig
                0x0800d580                DMA_GetCurrDataCounter
                0x0800d586                DMA_GetFlagStatus
                0x0800d5a4                DMA_ClearFlag
                0x0800d5bc                DMA_GetITStatus
                0x0800d5dc                DMA_ClearITPendingBit
 .text          0x0800d5f4      0x108 lib/STM32F10x_StdPeriph_Driver/libstm32fw.a(stm32f10x_exti.o)
                0x0800d5f4                EXTI_DeInit
                0x0800d610                EXTI_Init
                0x0800d694                EXTI_StructInit
                0x0800d6a2                EXTI_GenerateSWInterrupt
                0x0800d6b4                EXTI_GetFlagStatus
                0x0800d6c8                EXTI_ClearFlag
                0x0800d6d4                EXTI_GetITStatus
                0x0800d6f0                EXTI_ClearITPendingBit
 .text          0x0800d6fc      0x278 lib/STM32F10x_StdPeriph_Driver/libstm32fw.a(stm32f10x_gpio.o)
                0x0800d6fc                GPIO_DeInit
                0x0800d7a8                GPIO_AFIODeInit
                0x0800d7be                GPIO_Init
                0x0800d856                GPIO_StructInit
                0x0800d866                GPIO_ReadInputDataBit
                0x0800d872                GPIO_ReadInputData
                0x0800d878                GPIO_ReadOutputDataBit
                0x0800d884                GPIO_ReadOutputData
                0x0800d88a                GPIO_SetBits
                0x0800d88e                GPIO_ResetBits
                0x0800d892                GPIO_WriteBit
                0x0800d89c                GPIO_Write
                0x0800d8a0                GPIO_PinLockConfig
                0x0800d8b0                GPIO_EventOutputConfig
                0x0800d8d0                GPIO_EventOutputCmd
                0x0800d8dc                GPIO_PinRemapConfig
                0x0800d934                GPIO_EXTILineConfig
                0x0800d968                GPIO_ETH_MediaInterfaceConfig
 .text          0x0800d974      0x3b4 lib/STM32F10x_StdPeriph_Driver/libstm32fw.a(stm32f10x_i2c.o)
                0x0800d974                I2C_DeInit
                0x0800d9a8                I2C_Init
                0x0800da78                I2C_StructInit
                0x0800da94                I2C_Cmd
                0x0800daae                I2C_DMACmd
                0x0800dac8                I2C_DMALastTransferCmd
                0x0800dae2                I2C_GenerateSTART
                0x0800dafc                I2C_GenerateSTOP
                0x0800db16                I2C_AcknowledgeConfig
                0x0800db30                I2C_OwnAddress2Config
                0x0800db46                I2C_DualAddressCmd
                0x0800db60                I2C_GeneralCallCmd
                0x0800db7a                I2C_ITConfig
                0x0800db90                I2C_SendData
                0x0800db94                I2C_ReceiveData
                0x0800db9a                I2C_Send7bitAddress
                0x0800dbaa                I2C_ReadRegister
                0x0800dbc2                I2C_SoftwareResetCmd
                0x0800dbda                I2C_SMBusAlertConfig
                0x0800dbf8                I2C_TransmitPEC
                0x0800dc12                I2C_PECPositionConfig
                0x0800dc30                I2C_CalculatePEC
                0x0800dc4a                I2C_GetPEC
                0x0800dc52                I2C_ARPCmd
                0x0800dc6c                I2C_StretchClockCmd
                0x0800dc86                I2C_FastModeDutyCycleConfig
                0x0800dca4                I2C_GetLastEvent
                0x0800dcb4                I2C_CheckEvent
                0x0800dccc                I2C_GetFlagStatus
                0x0800dd00                I2C_ClearFlag
                0x0800dd06                I2C_GetITStatus
                0x0800dd22                I2C_ClearITPendingBit
 .text          0x0800dd28       0xcc lib/STM32F10x_StdPeriph_Driver/libstm32fw.a(stm32f10x_pwr.o)
                0x0800dd2c                PWR_DeInit
                0x0800dd46                PWR_BackupAccessCmd
                0x0800dd50                PWR_PVDCmd
                0x0800dd5c                PWR_PVDLevelConfig
                0x0800dd70                PWR_WakeUpPinCmd
                0x0800dd7c                PWR_EnterSTOPMode
                0x0800dda8                PWR_EnterSTANDBYMode
                0x0800ddd0                PWR_GetFlagStatus
                0x0800dde4                PWR_ClearFlag
 .text          0x0800ddf4      0x360 lib/STM32F10x_StdPeriph_Driver/libstm32fw.a(stm32f10x_rcc.o)
                0x0800ddf4                RCC_DeInit
                0x0800de34                RCC_HSEConfig
                0x0800de6c                RCC_AdjustHSICalibrationValue
                0x0800de80                RCC_HSICmd
                0x0800de8c                RCC_PLLConfig
                0x0800dea4                RCC_PLLCmd
                0x0800deb0                RCC_SYSCLKConfig
                0x0800dec4                RCC_GetSYSCLKSource
                0x0800ded4                RCC_HCLKConfig
                0x0800dee8                RCC_PCLK1Config
                0x0800defc                RCC_PCLK2Config
                0x0800df10                RCC_ITConfig
                0x0800df28                RCC_USBCLKConfig
                0x0800df34                RCC_ADCCLKConfig
                0x0800df48                RCC_LSEConfig
                0x0800df68                RCC_LSICmd
                0x0800df74                RCC_RTCCLKConfig
                0x0800df84                RCC_RTCCLKCmd
                0x0800df90                RCC_GetClocksFreq
                0x0800e034                RCC_AHBPeriphClockCmd
                0x0800e04c                RCC_APB2PeriphClockCmd
                0x0800e064                RCC_APB1PeriphClockCmd
                0x0800e07c                RCC_APB2PeriphResetCmd
                0x0800e094                RCC_APB1PeriphResetCmd
                0x0800e0ac                RCC_BackupResetCmd
                0x0800e0b8                RCC_ClockSecuritySystemCmd
                0x0800e0c4                RCC_MCOConfig
                0x0800e0d0                RCC_GetFlagStatus
                0x0800e0f8                RCC_WaitForHSEStartUp
                0x0800e124                RCC_ClearFlag
                0x0800e134                RCC_GetITStatus
                0x0800e148                RCC_ClearITPendingBit
 .text          0x0800e154      0x158 lib/STM32F10x_StdPeriph_Driver/libstm32fw.a(stm32f10x_rtc.o)
                0x0800e154                RTC_ITConfig
                0x0800e170                RTC_EnterConfigMode
                0x0800e184                RTC_ExitConfigMode
                0x0800e198                RTC_GetCounter
                0x0800e1ac                RTC_SetCounter
                0x0800e1c8                RTC_SetPrescaler
                0x0800e1e8                RTC_SetAlarm
                0x0800e204                RTC_GetDivider
                0x0800e21c                RTC_WaitForLastTask
                0x0800e22c                RTC_WaitForSynchro
                0x0800e24c                RTC_GetFlagStatus
                0x0800e260                RTC_ClearFlag
                0x0800e274                RTC_GetITStatus
                0x0800e298                RTC_ClearITPendingBit
 .text          0x0800e2ac      0x2d4 lib/STM32F10x_StdPeriph_Driver/libstm32fw.a(stm32f10x_spi.o)
                0x0800e2ac                SPI_I2S_DeInit
                0x0800e310                SPI_Init
                0x0800e350                I2S_Init
                0x0800e3f0                SPI_StructInit
                0x0800e408                I2S_StructInit
                0x0800e41a                SPI_Cmd
                0x0800e434                I2S_Cmd
                0x0800e44e                SPI_I2S_ITConfig
                0x0800e46c                SPI_I2S_DMACmd
                0x0800e482                SPI_I2S_SendData
                0x0800e486                SPI_I2S_ReceiveData
                0x0800e48c                SPI_NSSInternalSoftwareConfig
                0x0800e4ac                SPI_SSOutputCmd
                0x0800e4c6                SPI_DataSizeConfig
                0x0800e4de                SPI_TransmitCRC
                0x0800e4ea                SPI_CalculateCRC
                0x0800e504                SPI_GetCRC
                0x0800e514                SPI_GetCRCPolynomial
                0x0800e51a                SPI_BiDirectionalLineConfig
                0x0800e538                SPI_I2S_GetFlagStatus
                0x0800e544                SPI_I2S_ClearFlag
                0x0800e54a                SPI_I2S_GetITStatus
                0x0800e570                SPI_I2S_ClearITPendingBit
 .text          0x0800e580      0xa80 lib/STM32F10x_StdPeriph_Driver/libstm32fw.a(stm32f10x_tim.o)
                0x0800e5ee                TIM_DeInit
                0x0800e6b8                TIM_TimeBaseInit
                0x0800e6f4                TIM_OC1Init
                0x0800e774                TIM_OC2Init
                0x0800e7fc                TIM_OC3Init
                0x0800e880                TIM_OC4Init
                0x0800e8e4                TIM_BDTRConfig
                0x0800e906                TIM_TimeBaseStructInit
                0x0800e918                TIM_OCStructInit
                0x0800e92c                TIM_ICStructInit
                0x0800e93c                TIM_BDTRStructInit
                0x0800e94e                TIM_Cmd
                0x0800e968                TIM_CtrlPWMOutputs
                0x0800e986                TIM_ITConfig
                0x0800e99c                TIM_GenerateEvent
                0x0800e9a0                TIM_DMAConfig
                0x0800e9a8                TIM_DMACmd
                0x0800e9be                TIM_InternalClockConfig
                0x0800e9cc                TIM_ETRConfig
                0x0800e9e2                TIM_ETRClockMode2Config
                0x0800e9f6                TIM_ETRClockMode1Config
                0x0800ea10                TIM_PrescalerConfig
                0x0800ea16                TIM_CounterModeConfig
                0x0800ea28                TIM_SelectInputTrigger
                0x0800ea3a                TIM_TIxExternalClockConfig
                0x0800ea68                TIM_ITRxExternalClockConfig
                0x0800ea7c                TIM_EncoderInterfaceConfig
                0x0800eaba                TIM_ForcedOC1Config
                0x0800eacc                TIM_ForcedOC2Config
                0x0800eade                TIM_ForcedOC3Config
                0x0800eaf0                TIM_ForcedOC4Config
                0x0800eb02                TIM_ARRPreloadConfig
                0x0800eb1c                TIM_SelectCOM
                0x0800eb36                TIM_SelectCCDMA
                0x0800eb50                TIM_CCPreloadControl
                0x0800eb6a                TIM_OC1PreloadConfig
                0x0800eb7c                TIM_OC2PreloadConfig
                0x0800eb8e                TIM_OC3PreloadConfig
                0x0800eba0                TIM_OC4PreloadConfig
                0x0800ebb2                TIM_OC1FastConfig
                0x0800ebc4                TIM_OC2FastConfig
                0x0800ebd6                TIM_OC3FastConfig
                0x0800ebe8                TIM_OC4FastConfig
                0x0800ebfa                TIM_ClearOC1Ref
                0x0800ec0c                TIM_ClearOC2Ref
                0x0800ec1a                TIM_ClearOC3Ref
                0x0800ec2c                TIM_ClearOC4Ref
                0x0800ec3a                TIM_OC1PolarityConfig
                0x0800ec4c                TIM_OC1NPolarityConfig
                0x0800ec5e                TIM_OC2PolarityConfig
                0x0800ec70                TIM_OC2NPolarityConfig
                0x0800ec82                TIM_OC3PolarityConfig
                0x0800ec94                TIM_OC3NPolarityConfig
                0x0800eca6                TIM_OC4PolarityConfig
                0x0800ecb8                TIM_CCxCmd
                0x0800ecd6                TIM_CCxNCmd
                0x0800ecf4                TIM_SelectOCxM
                0x0800ed40                TIM_UpdateDisableConfig
                0x0800ed5a                TIM_UpdateRequestConfig
                0x0800ed74                TIM_SelectHallSensor
                0x0800ed8e                TIM_SelectOnePulseMode
                0x0800eda6                TIM_SelectOutputTrigger
                0x0800edbe                TIM_SelectSlaveMode
                0x0800edd6                TIM_SelectMasterSlaveMode
                0x0800edee                TIM_SetCounter
                0x0800edf2                TIM_SetAutoreload
                0x0800edf6                TIM_SetCompare1
                0x0800edfa                TIM_SetCompare2
                0x0800edfe                TIM_SetCompare3
                0x0800ee02                TIM_SetCompare4
                0x0800ee08                TIM_SetIC1Prescaler
                0x0800ee20                TIM_SetIC2Prescaler
                0x0800ee38                TIM_PWMIConfig
                0x0800eea4                TIM_SetIC3Prescaler
                0x0800eebc                TIM_SetIC4Prescaler
                0x0800eed4                TIM_ICInit
                0x0800ef98                TIM_SetClockDivision
                0x0800efaa                TIM_GetCapture1
                0x0800efb0                TIM_GetCapture2
                0x0800efb6                TIM_GetCapture3
                0x0800efbc                TIM_GetCapture4
                0x0800efc4                TIM_GetCounter
                0x0800efca                TIM_GetPrescaler
                0x0800efd0                TIM_GetFlagStatus
                0x0800efdc                TIM_ClearFlag
                0x0800efe2                TIM_GetITStatus
                0x0800eff8                TIM_ClearITPendingBit
 .text          0x0800f000      0x374 lib/STM32F10x_StdPeriph_Driver/libstm32fw.a(stm32f10x_usart.o)
                0x0800f000                USART_DeInit
                0x0800f098                USART_Init
                0x0800f128                USART_StructInit
                0x0800f13e                USART_ClockInit
                0x0800f164                USART_ClockStructInit
                0x0800f170                USART_Cmd
                0x0800f18a                USART_ITConfig
                0x0800f1c0                USART_DMACmd
                0x0800f1d6                USART_SetAddress
                0x0800f1ee                USART_WakeUpConfig
                0x0800f206                USART_ReceiverWakeUpCmd
                0x0800f220                USART_LINBreakDetectLengthConfig
                0x0800f238                USART_LINCmd
                0x0800f252                USART_SendData
                0x0800f25a                USART_ReceiveData
                0x0800f262                USART_SendBreak
                0x0800f26e                USART_SetGuardTime
                0x0800f280                USART_SetPrescaler
                0x0800f294                USART_SmartCardCmd
                0x0800f2ae                USART_SmartCardNACKCmd
                0x0800f2c8                USART_HalfDuplexCmd
                0x0800f2e2                USART_IrDAConfig
                0x0800f2fa                USART_IrDACmd
                0x0800f314                USART_GetFlagStatus
                0x0800f320                USART_ClearFlag
                0x0800f326                USART_GetITStatus
                0x0800f366                USART_ClearITPendingBit
 .text          0x0800f374      0xa54 lib/STM32_USB-FS-Device_Driver/libstm32usb.a(usb_core.o)
                0x0800f374                Standard_GetConfiguration
                0x0800f39c                Standard_GetInterface
                0x0800f3c4                Standard_GetStatus
                0x0800f538                Standard_SetConfiguration
                0x0800f574                Standard_SetInterface
                0x0800f5c4                Standard_ClearFeature
                0x0800f6c0                Standard_SetEndPointFeature
                0x0800f774                Standard_SetDeviceFeature
                0x0800f798                Standard_GetDescriptorData
                0x0800f7b4                Post0_Process
                0x0800f7fc                Out0_Process
                0x0800f8d8                Setup0_Process
                0x0800fca8                SetDeviceAddress
                0x0800fd64                In0_Process
                0x0800fdc4                NOP_Process
 .text          0x0800fdc8       0x38 lib/STM32_USB-FS-Device_Driver/libstm32usb.a(usb_init.o)
                0x0800fdc8                USB_Init
 .text          0x0800fe00      0x25c lib/STM32_USB-FS-Device_Driver/libstm32usb.a(usb_int.o)
                0x0800fe00                CTR_LP
                0x0800ffc8                CTR_HP
 .text          0x0801005c       0xb8 lib/STM32_USB-FS-Device_Driver/libstm32usb.a(usb_mem.o)
                0x0801005c                UserToPMABufferCopy
                0x080100c4                PMAToUserBufferCopy
 .text          0x08010114      0x880 lib/STM32_USB-FS-Device_Driver/libstm32usb.a(usb_regs.o)
                0x08010114                SetCNTR
                0x08010120                GetCNTR
                0x0801012c                SetISTR
                0x08010138                GetISTR
                0x08010144                GetFNR
                0x08010150                SetDADDR
                0x0801015c                GetDADDR
                0x08010168                SetBTABLE
                0x0801017c                GetBTABLE
                0x08010188                SetENDPOINT
                0x08010198                GetENDPOINT
                0x080101a8                SetEPType
                0x080101c4                GetEPType
                0x080101d8                SetEPTxStatus
                0x08010218                SetEPRxStatus
                0x08010258                SetDouBleBuffEPStall
                0x08010280                GetEPTxStatus
                0x08010294                GetEPRxStatus
                0x080102a8                SetEPTxValid
                0x080102cc                SetEPRxValid
                0x080102f0                SetEP_KIND
                0x08010310                ClearEP_KIND
                0x08010330                Clear_Status_Out
                0x08010350                Set_Status_Out
                0x08010370                SetEPDoubleBuff
                0x08010390                ClearEPDoubleBuff
                0x080103b0                GetTxStallStatus
                0x080103d0                GetRxStallStatus
                0x080103f0                ClearEP_CTR_RX
                0x08010408                ClearEP_CTR_TX
                0x08010420                ToggleDTOG_RX
                0x08010440                ToggleDTOG_TX
                0x08010460                ClearDTOG_RX
                0x08010488                ClearDTOG_TX
                0x080104b0                SetEPAddress
                0x080104d4                GetEPAddress
                0x080104e8                SetEPTxAddr
                0x0801050c                SetEPRxAddr
                0x08010534                GetEPTxAddr
                0x08010554                GetEPRxAddr
                0x08010574                SetEPTxCount
                0x08010594                SetEPCountRxReg
                0x080105c0                SetEPRxCount
                0x08010608                GetEPTxCount
                0x0801062c                GetEPRxCount
                0x08010650                SetEPDblBuffAddr
                0x08010698                SetEPDblBuf0Addr
                0x080106bc                SetEPDblBuf1Addr
                0x080106e4                GetEPDblBuf0Addr
                0x08010704                GetEPDblBuf1Addr
                0x08010724                SetEPDblBuffCount
                0x080107d0                SetEPDblBuf0Count
                0x08010838                SetEPDblBuf1Count
                0x080108a0                GetEPDblBuf0Count
                0x080108c4                GetEPDblBuf1Count
                0x080108e8                GetEPDblBufDir
                0x08010930                FreeUserBuffer
                0x08010980                ToWord
                0x08010988                ByteSwap
 .text          0x08010994       0x6c lib/STM32_USB-FS-Device_Driver/libstm32usb.a(usb_sil.o)
                0x08010994                USB_SIL_Init
                0x080109b4                USB_SIL_Write
                0x080109dc                USB_SIL_Read
 .text          0x08010a00       0x78 /home/laurence/CodeSourcery/Sourcery_G++_Lite/bin/../lib/gcc/arm-none-eabi/4.5.2/../../../../arm-none-eabi/lib/thumb2/libm.a(lib_a-sf_sin.o)
                0x08010a00                sinf
 .text          0x08010a78       0xac /home/laurence/CodeSourcery/Sourcery_G++_Lite/bin/../lib/gcc/arm-none-eabi/4.5.2/../../../../arm-none-eabi/lib/thumb2/libm.a(lib_a-w_sqrt.o)
                0x08010a78                sqrt
 .text          0x08010b24       0xa8 /home/laurence/CodeSourcery/Sourcery_G++_Lite/bin/../lib/gcc/arm-none-eabi/4.5.2/../../../../arm-none-eabi/lib/thumb2/libm.a(lib_a-wf_asin.o)
                0x08010b24                asinf
 .text          0x08010bcc      0x1c0 /home/laurence/CodeSourcery/Sourcery_G++_Lite/bin/../lib/gcc/arm-none-eabi/4.5.2/../../../../arm-none-eabi/lib/thumb2/libm.a(lib_a-e_sqrt.o)
                0x08010bcc                __ieee754_sqrt
 .text          0x08010d8c      0x318 /home/laurence/CodeSourcery/Sourcery_G++_Lite/bin/../lib/gcc/arm-none-eabi/4.5.2/../../../../arm-none-eabi/lib/thumb2/libm.a(lib_a-ef_asin.o)
                0x08010d8c                __ieee754_asinf
 .text          0x080110a4      0x358 /home/laurence/CodeSourcery/Sourcery_G++_Lite/bin/../lib/gcc/arm-none-eabi/4.5.2/../../../../arm-none-eabi/lib/thumb2/libm.a(lib_a-ef_rem_pio2.o)
                0x080110a4                __ieee754_rem_pio2f
 .text          0x080113fc       0xb0 /home/laurence/CodeSourcery/Sourcery_G++_Lite/bin/../lib/gcc/arm-none-eabi/4.5.2/../../../../arm-none-eabi/lib/thumb2/libm.a(lib_a-ef_sqrt.o)
                0x080113fc                __ieee754_sqrtf
 .text          0x080114ac      0x1b8 /home/laurence/CodeSourcery/Sourcery_G++_Lite/bin/../lib/gcc/arm-none-eabi/4.5.2/../../../../arm-none-eabi/lib/thumb2/libm.a(lib_a-kf_cos.o)
                0x080114ac                __kernel_cosf
 .text          0x08011664      0x63c /home/laurence/CodeSourcery/Sourcery_G++_Lite/bin/../lib/gcc/arm-none-eabi/4.5.2/../../../../arm-none-eabi/lib/thumb2/libm.a(lib_a-kf_rem_pio2.o)
                0x08011664                __kernel_rem_pio2f
 .text          0x08011ca0      0x100 /home/laurence/CodeSourcery/Sourcery_G++_Lite/bin/../lib/gcc/arm-none-eabi/4.5.2/../../../../arm-none-eabi/lib/thumb2/libm.a(lib_a-kf_sin.o)
                0x08011ca0                __kernel_sinf
 .text          0x08011da0       0x90 /home/laurence/CodeSourcery/Sourcery_G++_Lite/bin/../lib/gcc/arm-none-eabi/4.5.2/../../../../arm-none-eabi/lib/thumb2/libm.a(lib_a-s_fpclassify.o)
                0x08011da0                __fpclassifyd
 .text          0x08011e30        0x4 /home/laurence/CodeSourcery/Sourcery_G++_Lite/bin/../lib/gcc/arm-none-eabi/4.5.2/../../../../arm-none-eabi/lib/thumb2/libm.a(lib_a-s_matherr.o)
                0x08011e30                matherr
 .text          0x08011e34        0xc /home/laurence/CodeSourcery/Sourcery_G++_Lite/bin/../lib/gcc/arm-none-eabi/4.5.2/../../../../arm-none-eabi/lib/thumb2/libm.a(lib_a-s_nan.o)
                0x08011e34                nan
 .text          0x08011e40        0x8 /home/laurence/CodeSourcery/Sourcery_G++_Lite/bin/../lib/gcc/arm-none-eabi/4.5.2/../../../../arm-none-eabi/lib/thumb2/libm.a(lib_a-sf_fabs.o)
                0x08011e40                fabsf
 .text          0x08011e48       0xa0 /home/laurence/CodeSourcery/Sourcery_G++_Lite/bin/../lib/gcc/arm-none-eabi/4.5.2/../../../../arm-none-eabi/lib/thumb2/libm.a(lib_a-sf_floor.o)
                0x08011e48                floorf
 .text          0x08011ee8       0x7c /home/laurence/CodeSourcery/Sourcery_G++_Lite/bin/../lib/gcc/arm-none-eabi/4.5.2/../../../../arm-none-eabi/lib/thumb2/libm.a(lib_a-sf_fpclassify.o)
                0x08011ee8                __fpclassifyf
 .text          0x08011f64       0xc0 /home/laurence/CodeSourcery/Sourcery_G++_Lite/bin/../lib/gcc/arm-none-eabi/4.5.2/../../../../arm-none-eabi/lib/thumb2/libm.a(lib_a-sf_scalbn.o)
                0x08011f64                scalbnf
 .text          0x08012024       0x10 /home/laurence/CodeSourcery/Sourcery_G++_Lite/bin/../lib/gcc/arm-none-eabi/4.5.2/../../../../arm-none-eabi/lib/thumb2/libm.a(lib_a-sf_copysign.o)
                0x08012024                copysignf
 .text          0x08012034      0x370 /home/laurence/CodeSourcery/Sourcery_G++_Lite/bin/../lib/gcc/arm-none-eabi/4.5.2/thumb2/libgcc.a(_arm_addsubdf3.o)
                0x08012034                __aeabi_drsub
                0x0801203c                __aeabi_dsub
                0x0801203c                __subdf3
                0x08012040                __adddf3
                0x08012040                __aeabi_dadd
                0x080122b8                __aeabi_ui2d
                0x080122b8                __floatunsidf
                0x080122d8                __floatsidf
                0x080122d8                __aeabi_i2d
                0x080122fc                __extendsfdf2
                0x080122fc                __aeabi_f2d
                0x08012338                __aeabi_ul2d
                0x08012338                __floatundidf
                0x08012348                __floatdidf
                0x08012348                __aeabi_l2d
 .text          0x080123a4      0x424 /home/laurence/CodeSourcery/Sourcery_G++_Lite/bin/../lib/gcc/arm-none-eabi/4.5.2/thumb2/libgcc.a(_arm_muldivdf3.o)
                0x080123a4                __aeabi_dmul
                0x080123a4                __muldf3
                0x080125f8                __aeabi_ddiv
                0x080125f8                __divdf3
 .text          0x080127c8      0x110 /home/laurence/CodeSourcery/Sourcery_G++_Lite/bin/../lib/gcc/arm-none-eabi/4.5.2/thumb2/libgcc.a(_arm_cmpdf2.o)
                0x080127c8                __gtdf2
                0x080127c8                __gedf2
                0x080127d0                __ltdf2
                0x080127d0                __ledf2
                0x080127d8                __cmpdf2
                0x080127d8                __eqdf2
                0x080127d8                __nedf2
                0x08012854                __aeabi_cdrcmple
                0x08012864                __aeabi_cdcmple
                0x08012864                __aeabi_cdcmpeq
                0x08012874                __aeabi_dcmpeq
                0x08012888                __aeabi_dcmplt
                0x0801289c                __aeabi_dcmple
                0x080128b0                __aeabi_dcmpge
                0x080128c4                __aeabi_dcmpgt
 .text          0x080128d8       0x50 /home/laurence/CodeSourcery/Sourcery_G++_Lite/bin/../lib/gcc/arm-none-eabi/4.5.2/thumb2/libgcc.a(_arm_fixdfsi.o)
                0x080128d8                __fixdfsi
                0x080128d8                __aeabi_d2iz
 .text          0x08012928       0x40 /home/laurence/CodeSourcery/Sourcery_G++_Lite/bin/../lib/gcc/arm-none-eabi/4.5.2/thumb2/libgcc.a(_arm_fixunsdfsi.o)
                0x08012928                __fixunsdfsi
                0x08012928                __aeabi_d2uiz
 .text          0x08012968       0xa0 /home/laurence/CodeSourcery/Sourcery_G++_Lite/bin/../lib/gcc/arm-none-eabi/4.5.2/thumb2/libgcc.a(_arm_truncdfsf2.o)
                0x08012968                __aeabi_d2f
                0x08012968                __truncdfsf2
 .text          0x08012a08      0x21c /home/laurence/CodeSourcery/Sourcery_G++_Lite/bin/../lib/gcc/arm-none-eabi/4.5.2/thumb2/libgcc.a(_arm_addsubsf3.o)
                0x08012a08                __aeabi_frsub
                0x08012a10                __subsf3
                0x08012a10                __aeabi_fsub
                0x08012a14                __aeabi_fadd
                0x08012a14                __addsf3
                0x08012b74                __aeabi_ui2f
                0x08012b74                __floatunsisf
                0x08012b7c                __aeabi_i2f
                0x08012b7c                __floatsisf
                0x08012b98                __floatundisf
                0x08012b98                __aeabi_ul2f
                0x08012ba8                __floatdisf
                0x08012ba8                __aeabi_l2f
 .text          0x08012c24      0x2a0 /home/laurence/CodeSourcery/Sourcery_G++_Lite/bin/../lib/gcc/arm-none-eabi/4.5.2/thumb2/libgcc.a(_arm_muldivsf3.o)
                0x08012c24                __mulsf3
                0x08012c24                __aeabi_fmul
                0x08012d8c                __divsf3
                0x08012d8c                __aeabi_fdiv
 .text          0x08012ec4       0xec /home/laurence/CodeSourcery/Sourcery_G++_Lite/bin/../lib/gcc/arm-none-eabi/4.5.2/thumb2/libgcc.a(_arm_cmpsf2.o)
                0x08012ec4                __gtsf2
                0x08012ec4                __gesf2
                0x08012ecc                __lesf2
                0x08012ecc                __ltsf2
                0x08012ed4                __nesf2
                0x08012ed4                __eqsf2
                0x08012ed4                __cmpsf2
                0x08012f34                __aeabi_cfrcmple
                0x08012f3c                __aeabi_cfcmple
                0x08012f3c                __aeabi_cfcmpeq
                0x08012f4c                __aeabi_fcmpeq
                0x08012f60                __aeabi_fcmplt
                0x08012f74                __aeabi_fcmple
                0x08012f88                __aeabi_fcmpge
                0x08012f9c                __aeabi_fcmpgt
 .text          0x08012fb0       0x4c /home/laurence/CodeSourcery/Sourcery_G++_Lite/bin/../lib/gcc/arm-none-eabi/4.5.2/thumb2/libgcc.a(_arm_fixsfsi.o)
                0x08012fb0                __fixsfsi
                0x08012fb0                __aeabi_f2iz
 .text          0x08012ffc       0x40 /home/laurence/CodeSourcery/Sourcery_G++_Lite/bin/../lib/gcc/arm-none-eabi/4.5.2/thumb2/libgcc.a(_arm_fixunssfsi.o)
                0x08012ffc                __aeabi_f2uiz
                0x08012ffc                __fixunssfsi
 .text          0x0801303c        0xc /home/laurence/CodeSourcery/Sourcery_G++_Lite/bin/../lib/gcc/arm-none-eabi/4.5.2/../../../../arm-none-eabi/lib/thumb2/libc.a(lib_a-errno.o)
                0x0801303c                __errno
 .text          0x08013048       0x20 /home/laurence/CodeSourcery/Sourcery_G++_Lite/bin/../lib/gcc/arm-none-eabi/4.5.2/../../../../arm-none-eabi/lib/thumb2/libc.a(lib_a-malloc.o)
                0x08013048                malloc
                0x08013058                free
 .text          0x08013068      0x57c /home/laurence/CodeSourcery/Sourcery_G++_Lite/bin/../lib/gcc/arm-none-eabi/4.5.2/../../../../arm-none-eabi/lib/thumb2/libc.a(lib_a-mallocr.o)
                0x08013068                _malloc_r
 .text          0x080135e4        0x8 /home/laurence/CodeSourcery/Sourcery_G++_Lite/bin/../lib/gcc/arm-none-eabi/4.5.2/../../../../arm-none-eabi/lib/thumb2/libc.a(lib_a-mlock.o)
                0x080135e4                __malloc_lock
                0x080135e8                __malloc_unlock
 .text          0x080135ec       0x28 /home/laurence/CodeSourcery/Sourcery_G++_Lite/bin/../lib/gcc/arm-none-eabi/4.5.2/../../../../arm-none-eabi/lib/thumb2/libc.a(lib_a-sbrkr.o)
                0x080135ec                _sbrk_r
 .text          0x08013614       0x60 /home/laurence/CodeSourcery/Sourcery_G++_Lite/bin/../lib/gcc/arm-none-eabi/4.5.2/../../../../arm-none-eabi/lib/thumb2/libc.a(lib_a-strlen.o)
                0x08013614                strlen
 .text          0x08013674      0x240 /home/laurence/CodeSourcery/Sourcery_G++_Lite/bin/../lib/gcc/arm-none-eabi/4.5.2/../../../../arm-none-eabi/lib/thumb2/libc.a(lib_a-freer.o)
                0x08013674                _malloc_trim_r
                0x0801371c                _free_r
 .text          0x080138b4       0x30 /home/laurence/CodeSourcery/Sourcery_G++_Lite/bin/../lib/gcc/arm-none-eabi/4.5.2/../../../../arm-none-eabi/lib/thumb2/libcs3.a(start_c.o)
                0x080138b4                __cs3_premain
 .text.cs3.init
                0x080138e4       0x50 /home/laurence/CodeSourcery/Sourcery_G++_Lite/bin/../lib/gcc/arm-none-eabi/4.5.2/../../../../arm-none-eabi/lib/thumb2/libcs3.a(start_c.o)
                0x080138e4                __cs3_start_c
 .text          0x08013934       0x40 /home/laurence/CodeSourcery/Sourcery_G++_Lite/bin/../lib/gcc/arm-none-eabi/4.5.2/../../../../arm-none-eabi/lib/thumb2/libcs3unhosted.a(unhosted-sbrk.o)
                0x08013934                _sbrk
 .text.cs3.init
                0x08013974       0x10 /home/laurence/CodeSourcery/Sourcery_G++_Lite/bin/../lib/gcc/arm-none-eabi/4.5.2/../../../../arm-none-eabi/lib/thumb2/libcs3unhosted.a(unhosted-start.o)
                0x08013974                _start
 .text          0x08013984        0x2 lib/libcs3-lanchon-stm32.a(lanchon_stm32_isr_interrupt.o)
                0x08013984                MemManageException
                0x08013984                BusFaultException
                0x08013984                DMAChannel7_IRQHandler
                0x08013984                DebugMonitor
                0x08013984                SVCHandler
                0x08013984                HardFaultException
                0x08013984                __STM32ReservedException8
                0x08013984                __STM32DefaultExceptionHandler
                0x08013984                CAN_SCE_IRQHandler
                0x08013984                __STM32ReservedException10
                0x08013984                __STM32ReservedException13
                0x08013984                NMIException
                0x08013984                DMAChannel4_IRQHandler
                0x08013984                PendSVC
                0x08013984                CAN_RX1_IRQHandler
                0x08013984                ADC_IRQHandler
                0x08013984                DMAChannel5_IRQHandler
                0x08013984                DMAChannel2_IRQHandler
                0x08013984                __STM32ReservedException7
                0x08013984                UsageFaultException
                0x08013984                DMAChannel6_IRQHandler
                0x08013984                DMAChannel3_IRQHandler
                0x08013984                __STM32ReservedException9
 *fill*         0x08013986        0x2 00
 .text          0x08013988       0x50 /home/laurence/CodeSourcery/Sourcery_G++_Lite/bin/../lib/gcc/arm-none-eabi/4.5.2/../../../../arm-none-eabi/lib/thumb2/libc.a(lib_a-init.o)
                0x08013988                __libc_init_array
 *(.plt)
 *(.gnu.warning)
 *(.glue_7t)
 .glue_7t       0x00000000        0x0 linker stubs
 *(.glue_7)
 .glue_7        0x00000000        0x0 linker stubs
 *(.vfp11_veneer)
 .vfp11_veneer  0x00000000        0x0 linker stubs
 *(.rodata .rodata.* .gnu.linkonce.r.*)
 .rodata        0x080139d8       0xac Util/USB/usb_desc.o
                0x080139d8                MASS_DeviceDescriptor
                0x080139ec                MASS_ConfigDescriptor
                0x08013a0c                MASS_StringLangID
                0x08013a10                MASS_StringVendor
                0x08013a44                MASS_StringProduct
                0x08013a74                MASS_StringInterface
 .rodata        0x08013a84     0x7738 Util/fat_fs/option/cc932.o
 .rodata.str1.4
                0x0801b1bc       0x13 Util/fat_fs/src/ff.o
                                 0x14 (size before relaxing)
 *fill*         0x0801b1cf        0x1 00
 .rodata        0x0801b1d0        0xc Util/fat_fs/src/rtc.o
 .rodata        0x0801b1dc       0x14 Util/rprintf.o
 .rodata.str1.4
                0x0801b1f0       0x1a Util/rprintf.o
                                 0x1c (size before relaxing)
 *fill*         0x0801b20a        0x2 00
 .rodata        0x0801b20c        0x4 i2c_int.o
                0x0801b20c                TMP102_setup
 .rodata.str1.4
                0x0801b210       0x10 interrupts.o
 .rodata        0x0801b220       0x14 lib/CMSIS_CM3/system_stm32f10x.o
                0x0801b220                SystemFrequency
                0x0801b224                SystemFrequency_SysClk
                0x0801b228                SystemFrequency_AHBClk
                0x0801b22c                SystemFrequency_APB1Clk
                0x0801b230                SystemFrequency_APB2Clk
 .rodata.str1.4
                0x0801b234       0xc9 main.o
                                 0xd0 (size before relaxing)
 *fill*         0x0801b2fd        0x3 00
 .rodata.str1.4
                0x0801b300       0x16 pwr.o
                                 0x18 (size before relaxing)
 *fill*         0x0801b316        0x2 00
 .rodata.str1.4
                0x0801b318        0x5 /home/laurence/CodeSourcery/Sourcery_G++_Lite/bin/../lib/gcc/arm-none-eabi/4.5.2/../../../../arm-none-eabi/lib/thumb2/libm.a(lib_a-w_sqrt.o)
                                  0x8 (size before relaxing)
 *fill*         0x0801b31d        0x3 00
 .rodata.str1.4
                0x0801b320        0x6 /home/laurence/CodeSourcery/Sourcery_G++_Lite/bin/../lib/gcc/arm-none-eabi/4.5.2/../../../../arm-none-eabi/lib/thumb2/libm.a(lib_a-wf_asin.o)
                                  0xc (size before relaxing)
 *fill*         0x0801b326        0x2 00
 .rodata        0x0801b328      0x398 /home/laurence/CodeSourcery/Sourcery_G++_Lite/bin/../lib/gcc/arm-none-eabi/4.5.2/../../../../arm-none-eabi/lib/thumb2/libm.a(lib_a-ef_rem_pio2.o)
 .rodata        0x0801b6c0       0x38 /home/laurence/CodeSourcery/Sourcery_G++_Lite/bin/../lib/gcc/arm-none-eabi/4.5.2/../../../../arm-none-eabi/lib/thumb2/libm.a(lib_a-kf_rem_pio2.o)
 .rodata.str1.4
                0x0801b6f8        0x4 /home/laurence/CodeSourcery/Sourcery_G++_Lite/bin/../lib/gcc/arm-none-eabi/4.5.2/../../../../arm-none-eabi/lib/thumb2/libc.a(lib_a-impure.o)
 *(.ARM.extab* .gnu.linkonce.armextab.*)
 *(.gcc_except_table)
 *(.eh_frame_hdr)
 *(.eh_frame)
                0x0801b6fc                . = ALIGN (0x4)
 *(.init)
 .init          0x0801b6fc        0x4 /home/laurence/CodeSourcery/Sourcery_G++_Lite/bin/../lib/gcc/arm-none-eabi/4.5.2/thumb2/crti.o
                0x0801b6fc                _init
 .init          0x0801b700        0x8 /home/laurence/CodeSourcery/Sourcery_G++_Lite/bin/../lib/gcc/arm-none-eabi/4.5.2/thumb2/crtn.o
                0x0801b708                . = ALIGN (0x4)
                0x0801b708                __preinit_array_start = .
 *(.preinit_array)
                0x0801b708                __preinit_array_end = .
                0x0801b708                . = ALIGN (0x4)
                0x0801b708                __init_array_start = .
 *(SORT(.init_array.*))
 *(.init_array)
 .init_array    0x0801b708        0x4 /home/laurence/CodeSourcery/Sourcery_G++_Lite/bin/../lib/gcc/arm-none-eabi/4.5.2/thumb2/crtbegin.o
                0x0801b70c                __init_array_end = .
                0x0801b70c                . = ALIGN (0x4)
 *crtbegin.o(.ctors)
 *(EXCLUDE_FILE(*crtend.o) .ctors)
 *(SORT(.ctors.*))
 *crtend.o(.ctors)
                0x0801b70c                . = ALIGN (0x4)
 *(.fini)
 .fini          0x0801b70c        0x4 /home/laurence/CodeSourcery/Sourcery_G++_Lite/bin/../lib/gcc/arm-none-eabi/4.5.2/thumb2/crti.o
                0x0801b70c                _fini
 .fini          0x0801b710        0x8 /home/laurence/CodeSourcery/Sourcery_G++_Lite/bin/../lib/gcc/arm-none-eabi/4.5.2/thumb2/crtn.o
                0x0801b718                . = ALIGN (0x4)
                0x0801b718                __fini_array_start = .
 *(.fini_array)
 .fini_array    0x0801b718        0x4 /home/laurence/CodeSourcery/Sourcery_G++_Lite/bin/../lib/gcc/arm-none-eabi/4.5.2/thumb2/crtbegin.o
 *(SORT(.fini_array.*))
                0x0801b71c                __fini_array_end = .
 *crtbegin.o(.dtors)
 *(EXCLUDE_FILE(*crtend.o) .dtors)
 *(SORT(.dtors.*))
 *crtend.o(.dtors)
                0x0801b71c                . = ALIGN (0x4)
                0x0801b71c                __cs3_regions = .
                0x0801b71c        0x4 LONG 0x0
                0x0801b720        0x4 LONG 0x801b730 __cs3_region_init_ram
                0x0801b724        0x4 LONG 0x20000000 __cs3_region_start_ram
                0x0801b728        0x4 LONG 0x698 __cs3_region_init_size_ram
                0x0801b72c        0x4 LONG 0x860 __cs3_region_zero_size_ram
                0x0801b730                __exidx_start = .

.v4_bx          0x0801b730        0x0
 .v4_bx         0x00000000        0x0 linker stubs

.ARM.exidx
 *(.ARM.exidx* .gnu.linkonce.armexidx.*)
                0x0801b730                __exidx_end = .

.text.align     0x0801b730        0x0
                0x0801b730                . = ALIGN (0x8)
                0x0801b730                _etext = .
                0x08020000                __cs3_region_end_rom = (__cs3_region_start_rom + 0x20000)
                0x00020000                __cs3_region_size_rom = 0x20000
                0x00000001                __cs3_region_num = 0x1

.data           0x20000000      0x698 load address 0x0801b730
                0x20000000                __cs3_region_start_ram = .
 *(.cs3.region-head.ram)
 *(.jcr)
 .jcr           0x20000000        0x0 /home/laurence/CodeSourcery/Sourcery_G++_Lite/bin/../lib/gcc/arm-none-eabi/4.5.2/thumb2/crtbegin.o
 .jcr           0x20000000        0x4 /home/laurence/CodeSourcery/Sourcery_G++_Lite/bin/../lib/gcc/arm-none-eabi/4.5.2/thumb2/crtend.o
 *(.got.plt)
 *(.got)
 *(.shdata)
 *(.data .data.* .gnu.linkonce.d.*)
 .data          0x20000004       0x74 Util/USB/scsi_data.o
                0x20000004                Standard_Inquiry_Data
                0x20000028                Standard_Inquiry_Data2
                0x2000004c                Mode_Sense6_data
                0x20000050                Mode_Sense10_data
                0x20000058                Scsi_Sense_Data
                0x2000006c                ReadFormatCapacity_Data
 .data          0x20000078       0x1c Util/USB/usb_desc.o
                0x20000078                MASS_StringSerial
 .data          0x20000094       0x38 Util/USB/usb_istr.o
                0x20000094                pEpInt_IN
                0x200000b0                pEpInt_OUT
 .data          0x200000cc       0x90 Util/USB/usb_prop.o
                0x200000cc                String_Descriptor
                0x200000f4                Config_Descriptor
                0x200000fc                Device_Descriptor
                0x20000104                Device_Property
                0x20000134                Device_Table
                0x20000138                User_Standard_Requests
 .data          0x2000015c        0x1 Util/USB/usb_pwr.o
                0x2000015c                fSuspendEnabled
 .data          0x2000015d        0x1 Util/fat_fs/src/sd_spi_stm32.o
 *fill*         0x2000015e        0x2 00
 .data          0x20000160       0x10 i2c_int.o
                0x20000160                I2C_jobs
 .data          0x20000170       0x14 lib/STM32F10x_StdPeriph_Driver/libstm32fw.a(stm32f10x_rcc.o)
 .data          0x20000184        0x1 /home/laurence/CodeSourcery/Sourcery_G++_Lite/bin/../lib/gcc/arm-none-eabi/4.5.2/../../../../arm-none-eabi/lib/thumb2/libm.a(lib_a-s_lib_ver.o)
                0x20000184                __fdlib_version
 *fill*         0x20000185        0x3 00
 .data          0x20000188       0xf4 /home/laurence/CodeSourcery/Sourcery_G++_Lite/bin/../lib/gcc/arm-none-eabi/4.5.2/../../../../arm-none-eabi/lib/thumb2/libc.a(lib_a-impure.o)
                0x20000188                _impure_ptr
 .data          0x2000027c      0x410 /home/laurence/CodeSourcery/Sourcery_G++_Lite/bin/../lib/gcc/arm-none-eabi/4.5.2/../../../../arm-none-eabi/lib/thumb2/libc.a(lib_a-mallocr.o)
                0x2000027c                __malloc_av_
                0x20000684                __malloc_sbrk_base
                0x20000688                __malloc_trim_threshold
 .data          0x2000068c        0x4 /home/laurence/CodeSourcery/Sourcery_G++_Lite/bin/../lib/gcc/arm-none-eabi/4.5.2/../../../../arm-none-eabi/lib/thumb2/libcs3unhosted.a(unhosted-sbrk.o)
 .data          0x20000690        0x4 /home/laurence/CodeSourcery/Sourcery_G++_Lite/bin/../lib/gcc/arm-none-eabi/4.5.2/../../../../arm-none-eabi/lib/thumb2/libcs3.a(heap.o)
                0x20000690                __cs3_heap_limit
 *(.ram)
                0x20000698                . = ALIGN (0x8)
 *fill*         0x20000694        0x4 00
                0x20000698                _edata = .

.bss            0x20000698      0x860 load address 0x0801bdc8
 *(.shbss)
 *(.bss .bss.* .gnu.linkonce.b.*)
 .bss           0x20000698        0x1 /home/laurence/CodeSourcery/Sourcery_G++_Lite/bin/../lib/gcc/arm-none-eabi/4.5.2/thumb2/crtbegin.o
 *fill*         0x20000699        0x3 00
 .bss           0x2000069c       0x18 Sensors/ppg.o
 .bss           0x200006b4       0x34 Sensors/pressure.o
 .bss           0x200006e8        0x4 Util/USB/mass_mal.o
                0x200006e8                Status
 .bss           0x200006ec       0x1c Util/USB/memory.o
                0x200006ec                TransferState
                0x200006f8                Block_Read_count
                0x200006fc                Counter
 .bss           0x20000708       0x10 Util/USB/scsi_data.o
                0x20000708                Page00_Inquiry_Data
                0x20000710                ReadCapacity10_Data
 .bss           0x20000718        0x1 Util/USB/usb_istr.o
                0x20000718                bIntPackSOF
 *fill*         0x20000719        0x3 00
 .bss           0x2000071c        0x4 Util/USB/usb_prop.o
                0x2000071c                Max_Lun
 .bss           0x20000720        0x4 Util/USB/usb_pwr.o
                0x20000720                bDeviceState
 .bss           0x20000724        0x8 Util/fat_fs/src/ff.o
 .bss           0x2000072c       0x10 Util/fat_fs/src/sd_spi_stm32.o
 .bss           0x2000073c       0x84 Util/rprintf.o
 .bss           0x200007c0        0x3 i2c_int.o
 *fill*         0x200007c3        0x1 00
 .bss           0x200007c4       0x18 interrupts.o
 .bss           0x200007dc      0x234 main.o
                0x20000a0c                file_opened
 .bss           0x20000a10        0x1 lib/STM32_USB-FS-Device_Driver/libstm32usb.a(usb_core.o)
                0x20000a10                Data_Mul_MaxPacketSize
 *fill*         0x20000a11        0x3 00
 .bss           0x20000a14       0x34 /home/laurence/CodeSourcery/Sourcery_G++_Lite/bin/../lib/gcc/arm-none-eabi/4.5.2/../../../../arm-none-eabi/lib/thumb2/libc.a(lib_a-mallocr.o)
                0x20000a14                __malloc_top_pad
                0x20000a18                __malloc_current_mallinfo
                0x20000a40                __malloc_max_sbrked_mem
                0x20000a44                __malloc_max_total_mem
 *(COMMON)
 COMMON         0x20000a48        0xc Sensors/ppg.o
                0x20000a48                Last_PPG_Values
 COMMON         0x20000a54        0x4 Sensors/pressure.o
                0x20000a54                pressure_offset
 COMMON         0x20000a58        0x2 Sensors/temperature.o
                0x20000a58                TMP102_Data_Buffer
 *fill*         0x20000a5a        0x2 00
 COMMON         0x20000a5c       0x1c Util/USB/mass_mal.o
                0x20000a5c                Mass_Memory_Size
                0x20000a64                Mass_Block_Size
                0x20000a6c                Mass_Block_Count
                0x20000a74                Data_Buffer
 COMMON         0x20000a78        0x8 Util/USB/memory.o
                0x20000a78                Block_offset
                0x20000a7c                Idx
 COMMON         0x20000a80       0x7c Util/USB/usb_bot.o
                0x20000a80                CBW
                0x20000aa0                Data_Len
                0x20000aa2                Bot_State
                0x20000aa4                SCSI_LBA
                0x20000aa8                CSW
                0x20000ab8                SCSI_BlkLen
                0x20000abc                Bulk_Data_Buff
 COMMON         0x20000afc        0x2 Util/USB/usb_istr.o
                0x20000afc                wIstr
 *fill*         0x20000afe        0x2 00
 COMMON         0x20000b00        0x2 Util/USB/usb_pwr.o
                0x20000b00                ResumeS
 *fill*         0x20000b02        0x2 00
 COMMON         0x20000b04        0x4 adc.o
                0x20000b04                ADC1_Convertion_buff
 COMMON         0x20000b08        0x1 gpio.o
                0x20000b08                bootsource
 *fill*         0x20000b09        0x3 00
 COMMON         0x20000b0c        0xd i2c_int.o
                0x20000b0c                I2C1error
                0x20000b10                Jobs
                0x20000b14                Completed_Jobs
                0x20000b18                job
 COMMON         0x20000b19        0x1 interrupts.o
                0x20000b19                Button_hold_tim
 *fill*         0x20000b1a        0x2 00
 COMMON         0x20000b1c      0x398 main.o
                0x20000b1c                Pressure_control
                0x20000b20                Temperatures_Buffer
                0x20000b2c                pressure_setpoint
                0x20000b30                f_err_code
                0x20000b34                Device_Temperature
                0x20000b38                Buff
                0x20000b50                System_state_Global
                0x20000b54                Millis
                0x20000b58                Sensors
                0x20000b5c                FATFS_info
                0x20000b7c                Pressures_Buffer
                0x20000b88                print_string
                0x20000c88                a
                0x20000c8c                reported_pressure
                0x20000c90                FATFS_logfile
 COMMON         0x20000eb4        0x2 lib/STM32_USB-FS-Device_Driver/libstm32usb.a(usb_core.o)
                0x20000eb4                StatusInfo
 *fill*         0x20000eb6        0x2 00
 COMMON         0x20000eb8       0x32 lib/STM32_USB-FS-Device_Driver/libstm32usb.a(usb_init.o)
                0x20000eb8                SaveState
                0x20000ebc                pProperty
                0x20000ec0                EPindex
                0x20000ec4                Device_Info
                0x20000ee0                pUser_Standard_Requests
                0x20000ee4                pInformation
                0x20000ee8                wInterrupt_Mask
 COMMON         0x20000eea        0x4 lib/STM32_USB-FS-Device_Driver/libstm32usb.a(usb_int.o)
                0x20000eea                SaveRState
                0x20000eec                SaveTState
 *fill*         0x20000eee        0x2 00
 COMMON         0x20000ef0        0x4 /home/laurence/CodeSourcery/Sourcery_G++_Lite/bin/../lib/gcc/arm-none-eabi/4.5.2/../../../../arm-none-eabi/lib/thumb2/libc.a(lib_a-reent.o)
                0x20000ef0                errno
 *(.ram.b)
                0x20000ef8                . = ALIGN (0x8)
 *fill*         0x20000ef4        0x4 00
                0x20000ef8                _end = .
                0x20000ef8                __end = .
                0x20005000                __cs3_region_end_ram = (__cs3_region_start_ram + 0x5000)
                0x00005000                __cs3_region_size_ram = 0x5000
                0x0801b730                __cs3_region_init_ram = LOADADDR (.data)
                0x00000698                __cs3_region_init_size_ram = (_edata - ADDR (.data))
                0x00000860                __cs3_region_zero_size_ram = (_end - _edata)
                0x00000001                __cs3_region_num = 0x1

.stab
 *(.stab)

.stabstr
 *(.stabstr)

.debug
 *(.debug)

.line
 *(.line)

.debug_srcinfo
 *(.debug_srcinfo)

.debug_sfnames
 *(.debug_sfnames)

.comment        0x00000000       0x2a
 .comment       0x00000000       0x2a Sensors/ppg.o
                                 0x2b (size before relaxing)
 .comment       0x00000000       0x2b Sensors/pressure.o
 .comment       0x00000000       0x2b Sensors/temperature.o
 .comment       0x00000000       0x2b Util/USB/hw_config.o
 .comment       0x00000000       0x2b Util/USB/mass_mal.o
 .comment       0x00000000       0x2b Util/USB/memory.o
 .comment       0x00000000       0x2b Util/USB/scsi_data.o
 .comment       0x00000000       0x2b Util/USB/usb_bot.o
 .comment       0x00000000       0x2b Util/USB/usb_desc.o
 .comment       0x00000000       0x2b Util/USB/usb_endp.o
 .comment       0x00000000       0x2b Util/USB/usb_istr.o
 .comment       0x00000000       0x2b Util/USB/usb_prop.o
 .comment       0x00000000       0x2b Util/USB/usb_pwr.o
 .comment       0x00000000       0x2b Util/USB/usb_scsi.o
 .comment       0x00000000       0x2b Util/buffer.o
 .comment       0x00000000       0x2b Util/delay.o
 .comment       0x00000000       0x2b Util/fat_fs/option/cc932.o
 .comment       0x00000000       0x2b Util/fat_fs/option/syscall.o
 .comment       0x00000000       0x2b Util/fat_fs/src/fattime.o
 .comment       0x00000000       0x2b Util/fat_fs/src/ff.o
 .comment       0x00000000       0x2b Util/fat_fs/src/rtc.o
 .comment       0x00000000       0x2b Util/fat_fs/src/sd_spi_stm32.o
 .comment       0x00000000       0x2b Util/rprintf.o
 .comment       0x00000000       0x2b Util/stm32_eval_spi_sd.o
 .comment       0x00000000       0x2b adc.o
 .comment       0x00000000       0x2b gpio.o
 .comment       0x00000000       0x2b i2c_int.o
 .comment       0x00000000       0x2b interrupts.o
 .comment       0x00000000       0x2b lib/CMSIS_CM3/core_cm3.o
 .comment       0x00000000       0x2b lib/CMSIS_CM3/system_stm32f10x.o
 .comment       0x00000000       0x2b main.o
 .comment       0x00000000       0x2b pwr.o
 .comment       0x00000000       0x2b timer.o
 .comment       0x00000000       0x2b usart.o
 .comment       0x00000000       0x2b lib/STM32F10x_StdPeriph_Driver/libstm32fw.a(misc.o)
 .comment       0x00000000       0x2b lib/STM32F10x_StdPeriph_Driver/libstm32fw.a(stm32f10x_adc.o)
 .comment       0x00000000       0x2b lib/STM32F10x_StdPeriph_Driver/libstm32fw.a(stm32f10x_bkp.o)
 .comment       0x00000000       0x2b lib/STM32F10x_StdPeriph_Driver/libstm32fw.a(stm32f10x_dma.o)
 .comment       0x00000000       0x2b lib/STM32F10x_StdPeriph_Driver/libstm32fw.a(stm32f10x_exti.o)
 .comment       0x00000000       0x2b lib/STM32F10x_StdPeriph_Driver/libstm32fw.a(stm32f10x_gpio.o)
 .comment       0x00000000       0x2b lib/STM32F10x_StdPeriph_Driver/libstm32fw.a(stm32f10x_i2c.o)
 .comment       0x00000000       0x2b lib/STM32F10x_StdPeriph_Driver/libstm32fw.a(stm32f10x_pwr.o)
 .comment       0x00000000       0x2b lib/STM32F10x_StdPeriph_Driver/libstm32fw.a(stm32f10x_rcc.o)
 .comment       0x00000000       0x2b lib/STM32F10x_StdPeriph_Driver/libstm32fw.a(stm32f10x_rtc.o)
 .comment       0x00000000       0x2b lib/STM32F10x_StdPeriph_Driver/libstm32fw.a(stm32f10x_spi.o)
 .comment       0x00000000       0x2b lib/STM32F10x_StdPeriph_Driver/libstm32fw.a(stm32f10x_tim.o)
 .comment       0x00000000       0x2b lib/STM32F10x_StdPeriph_Driver/libstm32fw.a(stm32f10x_usart.o)
 .comment       0x00000000       0x2b lib/STM32_USB-FS-Device_Driver/libstm32usb.a(usb_core.o)
 .comment       0x00000000       0x2b lib/STM32_USB-FS-Device_Driver/libstm32usb.a(usb_init.o)
 .comment       0x00000000       0x2b lib/STM32_USB-FS-Device_Driver/libstm32usb.a(usb_int.o)
 .comment       0x00000000       0x2b lib/STM32_USB-FS-Device_Driver/libstm32usb.a(usb_mem.o)
 .comment       0x00000000       0x2b lib/STM32_USB-FS-Device_Driver/libstm32usb.a(usb_regs.o)
 .comment       0x00000000       0x2b lib/STM32_USB-FS-Device_Driver/libstm32usb.a(usb_sil.o)

.debug_aranges  0x00000000      0x408
 *(.debug_aranges)
 .debug_aranges
                0x00000000       0x20 Sensors/ppg.o
 .debug_aranges
                0x00000020       0x20 Sensors/pressure.o
 .debug_aranges
                0x00000040       0x20 Sensors/temperature.o
 .debug_aranges
                0x00000060       0x20 Util/USB/hw_config.o
 .debug_aranges
                0x00000080       0x20 Util/USB/mass_mal.o
 .debug_aranges
                0x000000a0       0x20 Util/USB/memory.o
 .debug_aranges
                0x000000c0       0x20 Util/USB/usb_bot.o
 .debug_aranges
                0x000000e0       0x20 Util/USB/usb_endp.o
 .debug_aranges
                0x00000100       0x20 Util/USB/usb_istr.o
 .debug_aranges
                0x00000120       0x20 Util/USB/usb_prop.o
 .debug_aranges
                0x00000140       0x20 Util/USB/usb_pwr.o
 .debug_aranges
                0x00000160       0x20 Util/USB/usb_scsi.o
 .debug_aranges
                0x00000180       0x20 Util/buffer.o
 .debug_aranges
                0x000001a0       0x20 Util/delay.o
 .debug_aranges
                0x000001c0       0x20 Util/fat_fs/option/cc932.o
 .debug_aranges
                0x000001e0       0x20 Util/fat_fs/src/fattime.o
 .debug_aranges
                0x00000200       0x20 Util/fat_fs/src/ff.o
 .debug_aranges
                0x00000220       0x20 Util/fat_fs/src/rtc.o
 .debug_aranges
                0x00000240       0x20 Util/fat_fs/src/sd_spi_stm32.o
 .debug_aranges
                0x00000260       0x20 Util/rprintf.o
 .debug_aranges
                0x00000280       0x20 Util/stm32_eval_spi_sd.o
 .debug_aranges
                0x000002a0       0x20 adc.o
 .debug_aranges
                0x000002c0       0x20 gpio.o
 .debug_aranges
                0x000002e0       0x20 i2c_int.o
 .debug_aranges
                0x00000300       0x20 interrupts.o
 .debug_aranges
                0x00000320       0x20 lib/CMSIS_CM3/core_cm3.o
 .debug_aranges
                0x00000340       0x28 lib/CMSIS_CM3/startup/gcc/startup_stm32f10x_md.o
 .debug_aranges
                0x00000368       0x20 lib/CMSIS_CM3/system_stm32f10x.o
 .debug_aranges
                0x00000388       0x20 main.o
 .debug_aranges
                0x000003a8       0x20 pwr.o
 .debug_aranges
                0x000003c8       0x20 timer.o
 .debug_aranges
                0x000003e8       0x20 usart.o

.debug_pubnames
                0x00000000     0x16ad
 *(.debug_pubnames)
 .debug_pubnames
                0x00000000       0x87 Sensors/ppg.o
 .debug_pubnames
                0x00000087       0x6a Sensors/pressure.o
 .debug_pubnames
                0x000000f1       0x56 Sensors/temperature.o
 .debug_pubnames
                0x00000147      0x113 Util/USB/hw_config.o
 .debug_pubnames
                0x0000025a       0xa5 Util/USB/mass_mal.o
 .debug_pubnames
                0x000002ff       0x7f Util/USB/memory.o
 .debug_pubnames
                0x0000037e       0xd2 Util/USB/scsi_data.o
 .debug_pubnames
                0x00000450       0xd9 Util/USB/usb_bot.o
 .debug_pubnames
                0x00000529       0xb8 Util/USB/usb_desc.o
 .debug_pubnames
                0x000005e1       0x3b Util/USB/usb_endp.o
 .debug_pubnames
                0x0000061c       0x56 Util/USB/usb_istr.o
 .debug_pubnames
                0x00000672      0x1f6 Util/USB/usb_prop.o
 .debug_pubnames
                0x00000868       0x83 Util/USB/usb_pwr.o
 .debug_pubnames
                0x000008eb      0x195 Util/USB/usb_scsi.o
 .debug_pubnames
                0x00000a80       0x48 Util/buffer.o
 .debug_pubnames
                0x00000ac8       0x1c Util/delay.o
 .debug_pubnames
                0x00000ae4       0x31 Util/fat_fs/option/cc932.o
 .debug_pubnames
                0x00000b15       0x22 Util/fat_fs/src/fattime.o
 .debug_pubnames
                0x00000b37      0x14a Util/fat_fs/src/ff.o
 .debug_pubnames
                0x00000c81       0x55 Util/fat_fs/src/rtc.o
 .debug_pubnames
                0x00000cd6       0x75 Util/fat_fs/src/sd_spi_stm32.o
 .debug_pubnames
                0x00000d4b       0xf9 Util/rprintf.o
 .debug_pubnames
                0x00000e44      0x167 Util/stm32_eval_spi_sd.o
 .debug_pubnames
                0x00000fab       0x66 adc.o
 .debug_pubnames
                0x00001011       0x72 gpio.o
 .debug_pubnames
                0x00001083       0xc7 i2c_int.o
 .debug_pubnames
                0x0000114a      0x108 interrupts.o
 .debug_pubnames
                0x00001252      0x159 lib/CMSIS_CM3/core_cm3.o
 .debug_pubnames
                0x000013ab       0xa3 lib/CMSIS_CM3/system_stm32f10x.o
 .debug_pubnames
                0x0000144e      0x16c main.o
 .debug_pubnames
                0x000015ba       0x54 pwr.o
 .debug_pubnames
                0x0000160e       0x3b timer.o
 .debug_pubnames
                0x00001649       0x64 usart.o

.debug_info     0x00000000     0xf0c5
 *(.debug_info .gnu.linkonce.wi.*)
 .debug_info    0x00000000      0x635 Sensors/ppg.o
 .debug_info    0x00000635      0x1e1 Sensors/pressure.o
 .debug_info    0x00000816       0xfa Sensors/temperature.o
 .debug_info    0x00000910      0x731 Util/USB/hw_config.o
 .debug_info    0x00001041      0x302 Util/USB/mass_mal.o
 .debug_info    0x00001343      0x333 Util/USB/memory.o
 .debug_info    0x00001676      0x16b Util/USB/scsi_data.o
 .debug_info    0x000017e1      0x49d Util/USB/usb_bot.o
 .debug_info    0x00001c7e      0x187 Util/USB/usb_desc.o
 .debug_info    0x00001e05       0x98 Util/USB/usb_endp.o
 .debug_info    0x00001e9d      0x311 Util/USB/usb_istr.o
 .debug_info    0x000021ae      0x9b4 Util/USB/usb_prop.o
 .debug_info    0x00002b62      0x3c3 Util/USB/usb_pwr.o
 .debug_info    0x00002f25      0x899 Util/USB/usb_scsi.o
 .debug_info    0x000037be      0x194 Util/buffer.o
 .debug_info    0x00003952       0xc8 Util/delay.o
 .debug_info    0x00003a1a      0x1b9 Util/fat_fs/option/cc932.o
 .debug_info    0x00003bd3       0x77 Util/fat_fs/option/syscall.o
 .debug_info    0x00003c4a      0x15a Util/fat_fs/src/fattime.o
 .debug_info    0x00003da4     0x325b Util/fat_fs/src/ff.o
 .debug_info    0x00006fff      0x532 Util/fat_fs/src/rtc.o
 .debug_info    0x00007531     0x183f Util/fat_fs/src/sd_spi_stm32.o
 .debug_info    0x00008d70      0xe1f Util/rprintf.o
 .debug_info    0x00009b8f     0x1a18 Util/stm32_eval_spi_sd.o
 .debug_info    0x0000b5a7      0x448 adc.o
 .debug_info    0x0000b9ef      0x2a3 gpio.o
 .debug_info    0x0000bc92      0x6af i2c_int.o
 .debug_info    0x0000c341      0xea7 interrupts.o
 .debug_info    0x0000d1e8      0x547 lib/CMSIS_CM3/core_cm3.o
 .debug_info    0x0000d72f       0x79 lib/CMSIS_CM3/startup/gcc/startup_stm32f10x_md.o
 .debug_info    0x0000d7a8      0x2d0 lib/CMSIS_CM3/system_stm32f10x.o
 .debug_info    0x0000da78      0x97f main.o
 .debug_info    0x0000e3f7      0x346 pwr.o
 .debug_info    0x0000e73d      0x53f timer.o
 .debug_info    0x0000ec7c      0x449 usart.o

.debug_abbrev   0x00000000     0x3193
 *(.debug_abbrev)
 .debug_abbrev  0x00000000      0x1bc Sensors/ppg.o
 .debug_abbrev  0x000001bc      0x111 Sensors/pressure.o
 .debug_abbrev  0x000002cd       0x79 Sensors/temperature.o
 .debug_abbrev  0x00000346      0x2d3 Util/USB/hw_config.o
 .debug_abbrev  0x00000619      0x111 Util/USB/mass_mal.o
 .debug_abbrev  0x0000072a      0x110 Util/USB/memory.o
 .debug_abbrev  0x0000083a       0x5c Util/USB/scsi_data.o
 .debug_abbrev  0x00000896      0x198 Util/USB/usb_bot.o
 .debug_abbrev  0x00000a2e       0x63 Util/USB/usb_desc.o
 .debug_abbrev  0x00000a91       0x41 Util/USB/usb_endp.o
 .debug_abbrev  0x00000ad2      0x113 Util/USB/usb_istr.o
 .debug_abbrev  0x00000be5      0x1d0 Util/USB/usb_prop.o
 .debug_abbrev  0x00000db5      0x1bd Util/USB/usb_pwr.o
 .debug_abbrev  0x00000f72      0x253 Util/USB/usb_scsi.o
 .debug_abbrev  0x000011c5       0xc1 Util/buffer.o
 .debug_abbrev  0x00001286       0x7e Util/delay.o
 .debug_abbrev  0x00001304       0xd2 Util/fat_fs/option/cc932.o
 .debug_abbrev  0x000013d6       0x2c Util/fat_fs/option/syscall.o
 .debug_abbrev  0x00001402       0x97 Util/fat_fs/src/fattime.o
 .debug_abbrev  0x00001499      0x2f7 Util/fat_fs/src/ff.o
 .debug_abbrev  0x00001790      0x213 Util/fat_fs/src/rtc.o
 .debug_abbrev  0x000019a3      0x34b Util/fat_fs/src/sd_spi_stm32.o
 .debug_abbrev  0x00001cee      0x2e4 Util/rprintf.o
 .debug_abbrev  0x00001fd2      0x2e8 Util/stm32_eval_spi_sd.o
 .debug_abbrev  0x000022ba      0x143 adc.o
 .debug_abbrev  0x000023fd      0x158 gpio.o
 .debug_abbrev  0x00002555      0x1f5 i2c_int.o
 .debug_abbrev  0x0000274a      0x27f interrupts.o
 .debug_abbrev  0x000029c9       0xc1 lib/CMSIS_CM3/core_cm3.o
 .debug_abbrev  0x00002a8a       0x12 lib/CMSIS_CM3/startup/gcc/startup_stm32f10x_md.o
 .debug_abbrev  0x00002a9c      0x112 lib/CMSIS_CM3/system_stm32f10x.o
 .debug_abbrev  0x00002bae      0x23a main.o
 .debug_abbrev  0x00002de8      0x10c pwr.o
 .debug_abbrev  0x00002ef4      0x119 timer.o
 .debug_abbrev  0x0000300d      0x186 usart.o

.debug_line     0x00000000     0xbf33
 *(.debug_line)
 .debug_line    0x00000000      0x6d8 Sensors/ppg.o
 .debug_line    0x000006d8      0x320 Sensors/pressure.o
 .debug_line    0x000009f8      0x4ec Sensors/temperature.o
 .debug_line    0x00000ee4      0x5e6 Util/USB/hw_config.o
 .debug_line    0x000014ca      0x558 Util/USB/mass_mal.o
 .debug_line    0x00001a22      0x454 Util/USB/memory.o
 .debug_line    0x00001e76      0x323 Util/USB/scsi_data.o
 .debug_line    0x00002199      0x546 Util/USB/usb_bot.o
 .debug_line    0x000026df      0x2d7 Util/USB/usb_desc.o
 .debug_line    0x000029b6      0x3a4 Util/USB/usb_endp.o
 .debug_line    0x00002d5a      0x3df Util/USB/usb_istr.o
 .debug_line    0x00003139      0x493 Util/USB/usb_prop.o
 .debug_line    0x000035cc      0x43c Util/USB/usb_pwr.o
 .debug_line    0x00003a08      0x63d Util/USB/usb_scsi.o
 .debug_line    0x00004045      0x4a4 Util/buffer.o
 .debug_line    0x000044e9      0x2e7 Util/delay.o
 .debug_line    0x000047d0       0xd8 Util/fat_fs/option/cc932.o
 .debug_line    0x000048a8      0x2fc Util/fat_fs/option/syscall.o
 .debug_line    0x00004ba4      0x179 Util/fat_fs/src/fattime.o
 .debug_line    0x00004d1d     0x1c86 Util/fat_fs/src/ff.o
 .debug_line    0x000069a3      0x469 Util/fat_fs/src/rtc.o
 .debug_line    0x00006e0c      0x830 Util/fat_fs/src/sd_spi_stm32.o
 .debug_line    0x0000763c      0xce7 Util/rprintf.o
 .debug_line    0x00008323      0x98f Util/stm32_eval_spi_sd.o
 .debug_line    0x00008cb2      0x6e6 adc.o
 .debug_line    0x00009398      0x409 gpio.o
 .debug_line    0x000097a1      0x6a5 i2c_int.o
 .debug_line    0x00009e46      0x794 interrupts.o
 .debug_line    0x0000a5da      0x198 lib/CMSIS_CM3/core_cm3.o
 .debug_line    0x0000a772       0x84 lib/CMSIS_CM3/startup/gcc/startup_stm32f10x_md.o
 .debug_line    0x0000a7f6      0x320 lib/CMSIS_CM3/system_stm32f10x.o
 .debug_line    0x0000ab16      0x7e0 main.o
 .debug_line    0x0000b2f6      0x37d pwr.o
 .debug_line    0x0000b673      0x347 timer.o
 .debug_line    0x0000b9ba      0x579 usart.o

.debug_frame    0x00000000     0x1f30
 *(.debug_frame)
 .debug_frame   0x00000000       0x94 Sensors/ppg.o
 .debug_frame   0x00000094       0x8c Sensors/pressure.o
 .debug_frame   0x00000120       0x40 Sensors/temperature.o
 .debug_frame   0x00000160       0xec Util/USB/hw_config.o
 .debug_frame   0x0000024c       0x80 Util/USB/mass_mal.o
 .debug_frame   0x000002cc       0x50 Util/USB/memory.o
 .debug_frame   0x0000031c       0xc0 Util/USB/usb_bot.o
 .debug_frame   0x000003dc       0x30 Util/USB/usb_endp.o
 .debug_frame   0x0000040c       0x2c Util/USB/usb_istr.o
 .debug_frame   0x00000438      0x11c Util/USB/usb_prop.o
 .debug_frame   0x00000554       0x94 Util/USB/usb_pwr.o
 .debug_frame   0x000005e8      0x180 Util/USB/usb_scsi.o
 .debug_frame   0x00000768       0x64 Util/buffer.o
 .debug_frame   0x000007cc       0x24 Util/delay.o
 .debug_frame   0x000007f0       0x3c Util/fat_fs/option/cc932.o
 .debug_frame   0x0000082c       0x2c Util/fat_fs/src/fattime.o
 .debug_frame   0x00000858      0x564 Util/fat_fs/src/ff.o
 .debug_frame   0x00000dbc       0x84 Util/fat_fs/src/rtc.o
 .debug_frame   0x00000e40      0x12c Util/fat_fs/src/sd_spi_stm32.o
 .debug_frame   0x00000f6c      0x1d4 Util/rprintf.o
 .debug_frame   0x00001140      0x25c Util/stm32_eval_spi_sd.o
 .debug_frame   0x0000139c       0x78 adc.o
 .debug_frame   0x00001414       0x78 gpio.o
 .debug_frame   0x0000148c       0xa0 i2c_int.o
 .debug_frame   0x0000152c      0x118 interrupts.o
 .debug_frame   0x00001644      0x170 lib/CMSIS_CM3/core_cm3.o
 .debug_frame   0x000017b4       0x24 lib/CMSIS_CM3/system_stm32f10x.o
 .debug_frame   0x000017d8       0x90 main.o
 .debug_frame   0x00001868       0x70 pwr.o
 .debug_frame   0x000018d8       0x64 timer.o
 .debug_frame   0x0000193c       0x78 usart.o
 .debug_frame   0x000019b4       0x2c /home/laurence/CodeSourcery/Sourcery_G++_Lite/bin/../lib/gcc/arm-none-eabi/4.5.2/../../../../arm-none-eabi/lib/thumb2/libm.a(lib_a-sf_sin.o)
 .debug_frame   0x000019e0       0x38 /home/laurence/CodeSourcery/Sourcery_G++_Lite/bin/../lib/gcc/arm-none-eabi/4.5.2/../../../../arm-none-eabi/lib/thumb2/libm.a(lib_a-w_sqrt.o)
 .debug_frame   0x00001a18       0x30 /home/laurence/CodeSourcery/Sourcery_G++_Lite/bin/../lib/gcc/arm-none-eabi/4.5.2/../../../../arm-none-eabi/lib/thumb2/libm.a(lib_a-wf_asin.o)
 .debug_frame   0x00001a48       0x34 /home/laurence/CodeSourcery/Sourcery_G++_Lite/bin/../lib/gcc/arm-none-eabi/4.5.2/../../../../arm-none-eabi/lib/thumb2/libm.a(lib_a-e_sqrt.o)
 .debug_frame   0x00001a7c       0x34 /home/laurence/CodeSourcery/Sourcery_G++_Lite/bin/../lib/gcc/arm-none-eabi/4.5.2/../../../../arm-none-eabi/lib/thumb2/libm.a(lib_a-ef_asin.o)
 .debug_frame   0x00001ab0       0x3c /home/laurence/CodeSourcery/Sourcery_G++_Lite/bin/../lib/gcc/arm-none-eabi/4.5.2/../../../../arm-none-eabi/lib/thumb2/libm.a(lib_a-ef_rem_pio2.o)
 .debug_frame   0x00001aec       0x2c /home/laurence/CodeSourcery/Sourcery_G++_Lite/bin/../lib/gcc/arm-none-eabi/4.5.2/../../../../arm-none-eabi/lib/thumb2/libm.a(lib_a-ef_sqrt.o)
 .debug_frame   0x00001b18       0x34 /home/laurence/CodeSourcery/Sourcery_G++_Lite/bin/../lib/gcc/arm-none-eabi/4.5.2/../../../../arm-none-eabi/lib/thumb2/libm.a(lib_a-kf_cos.o)
 .debug_frame   0x00001b4c       0x3c /home/laurence/CodeSourcery/Sourcery_G++_Lite/bin/../lib/gcc/arm-none-eabi/4.5.2/../../../../arm-none-eabi/lib/thumb2/libm.a(lib_a-kf_rem_pio2.o)
 .debug_frame   0x00001b88       0x34 /home/laurence/CodeSourcery/Sourcery_G++_Lite/bin/../lib/gcc/arm-none-eabi/4.5.2/../../../../arm-none-eabi/lib/thumb2/libm.a(lib_a-kf_sin.o)
 .debug_frame   0x00001bbc       0x28 /home/laurence/CodeSourcery/Sourcery_G++_Lite/bin/../lib/gcc/arm-none-eabi/4.5.2/../../../../arm-none-eabi/lib/thumb2/libm.a(lib_a-s_fpclassify.o)
 .debug_frame   0x00001be4       0x20 /home/laurence/CodeSourcery/Sourcery_G++_Lite/bin/../lib/gcc/arm-none-eabi/4.5.2/../../../../arm-none-eabi/lib/thumb2/libm.a(lib_a-s_matherr.o)
 .debug_frame   0x00001c04       0x20 /home/laurence/CodeSourcery/Sourcery_G++_Lite/bin/../lib/gcc/arm-none-eabi/4.5.2/../../../../arm-none-eabi/lib/thumb2/libm.a(lib_a-s_nan.o)
 .debug_frame   0x00001c24       0x20 /home/laurence/CodeSourcery/Sourcery_G++_Lite/bin/../lib/gcc/arm-none-eabi/4.5.2/../../../../arm-none-eabi/lib/thumb2/libm.a(lib_a-sf_fabs.o)
 .debug_frame   0x00001c44       0x30 /home/laurence/CodeSourcery/Sourcery_G++_Lite/bin/../lib/gcc/arm-none-eabi/4.5.2/../../../../arm-none-eabi/lib/thumb2/libm.a(lib_a-sf_floor.o)