Archive member included because of file (symbol)

lib/STM32F10x_StdPeriph_Driver/libstm32fw.a(misc.o)
                              interrupts.o (NVIC_PriorityGroupConfig)
lib/STM32F10x_StdPeriph_Driver/libstm32fw.a(stm32f10x_adc.o)
                              adc.o (ADC_DeInit)
lib/STM32F10x_StdPeriph_Driver/libstm32fw.a(stm32f10x_bkp.o)
                              Util/fat_fs/src/rtc.o (BKP_DeInit)
lib/STM32F10x_StdPeriph_Driver/libstm32fw.a(stm32f10x_dbgmcu.o)
                              main.o (DBGMCU_Config)
lib/STM32F10x_StdPeriph_Driver/libstm32fw.a(stm32f10x_dma.o)
                              Util/fat_fs/src/sd_spi_stm32.o (DMA_DeInit)
lib/STM32F10x_StdPeriph_Driver/libstm32fw.a(stm32f10x_exti.o)
                              interrupts.o (EXTI_DeInit)
lib/STM32F10x_StdPeriph_Driver/libstm32fw.a(stm32f10x_gpio.o)
                              Util/fat_fs/src/sd_spi_stm32.o (GPIO_Init)
lib/STM32F10x_StdPeriph_Driver/libstm32fw.a(stm32f10x_i2c.o)
                              i2c_int.o (I2C_DeInit)
lib/STM32F10x_StdPeriph_Driver/libstm32fw.a(stm32f10x_iwdg.o)
                              watchdog.o (IWDG_WriteAccessCmd)
lib/STM32F10x_StdPeriph_Driver/libstm32fw.a(stm32f10x_pwr.o)
                              pwr.o (PWR_DeInit)
lib/STM32F10x_StdPeriph_Driver/libstm32fw.a(stm32f10x_rcc.o)
                              interrupts.o (RCC_HCLKConfig)
lib/STM32F10x_StdPeriph_Driver/libstm32fw.a(stm32f10x_rtc.o)
                              Util/fat_fs/src/rtc.o (RTC_GetCounter)
lib/STM32F10x_StdPeriph_Driver/libstm32fw.a(stm32f10x_spi.o)
                              Util/fat_fs/src/sd_spi_stm32.o (SPI_I2S_DeInit)
lib/STM32F10x_StdPeriph_Driver/libstm32fw.a(stm32f10x_tim.o)
                              timer.o (TIM_DeInit)
lib/STM32F10x_StdPeriph_Driver/libstm32fw.a(stm32f10x_usart.o)
                              usart.o (USART_Init)
lib/STM32_USB-FS-Device_Driver/libstm32usb.a(usb_core.o)
                              Util/USB/usb_prop.o (Standard_GetDescriptorData)
lib/STM32_USB-FS-Device_Driver/libstm32usb.a(usb_init.o)
                              main.o (USB_Init)
lib/STM32_USB-FS-Device_Driver/libstm32usb.a(usb_int.o)
                              Util/USB/usb_istr.o (CTR_LP)
lib/STM32_USB-FS-Device_Driver/libstm32usb.a(usb_mem.o)
                              lib/STM32_USB-FS-Device_Driver/libstm32usb.a(usb_core.o) (UserToPMABufferCopy)
lib/STM32_USB-FS-Device_Driver/libstm32usb.a(usb_regs.o)
                              Util/USB/usb_prop.o (SetBTABLE)
lib/STM32_USB-FS-Device_Driver/libstm32usb.a(usb_sil.o)
                              Util/USB/usb_prop.o (USB_SIL_Init)
/home/laurence/CodeSourcery/Sourcery_G++_Lite/bin/../lib/gcc/arm-none-eabi/4.5.2/../../../../arm-none-eabi/lib/thumb2/libm.a(lib_a-sf_sin.o)
                              Sensors/ppg_new.o (sinf)
/home/laurence/CodeSourcery/Sourcery_G++_Lite/bin/../lib/gcc/arm-none-eabi/4.5.2/../../../../arm-none-eabi/lib/thumb2/libm.a(lib_a-wf_asin.o)
                              Sensors/ppg_new.o (asinf)
/home/laurence/CodeSourcery/Sourcery_G++_Lite/bin/../lib/gcc/arm-none-eabi/4.5.2/../../../../arm-none-eabi/lib/thumb2/libm.a(lib_a-wf_sqrt.o)
                              Sensors/ppg_new.o (sqrtf)
/home/laurence/CodeSourcery/Sourcery_G++_Lite/bin/../lib/gcc/arm-none-eabi/4.5.2/../../../../arm-none-eabi/lib/thumb2/libm.a(lib_a-ef_asin.o)
                              /home/laurence/CodeSourcery/Sourcery_G++_Lite/bin/../lib/gcc/arm-none-eabi/4.5.2/../../../../arm-none-eabi/lib/thumb2/libm.a(lib_a-wf_asin.o) (__ieee754_asinf)
/home/laurence/CodeSourcery/Sourcery_G++_Lite/bin/../lib/gcc/arm-none-eabi/4.5.2/../../../../arm-none-eabi/lib/thumb2/libm.a(lib_a-ef_rem_pio2.o)
                              /home/laurence/CodeSourcery/Sourcery_G++_Lite/bin/../lib/gcc/arm-none-eabi/4.5.2/../../../../arm-none-eabi/lib/thumb2/libm.a(lib_a-sf_sin.o) (__ieee754_rem_pio2f)
/home/laurence/CodeSourcery/Sourcery_G++_Lite/bin/../lib/gcc/arm-none-eabi/4.5.2/../../../../arm-none-eabi/lib/thumb2/libm.a(lib_a-ef_sqrt.o)
                              /home/laurence/CodeSourcery/Sourcery_G++_Lite/bin/../lib/gcc/arm-none-eabi/4.5.2/../../../../arm-none-eabi/lib/thumb2/libm.a(lib_a-wf_sqrt.o) (__ieee754_sqrtf)
/home/laurence/CodeSourcery/Sourcery_G++_Lite/bin/../lib/gcc/arm-none-eabi/4.5.2/../../../../arm-none-eabi/lib/thumb2/libm.a(lib_a-kf_cos.o)
                              /home/laurence/CodeSourcery/Sourcery_G++_Lite/bin/../lib/gcc/arm-none-eabi/4.5.2/../../../../arm-none-eabi/lib/thumb2/libm.a(lib_a-sf_sin.o) (__kernel_cosf)
/home/laurence/CodeSourcery/Sourcery_G++_Lite/bin/../lib/gcc/arm-none-eabi/4.5.2/../../../../arm-none-eabi/lib/thumb2/libm.a(lib_a-kf_rem_pio2.o)
                              /home/laurence/CodeSourcery/Sourcery_G++_Lite/bin/../lib/gcc/arm-none-eabi/4.5.2/../../../../arm-none-eabi/lib/thumb2/libm.a(lib_a-ef_rem_pio2.o) (__kernel_rem_pio2f)
[...]
Memory Configuration

Name             Origin             Length             Attributes
ram              0x20000000         0x00005000         xrw
rom              0x08000000         0x00020000         xr
*default*        0x00000000         0xffffffff

Linker script and memory map

LOAD /home/laurence/CodeSourcery/Sourcery_G++_Lite/bin/../lib/gcc/arm-none-eabi/4.5.2/thumb2/crti.o
LOAD /home/laurence/CodeSourcery/Sourcery_G++_Lite/bin/../lib/gcc/arm-none-eabi/4.5.2/thumb2/crtbegin.o
LOAD Sensors/ppg_new.o
LOAD Sensors/pressure.o
LOAD Sensors/temperature.o
LOAD Util/USB/hw_config.o
LOAD Util/USB/mass_mal.o
LOAD Util/USB/memory.o
LOAD Util/USB/scsi_data.o
LOAD Util/USB/usb_bot.o
LOAD Util/USB/usb_desc.o
LOAD Util/USB/usb_endp.o
LOAD Util/USB/usb_istr.o
LOAD Util/USB/usb_prop.o
LOAD Util/USB/usb_pwr.o
LOAD Util/USB/usb_scsi.o
LOAD Util/buffer.o
LOAD Util/delay.o
LOAD Util/fat_fs/option/cc932.o
LOAD Util/fat_fs/option/syscall.o
LOAD Util/fat_fs/src/fattime.o
LOAD Util/fat_fs/src/ff.o
LOAD Util/fat_fs/src/rtc.o
LOAD Util/fat_fs/src/sd_spi_stm32.o
LOAD Util/rprintf.o
LOAD adc.o
LOAD gpio.o
LOAD i2c_int.o
LOAD interrupts.o
LOAD lib/CMSIS_CM3/core_cm3.o
LOAD lib/CMSIS_CM3/startup/gcc/startup_stm32f10x_md.o
LOAD lib/CMSIS_CM3/system_stm32f10x.o
LOAD main.o
LOAD pwr.o
LOAD timer.o
LOAD usart.o
LOAD watchdog.o
LOAD lib/STM32F10x_StdPeriph_Driver/libstm32fw.a
LOAD lib/STM32_USB-FS-Device_Driver/libstm32usb.a
LOAD /home/laurence/CodeSourcery/Sourcery_G++_Lite/bin/../lib/gcc/arm-none-eabi/4.5.2/../../../../arm-none-eabi/lib/thumb2/libm.a
START GROUP
LOAD /home/laurence/CodeSourcery/Sourcery_G++_Lite/bin/../lib/gcc/arm-none-eabi/4.5.2/thumb2/libgcc.a
LOAD /home/laurence/CodeSourcery/Sourcery_G++_Lite/bin/../lib/gcc/arm-none-eabi/4.5.2/../../../../arm-none-eabi/lib/thumb2/libc.a
END GROUP
LOAD /home/laurence/CodeSourcery/Sourcery_G++_Lite/bin/../lib/gcc/arm-none-eabi/4.5.2/thumb2/crtend.o
LOAD /home/laurence/CodeSourcery/Sourcery_G++_Lite/bin/../lib/gcc/arm-none-eabi/4.5.2/thumb2/crtn.o
START GROUP
LOAD /home/laurence/CodeSourcery/Sourcery_G++_Lite/bin/../lib/gcc/arm-none-eabi/4.5.2/thumb2/libgcc.a
LOAD /home/laurence/CodeSourcery/Sourcery_G++_Lite/bin/../lib/gcc/arm-none-eabi/4.5.2/../../../../arm-none-eabi/lib/thumb2/libc.a
LOAD /home/laurence/CodeSourcery/Sourcery_G++_Lite/bin/../lib/gcc/arm-none-eabi/4.5.2/../../../../arm-none-eabi/lib/thumb2/libcs3.a
LOAD /home/laurence/CodeSourcery/Sourcery_G++_Lite/bin/../lib/gcc/arm-none-eabi/4.5.2/../../../../arm-none-eabi/lib/thumb2/libcs3unhosted.a
LOAD lib/libcs3-lanchon-stm32.a
END GROUP
                0x20005000                PROVIDE (__cs3_stack, (__cs3_region_start_ram + __cs3_region_size_ram))
                0x20001000                PROVIDE (__cs3_heap_start, _end)
                0x20005000                PROVIDE (__cs3_heap_end, (__cs3_region_start_ram + __cs3_region_size_ram))

.text           0x08000000    0x1ba88
 CREATE_OBJECT_SYMBOLS
                0x08000000                __cs3_region_start_rom = .
 *(.cs3.region-head.rom)
                0x08000000                __cs3_interrupt_vector = __cs3_interrupt_vector_lanchon_stm32
 *(.cs3.interrupt_vector)
 .cs3.interrupt_vector
                0x08000000       0xec lib/libcs3-lanchon-stm32.a(lanchon-stm32-vector.o)
                0x08000000                __cs3_interrupt_vector_lanchon_stm32
                0x08000001                ASSERT ((. != __cs3_interrupt_vector_lanchon_stm32), No interrupt vector)
 *(.rom)
 *(.rom.b)
                0x08013bdc                PROVIDE (__cs3_reset_lanchon_stm32, _start)
                0x08013bdc                __cs3_reset = __cs3_reset_lanchon_stm32
 *(.cs3.reset)
 *(.text .text.* .gnu.linkonce.t.*)
 .text          0x080000ec       0x30 /home/laurence/CodeSourcery/Sourcery_G++_Lite/bin/../lib/gcc/arm-none-eabi/4.5.2/thumb2/crtbegin.o
 *fill*         0x0800011c        0x4 00
 .text          0x08000120      0x5d0 Sensors/ppg_new.o
                0x08000120                PPG_LO_Filter
                0x08000400                PPG_Automatic_Brightness_Control
                0x08000628                PPG_correct_brightness
                0x080006b8                PWM_Linear
 .text          0x080006f0      0x258 Sensors/pressure.o
                0x080006f0                calibrate_sensor
                0x0800073c                conv_adc_diff
                0x08000774                conv_diff
                0x080007a4                filterloop
 .text          0x08000948       0x50 Sensors/temperature.o
                0x08000948                convert_die_temp
                0x08000964                convert_tmp102_temp
 .text          0x08000998      0x298 Util/USB/hw_config.o
                0x08000998                Set_System
                0x080009a0                Set_USBClock
                0x080009b8                Enter_LowPowerMode
                0x080009c4                Leave_LowPowerMode
                0x080009e4                USB_Interrupts_Config
                0x08000a20                Led_RW_ON
                0x08000a30                Led_RW_OFF
                0x08000a40                USB_Configured_LED
                0x08000a50                USB_NotConfigured_LED
                0x08000a60                USB_Cable_Config
                0x08000a64                Get_SerialNum
                0x08000c28                MAL_Config
 .text          0x08000c30      0x118 Util/USB/mass_mal.o
                0x08000c30                MAL_Init
                0x08000c7c                MAL_Write
                0x08000cb4                MAL_Read
                0x08000ce4                MAL_GetStatus
 .text          0x08000d48      0x23c Util/USB/memory.o
                0x08000d48                Read_Memory
                0x08000e88                Write_Memory
 .text          0x08000f84      0x628 Util/USB/usb_bot.o
                0x08000f84                Mass_Storage_In
                0x0800100c                CBW_Decode
                0x0800146c                Mass_Storage_Out
                0x080014fc                Transfer_Data_Request
                0x08001530                Set_CSW
                0x0800156c                Bot_Abort
 .text          0x080015ac        0x8 Util/USB/usb_endp.o
                0x080015ac                EP1_IN_Callback
                0x080015b0                EP2_OUT_Callback
 .text          0x080015b4       0xf0 Util/USB/usb_istr.o
                0x080015b4                USB_Istr
 .text          0x080016a4      0x268 Util/USB/usb_prop.o
                0x080016a4                Mass_Storage_SetDeviceAddress
                0x080016b0                MASS_Status_In
                0x080016b4                MASS_Status_Out
                0x080016b8                MASS_Get_Interface_Setting
                0x080016c8                Get_Max_Lun
                0x080016e0                MASS_Data_Setup
                0x08001724                MASS_GetStringDescriptor
                0x08001744                MASS_GetConfigDescriptor
                0x08001750                MASS_GetDeviceDescriptor
                0x0800175c                MASS_NoData_Setup
                0x080017ac                Mass_Storage_SetConfiguration
                0x080017dc                Mass_Storage_ClearFeature
                0x080017f8                MASS_Reset
                0x080018e8                MASS_init
 .text          0x0800190c      0x1c8 Util/USB/usb_pwr.o
                0x0800190c                PowerOn
                0x0800193c                PowerOff
                0x08001960                Suspend
                0x080019a4                Resume_Init
                0x080019e4                Resume
 .text          0x08001ad4      0x44c Util/USB/usb_scsi.o
                0x08001ad4                SCSI_Inquiry_Cmd
                0x08001b0c                SCSI_ReadFormatCapacity_Cmd
                0x08001b80                SCSI_ReadCapacity10_Cmd
                0x08001bfc                SCSI_ModeSense6_Cmd
                0x08001c08                SCSI_ModeSense10_Cmd
                0x08001c14                SCSI_RequestSense_Cmd
                0x08001c2c                Set_Scsi_Sense_Data
                0x08001c38                SCSI_Start_Stop_Unit_Cmd
                0x08001c40                SCSI_Read10_Cmd
                0x08001cf0                SCSI_Write10_Cmd
                0x08001d9c                SCSI_Verify10_Cmd
                0x08001ddc                SCSI_Valid_Cmd
                0x08001e14                SCSI_TestUnitReady_Cmd
                0x08001e48                SCSI_Format_Cmd
                0x08001e60                SCSI_Invalid_Cmd
                0x08001e9c                SCSI_Address_Management
 .text          0x08001f20       0x84 Util/buffer.o
                0x08001f20                Add_To_Buffer
                0x08001f54                Get_From_Buffer
                0x08001f88                Empty_Buffer
                0x08001f90                init_buffer
 .text          0x08001fa4       0x34 Util/delay.o
                0x08001fa4                Delay
 .text          0x08001fd8      0x25c Util/fat_fs/option/cc932.o
                0x08001fd8                ff_convert
                0x08002204                ff_wtoupper
 .text          0x08002234       0x48 Util/fat_fs/src/fattime.o
                0x08002234                get_fattime
 .text          0x0800227c     0x643c Util/fat_fs/src/ff.o
                0x08002b64                clust2sect
                0x08002b80                get_fat
                0x08003124                put_fat
                0x08004ec8                gen_numname
                0x08005b60                f_mount
                0x08005b80                f_open
                0x08005fec                f_read
                0x080063d4                f_write
                0x08006808                f_sync
                0x080069e0                f_close
                0x080069f0                f_lseek
                0x08006bbc                f_opendir
                0x08006c28                f_readdir
                0x08006c9c                f_stat
                0x08006ce4                f_getfree
                0x08006f48                f_truncate
                0x080070b8                f_unlink
                0x080071d0                f_mkdir
                0x080075f8                f_chmod
                0x08007654                f_utime
                0x080076b4                f_rename
                0x08007974                f_gets
                0x08007a90                f_putc
                0x08007ab4                f_puts
                0x08007af0                f_printf
 .text          0x080086b8      0x484 Util/fat_fs/src/rtc.o
                0x080086b8                rtc_gettime
                0x08008838                my_RTC_SetCounter
                0x0800885c                rtc_settime
                0x08008a90                rtc_init
 .text          0x08008b3c      0xeb0 Util/fat_fs/src/sd_spi_stm32.o
                0x08008f88                release_spi
                0x08008fbc                wrapup_transaction
                0x08008fe8                stop_cmd
                0x08008ff0                rcvr_datablock
                0x08009090                disk_initialize
                0x0800923c                disk_status
                0x0800924c                disk_read
                0x08009434                disk_write
                0x080095d4                disk_ioctl
                0x080099b0                disk_timerproc
 .text          0x080099ec     0x182c Util/rprintf.o
                0x080099ec                rprintfInit
                0x080099f8                rprintfChar
                0x08009a20                rprintfStr
                0x08009a58                rprintfStrLen
                0x08009c1c                rprintfCRLF
                0x08009c34                rprintfu04
                0x08009c60                rprintfu08
                0x08009ca8                rprintfu16
                0x08009d44                rprintfu32
                0x08009e90                rprintfNum
                0x0800a100                rprintfFloat
                0x0800a3c4                rprintf2RamRom
                0x0800b1c0                Isdigit
                0x0800b1d0                atoiRamRom
                0x0800b208                rStrLen
 .text          0x0800b218      0x240 adc.o
                0x0800b218                ADC_Configuration
                0x0800b3d8                readADC2
                0x0800b410                setADC2
                0x0800b430                getADC2
 .text          0x0800b458      0x254 gpio.o
                0x0800b458                setup_gpio
                0x0800b620                switch_leds_on
                0x0800b648                switch_leds_off
                0x0800b670                red_flash
                0x0800b6a0                get_wkup
 .text          0x0800b6ac      0x884 i2c_int.o
                0x0800b6ac                I2C1_EV_IRQHandler
                0x0800bc44                I2C1_Request_Job
                0x0800bc98                I2C1_Setup_Job
                0x0800bcac                I2C_Config
                0x0800be34                I2C1_ER_IRQHandler
 .text          0x0800bf30      0x6a8 interrupts.o
                0x0800bf30                ISR_Config
                0x0800bfac                EXTI_ONOFF_EN
                0x0800c00c                DMA_ISR_Config
                0x0800c030                DMA_ISR_Config_SPI2
                0x0800c06c                SysTick_Configuration
                0x0800c098                EXTI0_IRQHandler
                0x0800c130                DMAChannel1_IRQHandler
                0x0800c1e8                DMAChannel4_IRQHandler
                0x0800c230                ADC1_2_IRQHandler
                0x0800c2c4                SysTickHandler
                0x0800c5bc                USB_HP_CAN_TX_IRQHandler
                0x0800c5c0                USB_LP_CAN_RX0_IRQHandler
                0x0800c5c4                NMIException
                0x0800c5c8                HardFaultException
                0x0800c5cc                MemManageException
                0x0800c5d0                BusFaultException
                0x0800c5d4                UsageFaultException
 .text.Default_Handler
                0x0800c5d8        0x2 lib/CMSIS_CM3/startup/gcc/startup_stm32f10x_md.o
                0x0800c5d8                EXTI2_IRQHandler
                0x0800c5d8                DebugMon_Handler
                0x0800c5d8                TIM1_CC_IRQHandler
                0x0800c5d8                HardFault_Handler
                0x0800c5d8                SysTick_Handler
                0x0800c5d8                PVD_IRQHandler
                0x0800c5d8                PendSV_Handler
                0x0800c5d8                NMI_Handler
                0x0800c5d8                EXTI3_IRQHandler
                0x0800c5d8                I2C2_EV_IRQHandler
                0x0800c5d8                UsageFault_Handler
                0x0800c5d8                SPI1_IRQHandler
                0x0800c5d8                TAMPER_IRQHandler
                0x0800c5d8                DMA1_Channel4_IRQHandler
                0x0800c5d8                USART3_IRQHandler
                0x0800c5d8                RTC_IRQHandler
                0x0800c5d8                DMA1_Channel7_IRQHandler
                0x0800c5d8                CAN1_RX1_IRQHandler
                0x0800c5d8                TIM4_IRQHandler
                0x0800c5d8                DMA1_Channel6_IRQHandler
                0x0800c5d8                TIM3_IRQHandler
                0x0800c5d8                RCC_IRQHandler
                0x0800c5d8                TIM1_TRG_COM_IRQHandler
                0x0800c5d8                DMA1_Channel1_IRQHandler
                0x0800c5d8                Default_Handler
                0x0800c5d8                EXTI15_10_IRQHandler
                0x0800c5d8                EXTI9_5_IRQHandler
                0x0800c5d8                SPI2_IRQHandler
                0x0800c5d8                MemManage_Handler
                0x0800c5d8                SVC_Handler
                0x0800c5d8                DMA1_Channel5_IRQHandler
                0x0800c5d8                EXTI4_IRQHandler
                0x0800c5d8                USB_LP_CAN1_RX0_IRQHandler
                0x0800c5d8                USB_HP_CAN1_TX_IRQHandler
                0x0800c5d8                DMA1_Channel3_IRQHandler
                0x0800c5d8                TIM1_UP_IRQHandler
                0x0800c5d8                WWDG_IRQHandler
                0x0800c5d8                TIM2_IRQHandler
                0x0800c5d8                TIM1_BRK_IRQHandler
                0x0800c5d8                EXTI1_IRQHandler
                0x0800c5d8                RTCAlarm_IRQHandler
                0x0800c5d8                USART2_IRQHandler
                0x0800c5d8                I2C2_ER_IRQHandler
                0x0800c5d8                DMA1_Channel2_IRQHandler
                0x0800c5d8                CAN1_SCE_IRQHandler
                0x0800c5d8                FLASH_IRQHandler
                0x0800c5d8                BusFault_Handler
                0x0800c5d8                USART1_IRQHandler
                0x0800c5d8                USBWakeUp_IRQHandler
 *fill*         0x0800c5da        0x2 00
 .text          0x0800c5dc       0xfc lib/CMSIS_CM3/system_stm32f10x.o
                0x0800c5dc                SystemInit
 .text          0x0800c6d8      0x768 main.o
                0x0800c6d8                __str_print_char
                0x0800c704                __fat_print_char
                0x0800c724                main
                0x0800cda0                detect_sensors
 .text          0x0800ce40       0x70 pwr.o
                0x0800ce40                setuppwr
                0x0800ce54                shutdown
                0x0800ce64                disable_pin
                0x0800ce6c                shutdown_filesystem
 .text          0x0800ceb0      0x26c timer.o
                0x0800ceb0                setup_pwm
                0x0800d040                Tryfudge
                0x0800d0d8                Set_Motor
 .text          0x0800d11c      0x110 usart.o
                0x0800d11c                Usarts_Init
                0x0800d1c8                Default_Usart_Config
                0x0800d1e4                Usart_Send_Str
                0x0800d210                __usart_send_char
 .text          0x0800d22c       0x40 watchdog.o
                0x0800d22c                Watchdog_Config
                0x0800d258                Watchdog_Reset_Detect
 .text          0x0800d26c       0xb8 lib/STM32F10x_StdPeriph_Driver/libstm32fw.a(misc.o)
                0x0800d26c                NVIC_PriorityGroupConfig
                0x0800d280                NVIC_Init
                0x0800d2e0                NVIC_SetVectorTable
                0x0800d2f4                NVIC_SystemLPConfig
                0x0800d30c                SysTick_CLKSourceConfig
 .text          0x0800d324      0x380 lib/STM32F10x_StdPeriph_Driver/libstm32fw.a(stm32f10x_adc.o)
                0x0800d324                ADC_DeInit
                0x0800d380                ADC_Init
                0x0800d3cc                ADC_StructInit
                0x0800d3de                ADC_Cmd
                0x0800d3f2                ADC_DMACmd
                0x0800d406                ADC_ITConfig
                0x0800d41a                ADC_ResetCalibration
                0x0800d424                ADC_GetResetCalibrationStatus
                0x0800d42c                ADC_StartCalibration
                0x0800d436                ADC_GetCalibrationStatus
                0x0800d43e                ADC_SoftwareStartConvCmd
                0x0800d452                ADC_GetSoftwareStartConvStatus
                0x0800d45a                ADC_DiscModeChannelCountConfig
                0x0800d46a                ADC_DiscModeCmd
                0x0800d47e                ADC_RegularChannelConfig
                0x0800d50c                ADC_ExternalTrigConvCmd
                0x0800d520                ADC_GetConversionValue
                0x0800d526                ADC_GetDualModeConversionValue
                0x0800d530                ADC_AutoInjectedConvCmd
                0x0800d544                ADC_InjectedDiscModeCmd
                0x0800d558                ADC_ExternalTrigInjectedConvConfig
                0x0800d566                ADC_ExternalTrigInjectedConvCmd
                0x0800d57a                ADC_SoftwareStartInjectedConvCmd
                0x0800d58e                ADC_GetSoftwareStartInjectedConvCmdStatus
                0x0800d596                ADC_InjectedChannelConfig
                0x0800d5f2                ADC_InjectedSequencerLengthConfig
                0x0800d602                ADC_SetInjectedOffset
                0x0800d618                ADC_GetInjectedConversionValue
                0x0800d632                ADC_AnalogWatchdogCmd
                0x0800d644                ADC_AnalogWatchdogThresholdsConfig
                0x0800d64a                ADC_AnalogWatchdogSingleChannelConfig
                0x0800d658                ADC_TempSensorVrefintCmd
                0x0800d674                ADC_GetFlagStatus
                0x0800d680                ADC_ClearFlag
                0x0800d686                ADC_GetITStatus
                0x0800d69c                ADC_ClearITPendingBit
 .text          0x0800d6a4       0xe0 lib/STM32F10x_StdPeriph_Driver/libstm32fw.a(stm32f10x_bkp.o)
                0x0800d6a4                BKP_DeInit
                0x0800d6b6                BKP_TamperPinLevelConfig
                0x0800d6c0                BKP_TamperPinCmd
                0x0800d6cc                BKP_ITConfig
                0x0800d6d8                BKP_RTCOutputConfig
                0x0800d6f0                BKP_SetRTCCalibrationValue
                0x0800d708                BKP_WriteBackupRegister
                0x0800d724                BKP_ReadBackupRegister
                0x0800d744                BKP_GetFlagStatus
                0x0800d750                BKP_ClearFlag
                0x0800d764                BKP_GetITStatus
                0x0800d770                BKP_ClearITPendingBit
 .text          0x0800d784       0x34 lib/STM32F10x_StdPeriph_Driver/libstm32fw.a(stm32f10x_dbgmcu.o)
                0x0800d784                DBGMCU_GetREVID
                0x0800d790                DBGMCU_GetDEVID
                0x0800d7a0                DBGMCU_Config
 .text          0x0800d7b8      0x1f0 lib/STM32F10x_StdPeriph_Driver/libstm32fw.a(stm32f10x_dma.o)
                0x0800d7b8                DMA_DeInit
                0x0800d8b4                DMA_Init
                0x0800d8f4                DMA_StructInit
                0x0800d90e                DMA_Cmd
                0x0800d922                DMA_ITConfig
                0x0800d934                DMA_GetCurrDataCounter
                0x0800d93a                DMA_GetFlagStatus
                0x0800d958                DMA_ClearFlag
                0x0800d970                DMA_GetITStatus
                0x0800d990                DMA_ClearITPendingBit
 .text          0x0800d9a8      0x108 lib/STM32F10x_StdPeriph_Driver/libstm32fw.a(stm32f10x_exti.o)
                0x0800d9a8                EXTI_DeInit
                0x0800d9c4                EXTI_Init
                0x0800da48                EXTI_StructInit
                0x0800da56                EXTI_GenerateSWInterrupt
                0x0800da68                EXTI_GetFlagStatus
                0x0800da7c                EXTI_ClearFlag
                0x0800da88                EXTI_GetITStatus
                0x0800daa4                EXTI_ClearITPendingBit
 .text          0x0800dab0      0x278 lib/STM32F10x_StdPeriph_Driver/libstm32fw.a(stm32f10x_gpio.o)
                0x0800dab0                GPIO_DeInit
                0x0800db5c                GPIO_AFIODeInit
                0x0800db72                GPIO_Init
                0x0800dc0a                GPIO_StructInit
                0x0800dc1a                GPIO_ReadInputDataBit
                0x0800dc26                GPIO_ReadInputData
                0x0800dc2c                GPIO_ReadOutputDataBit
                0x0800dc38                GPIO_ReadOutputData
                0x0800dc3e                GPIO_SetBits
                0x0800dc42                GPIO_ResetBits
                0x0800dc46                GPIO_WriteBit
                0x0800dc50                GPIO_Write
                0x0800dc54                GPIO_PinLockConfig
                0x0800dc64                GPIO_EventOutputConfig
                0x0800dc84                GPIO_EventOutputCmd
                0x0800dc90                GPIO_PinRemapConfig
                0x0800dce8                GPIO_EXTILineConfig
                0x0800dd1c                GPIO_ETH_MediaInterfaceConfig
 .text          0x0800dd28      0x3b4 lib/STM32F10x_StdPeriph_Driver/libstm32fw.a(stm32f10x_i2c.o)
                0x0800dd28                I2C_DeInit
                0x0800dd5c                I2C_Init
                0x0800de2c                I2C_StructInit
                0x0800de48                I2C_Cmd
                0x0800de62                I2C_DMACmd
                0x0800de7c                I2C_DMALastTransferCmd
                0x0800de96                I2C_GenerateSTART
                0x0800deb0                I2C_GenerateSTOP
                0x0800deca                I2C_AcknowledgeConfig
                0x0800dee4                I2C_OwnAddress2Config
                0x0800defa                I2C_DualAddressCmd
                0x0800df14                I2C_GeneralCallCmd
                0x0800df2e                I2C_ITConfig
                0x0800df44                I2C_SendData
                0x0800df48                I2C_ReceiveData
                0x0800df4e                I2C_Send7bitAddress
                0x0800df5e                I2C_ReadRegister
                0x0800df76                I2C_SoftwareResetCmd
                0x0800df8e                I2C_SMBusAlertConfig
                0x0800dfac                I2C_TransmitPEC
                0x0800dfc6                I2C_PECPositionConfig
                0x0800dfe4                I2C_CalculatePEC
                0x0800dffe                I2C_GetPEC
                0x0800e006                I2C_ARPCmd
                0x0800e020                I2C_StretchClockCmd
                0x0800e03a                I2C_FastModeDutyCycleConfig
                0x0800e058                I2C_GetLastEvent
                0x0800e068                I2C_CheckEvent
                0x0800e080                I2C_GetFlagStatus
                0x0800e0b4                I2C_ClearFlag
                0x0800e0ba                I2C_GetITStatus
                0x0800e0d6                I2C_ClearITPendingBit
 .text          0x0800e0dc       0x58 lib/STM32F10x_StdPeriph_Driver/libstm32fw.a(stm32f10x_iwdg.o)
                0x0800e0dc                IWDG_WriteAccessCmd
                0x0800e0e8                IWDG_SetPrescaler
                0x0800e0f4                IWDG_SetReload
                0x0800e100                IWDG_ReloadCounter
                0x0800e110                IWDG_Enable
                0x0800e120                IWDG_GetFlagStatus
 .text          0x0800e134       0xcc lib/STM32F10x_StdPeriph_Driver/libstm32fw.a(stm32f10x_pwr.o)
                0x0800e138                PWR_DeInit
                0x0800e152                PWR_BackupAccessCmd
                0x0800e15c                PWR_PVDCmd
                0x0800e168                PWR_PVDLevelConfig
                0x0800e17c                PWR_WakeUpPinCmd
                0x0800e188                PWR_EnterSTOPMode
                0x0800e1b4                PWR_EnterSTANDBYMode
                0x0800e1dc                PWR_GetFlagStatus
                0x0800e1f0                PWR_ClearFlag
 .text          0x0800e200      0x360 lib/STM32F10x_StdPeriph_Driver/libstm32fw.a(stm32f10x_rcc.o)
                0x0800e200                RCC_DeInit
                0x0800e240                RCC_HSEConfig
                0x0800e278                RCC_AdjustHSICalibrationValue
                0x0800e28c                RCC_HSICmd
                0x0800e298                RCC_PLLConfig
                0x0800e2b0                RCC_PLLCmd
                0x0800e2bc                RCC_SYSCLKConfig
                0x0800e2d0                RCC_GetSYSCLKSource
                0x0800e2e0                RCC_HCLKConfig
                0x0800e2f4                RCC_PCLK1Config
                0x0800e308                RCC_PCLK2Config
                0x0800e31c                RCC_ITConfig
                0x0800e334                RCC_USBCLKConfig
                0x0800e340                RCC_ADCCLKConfig
                0x0800e354                RCC_LSEConfig
                0x0800e374                RCC_LSICmd
                0x0800e380                RCC_RTCCLKConfig
                0x0800e390                RCC_RTCCLKCmd
                0x0800e39c                RCC_GetClocksFreq
                0x0800e440                RCC_AHBPeriphClockCmd
                0x0800e458                RCC_APB2PeriphClockCmd
                0x0800e470                RCC_APB1PeriphClockCmd
                0x0800e488                RCC_APB2PeriphResetCmd
                0x0800e4a0                RCC_APB1PeriphResetCmd
                0x0800e4b8                RCC_BackupResetCmd
                0x0800e4c4                RCC_ClockSecuritySystemCmd
                0x0800e4d0                RCC_MCOConfig
                0x0800e4dc                RCC_GetFlagStatus
                0x0800e504                RCC_WaitForHSEStartUp
                0x0800e530                RCC_ClearFlag
                0x0800e540                RCC_GetITStatus
                0x0800e554                RCC_ClearITPendingBit
 .text          0x0800e560      0x158 lib/STM32F10x_StdPeriph_Driver/libstm32fw.a(stm32f10x_rtc.o)
                0x0800e560                RTC_ITConfig
                0x0800e57c                RTC_EnterConfigMode
                0x0800e590                RTC_ExitConfigMode
                0x0800e5a4                RTC_GetCounter
                0x0800e5b8                RTC_SetCounter
                0x0800e5d4                RTC_SetPrescaler
                0x0800e5f4                RTC_SetAlarm
                0x0800e610                RTC_GetDivider
                0x0800e628                RTC_WaitForLastTask
                0x0800e638                RTC_WaitForSynchro
                0x0800e658                RTC_GetFlagStatus
                0x0800e66c                RTC_ClearFlag
                0x0800e680                RTC_GetITStatus
                0x0800e6a4                RTC_ClearITPendingBit
 .text          0x0800e6b8      0x2d4 lib/STM32F10x_StdPeriph_Driver/libstm32fw.a(stm32f10x_spi.o)
                0x0800e6b8                SPI_I2S_DeInit
                0x0800e71c                SPI_Init
                0x0800e75c                I2S_Init
                0x0800e7fc                SPI_StructInit
                0x0800e814                I2S_StructInit
                0x0800e826                SPI_Cmd
                0x0800e840                I2S_Cmd
                0x0800e85a                SPI_I2S_ITConfig
                0x0800e878                SPI_I2S_DMACmd
                0x0800e88e                SPI_I2S_SendData
                0x0800e892                SPI_I2S_ReceiveData
                0x0800e898                SPI_NSSInternalSoftwareConfig
                0x0800e8b8                SPI_SSOutputCmd
                0x0800e8d2                SPI_DataSizeConfig
                0x0800e8ea                SPI_TransmitCRC
                0x0800e8f6                SPI_CalculateCRC
                0x0800e910                SPI_GetCRC
                0x0800e920                SPI_GetCRCPolynomial
                0x0800e926                SPI_BiDirectionalLineConfig
                0x0800e944                SPI_I2S_GetFlagStatus
                0x0800e950                SPI_I2S_ClearFlag
                0x0800e956                SPI_I2S_GetITStatus
                0x0800e97c                SPI_I2S_ClearITPendingBit
 .text          0x0800e98c      0xa80 lib/STM32F10x_StdPeriph_Driver/libstm32fw.a(stm32f10x_tim.o)
                0x0800e9fa                TIM_DeInit
                0x0800eac4                TIM_TimeBaseInit
                0x0800eb00                TIM_OC1Init
                0x0800eb80                TIM_OC2Init
                0x0800ec08                TIM_OC3Init
                0x0800ec8c                TIM_OC4Init
                0x0800ecf0                TIM_BDTRConfig
                0x0800ed12                TIM_TimeBaseStructInit
                0x0800ed24                TIM_OCStructInit
                0x0800ed38                TIM_ICStructInit
                0x0800ed48                TIM_BDTRStructInit
                0x0800ed5a                TIM_Cmd
                0x0800ed74                TIM_CtrlPWMOutputs
                0x0800ed92                TIM_ITConfig
                0x0800eda8                TIM_GenerateEvent
                0x0800edac                TIM_DMAConfig
                0x0800edb4                TIM_DMACmd
                0x0800edca                TIM_InternalClockConfig
                0x0800edd8                TIM_ETRConfig
                0x0800edee                TIM_ETRClockMode2Config
                0x0800ee02                TIM_ETRClockMode1Config
                0x0800ee1c                TIM_PrescalerConfig
                0x0800ee22                TIM_CounterModeConfig
                0x0800ee34                TIM_SelectInputTrigger
                0x0800ee46                TIM_TIxExternalClockConfig
                0x0800ee74                TIM_ITRxExternalClockConfig
                0x0800ee88                TIM_EncoderInterfaceConfig
                0x0800eec6                TIM_ForcedOC1Config
                0x0800eed8                TIM_ForcedOC2Config
                0x0800eeea                TIM_ForcedOC3Config
                0x0800eefc                TIM_ForcedOC4Config
                0x0800ef0e                TIM_ARRPreloadConfig
                0x0800ef28                TIM_SelectCOM
                0x0800ef42                TIM_SelectCCDMA
                0x0800ef5c                TIM_CCPreloadControl
                0x0800ef76                TIM_OC1PreloadConfig
                0x0800ef88                TIM_OC2PreloadConfig
                0x0800ef9a                TIM_OC3PreloadConfig
                0x0800efac                TIM_OC4PreloadConfig
                0x0800efbe                TIM_OC1FastConfig
                0x0800efd0                TIM_OC2FastConfig
                0x0800efe2                TIM_OC3FastConfig
                0x0800eff4                TIM_OC4FastConfig
                0x0800f006                TIM_ClearOC1Ref
                0x0800f018                TIM_ClearOC2Ref
                0x0800f026                TIM_ClearOC3Ref
                0x0800f038                TIM_ClearOC4Ref
                0x0800f046                TIM_OC1PolarityConfig
                0x0800f058                TIM_OC1NPolarityConfig
                0x0800f06a                TIM_OC2PolarityConfig
                0x0800f07c                TIM_OC2NPolarityConfig
                0x0800f08e                TIM_OC3PolarityConfig
                0x0800f0a0                TIM_OC3NPolarityConfig
                0x0800f0b2                TIM_OC4PolarityConfig
                0x0800f0c4                TIM_CCxCmd
                0x0800f0e2                TIM_CCxNCmd
                0x0800f100                TIM_SelectOCxM
                0x0800f14c                TIM_UpdateDisableConfig
                0x0800f166                TIM_UpdateRequestConfig
                0x0800f180                TIM_SelectHallSensor
                0x0800f19a                TIM_SelectOnePulseMode
                0x0800f1b2                TIM_SelectOutputTrigger
                0x0800f1ca                TIM_SelectSlaveMode
                0x0800f1e2                TIM_SelectMasterSlaveMode
                0x0800f1fa                TIM_SetCounter
                0x0800f1fe                TIM_SetAutoreload
                0x0800f202                TIM_SetCompare1
                0x0800f206                TIM_SetCompare2
                0x0800f20a                TIM_SetCompare3
                0x0800f20e                TIM_SetCompare4
                0x0800f214                TIM_SetIC1Prescaler
                0x0800f22c                TIM_SetIC2Prescaler
                0x0800f244                TIM_PWMIConfig
                0x0800f2b0                TIM_SetIC3Prescaler
                0x0800f2c8                TIM_SetIC4Prescaler
                0x0800f2e0                TIM_ICInit
                0x0800f3a4                TIM_SetClockDivision
                0x0800f3b6                TIM_GetCapture1
                0x0800f3bc                TIM_GetCapture2
                0x0800f3c2                TIM_GetCapture3
                0x0800f3c8                TIM_GetCapture4
                0x0800f3d0                TIM_GetCounter
                0x0800f3d6                TIM_GetPrescaler
                0x0800f3dc                TIM_GetFlagStatus
                0x0800f3e8                TIM_ClearFlag
                0x0800f3ee                TIM_GetITStatus
                0x0800f404                TIM_ClearITPendingBit
 .text          0x0800f40c      0x374 lib/STM32F10x_StdPeriph_Driver/libstm32fw.a(stm32f10x_usart.o)
                0x0800f40c                USART_DeInit
                0x0800f4a4                USART_Init
                0x0800f534                USART_StructInit
                0x0800f54a                USART_ClockInit
                0x0800f570                USART_ClockStructInit
                0x0800f57c                USART_Cmd
                0x0800f596                USART_ITConfig
                0x0800f5cc                USART_DMACmd
                0x0800f5e2                USART_SetAddress
                0x0800f5fa                USART_WakeUpConfig
                0x0800f612                USART_ReceiverWakeUpCmd
                0x0800f62c                USART_LINBreakDetectLengthConfig
                0x0800f644                USART_LINCmd
                0x0800f65e                USART_SendData
                0x0800f666                USART_ReceiveData
                0x0800f66e                USART_SendBreak
                0x0800f67a                USART_SetGuardTime
                0x0800f68c                USART_SetPrescaler
                0x0800f6a0                USART_SmartCardCmd
                0x0800f6ba                USART_SmartCardNACKCmd
                0x0800f6d4                USART_HalfDuplexCmd
                0x0800f6ee                USART_IrDAConfig
                0x0800f706                USART_IrDACmd
                0x0800f720                USART_GetFlagStatus
                0x0800f72c                USART_ClearFlag
                0x0800f732                USART_GetITStatus
                0x0800f772                USART_ClearITPendingBit
 .text          0x0800f780      0xa54 lib/STM32_USB-FS-Device_Driver/libstm32usb.a(usb_core.o)
                0x0800f780                Standard_GetConfiguration
                0x0800f7a8                Standard_GetInterface
                0x0800f7d0                Standard_GetStatus
                0x0800f944                Standard_SetConfiguration
                0x0800f980                Standard_SetInterface
                0x0800f9d0                Standard_ClearFeature
                0x0800facc                Standard_SetEndPointFeature
                0x0800fb80                Standard_SetDeviceFeature
                0x0800fba4                Standard_GetDescriptorData
                0x0800fbc0                Post0_Process
                0x0800fc08                Out0_Process
                0x0800fce4                Setup0_Process
                0x080100b4                SetDeviceAddress
                0x08010170                In0_Process
                0x080101d0                NOP_Process
 .text          0x080101d4       0x38 lib/STM32_USB-FS-Device_Driver/libstm32usb.a(usb_init.o)
                0x080101d4                USB_Init
 .text          0x0801020c      0x25c lib/STM32_USB-FS-Device_Driver/libstm32usb.a(usb_int.o)
                0x0801020c                CTR_LP
                0x080103d4                CTR_HP
 .text          0x08010468       0xb8 lib/STM32_USB-FS-Device_Driver/libstm32usb.a(usb_mem.o)
                0x08010468                UserToPMABufferCopy
                0x080104d0                PMAToUserBufferCopy
 .text          0x08010520      0x880 lib/STM32_USB-FS-Device_Driver/libstm32usb.a(usb_regs.o)
                0x08010520                SetCNTR
                0x0801052c                GetCNTR
                0x08010538                SetISTR
                0x08010544                GetISTR
                0x08010550                GetFNR
                0x0801055c                SetDADDR
                0x08010568                GetDADDR
                0x08010574                SetBTABLE
                0x08010588                GetBTABLE
                0x08010594                SetENDPOINT
                0x080105a4                GetENDPOINT
                0x080105b4                SetEPType
                0x080105d0                GetEPType
                0x080105e4                SetEPTxStatus
                0x08010624                SetEPRxStatus
                0x08010664                SetDouBleBuffEPStall
                0x0801068c                GetEPTxStatus
                0x080106a0                GetEPRxStatus
                0x080106b4                SetEPTxValid
                0x080106d8                SetEPRxValid
                0x080106fc                SetEP_KIND
                0x0801071c                ClearEP_KIND
                0x0801073c                Clear_Status_Out
                0x0801075c                Set_Status_Out
                0x0801077c                SetEPDoubleBuff
                0x0801079c                ClearEPDoubleBuff
                0x080107bc                GetTxStallStatus
                0x080107dc                GetRxStallStatus
                0x080107fc                ClearEP_CTR_RX
                0x08010814                ClearEP_CTR_TX
                0x0801082c                ToggleDTOG_RX
                0x0801084c                ToggleDTOG_TX
                0x0801086c                ClearDTOG_RX
                0x08010894                ClearDTOG_TX
                0x080108bc                SetEPAddress
                0x080108e0                GetEPAddress
                0x080108f4                SetEPTxAddr
                0x08010918                SetEPRxAddr
                0x08010940                GetEPTxAddr
                0x08010960                GetEPRxAddr
                0x08010980                SetEPTxCount
                0x080109a0                SetEPCountRxReg
                0x080109cc                SetEPRxCount
                0x08010a14                GetEPTxCount
                0x08010a38                GetEPRxCount
                0x08010a5c                SetEPDblBuffAddr
                0x08010aa4                SetEPDblBuf0Addr
                0x08010ac8                SetEPDblBuf1Addr
                0x08010af0                GetEPDblBuf0Addr
                0x08010b10                GetEPDblBuf1Addr
                0x08010b30                SetEPDblBuffCount
                0x08010bdc                SetEPDblBuf0Count
                0x08010c44                SetEPDblBuf1Count
                0x08010cac                GetEPDblBuf0Count
                0x08010cd0                GetEPDblBuf1Count
                0x08010cf4                GetEPDblBufDir
                0x08010d3c                FreeUserBuffer
                0x08010d8c                ToWord
                0x08010d94                ByteSwap
 .text          0x08010da0       0x6c lib/STM32_USB-FS-Device_Driver/libstm32usb.a(usb_sil.o)
                0x08010da0                USB_SIL_Init
                0x08010dc0                USB_SIL_Write
                0x08010de8                USB_SIL_Read
 .text          0x08010e0c       0x78 /home/laurence/CodeSourcery/Sourcery_G++_Lite/bin/../lib/gcc/arm-none-eabi/4.5.2/../../../../arm-none-eabi/lib/thumb2/libm.a(lib_a-sf_sin.o)
                0x08010e0c                sinf
 .text          0x08010e84       0xa8 /home/laurence/CodeSourcery/Sourcery_G++_Lite/bin/../lib/gcc/arm-none-eabi/4.5.2/../../../../arm-none-eabi/lib/thumb2/libm.a(lib_a-wf_asin.o)
                0x08010e84                asinf
 .text          0x08010f2c       0xa4 /home/laurence/CodeSourcery/Sourcery_G++_Lite/bin/../lib/gcc/arm-none-eabi/4.5.2/../../../../arm-none-eabi/lib/thumb2/libm.a(lib_a-wf_sqrt.o)
                0x08010f2c                sqrtf
 .text          0x08010fd0      0x318 /home/laurence/CodeSourcery/Sourcery_G++_Lite/bin/../lib/gcc/arm-none-eabi/4.5.2/../../../../arm-none-eabi/lib/thumb2/libm.a(lib_a-ef_asin.o)
                0x08010fd0                __ieee754_asinf
 .text          0x080112e8      0x358 /home/laurence/CodeSourcery/Sourcery_G++_Lite/bin/../lib/gcc/arm-none-eabi/4.5.2/../../../../arm-none-eabi/lib/thumb2/libm.a(lib_a-ef_rem_pio2.o)
                0x080112e8                __ieee754_rem_pio2f
 .text          0x08011640       0xb0 /home/laurence/CodeSourcery/Sourcery_G++_Lite/bin/../lib/gcc/arm-none-eabi/4.5.2/../../../../arm-none-eabi/lib/thumb2/libm.a(lib_a-ef_sqrt.o)
                0x08011640                __ieee754_sqrtf
 .text          0x080116f0      0x1b8 /home/laurence/CodeSourcery/Sourcery_G++_Lite/bin/../lib/gcc/arm-none-eabi/4.5.2/../../../../arm-none-eabi/lib/thumb2/libm.a(lib_a-kf_cos.o)
                0x080116f0                __kernel_cosf
 .text          0x080118a8      0x63c /home/laurence/CodeSourcery/Sourcery_G++_Lite/bin/../lib/gcc/arm-none-eabi/4.5.2/../../../../arm-none-eabi/lib/thumb2/libm.a(lib_a-kf_rem_pio2.o)
                0x080118a8                __kernel_rem_pio2f
 .text          0x08011ee4      0x100 /home/laurence/CodeSourcery/Sourcery_G++_Lite/bin/../lib/gcc/arm-none-eabi/4.5.2/../../../../arm-none-eabi/lib/thumb2/libm.a(lib_a-kf_sin.o)
                0x08011ee4                __kernel_sinf
 .text          0x08011fe4        0x4 /home/laurence/CodeSourcery/Sourcery_G++_Lite/bin/../lib/gcc/arm-none-eabi/4.5.2/../../../../arm-none-eabi/lib/thumb2/libm.a(lib_a-s_matherr.o)
                0x08011fe4                matherr
 .text          0x08011fe8        0xc /home/laurence/CodeSourcery/Sourcery_G++_Lite/bin/../lib/gcc/arm-none-eabi/4.5.2/../../../../arm-none-eabi/lib/thumb2/libm.a(lib_a-s_nan.o)
                0x08011fe8                nan
 .text          0x08011ff4        0x8 /home/laurence/CodeSourcery/Sourcery_G++_Lite/bin/../lib/gcc/arm-none-eabi/4.5.2/../../../../arm-none-eabi/lib/thumb2/libm.a(lib_a-sf_fabs.o)
                0x08011ff4                fabsf
 .text          0x08011ffc       0xa0 /home/laurence/CodeSourcery/Sourcery_G++_Lite/bin/../lib/gcc/arm-none-eabi/4.5.2/../../../../arm-none-eabi/lib/thumb2/libm.a(lib_a-sf_floor.o)
                0x08011ffc                floorf
 .text          0x0801209c       0x7c /home/laurence/CodeSourcery/Sourcery_G++_Lite/bin/../lib/gcc/arm-none-eabi/4.5.2/../../../../arm-none-eabi/lib/thumb2/libm.a(lib_a-sf_fpclassify.o)
                0x0801209c                __fpclassifyf
 .text          0x08012118       0xc0 /home/laurence/CodeSourcery/Sourcery_G++_Lite/bin/../lib/gcc/arm-none-eabi/4.5.2/../../../../arm-none-eabi/lib/thumb2/libm.a(lib_a-sf_scalbn.o)
                0x08012118                scalbnf
 .text          0x080121d8       0x10 /home/laurence/CodeSourcery/Sourcery_G++_Lite/bin/../lib/gcc/arm-none-eabi/4.5.2/../../../../arm-none-eabi/lib/thumb2/libm.a(lib_a-sf_copysign.o)
                0x080121d8                copysignf
 .text          0x080121e8      0x370 /home/laurence/CodeSourcery/Sourcery_G++_Lite/bin/../lib/gcc/arm-none-eabi/4.5.2/thumb2/libgcc.a(_arm_addsubdf3.o)
                0x080121e8                __aeabi_drsub
                0x080121f0                __aeabi_dsub
                0x080121f0                __subdf3
                0x080121f4                __adddf3
                0x080121f4                __aeabi_dadd
                0x0801246c                __aeabi_ui2d
                0x0801246c                __floatunsidf
                0x0801248c                __floatsidf
                0x0801248c                __aeabi_i2d
                0x080124b0                __extendsfdf2
                0x080124b0                __aeabi_f2d
                0x080124ec                __aeabi_ul2d
                0x080124ec                __floatundidf
                0x080124fc                __floatdidf
                0x080124fc                __aeabi_l2d
 .text          0x08012558      0x424 /home/laurence/CodeSourcery/Sourcery_G++_Lite/bin/../lib/gcc/arm-none-eabi/4.5.2/thumb2/libgcc.a(_arm_muldivdf3.o)
                0x08012558                __aeabi_dmul
                0x08012558                __muldf3
                0x080127ac                __aeabi_ddiv
                0x080127ac                __divdf3
 .text          0x0801297c      0x110 /home/laurence/CodeSourcery/Sourcery_G++_Lite/bin/../lib/gcc/arm-none-eabi/4.5.2/thumb2/libgcc.a(_arm_cmpdf2.o)
                0x0801297c                __gtdf2
                0x0801297c                __gedf2
                0x08012984                __ltdf2
                0x08012984                __ledf2
                0x0801298c                __cmpdf2
                0x0801298c                __eqdf2
                0x0801298c                __nedf2
                0x08012a08                __aeabi_cdrcmple
                0x08012a18                __aeabi_cdcmple
                0x08012a18                __aeabi_cdcmpeq
                0x08012a28                __aeabi_dcmpeq
                0x08012a3c                __aeabi_dcmplt
                0x08012a50                __aeabi_dcmple
                0x08012a64                __aeabi_dcmpge
                0x08012a78                __aeabi_dcmpgt
 .text          0x08012a8c       0x50 /home/laurence/CodeSourcery/Sourcery_G++_Lite/bin/../lib/gcc/arm-none-eabi/4.5.2/thumb2/libgcc.a(_arm_fixdfsi.o)
                0x08012a8c                __fixdfsi
                0x08012a8c                __aeabi_d2iz
 .text          0x08012adc       0x40 /home/laurence/CodeSourcery/Sourcery_G++_Lite/bin/../lib/gcc/arm-none-eabi/4.5.2/thumb2/libgcc.a(_arm_fixunsdfsi.o)
                0x08012adc                __fixunsdfsi
                0x08012adc                __aeabi_d2uiz
 .text          0x08012b1c       0xa0 /home/laurence/CodeSourcery/Sourcery_G++_Lite/bin/../lib/gcc/arm-none-eabi/4.5.2/thumb2/libgcc.a(_arm_truncdfsf2.o)
                0x08012b1c                __aeabi_d2f
                0x08012b1c                __truncdfsf2
 .text          0x08012bbc      0x21c /home/laurence/CodeSourcery/Sourcery_G++_Lite/bin/../lib/gcc/arm-none-eabi/4.5.2/thumb2/libgcc.a(_arm_addsubsf3.o)
                0x08012bbc                __aeabi_frsub
                0x08012bc4                __subsf3
                0x08012bc4                __aeabi_fsub
                0x08012bc8                __aeabi_fadd
                0x08012bc8                __addsf3
                0x08012d28                __aeabi_ui2f
                0x08012d28                __floatunsisf
                0x08012d30                __aeabi_i2f
                0x08012d30                __floatsisf
                0x08012d4c                __floatundisf
                0x08012d4c                __aeabi_ul2f
                0x08012d5c                __floatdisf
                0x08012d5c                __aeabi_l2f
 .text          0x08012dd8      0x2a0 /home/laurence/CodeSourcery/Sourcery_G++_Lite/bin/../lib/gcc/arm-none-eabi/4.5.2/thumb2/libgcc.a(_arm_muldivsf3.o)
                0x08012dd8                __mulsf3
                0x08012dd8                __aeabi_fmul
                0x08012f40                __divsf3
                0x08012f40                __aeabi_fdiv
 .text          0x08013078       0xec /home/laurence/CodeSourcery/Sourcery_G++_Lite/bin/../lib/gcc/arm-none-eabi/4.5.2/thumb2/libgcc.a(_arm_cmpsf2.o)
                0x08013078                __gtsf2
                0x08013078                __gesf2
                0x08013080                __lesf2
                0x08013080                __ltsf2
                0x08013088                __nesf2
                0x08013088                __eqsf2
                0x08013088                __cmpsf2
                0x080130e8                __aeabi_cfrcmple
                0x080130f0                __aeabi_cfcmple
                0x080130f0                __aeabi_cfcmpeq
                0x08013100                __aeabi_fcmpeq
                0x08013114                __aeabi_fcmplt
                0x08013128                __aeabi_fcmple
                0x0801313c                __aeabi_fcmpge
                0x08013150                __aeabi_fcmpgt
 .text          0x08013164       0x4c /home/laurence/CodeSourcery/Sourcery_G++_Lite/bin/../lib/gcc/arm-none-eabi/4.5.2/thumb2/libgcc.a(_arm_fixsfsi.o)
                0x08013164                __fixsfsi
                0x08013164                __aeabi_f2iz
 .text          0x080131b0       0x40 /home/laurence/CodeSourcery/Sourcery_G++_Lite/bin/../lib/gcc/arm-none-eabi/4.5.2/thumb2/libgcc.a(_arm_fixunssfsi.o)
                0x080131b0                __aeabi_f2uiz
                0x080131b0                __fixunssfsi
 .text          0x080131f0        0xc /home/laurence/CodeSourcery/Sourcery_G++_Lite/bin/../lib/gcc/arm-none-eabi/4.5.2/../../../../arm-none-eabi/lib/thumb2/libc.a(lib_a-errno.o)
                0x080131f0                __errno
 .text          0x080131fc       0x20 /home/laurence/CodeSourcery/Sourcery_G++_Lite/bin/../lib/gcc/arm-none-eabi/4.5.2/../../../../arm-none-eabi/lib/thumb2/libc.a(lib_a-malloc.o)
                0x080131fc                malloc
                0x0801320c                free
 .text          0x0801321c      0x57c /home/laurence/CodeSourcery/Sourcery_G++_Lite/bin/../lib/gcc/arm-none-eabi/4.5.2/../../../../arm-none-eabi/lib/thumb2/libc.a(lib_a-mallocr.o)
                0x0801321c                _malloc_r
 .text          0x08013798       0xb4 /home/laurence/CodeSourcery/Sourcery_G++_Lite/bin/../lib/gcc/arm-none-eabi/4.5.2/../../../../arm-none-eabi/lib/thumb2/libc.a(lib_a-memset.o)
                0x08013798                memset
 .text          0x0801384c        0x8 /home/laurence/CodeSourcery/Sourcery_G++_Lite/bin/../lib/gcc/arm-none-eabi/4.5.2/../../../../arm-none-eabi/lib/thumb2/libc.a(lib_a-mlock.o)
                0x0801384c                __malloc_lock
                0x08013850                __malloc_unlock
 .text          0x08013854       0x28 /home/laurence/CodeSourcery/Sourcery_G++_Lite/bin/../lib/gcc/arm-none-eabi/4.5.2/../../../../arm-none-eabi/lib/thumb2/libc.a(lib_a-sbrkr.o)
                0x08013854                _sbrk_r
 .text          0x0801387c       0x60 /home/laurence/CodeSourcery/Sourcery_G++_Lite/bin/../lib/gcc/arm-none-eabi/4.5.2/../../../../arm-none-eabi/lib/thumb2/libc.a(lib_a-strlen.o)
                0x0801387c                strlen
 .text          0x080138dc      0x240 /home/laurence/CodeSourcery/Sourcery_G++_Lite/bin/../lib/gcc/arm-none-eabi/4.5.2/../../../../arm-none-eabi/lib/thumb2/libc.a(lib_a-freer.o)
                0x080138dc                _malloc_trim_r
                0x08013984                _free_r
 .text          0x08013b1c       0x30 /home/laurence/CodeSourcery/Sourcery_G++_Lite/bin/../lib/gcc/arm-none-eabi/4.5.2/../../../../arm-none-eabi/lib/thumb2/libcs3.a(start_c.o)
                0x08013b1c                __cs3_premain
 .text.cs3.init
                0x08013b4c       0x50 /home/laurence/CodeSourcery/Sourcery_G++_Lite/bin/../lib/gcc/arm-none-eabi/4.5.2/../../../../arm-none-eabi/lib/thumb2/libcs3.a(start_c.o)
                0x08013b4c                __cs3_start_c
 .text          0x08013b9c       0x40 /home/laurence/CodeSourcery/Sourcery_G++_Lite/bin/../lib/gcc/arm-none-eabi/4.5.2/../../../../arm-none-eabi/lib/thumb2/libcs3unhosted.a(unhosted-sbrk.o)
                0x08013b9c                _sbrk
 .text.cs3.init
                0x08013bdc       0x10 /home/laurence/CodeSourcery/Sourcery_G++_Lite/bin/../lib/gcc/arm-none-eabi/4.5.2/../../../../arm-none-eabi/lib/thumb2/libcs3unhosted.a(unhosted-start.o)
                0x08013bdc                _start
 .text          0x08013bec        0x2 lib/libcs3-lanchon-stm32.a(lanchon_stm32_isr_interrupt.o)
                0x08013bec                DMAChannel7_IRQHandler
                0x08013bec                DebugMonitor
                0x08013bec                SVCHandler
                0x08013bec                __STM32ReservedException8
                0x08013bec                __STM32DefaultExceptionHandler
                0x08013bec                CAN_SCE_IRQHandler
                0x08013bec                __STM32ReservedException10
                0x08013bec                __STM32ReservedException13
                0x08013bec                PendSVC
                0x08013bec                CAN_RX1_IRQHandler
                0x08013bec                ADC_IRQHandler
                0x08013bec                DMAChannel5_IRQHandler
                0x08013bec                DMAChannel2_IRQHandler
                0x08013bec                __STM32ReservedException7
                0x08013bec                DMAChannel6_IRQHandler
                0x08013bec                DMAChannel3_IRQHandler
                0x08013bec                __STM32ReservedException9
 *fill*         0x08013bee        0x2 00
 .text          0x08013bf0       0x50 /home/laurence/CodeSourcery/Sourcery_G++_Lite/bin/../lib/gcc/arm-none-eabi/4.5.2/../../../../arm-none-eabi/lib/thumb2/libc.a(lib_a-init.o)
                0x08013bf0                __libc_init_array
 *(.plt)
 *(.gnu.warning)
 *(.glue_7t)
 .glue_7t       0x00000000        0x0 linker stubs
 *(.glue_7)
 .glue_7        0x00000000        0x0 linker stubs
 *(.vfp11_veneer)
 .vfp11_veneer  0x00000000        0x0 linker stubs
 *(.rodata .rodata.* .gnu.linkonce.r.*)
 .rodata        0x08013c40       0x90 Sensors/ppg_new.o
 .rodata        0x08013cd0       0xac Util/USB/usb_desc.o
                0x08013cd0                MASS_DeviceDescriptor
                0x08013ce4                MASS_ConfigDescriptor
                0x08013d04                MASS_StringLangID
                0x08013d08                MASS_StringVendor
                0x08013d3c                MASS_StringProduct
                0x08013d6c                MASS_StringInterface
 .rodata        0x08013d7c     0x7738 Util/fat_fs/option/cc932.o
 .rodata.str1.4
                0x0801b4b4       0x13 Util/fat_fs/src/ff.o
                                 0x14 (size before relaxing)
 *fill*         0x0801b4c7        0x1 00
 .rodata        0x0801b4c8        0xc Util/fat_fs/src/rtc.o
 .rodata        0x0801b4d4       0x14 Util/rprintf.o
 .rodata.str1.4
                0x0801b4e8       0x1a Util/rprintf.o
                                 0x1c (size before relaxing)
 *fill*         0x0801b502        0x2 00
 .rodata        0x0801b504        0x4 i2c_int.o
                0x0801b504                TMP102_setup
 .rodata.str1.4
                0x0801b508       0x10 interrupts.o
 .rodata        0x0801b518       0x14 lib/CMSIS_CM3/system_stm32f10x.o
                0x0801b518                SystemFrequency
                0x0801b51c                SystemFrequency_SysClk
                0x0801b520                SystemFrequency_AHBClk
                0x0801b524                SystemFrequency_APB1Clk
                0x0801b528                SystemFrequency_APB2Clk
 .rodata.str1.4
                0x0801b52c       0xcd main.o
                                 0xd4 (size before relaxing)
 *fill*         0x0801b5f9        0x3 00
 .rodata.str1.4
                0x0801b5fc       0x16 pwr.o
                                 0x18 (size before relaxing)
 *fill*         0x0801b612        0x2 00
 .rodata.str1.4
                0x0801b614        0x6 /home/laurence/CodeSourcery/Sourcery_G++_Lite/bin/../lib/gcc/arm-none-eabi/4.5.2/../../../../arm-none-eabi/lib/thumb2/libm.a(lib_a-wf_asin.o)
                                  0xc (size before relaxing)
 *fill*         0x0801b61a        0x2 00
 .rodata.str1.4
                0x0801b61c        0x8 /home/laurence/CodeSourcery/Sourcery_G++_Lite/bin/../lib/gcc/arm-none-eabi/4.5.2/../../../../arm-none-eabi/lib/thumb2/libm.a(lib_a-wf_sqrt.o)
 .rodata        0x0801b624      0x398 /home/laurence/CodeSourcery/Sourcery_G++_Lite/bin/../lib/gcc/arm-none-eabi/4.5.2/../../../../arm-none-eabi/lib/thumb2/libm.a(lib_a-ef_rem_pio2.o)
 .rodata        0x0801b9bc       0x38 /home/laurence/CodeSourcery/Sourcery_G++_Lite/bin/../lib/gcc/arm-none-eabi/4.5.2/../../../../arm-none-eabi/lib/thumb2/libm.a(lib_a-kf_rem_pio2.o)
 .rodata        0x0801b9f4       0x60 /home/laurence/CodeSourcery/Sourcery_G++_Lite/bin/../lib/gcc/arm-none-eabi/4.5.2/../../../../arm-none-eabi/lib/thumb2/libc.a(lib_a-findfp.o)
                0x0801b9f4                __sf_fake_stdin
                0x0801ba14                __sf_fake_stdout
                0x0801ba34                __sf_fake_stderr
 .rodata.str1.4
                0x00000000        0x4 /home/laurence/CodeSourcery/Sourcery_G++_Lite/bin/../lib/gcc/arm-none-eabi/4.5.2/../../../../arm-none-eabi/lib/thumb2/libc.a(lib_a-impure.o)
 *(.ARM.extab* .gnu.linkonce.armextab.*)
 *(.gcc_except_table)
 *(.eh_frame_hdr)
 *(.eh_frame)
                0x0801ba54                . = ALIGN (0x4)
 *(.init)
 .init          0x0801ba54        0x4 /home/laurence/CodeSourcery/Sourcery_G++_Lite/bin/../lib/gcc/arm-none-eabi/4.5.2/thumb2/crti.o
                0x0801ba54                _init
 .init          0x0801ba58        0x8 /home/laurence/CodeSourcery/Sourcery_G++_Lite/bin/../lib/gcc/arm-none-eabi/4.5.2/thumb2/crtn.o
                0x0801ba60                . = ALIGN (0x4)
                0x0801ba60                _sidata = .
                0x0801ba60                __preinit_array_start = .
 *(.preinit_array)
                0x0801ba60                __preinit_array_end = .
                0x0801ba60                . = ALIGN (0x4)
                0x0801ba60                __init_array_start = .
 *(SORT(.init_array.*))
 *(.init_array)
 .init_array    0x0801ba60        0x4 /home/laurence/CodeSourcery/Sourcery_G++_Lite/bin/../lib/gcc/arm-none-eabi/4.5.2/thumb2/crtbegin.o
                0x0801ba64                __init_array_end = .
                0x0801ba64                . = ALIGN (0x4)
 *crtbegin.o(.ctors)
 *(EXCLUDE_FILE(*crtend.o) .ctors)
 *(SORT(.ctors.*))
 *crtend.o(.ctors)
                0x0801ba64                . = ALIGN (0x4)
 *(.fini)
 .fini          0x0801ba64        0x4 /home/laurence/CodeSourcery/Sourcery_G++_Lite/bin/../lib/gcc/arm-none-eabi/4.5.2/thumb2/crti.o
                0x0801ba64                _fini
 .fini          0x0801ba68        0x8 /home/laurence/CodeSourcery/Sourcery_G++_Lite/bin/../lib/gcc/arm-none-eabi/4.5.2/thumb2/crtn.o
                0x0801ba70                . = ALIGN (0x4)
                0x0801ba70                __fini_array_start = .
 *(.fini_array)
 .fini_array    0x0801ba70        0x4 /home/laurence/CodeSourcery/Sourcery_G++_Lite/bin/../lib/gcc/arm-none-eabi/4.5.2/thumb2/crtbegin.o
 *(SORT(.fini_array.*))
                0x0801ba74                __fini_array_end = .
 *crtbegin.o(.dtors)
 *(EXCLUDE_FILE(*crtend.o) .dtors)
 *(SORT(.dtors.*))
 *crtend.o(.dtors)
                0x0801ba74                . = ALIGN (0x4)
                0x0801ba74                __cs3_regions = .
                0x0801ba74        0x4 LONG 0x0
                0x0801ba78        0x4 LONG 0x801ba88 __cs3_region_init_ram
                0x0801ba7c        0x4 LONG 0x20000000 __cs3_region_start_ram
                0x0801ba80        0x4 LONG 0x698 __cs3_region_init_size_ram
                0x0801ba84        0x4 LONG 0x968 __cs3_region_zero_size_ram
                0x0801ba88                __exidx_start = .

.v4_bx          0x0801ba88        0x0
 .v4_bx         0x00000000        0x0 linker stubs

.ARM.exidx
 *(.ARM.exidx* .gnu.linkonce.armexidx.*)
                0x0801ba88                __exidx_end = .

.text.align     0x0801ba88        0x0
                0x0801ba88                . = ALIGN (0x8)
                0x0801ba88                _etext = .
                0x08020000                __cs3_region_end_rom = (__cs3_region_start_rom + 0x20000)
                0x00020000                __cs3_region_size_rom = 0x20000
                0x00000001                __cs3_region_num = 0x1

.data           0x20000000      0x698 load address 0x0801ba88
                0x20000000                __cs3_region_start_ram = .
                0x20000000                _sdata = .
 *(.cs3.region-head.ram)
 *(.jcr)
 .jcr           0x20000000        0x0 /home/laurence/CodeSourcery/Sourcery_G++_Lite/bin/../lib/gcc/arm-none-eabi/4.5.2/thumb2/crtbegin.o
 .jcr           0x20000000        0x4 /home/laurence/CodeSourcery/Sourcery_G++_Lite/bin/../lib/gcc/arm-none-eabi/4.5.2/thumb2/crtend.o
 *(.got.plt)
 *(.got)
 *(.shdata)
 *(.data .data.* .gnu.linkonce.d.*)
 .data          0x20000004       0x74 Util/USB/scsi_data.o
                0x20000004                Standard_Inquiry_Data
                0x20000028                Standard_Inquiry_Data2
                0x2000004c                Mode_Sense6_data
                0x20000050                Mode_Sense10_data
                0x20000058                Scsi_Sense_Data
                0x2000006c                ReadFormatCapacity_Data
 .data          0x20000078       0x1c Util/USB/usb_desc.o
                0x20000078                MASS_StringSerial
 .data          0x20000094       0x38 Util/USB/usb_istr.o
                0x20000094                pEpInt_IN
                0x200000b0                pEpInt_OUT
 .data          0x200000cc       0x90 Util/USB/usb_prop.o
                0x200000cc                String_Descriptor
                0x200000f4                Config_Descriptor
                0x200000fc                Device_Descriptor
                0x20000104                Device_Property
                0x20000134                Device_Table
                0x20000138                User_Standard_Requests
 .data          0x2000015c        0x1 Util/USB/usb_pwr.o
                0x2000015c                fSuspendEnabled
 .data          0x2000015d        0x1 Util/fat_fs/src/sd_spi_stm32.o
 *fill*         0x2000015e        0x2 00
 .data          0x20000160       0x10 i2c_int.o
                0x20000160                I2C_jobs
 .data          0x20000170       0x14 lib/STM32F10x_StdPeriph_Driver/libstm32fw.a(stm32f10x_rcc.o)
 .data          0x20000184        0x1 /home/laurence/CodeSourcery/Sourcery_G++_Lite/bin/../lib/gcc/arm-none-eabi/4.5.2/../../../../arm-none-eabi/lib/thumb2/libm.a(lib_a-s_lib_ver.o)
                0x20000184                __fdlib_version
 *fill*         0x20000185        0x3 00
 .data          0x20000188       0xf4 /home/laurence/CodeSourcery/Sourcery_G++_Lite/bin/../lib/gcc/arm-none-eabi/4.5.2/../../../../arm-none-eabi/lib/thumb2/libc.a(lib_a-impure.o)
                0x20000188                _impure_ptr
 .data          0x2000027c      0x410 /home/laurence/CodeSourcery/Sourcery_G++_Lite/bin/../lib/gcc/arm-none-eabi/4.5.2/../../../../arm-none-eabi/lib/thumb2/libc.a(lib_a-mallocr.o)
                0x2000027c                __malloc_av_
                0x20000684                __malloc_sbrk_base
                0x20000688                __malloc_trim_threshold
 .data          0x2000068c        0x4 /home/laurence/CodeSourcery/Sourcery_G++_Lite/bin/../lib/gcc/arm-none-eabi/4.5.2/../../../../arm-none-eabi/lib/thumb2/libcs3unhosted.a(unhosted-sbrk.o)
 .data          0x20000690        0x4 /home/laurence/CodeSourcery/Sourcery_G++_Lite/bin/../lib/gcc/arm-none-eabi/4.5.2/../../../../arm-none-eabi/lib/thumb2/libcs3.a(heap.o)
                0x20000690                __cs3_heap_limit
 *(.ram)
                0x20000698                . = ALIGN (0x8)
 *fill*         0x20000694        0x4 00
                0x20000698                _edata = .

.bss            0x20000698      0x968 load address 0x0801c120
                0x20000698                _sbss = .
 *(.shbss)
 *(.bss .bss.* .gnu.linkonce.b.*)
 .bss           0x20000698        0x1 /home/laurence/CodeSourcery/Sourcery_G++_Lite/bin/../lib/gcc/arm-none-eabi/4.5.2/thumb2/crtbegin.o
 *fill*         0x20000699        0x3 00
 .bss           0x2000069c       0x20 Sensors/ppg_new.o
 .bss           0x200006bc       0x34 Sensors/pressure.o
 .bss           0x200006f0        0x4 Util/USB/mass_mal.o
                0x200006f0                Status
 .bss           0x200006f4       0x1c Util/USB/memory.o
                0x200006f4                TransferState
                0x20000700                Counter
                0x2000070c                Block_Read_count
 .bss           0x20000710       0x10 Util/USB/scsi_data.o
                0x20000710                Page00_Inquiry_Data
                0x20000718                ReadCapacity10_Data
 .bss           0x20000720        0x1 Util/USB/usb_istr.o
                0x20000720                bIntPackSOF
 *fill*         0x20000721        0x3 00
 .bss           0x20000724        0x4 Util/USB/usb_prop.o
                0x20000724                Max_Lun
 .bss           0x20000728        0x4 Util/USB/usb_pwr.o
                0x20000728                bDeviceState
 .bss           0x2000072c        0x8 Util/fat_fs/src/ff.o
 .bss           0x20000734       0x10 Util/fat_fs/src/sd_spi_stm32.o
 .bss           0x20000744       0x84 Util/rprintf.o
 .bss           0x200007c8        0x3 i2c_int.o
 *fill*         0x200007cb        0x1 00
 .bss           0x200007cc       0x18 interrupts.o
 .bss           0x200007e4      0x234 main.o
                0x20000a14                file_opened
 .bss           0x20000a18        0x1 lib/STM32_USB-FS-Device_Driver/libstm32usb.a(usb_core.o)
                0x20000a18                Data_Mul_MaxPacketSize
 *fill*         0x20000a19        0x3 00
 .bss           0x20000a1c       0x34 /home/laurence/CodeSourcery/Sourcery_G++_Lite/bin/../lib/gcc/arm-none-eabi/4.5.2/../../../../arm-none-eabi/lib/thumb2/libc.a(lib_a-mallocr.o)
                0x20000a1c                __malloc_top_pad
                0x20000a20                __malloc_current_mallinfo
                0x20000a48                __malloc_max_sbrked_mem
                0x20000a4c                __malloc_max_total_mem
 *(COMMON)
 COMMON         0x20000a50        0xc Sensors/ppg_new.o
                0x20000a50                Last_PPG_Values
 COMMON         0x20000a5c        0x8 Sensors/pressure.o
                0x20000a5c                Reported_Pressure
                0x20000a60                Pressure_Offset
 COMMON         0x20000a64        0xa Sensors/temperature.o
                0x20000a64                Device_Temperature
                0x20000a68                TMP102_Reported_Temperature
                0x20000a6c                TMP102_Data_Buffer
 *fill*         0x20000a6e        0x2 00
 COMMON         0x20000a70       0x1c Util/USB/mass_mal.o
                0x20000a70                Mass_Memory_Size
                0x20000a78                Mass_Block_Size
                0x20000a80                Mass_Block_Count
                0x20000a88                Data_Buffer
 COMMON         0x20000a8c        0x8 Util/USB/memory.o
                0x20000a8c                Block_offset
                0x20000a90                Idx
 COMMON         0x20000a94       0x7c Util/USB/usb_bot.o
                0x20000a94                CBW
                0x20000ab4                Data_Len
                0x20000ab6                Bot_State
                0x20000ab8                SCSI_LBA
                0x20000abc                CSW
                0x20000acc                SCSI_BlkLen
                0x20000ad0                Bulk_Data_Buff
 COMMON         0x20000b10        0x2 Util/USB/usb_istr.o
                0x20000b10                wIstr
 *fill*         0x20000b12        0x2 00
 COMMON         0x20000b14        0x2 Util/USB/usb_pwr.o
                0x20000b14                ResumeS
 COMMON         0x20000b16        0x1 Util/fat_fs/src/sd_spi_stm32.o
                0x20000b16                Sd_Spi_Called_From_USB_MSC
 *fill*         0x20000b17        0x1 00
 COMMON         0x20000b18        0x4 adc.o
                0x20000b18                ADC1_Convertion_buff
 COMMON         0x20000b1c        0x1 gpio.o
                0x20000b1c                bootsource
 *fill*         0x20000b1d        0x3 00
 COMMON         0x20000b20        0xd i2c_int.o
                0x20000b20                I2C1error
                0x20000b24                Jobs
                0x20000b28                Completed_Jobs
                0x20000b2c                job
 COMMON         0x20000b2d        0x1 interrupts.o
                0x20000b2d                Button_hold_tim
 *fill*         0x20000b2e        0x2 00
 COMMON         0x20000b30      0x48c main.o
                0x20000b30                Pressure_control
                0x20000b34                Temperatures_Buffer
                0x20000b40                f_err_code
                0x20000b44                Buff
                0x20000b68                System_state_Global
                0x20000b6c                Millis
                0x20000b70                Sensors
                0x20000b74                FATFS_info
                0x20000b94                Pressures_Buffer
                0x20000ba0                Pressure_Setpoint
                0x20000ba4                print_string
                0x20000ca4                a
                0x20000ca8                FATFS_logfile
                0x20000ecc                my_reent
 COMMON         0x20000fbc        0x2 lib/STM32_USB-FS-Device_Driver/libstm32usb.a(usb_core.o)
                0x20000fbc                StatusInfo
 *fill*         0x20000fbe        0x2 00
 COMMON         0x20000fc0       0x32 lib/STM32_USB-FS-Device_Driver/libstm32usb.a(usb_init.o)
                0x20000fc0                SaveState
                0x20000fc4                pProperty
                0x20000fc8                EPindex
                0x20000fcc                Device_Info
                0x20000fe8                pUser_Standard_Requests
                0x20000fec                pInformation
                0x20000ff0                wInterrupt_Mask
 COMMON         0x20000ff2        0x4 lib/STM32_USB-FS-Device_Driver/libstm32usb.a(usb_int.o)
                0x20000ff2                SaveRState
                0x20000ff4                SaveTState
 *fill*         0x20000ff6        0x2 00
 COMMON         0x20000ff8        0x4 /home/laurence/CodeSourcery/Sourcery_G++_Lite/bin/../lib/gcc/arm-none-eabi/4.5.2/../../../../arm-none-eabi/lib/thumb2/libc.a(lib_a-reent.o)
                0x20000ff8                errno
 *(.ram.b)
                0x20001000                . = ALIGN (0x8)
 *fill*         0x20000ffc        0x4 00
                0x20001000                _ebss = .

.noinit         0x20001000        0x0 load address 0x0801c120
 *(.noinit)
                0x20001000                . = ALIGN (0x8)
                0x20001000                _end = .
                0x20005000                __cs3_region_end_ram = (__cs3_region_start_ram + 0x5000)
                0x00005000                __cs3_region_size_ram = 0x5000
                0x0801ba88                __cs3_region_init_ram = LOADADDR (.data)
                0x00000698                __cs3_region_init_size_ram = (_edata - ADDR (.data))
                0x00000968                __cs3_region_zero_size_ram = (_end - _edata)
                0x00000001                __cs3_region_num = 0x1

.stab
 *(.stab)

.stabstr
 *(.stabstr)

.debug
 *(.debug)

.line
 *(.line)

.debug_srcinfo
 *(.debug_srcinfo)

.debug_sfnames
 *(.debug_sfnames)

.comment        0x00000000       0x2a
 .comment       0x00000000       0x2a Sensors/ppg_new.o
                                 0x2b (size before relaxing)
 .comment       0x00000000       0x2b Sensors/pressure.o
 .comment       0x00000000       0x2b Sensors/temperature.o
 .comment       0x00000000       0x2b Util/USB/hw_config.o
 .comment       0x00000000       0x2b Util/USB/mass_mal.o
 .comment       0x00000000       0x2b Util/USB/memory.o
 .comment       0x00000000       0x2b Util/USB/scsi_data.o
 .comment       0x00000000       0x2b Util/USB/usb_bot.o
 .comment       0x00000000       0x2b Util/USB/usb_desc.o
 .comment       0x00000000       0x2b Util/USB/usb_endp.o
 .comment       0x00000000       0x2b Util/USB/usb_istr.o
 .comment       0x00000000       0x2b Util/USB/usb_prop.o
 .comment       0x00000000       0x2b Util/USB/usb_pwr.o
 .comment       0x00000000       0x2b Util/USB/usb_scsi.o
 .comment       0x00000000       0x2b Util/buffer.o
 .comment       0x00000000       0x2b Util/delay.o
 .comment       0x00000000       0x2b Util/fat_fs/option/cc932.o
 .comment       0x00000000       0x2b Util/fat_fs/option/syscall.o
 .comment       0x00000000       0x2b Util/fat_fs/src/fattime.o
 .comment       0x00000000       0x2b Util/fat_fs/src/ff.o
 .comment       0x00000000       0x2b Util/fat_fs/src/rtc.o
 .comment       0x00000000       0x2b Util/fat_fs/src/sd_spi_stm32.o
 .comment       0x00000000       0x2b Util/rprintf.o
 .comment       0x00000000       0x2b adc.o
 .comment       0x00000000       0x2b gpio.o
 .comment       0x00000000       0x2b i2c_int.o
 .comment       0x00000000       0x2b interrupts.o
 .comment       0x00000000       0x2b lib/CMSIS_CM3/core_cm3.o
 .comment       0x00000000       0x2b lib/CMSIS_CM3/system_stm32f10x.o
 .comment       0x00000000       0x2b main.o
 .comment       0x00000000       0x2b pwr.o
 .comment       0x00000000       0x2b timer.o
 .comment       0x00000000       0x2b usart.o
 .comment       0x00000000       0x2b watchdog.o
 .comment       0x00000000       0x2b lib/STM32F10x_StdPeriph_Driver/libstm32fw.a(misc.o)
 .comment       0x00000000       0x2b lib/STM32F10x_StdPeriph_Driver/libstm32fw.a(stm32f10x_adc.o)
 .comment       0x00000000       0x2b lib/STM32F10x_StdPeriph_Driver/libstm32fw.a(stm32f10x_bkp.o)
 .comment       0x00000000       0x2b lib/STM32F10x_StdPeriph_Driver/libstm32fw.a(stm32f10x_dbgmcu.o)
 .comment       0x00000000       0x2b lib/STM32F10x_StdPeriph_Driver/libstm32fw.a(stm32f10x_dma.o)
 .comment       0x00000000       0x2b lib/STM32F10x_StdPeriph_Driver/libstm32fw.a(stm32f10x_exti.o)
 .comment       0x00000000       0x2b lib/STM32F10x_StdPeriph_Driver/libstm32fw.a(stm32f10x_gpio.o)
 .comment       0x00000000       0x2b lib/STM32F10x_StdPeriph_Driver/libstm32fw.a(stm32f10x_i2c.o)
 .comment       0x00000000       0x2b lib/STM32F10x_StdPeriph_Driver/libstm32fw.a(stm32f10x_iwdg.o)
 .comment       0x00000000       0x2b lib/STM32F10x_StdPeriph_Driver/libstm32fw.a(stm32f10x_pwr.o)
 .comment       0x00000000       0x2b lib/STM32F10x_StdPeriph_Driver/libstm32fw.a(stm32f10x_rcc.o)
 .comment       0x00000000       0x2b lib/STM32F10x_StdPeriph_Driver/libstm32fw.a(stm32f10x_rtc.o)
 .comment       0x00000000       0x2b lib/STM32F10x_StdPeriph_Driver/libstm32fw.a(stm32f10x_spi.o)
 .comment       0x00000000       0x2b lib/STM32F10x_StdPeriph_Driver/libstm32fw.a(stm32f10x_tim.o)
 .comment       0x00000000       0x2b lib/STM32F10x_StdPeriph_Driver/libstm32fw.a(stm32f10x_usart.o)
 .comment       0x00000000       0x2b lib/STM32_USB-FS-Device_Driver/libstm32usb.a(usb_core.o)
 .comment       0x00000000       0x2b lib/STM32_USB-FS-Device_Driver/libstm32usb.a(usb_init.o)
 .comment       0x00000000       0x2b lib/STM32_USB-FS-Device_Driver/libstm32usb.a(usb_int.o)
 .comment       0x00000000       0x2b lib/STM32_USB-FS-Device_Driver/libstm32usb.a(usb_mem.o)
 .comment       0x00000000       0x2b lib/STM32_USB-FS-Device_Driver/libstm32usb.a(usb_regs.o)
 .comment       0x00000000       0x2b lib/STM32_USB-FS-Device_Driver/libstm32usb.a(usb_sil.o)

.debug_aranges  0x00000000      0x408
 *(.debug_aranges)
 .debug_aranges
                0x00000000       0x20 Sensors/ppg_new.o
 .debug_aranges
                0x00000020       0x20 Sensors/pressure.o
 .debug_aranges
                0x00000040       0x20 Sensors/temperature.o
 .debug_aranges
                0x00000060       0x20 Util/USB/hw_config.o
 .debug_aranges
                0x00000080       0x20 Util/USB/mass_mal.o
 .debug_aranges
                0x000000a0       0x20 Util/USB/memory.o
 .debug_aranges
                0x000000c0       0x20 Util/USB/usb_bot.o
 .debug_aranges
                0x000000e0       0x20 Util/USB/usb_endp.o
 .debug_aranges
                0x00000100       0x20 Util/USB/usb_istr.o
 .debug_aranges
                0x00000120       0x20 Util/USB/usb_prop.o
 .debug_aranges
                0x00000140       0x20 Util/USB/usb_pwr.o
 .debug_aranges
                0x00000160       0x20 Util/USB/usb_scsi.o
 .debug_aranges
                0x00000180       0x20 Util/buffer.o
 .debug_aranges
                0x000001a0       0x20 Util/delay.o
 .debug_aranges
                0x000001c0       0x20 Util/fat_fs/option/cc932.o
 .debug_aranges
                0x000001e0       0x20 Util/fat_fs/src/fattime.o
 .debug_aranges
                0x00000200       0x20 Util/fat_fs/src/ff.o
 .debug_aranges
                0x00000220       0x20 Util/fat_fs/src/rtc.o
 .debug_aranges
                0x00000240       0x20 Util/fat_fs/src/sd_spi_stm32.o
 .debug_aranges
                0x00000260       0x20 Util/rprintf.o
 .debug_aranges
                0x00000280       0x20 adc.o
 .debug_aranges
                0x000002a0       0x20 gpio.o
 .debug_aranges
                0x000002c0       0x20 i2c_int.o
 .debug_aranges
                0x000002e0       0x20 interrupts.o
 .debug_aranges
                0x00000300       0x20 lib/CMSIS_CM3/core_cm3.o
 .debug_aranges
                0x00000320       0x28 lib/CMSIS_CM3/startup/gcc/startup_stm32f10x_md.o
 .debug_aranges
                0x00000348       0x20 lib/CMSIS_CM3/system_stm32f10x.o
 .debug_aranges
                0x00000368       0x20 main.o
 .debug_aranges
                0x00000388       0x20 pwr.o
 .debug_aranges
                0x000003a8       0x20 timer.o
 .debug_aranges
                0x000003c8       0x20 usart.o
 .debug_aranges
                0x000003e8       0x20 watchdog.o

.debug_pubnames
                0x00000000     0x16e1
 *(.debug_pubnames)
 .debug_pubnames
                0x00000000       0x87 Sensors/ppg_new.o
 .debug_pubnames
                0x00000087       0x80 Sensors/pressure.o
 .debug_pubnames
                0x00000107       0x8d Sensors/temperature.o
 .debug_pubnames
                0x00000194      0x113 Util/USB/hw_config.o
 .debug_pubnames
                0x000002a7       0xa5 Util/USB/mass_mal.o
 .debug_pubnames
                0x0000034c       0x7f Util/USB/memory.o
 .debug_pubnames
                0x000003cb       0xd2 Util/USB/scsi_data.o
 .debug_pubnames
                0x0000049d       0xd9 Util/USB/usb_bot.o
 .debug_pubnames
                0x00000576       0xb8 Util/USB/usb_desc.o
 .debug_pubnames
                0x0000062e       0x3b Util/USB/usb_endp.o
 .debug_pubnames
                0x00000669       0x56 Util/USB/usb_istr.o
 .debug_pubnames
                0x000006bf      0x1f6 Util/USB/usb_prop.o
 .debug_pubnames
                0x000008b5       0x83 Util/USB/usb_pwr.o
 .debug_pubnames
                0x00000938      0x195 Util/USB/usb_scsi.o
 .debug_pubnames
                0x00000acd       0x59 Util/buffer.o
 .debug_pubnames
                0x00000b26       0x1c Util/delay.o
 .debug_pubnames
                0x00000b42       0x31 Util/fat_fs/option/cc932.o
 .debug_pubnames
                0x00000b73       0x22 Util/fat_fs/src/fattime.o
 .debug_pubnames
                0x00000b95      0x14a Util/fat_fs/src/ff.o
 .debug_pubnames
                0x00000cdf       0x55 Util/fat_fs/src/rtc.o
 .debug_pubnames
                0x00000d34       0xdb Util/fat_fs/src/sd_spi_stm32.o
 .debug_pubnames
                0x00000e0f       0xf9 Util/rprintf.o
 .debug_pubnames
                0x00000f08       0x66 adc.o
 .debug_pubnames
                0x00000f6e       0x72 gpio.o
 .debug_pubnames
                0x00000fe0       0xc7 i2c_int.o
 .debug_pubnames
                0x000010a7      0x1a8 interrupts.o
 .debug_pubnames
                0x0000124f      0x159 lib/CMSIS_CM3/core_cm3.o
 .debug_pubnames
                0x000013a8       0xa3 lib/CMSIS_CM3/system_stm32f10x.o
 .debug_pubnames
                0x0000144b      0x163 main.o
 .debug_pubnames
                0x000015ae       0x54 pwr.o
 .debug_pubnames
                0x00001602       0x3b timer.o
 .debug_pubnames
                0x0000163d       0x64 usart.o
 .debug_pubnames
                0x000016a1       0x40 watchdog.o

.debug_info     0x00000000     0xdef7
 *(.debug_info .gnu.linkonce.wi.*)
 .debug_info    0x00000000      0x6cb Sensors/ppg_new.o
 .debug_info    0x000006cb      0x1ed Sensors/pressure.o
 .debug_info    0x000008b8      0x123 Sensors/temperature.o
 .debug_info    0x000009db      0x738 Util/USB/hw_config.o
 .debug_info    0x00001113      0x336 Util/USB/mass_mal.o
 .debug_info    0x00001449      0x39f Util/USB/memory.o
 .debug_info    0x000017e8      0x16b Util/USB/scsi_data.o
 .debug_info    0x00001953      0x49d Util/USB/usb_bot.o
 .debug_info    0x00001df0      0x187 Util/USB/usb_desc.o
 .debug_info    0x00001f77       0x98 Util/USB/usb_endp.o
 .debug_info    0x0000200f      0x311 Util/USB/usb_istr.o
 .debug_info    0x00002320      0x9bb Util/USB/usb_prop.o
 .debug_info    0x00002cdb      0x3c3 Util/USB/usb_pwr.o
 .debug_info    0x0000309e      0x87e Util/USB/usb_scsi.o
 .debug_info    0x0000391c      0x1ba Util/buffer.o
 .debug_info    0x00003ad6       0xc8 Util/delay.o
 .debug_info    0x00003b9e      0x1b9 Util/fat_fs/option/cc932.o
 .debug_info    0x00003d57       0x77 Util/fat_fs/option/syscall.o
 .debug_info    0x00003dce      0x15a Util/fat_fs/src/fattime.o
 .debug_info    0x00003f28     0x3272 Util/fat_fs/src/ff.o
 .debug_info    0x0000719a      0x532 Util/fat_fs/src/rtc.o
 .debug_info    0x000076cc     0x1387 Util/fat_fs/src/sd_spi_stm32.o
 .debug_info    0x00008a53      0xe1f Util/rprintf.o
 .debug_info    0x00009872      0x44d adc.o
 .debug_info    0x00009cbf      0x2a3 gpio.o
 .debug_info    0x00009f62      0x6ba i2c_int.o
 .debug_info    0x0000a61c      0xe6b interrupts.o
 .debug_info    0x0000b487      0x543 lib/CMSIS_CM3/core_cm3.o
 .debug_info    0x0000b9ca       0x82 lib/CMSIS_CM3/startup/gcc/startup_stm32f10x_md.o
 .debug_info    0x0000ba4c      0x2d0 lib/CMSIS_CM3/system_stm32f10x.o
 .debug_info    0x0000bd1c     0x1402 main.o
 .debug_info    0x0000d11e      0x346 pwr.o
 .debug_info    0x0000d464      0x56c timer.o
 .debug_info    0x0000d9d0      0x449 usart.o
 .debug_info    0x0000de19       0xde watchdog.o

.debug_abbrev   0x00000000     0x3075
 *(.debug_abbrev)
 .debug_abbrev  0x00000000      0x1d1 Sensors/ppg_new.o
 .debug_abbrev  0x000001d1      0x10a Sensors/pressure.o
 .debug_abbrev  0x000002db       0x79 Sensors/temperature.o
 .debug_abbrev  0x00000354      0x2d3 Util/USB/hw_config.o
 .debug_abbrev  0x00000627      0x111 Util/USB/mass_mal.o
 .debug_abbrev  0x00000738      0x148 Util/USB/memory.o
 .debug_abbrev  0x00000880       0x5c Util/USB/scsi_data.o
 .debug_abbrev  0x000008dc      0x198 Util/USB/usb_bot.o
 .debug_abbrev  0x00000a74       0x63 Util/USB/usb_desc.o
 .debug_abbrev  0x00000ad7       0x41 Util/USB/usb_endp.o
 .debug_abbrev  0x00000b18      0x113 Util/USB/usb_istr.o
 .debug_abbrev  0x00000c2b      0x1d0 Util/USB/usb_prop.o
 .debug_abbrev  0x00000dfb      0x1bd Util/USB/usb_pwr.o
 .debug_abbrev  0x00000fb8      0x253 Util/USB/usb_scsi.o
 .debug_abbrev  0x0000120b       0xd8 Util/buffer.o
 .debug_abbrev  0x000012e3       0x7e Util/delay.o
 .debug_abbrev  0x00001361       0xd2 Util/fat_fs/option/cc932.o
 .debug_abbrev  0x00001433       0x2c Util/fat_fs/option/syscall.o
 .debug_abbrev  0x0000145f       0x97 Util/fat_fs/src/fattime.o
 .debug_abbrev  0x000014f6      0x2f7 Util/fat_fs/src/ff.o
 .debug_abbrev  0x000017ed      0x213 Util/fat_fs/src/rtc.o
 .debug_abbrev  0x00001a00      0x37f Util/fat_fs/src/sd_spi_stm32.o
 .debug_abbrev  0x00001d7f      0x2e4 Util/rprintf.o
 .debug_abbrev  0x00002063      0x143 adc.o
 .debug_abbrev  0x000021a6      0x158 gpio.o
 .debug_abbrev  0x000022fe      0x1f5 i2c_int.o
 .debug_abbrev  0x000024f3      0x22d interrupts.o
 .debug_abbrev  0x00002720       0xd2 lib/CMSIS_CM3/core_cm3.o
 .debug_abbrev  0x000027f2       0x12 lib/CMSIS_CM3/startup/gcc/startup_stm32f10x_md.o
 .debug_abbrev  0x00002804      0x112 lib/CMSIS_CM3/system_stm32f10x.o
 .debug_abbrev  0x00002916      0x2dd main.o
 .debug_abbrev  0x00002bf3      0x10c pwr.o
 .debug_abbrev  0x00002cff      0x15b timer.o
 .debug_abbrev  0x00002e5a      0x186 usart.o
 .debug_abbrev  0x00002fe0       0x95 watchdog.o

.debug_line     0x00000000     0xd418
 *(.debug_line)
 .debug_line    0x00000000      0x7d8 Sensors/ppg_new.o
 .debug_line    0x000007d8      0x39a Sensors/pressure.o
 .debug_line    0x00000b72      0x502 Sensors/temperature.o
 .debug_line    0x00001074      0x92a Util/USB/hw_config.o
 .debug_line    0x0000199e      0x7a1 Util/USB/mass_mal.o
 .debug_line    0x0000213f      0x7e2 Util/USB/memory.o
 .debug_line    0x00002921      0x339 Util/USB/scsi_data.o
 .debug_line    0x00002c5a      0x55c Util/USB/usb_bot.o
 .debug_line    0x000031b6      0x2ed Util/USB/usb_desc.o
 .debug_line    0x000034a3      0x3ba Util/USB/usb_endp.o
 .debug_line    0x0000385d      0x3f5 Util/USB/usb_istr.o
 .debug_line    0x00003c52      0x7f3 Util/USB/usb_prop.o
 .debug_line    0x00004445      0x44d Util/USB/usb_pwr.o
 .debug_line    0x00004892      0x991 Util/USB/usb_scsi.o
 .debug_line    0x00005223      0x4be Util/buffer.o
 .debug_line    0x000056e1      0x2fd Util/delay.o
 .debug_line    0x000059de       0xd8 Util/fat_fs/option/cc932.o
 .debug_line    0x00005ab6      0x2fc Util/fat_fs/option/syscall.o
 .debug_line    0x00005db2      0x179 Util/fat_fs/src/fattime.o
 .debug_line    0x00005f2b     0x1ed8 Util/fat_fs/src/ff.o
 .debug_line    0x00007e03      0x47f Util/fat_fs/src/rtc.o
 .debug_line    0x00008282      0xc8e Util/fat_fs/src/sd_spi_stm32.o
 .debug_line    0x00008f10      0xd16 Util/rprintf.o
 .debug_line    0x00009c26      0x70e adc.o
 .debug_line    0x0000a334      0x453 gpio.o
 .debug_line    0x0000a787      0x6c2 i2c_int.o
 .debug_line    0x0000ae49      0x7f4 interrupts.o
 .debug_line    0x0000b63d      0x198 lib/CMSIS_CM3/core_cm3.o
 .debug_line    0x0000b7d5       0x84 lib/CMSIS_CM3/startup/gcc/startup_stm32f10x_md.o
 .debug_line    0x0000b859      0x336 lib/CMSIS_CM3/system_stm32f10x.o
 .debug_line    0x0000bb8f      0x886 main.o
 .debug_line    0x0000c415      0x3a4 pwr.o
 .debug_line    0x0000c7b9      0x3b7 timer.o
 .debug_line    0x0000cb70      0x5a0 usart.o
 .debug_line    0x0000d110      0x308 watchdog.o

.debug_frame    0x00000000     0x2194
 *(.debug_frame)
 .debug_frame   0x00000000       0x98 Sensors/ppg_new.o
 .debug_frame   0x00000098       0x8c Sensors/pressure.o
 .debug_frame   0x00000124       0x40 Sensors/temperature.o
 .debug_frame   0x00000164       0xec Util/USB/hw_config.o
 .debug_frame   0x00000250       0x84 Util/USB/mass_mal.o
 .debug_frame   0x000002d4       0x50 Util/USB/memory.o
 .debug_frame   0x00000324       0xc0 Util/USB/usb_bot.o
 .debug_frame   0x000003e4       0x30 Util/USB/usb_endp.o
 .debug_frame   0x00000414       0x2c Util/USB/usb_istr.o
 .debug_frame   0x00000440      0x11c Util/USB/usb_prop.o
 .debug_frame   0x0000055c       0x90 Util/USB/usb_pwr.o
 .debug_frame   0x000005ec      0x180 Util/USB/usb_scsi.o
 .debug_frame   0x0000076c       0x74 Util/buffer.o
 .debug_frame   0x000007e0       0x24 Util/delay.o
 .debug_frame   0x00000804       0x3c Util/fat_fs/option/cc932.o
 .debug_frame   0x00000840       0x2c Util/fat_fs/src/fattime.o
 .debug_frame   0x0000086c      0x564 Util/fat_fs/src/ff.o
 .debug_frame   0x00000dd0       0x84 Util/fat_fs/src/rtc.o
 .debug_frame   0x00000e54      0x198 Util/fat_fs/src/sd_spi_stm32.o
 .debug_frame   0x00000fec      0x1d4 Util/rprintf.o
 .debug_frame   0x000011c0       0x78 adc.o
 .debug_frame   0x00001238       0x78 gpio.o
 .debug_frame   0x000012b0       0xa0 i2c_int.o
 .debug_frame   0x00001350      0x19c interrupts.o
 .debug_frame   0x000014ec      0x170 lib/CMSIS_CM3/core_cm3.o
 .debug_frame   0x0000165c       0x24 lib/CMSIS_CM3/system_stm32f10x.o
 .debug_frame   0x00001680       0x94 main.o
 .debug_frame   0x00001714       0x70 pwr.o
 .debug_frame   0x00001784       0x5c timer.o
 .debug_frame   0x000017e0       0x78 usart.o
 .debug_frame   0x00001858       0x40 watchdog.o
 .debug_frame   0x00001898       0x2c /home/laurence/CodeSourcery/Sourcery_G++_Lite/bin/../lib/gcc/arm-none-eabi/4.5.2/../../../../arm-none-eabi/lib/thumb2/libm.a(lib_a-sf_sin.o)
 .debug_frame   0x000018c4       0x30 /home/laurence/CodeSourcery/Sourcery_G++_Lite/bin/../lib/gcc/arm-none-eabi/4.5.2/../../../../arm-none-eabi/lib/thumb2/libm.a(lib_a-wf_asin.o)
 .debug_frame   0x000018f4       0x30 /home/laurence/CodeSourcery/Sourcery_G++_Lite/bin/../lib/gcc/arm-none-eabi/4.5.2/../../../../arm-none-eabi/lib/thumb2/libm.a(lib_a-wf_sqrt.o)
 .debug_frame   0x00001924       0x34 /home/laurence/CodeSourcery/Sourcery_G++_Lite/bin/../lib/gcc/arm-none-eabi/4.5.2/../../../../arm-none-eabi/lib/thumb2/libm.a(lib_a-ef_asin.o)
 .debug_frame   0x00001958       0x3c /home/laurence/CodeSourcery/Sourcery_G++_Lite/bin/../lib/gcc/arm-none-eabi/4.5.2/../../../../arm-none-eabi/lib/thumb2/libm.a(lib_a-ef_rem_pio2.o)