Archive member included because of file (symbol)

lib/STM32F10x_StdPeriph_Driver/libstm32fw.a(misc.o)
                              Util/USB/hw_config.o (NVIC_PriorityGroupConfig)
lib/STM32F10x_StdPeriph_Driver/libstm32fw.a(stm32f10x_adc.o)
                              adc.o (ADC_DeInit)
lib/STM32F10x_StdPeriph_Driver/libstm32fw.a(stm32f10x_bkp.o)
                              Util/fat_fs/src/rtc.o (BKP_DeInit)
lib/STM32F10x_StdPeriph_Driver/libstm32fw.a(stm32f10x_dma.o)
                              Util/fat_fs/src/sd_spi_stm32.o (DMA_DeInit)
lib/STM32F10x_StdPeriph_Driver/libstm32fw.a(stm32f10x_exti.o)
                              interrupts.o (EXTI_DeInit)
lib/STM32F10x_StdPeriph_Driver/libstm32fw.a(stm32f10x_gpio.o)
                              Util/fat_fs/src/sd_spi_stm32.o (GPIO_Init)
lib/STM32F10x_StdPeriph_Driver/libstm32fw.a(stm32f10x_pwr.o)
                              pwr.o (PWR_DeInit)
lib/STM32F10x_StdPeriph_Driver/libstm32fw.a(stm32f10x_rcc.o)
                              interrupts.o (RCC_HCLKConfig)
lib/STM32F10x_StdPeriph_Driver/libstm32fw.a(stm32f10x_rtc.o)
                              Util/fat_fs/src/rtc.o (RTC_GetCounter)
lib/STM32F10x_StdPeriph_Driver/libstm32fw.a(stm32f10x_spi.o)
                              Util/fat_fs/src/sd_spi_stm32.o (SPI_I2S_DeInit)
lib/STM32F10x_StdPeriph_Driver/libstm32fw.a(stm32f10x_usart.o)
                              usart.o (USART_Init)
lib/STM32_USB-FS-Device_Driver/libstm32usb.a(usb_core.o)
                              Util/USB/usb_prop.o (Standard_GetDescriptorData)
lib/STM32_USB-FS-Device_Driver/libstm32usb.a(usb_init.o)
                              main.o (USB_Init)
lib/STM32_USB-FS-Device_Driver/libstm32usb.a(usb_int.o)
                              Util/USB/usb_istr.o (CTR_LP)
lib/STM32_USB-FS-Device_Driver/libstm32usb.a(usb_mem.o)
                              lib/STM32_USB-FS-Device_Driver/libstm32usb.a(usb_core.o) (UserToPMABufferCopy)
lib/STM32_USB-FS-Device_Driver/libstm32usb.a(usb_regs.o)
                              Util/USB/usb_prop.o (SetBTABLE)
lib/STM32_USB-FS-Device_Driver/libstm32usb.a(usb_sil.o)
                              Util/USB/usb_prop.o (USB_SIL_Init)
/home/laurence/CodeSourcery/Sourcery_G++_Lite/bin/../lib/gcc/arm-none-eabi/4.5.2/thumb2/libgcc.a(_arm_addsubdf3.o)
                              Sensors/pressure.o (__aeabi_dsub)
/home/laurence/CodeSourcery/Sourcery_G++_Lite/bin/../lib/gcc/arm-none-eabi/4.5.2/thumb2/libgcc.a(_arm_muldivdf3.o)
                              Sensors/pressure.o (__aeabi_dmul)
/home/laurence/CodeSourcery/Sourcery_G++_Lite/bin/../lib/gcc/arm-none-eabi/4.5.2/thumb2/libgcc.a(_arm_truncdfsf2.o)
                              Sensors/pressure.o (__aeabi_d2f)
/home/laurence/CodeSourcery/Sourcery_G++_Lite/bin/../lib/gcc/arm-none-eabi/4.5.2/thumb2/libgcc.a(_arm_addsubsf3.o)
                              Util/rprintf.o (__aeabi_fsub)
/home/laurence/CodeSourcery/Sourcery_G++_Lite/bin/../lib/gcc/arm-none-eabi/4.5.2/thumb2/libgcc.a(_arm_muldivsf3.o)
                              Util/rprintf.o (__aeabi_fmul)
/home/laurence/CodeSourcery/Sourcery_G++_Lite/bin/../lib/gcc/arm-none-eabi/4.5.2/thumb2/libgcc.a(_arm_cmpsf2.o)
                              Util/rprintf.o (__aeabi_fcmpeq)
/home/laurence/CodeSourcery/Sourcery_G++_Lite/bin/../lib/gcc/arm-none-eabi/4.5.2/thumb2/libgcc.a(_arm_fixunssfsi.o)
                              Util/rprintf.o (__aeabi_f2uiz)
/home/laurence/CodeSourcery/Sourcery_G++_Lite/bin/../lib/gcc/arm-none-eabi/4.5.2/../../../../arm-none-eabi/lib/thumb2/libc.a(lib_a-malloc.o)
                              Util/USB/mass_mal.o (malloc)
/home/laurence/CodeSourcery/Sourcery_G++_Lite/bin/../lib/gcc/arm-none-eabi/4.5.2/../../../../arm-none-eabi/lib/thumb2/libc.a(lib_a-mallocr.o)
                              /home/laurence/CodeSourcery/Sourcery_G++_Lite/bin/../lib/gcc/arm-none-eabi/4.5.2/../../../../arm-none-eabi/lib/thumb2/libc.a(lib_a-malloc.o) (_malloc_r)
/home/laurence/CodeSourcery/Sourcery_G++_Lite/bin/../lib/gcc/arm-none-eabi/4.5.2/../../../../arm-none-eabi/lib/thumb2/libc.a(lib_a-mlock.o)
                              /home/laurence/CodeSourcery/Sourcery_G++_Lite/bin/../lib/gcc/arm-none-eabi/4.5.2/../../../../arm-none-eabi/lib/thumb2/libc.a(lib_a-mallocr.o) (__malloc_lock)
/home/laurence/CodeSourcery/Sourcery_G++_Lite/bin/../lib/gcc/arm-none-eabi/4.5.2/../../../../arm-none-eabi/lib/thumb2/libc.a(lib_a-sbrkr.o)
                              /home/laurence/CodeSourcery/Sourcery_G++_Lite/bin/../lib/gcc/arm-none-eabi/4.5.2/../../../../arm-none-eabi/lib/thumb2/libc.a(lib_a-mallocr.o) (_sbrk_r)
/home/laurence/CodeSourcery/Sourcery_G++_Lite/bin/../lib/gcc/arm-none-eabi/4.5.2/../../../../arm-none-eabi/lib/thumb2/libc.a(lib_a-freer.o)
                              /home/laurence/CodeSourcery/Sourcery_G++_Lite/bin/../lib/gcc/arm-none-eabi/4.5.2/../../../../arm-none-eabi/lib/thumb2/libc.a(lib_a-malloc.o) (_free_r)
[...]
Memory Configuration

Name             Origin             Length             Attributes
ram              0x20000000         0x00005000         xrw
rom              0x08000000         0x00020000         xr
*default*        0x00000000         0xffffffff

Linker script and memory map

LOAD /home/laurence/CodeSourcery/Sourcery_G++_Lite/bin/../lib/gcc/arm-none-eabi/4.5.2/thumb2/crti.o
LOAD /home/laurence/CodeSourcery/Sourcery_G++_Lite/bin/../lib/gcc/arm-none-eabi/4.5.2/thumb2/crtbegin.o
LOAD Sensors/pressure.o
LOAD Util/USB/hw_config.o
LOAD Util/USB/mass_mal.o
LOAD Util/USB/memory.o
LOAD Util/USB/scsi_data.o
LOAD Util/USB/usb_bot.o
LOAD Util/USB/usb_desc.o
LOAD Util/USB/usb_endp.o
LOAD Util/USB/usb_istr.o
LOAD Util/USB/usb_prop.o
LOAD Util/USB/usb_pwr.o
LOAD Util/USB/usb_scsi.o
LOAD Util/fat_fs/src/fattime.o
LOAD Util/fat_fs/src/ff.o
LOAD Util/fat_fs/src/rtc.o
LOAD Util/fat_fs/src/sd_spi_stm32.o
LOAD Util/rprintf.o
LOAD Util/stm32_eval_spi_sd.o
LOAD adc.o
LOAD gpio.o
LOAD interrupts.o
LOAD lib/CMSIS_CM3/core_cm3.o
LOAD lib/CMSIS_CM3/startup/gcc/startup_stm32f10x_md.o
LOAD lib/CMSIS_CM3/system_stm32f10x.o
LOAD main.o
LOAD pwr.o
LOAD usart.o
LOAD lib/STM32F10x_StdPeriph_Driver/libstm32fw.a
LOAD lib/STM32_USB-FS-Device_Driver/libstm32usb.a
LOAD /home/laurence/CodeSourcery/Sourcery_G++_Lite/bin/../lib/gcc/arm-none-eabi/4.5.2/../../../../arm-none-eabi/lib/thumb2/libm.a
START GROUP
LOAD /home/laurence/CodeSourcery/Sourcery_G++_Lite/bin/../lib/gcc/arm-none-eabi/4.5.2/thumb2/libgcc.a
LOAD /home/laurence/CodeSourcery/Sourcery_G++_Lite/bin/../lib/gcc/arm-none-eabi/4.5.2/../../../../arm-none-eabi/lib/thumb2/libc.a
END GROUP
LOAD /home/laurence/CodeSourcery/Sourcery_G++_Lite/bin/../lib/gcc/arm-none-eabi/4.5.2/thumb2/crtend.o
LOAD /home/laurence/CodeSourcery/Sourcery_G++_Lite/bin/../lib/gcc/arm-none-eabi/4.5.2/thumb2/crtn.o
START GROUP
LOAD /home/laurence/CodeSourcery/Sourcery_G++_Lite/bin/../lib/gcc/arm-none-eabi/4.5.2/thumb2/libgcc.a
LOAD /home/laurence/CodeSourcery/Sourcery_G++_Lite/bin/../lib/gcc/arm-none-eabi/4.5.2/../../../../arm-none-eabi/lib/thumb2/libc.a
LOAD /home/laurence/CodeSourcery/Sourcery_G++_Lite/bin/../lib/gcc/arm-none-eabi/4.5.2/../../../../arm-none-eabi/lib/thumb2/libcs3.a
LOAD /home/laurence/CodeSourcery/Sourcery_G++_Lite/bin/../lib/gcc/arm-none-eabi/4.5.2/../../../../arm-none-eabi/lib/thumb2/libcs3unhosted.a
LOAD lib/libcs3-lanchon-stm32.a
END GROUP
                0x20005000                PROVIDE (__cs3_stack, (__cs3_region_start_ram + __cs3_region_size_ram))
                0x20000ce0                PROVIDE (__cs3_heap_start, _end)
                0x20005000                PROVIDE (__cs3_heap_end, (__cs3_region_start_ram + __cs3_region_size_ram))

.text           0x08000000     0xdc00
 CREATE_OBJECT_SYMBOLS
                0x08000000                __cs3_region_start_rom = .
 *(.cs3.region-head.rom)
                0x08000000                __cs3_interrupt_vector = __cs3_interrupt_vector_lanchon_stm32
 *(.cs3.interrupt_vector)
 .cs3.interrupt_vector
                0x08000000       0xec lib/libcs3-lanchon-stm32.a(lanchon-stm32-vector.o)
                0x08000000                __cs3_interrupt_vector_lanchon_stm32
                0x08000001                ASSERT ((. != __cs3_interrupt_vector_lanchon_stm32), No interrupt vector)
 *(.rom)
 *(.rom.b)
                0x0800d9ec                PROVIDE (__cs3_reset_lanchon_stm32, _start)
                0x0800d9ec                __cs3_reset = __cs3_reset_lanchon_stm32
 *(.cs3.reset)
 *(.text .text.* .gnu.linkonce.t.*)
 .text          0x080000ec       0x30 /home/laurence/CodeSourcery/Sourcery_G++_Lite/bin/../lib/gcc/arm-none-eabi/4.5.2/thumb2/crtbegin.o
 *fill*         0x0800011c        0x4 00
 .text          0x08000120      0x130 Sensors/pressure.o
                0x08000120                calibrate_sensor
                0x08000208                conv_adc_diff
 .text          0x08000250      0x2a0 Util/USB/hw_config.o
                0x08000250                Set_System
                0x08000258                Set_USBClock
                0x08000270                Enter_LowPowerMode
                0x0800027c                Leave_LowPowerMode
                0x0800029c                USB_Interrupts_Config
                0x080002e0                Led_RW_ON
                0x080002f0                Led_RW_OFF
                0x08000300                USB_Configured_LED
                0x08000310                USB_NotConfigured_LED
                0x08000320                USB_Cable_Config
                0x08000324                Get_SerialNum
                0x080004e8                MAL_Config
 .text          0x080004f0       0xd8 Util/USB/mass_mal.o
                0x080004f0                MAL_Init
                0x08000538                MAL_Write
                0x0800055c                MAL_Read
                0x08000580                MAL_GetStatus
 .text          0x080005c8      0x1cc Util/USB/memory.o
                0x080005c8                Read_Memory
                0x080006a4                Write_Memory
 .text          0x08000794      0x654 Util/USB/usb_bot.o
                0x08000794                Mass_Storage_In
                0x0800080c                CBW_Decode
                0x08000cc8                Mass_Storage_Out
                0x08000d3c                Transfer_Data_Request
                0x08000d6c                Set_CSW
                0x08000da8                Bot_Abort
 .text          0x08000de8        0x8 Util/USB/usb_endp.o
                0x08000de8                EP1_IN_Callback
                0x08000dec                EP2_OUT_Callback
 .text          0x08000df0       0xec Util/USB/usb_istr.o
                0x08000df0                USB_Istr
 .text          0x08000edc      0x268 Util/USB/usb_prop.o
                0x08000edc                Mass_Storage_SetDeviceAddress
                0x08000ee8                MASS_Status_In
                0x08000eec                MASS_Status_Out
                0x08000ef0                MASS_Get_Interface_Setting
                0x08000f00                Get_Max_Lun
                0x08000f18                MASS_Data_Setup
                0x08000f5c                MASS_GetStringDescriptor
                0x08000f7c                MASS_GetConfigDescriptor
                0x08000f88                MASS_GetDeviceDescriptor
                0x08000f94                MASS_NoData_Setup
                0x08000fe4                Mass_Storage_SetConfiguration
                0x08001014                Mass_Storage_ClearFeature
                0x08001030                MASS_Reset
                0x08001120                MASS_init
 .text          0x08001144      0x1c4 Util/USB/usb_pwr.o
                0x08001144                PowerOn
                0x08001174                PowerOff
                0x08001198                Suspend
                0x080011dc                Resume_Init
                0x0800121c                Resume
 .text          0x08001308      0x460 Util/USB/usb_scsi.o
                0x08001308                SCSI_Inquiry_Cmd
                0x08001340                SCSI_ReadFormatCapacity_Cmd
                0x080013b4                SCSI_ReadCapacity10_Cmd
                0x08001430                SCSI_ModeSense6_Cmd
                0x0800143c                SCSI_ModeSense10_Cmd
                0x08001448                SCSI_RequestSense_Cmd
                0x08001460                Set_Scsi_Sense_Data
                0x0800146c                SCSI_Start_Stop_Unit_Cmd
                0x08001474                SCSI_Read10_Cmd
                0x08001524                SCSI_Write10_Cmd
                0x080015d0                SCSI_Verify10_Cmd
                0x08001610                SCSI_Valid_Cmd
                0x08001648                SCSI_TestUnitReady_Cmd
                0x0800167c                SCSI_Format_Cmd
                0x080016a8                SCSI_Invalid_Cmd
                0x080016e4                SCSI_Address_Management
 .text          0x08001768       0x48 Util/fat_fs/src/fattime.o
                0x08001768                get_fattime
 .text          0x080017b0     0x44dc Util/fat_fs/src/ff.o
                0x08001ea4                clust2sect
                0x08001ec0                get_fat
                0x08002464                put_fat
                0x08003880                f_mount
                0x080038a0                f_open
                0x08003d0c                f_read
                0x080041cc                f_write
                0x080046f4                f_sync
                0x080048cc                f_close
                0x080048dc                f_lseek
                0x08004aa8                f_opendir
                0x08004b10                f_readdir
                0x08004cb8                f_stat
                0x08004d00                f_getfree
                0x08004f64                f_truncate
                0x080050d4                f_unlink
                0x08005434                f_mkdir
                0x08005874                f_chmod
                0x080058cc                f_utime
                0x08005928                f_rename
 .text          0x08005c8c      0x4f4 Util/fat_fs/src/rtc.o
                0x08005c8c                rtc_gettime
                0x08005e0c                my_RTC_SetCounter
                0x08005e30                rtc_settime
                0x080060d4                rtc_init
 .text          0x08006180      0xfa8 Util/fat_fs/src/sd_spi_stm32.o
                0x080065b8                disk_initialize
                0x08006764                disk_status
                0x08006774                disk_read
                0x080068f0                disk_write
                0x08006a90                disk_ioctl
                0x080070ec                disk_timerproc
 .text          0x08007128     0x1dcc Util/rprintf.o
                0x08007128                rprintfInit
                0x08007134                rprintfChar
                0x0800715c                rprintfStr
                0x08007194                rprintfStrLen
                0x080073a4                rprintfCRLF
                0x080073bc                rprintfu04
                0x080073e8                rprintfu08
                0x08007430                rprintfu16
                0x080074cc                rprintfu32
                0x08007618                rprintfNum
                0x08007ac0                rprintfFloat
                0x08007d2c                rprintf2RamRom
                0x08008e9c                Isdigit
                0x08008eac                atoiRamRom
                0x08008ee4                rStrLen
 .text          0x08008ef4       0xa0 adc.o
                0x08008ef4                ADC_Configuration
                0x08008f64                readADC1
 .text          0x08008f94      0x16c gpio.o
                0x08008f94                setup_gpio
                0x080090a4                switch_leds_on
                0x080090cc                switch_leds_off
                0x080090f4                get_wkup
 .text          0x08009100      0x144 interrupts.o
                0x08009100                EXTI_Config
                0x0800918c                SysTick_Configuration
                0x080091c0                EXTI0_IRQHandler
                0x08009238                SysTickHandler
                0x0800923c                USB_HP_CAN_TX_IRQHandler
                0x08009240                USB_LP_CAN_RX0_IRQHandler
 .text.Default_Handler
                0x08009244        0x2 lib/CMSIS_CM3/startup/gcc/startup_stm32f10x_md.o
                0x08009244                EXTI2_IRQHandler
                0x08009244                DebugMon_Handler
                0x08009244                TIM1_CC_IRQHandler
                0x08009244                HardFault_Handler
                0x08009244                SysTick_Handler
                0x08009244                PVD_IRQHandler
                0x08009244                PendSV_Handler
                0x08009244                NMI_Handler
                0x08009244                EXTI3_IRQHandler
                0x08009244                I2C2_EV_IRQHandler
                0x08009244                UsageFault_Handler
                0x08009244                ADC1_2_IRQHandler
                0x08009244                SPI1_IRQHandler
                0x08009244                TAMPER_IRQHandler
                0x08009244                DMA1_Channel4_IRQHandler
                0x08009244                USART3_IRQHandler
                0x08009244                RTC_IRQHandler
                0x08009244                DMA1_Channel7_IRQHandler
                0x08009244                CAN1_RX1_IRQHandler
                0x08009244                TIM4_IRQHandler
                0x08009244                I2C1_EV_IRQHandler
                0x08009244                DMA1_Channel6_IRQHandler
                0x08009244                TIM3_IRQHandler
                0x08009244                RCC_IRQHandler
                0x08009244                TIM1_TRG_COM_IRQHandler
                0x08009244                DMA1_Channel1_IRQHandler
                0x08009244                Default_Handler
                0x08009244                EXTI15_10_IRQHandler
                0x08009244                EXTI9_5_IRQHandler
                0x08009244                SPI2_IRQHandler
                0x08009244                MemManage_Handler
                0x08009244                SVC_Handler
                0x08009244                DMA1_Channel5_IRQHandler
                0x08009244                EXTI4_IRQHandler
                0x08009244                USB_LP_CAN1_RX0_IRQHandler
                0x08009244                USB_HP_CAN1_TX_IRQHandler
                0x08009244                DMA1_Channel3_IRQHandler
                0x08009244                TIM1_UP_IRQHandler
                0x08009244                WWDG_IRQHandler
                0x08009244                TIM2_IRQHandler
                0x08009244                TIM1_BRK_IRQHandler
                0x08009244                EXTI1_IRQHandler
                0x08009244                RTCAlarm_IRQHandler
                0x08009244                USART2_IRQHandler
                0x08009244                I2C2_ER_IRQHandler
                0x08009244                DMA1_Channel2_IRQHandler
                0x08009244                CAN1_SCE_IRQHandler
                0x08009244                FLASH_IRQHandler
                0x08009244                BusFault_Handler
                0x08009244                USART1_IRQHandler
                0x08009244                I2C1_ER_IRQHandler
                0x08009244                USBWakeUp_IRQHandler
 *fill*         0x08009246        0x2 00
 .text          0x08009248       0xfc lib/CMSIS_CM3/system_stm32f10x.o
                0x08009248                SystemInit
 .text          0x08009344      0x1a4 main.o
                0x08009344                __fat_print_char
                0x08009360                main
 .text          0x080094e8       0x2c pwr.o
                0x080094e8                setuppwr
                0x080094fc                shutdown
                0x0800950c                disable_pin
 .text          0x08009514      0x110 usart.o
                0x08009514                Usarts_Init
                0x080095c0                Default_Usart_Config
                0x080095dc                Usart_Send_Str
                0x08009608                __usart_send_char
 .text          0x08009624       0xb8 lib/STM32F10x_StdPeriph_Driver/libstm32fw.a(misc.o)
                0x08009624                NVIC_PriorityGroupConfig
                0x08009638                NVIC_Init
                0x08009698                NVIC_SetVectorTable
                0x080096ac                NVIC_SystemLPConfig
                0x080096c4                SysTick_CLKSourceConfig
 .text          0x080096dc      0x380 lib/STM32F10x_StdPeriph_Driver/libstm32fw.a(stm32f10x_adc.o)
                0x080096dc                ADC_DeInit
                0x08009738                ADC_Init
                0x08009784                ADC_StructInit
                0x08009796                ADC_Cmd
                0x080097aa                ADC_DMACmd
                0x080097be                ADC_ITConfig
                0x080097d2                ADC_ResetCalibration
                0x080097dc                ADC_GetResetCalibrationStatus
                0x080097e4                ADC_StartCalibration
                0x080097ee                ADC_GetCalibrationStatus
                0x080097f6                ADC_SoftwareStartConvCmd
                0x0800980a                ADC_GetSoftwareStartConvStatus
                0x08009812                ADC_DiscModeChannelCountConfig
                0x08009822                ADC_DiscModeCmd
                0x08009836                ADC_RegularChannelConfig
                0x080098c4                ADC_ExternalTrigConvCmd
                0x080098d8                ADC_GetConversionValue
                0x080098de                ADC_GetDualModeConversionValue
                0x080098e8                ADC_AutoInjectedConvCmd
                0x080098fc                ADC_InjectedDiscModeCmd
                0x08009910                ADC_ExternalTrigInjectedConvConfig
                0x0800991e                ADC_ExternalTrigInjectedConvCmd
                0x08009932                ADC_SoftwareStartInjectedConvCmd
                0x08009946                ADC_GetSoftwareStartInjectedConvCmdStatus
                0x0800994e                ADC_InjectedChannelConfig
                0x080099aa                ADC_InjectedSequencerLengthConfig
                0x080099ba                ADC_SetInjectedOffset
                0x080099d0                ADC_GetInjectedConversionValue
                0x080099ea                ADC_AnalogWatchdogCmd
                0x080099fc                ADC_AnalogWatchdogThresholdsConfig
                0x08009a02                ADC_AnalogWatchdogSingleChannelConfig
                0x08009a10                ADC_TempSensorVrefintCmd
                0x08009a2c                ADC_GetFlagStatus
                0x08009a38                ADC_ClearFlag
                0x08009a3e                ADC_GetITStatus
                0x08009a54                ADC_ClearITPendingBit
 .text          0x08009a5c       0xe0 lib/STM32F10x_StdPeriph_Driver/libstm32fw.a(stm32f10x_bkp.o)
                0x08009a5c                BKP_DeInit
                0x08009a6e                BKP_TamperPinLevelConfig
                0x08009a78                BKP_TamperPinCmd
                0x08009a84                BKP_ITConfig
                0x08009a90                BKP_RTCOutputConfig
                0x08009aa8                BKP_SetRTCCalibrationValue
                0x08009ac0                BKP_WriteBackupRegister
                0x08009adc                BKP_ReadBackupRegister
                0x08009afc                BKP_GetFlagStatus
                0x08009b08                BKP_ClearFlag
                0x08009b1c                BKP_GetITStatus
                0x08009b28                BKP_ClearITPendingBit
 .text          0x08009b3c      0x1f0 lib/STM32F10x_StdPeriph_Driver/libstm32fw.a(stm32f10x_dma.o)
                0x08009b3c                DMA_DeInit
                0x08009c38                DMA_Init
                0x08009c78                DMA_StructInit
                0x08009c92                DMA_Cmd
                0x08009ca6                DMA_ITConfig
                0x08009cb8                DMA_GetCurrDataCounter
                0x08009cbe                DMA_GetFlagStatus
                0x08009cdc                DMA_ClearFlag
                0x08009cf4                DMA_GetITStatus
                0x08009d14                DMA_ClearITPendingBit
 .text          0x08009d2c      0x108 lib/STM32F10x_StdPeriph_Driver/libstm32fw.a(stm32f10x_exti.o)
                0x08009d2c                EXTI_DeInit
                0x08009d48                EXTI_Init
                0x08009dcc                EXTI_StructInit
                0x08009dda                EXTI_GenerateSWInterrupt
                0x08009dec                EXTI_GetFlagStatus
                0x08009e00                EXTI_ClearFlag
                0x08009e0c                EXTI_GetITStatus
                0x08009e28                EXTI_ClearITPendingBit
 .text          0x08009e34      0x278 lib/STM32F10x_StdPeriph_Driver/libstm32fw.a(stm32f10x_gpio.o)
                0x08009e34                GPIO_DeInit
                0x08009ee0                GPIO_AFIODeInit
                0x08009ef6                GPIO_Init
                0x08009f8e                GPIO_StructInit
                0x08009f9e                GPIO_ReadInputDataBit
                0x08009faa                GPIO_ReadInputData
                0x08009fb0                GPIO_ReadOutputDataBit
                0x08009fbc                GPIO_ReadOutputData
                0x08009fc2                GPIO_SetBits
                0x08009fc6                GPIO_ResetBits
                0x08009fca                GPIO_WriteBit
                0x08009fd4                GPIO_Write
                0x08009fd8                GPIO_PinLockConfig
                0x08009fe8                GPIO_EventOutputConfig
                0x0800a008                GPIO_EventOutputCmd
                0x0800a014                GPIO_PinRemapConfig
                0x0800a06c                GPIO_EXTILineConfig
                0x0800a0a0                GPIO_ETH_MediaInterfaceConfig
 .text          0x0800a0ac       0xcc lib/STM32F10x_StdPeriph_Driver/libstm32fw.a(stm32f10x_pwr.o)
                0x0800a0b0                PWR_DeInit
                0x0800a0ca                PWR_BackupAccessCmd
                0x0800a0d4                PWR_PVDCmd
                0x0800a0e0                PWR_PVDLevelConfig
                0x0800a0f4                PWR_WakeUpPinCmd
                0x0800a100                PWR_EnterSTOPMode
                0x0800a12c                PWR_EnterSTANDBYMode
                0x0800a154                PWR_GetFlagStatus
                0x0800a168                PWR_ClearFlag
 .text          0x0800a178      0x360 lib/STM32F10x_StdPeriph_Driver/libstm32fw.a(stm32f10x_rcc.o)
                0x0800a178                RCC_DeInit
                0x0800a1b8                RCC_HSEConfig
                0x0800a1f0                RCC_AdjustHSICalibrationValue
                0x0800a204                RCC_HSICmd
                0x0800a210                RCC_PLLConfig
                0x0800a228                RCC_PLLCmd
                0x0800a234                RCC_SYSCLKConfig
                0x0800a248                RCC_GetSYSCLKSource
                0x0800a258                RCC_HCLKConfig
                0x0800a26c                RCC_PCLK1Config
                0x0800a280                RCC_PCLK2Config
                0x0800a294                RCC_ITConfig
                0x0800a2ac                RCC_USBCLKConfig
                0x0800a2b8                RCC_ADCCLKConfig
                0x0800a2cc                RCC_LSEConfig
                0x0800a2ec                RCC_LSICmd
                0x0800a2f8                RCC_RTCCLKConfig
                0x0800a308                RCC_RTCCLKCmd
                0x0800a314                RCC_GetClocksFreq
                0x0800a3b8                RCC_AHBPeriphClockCmd
                0x0800a3d0                RCC_APB2PeriphClockCmd
                0x0800a3e8                RCC_APB1PeriphClockCmd
                0x0800a400                RCC_APB2PeriphResetCmd
                0x0800a418                RCC_APB1PeriphResetCmd
                0x0800a430                RCC_BackupResetCmd
                0x0800a43c                RCC_ClockSecuritySystemCmd
                0x0800a448                RCC_MCOConfig
                0x0800a454                RCC_GetFlagStatus
                0x0800a47c                RCC_WaitForHSEStartUp
                0x0800a4a8                RCC_ClearFlag
                0x0800a4b8                RCC_GetITStatus
                0x0800a4cc                RCC_ClearITPendingBit
 .text          0x0800a4d8      0x158 lib/STM32F10x_StdPeriph_Driver/libstm32fw.a(stm32f10x_rtc.o)
                0x0800a4d8                RTC_ITConfig
                0x0800a4f4                RTC_EnterConfigMode
                0x0800a508                RTC_ExitConfigMode
                0x0800a51c                RTC_GetCounter
                0x0800a530                RTC_SetCounter
                0x0800a54c                RTC_SetPrescaler
                0x0800a56c                RTC_SetAlarm
                0x0800a588                RTC_GetDivider
                0x0800a5a0                RTC_WaitForLastTask
                0x0800a5b0                RTC_WaitForSynchro
                0x0800a5d0                RTC_GetFlagStatus
                0x0800a5e4                RTC_ClearFlag
                0x0800a5f8                RTC_GetITStatus
                0x0800a61c                RTC_ClearITPendingBit
 .text          0x0800a630      0x2d4 lib/STM32F10x_StdPeriph_Driver/libstm32fw.a(stm32f10x_spi.o)
                0x0800a630                SPI_I2S_DeInit
                0x0800a694                SPI_Init
                0x0800a6d4                I2S_Init
                0x0800a774                SPI_StructInit
                0x0800a78c                I2S_StructInit
                0x0800a79e                SPI_Cmd
                0x0800a7b8                I2S_Cmd
                0x0800a7d2                SPI_I2S_ITConfig
                0x0800a7f0                SPI_I2S_DMACmd
                0x0800a806                SPI_I2S_SendData
                0x0800a80a                SPI_I2S_ReceiveData
                0x0800a810                SPI_NSSInternalSoftwareConfig
                0x0800a830                SPI_SSOutputCmd
                0x0800a84a                SPI_DataSizeConfig
                0x0800a862                SPI_TransmitCRC
                0x0800a86e                SPI_CalculateCRC
                0x0800a888                SPI_GetCRC
                0x0800a898                SPI_GetCRCPolynomial
                0x0800a89e                SPI_BiDirectionalLineConfig
                0x0800a8bc                SPI_I2S_GetFlagStatus
                0x0800a8c8                SPI_I2S_ClearFlag
                0x0800a8ce                SPI_I2S_GetITStatus
                0x0800a8f4                SPI_I2S_ClearITPendingBit
 .text          0x0800a904      0x374 lib/STM32F10x_StdPeriph_Driver/libstm32fw.a(stm32f10x_usart.o)
                0x0800a904                USART_DeInit
                0x0800a99c                USART_Init
                0x0800aa2c                USART_StructInit
                0x0800aa42                USART_ClockInit
                0x0800aa68                USART_ClockStructInit
                0x0800aa74                USART_Cmd
                0x0800aa8e                USART_ITConfig
                0x0800aac4                USART_DMACmd
                0x0800aada                USART_SetAddress
                0x0800aaf2                USART_WakeUpConfig
                0x0800ab0a                USART_ReceiverWakeUpCmd
                0x0800ab24                USART_LINBreakDetectLengthConfig
                0x0800ab3c                USART_LINCmd
                0x0800ab56                USART_SendData
                0x0800ab5e                USART_ReceiveData
                0x0800ab66                USART_SendBreak
                0x0800ab72                USART_SetGuardTime
                0x0800ab84                USART_SetPrescaler
                0x0800ab98                USART_SmartCardCmd
                0x0800abb2                USART_SmartCardNACKCmd
                0x0800abcc                USART_HalfDuplexCmd
                0x0800abe6                USART_IrDAConfig
                0x0800abfe                USART_IrDACmd
                0x0800ac18                USART_GetFlagStatus
                0x0800ac24                USART_ClearFlag
                0x0800ac2a                USART_GetITStatus
                0x0800ac6a                USART_ClearITPendingBit
 .text          0x0800ac78      0xa54 lib/STM32_USB-FS-Device_Driver/libstm32usb.a(usb_core.o)
                0x0800ac78                Standard_GetConfiguration
                0x0800aca0                Standard_GetInterface
                0x0800acc8                Standard_GetStatus
                0x0800ae3c                Standard_SetConfiguration
                0x0800ae78                Standard_SetInterface
                0x0800aec8                Standard_ClearFeature
                0x0800afc4                Standard_SetEndPointFeature
                0x0800b078                Standard_SetDeviceFeature
                0x0800b09c                Standard_GetDescriptorData
                0x0800b0b8                Post0_Process
                0x0800b100                Out0_Process
                0x0800b1dc                Setup0_Process
                0x0800b5ac                SetDeviceAddress
                0x0800b668                In0_Process
                0x0800b6c8                NOP_Process
 .text          0x0800b6cc       0x38 lib/STM32_USB-FS-Device_Driver/libstm32usb.a(usb_init.o)
                0x0800b6cc                USB_Init
 .text          0x0800b704      0x25c lib/STM32_USB-FS-Device_Driver/libstm32usb.a(usb_int.o)
                0x0800b704                CTR_LP
                0x0800b8cc                CTR_HP
 .text          0x0800b960       0xb8 lib/STM32_USB-FS-Device_Driver/libstm32usb.a(usb_mem.o)
                0x0800b960                UserToPMABufferCopy
                0x0800b9c8                PMAToUserBufferCopy
 .text          0x0800ba18      0x880 lib/STM32_USB-FS-Device_Driver/libstm32usb.a(usb_regs.o)
                0x0800ba18                SetCNTR
                0x0800ba24                GetCNTR
                0x0800ba30                SetISTR
                0x0800ba3c                GetISTR
                0x0800ba48                GetFNR
                0x0800ba54                SetDADDR
                0x0800ba60                GetDADDR
                0x0800ba6c                SetBTABLE
                0x0800ba80                GetBTABLE
                0x0800ba8c                SetENDPOINT
                0x0800ba9c                GetENDPOINT
                0x0800baac                SetEPType
                0x0800bac8                GetEPType
                0x0800badc                SetEPTxStatus
                0x0800bb1c                SetEPRxStatus
                0x0800bb5c                SetDouBleBuffEPStall
                0x0800bb84                GetEPTxStatus
                0x0800bb98                GetEPRxStatus
                0x0800bbac                SetEPTxValid
                0x0800bbd0                SetEPRxValid
                0x0800bbf4                SetEP_KIND
                0x0800bc14                ClearEP_KIND
                0x0800bc34                Clear_Status_Out
                0x0800bc54                Set_Status_Out
                0x0800bc74                SetEPDoubleBuff
                0x0800bc94                ClearEPDoubleBuff
                0x0800bcb4                GetTxStallStatus
                0x0800bcd4                GetRxStallStatus
                0x0800bcf4                ClearEP_CTR_RX
                0x0800bd0c                ClearEP_CTR_TX
                0x0800bd24                ToggleDTOG_RX
                0x0800bd44                ToggleDTOG_TX
                0x0800bd64                ClearDTOG_RX
                0x0800bd8c                ClearDTOG_TX
                0x0800bdb4                SetEPAddress
                0x0800bdd8                GetEPAddress
                0x0800bdec                SetEPTxAddr
                0x0800be10                SetEPRxAddr
                0x0800be38                GetEPTxAddr
                0x0800be58                GetEPRxAddr
                0x0800be78                SetEPTxCount
                0x0800be98                SetEPCountRxReg
                0x0800bec4                SetEPRxCount
                0x0800bf0c                GetEPTxCount
                0x0800bf30                GetEPRxCount
                0x0800bf54                SetEPDblBuffAddr
                0x0800bf9c                SetEPDblBuf0Addr
                0x0800bfc0                SetEPDblBuf1Addr
                0x0800bfe8                GetEPDblBuf0Addr
                0x0800c008                GetEPDblBuf1Addr
                0x0800c028                SetEPDblBuffCount
                0x0800c0d4                SetEPDblBuf0Count
                0x0800c13c                SetEPDblBuf1Count
                0x0800c1a4                GetEPDblBuf0Count
                0x0800c1c8                GetEPDblBuf1Count
                0x0800c1ec                GetEPDblBufDir
                0x0800c234                FreeUserBuffer
                0x0800c284                ToWord
                0x0800c28c                ByteSwap
 .text          0x0800c298       0x6c lib/STM32_USB-FS-Device_Driver/libstm32usb.a(usb_sil.o)
                0x0800c298                USB_SIL_Init
                0x0800c2b8                USB_SIL_Write
                0x0800c2e0                USB_SIL_Read
 .text          0x0800c304      0x370 /home/laurence/CodeSourcery/Sourcery_G++_Lite/bin/../lib/gcc/arm-none-eabi/4.5.2/thumb2/libgcc.a(_arm_addsubdf3.o)
                0x0800c304                __aeabi_drsub
                0x0800c30c                __aeabi_dsub
                0x0800c30c                __subdf3
                0x0800c310                __adddf3
                0x0800c310                __aeabi_dadd
                0x0800c588                __aeabi_ui2d
                0x0800c588                __floatunsidf
                0x0800c5a8                __floatsidf
                0x0800c5a8                __aeabi_i2d
                0x0800c5cc                __extendsfdf2
                0x0800c5cc                __aeabi_f2d
                0x0800c608                __aeabi_ul2d
                0x0800c608                __floatundidf
                0x0800c618                __floatdidf
                0x0800c618                __aeabi_l2d
 .text          0x0800c674      0x424 /home/laurence/CodeSourcery/Sourcery_G++_Lite/bin/../lib/gcc/arm-none-eabi/4.5.2/thumb2/libgcc.a(_arm_muldivdf3.o)
                0x0800c674                __aeabi_dmul
                0x0800c674                __muldf3
                0x0800c8c8                __aeabi_ddiv
                0x0800c8c8                __divdf3
 .text          0x0800ca98       0xa0 /home/laurence/CodeSourcery/Sourcery_G++_Lite/bin/../lib/gcc/arm-none-eabi/4.5.2/thumb2/libgcc.a(_arm_truncdfsf2.o)
                0x0800ca98                __aeabi_d2f
                0x0800ca98                __truncdfsf2
 .text          0x0800cb38      0x21c /home/laurence/CodeSourcery/Sourcery_G++_Lite/bin/../lib/gcc/arm-none-eabi/4.5.2/thumb2/libgcc.a(_arm_addsubsf3.o)
                0x0800cb38                __aeabi_frsub
                0x0800cb40                __subsf3
                0x0800cb40                __aeabi_fsub
                0x0800cb44                __aeabi_fadd
                0x0800cb44                __addsf3
                0x0800cca4                __aeabi_ui2f
                0x0800cca4                __floatunsisf
                0x0800ccac                __aeabi_i2f
                0x0800ccac                __floatsisf
                0x0800ccc8                __floatundisf
                0x0800ccc8                __aeabi_ul2f
                0x0800ccd8                __floatdisf
                0x0800ccd8                __aeabi_l2f
 .text          0x0800cd54      0x2a0 /home/laurence/CodeSourcery/Sourcery_G++_Lite/bin/../lib/gcc/arm-none-eabi/4.5.2/thumb2/libgcc.a(_arm_muldivsf3.o)
                0x0800cd54                __mulsf3
                0x0800cd54                __aeabi_fmul
                0x0800cebc                __divsf3
                0x0800cebc                __aeabi_fdiv
 .text          0x0800cff4       0xec /home/laurence/CodeSourcery/Sourcery_G++_Lite/bin/../lib/gcc/arm-none-eabi/4.5.2/thumb2/libgcc.a(_arm_cmpsf2.o)
                0x0800cff4                __gtsf2
                0x0800cff4                __gesf2
                0x0800cffc                __lesf2
                0x0800cffc                __ltsf2
                0x0800d004                __nesf2
                0x0800d004                __eqsf2
                0x0800d004                __cmpsf2
                0x0800d064                __aeabi_cfrcmple
                0x0800d06c                __aeabi_cfcmple
                0x0800d06c                __aeabi_cfcmpeq
                0x0800d07c                __aeabi_fcmpeq
                0x0800d090                __aeabi_fcmplt
                0x0800d0a4                __aeabi_fcmple
                0x0800d0b8                __aeabi_fcmpge
                0x0800d0cc                __aeabi_fcmpgt
 .text          0x0800d0e0       0x40 /home/laurence/CodeSourcery/Sourcery_G++_Lite/bin/../lib/gcc/arm-none-eabi/4.5.2/thumb2/libgcc.a(_arm_fixunssfsi.o)
                0x0800d0e0                __aeabi_f2uiz
                0x0800d0e0                __fixunssfsi
 .text          0x0800d120       0x20 /home/laurence/CodeSourcery/Sourcery_G++_Lite/bin/../lib/gcc/arm-none-eabi/4.5.2/../../../../arm-none-eabi/lib/thumb2/libc.a(lib_a-malloc.o)
                0x0800d120                malloc
                0x0800d130                free
 .text          0x0800d140      0x57c /home/laurence/CodeSourcery/Sourcery_G++_Lite/bin/../lib/gcc/arm-none-eabi/4.5.2/../../../../arm-none-eabi/lib/thumb2/libc.a(lib_a-mallocr.o)
                0x0800d140                _malloc_r
 .text          0x0800d6bc        0x8 /home/laurence/CodeSourcery/Sourcery_G++_Lite/bin/../lib/gcc/arm-none-eabi/4.5.2/../../../../arm-none-eabi/lib/thumb2/libc.a(lib_a-mlock.o)
                0x0800d6bc                __malloc_lock
                0x0800d6c0                __malloc_unlock
 .text          0x0800d6c4       0x28 /home/laurence/CodeSourcery/Sourcery_G++_Lite/bin/../lib/gcc/arm-none-eabi/4.5.2/../../../../arm-none-eabi/lib/thumb2/libc.a(lib_a-sbrkr.o)
                0x0800d6c4                _sbrk_r
 .text          0x0800d6ec      0x240 /home/laurence/CodeSourcery/Sourcery_G++_Lite/bin/../lib/gcc/arm-none-eabi/4.5.2/../../../../arm-none-eabi/lib/thumb2/libc.a(lib_a-freer.o)
                0x0800d6ec                _malloc_trim_r
                0x0800d794                _free_r
 .text          0x0800d92c       0x30 /home/laurence/CodeSourcery/Sourcery_G++_Lite/bin/../lib/gcc/arm-none-eabi/4.5.2/../../../../arm-none-eabi/lib/thumb2/libcs3.a(start_c.o)
                0x0800d92c                __cs3_premain
 .text.cs3.init
                0x0800d95c       0x50 /home/laurence/CodeSourcery/Sourcery_G++_Lite/bin/../lib/gcc/arm-none-eabi/4.5.2/../../../../arm-none-eabi/lib/thumb2/libcs3.a(start_c.o)
                0x0800d95c                __cs3_start_c
 .text          0x0800d9ac       0x40 /home/laurence/CodeSourcery/Sourcery_G++_Lite/bin/../lib/gcc/arm-none-eabi/4.5.2/../../../../arm-none-eabi/lib/thumb2/libcs3unhosted.a(unhosted-sbrk.o)
                0x0800d9ac                _sbrk
 .text.cs3.init
                0x0800d9ec       0x10 /home/laurence/CodeSourcery/Sourcery_G++_Lite/bin/../lib/gcc/arm-none-eabi/4.5.2/../../../../arm-none-eabi/lib/thumb2/libcs3unhosted.a(unhosted-start.o)
                0x0800d9ec                _start
 .text          0x0800d9fc        0x2 lib/libcs3-lanchon-stm32.a(lanchon_stm32_isr_interrupt.o)
                0x0800d9fc                MemManageException
                0x0800d9fc                BusFaultException
                0x0800d9fc                DMAChannel7_IRQHandler
                0x0800d9fc                DebugMonitor
                0x0800d9fc                SVCHandler
                0x0800d9fc                HardFaultException
                0x0800d9fc                __STM32ReservedException8
                0x0800d9fc                __STM32DefaultExceptionHandler
                0x0800d9fc                DMAChannel1_IRQHandler
                0x0800d9fc                CAN_SCE_IRQHandler
                0x0800d9fc                __STM32ReservedException10
                0x0800d9fc                __STM32ReservedException13
                0x0800d9fc                NMIException
                0x0800d9fc                DMAChannel4_IRQHandler
                0x0800d9fc                PendSVC
                0x0800d9fc                CAN_RX1_IRQHandler
                0x0800d9fc                ADC_IRQHandler
                0x0800d9fc                DMAChannel5_IRQHandler
                0x0800d9fc                DMAChannel2_IRQHandler
                0x0800d9fc                __STM32ReservedException7
                0x0800d9fc                UsageFaultException
                0x0800d9fc                DMAChannel6_IRQHandler
                0x0800d9fc                DMAChannel3_IRQHandler
                0x0800d9fc                __STM32ReservedException9
 *fill*         0x0800d9fe        0x2 00
 .text          0x0800da00        0xc /home/laurence/CodeSourcery/Sourcery_G++_Lite/bin/../lib/gcc/arm-none-eabi/4.5.2/../../../../arm-none-eabi/lib/thumb2/libc.a(lib_a-errno.o)
                0x0800da00                __errno
 .text          0x0800da0c       0x50 /home/laurence/CodeSourcery/Sourcery_G++_Lite/bin/../lib/gcc/arm-none-eabi/4.5.2/../../../../arm-none-eabi/lib/thumb2/libc.a(lib_a-init.o)
                0x0800da0c                __libc_init_array
 *(.plt)
 *(.gnu.warning)
 *(.glue_7t)
 .glue_7t       0x00000000        0x0 linker stubs
 *(.glue_7)
 .glue_7        0x00000000        0x0 linker stubs
 *(.vfp11_veneer)
 .vfp11_veneer  0x00000000        0x0 linker stubs
 *(.rodata .rodata.* .gnu.linkonce.r.*)
 .rodata        0x0800da5c       0x98 Util/USB/usb_desc.o
                0x0800da5c                MASS_DeviceDescriptor
                0x0800da70                MASS_ConfigDescriptor
                0x0800da90                MASS_StringLangID
                0x0800da94                MASS_StringVendor
                0x0800dabc                MASS_StringProduct
                0x0800dae4                MASS_StringInterface
 .rodata.str1.4
                0x0800daf4        0xf Util/fat_fs/src/ff.o
                                 0x10 (size before relaxing)
 *fill*         0x0800db03        0x1 00
 .rodata        0x0800db04        0xc Util/fat_fs/src/rtc.o
 .rodata        0x0800db10       0x14 Util/rprintf.o
 .rodata.str1.4
                0x0800db24       0x1a Util/rprintf.o
                                 0x1c (size before relaxing)
 *fill*         0x0800db3e        0x2 00
 .rodata.str1.4
                0x0800db40       0x86 main.o
                                 0x88 (size before relaxing)
 *fill*         0x0800dbc6        0x2 00
 .rodata.str1.4
                0x0800dbc8        0x4 /home/laurence/CodeSourcery/Sourcery_G++_Lite/bin/../lib/gcc/arm-none-eabi/4.5.2/../../../../arm-none-eabi/lib/thumb2/libc.a(lib_a-impure.o)
 *(.ARM.extab* .gnu.linkonce.armextab.*)
 *(.gcc_except_table)
 *(.eh_frame_hdr)
 *(.eh_frame)
                0x0800dbcc                . = ALIGN (0x4)
 *(.init)
 .init          0x0800dbcc        0x4 /home/laurence/CodeSourcery/Sourcery_G++_Lite/bin/../lib/gcc/arm-none-eabi/4.5.2/thumb2/crti.o
                0x0800dbcc                _init
 .init          0x0800dbd0        0x8 /home/laurence/CodeSourcery/Sourcery_G++_Lite/bin/../lib/gcc/arm-none-eabi/4.5.2/thumb2/crtn.o
                0x0800dbd8                . = ALIGN (0x4)
                0x0800dbd8                __preinit_array_start = .
 *(.preinit_array)
                0x0800dbd8                __preinit_array_end = .
                0x0800dbd8                . = ALIGN (0x4)
                0x0800dbd8                __init_array_start = .
 *(SORT(.init_array.*))
 *(.init_array)
 .init_array    0x0800dbd8        0x4 /home/laurence/CodeSourcery/Sourcery_G++_Lite/bin/../lib/gcc/arm-none-eabi/4.5.2/thumb2/crtbegin.o
                0x0800dbdc                __init_array_end = .
                0x0800dbdc                . = ALIGN (0x4)
 *crtbegin.o(.ctors)
 *(EXCLUDE_FILE(*crtend.o) .ctors)
 *(SORT(.ctors.*))
 *crtend.o(.ctors)
                0x0800dbdc                . = ALIGN (0x4)
 *(.fini)
 .fini          0x0800dbdc        0x4 /home/laurence/CodeSourcery/Sourcery_G++_Lite/bin/../lib/gcc/arm-none-eabi/4.5.2/thumb2/crti.o
                0x0800dbdc                _fini
 .fini          0x0800dbe0        0x8 /home/laurence/CodeSourcery/Sourcery_G++_Lite/bin/../lib/gcc/arm-none-eabi/4.5.2/thumb2/crtn.o
                0x0800dbe8                . = ALIGN (0x4)
                0x0800dbe8                __fini_array_start = .
 *(.fini_array)
 .fini_array    0x0800dbe8        0x4 /home/laurence/CodeSourcery/Sourcery_G++_Lite/bin/../lib/gcc/arm-none-eabi/4.5.2/thumb2/crtbegin.o
 *(SORT(.fini_array.*))
                0x0800dbec                __fini_array_end = .
 *crtbegin.o(.dtors)
 *(EXCLUDE_FILE(*crtend.o) .dtors)
 *(SORT(.dtors.*))
 *crtend.o(.dtors)
                0x0800dbec                . = ALIGN (0x4)
                0x0800dbec                __cs3_regions = .
                0x0800dbec        0x4 LONG 0x0
                0x0800dbf0        0x4 LONG 0x800dc00 __cs3_region_init_ram
                0x0800dbf4        0x4 LONG 0x20000000 __cs3_region_start_ram
                0x0800dbf8        0x4 LONG 0x680 __cs3_region_init_size_ram
                0x0800dbfc        0x4 LONG 0x660 __cs3_region_zero_size_ram
                0x0800dc00                __exidx_start = .

.v4_bx          0x0800dc00        0x0
 .v4_bx         0x00000000        0x0 linker stubs

.ARM.exidx
 *(.ARM.exidx* .gnu.linkonce.armexidx.*)
                0x0800dc00                __exidx_end = .

.text.align     0x0800dc00        0x0
                0x0800dc00                . = ALIGN (0x8)
                0x0800dc00                _etext = .
                0x08020000                __cs3_region_end_rom = (__cs3_region_start_rom + 0x20000)
                0x00020000                __cs3_region_size_rom = 0x20000
                0x00000001                __cs3_region_num = 0x1

.data           0x20000000      0x680 load address 0x0800dc00
                0x20000000                __cs3_region_start_ram = .
 *(.cs3.region-head.ram)
 *(.jcr)
 .jcr           0x20000000        0x0 /home/laurence/CodeSourcery/Sourcery_G++_Lite/bin/../lib/gcc/arm-none-eabi/4.5.2/thumb2/crtbegin.o
 .jcr           0x20000000        0x4 /home/laurence/CodeSourcery/Sourcery_G++_Lite/bin/../lib/gcc/arm-none-eabi/4.5.2/thumb2/crtend.o
 *(.got.plt)
 *(.got)
 *(.shdata)
 *(.data .data.* .gnu.linkonce.d.*)
 .data          0x20000004       0x74 Util/USB/scsi_data.o
                0x20000004                Standard_Inquiry_Data
                0x20000028                Standard_Inquiry_Data2
                0x2000004c                Mode_Sense6_data
                0x20000050                Mode_Sense10_data
                0x20000058                Scsi_Sense_Data
                0x2000006c                ReadFormatCapacity_Data
 .data          0x20000078       0x1c Util/USB/usb_desc.o
                0x20000078                MASS_StringSerial
 .data          0x20000094       0x38 Util/USB/usb_istr.o
                0x20000094                pEpInt_IN
                0x200000b0                pEpInt_OUT
 .data          0x200000cc       0x90 Util/USB/usb_prop.o
                0x200000cc                String_Descriptor
                0x200000f4                Config_Descriptor
                0x200000fc                Device_Descriptor
                0x20000104                Device_Property
                0x20000134                Device_Table
                0x20000138                User_Standard_Requests
 .data          0x2000015c        0x1 Util/USB/usb_pwr.o
                0x2000015c                fSuspendEnabled
 .data          0x2000015d        0x1 Util/fat_fs/src/sd_spi_stm32.o
 .data          0x2000015e       0x14 lib/STM32F10x_StdPeriph_Driver/libstm32fw.a(stm32f10x_rcc.o)
 *fill*         0x20000172        0x2 00
 .data          0x20000174      0x410 /home/laurence/CodeSourcery/Sourcery_G++_Lite/bin/../lib/gcc/arm-none-eabi/4.5.2/../../../../arm-none-eabi/lib/thumb2/libc.a(lib_a-mallocr.o)
                0x20000174                __malloc_av_
                0x2000057c                __malloc_sbrk_base
                0x20000580                __malloc_trim_threshold
 .data          0x20000584       0xf4 /home/laurence/CodeSourcery/Sourcery_G++_Lite/bin/../lib/gcc/arm-none-eabi/4.5.2/../../../../arm-none-eabi/lib/thumb2/libc.a(lib_a-impure.o)
                0x20000584                _impure_ptr
 .data          0x20000678        0x4 /home/laurence/CodeSourcery/Sourcery_G++_Lite/bin/../lib/gcc/arm-none-eabi/4.5.2/../../../../arm-none-eabi/lib/thumb2/libcs3unhosted.a(unhosted-sbrk.o)
 .data          0x2000067c        0x4 /home/laurence/CodeSourcery/Sourcery_G++_Lite/bin/../lib/gcc/arm-none-eabi/4.5.2/../../../../arm-none-eabi/lib/thumb2/libcs3.a(heap.o)
                0x2000067c                __cs3_heap_limit
 *(.ram)
                0x20000680                . = ALIGN (0x8)
                0x20000680                _edata = .

.bss            0x20000680      0x660 load address 0x0800e280
 *(.shbss)
 *(.bss .bss.* .gnu.linkonce.b.*)
 .bss           0x20000680        0x1 /home/laurence/CodeSourcery/Sourcery_G++_Lite/bin/../lib/gcc/arm-none-eabi/4.5.2/thumb2/crtbegin.o
 *fill*         0x20000681        0x3 00
 .bss           0x20000684        0x4 Sensors/pressure.o
 .bss           0x20000688       0x20 Util/USB/mass_mal.o
                0x20000688                Status
                0x2000068c                Data_Buffer
                0x20000690                Mass_Block_Count
                0x20000698                Mass_Block_Size
                0x200006a0                Mass_Memory_Size
 .bss           0x200006a8       0x24 Util/USB/memory.o
                0x200006a8                TransferState
                0x200006b4                Block_Read_count
                0x200006b8                Block_offset
                0x200006bc                Counter
                0x200006c8                Idx
 .bss           0x200006cc       0x10 Util/USB/scsi_data.o
                0x200006cc                Page00_Inquiry_Data
                0x200006d4                ReadCapacity10_Data
 .bss           0x200006dc       0x80 Util/USB/usb_bot.o
                0x200006dc                Bot_State
                0x200006e0                CBW
                0x20000700                SCSI_LBA
                0x20000704                SCSI_BlkLen
                0x20000708                CSW
                0x20000718                Data_Len
                0x2000071c                Bulk_Data_Buff
 .bss           0x2000075c        0x4 Util/USB/usb_istr.o
                0x2000075c                wIstr
                0x2000075e                bIntPackSOF
 .bss           0x20000760        0x4 Util/USB/usb_prop.o
                0x20000760                Max_Lun
 .bss           0x20000764        0x8 Util/USB/usb_pwr.o
                0x20000764                ResumeS
                0x20000768                bDeviceState
 .bss           0x2000076c        0x8 Util/fat_fs/src/ff.o
 .bss           0x20000774       0x10 Util/fat_fs/src/sd_spi_stm32.o
 .bss           0x20000784       0x84 Util/rprintf.o
 .bss           0x20000808        0x1 gpio.o
                0x20000808                bootsource
 *fill*         0x20000809        0x3 00
 .bss           0x2000080c      0x458 main.o
                0x2000080c                FATFS_logfile
                0x20000c60                f_err_code
                0x20000c61                file_opened
 .bss           0x20000c64        0x1 lib/STM32_USB-FS-Device_Driver/libstm32usb.a(usb_core.o)
                0x20000c64                Data_Mul_MaxPacketSize
 *fill*         0x20000c65        0x3 00
 .bss           0x20000c68       0x34 /home/laurence/CodeSourcery/Sourcery_G++_Lite/bin/../lib/gcc/arm-none-eabi/4.5.2/../../../../arm-none-eabi/lib/thumb2/libc.a(lib_a-mallocr.o)
                0x20000c68                __malloc_top_pad
                0x20000c6c                __malloc_current_mallinfo
                0x20000c94                __malloc_max_sbrked_mem
                0x20000c98                __malloc_max_total_mem
 *(COMMON)
 COMMON         0x20000c9c        0x2 lib/STM32_USB-FS-Device_Driver/libstm32usb.a(usb_core.o)
                0x20000c9c                StatusInfo
 *fill*         0x20000c9e        0x2 00
 COMMON         0x20000ca0       0x32 lib/STM32_USB-FS-Device_Driver/libstm32usb.a(usb_init.o)
                0x20000ca0                SaveState
                0x20000ca4                pProperty
                0x20000ca8                EPindex
                0x20000cac                Device_Info
                0x20000cc8                pUser_Standard_Requests
                0x20000ccc                pInformation
                0x20000cd0                wInterrupt_Mask
 COMMON         0x20000cd2        0x4 lib/STM32_USB-FS-Device_Driver/libstm32usb.a(usb_int.o)
                0x20000cd2                SaveRState
                0x20000cd4                SaveTState
 *fill*         0x20000cd6        0x2 00
 COMMON         0x20000cd8        0x4 /home/laurence/CodeSourcery/Sourcery_G++_Lite/bin/../lib/gcc/arm-none-eabi/4.5.2/../../../../arm-none-eabi/lib/thumb2/libc.a(lib_a-reent.o)
                0x20000cd8                errno
 *(.ram.b)
                0x20000ce0                . = ALIGN (0x8)
 *fill*         0x20000cdc        0x4 00
                0x20000ce0                _end = .
                0x20000ce0                __end = .
                0x20005000                __cs3_region_end_ram = (__cs3_region_start_ram + 0x5000)
                0x00005000                __cs3_region_size_ram = 0x5000
                0x0800dc00                __cs3_region_init_ram = LOADADDR (.data)
                0x00000680                __cs3_region_init_size_ram = (_edata - ADDR (.data))
                0x00000660                __cs3_region_zero_size_ram = (_end - _edata)
                0x00000001                __cs3_region_num = 0x1

.stab
 *(.stab)

.stabstr
 *(.stabstr)

.debug
 *(.debug)

.line
 *(.line)

.debug_srcinfo
 *(.debug_srcinfo)

.debug_sfnames
 *(.debug_sfnames)

.debug_aranges
 *(.debug_aranges)

.debug_pubnames
 *(.debug_pubnames)

.debug_info
 *(.debug_info .gnu.linkonce.wi.*)

.debug_abbrev
 *(.debug_abbrev)

.debug_line
 *(.debug_line)

.comment        0x00000000       0x2a
 .comment       0x00000000       0x2a Sensors/pressure.o
                                 0x2b (size before relaxing)
 .comment       0x00000000       0x2b Util/USB/hw_config.o
 .comment       0x00000000       0x2b Util/USB/mass_mal.o
 .comment       0x00000000       0x2b Util/USB/memory.o
 .comment       0x00000000       0x2b Util/USB/scsi_data.o
 .comment       0x00000000       0x2b Util/USB/usb_bot.o
 .comment       0x00000000       0x2b Util/USB/usb_desc.o
 .comment       0x00000000       0x2b Util/USB/usb_endp.o
 .comment       0x00000000       0x2b Util/USB/usb_istr.o
 .comment       0x00000000       0x2b Util/USB/usb_prop.o
 .comment       0x00000000       0x2b Util/USB/usb_pwr.o
 .comment       0x00000000       0x2b Util/USB/usb_scsi.o
 .comment       0x00000000       0x2b Util/fat_fs/src/fattime.o
 .comment       0x00000000       0x2b Util/fat_fs/src/ff.o
 .comment       0x00000000       0x2b Util/fat_fs/src/rtc.o
 .comment       0x00000000       0x2b Util/fat_fs/src/sd_spi_stm32.o
 .comment       0x00000000       0x2b Util/rprintf.o
 .comment       0x00000000       0x2b Util/stm32_eval_spi_sd.o
 .comment       0x00000000       0x2b adc.o
 .comment       0x00000000       0x2b gpio.o
 .comment       0x00000000       0x2b interrupts.o
 .comment       0x00000000       0x2b lib/CMSIS_CM3/core_cm3.o
 .comment       0x00000000       0x2b lib/CMSIS_CM3/system_stm32f10x.o
 .comment       0x00000000       0x2b main.o
 .comment       0x00000000       0x2b pwr.o
 .comment       0x00000000       0x2b usart.o
 .comment       0x00000000       0x2b lib/STM32F10x_StdPeriph_Driver/libstm32fw.a(misc.o)
 .comment       0x00000000       0x2b lib/STM32F10x_StdPeriph_Driver/libstm32fw.a(stm32f10x_adc.o)
 .comment       0x00000000       0x2b lib/STM32F10x_StdPeriph_Driver/libstm32fw.a(stm32f10x_bkp.o)
 .comment       0x00000000       0x2b lib/STM32F10x_StdPeriph_Driver/libstm32fw.a(stm32f10x_dma.o)
 .comment       0x00000000       0x2b lib/STM32F10x_StdPeriph_Driver/libstm32fw.a(stm32f10x_exti.o)
 .comment       0x00000000       0x2b lib/STM32F10x_StdPeriph_Driver/libstm32fw.a(stm32f10x_gpio.o)
 .comment       0x00000000       0x2b lib/STM32F10x_StdPeriph_Driver/libstm32fw.a(stm32f10x_pwr.o)
 .comment       0x00000000       0x2b lib/STM32F10x_StdPeriph_Driver/libstm32fw.a(stm32f10x_rcc.o)
 .comment       0x00000000       0x2b lib/STM32F10x_StdPeriph_Driver/libstm32fw.a(stm32f10x_rtc.o)
 .comment       0x00000000       0x2b lib/STM32F10x_StdPeriph_Driver/libstm32fw.a(stm32f10x_spi.o)
 .comment       0x00000000       0x2b lib/STM32F10x_StdPeriph_Driver/libstm32fw.a(stm32f10x_usart.o)
 .comment       0x00000000       0x2b lib/STM32_USB-FS-Device_Driver/libstm32usb.a(usb_core.o)
 .comment       0x00000000       0x2b lib/STM32_USB-FS-Device_Driver/libstm32usb.a(usb_init.o)
 .comment       0x00000000       0x2b lib/STM32_USB-FS-Device_Driver/libstm32usb.a(usb_int.o)
 .comment       0x00000000       0x2b lib/STM32_USB-FS-Device_Driver/libstm32usb.a(usb_mem.o)
 .comment       0x00000000       0x2b lib/STM32_USB-FS-Device_Driver/libstm32usb.a(usb_regs.o)
 .comment       0x00000000       0x2b lib/STM32_USB-FS-Device_Driver/libstm32usb.a(usb_sil.o)

.debug_frame    0x00000000      0x234
 *(.debug_frame)
 .debug_frame   0x00000000       0x30 /home/laurence/CodeSourcery/Sourcery_G++_Lite/bin/../lib/gcc/arm-none-eabi/4.5.2/../../../../arm-none-eabi/lib/thumb2/libc.a(lib_a-malloc.o)
 .debug_frame   0x00000030       0x3c /home/laurence/CodeSourcery/Sourcery_G++_Lite/bin/../lib/gcc/arm-none-eabi/4.5.2/../../../../arm-none-eabi/lib/thumb2/libc.a(lib_a-mallocr.o)
 .debug_frame   0x0000006c       0x30 /home/laurence/CodeSourcery/Sourcery_G++_Lite/bin/../lib/gcc/arm-none-eabi/4.5.2/../../../../arm-none-eabi/lib/thumb2/libc.a(lib_a-mlock.o)
 .debug_frame   0x0000009c       0x2c /home/laurence/CodeSourcery/Sourcery_G++_Lite/bin/../lib/gcc/arm-none-eabi/4.5.2/../../../../arm-none-eabi/lib/thumb2/libc.a(lib_a-sbrkr.o)
 .debug_frame   0x000000c8       0x50 /home/laurence/CodeSourcery/Sourcery_G++_Lite/bin/../lib/gcc/arm-none-eabi/4.5.2/../../../../arm-none-eabi/lib/thumb2/libc.a(lib_a-freer.o)
 .debug_frame   0x00000118       0x68 /home/laurence/CodeSourcery/Sourcery_G++_Lite/bin/../lib/gcc/arm-none-eabi/4.5.2/../../../../arm-none-eabi/lib/thumb2/libc.a(lib_a-reent.o)
 .debug_frame   0x00000180       0x40 /home/laurence/CodeSourcery/Sourcery_G++_Lite/bin/../lib/gcc/arm-none-eabi/4.5.2/../../../../arm-none-eabi/lib/thumb2/libcs3.a(start_c.o)
 .debug_frame   0x000001c0       0x28 /home/laurence/CodeSourcery/Sourcery_G++_Lite/bin/../lib/gcc/arm-none-eabi/4.5.2/../../../../arm-none-eabi/lib/thumb2/libcs3unhosted.a(unhosted-sbrk.o)
 .debug_frame   0x000001e8       0x20 /home/laurence/CodeSourcery/Sourcery_G++_Lite/bin/../lib/gcc/arm-none-eabi/4.5.2/../../../../arm-none-eabi/lib/thumb2/libc.a(lib_a-errno.o)
 .debug_frame   0x00000208       0x2c /home/laurence/CodeSourcery/Sourcery_G++_Lite/bin/../lib/gcc/arm-none-eabi/4.5.2/../../../../arm-none-eabi/lib/thumb2/libc.a(lib_a-init.o)

.debug_str
 *(.debug_str)

.debug_loc
 *(.debug_loc)

.debug_macinfo
 *(.debug_macinfo)

.debug_weaknames
 *(.debug_weaknames)

.debug_funcnames
 *(.debug_funcnames)

.debug_typenames
 *(.debug_typenames)

.debug_varnames
 *(.debug_varnames)

.note.gnu.arm.ident
 *(.note.gnu.arm.ident)

.ARM.attributes
                0x00000000       0x25
 *(.ARM.attributes)
 .ARM.attributes
                0x00000000       0x19 /home/laurence/CodeSourcery/Sourcery_G++_Lite/bin/../lib/gcc/arm-none-eabi/4.5.2/thumb2/crti.o
 .ARM.attributes
                0x00000019       0x29 /home/laurence/CodeSourcery/Sourcery_G++_Lite/bin/../lib/gcc/arm-none-eabi/4.5.2/thumb2/crtbegin.o
 .ARM.attributes
                0x00000042       0x31 Sensors/pressure.o
 .ARM.attributes
                0x00000073       0x31 Util/USB/hw_config.o
 .ARM.attributes
                0x000000a4       0x31 Util/USB/mass_mal.o
 .ARM.attributes
                0x000000d5       0x31 Util/USB/memory.o
 .ARM.attributes
                0x00000106       0x31 Util/USB/scsi_data.o
 .ARM.attributes
                0x00000137       0x31 Util/USB/usb_bot.o
 .ARM.attributes
                0x00000168       0x31 Util/USB/usb_desc.o
 .ARM.attributes
                0x00000199       0x31 Util/USB/usb_endp.o
 .ARM.attributes
                0x000001ca       0x31 Util/USB/usb_istr.o
 .ARM.attributes
                0x000001fb       0x31 Util/USB/usb_prop.o
 .ARM.attributes
                0x0000022c       0x31 Util/USB/usb_pwr.o
 .ARM.attributes
                0x0000025d       0x31 Util/USB/usb_scsi.o
 .ARM.attributes
                0x0000028e       0x31 Util/fat_fs/src/fattime.o
 .ARM.attributes
                0x000002bf       0x31 Util/fat_fs/src/ff.o
 .ARM.attributes
                0x000002f0       0x31 Util/fat_fs/src/rtc.o
 .ARM.attributes
                0x00000321       0x31 Util/fat_fs/src/sd_spi_stm32.o
 .ARM.attributes
                0x00000352       0x31 Util/rprintf.o
 .ARM.attributes
                0x00000383       0x31 Util/stm32_eval_spi_sd.o
 .ARM.attributes
                0x000003b4       0x31 adc.o
 .ARM.attributes
                0x000003e5       0x31 gpio.o
 .ARM.attributes
                0x00000416       0x31 interrupts.o
 .ARM.attributes
                0x00000447       0x31 lib/CMSIS_CM3/core_cm3.o
 .ARM.attributes
                0x00000478       0x21 lib/CMSIS_CM3/startup/gcc/startup_stm32f10x_md.o
 .ARM.attributes
                0x00000499       0x31 lib/CMSIS_CM3/system_stm32f10x.o
 .ARM.attributes
                0x000004ca       0x31 main.o
 .ARM.attributes
                0x000004fb       0x31 pwr.o
 .ARM.attributes
                0x0000052c       0x31 usart.o
 .ARM.attributes
                0x0000055d       0x31 lib/STM32F10x_StdPeriph_Driver/libstm32fw.a(misc.o)
 .ARM.attributes
                0x0000058e       0x31 lib/STM32F10x_StdPeriph_Driver/libstm32fw.a(stm32f10x_adc.o)
 .ARM.attributes
                0x000005bf       0x31 lib/STM32F10x_StdPeriph_Driver/libstm32fw.a(stm32f10x_bkp.o)
 .ARM.attributes
                0x000005f0       0x31 lib/STM32F10x_StdPeriph_Driver/libstm32fw.a(stm32f10x_dma.o)
 .ARM.attributes
                0x00000621       0x31 lib/STM32F10x_StdPeriph_Driver/libstm32fw.a(stm32f10x_exti.o)
 .ARM.attributes
                0x00000652       0x31 lib/STM32F10x_StdPeriph_Driver/libstm32fw.a(stm32f10x_gpio.o)
 .ARM.attributes
                0x00000683       0x31 lib/STM32F10x_StdPeriph_Driver/libstm32fw.a(stm32f10x_pwr.o)
 .ARM.attributes
                0x000006b4       0x31 lib/STM32F10x_StdPeriph_Driver/libstm32fw.a(stm32f10x_rcc.o)
 .ARM.attributes
                0x000006e5       0x31 lib/STM32F10x_StdPeriph_Driver/libstm32fw.a(stm32f10x_rtc.o)
 .ARM.attributes
                0x00000716       0x31 lib/STM32F10x_StdPeriph_Driver/libstm32fw.a(stm32f10x_spi.o)
 .ARM.attributes
                0x00000747       0x31 lib/STM32F10x_StdPeriph_Driver/libstm32fw.a(stm32f10x_usart.o)
 .ARM.attributes
                0x00000778       0x31 lib/STM32_USB-FS-Device_Driver/libstm32usb.a(usb_core.o)
 .ARM.attributes
                0x000007a9       0x31 lib/STM32_USB-FS-Device_Driver/libstm32usb.a(usb_init.o)
 .ARM.attributes
                0x000007da       0x31 lib/STM32_USB-FS-Device_Driver/libstm32usb.a(usb_int.o)
 .ARM.attributes
                0x0000080b       0x31 lib/STM32_USB-FS-Device_Driver/libstm32usb.a(usb_mem.o)
 .ARM.attributes
                0x0000083c       0x31 lib/STM32_USB-FS-Device_Driver/libstm32usb.a(usb_regs.o)
 .ARM.attributes
                0x0000086d       0x31 lib/STM32_USB-FS-Device_Driver/libstm32usb.a(usb_sil.o)
 .ARM.attributes
                0x0000089e       0x1b /home/laurence/CodeSourcery/Sourcery_G++_Lite/bin/../lib/gcc/arm-none-eabi/4.5.2/thumb2/libgcc.a(_arm_addsubdf3.o)
 .ARM.attributes
                0x000008b9       0x1b /home/laurence/CodeSourcery/Sourcery_G++_Lite/bin/../lib/gcc/arm-none-eabi/4.5.2/thumb2/libgcc.a(_arm_muldivdf3.o)
 .ARM.attributes
                0x000008d4       0x1b /home/laurence/CodeSourcery/Sourcery_G++_Lite/bin/../lib/gcc/arm-none-eabi/4.5.2/thumb2/libgcc.a(_arm_truncdfsf2.o)
 .ARM.attributes
                0x000008ef       0x1b /home/laurence/CodeSourcery/Sourcery_G++_Lite/bin/../lib/gcc/arm-none-eabi/4.5.2/thumb2/libgcc.a(_arm_addsubsf3.o)
 .ARM.attributes
                0x0000090a       0x1b /home/laurence/CodeSourcery/Sourcery_G++_Lite/bin/../lib/gcc/arm-none-eabi/4.5.2/thumb2/libgcc.a(_arm_muldivsf3.o)
 .ARM.attributes
                0x00000925       0x1b /home/laurence/CodeSourcery/Sourcery_G++_Lite/bin/../lib/gcc/arm-none-eabi/4.5.2/thumb2/libgcc.a(_arm_cmpsf2.o)
 .ARM.attributes
                0x00000940       0x1b /home/laurence/CodeSourcery/Sourcery_G++_Lite/bin/../lib/gcc/arm-none-eabi/4.5.2/thumb2/libgcc.a(_arm_fixunssfsi.o)
 .ARM.attributes
                0x0000095b       0x29 /home/laurence/CodeSourcery/Sourcery_G++_Lite/bin/../lib/gcc/arm-none-eabi/4.5.2/../../../../arm-none-eabi/lib/thumb2/libc.a(lib_a-malloc.o)
 .ARM.attributes
                0x00000984       0x29 /home/laurence/CodeSourcery/Sourcery_G++_Lite/bin/../lib/gcc/arm-none-eabi/4.5.2/../../../../arm-none-eabi/lib/thumb2/libc.a(lib_a-mallocr.o)
 .ARM.attributes
                0x000009ad       0x29 /home/laurence/CodeSourcery/Sourcery_G++_Lite/bin/../lib/gcc/arm-none-eabi/4.5.2/../../../../arm-none-eabi/lib/thumb2/libc.a(lib_a-mlock.o)
 .ARM.attributes
                0x000009d6       0x29 /home/laurence/CodeSourcery/Sourcery_G++_Lite/bin/../lib/gcc/arm-none-eabi/4.5.2/../../../../arm-none-eabi/lib/thumb2/libc.a(lib_a-sbrkr.o)
 .ARM.attributes
                0x000009ff       0x29 /home/laurence/CodeSourcery/Sourcery_G++_Lite/bin/../lib/gcc/arm-none-eabi/4.5.2/../../../../arm-none-eabi/lib/thumb2/libc.a(lib_a-freer.o)
 .ARM.attributes
                0x00000a28       0x29 /home/laurence/CodeSourcery/Sourcery_G++_Lite/bin/../lib/gcc/arm-none-eabi/4.5.2/../../../../arm-none-eabi/lib/thumb2/libc.a(lib_a-impure.o)
 .ARM.attributes
                0x00000a51       0x29 /home/laurence/CodeSourcery/Sourcery_G++_Lite/bin/../lib/gcc/arm-none-eabi/4.5.2/../../../../arm-none-eabi/lib/thumb2/libc.a(lib_a-reent.o)
 .ARM.attributes
                0x00000a7a       0x29 /home/laurence/CodeSourcery/Sourcery_G++_Lite/bin/../lib/gcc/arm-none-eabi/4.5.2/thumb2/crtend.o
 .ARM.attributes
                0x00000aa3       0x19 /home/laurence/CodeSourcery/Sourcery_G++_Lite/bin/../lib/gcc/arm-none-eabi/4.5.2/thumb2/crtn.o
 .ARM.attributes
                0x00000abc       0x29 /home/laurence/CodeSourcery/Sourcery_G++_Lite/bin/../lib/gcc/arm-none-eabi/4.5.2/../../../../arm-none-eabi/lib/thumb2/libcs3.a(start_c.o)
 .ARM.attributes
                0x00000ae5       0x29 /home/laurence/CodeSourcery/Sourcery_G++_Lite/bin/../lib/gcc/arm-none-eabi/4.5.2/../../../../arm-none-eabi/lib/thumb2/libcs3unhosted.a(unhosted-sbrk.o)
 .ARM.attributes
                0x00000b0e       0x19 /home/laurence/CodeSourcery/Sourcery_G++_Lite/bin/../lib/gcc/arm-none-eabi/4.5.2/../../../../arm-none-eabi/lib/thumb2/libcs3unhosted.a(unhosted-start.o)
 .ARM.attributes
                0x00000b27       0x1f lib/libcs3-lanchon-stm32.a(lanchon-stm32-vector.o)
 .ARM.attributes
                0x00000b46       0x21 lib/libcs3-lanchon-stm32.a(lanchon_stm32_isr_interrupt.o)
 .ARM.attributes
                0x00000b67       0x29 /home/laurence/CodeSourcery/Sourcery_G++_Lite/bin/../lib/gcc/arm-none-eabi/4.5.2/../../../../arm-none-eabi/lib/thumb2/libc.a(lib_a-errno.o)
 .ARM.attributes
                0x00000b90       0x29 /home/laurence/CodeSourcery/Sourcery_G++_Lite/bin/../lib/gcc/arm-none-eabi/4.5.2/../../../../arm-none-eabi/lib/thumb2/libc.a(lib_a-init.o)
 .ARM.attributes
                0x00000bb9       0x29 /home/laurence/CodeSourcery/Sourcery_G++_Lite/bin/../lib/gcc/arm-none-eabi/4.5.2/../../../../arm-none-eabi/lib/thumb2/libcs3.a(heap.o)

/DISCARD/
 *(.note.GNU-stack)
OUTPUT(main.elf elf32-littlearm)

Cross Reference Table

Symbol                                            File
ADC1_2_IRQHandler                                 lib/CMSIS_CM3/startup/gcc/startup_stm32f10x_md.o
ADC_AnalogWatchdogCmd                             lib/STM32F10x_StdPeriph_Driver/libstm32fw.a(stm32f10x_adc.o)
ADC_AnalogWatchdogSingleChannelConfig             lib/STM32F10x_StdPeriph_Driver/libstm32fw.a(stm32f10x_adc.o)
ADC_AnalogWatchdogThresholdsConfig                lib/STM32F10x_StdPeriph_Driver/libstm32fw.a(stm32f10x_adc.o)
ADC_AutoInjectedConvCmd                           lib/STM32F10x_StdPeriph_Driver/libstm32fw.a(stm32f10x_adc.o)
ADC_ClearFlag                                     lib/STM32F10x_StdPeriph_Driver/libstm32fw.a(stm32f10x_adc.o)
ADC_ClearITPendingBit                             lib/STM32F10x_StdPeriph_Driver/libstm32fw.a(stm32f10x_adc.o)
ADC_Cmd                                           lib/STM32F10x_StdPeriph_Driver/libstm32fw.a(stm32f10x_adc.o)
                                                  adc.o
ADC_Configuration                                 adc.o
                                                  main.o
ADC_DMACmd                                        lib/STM32F10x_StdPeriph_Driver/libstm32fw.a(stm32f10x_adc.o)
ADC_DeInit                                        lib/STM32F10x_StdPeriph_Driver/libstm32fw.a(stm32f10x_adc.o)
                                                  adc.o
ADC_DiscModeChannelCountConfig                    lib/STM32F10x_StdPeriph_Driver/libstm32fw.a(stm32f10x_adc.o)
ADC_DiscModeCmd                                   lib/STM32F10x_StdPeriph_Driver/libstm32fw.a(stm32f10x_adc.o)
ADC_ExternalTrigConvCmd                           lib/STM32F10x_StdPeriph_Driver/libstm32fw.a(stm32f10x_adc.o)
ADC_ExternalTrigInjectedConvCmd                   lib/STM32F10x_StdPeriph_Driver/libstm32fw.a(stm32f10x_adc.o)
ADC_ExternalTrigInjectedConvConfig                lib/STM32F10x_StdPeriph_Driver/libstm32fw.a(stm32f10x_adc.o)
ADC_GetCalibrationStatus                          lib/STM32F10x_StdPeriph_Driver/libstm32fw.a(stm32f10x_adc.o)
                                                  adc.o
ADC_GetConversionValue                            lib/STM32F10x_StdPeriph_Driver/libstm32fw.a(stm32f10x_adc.o)
                                                  adc.o
ADC_GetDualModeConversionValue                    lib/STM32F10x_StdPeriph_Driver/libstm32fw.a(stm32f10x_adc.o)
ADC_GetFlagStatus                                 lib/STM32F10x_StdPeriph_Driver/libstm32fw.a(stm32f10x_adc.o)
                                                  adc.o
ADC_GetITStatus                                   lib/STM32F10x_StdPeriph_Driver/libstm32fw.a(stm32f10x_adc.o)
ADC_GetInjectedConversionValue                    lib/STM32F10x_StdPeriph_Driver/libstm32fw.a(stm32f10x_adc.o)
ADC_GetResetCalibrationStatus                     lib/STM32F10x_StdPeriph_Driver/libstm32fw.a(stm32f10x_adc.o)
                                                  adc.o
ADC_GetSoftwareStartConvStatus                    lib/STM32F10x_StdPeriph_Driver/libstm32fw.a(stm32f10x_adc.o)
ADC_GetSoftwareStartInjectedConvCmdStatus         lib/STM32F10x_StdPeriph_Driver/libstm32fw.a(stm32f10x_adc.o)
ADC_IRQHandler                                    lib/libcs3-lanchon-stm32.a(lanchon_stm32_isr_interrupt.o)
                                                  lib/libcs3-lanchon-stm32.a(lanchon-stm32-vector.o)
ADC_ITConfig                                      lib/STM32F10x_StdPeriph_Driver/libstm32fw.a(stm32f10x_adc.o)
ADC_Init                                          lib/STM32F10x_StdPeriph_Driver/libstm32fw.a(stm32f10x_adc.o)
                                                  adc.o
ADC_InjectedChannelConfig                         lib/STM32F10x_StdPeriph_Driver/libstm32fw.a(stm32f10x_adc.o)
ADC_InjectedDiscModeCmd                           lib/STM32F10x_StdPeriph_Driver/libstm32fw.a(stm32f10x_adc.o)
ADC_InjectedSequencerLengthConfig                 lib/STM32F10x_StdPeriph_Driver/libstm32fw.a(stm32f10x_adc.o)
ADC_RegularChannelConfig                          lib/STM32F10x_StdPeriph_Driver/libstm32fw.a(stm32f10x_adc.o)
                                                  adc.o
ADC_ResetCalibration                              lib/STM32F10x_StdPeriph_Driver/libstm32fw.a(stm32f10x_adc.o)
                                                  adc.o
ADC_SetInjectedOffset                             lib/STM32F10x_StdPeriph_Driver/libstm32fw.a(stm32f10x_adc.o)
ADC_SoftwareStartConvCmd                          lib/STM32F10x_StdPeriph_Driver/libstm32fw.a(stm32f10x_adc.o)
                                                  adc.o
ADC_SoftwareStartInjectedConvCmd                  lib/STM32F10x_StdPeriph_Driver/libstm32fw.a(stm32f10x_adc.o)
ADC_StartCalibration                              lib/STM32F10x_StdPeriph_Driver/libstm32fw.a(stm32f10x_adc.o)
                                                  adc.o
ADC_StructInit                                    lib/STM32F10x_StdPeriph_Driver/libstm32fw.a(stm32f10x_adc.o)
ADC_TempSensorVrefintCmd                          lib/STM32F10x_StdPeriph_Driver/libstm32fw.a(stm32f10x_adc.o)
BKP_ClearFlag                                     lib/STM32F10x_StdPeriph_Driver/libstm32fw.a(stm32f10x_bkp.o)
BKP_ClearITPendingBit                             lib/STM32F10x_StdPeriph_Driver/libstm32fw.a(stm32f10x_bkp.o)
BKP_DeInit                                        lib/STM32F10x_StdPeriph_Driver/libstm32fw.a(stm32f10x_bkp.o)
                                                  Util/fat_fs/src/rtc.o
BKP_GetFlagStatus                                 lib/STM32F10x_StdPeriph_Driver/libstm32fw.a(stm32f10x_bkp.o)
BKP_GetITStatus                                   lib/STM32F10x_StdPeriph_Driver/libstm32fw.a(stm32f10x_bkp.o)
BKP_ITConfig                                      lib/STM32F10x_StdPeriph_Driver/libstm32fw.a(stm32f10x_bkp.o)
BKP_RTCOutputConfig                               lib/STM32F10x_StdPeriph_Driver/libstm32fw.a(stm32f10x_bkp.o)
BKP_ReadBackupRegister                            lib/STM32F10x_StdPeriph_Driver/libstm32fw.a(stm32f10x_bkp.o)
                                                  Util/fat_fs/src/rtc.o
BKP_SetRTCCalibrationValue                        lib/STM32F10x_StdPeriph_Driver/libstm32fw.a(stm32f10x_bkp.o)
BKP_TamperPinCmd                                  lib/STM32F10x_StdPeriph_Driver/libstm32fw.a(stm32f10x_bkp.o)
BKP_TamperPinLevelConfig                          lib/STM32F10x_StdPeriph_Driver/libstm32fw.a(stm32f10x_bkp.o)
BKP_WriteBackupRegister                           lib/STM32F10x_StdPeriph_Driver/libstm32fw.a(stm32f10x_bkp.o)
                                                  Util/fat_fs/src/rtc.o
Block_Read_count                                  Util/USB/memory.o
Block_offset                                      Util/USB/memory.o
Bot_Abort                                         Util/USB/usb_bot.o
                                                  Util/USB/usb_scsi.o
                                                  Util/USB/usb_prop.o
Bot_State                                         Util/USB/usb_bot.o
                                                  Util/USB/usb_scsi.o
                                                  Util/USB/usb_prop.o
                                                  Util/USB/memory.o
Bulk_Data_Buff                                    Util/USB/usb_bot.o
                                                  Util/USB/memory.o
BusFaultException                                 lib/libcs3-lanchon-stm32.a(lanchon_stm32_isr_interrupt.o)
                                                  lib/libcs3-lanchon-stm32.a(lanchon-stm32-vector.o)
BusFault_Handler                                  lib/CMSIS_CM3/startup/gcc/startup_stm32f10x_md.o
ByteSwap                                          lib/STM32_USB-FS-Device_Driver/libstm32usb.a(usb_regs.o)
                                                  lib/STM32_USB-FS-Device_Driver/libstm32usb.a(usb_core.o)
CAN1_RX1_IRQHandler                               lib/CMSIS_CM3/startup/gcc/startup_stm32f10x_md.o
CAN1_SCE_IRQHandler                               lib/CMSIS_CM3/startup/gcc/startup_stm32f10x_md.o
CAN_RX1_IRQHandler                                lib/libcs3-lanchon-stm32.a(lanchon_stm32_isr_interrupt.o)
                                                  lib/libcs3-lanchon-stm32.a(lanchon-stm32-vector.o)
CAN_SCE_IRQHandler                                lib/libcs3-lanchon-stm32.a(lanchon_stm32_isr_interrupt.o)
                                                  lib/libcs3-lanchon-stm32.a(lanchon-stm32-vector.o)
CBW                                               Util/USB/usb_bot.o
                                                  Util/USB/usb_scsi.o
                                                  Util/USB/usb_prop.o
CBW_Decode                                        Util/USB/usb_bot.o
CSW                                               Util/USB/usb_bot.o
                                                  Util/USB/memory.o
CTR_HP                                            lib/STM32_USB-FS-Device_Driver/libstm32usb.a(usb_int.o)
                                                  interrupts.o
CTR_LP                                            lib/STM32_USB-FS-Device_Driver/libstm32usb.a(usb_int.o)
                                                  Util/USB/usb_istr.o
ClearDTOG_RX                                      lib/STM32_USB-FS-Device_Driver/libstm32usb.a(usb_regs.o)
                                                  lib/STM32_USB-FS-Device_Driver/libstm32usb.a(usb_core.o)
                                                  Util/USB/usb_prop.o
ClearDTOG_TX                                      lib/STM32_USB-FS-Device_Driver/libstm32usb.a(usb_regs.o)
                                                  lib/STM32_USB-FS-Device_Driver/libstm32usb.a(usb_core.o)
                                                  Util/USB/usb_prop.o
ClearEPDoubleBuff                                 lib/STM32_USB-FS-Device_Driver/libstm32usb.a(usb_regs.o)
ClearEP_CTR_RX                                    lib/STM32_USB-FS-Device_Driver/libstm32usb.a(usb_regs.o)
ClearEP_CTR_TX                                    lib/STM32_USB-FS-Device_Driver/libstm32usb.a(usb_regs.o)
ClearEP_KIND                                      lib/STM32_USB-FS-Device_Driver/libstm32usb.a(usb_regs.o)
Clear_Status_Out                                  lib/STM32_USB-FS-Device_Driver/libstm32usb.a(usb_regs.o)
                                                  Util/USB/usb_prop.o
Config_Descriptor                                 Util/USB/usb_prop.o
Counter                                           Util/USB/memory.o
DMA1_Channel1_IRQHandler                          lib/CMSIS_CM3/startup/gcc/startup_stm32f10x_md.o
DMA1_Channel2_IRQHandler                          lib/CMSIS_CM3/startup/gcc/startup_stm32f10x_md.o
DMA1_Channel3_IRQHandler                          lib/CMSIS_CM3/startup/gcc/startup_stm32f10x_md.o
DMA1_Channel4_IRQHandler                          lib/CMSIS_CM3/startup/gcc/startup_stm32f10x_md.o
DMA1_Channel5_IRQHandler                          lib/CMSIS_CM3/startup/gcc/startup_stm32f10x_md.o
DMA1_Channel6_IRQHandler                          lib/CMSIS_CM3/startup/gcc/startup_stm32f10x_md.o
DMA1_Channel7_IRQHandler                          lib/CMSIS_CM3/startup/gcc/startup_stm32f10x_md.o
DMAChannel1_IRQHandler                            lib/libcs3-lanchon-stm32.a(lanchon_stm32_isr_interrupt.o)
                                                  lib/libcs3-lanchon-stm32.a(lanchon-stm32-vector.o)
DMAChannel2_IRQHandler                            lib/libcs3-lanchon-stm32.a(lanchon_stm32_isr_interrupt.o)
                                                  lib/libcs3-lanchon-stm32.a(lanchon-stm32-vector.o)
DMAChannel3_IRQHandler                            lib/libcs3-lanchon-stm32.a(lanchon_stm32_isr_interrupt.o)
                                                  lib/libcs3-lanchon-stm32.a(lanchon-stm32-vector.o)
DMAChannel4_IRQHandler                            lib/libcs3-lanchon-stm32.a(lanchon_stm32_isr_interrupt.o)
                                                  lib/libcs3-lanchon-stm32.a(lanchon-stm32-vector.o)
DMAChannel5_IRQHandler                            lib/libcs3-lanchon-stm32.a(lanchon_stm32_isr_interrupt.o)
                                                  lib/libcs3-lanchon-stm32.a(lanchon-stm32-vector.o)
DMAChannel6_IRQHandler                            lib/libcs3-lanchon-stm32.a(lanchon_stm32_isr_interrupt.o)
                                                  lib/libcs3-lanchon-stm32.a(lanchon-stm32-vector.o)
DMAChannel7_IRQHandler                            lib/libcs3-lanchon-stm32.a(lanchon_stm32_isr_interrupt.o)
                                                  lib/libcs3-lanchon-stm32.a(lanchon-stm32-vector.o)
DMA_ClearFlag                                     lib/STM32F10x_StdPeriph_Driver/libstm32fw.a(stm32f10x_dma.o)
DMA_ClearITPendingBit                             lib/STM32F10x_StdPeriph_Driver/libstm32fw.a(stm32f10x_dma.o)
DMA_Cmd                                           lib/STM32F10x_StdPeriph_Driver/libstm32fw.a(stm32f10x_dma.o)
                                                  Util/fat_fs/src/sd_spi_stm32.o
DMA_DeInit                                        lib/STM32F10x_StdPeriph_Driver/libstm32fw.a(stm32f10x_dma.o)
                                                  Util/fat_fs/src/sd_spi_stm32.o
DMA_GetCurrDataCounter                            lib/STM32F10x_StdPeriph_Driver/libstm32fw.a(stm32f10x_dma.o)
DMA_GetFlagStatus                                 lib/STM32F10x_StdPeriph_Driver/libstm32fw.a(stm32f10x_dma.o)
                                                  Util/fat_fs/src/sd_spi_stm32.o
DMA_GetITStatus                                   lib/STM32F10x_StdPeriph_Driver/libstm32fw.a(stm32f10x_dma.o)
DMA_ITConfig                                      lib/STM32F10x_StdPeriph_Driver/libstm32fw.a(stm32f10x_dma.o)
DMA_Init                                          lib/STM32F10x_StdPeriph_Driver/libstm32fw.a(stm32f10x_dma.o)
                                                  Util/fat_fs/src/sd_spi_stm32.o
DMA_StructInit                                    lib/STM32F10x_StdPeriph_Driver/libstm32fw.a(stm32f10x_dma.o)
Data_Buffer                                       Util/USB/mass_mal.o
                                                  Util/USB/memory.o
Data_Len                                          Util/USB/usb_bot.o
                                                  Util/USB/memory.o
Data_Mul_MaxPacketSize                            lib/STM32_USB-FS-Device_Driver/libstm32usb.a(usb_core.o)
DebugMon_Handler                                  lib/CMSIS_CM3/startup/gcc/startup_stm32f10x_md.o
DebugMonitor                                      lib/libcs3-lanchon-stm32.a(lanchon_stm32_isr_interrupt.o)
                                                  lib/libcs3-lanchon-stm32.a(lanchon-stm32-vector.o)
Default_Handler                                   lib/CMSIS_CM3/startup/gcc/startup_stm32f10x_md.o
Default_Usart_Config                              usart.o
Device_Descriptor                                 Util/USB/usb_prop.o
Device_Info                                       lib/STM32_USB-FS-Device_Driver/libstm32usb.a(usb_init.o)
                                                  Util/USB/usb_prop.o
                                                  Util/USB/hw_config.o
Device_Property                                   Util/USB/usb_prop.o
                                                  lib/STM32_USB-FS-Device_Driver/libstm32usb.a(usb_init.o)
                                                  lib/STM32_USB-FS-Device_Driver/libstm32usb.a(usb_core.o)
                                                  Util/USB/usb_istr.o
Device_Table                                      Util/USB/usb_prop.o
                                                  lib/STM32_USB-FS-Device_Driver/libstm32usb.a(usb_core.o)
EP1_IN_Callback                                   Util/USB/usb_endp.o
                                                  Util/USB/usb_istr.o
EP2_OUT_Callback                                  Util/USB/usb_endp.o
                                                  Util/USB/usb_istr.o
EPindex                                           lib/STM32_USB-FS-Device_Driver/libstm32usb.a(usb_int.o)
                                                  lib/STM32_USB-FS-Device_Driver/libstm32usb.a(usb_init.o)
EXTI0_IRQHandler                                  interrupts.o
                                                  lib/libcs3-lanchon-stm32.a(lanchon-stm32-vector.o)
EXTI15_10_IRQHandler                              lib/CMSIS_CM3/startup/gcc/startup_stm32f10x_md.o
                                                  lib/libcs3-lanchon-stm32.a(lanchon-stm32-vector.o)
EXTI1_IRQHandler                                  lib/CMSIS_CM3/startup/gcc/startup_stm32f10x_md.o
                                                  lib/libcs3-lanchon-stm32.a(lanchon-stm32-vector.o)
EXTI2_IRQHandler                                  lib/CMSIS_CM3/startup/gcc/startup_stm32f10x_md.o
                                                  lib/libcs3-lanchon-stm32.a(lanchon-stm32-vector.o)
EXTI3_IRQHandler                                  lib/CMSIS_CM3/startup/gcc/startup_stm32f10x_md.o
                                                  lib/libcs3-lanchon-stm32.a(lanchon-stm32-vector.o)
EXTI4_IRQHandler                                  lib/CMSIS_CM3/startup/gcc/startup_stm32f10x_md.o
                                                  lib/libcs3-lanchon-stm32.a(lanchon-stm32-vector.o)
EXTI9_5_IRQHandler                                lib/CMSIS_CM3/startup/gcc/startup_stm32f10x_md.o
                                                  lib/libcs3-lanchon-stm32.a(lanchon-stm32-vector.o)
EXTI_ClearFlag                                    lib/STM32F10x_StdPeriph_Driver/libstm32fw.a(stm32f10x_exti.o)
EXTI_ClearITPendingBit                            lib/STM32F10x_StdPeriph_Driver/libstm32fw.a(stm32f10x_exti.o)
                                                  interrupts.o
EXTI_Config                                       interrupts.o
                                                  main.o
EXTI_DeInit                                       lib/STM32F10x_StdPeriph_Driver/libstm32fw.a(stm32f10x_exti.o)
                                                  interrupts.o
EXTI_GenerateSWInterrupt                          lib/STM32F10x_StdPeriph_Driver/libstm32fw.a(stm32f10x_exti.o)
EXTI_GetFlagStatus                                lib/STM32F10x_StdPeriph_Driver/libstm32fw.a(stm32f10x_exti.o)
EXTI_GetITStatus                                  lib/STM32F10x_StdPeriph_Driver/libstm32fw.a(stm32f10x_exti.o)
                                                  interrupts.o
EXTI_Init                                         lib/STM32F10x_StdPeriph_Driver/libstm32fw.a(stm32f10x_exti.o)
                                                  interrupts.o
EXTI_StructInit                                   lib/STM32F10x_StdPeriph_Driver/libstm32fw.a(stm32f10x_exti.o)
Enter_LowPowerMode                                Util/USB/hw_config.o
                                                  Util/USB/usb_pwr.o
FATFS_logfile                                     main.o
                                                  interrupts.o
FLASH_IRQHandler                                  lib/CMSIS_CM3/startup/gcc/startup_stm32f10x_md.o
                                                  lib/libcs3-lanchon-stm32.a(lanchon-stm32-vector.o)
FreeUserBuffer                                    lib/STM32_USB-FS-Device_Driver/libstm32usb.a(usb_regs.o)
GPIO_AFIODeInit                                   lib/STM32F10x_StdPeriph_Driver/libstm32fw.a(stm32f10x_gpio.o)
GPIO_DeInit                                       lib/STM32F10x_StdPeriph_Driver/libstm32fw.a(stm32f10x_gpio.o)
GPIO_ETH_MediaInterfaceConfig                     lib/STM32F10x_StdPeriph_Driver/libstm32fw.a(stm32f10x_gpio.o)
GPIO_EXTILineConfig                               lib/STM32F10x_StdPeriph_Driver/libstm32fw.a(stm32f10x_gpio.o)
                                                  interrupts.o
GPIO_EventOutputCmd                               lib/STM32F10x_StdPeriph_Driver/libstm32fw.a(stm32f10x_gpio.o)
GPIO_EventOutputConfig                            lib/STM32F10x_StdPeriph_Driver/libstm32fw.a(stm32f10x_gpio.o)
GPIO_Init                                         lib/STM32F10x_StdPeriph_Driver/libstm32fw.a(stm32f10x_gpio.o)
                                                  usart.o
                                                  gpio.o
                                                  Util/stm32_eval_spi_sd.o
                                                  Util/fat_fs/src/sd_spi_stm32.o
GPIO_PinLockConfig                                lib/STM32F10x_StdPeriph_Driver/libstm32fw.a(stm32f10x_gpio.o)
GPIO_PinRemapConfig                               lib/STM32F10x_StdPeriph_Driver/libstm32fw.a(stm32f10x_gpio.o)
GPIO_ReadInputData                                lib/STM32F10x_StdPeriph_Driver/libstm32fw.a(stm32f10x_gpio.o)
GPIO_ReadInputDataBit                             lib/STM32F10x_StdPeriph_Driver/libstm32fw.a(stm32f10x_gpio.o)
                                                  interrupts.o
                                                  gpio.o
GPIO_ReadOutputData                               lib/STM32F10x_StdPeriph_Driver/libstm32fw.a(stm32f10x_gpio.o)
GPIO_ReadOutputDataBit                            lib/STM32F10x_StdPeriph_Driver/libstm32fw.a(stm32f10x_gpio.o)
GPIO_ResetBits                                    lib/STM32F10x_StdPeriph_Driver/libstm32fw.a(stm32f10x_gpio.o)
                                                  Util/stm32_eval_spi_sd.o
                                                  Util/fat_fs/src/sd_spi_stm32.o
GPIO_SetBits                                      lib/STM32F10x_StdPeriph_Driver/libstm32fw.a(stm32f10x_gpio.o)
                                                  Util/stm32_eval_spi_sd.o
                                                  Util/fat_fs/src/sd_spi_stm32.o
GPIO_StructInit                                   lib/STM32F10x_StdPeriph_Driver/libstm32fw.a(stm32f10x_gpio.o)
GPIO_Write                                        lib/STM32F10x_StdPeriph_Driver/libstm32fw.a(stm32f10x_gpio.o)
GPIO_WriteBit                                     lib/STM32F10x_StdPeriph_Driver/libstm32fw.a(stm32f10x_gpio.o)
                                                  main.o
                                                  gpio.o
                                                  Util/USB/usb_pwr.o
                                                  Util/USB/mass_mal.o
                                                  Util/USB/hw_config.o
GetBTABLE                                         lib/STM32_USB-FS-Device_Driver/libstm32usb.a(usb_regs.o)
GetCNTR                                           lib/STM32_USB-FS-Device_Driver/libstm32usb.a(usb_regs.o)
GetDADDR                                          lib/STM32_USB-FS-Device_Driver/libstm32usb.a(usb_regs.o)
GetENDPOINT                                       lib/STM32_USB-FS-Device_Driver/libstm32usb.a(usb_regs.o)
GetEPAddress                                      lib/STM32_USB-FS-Device_Driver/libstm32usb.a(usb_regs.o)
GetEPDblBuf0Addr                                  lib/STM32_USB-FS-Device_Driver/libstm32usb.a(usb_regs.o)
GetEPDblBuf0Count                                 lib/STM32_USB-FS-Device_Driver/libstm32usb.a(usb_regs.o)
GetEPDblBuf1Addr                                  lib/STM32_USB-FS-Device_Driver/libstm32usb.a(usb_regs.o)
GetEPDblBuf1Count                                 lib/STM32_USB-FS-Device_Driver/libstm32usb.a(usb_regs.o)
GetEPDblBufDir                                    lib/STM32_USB-FS-Device_Driver/libstm32usb.a(usb_regs.o)
GetEPRxAddr                                       lib/STM32_USB-FS-Device_Driver/libstm32usb.a(usb_regs.o)
                                                  lib/STM32_USB-FS-Device_Driver/libstm32usb.a(usb_sil.o)
                                                  lib/STM32_USB-FS-Device_Driver/libstm32usb.a(usb_core.o)
GetEPRxCount                                      lib/STM32_USB-FS-Device_Driver/libstm32usb.a(usb_regs.o)
                                                  lib/STM32_USB-FS-Device_Driver/libstm32usb.a(usb_sil.o)
GetEPRxStatus                                     lib/STM32_USB-FS-Device_Driver/libstm32usb.a(usb_regs.o)
GetEPTxAddr                                       lib/STM32_USB-FS-Device_Driver/libstm32usb.a(usb_regs.o)
                                                  lib/STM32_USB-FS-Device_Driver/libstm32usb.a(usb_sil.o)
                                                  lib/STM32_USB-FS-Device_Driver/libstm32usb.a(usb_core.o)
GetEPTxCount                                      lib/STM32_USB-FS-Device_Driver/libstm32usb.a(usb_regs.o)
GetEPTxStatus                                     lib/STM32_USB-FS-Device_Driver/libstm32usb.a(usb_regs.o)
GetEPType                                         lib/STM32_USB-FS-Device_Driver/libstm32usb.a(usb_regs.o)
GetFNR                                            lib/STM32_USB-FS-Device_Driver/libstm32usb.a(usb_regs.o)
GetISTR                                           lib/STM32_USB-FS-Device_Driver/libstm32usb.a(usb_regs.o)
GetRxStallStatus                                  lib/STM32_USB-FS-Device_Driver/libstm32usb.a(usb_regs.o)
GetTxStallStatus                                  lib/STM32_USB-FS-Device_Driver/libstm32usb.a(usb_regs.o)
Get_Max_Lun                                       Util/USB/usb_prop.o
Get_SerialNum                                     Util/USB/hw_config.o