Archive member included because of file (symbol)

lib/STM32F10x_StdPeriph_Driver/libstm32fw.a(misc.o)
                              Util/USB/hw_config.o (NVIC_PriorityGroupConfig)
lib/STM32F10x_StdPeriph_Driver/libstm32fw.a(stm32f10x_adc.o)
                              adc.o (ADC_DeInit)
lib/STM32F10x_StdPeriph_Driver/libstm32fw.a(stm32f10x_bkp.o)
                              Util/fat_fs/src/rtc.o (BKP_DeInit)
lib/STM32F10x_StdPeriph_Driver/libstm32fw.a(stm32f10x_dma.o)
                              Util/fat_fs/src/sd_spi_stm32.o (DMA_DeInit)
lib/STM32F10x_StdPeriph_Driver/libstm32fw.a(stm32f10x_exti.o)
                              interrupts.o (EXTI_DeInit)
lib/STM32F10x_StdPeriph_Driver/libstm32fw.a(stm32f10x_gpio.o)
                              Util/fat_fs/src/sd_spi_stm32.o (GPIO_Init)
lib/STM32F10x_StdPeriph_Driver/libstm32fw.a(stm32f10x_pwr.o)
                              pwr.o (PWR_DeInit)
lib/STM32F10x_StdPeriph_Driver/libstm32fw.a(stm32f10x_rcc.o)
                              interrupts.o (RCC_HCLKConfig)
lib/STM32F10x_StdPeriph_Driver/libstm32fw.a(stm32f10x_rtc.o)
                              Util/fat_fs/src/rtc.o (RTC_GetCounter)
lib/STM32F10x_StdPeriph_Driver/libstm32fw.a(stm32f10x_spi.o)
                              Util/fat_fs/src/sd_spi_stm32.o (SPI_I2S_DeInit)
lib/STM32F10x_StdPeriph_Driver/libstm32fw.a(stm32f10x_tim.o)
                              timer.o (TIM_DeInit)
lib/STM32F10x_StdPeriph_Driver/libstm32fw.a(stm32f10x_usart.o)
                              usart.o (USART_Init)
lib/STM32_USB-FS-Device_Driver/libstm32usb.a(usb_core.o)
                              Util/USB/usb_prop.o (Standard_GetDescriptorData)
lib/STM32_USB-FS-Device_Driver/libstm32usb.a(usb_init.o)
                              main.o (USB_Init)
lib/STM32_USB-FS-Device_Driver/libstm32usb.a(usb_int.o)
                              Util/USB/usb_istr.o (CTR_LP)
lib/STM32_USB-FS-Device_Driver/libstm32usb.a(usb_mem.o)
                              lib/STM32_USB-FS-Device_Driver/libstm32usb.a(usb_core.o) (UserToPMABufferCopy)
lib/STM32_USB-FS-Device_Driver/libstm32usb.a(usb_regs.o)
                              Util/USB/usb_prop.o (SetBTABLE)
lib/STM32_USB-FS-Device_Driver/libstm32usb.a(usb_sil.o)
                              Util/USB/usb_prop.o (USB_SIL_Init)
/home/laurence/CodeSourcery/Sourcery_G++_Lite/bin/../lib/gcc/arm-none-eabi/4.5.2/../../../../arm-none-eabi/lib/thumb2/libm.a(lib_a-sf_sin.o)
                              Sensors/ppg.o (sinf)
/home/laurence/CodeSourcery/Sourcery_G++_Lite/bin/../lib/gcc/arm-none-eabi/4.5.2/../../../../arm-none-eabi/lib/thumb2/libm.a(lib_a-w_asin.o)
                              Sensors/ppg.o (asin)
/home/laurence/CodeSourcery/Sourcery_G++_Lite/bin/../lib/gcc/arm-none-eabi/4.5.2/../../../../arm-none-eabi/lib/thumb2/libm.a(lib_a-w_sqrt.o)
                              Sensors/ppg.o (sqrt)
/home/laurence/CodeSourcery/Sourcery_G++_Lite/bin/../lib/gcc/arm-none-eabi/4.5.2/../../../../arm-none-eabi/lib/thumb2/libm.a(lib_a-e_asin.o)
                              /home/laurence/CodeSourcery/Sourcery_G++_Lite/bin/../lib/gcc/arm-none-eabi/4.5.2/../../../../arm-none-eabi/lib/thumb2/libm.a(lib_a-w_asin.o) (__ieee754_asin)
/home/laurence/CodeSourcery/Sourcery_G++_Lite/bin/../lib/gcc/arm-none-eabi/4.5.2/../../../../arm-none-eabi/lib/thumb2/libm.a(lib_a-e_sqrt.o)
                              /home/laurence/CodeSourcery/Sourcery_G++_Lite/bin/../lib/gcc/arm-none-eabi/4.5.2/../../../../arm-none-eabi/lib/thumb2/libm.a(lib_a-w_sqrt.o) (__ieee754_sqrt)
/home/laurence/CodeSourcery/Sourcery_G++_Lite/bin/../lib/gcc/arm-none-eabi/4.5.2/../../../../arm-none-eabi/lib/thumb2/libm.a(lib_a-ef_rem_pio2.o)
                              /home/laurence/CodeSourcery/Sourcery_G++_Lite/bin/../lib/gcc/arm-none-eabi/4.5.2/../../../../arm-none-eabi/lib/thumb2/libm.a(lib_a-sf_sin.o) (__ieee754_rem_pio2f)
/home/laurence/CodeSourcery/Sourcery_G++_Lite/bin/../lib/gcc/arm-none-eabi/4.5.2/../../../../arm-none-eabi/lib/thumb2/libm.a(lib_a-kf_cos.o)
                              /home/laurence/CodeSourcery/Sourcery_G++_Lite/bin/../lib/gcc/arm-none-eabi/4.5.2/../../../../arm-none-eabi/lib/thumb2/libm.a(lib_a-sf_sin.o) (__kernel_cosf)
/home/laurence/CodeSourcery/Sourcery_G++_Lite/bin/../lib/gcc/arm-none-eabi/4.5.2/../../../../arm-none-eabi/lib/thumb2/libm.a(lib_a-kf_rem_pio2.o)
                              /home/laurence/CodeSourcery/Sourcery_G++_Lite/bin/../lib/gcc/arm-none-eabi/4.5.2/../../../../arm-none-eabi/lib/thumb2/libm.a(lib_a-ef_rem_pio2.o) (__kernel_rem_pio2f)
/home/laurence/CodeSourcery/Sourcery_G++_Lite/bin/../lib/gcc/arm-none-eabi/4.5.2/../../../../arm-none-eabi/lib/thumb2/libm.a(lib_a-kf_sin.o)
                              /home/laurence/CodeSourcery/Sourcery_G++_Lite/bin/../lib/gcc/arm-none-eabi/4.5.2/../../../../arm-none-eabi/lib/thumb2/libm.a(lib_a-sf_sin.o) (__kernel_sinf)
[...]
Memory Configuration

Name             Origin             Length             Attributes
ram              0x20000000         0x00005000         xrw
rom              0x08000000         0x00020000         xr
*default*        0x00000000         0xffffffff

Linker script and memory map

LOAD /home/laurence/CodeSourcery/Sourcery_G++_Lite/bin/../lib/gcc/arm-none-eabi/4.5.2/thumb2/crti.o
LOAD /home/laurence/CodeSourcery/Sourcery_G++_Lite/bin/../lib/gcc/arm-none-eabi/4.5.2/thumb2/crtbegin.o
LOAD Sensors/ppg.o
LOAD Sensors/pressure.o
LOAD Sensors/temperature.o
LOAD Util/USB/hw_config.o
LOAD Util/USB/mass_mal.o
LOAD Util/USB/memory.o
LOAD Util/USB/scsi_data.o
LOAD Util/USB/usb_bot.o
LOAD Util/USB/usb_desc.o
LOAD Util/USB/usb_endp.o
LOAD Util/USB/usb_istr.o
LOAD Util/USB/usb_prop.o
LOAD Util/USB/usb_pwr.o
LOAD Util/USB/usb_scsi.o
LOAD Util/buffer.o
LOAD Util/fat_fs/option/cc932.o
LOAD Util/fat_fs/option/syscall.o
LOAD Util/fat_fs/src/fattime.o
LOAD Util/fat_fs/src/ff.o
LOAD Util/fat_fs/src/rtc.o
LOAD Util/fat_fs/src/sd_spi_stm32.o
LOAD Util/rprintf.o
LOAD Util/stm32_eval_spi_sd.o
LOAD adc.o
LOAD gpio.o
LOAD interrupts.o
LOAD lib/CMSIS_CM3/core_cm3.o
LOAD lib/CMSIS_CM3/startup/gcc/startup_stm32f10x_md.o
LOAD lib/CMSIS_CM3/system_stm32f10x.o
LOAD main.o
LOAD pwr.o
LOAD timer.o
LOAD usart.o
LOAD lib/STM32F10x_StdPeriph_Driver/libstm32fw.a
LOAD lib/STM32_USB-FS-Device_Driver/libstm32usb.a
LOAD /home/laurence/CodeSourcery/Sourcery_G++_Lite/bin/../lib/gcc/arm-none-eabi/4.5.2/../../../../arm-none-eabi/lib/thumb2/libm.a
START GROUP
LOAD /home/laurence/CodeSourcery/Sourcery_G++_Lite/bin/../lib/gcc/arm-none-eabi/4.5.2/thumb2/libgcc.a
LOAD /home/laurence/CodeSourcery/Sourcery_G++_Lite/bin/../lib/gcc/arm-none-eabi/4.5.2/../../../../arm-none-eabi/lib/thumb2/libc.a
END GROUP
LOAD /home/laurence/CodeSourcery/Sourcery_G++_Lite/bin/../lib/gcc/arm-none-eabi/4.5.2/thumb2/crtend.o
LOAD /home/laurence/CodeSourcery/Sourcery_G++_Lite/bin/../lib/gcc/arm-none-eabi/4.5.2/thumb2/crtn.o
START GROUP
LOAD /home/laurence/CodeSourcery/Sourcery_G++_Lite/bin/../lib/gcc/arm-none-eabi/4.5.2/thumb2/libgcc.a
LOAD /home/laurence/CodeSourcery/Sourcery_G++_Lite/bin/../lib/gcc/arm-none-eabi/4.5.2/../../../../arm-none-eabi/lib/thumb2/libc.a
LOAD /home/laurence/CodeSourcery/Sourcery_G++_Lite/bin/../lib/gcc/arm-none-eabi/4.5.2/../../../../arm-none-eabi/lib/thumb2/libcs3.a
LOAD /home/laurence/CodeSourcery/Sourcery_G++_Lite/bin/../lib/gcc/arm-none-eabi/4.5.2/../../../../arm-none-eabi/lib/thumb2/libcs3unhosted.a
LOAD lib/libcs3-lanchon-stm32.a
END GROUP
                0x20005000                PROVIDE (__cs3_stack, (__cs3_region_start_ram + __cs3_region_size_ram))
                0x20000e90                PROVIDE (__cs3_heap_start, _end)
                0x20005000                PROVIDE (__cs3_heap_end, (__cs3_region_start_ram + __cs3_region_size_ram))

.text           0x08000000    0x1a5a4
 CREATE_OBJECT_SYMBOLS
                0x08000000                __cs3_region_start_rom = .
 *(.cs3.region-head.rom)
                0x08000000                __cs3_interrupt_vector = __cs3_interrupt_vector_lanchon_stm32
 *(.cs3.interrupt_vector)
 .cs3.interrupt_vector
                0x08000000       0xec lib/libcs3-lanchon-stm32.a(lanchon-stm32-vector.o)
                0x08000000                __cs3_interrupt_vector_lanchon_stm32
                0x08000001                ASSERT ((. != __cs3_interrupt_vector_lanchon_stm32), No interrupt vector)
 *(.rom)
 *(.rom.b)
                0x08012804                PROVIDE (__cs3_reset_lanchon_stm32, _start)
                0x08012804                __cs3_reset = __cs3_reset_lanchon_stm32
 *(.cs3.reset)
 *(.text .text.* .gnu.linkonce.t.*)
 .text          0x080000ec       0x30 /home/laurence/CodeSourcery/Sourcery_G++_Lite/bin/../lib/gcc/arm-none-eabi/4.5.2/thumb2/crtbegin.o
 *fill*         0x0800011c        0x4 00
 .text          0x08000120      0x388 Sensors/ppg.o
                0x08000120                PPG_LO_Filter
                0x080003c4                PPG_correct_brightness
                0x08000460                PWM_Linear
 .text          0x080004a8      0x258 Sensors/pressure.o
                0x080004a8                calibrate_sensor
                0x080004f4                conv_adc_diff
                0x0800052c                conv_diff
                0x0800055c                filterloop
 .text          0x08000700      0x2a0 Util/USB/hw_config.o
                0x08000700                Set_System
                0x08000708                Set_USBClock
                0x08000720                Enter_LowPowerMode
                0x0800072c                Leave_LowPowerMode
                0x0800074c                USB_Interrupts_Config
                0x08000790                Led_RW_ON
                0x080007a0                Led_RW_OFF
                0x080007b0                USB_Configured_LED
                0x080007c0                USB_NotConfigured_LED
                0x080007d0                USB_Cable_Config
                0x080007d4                Get_SerialNum
                0x08000998                MAL_Config
 .text          0x080009a0       0xe4 Util/USB/mass_mal.o
                0x080009a0                MAL_Init
                0x080009ec                MAL_Write
                0x08000a10                MAL_Read
                0x08000a34                MAL_GetStatus
 .text          0x08000a84      0x1d8 Util/USB/memory.o
                0x08000a84                Read_Memory
                0x08000b68                Write_Memory
 .text          0x08000c5c      0x628 Util/USB/usb_bot.o
                0x08000c5c                Mass_Storage_In
                0x08000ce4                CBW_Decode
                0x08001144                Mass_Storage_Out
                0x080011d4                Transfer_Data_Request
                0x08001208                Set_CSW
                0x08001244                Bot_Abort
 .text          0x08001284        0x8 Util/USB/usb_endp.o
                0x08001284                EP1_IN_Callback
                0x08001288                EP2_OUT_Callback
 .text          0x0800128c       0xf0 Util/USB/usb_istr.o
                0x0800128c                USB_Istr
 .text          0x0800137c      0x268 Util/USB/usb_prop.o
                0x0800137c                Mass_Storage_SetDeviceAddress
                0x08001388                MASS_Status_In
                0x0800138c                MASS_Status_Out
                0x08001390                MASS_Get_Interface_Setting
                0x080013a0                Get_Max_Lun
                0x080013b8                MASS_Data_Setup
                0x080013fc                MASS_GetStringDescriptor
                0x0800141c                MASS_GetConfigDescriptor
                0x08001428                MASS_GetDeviceDescriptor
                0x08001434                MASS_NoData_Setup
                0x08001484                Mass_Storage_SetConfiguration
                0x080014b4                Mass_Storage_ClearFeature
                0x080014d0                MASS_Reset
                0x080015c0                MASS_init
 .text          0x080015e4      0x1c4 Util/USB/usb_pwr.o
                0x080015e4                PowerOn
                0x08001614                PowerOff
                0x08001638                Suspend
                0x0800167c                Resume_Init
                0x080016bc                Resume
 .text          0x080017a8      0x460 Util/USB/usb_scsi.o
                0x080017a8                SCSI_Inquiry_Cmd
                0x080017e0                SCSI_ReadFormatCapacity_Cmd
                0x08001854                SCSI_ReadCapacity10_Cmd
                0x080018d0                SCSI_ModeSense6_Cmd
                0x080018dc                SCSI_ModeSense10_Cmd
                0x080018e8                SCSI_RequestSense_Cmd
                0x08001900                Set_Scsi_Sense_Data
                0x0800190c                SCSI_Start_Stop_Unit_Cmd
                0x08001914                SCSI_Read10_Cmd
                0x080019c4                SCSI_Write10_Cmd
                0x08001a70                SCSI_Verify10_Cmd
                0x08001ab0                SCSI_Valid_Cmd
                0x08001ae8                SCSI_TestUnitReady_Cmd
                0x08001b1c                SCSI_Format_Cmd
                0x08001b48                SCSI_Invalid_Cmd
                0x08001b84                SCSI_Address_Management
 .text          0x08001c08       0x78 Util/buffer.o
                0x08001c08                Add_To_Buffer
                0x08001c3c                Get_From_Buffer
                0x08001c6c                init_buffer
 .text          0x08001c80      0x25c Util/fat_fs/option/cc932.o
                0x08001c80                ff_convert
                0x08001eac                ff_wtoupper
 .text          0x08001edc       0x48 Util/fat_fs/src/fattime.o
                0x08001edc                get_fattime
 .text          0x08001f24     0x643c Util/fat_fs/src/ff.o
                0x0800280c                clust2sect
                0x08002828                get_fat
                0x08002dcc                put_fat
                0x08004b70                gen_numname
                0x08005808                f_mount
                0x08005828                f_open
                0x08005c94                f_read
                0x0800607c                f_write
                0x080064b0                f_sync
                0x08006688                f_close
                0x08006698                f_lseek
                0x08006864                f_opendir
                0x080068d0                f_readdir
                0x08006944                f_stat
                0x0800698c                f_getfree
                0x08006bf0                f_truncate
                0x08006d60                f_unlink
                0x08006e78                f_mkdir
                0x080072a0                f_chmod
                0x080072fc                f_utime
                0x0800735c                f_rename
                0x0800761c                f_gets
                0x08007738                f_putc
                0x0800775c                f_puts
                0x08007798                f_printf
 .text          0x08008360      0x484 Util/fat_fs/src/rtc.o
                0x08008360                rtc_gettime
                0x080084e0                my_RTC_SetCounter
                0x08008504                rtc_settime
                0x08008738                rtc_init
 .text          0x080087e4      0xfa8 Util/fat_fs/src/sd_spi_stm32.o
                0x08008c1c                disk_initialize
                0x08008dc8                disk_status
                0x08008dd8                disk_read
                0x08008f54                disk_write
                0x080090f4                disk_ioctl
                0x08009750                disk_timerproc
 .text          0x0800978c     0x182c Util/rprintf.o
                0x0800978c                rprintfInit
                0x08009798                rprintfChar
                0x080097c0                rprintfStr
                0x080097f8                rprintfStrLen
                0x080099bc                rprintfCRLF
                0x080099d4                rprintfu04
                0x08009a00                rprintfu08
                0x08009a48                rprintfu16
                0x08009ae4                rprintfu32
                0x08009c30                rprintfNum
                0x08009ea0                rprintfFloat
                0x0800a164                rprintf2RamRom
                0x0800af60                Isdigit
                0x0800af70                atoiRamRom
                0x0800afa8                rStrLen
 .text          0x0800afb8      0x23c adc.o
                0x0800afb8                ADC_Configuration
                0x0800b174                readADC2
                0x0800b1ac                setADC2
                0x0800b1cc                getADC2
 .text          0x0800b1f4      0x244 gpio.o
                0x0800b1f4                setup_gpio
                0x0800b3a8                switch_leds_on
                0x0800b3d0                switch_leds_off
                0x0800b3f8                red_flash
                0x0800b42c                get_wkup
 .text          0x0800b438      0x468 interrupts.o
                0x0800b438                ISR_Config
                0x0800b48c                EXTI_ONOFF_EN
                0x0800b4ec                DMA_ISR_Config
                0x0800b514                SysTick_Configuration
                0x0800b54c                EXTI0_IRQHandler
                0x0800b5ec                DMAChannel1_IRQHandler
                0x0800b618                ADC1_2_IRQHandler
                0x0800b6ac                SysTickHandler
                0x0800b898                USB_HP_CAN_TX_IRQHandler
                0x0800b89c                USB_LP_CAN_RX0_IRQHandler
 .text.Default_Handler
                0x0800b8a0        0x2 lib/CMSIS_CM3/startup/gcc/startup_stm32f10x_md.o
                0x0800b8a0                EXTI2_IRQHandler
                0x0800b8a0                DebugMon_Handler
                0x0800b8a0                TIM1_CC_IRQHandler
                0x0800b8a0                HardFault_Handler
                0x0800b8a0                SysTick_Handler
                0x0800b8a0                PVD_IRQHandler
                0x0800b8a0                PendSV_Handler
                0x0800b8a0                NMI_Handler
                0x0800b8a0                EXTI3_IRQHandler
                0x0800b8a0                I2C2_EV_IRQHandler
                0x0800b8a0                UsageFault_Handler
                0x0800b8a0                SPI1_IRQHandler
                0x0800b8a0                TAMPER_IRQHandler
                0x0800b8a0                DMA1_Channel4_IRQHandler
                0x0800b8a0                USART3_IRQHandler
                0x0800b8a0                RTC_IRQHandler
                0x0800b8a0                DMA1_Channel7_IRQHandler
                0x0800b8a0                CAN1_RX1_IRQHandler
                0x0800b8a0                TIM4_IRQHandler
                0x0800b8a0                I2C1_EV_IRQHandler
                0x0800b8a0                DMA1_Channel6_IRQHandler
                0x0800b8a0                TIM3_IRQHandler
                0x0800b8a0                RCC_IRQHandler
                0x0800b8a0                TIM1_TRG_COM_IRQHandler
                0x0800b8a0                DMA1_Channel1_IRQHandler
                0x0800b8a0                Default_Handler
                0x0800b8a0                EXTI15_10_IRQHandler
                0x0800b8a0                EXTI9_5_IRQHandler
                0x0800b8a0                SPI2_IRQHandler
                0x0800b8a0                MemManage_Handler
                0x0800b8a0                SVC_Handler
                0x0800b8a0                DMA1_Channel5_IRQHandler
                0x0800b8a0                EXTI4_IRQHandler
                0x0800b8a0                USB_LP_CAN1_RX0_IRQHandler
                0x0800b8a0                USB_HP_CAN1_TX_IRQHandler
                0x0800b8a0                DMA1_Channel3_IRQHandler
                0x0800b8a0                TIM1_UP_IRQHandler
                0x0800b8a0                WWDG_IRQHandler
                0x0800b8a0                TIM2_IRQHandler
                0x0800b8a0                TIM1_BRK_IRQHandler
                0x0800b8a0                EXTI1_IRQHandler
                0x0800b8a0                RTCAlarm_IRQHandler
                0x0800b8a0                USART2_IRQHandler
                0x0800b8a0                I2C2_ER_IRQHandler
                0x0800b8a0                DMA1_Channel2_IRQHandler
                0x0800b8a0                CAN1_SCE_IRQHandler
                0x0800b8a0                FLASH_IRQHandler
                0x0800b8a0                BusFault_Handler
                0x0800b8a0                USART1_IRQHandler
                0x0800b8a0                I2C1_ER_IRQHandler
                0x0800b8a0                USBWakeUp_IRQHandler
 *fill*         0x0800b8a2        0x2 00
 .text          0x0800b8a4       0xfc lib/CMSIS_CM3/system_stm32f10x.o
                0x0800b8a4                SystemInit
 .text          0x0800b9a0      0x468 main.o
                0x0800b9a0                __str_print_char
                0x0800b9cc                __fat_print_char
                0x0800b9ec                main
 .text          0x0800be08       0x2c pwr.o
                0x0800be08                setuppwr
                0x0800be1c                shutdown
                0x0800be2c                disable_pin
 .text          0x0800be34      0x1c8 timer.o
                0x0800be34                setup_pwm
                0x0800bf64                Tryfudge
                0x0800bfb4                Set_Motor
 .text          0x0800bffc      0x110 usart.o
                0x0800bffc                Usarts_Init
                0x0800c0a8                Default_Usart_Config
                0x0800c0c4                Usart_Send_Str
                0x0800c0f0                __usart_send_char
 .text          0x0800c10c       0xb8 lib/STM32F10x_StdPeriph_Driver/libstm32fw.a(misc.o)
                0x0800c10c                NVIC_PriorityGroupConfig
                0x0800c120                NVIC_Init
                0x0800c180                NVIC_SetVectorTable
                0x0800c194                NVIC_SystemLPConfig
                0x0800c1ac                SysTick_CLKSourceConfig
 .text          0x0800c1c4      0x380 lib/STM32F10x_StdPeriph_Driver/libstm32fw.a(stm32f10x_adc.o)
                0x0800c1c4                ADC_DeInit
                0x0800c220                ADC_Init
                0x0800c26c                ADC_StructInit
                0x0800c27e                ADC_Cmd
                0x0800c292                ADC_DMACmd
                0x0800c2a6                ADC_ITConfig
                0x0800c2ba                ADC_ResetCalibration
                0x0800c2c4                ADC_GetResetCalibrationStatus
                0x0800c2cc                ADC_StartCalibration
                0x0800c2d6                ADC_GetCalibrationStatus
                0x0800c2de                ADC_SoftwareStartConvCmd
                0x0800c2f2                ADC_GetSoftwareStartConvStatus
                0x0800c2fa                ADC_DiscModeChannelCountConfig
                0x0800c30a                ADC_DiscModeCmd
                0x0800c31e                ADC_RegularChannelConfig
                0x0800c3ac                ADC_ExternalTrigConvCmd
                0x0800c3c0                ADC_GetConversionValue
                0x0800c3c6                ADC_GetDualModeConversionValue
                0x0800c3d0                ADC_AutoInjectedConvCmd
                0x0800c3e4                ADC_InjectedDiscModeCmd
                0x0800c3f8                ADC_ExternalTrigInjectedConvConfig
                0x0800c406                ADC_ExternalTrigInjectedConvCmd
                0x0800c41a                ADC_SoftwareStartInjectedConvCmd
                0x0800c42e                ADC_GetSoftwareStartInjectedConvCmdStatus
                0x0800c436                ADC_InjectedChannelConfig
                0x0800c492                ADC_InjectedSequencerLengthConfig
                0x0800c4a2                ADC_SetInjectedOffset
                0x0800c4b8                ADC_GetInjectedConversionValue
                0x0800c4d2                ADC_AnalogWatchdogCmd
                0x0800c4e4                ADC_AnalogWatchdogThresholdsConfig
                0x0800c4ea                ADC_AnalogWatchdogSingleChannelConfig
                0x0800c4f8                ADC_TempSensorVrefintCmd
                0x0800c514                ADC_GetFlagStatus
                0x0800c520                ADC_ClearFlag
                0x0800c526                ADC_GetITStatus
                0x0800c53c                ADC_ClearITPendingBit
 .text          0x0800c544       0xe0 lib/STM32F10x_StdPeriph_Driver/libstm32fw.a(stm32f10x_bkp.o)
                0x0800c544                BKP_DeInit
                0x0800c556                BKP_TamperPinLevelConfig
                0x0800c560                BKP_TamperPinCmd
                0x0800c56c                BKP_ITConfig
                0x0800c578                BKP_RTCOutputConfig
                0x0800c590                BKP_SetRTCCalibrationValue
                0x0800c5a8                BKP_WriteBackupRegister
                0x0800c5c4                BKP_ReadBackupRegister
                0x0800c5e4                BKP_GetFlagStatus
                0x0800c5f0                BKP_ClearFlag
                0x0800c604                BKP_GetITStatus
                0x0800c610                BKP_ClearITPendingBit
 .text          0x0800c624      0x1f0 lib/STM32F10x_StdPeriph_Driver/libstm32fw.a(stm32f10x_dma.o)
                0x0800c624                DMA_DeInit
                0x0800c720                DMA_Init
                0x0800c760                DMA_StructInit
                0x0800c77a                DMA_Cmd
                0x0800c78e                DMA_ITConfig
                0x0800c7a0                DMA_GetCurrDataCounter
                0x0800c7a6                DMA_GetFlagStatus
                0x0800c7c4                DMA_ClearFlag
                0x0800c7dc                DMA_GetITStatus
                0x0800c7fc                DMA_ClearITPendingBit
 .text          0x0800c814      0x108 lib/STM32F10x_StdPeriph_Driver/libstm32fw.a(stm32f10x_exti.o)
                0x0800c814                EXTI_DeInit
                0x0800c830                EXTI_Init
                0x0800c8b4                EXTI_StructInit
                0x0800c8c2                EXTI_GenerateSWInterrupt
                0x0800c8d4                EXTI_GetFlagStatus
                0x0800c8e8                EXTI_ClearFlag
                0x0800c8f4                EXTI_GetITStatus
                0x0800c910                EXTI_ClearITPendingBit
 .text          0x0800c91c      0x278 lib/STM32F10x_StdPeriph_Driver/libstm32fw.a(stm32f10x_gpio.o)
                0x0800c91c                GPIO_DeInit
                0x0800c9c8                GPIO_AFIODeInit
                0x0800c9de                GPIO_Init
                0x0800ca76                GPIO_StructInit
                0x0800ca86                GPIO_ReadInputDataBit
                0x0800ca92                GPIO_ReadInputData
                0x0800ca98                GPIO_ReadOutputDataBit
                0x0800caa4                GPIO_ReadOutputData
                0x0800caaa                GPIO_SetBits
                0x0800caae                GPIO_ResetBits
                0x0800cab2                GPIO_WriteBit
                0x0800cabc                GPIO_Write
                0x0800cac0                GPIO_PinLockConfig
                0x0800cad0                GPIO_EventOutputConfig
                0x0800caf0                GPIO_EventOutputCmd
                0x0800cafc                GPIO_PinRemapConfig
                0x0800cb54                GPIO_EXTILineConfig
                0x0800cb88                GPIO_ETH_MediaInterfaceConfig
 .text          0x0800cb94       0xcc lib/STM32F10x_StdPeriph_Driver/libstm32fw.a(stm32f10x_pwr.o)
                0x0800cb98                PWR_DeInit
                0x0800cbb2                PWR_BackupAccessCmd
                0x0800cbbc                PWR_PVDCmd
                0x0800cbc8                PWR_PVDLevelConfig
                0x0800cbdc                PWR_WakeUpPinCmd
                0x0800cbe8                PWR_EnterSTOPMode
                0x0800cc14                PWR_EnterSTANDBYMode
                0x0800cc3c                PWR_GetFlagStatus
                0x0800cc50                PWR_ClearFlag
 .text          0x0800cc60      0x360 lib/STM32F10x_StdPeriph_Driver/libstm32fw.a(stm32f10x_rcc.o)
                0x0800cc60                RCC_DeInit
                0x0800cca0                RCC_HSEConfig
                0x0800ccd8                RCC_AdjustHSICalibrationValue
                0x0800ccec                RCC_HSICmd
                0x0800ccf8                RCC_PLLConfig
                0x0800cd10                RCC_PLLCmd
                0x0800cd1c                RCC_SYSCLKConfig
                0x0800cd30                RCC_GetSYSCLKSource
                0x0800cd40                RCC_HCLKConfig
                0x0800cd54                RCC_PCLK1Config
                0x0800cd68                RCC_PCLK2Config
                0x0800cd7c                RCC_ITConfig
                0x0800cd94                RCC_USBCLKConfig
                0x0800cda0                RCC_ADCCLKConfig
                0x0800cdb4                RCC_LSEConfig
                0x0800cdd4                RCC_LSICmd
                0x0800cde0                RCC_RTCCLKConfig
                0x0800cdf0                RCC_RTCCLKCmd
                0x0800cdfc                RCC_GetClocksFreq
                0x0800cea0                RCC_AHBPeriphClockCmd
                0x0800ceb8                RCC_APB2PeriphClockCmd
                0x0800ced0                RCC_APB1PeriphClockCmd
                0x0800cee8                RCC_APB2PeriphResetCmd
                0x0800cf00                RCC_APB1PeriphResetCmd
                0x0800cf18                RCC_BackupResetCmd
                0x0800cf24                RCC_ClockSecuritySystemCmd
                0x0800cf30                RCC_MCOConfig
                0x0800cf3c                RCC_GetFlagStatus
                0x0800cf64                RCC_WaitForHSEStartUp
                0x0800cf90                RCC_ClearFlag
                0x0800cfa0                RCC_GetITStatus
                0x0800cfb4                RCC_ClearITPendingBit
 .text          0x0800cfc0      0x158 lib/STM32F10x_StdPeriph_Driver/libstm32fw.a(stm32f10x_rtc.o)
                0x0800cfc0                RTC_ITConfig
                0x0800cfdc                RTC_EnterConfigMode
                0x0800cff0                RTC_ExitConfigMode
                0x0800d004                RTC_GetCounter
                0x0800d018                RTC_SetCounter
                0x0800d034                RTC_SetPrescaler
                0x0800d054                RTC_SetAlarm
                0x0800d070                RTC_GetDivider
                0x0800d088                RTC_WaitForLastTask
                0x0800d098                RTC_WaitForSynchro
                0x0800d0b8                RTC_GetFlagStatus
                0x0800d0cc                RTC_ClearFlag
                0x0800d0e0                RTC_GetITStatus
                0x0800d104                RTC_ClearITPendingBit
 .text          0x0800d118      0x2d4 lib/STM32F10x_StdPeriph_Driver/libstm32fw.a(stm32f10x_spi.o)
                0x0800d118                SPI_I2S_DeInit
                0x0800d17c                SPI_Init
                0x0800d1bc                I2S_Init
                0x0800d25c                SPI_StructInit
                0x0800d274                I2S_StructInit
                0x0800d286                SPI_Cmd
                0x0800d2a0                I2S_Cmd
                0x0800d2ba                SPI_I2S_ITConfig
                0x0800d2d8                SPI_I2S_DMACmd
                0x0800d2ee                SPI_I2S_SendData
                0x0800d2f2                SPI_I2S_ReceiveData
                0x0800d2f8                SPI_NSSInternalSoftwareConfig
                0x0800d318                SPI_SSOutputCmd
                0x0800d332                SPI_DataSizeConfig
                0x0800d34a                SPI_TransmitCRC
                0x0800d356                SPI_CalculateCRC
                0x0800d370                SPI_GetCRC
                0x0800d380                SPI_GetCRCPolynomial
                0x0800d386                SPI_BiDirectionalLineConfig
                0x0800d3a4                SPI_I2S_GetFlagStatus
                0x0800d3b0                SPI_I2S_ClearFlag
                0x0800d3b6                SPI_I2S_GetITStatus
                0x0800d3dc                SPI_I2S_ClearITPendingBit
 .text          0x0800d3ec      0xa80 lib/STM32F10x_StdPeriph_Driver/libstm32fw.a(stm32f10x_tim.o)
                0x0800d45a                TIM_DeInit
                0x0800d524                TIM_TimeBaseInit
                0x0800d560                TIM_OC1Init
                0x0800d5e0                TIM_OC2Init
                0x0800d668                TIM_OC3Init
                0x0800d6ec                TIM_OC4Init
                0x0800d750                TIM_BDTRConfig
                0x0800d772                TIM_TimeBaseStructInit
                0x0800d784                TIM_OCStructInit
                0x0800d798                TIM_ICStructInit
                0x0800d7a8                TIM_BDTRStructInit
                0x0800d7ba                TIM_Cmd
                0x0800d7d4                TIM_CtrlPWMOutputs
                0x0800d7f2                TIM_ITConfig
                0x0800d808                TIM_GenerateEvent
                0x0800d80c                TIM_DMAConfig
                0x0800d814                TIM_DMACmd
                0x0800d82a                TIM_InternalClockConfig
                0x0800d838                TIM_ETRConfig
                0x0800d84e                TIM_ETRClockMode2Config
                0x0800d862                TIM_ETRClockMode1Config
                0x0800d87c                TIM_PrescalerConfig
                0x0800d882                TIM_CounterModeConfig
                0x0800d894                TIM_SelectInputTrigger
                0x0800d8a6                TIM_TIxExternalClockConfig
                0x0800d8d4                TIM_ITRxExternalClockConfig
                0x0800d8e8                TIM_EncoderInterfaceConfig
                0x0800d926                TIM_ForcedOC1Config
                0x0800d938                TIM_ForcedOC2Config
                0x0800d94a                TIM_ForcedOC3Config
                0x0800d95c                TIM_ForcedOC4Config
                0x0800d96e                TIM_ARRPreloadConfig
                0x0800d988                TIM_SelectCOM
                0x0800d9a2                TIM_SelectCCDMA
                0x0800d9bc                TIM_CCPreloadControl
                0x0800d9d6                TIM_OC1PreloadConfig
                0x0800d9e8                TIM_OC2PreloadConfig
                0x0800d9fa                TIM_OC3PreloadConfig
                0x0800da0c                TIM_OC4PreloadConfig
                0x0800da1e                TIM_OC1FastConfig
                0x0800da30                TIM_OC2FastConfig
                0x0800da42                TIM_OC3FastConfig
                0x0800da54                TIM_OC4FastConfig
                0x0800da66                TIM_ClearOC1Ref
                0x0800da78                TIM_ClearOC2Ref
                0x0800da86                TIM_ClearOC3Ref
                0x0800da98                TIM_ClearOC4Ref
                0x0800daa6                TIM_OC1PolarityConfig
                0x0800dab8                TIM_OC1NPolarityConfig
                0x0800daca                TIM_OC2PolarityConfig
                0x0800dadc                TIM_OC2NPolarityConfig
                0x0800daee                TIM_OC3PolarityConfig
                0x0800db00                TIM_OC3NPolarityConfig
                0x0800db12                TIM_OC4PolarityConfig
                0x0800db24                TIM_CCxCmd
                0x0800db42                TIM_CCxNCmd
                0x0800db60                TIM_SelectOCxM
                0x0800dbac                TIM_UpdateDisableConfig
                0x0800dbc6                TIM_UpdateRequestConfig
                0x0800dbe0                TIM_SelectHallSensor
                0x0800dbfa                TIM_SelectOnePulseMode
                0x0800dc12                TIM_SelectOutputTrigger
                0x0800dc2a                TIM_SelectSlaveMode
                0x0800dc42                TIM_SelectMasterSlaveMode
                0x0800dc5a                TIM_SetCounter
                0x0800dc5e                TIM_SetAutoreload
                0x0800dc62                TIM_SetCompare1
                0x0800dc66                TIM_SetCompare2
                0x0800dc6a                TIM_SetCompare3
                0x0800dc6e                TIM_SetCompare4
                0x0800dc74                TIM_SetIC1Prescaler
                0x0800dc8c                TIM_SetIC2Prescaler
                0x0800dca4                TIM_PWMIConfig
                0x0800dd10                TIM_SetIC3Prescaler
                0x0800dd28                TIM_SetIC4Prescaler
                0x0800dd40                TIM_ICInit
                0x0800de04                TIM_SetClockDivision
                0x0800de16                TIM_GetCapture1
                0x0800de1c                TIM_GetCapture2
                0x0800de22                TIM_GetCapture3
                0x0800de28                TIM_GetCapture4
                0x0800de30                TIM_GetCounter
                0x0800de36                TIM_GetPrescaler
                0x0800de3c                TIM_GetFlagStatus
                0x0800de48                TIM_ClearFlag
                0x0800de4e                TIM_GetITStatus
                0x0800de64                TIM_ClearITPendingBit
 .text          0x0800de6c      0x374 lib/STM32F10x_StdPeriph_Driver/libstm32fw.a(stm32f10x_usart.o)
                0x0800de6c                USART_DeInit
                0x0800df04                USART_Init
                0x0800df94                USART_StructInit
                0x0800dfaa                USART_ClockInit
                0x0800dfd0                USART_ClockStructInit
                0x0800dfdc                USART_Cmd
                0x0800dff6                USART_ITConfig
                0x0800e02c                USART_DMACmd
                0x0800e042                USART_SetAddress
                0x0800e05a                USART_WakeUpConfig
                0x0800e072                USART_ReceiverWakeUpCmd
                0x0800e08c                USART_LINBreakDetectLengthConfig
                0x0800e0a4                USART_LINCmd
                0x0800e0be                USART_SendData
                0x0800e0c6                USART_ReceiveData
                0x0800e0ce                USART_SendBreak
                0x0800e0da                USART_SetGuardTime
                0x0800e0ec                USART_SetPrescaler
                0x0800e100                USART_SmartCardCmd
                0x0800e11a                USART_SmartCardNACKCmd
                0x0800e134                USART_HalfDuplexCmd
                0x0800e14e                USART_IrDAConfig
                0x0800e166                USART_IrDACmd
                0x0800e180                USART_GetFlagStatus
                0x0800e18c                USART_ClearFlag
                0x0800e192                USART_GetITStatus
                0x0800e1d2                USART_ClearITPendingBit
 .text          0x0800e1e0      0xa54 lib/STM32_USB-FS-Device_Driver/libstm32usb.a(usb_core.o)
                0x0800e1e0                Standard_GetConfiguration
                0x0800e208                Standard_GetInterface
                0x0800e230                Standard_GetStatus
                0x0800e3a4                Standard_SetConfiguration
                0x0800e3e0                Standard_SetInterface
                0x0800e430                Standard_ClearFeature
                0x0800e52c                Standard_SetEndPointFeature
                0x0800e5e0                Standard_SetDeviceFeature
                0x0800e604                Standard_GetDescriptorData
                0x0800e620                Post0_Process
                0x0800e668                Out0_Process
                0x0800e744                Setup0_Process
                0x0800eb14                SetDeviceAddress
                0x0800ebd0                In0_Process
                0x0800ec30                NOP_Process
 .text          0x0800ec34       0x38 lib/STM32_USB-FS-Device_Driver/libstm32usb.a(usb_init.o)
                0x0800ec34                USB_Init
 .text          0x0800ec6c      0x25c lib/STM32_USB-FS-Device_Driver/libstm32usb.a(usb_int.o)
                0x0800ec6c                CTR_LP
                0x0800ee34                CTR_HP
 .text          0x0800eec8       0xb8 lib/STM32_USB-FS-Device_Driver/libstm32usb.a(usb_mem.o)
                0x0800eec8                UserToPMABufferCopy
                0x0800ef30                PMAToUserBufferCopy
 .text          0x0800ef80      0x880 lib/STM32_USB-FS-Device_Driver/libstm32usb.a(usb_regs.o)
                0x0800ef80                SetCNTR
                0x0800ef8c                GetCNTR
                0x0800ef98                SetISTR
                0x0800efa4                GetISTR
                0x0800efb0                GetFNR
                0x0800efbc                SetDADDR
                0x0800efc8                GetDADDR
                0x0800efd4                SetBTABLE
                0x0800efe8                GetBTABLE
                0x0800eff4                SetENDPOINT
                0x0800f004                GetENDPOINT
                0x0800f014                SetEPType
                0x0800f030                GetEPType
                0x0800f044                SetEPTxStatus
                0x0800f084                SetEPRxStatus
                0x0800f0c4                SetDouBleBuffEPStall
                0x0800f0ec                GetEPTxStatus
                0x0800f100                GetEPRxStatus
                0x0800f114                SetEPTxValid
                0x0800f138                SetEPRxValid
                0x0800f15c                SetEP_KIND
                0x0800f17c                ClearEP_KIND
                0x0800f19c                Clear_Status_Out
                0x0800f1bc                Set_Status_Out
                0x0800f1dc                SetEPDoubleBuff
                0x0800f1fc                ClearEPDoubleBuff
                0x0800f21c                GetTxStallStatus
                0x0800f23c                GetRxStallStatus
                0x0800f25c                ClearEP_CTR_RX
                0x0800f274                ClearEP_CTR_TX
                0x0800f28c                ToggleDTOG_RX
                0x0800f2ac                ToggleDTOG_TX
                0x0800f2cc                ClearDTOG_RX
                0x0800f2f4                ClearDTOG_TX
                0x0800f31c                SetEPAddress
                0x0800f340                GetEPAddress
                0x0800f354                SetEPTxAddr
                0x0800f378                SetEPRxAddr
                0x0800f3a0                GetEPTxAddr
                0x0800f3c0                GetEPRxAddr
                0x0800f3e0                SetEPTxCount
                0x0800f400                SetEPCountRxReg
                0x0800f42c                SetEPRxCount
                0x0800f474                GetEPTxCount
                0x0800f498                GetEPRxCount
                0x0800f4bc                SetEPDblBuffAddr
                0x0800f504                SetEPDblBuf0Addr
                0x0800f528                SetEPDblBuf1Addr
                0x0800f550                GetEPDblBuf0Addr
                0x0800f570                GetEPDblBuf1Addr
                0x0800f590                SetEPDblBuffCount
                0x0800f63c                SetEPDblBuf0Count
                0x0800f6a4                SetEPDblBuf1Count
                0x0800f70c                GetEPDblBuf0Count
                0x0800f730                GetEPDblBuf1Count
                0x0800f754                GetEPDblBufDir
                0x0800f79c                FreeUserBuffer
                0x0800f7ec                ToWord
                0x0800f7f4                ByteSwap
 .text          0x0800f800       0x6c lib/STM32_USB-FS-Device_Driver/libstm32usb.a(usb_sil.o)
                0x0800f800                USB_SIL_Init
                0x0800f820                USB_SIL_Write
                0x0800f848                USB_SIL_Read
 .text          0x0800f86c       0x78 /home/laurence/CodeSourcery/Sourcery_G++_Lite/bin/../lib/gcc/arm-none-eabi/4.5.2/../../../../arm-none-eabi/lib/thumb2/libm.a(lib_a-sf_sin.o)
                0x0800f86c                sinf
 .text          0x0800f8e4       0xa8 /home/laurence/CodeSourcery/Sourcery_G++_Lite/bin/../lib/gcc/arm-none-eabi/4.5.2/../../../../arm-none-eabi/lib/thumb2/libm.a(lib_a-w_asin.o)
                0x0800f8e4                asin
 .text          0x0800f98c       0xac /home/laurence/CodeSourcery/Sourcery_G++_Lite/bin/../lib/gcc/arm-none-eabi/4.5.2/../../../../arm-none-eabi/lib/thumb2/libm.a(lib_a-w_sqrt.o)
                0x0800f98c                sqrt
 .text          0x0800fa38      0x460 /home/laurence/CodeSourcery/Sourcery_G++_Lite/bin/../lib/gcc/arm-none-eabi/4.5.2/../../../../arm-none-eabi/lib/thumb2/libm.a(lib_a-e_asin.o)
                0x0800fa38                __ieee754_asin
 .text          0x0800fe98      0x1c0 /home/laurence/CodeSourcery/Sourcery_G++_Lite/bin/../lib/gcc/arm-none-eabi/4.5.2/../../../../arm-none-eabi/lib/thumb2/libm.a(lib_a-e_sqrt.o)
                0x0800fe98                __ieee754_sqrt
 .text          0x08010058      0x358 /home/laurence/CodeSourcery/Sourcery_G++_Lite/bin/../lib/gcc/arm-none-eabi/4.5.2/../../../../arm-none-eabi/lib/thumb2/libm.a(lib_a-ef_rem_pio2.o)
                0x08010058                __ieee754_rem_pio2f
 .text          0x080103b0      0x1b8 /home/laurence/CodeSourcery/Sourcery_G++_Lite/bin/../lib/gcc/arm-none-eabi/4.5.2/../../../../arm-none-eabi/lib/thumb2/libm.a(lib_a-kf_cos.o)
                0x080103b0                __kernel_cosf
 .text          0x08010568      0x63c /home/laurence/CodeSourcery/Sourcery_G++_Lite/bin/../lib/gcc/arm-none-eabi/4.5.2/../../../../arm-none-eabi/lib/thumb2/libm.a(lib_a-kf_rem_pio2.o)
                0x08010568                __kernel_rem_pio2f
 .text          0x08010ba4      0x100 /home/laurence/CodeSourcery/Sourcery_G++_Lite/bin/../lib/gcc/arm-none-eabi/4.5.2/../../../../arm-none-eabi/lib/thumb2/libm.a(lib_a-kf_sin.o)
                0x08010ba4                __kernel_sinf
 .text          0x08010ca4        0x8 /home/laurence/CodeSourcery/Sourcery_G++_Lite/bin/../lib/gcc/arm-none-eabi/4.5.2/../../../../arm-none-eabi/lib/thumb2/libm.a(lib_a-s_fabs.o)
                0x08010ca4                fabs
 .text          0x08010cac       0x90 /home/laurence/CodeSourcery/Sourcery_G++_Lite/bin/../lib/gcc/arm-none-eabi/4.5.2/../../../../arm-none-eabi/lib/thumb2/libm.a(lib_a-s_fpclassify.o)
                0x08010cac                __fpclassifyd
 .text          0x08010d3c        0x4 /home/laurence/CodeSourcery/Sourcery_G++_Lite/bin/../lib/gcc/arm-none-eabi/4.5.2/../../../../arm-none-eabi/lib/thumb2/libm.a(lib_a-s_matherr.o)
                0x08010d3c                matherr
 .text          0x08010d40        0xc /home/laurence/CodeSourcery/Sourcery_G++_Lite/bin/../lib/gcc/arm-none-eabi/4.5.2/../../../../arm-none-eabi/lib/thumb2/libm.a(lib_a-s_nan.o)
                0x08010d40                nan
 .text          0x08010d4c        0x8 /home/laurence/CodeSourcery/Sourcery_G++_Lite/bin/../lib/gcc/arm-none-eabi/4.5.2/../../../../arm-none-eabi/lib/thumb2/libm.a(lib_a-sf_fabs.o)
                0x08010d4c                fabsf
 .text          0x08010d54       0xa0 /home/laurence/CodeSourcery/Sourcery_G++_Lite/bin/../lib/gcc/arm-none-eabi/4.5.2/../../../../arm-none-eabi/lib/thumb2/libm.a(lib_a-sf_floor.o)
                0x08010d54                floorf
 .text          0x08010df4       0xc0 /home/laurence/CodeSourcery/Sourcery_G++_Lite/bin/../lib/gcc/arm-none-eabi/4.5.2/../../../../arm-none-eabi/lib/thumb2/libm.a(lib_a-sf_scalbn.o)
                0x08010df4                scalbnf
 .text          0x08010eb4       0x10 /home/laurence/CodeSourcery/Sourcery_G++_Lite/bin/../lib/gcc/arm-none-eabi/4.5.2/../../../../arm-none-eabi/lib/thumb2/libm.a(lib_a-sf_copysign.o)
                0x08010eb4                copysignf
 .text          0x08010ec4      0x370 /home/laurence/CodeSourcery/Sourcery_G++_Lite/bin/../lib/gcc/arm-none-eabi/4.5.2/thumb2/libgcc.a(_arm_addsubdf3.o)
                0x08010ec4                __aeabi_drsub
                0x08010ecc                __aeabi_dsub
                0x08010ecc                __subdf3
                0x08010ed0                __adddf3
                0x08010ed0                __aeabi_dadd
                0x08011148                __aeabi_ui2d
                0x08011148                __floatunsidf
                0x08011168                __floatsidf
                0x08011168                __aeabi_i2d
                0x0801118c                __extendsfdf2
                0x0801118c                __aeabi_f2d
                0x080111c8                __aeabi_ul2d
                0x080111c8                __floatundidf
                0x080111d8                __floatdidf
                0x080111d8                __aeabi_l2d
 .text          0x08011234      0x424 /home/laurence/CodeSourcery/Sourcery_G++_Lite/bin/../lib/gcc/arm-none-eabi/4.5.2/thumb2/libgcc.a(_arm_muldivdf3.o)
                0x08011234                __aeabi_dmul
                0x08011234                __muldf3
                0x08011488                __aeabi_ddiv
                0x08011488                __divdf3
 .text          0x08011658      0x110 /home/laurence/CodeSourcery/Sourcery_G++_Lite/bin/../lib/gcc/arm-none-eabi/4.5.2/thumb2/libgcc.a(_arm_cmpdf2.o)
                0x08011658                __gtdf2
                0x08011658                __gedf2
                0x08011660                __ltdf2
                0x08011660                __ledf2
                0x08011668                __cmpdf2
                0x08011668                __eqdf2
                0x08011668                __nedf2
                0x080116e4                __aeabi_cdrcmple
                0x080116f4                __aeabi_cdcmple
                0x080116f4                __aeabi_cdcmpeq
                0x08011704                __aeabi_dcmpeq
                0x08011718                __aeabi_dcmplt
                0x0801172c                __aeabi_dcmple
                0x08011740                __aeabi_dcmpge
                0x08011754                __aeabi_dcmpgt
 .text          0x08011768       0x50 /home/laurence/CodeSourcery/Sourcery_G++_Lite/bin/../lib/gcc/arm-none-eabi/4.5.2/thumb2/libgcc.a(_arm_fixdfsi.o)
                0x08011768                __fixdfsi
                0x08011768                __aeabi_d2iz
 .text          0x080117b8       0x40 /home/laurence/CodeSourcery/Sourcery_G++_Lite/bin/../lib/gcc/arm-none-eabi/4.5.2/thumb2/libgcc.a(_arm_fixunsdfsi.o)
                0x080117b8                __fixunsdfsi
                0x080117b8                __aeabi_d2uiz
 .text          0x080117f8       0xa0 /home/laurence/CodeSourcery/Sourcery_G++_Lite/bin/../lib/gcc/arm-none-eabi/4.5.2/thumb2/libgcc.a(_arm_truncdfsf2.o)
                0x080117f8                __aeabi_d2f
                0x080117f8                __truncdfsf2
 .text          0x08011898      0x21c /home/laurence/CodeSourcery/Sourcery_G++_Lite/bin/../lib/gcc/arm-none-eabi/4.5.2/thumb2/libgcc.a(_arm_addsubsf3.o)
                0x08011898                __aeabi_frsub
                0x080118a0                __subsf3
                0x080118a0                __aeabi_fsub
                0x080118a4                __aeabi_fadd
                0x080118a4                __addsf3
                0x08011a04                __aeabi_ui2f
                0x08011a04                __floatunsisf
                0x08011a0c                __aeabi_i2f
                0x08011a0c                __floatsisf
                0x08011a28                __floatundisf
                0x08011a28                __aeabi_ul2f
                0x08011a38                __floatdisf
                0x08011a38                __aeabi_l2f
 .text          0x08011ab4      0x2a0 /home/laurence/CodeSourcery/Sourcery_G++_Lite/bin/../lib/gcc/arm-none-eabi/4.5.2/thumb2/libgcc.a(_arm_muldivsf3.o)
                0x08011ab4                __mulsf3
                0x08011ab4                __aeabi_fmul
                0x08011c1c                __divsf3
                0x08011c1c                __aeabi_fdiv
 .text          0x08011d54       0xec /home/laurence/CodeSourcery/Sourcery_G++_Lite/bin/../lib/gcc/arm-none-eabi/4.5.2/thumb2/libgcc.a(_arm_cmpsf2.o)
                0x08011d54                __gtsf2
                0x08011d54                __gesf2
                0x08011d5c                __lesf2
                0x08011d5c                __ltsf2
                0x08011d64                __nesf2
                0x08011d64                __eqsf2
                0x08011d64                __cmpsf2
                0x08011dc4                __aeabi_cfrcmple
                0x08011dcc                __aeabi_cfcmple
                0x08011dcc                __aeabi_cfcmpeq
                0x08011ddc                __aeabi_fcmpeq
                0x08011df0                __aeabi_fcmplt
                0x08011e04                __aeabi_fcmple
                0x08011e18                __aeabi_fcmpge
                0x08011e2c                __aeabi_fcmpgt
 .text          0x08011e40       0x4c /home/laurence/CodeSourcery/Sourcery_G++_Lite/bin/../lib/gcc/arm-none-eabi/4.5.2/thumb2/libgcc.a(_arm_fixsfsi.o)
                0x08011e40                __fixsfsi
                0x08011e40                __aeabi_f2iz
 .text          0x08011e8c       0x40 /home/laurence/CodeSourcery/Sourcery_G++_Lite/bin/../lib/gcc/arm-none-eabi/4.5.2/thumb2/libgcc.a(_arm_fixunssfsi.o)
                0x08011e8c                __aeabi_f2uiz
                0x08011e8c                __fixunssfsi
 .text          0x08011ecc        0xc /home/laurence/CodeSourcery/Sourcery_G++_Lite/bin/../lib/gcc/arm-none-eabi/4.5.2/../../../../arm-none-eabi/lib/thumb2/libc.a(lib_a-errno.o)
                0x08011ecc                __errno
 .text          0x08011ed8       0x20 /home/laurence/CodeSourcery/Sourcery_G++_Lite/bin/../lib/gcc/arm-none-eabi/4.5.2/../../../../arm-none-eabi/lib/thumb2/libc.a(lib_a-malloc.o)
                0x08011ed8                malloc
                0x08011ee8                free
 .text          0x08011ef8      0x57c /home/laurence/CodeSourcery/Sourcery_G++_Lite/bin/../lib/gcc/arm-none-eabi/4.5.2/../../../../arm-none-eabi/lib/thumb2/libc.a(lib_a-mallocr.o)
                0x08011ef8                _malloc_r
 .text          0x08012474        0x8 /home/laurence/CodeSourcery/Sourcery_G++_Lite/bin/../lib/gcc/arm-none-eabi/4.5.2/../../../../arm-none-eabi/lib/thumb2/libc.a(lib_a-mlock.o)
                0x08012474                __malloc_lock
                0x08012478                __malloc_unlock
 .text          0x0801247c       0x28 /home/laurence/CodeSourcery/Sourcery_G++_Lite/bin/../lib/gcc/arm-none-eabi/4.5.2/../../../../arm-none-eabi/lib/thumb2/libc.a(lib_a-sbrkr.o)
                0x0801247c                _sbrk_r
 .text          0x080124a4       0x60 /home/laurence/CodeSourcery/Sourcery_G++_Lite/bin/../lib/gcc/arm-none-eabi/4.5.2/../../../../arm-none-eabi/lib/thumb2/libc.a(lib_a-strlen.o)
                0x080124a4                strlen
 .text          0x08012504      0x240 /home/laurence/CodeSourcery/Sourcery_G++_Lite/bin/../lib/gcc/arm-none-eabi/4.5.2/../../../../arm-none-eabi/lib/thumb2/libc.a(lib_a-freer.o)
                0x08012504                _malloc_trim_r
                0x080125ac                _free_r
 .text          0x08012744       0x30 /home/laurence/CodeSourcery/Sourcery_G++_Lite/bin/../lib/gcc/arm-none-eabi/4.5.2/../../../../arm-none-eabi/lib/thumb2/libcs3.a(start_c.o)
                0x08012744                __cs3_premain
 .text.cs3.init
                0x08012774       0x50 /home/laurence/CodeSourcery/Sourcery_G++_Lite/bin/../lib/gcc/arm-none-eabi/4.5.2/../../../../arm-none-eabi/lib/thumb2/libcs3.a(start_c.o)
                0x08012774                __cs3_start_c
 .text          0x080127c4       0x40 /home/laurence/CodeSourcery/Sourcery_G++_Lite/bin/../lib/gcc/arm-none-eabi/4.5.2/../../../../arm-none-eabi/lib/thumb2/libcs3unhosted.a(unhosted-sbrk.o)
                0x080127c4                _sbrk
 .text.cs3.init
                0x08012804       0x10 /home/laurence/CodeSourcery/Sourcery_G++_Lite/bin/../lib/gcc/arm-none-eabi/4.5.2/../../../../arm-none-eabi/lib/thumb2/libcs3unhosted.a(unhosted-start.o)
                0x08012804                _start
 .text          0x08012814        0x2 lib/libcs3-lanchon-stm32.a(lanchon_stm32_isr_interrupt.o)
                0x08012814                MemManageException
                0x08012814                BusFaultException
                0x08012814                DMAChannel7_IRQHandler
                0x08012814                DebugMonitor
                0x08012814                SVCHandler
                0x08012814                HardFaultException
                0x08012814                __STM32ReservedException8
                0x08012814                __STM32DefaultExceptionHandler
                0x08012814                CAN_SCE_IRQHandler
                0x08012814                __STM32ReservedException10
                0x08012814                __STM32ReservedException13
                0x08012814                NMIException
                0x08012814                DMAChannel4_IRQHandler
                0x08012814                PendSVC
                0x08012814                CAN_RX1_IRQHandler
                0x08012814                ADC_IRQHandler
                0x08012814                DMAChannel5_IRQHandler
                0x08012814                DMAChannel2_IRQHandler
                0x08012814                __STM32ReservedException7
                0x08012814                UsageFaultException
                0x08012814                DMAChannel6_IRQHandler
                0x08012814                DMAChannel3_IRQHandler
                0x08012814                __STM32ReservedException9
 *fill*         0x08012816        0x2 00
 .text          0x08012818       0x50 /home/laurence/CodeSourcery/Sourcery_G++_Lite/bin/../lib/gcc/arm-none-eabi/4.5.2/../../../../arm-none-eabi/lib/thumb2/libc.a(lib_a-init.o)
                0x08012818                __libc_init_array
 *(.plt)
 *(.gnu.warning)
 *(.glue_7t)
 .glue_7t       0x00000000        0x0 linker stubs
 *(.glue_7)
 .glue_7        0x00000000        0x0 linker stubs
 *(.vfp11_veneer)
 .vfp11_veneer  0x00000000        0x0 linker stubs
 *(.rodata .rodata.* .gnu.linkonce.r.*)
 .rodata        0x08012868       0xac Util/USB/usb_desc.o
                0x08012868                MASS_DeviceDescriptor
                0x0801287c                MASS_ConfigDescriptor
                0x0801289c                MASS_StringLangID
                0x080128a0                MASS_StringVendor
                0x080128d4                MASS_StringProduct
                0x08012904                MASS_StringInterface
 .rodata        0x08012914     0x7738 Util/fat_fs/option/cc932.o
 .rodata.str1.4
                0x0801a04c       0x13 Util/fat_fs/src/ff.o
                                 0x14 (size before relaxing)
 *fill*         0x0801a05f        0x1 00
 .rodata        0x0801a060        0xc Util/fat_fs/src/rtc.o
 .rodata        0x0801a06c       0x14 Util/rprintf.o
 .rodata.str1.4
                0x0801a080       0x1a Util/rprintf.o
                                 0x1c (size before relaxing)
 *fill*         0x0801a09a        0x2 00
 .rodata.str1.4
                0x0801a09c       0x28 interrupts.o
 .rodata.str1.4
                0x0801a0c4       0xc8 main.o
 .rodata.str1.4
                0x0801a18c        0x5 /home/laurence/CodeSourcery/Sourcery_G++_Lite/bin/../lib/gcc/arm-none-eabi/4.5.2/../../../../arm-none-eabi/lib/thumb2/libm.a(lib_a-w_asin.o)
                                  0xc (size before relaxing)
 *fill*         0x0801a191        0x3 00
 .rodata.str1.4
                0x0801a194        0x5 /home/laurence/CodeSourcery/Sourcery_G++_Lite/bin/../lib/gcc/arm-none-eabi/4.5.2/../../../../arm-none-eabi/lib/thumb2/libm.a(lib_a-w_sqrt.o)
                                  0x8 (size before relaxing)
 *fill*         0x0801a199        0x3 00
 .rodata        0x0801a19c      0x398 /home/laurence/CodeSourcery/Sourcery_G++_Lite/bin/../lib/gcc/arm-none-eabi/4.5.2/../../../../arm-none-eabi/lib/thumb2/libm.a(lib_a-ef_rem_pio2.o)
 .rodata        0x0801a534       0x38 /home/laurence/CodeSourcery/Sourcery_G++_Lite/bin/../lib/gcc/arm-none-eabi/4.5.2/../../../../arm-none-eabi/lib/thumb2/libm.a(lib_a-kf_rem_pio2.o)
 .rodata.str1.4
                0x0801a56c        0x4 /home/laurence/CodeSourcery/Sourcery_G++_Lite/bin/../lib/gcc/arm-none-eabi/4.5.2/../../../../arm-none-eabi/lib/thumb2/libc.a(lib_a-impure.o)
 *(.ARM.extab* .gnu.linkonce.armextab.*)
 *(.gcc_except_table)
 *(.eh_frame_hdr)
 *(.eh_frame)
                0x0801a570                . = ALIGN (0x4)
 *(.init)
 .init          0x0801a570        0x4 /home/laurence/CodeSourcery/Sourcery_G++_Lite/bin/../lib/gcc/arm-none-eabi/4.5.2/thumb2/crti.o
                0x0801a570                _init
 .init          0x0801a574        0x8 /home/laurence/CodeSourcery/Sourcery_G++_Lite/bin/../lib/gcc/arm-none-eabi/4.5.2/thumb2/crtn.o
                0x0801a57c                . = ALIGN (0x4)
                0x0801a57c                __preinit_array_start = .
 *(.preinit_array)
                0x0801a57c                __preinit_array_end = .
                0x0801a57c                . = ALIGN (0x4)
                0x0801a57c                __init_array_start = .
 *(SORT(.init_array.*))
 *(.init_array)
 .init_array    0x0801a57c        0x4 /home/laurence/CodeSourcery/Sourcery_G++_Lite/bin/../lib/gcc/arm-none-eabi/4.5.2/thumb2/crtbegin.o
                0x0801a580                __init_array_end = .
                0x0801a580                . = ALIGN (0x4)
 *crtbegin.o(.ctors)
 *(EXCLUDE_FILE(*crtend.o) .ctors)
 *(SORT(.ctors.*))
 *crtend.o(.ctors)
                0x0801a580                . = ALIGN (0x4)
 *(.fini)
 .fini          0x0801a580        0x4 /home/laurence/CodeSourcery/Sourcery_G++_Lite/bin/../lib/gcc/arm-none-eabi/4.5.2/thumb2/crti.o
                0x0801a580                _fini
 .fini          0x0801a584        0x8 /home/laurence/CodeSourcery/Sourcery_G++_Lite/bin/../lib/gcc/arm-none-eabi/4.5.2/thumb2/crtn.o
                0x0801a58c                . = ALIGN (0x4)
                0x0801a58c                __fini_array_start = .
 *(.fini_array)
 .fini_array    0x0801a58c        0x4 /home/laurence/CodeSourcery/Sourcery_G++_Lite/bin/../lib/gcc/arm-none-eabi/4.5.2/thumb2/crtbegin.o
 *(SORT(.fini_array.*))
                0x0801a590                __fini_array_end = .
 *crtbegin.o(.dtors)
 *(EXCLUDE_FILE(*crtend.o) .dtors)
 *(SORT(.dtors.*))
 *crtend.o(.dtors)
                0x0801a590                . = ALIGN (0x4)
                0x0801a590                __cs3_regions = .
                0x0801a590        0x4 LONG 0x0
                0x0801a594        0x4 LONG 0x801a5a8 __cs3_region_init_ram
                0x0801a598        0x4 LONG 0x20000000 __cs3_region_start_ram
                0x0801a59c        0x4 LONG 0x680 __cs3_region_init_size_ram
                0x0801a5a0        0x4 LONG 0x810 __cs3_region_zero_size_ram
                0x0801a5a4                __exidx_start = .

.v4_bx          0x0801a5a4        0x0
 .v4_bx         0x00000000        0x0 linker stubs

.ARM.exidx
 *(.ARM.exidx* .gnu.linkonce.armexidx.*)
                0x0801a5a4                __exidx_end = .

.text.align     0x0801a5a4        0x4
                0x0801a5a8                . = ALIGN (0x8)
 *fill*         0x0801a5a4        0x4 00
                0x0801a5a8                _etext = .
                0x08020000                __cs3_region_end_rom = (__cs3_region_start_rom + 0x20000)
                0x00020000                __cs3_region_size_rom = 0x20000
                0x00000001                __cs3_region_num = 0x1

.data           0x20000000      0x680 load address 0x0801a5a8
                0x20000000                __cs3_region_start_ram = .
 *(.cs3.region-head.ram)
 *(.jcr)
 .jcr           0x20000000        0x0 /home/laurence/CodeSourcery/Sourcery_G++_Lite/bin/../lib/gcc/arm-none-eabi/4.5.2/thumb2/crtbegin.o
 .jcr           0x20000000        0x4 /home/laurence/CodeSourcery/Sourcery_G++_Lite/bin/../lib/gcc/arm-none-eabi/4.5.2/thumb2/crtend.o
 *(.got.plt)
 *(.got)
 *(.shdata)
 *(.data .data.* .gnu.linkonce.d.*)
 .data          0x20000004       0x74 Util/USB/scsi_data.o
                0x20000004                Standard_Inquiry_Data
                0x20000028                Standard_Inquiry_Data2
                0x2000004c                Mode_Sense6_data
                0x20000050                Mode_Sense10_data
                0x20000058                Scsi_Sense_Data
                0x2000006c                ReadFormatCapacity_Data
 .data          0x20000078       0x1c Util/USB/usb_desc.o
                0x20000078                MASS_StringSerial
 .data          0x20000094       0x38 Util/USB/usb_istr.o
                0x20000094                pEpInt_IN
                0x200000b0                pEpInt_OUT
 .data          0x200000cc       0x90 Util/USB/usb_prop.o
                0x200000cc                String_Descriptor
                0x200000f4                Config_Descriptor
                0x200000fc                Device_Descriptor
                0x20000104                Device_Property
                0x20000134                Device_Table
                0x20000138                User_Standard_Requests
 .data          0x2000015c        0x1 Util/USB/usb_pwr.o
                0x2000015c                fSuspendEnabled
 .data          0x2000015d        0x1 Util/fat_fs/src/sd_spi_stm32.o
 .data          0x2000015e       0x14 lib/STM32F10x_StdPeriph_Driver/libstm32fw.a(stm32f10x_rcc.o)
 .data          0x20000172        0x1 /home/laurence/CodeSourcery/Sourcery_G++_Lite/bin/../lib/gcc/arm-none-eabi/4.5.2/../../../../arm-none-eabi/lib/thumb2/libm.a(lib_a-s_lib_ver.o)
                0x20000172                __fdlib_version
 *fill*         0x20000173        0x1 00
 .data          0x20000174       0xf4 /home/laurence/CodeSourcery/Sourcery_G++_Lite/bin/../lib/gcc/arm-none-eabi/4.5.2/../../../../arm-none-eabi/lib/thumb2/libc.a(lib_a-impure.o)
                0x20000174                _impure_ptr
 .data          0x20000268      0x410 /home/laurence/CodeSourcery/Sourcery_G++_Lite/bin/../lib/gcc/arm-none-eabi/4.5.2/../../../../arm-none-eabi/lib/thumb2/libc.a(lib_a-mallocr.o)
                0x20000268                __malloc_av_
                0x20000670                __malloc_sbrk_base
                0x20000674                __malloc_trim_threshold
 .data          0x20000678        0x4 /home/laurence/CodeSourcery/Sourcery_G++_Lite/bin/../lib/gcc/arm-none-eabi/4.5.2/../../../../arm-none-eabi/lib/thumb2/libcs3unhosted.a(unhosted-sbrk.o)
 .data          0x2000067c        0x4 /home/laurence/CodeSourcery/Sourcery_G++_Lite/bin/../lib/gcc/arm-none-eabi/4.5.2/../../../../arm-none-eabi/lib/thumb2/libcs3.a(heap.o)
                0x2000067c                __cs3_heap_limit
 *(.ram)
                0x20000680                . = ALIGN (0x8)
                0x20000680                _edata = .

.bss            0x20000680      0x810 load address 0x0801ac28
 *(.shbss)
 *(.bss .bss.* .gnu.linkonce.b.*)
 .bss           0x20000680        0x1 /home/laurence/CodeSourcery/Sourcery_G++_Lite/bin/../lib/gcc/arm-none-eabi/4.5.2/thumb2/crtbegin.o
 *fill*         0x20000681        0x3 00
 .bss           0x20000684       0x18 Sensors/ppg.o
 .bss           0x2000069c       0x34 Sensors/pressure.o
 .bss           0x200006d0        0x4 Util/USB/mass_mal.o
                0x200006d0                Status
 .bss           0x200006d4       0x1c Util/USB/memory.o
                0x200006d4                TransferState
                0x200006e0                Block_Read_count
                0x200006e4                Counter
 .bss           0x200006f0       0x10 Util/USB/scsi_data.o
                0x200006f0                Page00_Inquiry_Data
                0x200006f8                ReadCapacity10_Data
 .bss           0x20000700        0x1 Util/USB/usb_istr.o
                0x20000700                bIntPackSOF
 *fill*         0x20000701        0x3 00
 .bss           0x20000704        0x4 Util/USB/usb_prop.o
                0x20000704                Max_Lun
 .bss           0x20000708        0x4 Util/USB/usb_pwr.o
                0x20000708                bDeviceState
 .bss           0x2000070c        0x8 Util/fat_fs/src/ff.o
 .bss           0x20000714       0x10 Util/fat_fs/src/sd_spi_stm32.o
 .bss           0x20000724       0x84 Util/rprintf.o
 .bss           0x200007a8        0xc interrupts.o
 .bss           0x200007b4      0x234 main.o
                0x200009e4                file_opened
 .bss           0x200009e8        0x1 lib/STM32_USB-FS-Device_Driver/libstm32usb.a(usb_core.o)
                0x200009e8                Data_Mul_MaxPacketSize
 *fill*         0x200009e9        0x3 00
 .bss           0x200009ec       0x34 /home/laurence/CodeSourcery/Sourcery_G++_Lite/bin/../lib/gcc/arm-none-eabi/4.5.2/../../../../arm-none-eabi/lib/thumb2/libc.a(lib_a-mallocr.o)
                0x200009ec                __malloc_top_pad
                0x200009f0                __malloc_current_mallinfo
                0x20000a18                __malloc_max_sbrked_mem
                0x20000a1c                __malloc_max_total_mem
 *(COMMON)
 COMMON         0x20000a20        0x4 Sensors/pressure.o
                0x20000a20                pressure_offset
 COMMON         0x20000a24       0x1c Util/USB/mass_mal.o
                0x20000a24                Mass_Memory_Size
                0x20000a2c                Mass_Block_Size
                0x20000a34                Mass_Block_Count
                0x20000a3c                Data_Buffer
 COMMON         0x20000a40        0x8 Util/USB/memory.o
                0x20000a40                Block_offset
                0x20000a44                Idx
 COMMON         0x20000a48       0x7c Util/USB/usb_bot.o
                0x20000a48                CBW
                0x20000a68                Data_Len
                0x20000a6a                Bot_State
                0x20000a6c                SCSI_LBA
                0x20000a70                CSW
                0x20000a80                SCSI_BlkLen
                0x20000a84                Bulk_Data_Buff
 COMMON         0x20000ac4        0x2 Util/USB/usb_istr.o
                0x20000ac4                wIstr
 *fill*         0x20000ac6        0x2 00
 COMMON         0x20000ac8        0x2 Util/USB/usb_pwr.o
                0x20000ac8                ResumeS
 *fill*         0x20000aca        0x2 00
 COMMON         0x20000acc        0x4 adc.o
                0x20000acc                ADC1_Convertion_buff
 COMMON         0x20000ad0        0x1 gpio.o
                0x20000ad0                bootsource
 *fill*         0x20000ad1        0x3 00
 COMMON         0x20000ad4      0x378 main.o
                0x20000ad4                Pressure_control
                0x20000ad8                pressure_setpoint
                0x20000adc                f_err_code
                0x20000ae0                Device_Temperature
                0x20000ae4                Buff
                0x20000afc                Millis
                0x20000b00                FATFS_info
                0x20000b20                print_string
                0x20000c20                a
                0x20000c24                reported_pressure
                0x20000c28                FATFS_logfile
 COMMON         0x20000e4c        0x2 lib/STM32_USB-FS-Device_Driver/libstm32usb.a(usb_core.o)
                0x20000e4c                StatusInfo
 *fill*         0x20000e4e        0x2 00
 COMMON         0x20000e50       0x32 lib/STM32_USB-FS-Device_Driver/libstm32usb.a(usb_init.o)
                0x20000e50                SaveState
                0x20000e54                pProperty
                0x20000e58                EPindex
                0x20000e5c                Device_Info
                0x20000e78                pUser_Standard_Requests
                0x20000e7c                pInformation
                0x20000e80                wInterrupt_Mask
 COMMON         0x20000e82        0x4 lib/STM32_USB-FS-Device_Driver/libstm32usb.a(usb_int.o)
                0x20000e82                SaveRState
                0x20000e84                SaveTState
 *fill*         0x20000e86        0x2 00
 COMMON         0x20000e88        0x4 /home/laurence/CodeSourcery/Sourcery_G++_Lite/bin/../lib/gcc/arm-none-eabi/4.5.2/../../../../arm-none-eabi/lib/thumb2/libc.a(lib_a-reent.o)
                0x20000e88                errno
 *(.ram.b)
                0x20000e90                . = ALIGN (0x8)
 *fill*         0x20000e8c        0x4 00
                0x20000e90                _end = .
                0x20000e90                __end = .
                0x20005000                __cs3_region_end_ram = (__cs3_region_start_ram + 0x5000)
                0x00005000                __cs3_region_size_ram = 0x5000
                0x0801a5a8                __cs3_region_init_ram = LOADADDR (.data)
                0x00000680                __cs3_region_init_size_ram = (_edata - ADDR (.data))
                0x00000810                __cs3_region_zero_size_ram = (_end - _edata)
                0x00000001                __cs3_region_num = 0x1

.stab
 *(.stab)

.stabstr
 *(.stabstr)

.debug
 *(.debug)

.line
 *(.line)

.debug_srcinfo
 *(.debug_srcinfo)

.debug_sfnames
 *(.debug_sfnames)

.comment        0x00000000       0x2a
 .comment       0x00000000       0x2a Sensors/ppg.o
                                 0x2b (size before relaxing)
 .comment       0x00000000       0x2b Sensors/pressure.o
 .comment       0x00000000       0x2b Sensors/temperature.o
 .comment       0x00000000       0x2b Util/USB/hw_config.o
 .comment       0x00000000       0x2b Util/USB/mass_mal.o
 .comment       0x00000000       0x2b Util/USB/memory.o
 .comment       0x00000000       0x2b Util/USB/scsi_data.o
 .comment       0x00000000       0x2b Util/USB/usb_bot.o
 .comment       0x00000000       0x2b Util/USB/usb_desc.o
 .comment       0x00000000       0x2b Util/USB/usb_endp.o
 .comment       0x00000000       0x2b Util/USB/usb_istr.o
 .comment       0x00000000       0x2b Util/USB/usb_prop.o
 .comment       0x00000000       0x2b Util/USB/usb_pwr.o
 .comment       0x00000000       0x2b Util/USB/usb_scsi.o
 .comment       0x00000000       0x2b Util/buffer.o
 .comment       0x00000000       0x2b Util/fat_fs/option/cc932.o
 .comment       0x00000000       0x2b Util/fat_fs/option/syscall.o
 .comment       0x00000000       0x2b Util/fat_fs/src/fattime.o
 .comment       0x00000000       0x2b Util/fat_fs/src/ff.o
 .comment       0x00000000       0x2b Util/fat_fs/src/rtc.o
 .comment       0x00000000       0x2b Util/fat_fs/src/sd_spi_stm32.o
 .comment       0x00000000       0x2b Util/rprintf.o
 .comment       0x00000000       0x2b Util/stm32_eval_spi_sd.o
 .comment       0x00000000       0x2b adc.o
 .comment       0x00000000       0x2b gpio.o
 .comment       0x00000000       0x2b interrupts.o
 .comment       0x00000000       0x2b lib/CMSIS_CM3/core_cm3.o
 .comment       0x00000000       0x2b lib/CMSIS_CM3/system_stm32f10x.o
 .comment       0x00000000       0x2b main.o
 .comment       0x00000000       0x2b pwr.o
 .comment       0x00000000       0x2b timer.o
 .comment       0x00000000       0x2b usart.o
 .comment       0x00000000       0x2b lib/STM32F10x_StdPeriph_Driver/libstm32fw.a(misc.o)
 .comment       0x00000000       0x2b lib/STM32F10x_StdPeriph_Driver/libstm32fw.a(stm32f10x_adc.o)
 .comment       0x00000000       0x2b lib/STM32F10x_StdPeriph_Driver/libstm32fw.a(stm32f10x_bkp.o)
 .comment       0x00000000       0x2b lib/STM32F10x_StdPeriph_Driver/libstm32fw.a(stm32f10x_dma.o)
 .comment       0x00000000       0x2b lib/STM32F10x_StdPeriph_Driver/libstm32fw.a(stm32f10x_exti.o)
 .comment       0x00000000       0x2b lib/STM32F10x_StdPeriph_Driver/libstm32fw.a(stm32f10x_gpio.o)
 .comment       0x00000000       0x2b lib/STM32F10x_StdPeriph_Driver/libstm32fw.a(stm32f10x_pwr.o)
 .comment       0x00000000       0x2b lib/STM32F10x_StdPeriph_Driver/libstm32fw.a(stm32f10x_rcc.o)
 .comment       0x00000000       0x2b lib/STM32F10x_StdPeriph_Driver/libstm32fw.a(stm32f10x_rtc.o)
 .comment       0x00000000       0x2b lib/STM32F10x_StdPeriph_Driver/libstm32fw.a(stm32f10x_spi.o)
 .comment       0x00000000       0x2b lib/STM32F10x_StdPeriph_Driver/libstm32fw.a(stm32f10x_tim.o)
 .comment       0x00000000       0x2b lib/STM32F10x_StdPeriph_Driver/libstm32fw.a(stm32f10x_usart.o)
 .comment       0x00000000       0x2b lib/STM32_USB-FS-Device_Driver/libstm32usb.a(usb_core.o)
 .comment       0x00000000       0x2b lib/STM32_USB-FS-Device_Driver/libstm32usb.a(usb_init.o)
 .comment       0x00000000       0x2b lib/STM32_USB-FS-Device_Driver/libstm32usb.a(usb_int.o)
 .comment       0x00000000       0x2b lib/STM32_USB-FS-Device_Driver/libstm32usb.a(usb_mem.o)
 .comment       0x00000000       0x2b lib/STM32_USB-FS-Device_Driver/libstm32usb.a(usb_regs.o)
 .comment       0x00000000       0x2b lib/STM32_USB-FS-Device_Driver/libstm32usb.a(usb_sil.o)

.debug_aranges  0x00000000      0x3c8
 *(.debug_aranges)
 .debug_aranges
                0x00000000       0x20 Sensors/ppg.o
 .debug_aranges
                0x00000020       0x20 Sensors/pressure.o
 .debug_aranges
                0x00000040       0x20 Sensors/temperature.o
 .debug_aranges
                0x00000060       0x20 Util/USB/hw_config.o
 .debug_aranges
                0x00000080       0x20 Util/USB/mass_mal.o
 .debug_aranges
                0x000000a0       0x20 Util/USB/memory.o
 .debug_aranges
                0x000000c0       0x20 Util/USB/usb_bot.o
 .debug_aranges
                0x000000e0       0x20 Util/USB/usb_endp.o
 .debug_aranges
                0x00000100       0x20 Util/USB/usb_istr.o
 .debug_aranges
                0x00000120       0x20 Util/USB/usb_prop.o
 .debug_aranges
                0x00000140       0x20 Util/USB/usb_pwr.o
 .debug_aranges
                0x00000160       0x20 Util/USB/usb_scsi.o
 .debug_aranges
                0x00000180       0x20 Util/buffer.o
 .debug_aranges
                0x000001a0       0x20 Util/fat_fs/option/cc932.o
 .debug_aranges
                0x000001c0       0x20 Util/fat_fs/src/fattime.o
 .debug_aranges
                0x000001e0       0x20 Util/fat_fs/src/ff.o
 .debug_aranges
                0x00000200       0x20 Util/fat_fs/src/rtc.o
 .debug_aranges
                0x00000220       0x20 Util/fat_fs/src/sd_spi_stm32.o
 .debug_aranges
                0x00000240       0x20 Util/rprintf.o
 .debug_aranges
                0x00000260       0x20 Util/stm32_eval_spi_sd.o
 .debug_aranges
                0x00000280       0x20 adc.o
 .debug_aranges
                0x000002a0       0x20 gpio.o
 .debug_aranges
                0x000002c0       0x20 interrupts.o
 .debug_aranges
                0x000002e0       0x20 lib/CMSIS_CM3/core_cm3.o
 .debug_aranges
                0x00000300       0x28 lib/CMSIS_CM3/startup/gcc/startup_stm32f10x_md.o
 .debug_aranges
                0x00000328       0x20 lib/CMSIS_CM3/system_stm32f10x.o
 .debug_aranges
                0x00000348       0x20 main.o
 .debug_aranges
                0x00000368       0x20 pwr.o
 .debug_aranges
                0x00000388       0x20 timer.o
 .debug_aranges
                0x000003a8       0x20 usart.o

.debug_pubnames
                0x00000000     0x14d2
 *(.debug_pubnames)
 .debug_pubnames
                0x00000000       0x4e Sensors/ppg.o
 .debug_pubnames
                0x0000004e       0x6a Sensors/pressure.o
 .debug_pubnames
                0x000000b8       0x27 Sensors/temperature.o
 .debug_pubnames
                0x000000df      0x113 Util/USB/hw_config.o
 .debug_pubnames
                0x000001f2       0xa5 Util/USB/mass_mal.o
 .debug_pubnames
                0x00000297       0x7f Util/USB/memory.o
 .debug_pubnames
                0x00000316       0xd2 Util/USB/scsi_data.o
 .debug_pubnames
                0x000003e8       0xd9 Util/USB/usb_bot.o
 .debug_pubnames
                0x000004c1       0xb8 Util/USB/usb_desc.o
 .debug_pubnames
                0x00000579       0x3b Util/USB/usb_endp.o
 .debug_pubnames
                0x000005b4       0x56 Util/USB/usb_istr.o
 .debug_pubnames
                0x0000060a      0x1f6 Util/USB/usb_prop.o
 .debug_pubnames
                0x00000800       0x83 Util/USB/usb_pwr.o
 .debug_pubnames
                0x00000883      0x195 Util/USB/usb_scsi.o
 .debug_pubnames
                0x00000a18       0x48 Util/buffer.o
 .debug_pubnames
                0x00000a60       0x31 Util/fat_fs/option/cc932.o
 .debug_pubnames
                0x00000a91       0x22 Util/fat_fs/src/fattime.o
 .debug_pubnames
                0x00000ab3      0x14a Util/fat_fs/src/ff.o
 .debug_pubnames
                0x00000bfd       0x55 Util/fat_fs/src/rtc.o
 .debug_pubnames
                0x00000c52       0x75 Util/fat_fs/src/sd_spi_stm32.o
 .debug_pubnames
                0x00000cc7       0xf9 Util/rprintf.o
 .debug_pubnames
                0x00000dc0      0x167 Util/stm32_eval_spi_sd.o
 .debug_pubnames
                0x00000f27       0x66 adc.o
 .debug_pubnames
                0x00000f8d       0x72 gpio.o
 .debug_pubnames
                0x00000fff       0xf4 interrupts.o
 .debug_pubnames
                0x000010f3      0x159 lib/CMSIS_CM3/core_cm3.o
 .debug_pubnames
                0x0000124c       0xa3 lib/CMSIS_CM3/system_stm32f10x.o
 .debug_pubnames
                0x000012ef      0x108 main.o
 .debug_pubnames
                0x000013f7       0x3c pwr.o
 .debug_pubnames
                0x00001433       0x3b timer.o
 .debug_pubnames
                0x0000146e       0x64 usart.o

.debug_info     0x00000000     0xe315
 *(.debug_info .gnu.linkonce.wi.*)
 .debug_info    0x00000000      0x29a Sensors/ppg.o
 .debug_info    0x0000029a      0x1e1 Sensors/pressure.o
 .debug_info    0x0000047b       0xaf Sensors/temperature.o
 .debug_info    0x0000052a      0x731 Util/USB/hw_config.o
 .debug_info    0x00000c5b      0x302 Util/USB/mass_mal.o
 .debug_info    0x00000f5d      0x333 Util/USB/memory.o
 .debug_info    0x00001290      0x16b Util/USB/scsi_data.o
 .debug_info    0x000013fb      0x49d Util/USB/usb_bot.o
 .debug_info    0x00001898      0x187 Util/USB/usb_desc.o
 .debug_info    0x00001a1f       0x98 Util/USB/usb_endp.o
 .debug_info    0x00001ab7      0x311 Util/USB/usb_istr.o
 .debug_info    0x00001dc8      0x9b4 Util/USB/usb_prop.o
 .debug_info    0x0000277c      0x3c3 Util/USB/usb_pwr.o
 .debug_info    0x00002b3f      0x899 Util/USB/usb_scsi.o
 .debug_info    0x000033d8      0x194 Util/buffer.o
 .debug_info    0x0000356c      0x1b9 Util/fat_fs/option/cc932.o
 .debug_info    0x00003725       0x77 Util/fat_fs/option/syscall.o
 .debug_info    0x0000379c      0x15a Util/fat_fs/src/fattime.o
 .debug_info    0x000038f6     0x325b Util/fat_fs/src/ff.o
 .debug_info    0x00006b51      0x532 Util/fat_fs/src/rtc.o
 .debug_info    0x00007083     0x183f Util/fat_fs/src/sd_spi_stm32.o
 .debug_info    0x000088c2      0xe1f Util/rprintf.o
 .debug_info    0x000096e1     0x1a18 Util/stm32_eval_spi_sd.o
 .debug_info    0x0000b0f9      0x448 adc.o
 .debug_info    0x0000b541      0x2bf gpio.o
 .debug_info    0x0000b800      0xd90 interrupts.o
 .debug_info    0x0000c590      0x547 lib/CMSIS_CM3/core_cm3.o
 .debug_info    0x0000cad7       0x79 lib/CMSIS_CM3/startup/gcc/startup_stm32f10x_md.o
 .debug_info    0x0000cb50      0x2d0 lib/CMSIS_CM3/system_stm32f10x.o
 .debug_info    0x0000ce20      0xa9e main.o
 .debug_info    0x0000d8be       0xcf pwr.o
 .debug_info    0x0000d98d      0x53f timer.o
 .debug_info    0x0000decc      0x449 usart.o

.debug_abbrev   0x00000000     0x2d92
 *(.debug_abbrev)
 .debug_abbrev  0x00000000      0x153 Sensors/ppg.o
 .debug_abbrev  0x00000153      0x111 Sensors/pressure.o
 .debug_abbrev  0x00000264       0x61 Sensors/temperature.o
 .debug_abbrev  0x000002c5      0x2d3 Util/USB/hw_config.o
 .debug_abbrev  0x00000598      0x111 Util/USB/mass_mal.o
 .debug_abbrev  0x000006a9      0x110 Util/USB/memory.o
 .debug_abbrev  0x000007b9       0x5c Util/USB/scsi_data.o
 .debug_abbrev  0x00000815      0x198 Util/USB/usb_bot.o
 .debug_abbrev  0x000009ad       0x63 Util/USB/usb_desc.o
 .debug_abbrev  0x00000a10       0x41 Util/USB/usb_endp.o
 .debug_abbrev  0x00000a51      0x113 Util/USB/usb_istr.o
 .debug_abbrev  0x00000b64      0x1d0 Util/USB/usb_prop.o
 .debug_abbrev  0x00000d34      0x1bd Util/USB/usb_pwr.o
 .debug_abbrev  0x00000ef1      0x253 Util/USB/usb_scsi.o
 .debug_abbrev  0x00001144       0xc1 Util/buffer.o
 .debug_abbrev  0x00001205       0xd2 Util/fat_fs/option/cc932.o
 .debug_abbrev  0x000012d7       0x2c Util/fat_fs/option/syscall.o
 .debug_abbrev  0x00001303       0x97 Util/fat_fs/src/fattime.o
 .debug_abbrev  0x0000139a      0x2f7 Util/fat_fs/src/ff.o
 .debug_abbrev  0x00001691      0x213 Util/fat_fs/src/rtc.o
 .debug_abbrev  0x000018a4      0x34b Util/fat_fs/src/sd_spi_stm32.o
 .debug_abbrev  0x00001bef      0x2e4 Util/rprintf.o
 .debug_abbrev  0x00001ed3      0x2e8 Util/stm32_eval_spi_sd.o
 .debug_abbrev  0x000021bb      0x143 adc.o
 .debug_abbrev  0x000022fe      0x143 gpio.o
 .debug_abbrev  0x00002441      0x27d interrupts.o
 .debug_abbrev  0x000026be       0xc1 lib/CMSIS_CM3/core_cm3.o
 .debug_abbrev  0x0000277f       0x12 lib/CMSIS_CM3/startup/gcc/startup_stm32f10x_md.o
 .debug_abbrev  0x00002791      0x112 lib/CMSIS_CM3/system_stm32f10x.o
 .debug_abbrev  0x000028a3      0x1d7 main.o
 .debug_abbrev  0x00002a7a       0x79 pwr.o
 .debug_abbrev  0x00002af3      0x119 timer.o
 .debug_abbrev  0x00002c0c      0x186 usart.o

.debug_line     0x00000000     0xaeb7
 *(.debug_line)
 .debug_line    0x00000000      0x638 Sensors/ppg.o
 .debug_line    0x00000638      0x320 Sensors/pressure.o
 .debug_line    0x00000958      0x2eb Sensors/temperature.o
 .debug_line    0x00000c43      0x5e6 Util/USB/hw_config.o
 .debug_line    0x00001229      0x558 Util/USB/mass_mal.o
 .debug_line    0x00001781      0x454 Util/USB/memory.o
 .debug_line    0x00001bd5      0x323 Util/USB/scsi_data.o
 .debug_line    0x00001ef8      0x546 Util/USB/usb_bot.o
 .debug_line    0x0000243e      0x2d7 Util/USB/usb_desc.o
 .debug_line    0x00002715      0x3a4 Util/USB/usb_endp.o
 .debug_line    0x00002ab9      0x3df Util/USB/usb_istr.o
 .debug_line    0x00002e98      0x493 Util/USB/usb_prop.o
 .debug_line    0x0000332b      0x43c Util/USB/usb_pwr.o
 .debug_line    0x00003767      0x63d Util/USB/usb_scsi.o
 .debug_line    0x00003da4      0x4a4 Util/buffer.o
 .debug_line    0x00004248       0xd8 Util/fat_fs/option/cc932.o
 .debug_line    0x00004320      0x2fc Util/fat_fs/option/syscall.o
 .debug_line    0x0000461c      0x179 Util/fat_fs/src/fattime.o
 .debug_line    0x00004795     0x1c86 Util/fat_fs/src/ff.o
 .debug_line    0x0000641b      0x469 Util/fat_fs/src/rtc.o
 .debug_line    0x00006884      0x830 Util/fat_fs/src/sd_spi_stm32.o
 .debug_line    0x000070b4      0xcbe Util/rprintf.o
 .debug_line    0x00007d72      0x98f Util/stm32_eval_spi_sd.o
 .debug_line    0x00008701      0x51f adc.o
 .debug_line    0x00008c20      0x3e2 gpio.o
 .debug_line    0x00009002      0x6f5 interrupts.o
 .debug_line    0x000096f7      0x198 lib/CMSIS_CM3/core_cm3.o
 .debug_line    0x0000988f       0x84 lib/CMSIS_CM3/startup/gcc/startup_stm32f10x_md.o
 .debug_line    0x00009913      0x320 lib/CMSIS_CM3/system_stm32f10x.o
 .debug_line    0x00009c33      0x709 main.o
 .debug_line    0x0000a33c      0x2dd pwr.o
 .debug_line    0x0000a619      0x346 timer.o
 .debug_line    0x0000a95f      0x558 usart.o

.debug_frame    0x00000000     0x1dcc
 *(.debug_frame)
 .debug_frame   0x00000000       0x68 Sensors/ppg.o
 .debug_frame   0x00000068       0x8c Sensors/pressure.o
 .debug_frame   0x000000f4       0x28 Sensors/temperature.o
 .debug_frame   0x0000011c       0xec Util/USB/hw_config.o
 .debug_frame   0x00000208       0x80 Util/USB/mass_mal.o
 .debug_frame   0x00000288       0x50 Util/USB/memory.o
 .debug_frame   0x000002d8       0xc0 Util/USB/usb_bot.o
 .debug_frame   0x00000398       0x30 Util/USB/usb_endp.o
 .debug_frame   0x000003c8       0x2c Util/USB/usb_istr.o
 .debug_frame   0x000003f4      0x11c Util/USB/usb_prop.o
 .debug_frame   0x00000510       0x94 Util/USB/usb_pwr.o
 .debug_frame   0x000005a4      0x180 Util/USB/usb_scsi.o
 .debug_frame   0x00000724       0x64 Util/buffer.o
 .debug_frame   0x00000788       0x3c Util/fat_fs/option/cc932.o
 .debug_frame   0x000007c4       0x2c Util/fat_fs/src/fattime.o
 .debug_frame   0x000007f0      0x564 Util/fat_fs/src/ff.o
 .debug_frame   0x00000d54       0x84 Util/fat_fs/src/rtc.o
 .debug_frame   0x00000dd8      0x12c Util/fat_fs/src/sd_spi_stm32.o
 .debug_frame   0x00000f04      0x1d4 Util/rprintf.o
 .debug_frame   0x000010d8      0x25c Util/stm32_eval_spi_sd.o
 .debug_frame   0x00001334       0x78 adc.o
 .debug_frame   0x000013ac       0x78 gpio.o
 .debug_frame   0x00001424      0x118 interrupts.o
 .debug_frame   0x0000153c      0x170 lib/CMSIS_CM3/core_cm3.o
 .debug_frame   0x000016ac       0x24 lib/CMSIS_CM3/system_stm32f10x.o
 .debug_frame   0x000016d0       0x70 main.o
 .debug_frame   0x00001740       0x50 pwr.o
 .debug_frame   0x00001790       0x68 timer.o
 .debug_frame   0x000017f8       0x78 usart.o
 .debug_frame   0x00001870       0x2c /home/laurence/CodeSourcery/Sourcery_G++_Lite/bin/../lib/gcc/arm-none-eabi/4.5.2/../../../../arm-none-eabi/lib/thumb2/libm.a(lib_a-sf_sin.o)
 .debug_frame   0x0000189c       0x34 /home/laurence/CodeSourcery/Sourcery_G++_Lite/bin/../lib/gcc/arm-none-eabi/4.5.2/../../../../arm-none-eabi/lib/thumb2/libm.a(lib_a-w_asin.o)
 .debug_frame   0x000018d0       0x38 /home/laurence/CodeSourcery/Sourcery_G++_Lite/bin/../lib/gcc/arm-none-eabi/4.5.2/../../../../arm-none-eabi/lib/thumb2/libm.a(lib_a-w_sqrt.o)
 .debug_frame   0x00001908       0x3c /home/laurence/CodeSourcery/Sourcery_G++_Lite/bin/../lib/gcc/arm-none-eabi/4.5.2/../../../../arm-none-eabi/lib/thumb2/libm.a(lib_a-e_asin.o)
 .debug_frame   0x00001944       0x34 /home/laurence/CodeSourcery/Sourcery_G++_Lite/bin/../lib/gcc/arm-none-eabi/4.5.2/../../../../arm-none-eabi/lib/thumb2/libm.a(lib_a-e_sqrt.o)
 .debug_frame   0x00001978       0x3c /home/laurence/CodeSourcery/Sourcery_G++_Lite/bin/../lib/gcc/arm-none-eabi/4.5.2/../../../../arm-none-eabi/lib/thumb2/libm.a(lib_a-ef_rem_pio2.o)
 .debug_frame   0x000019b4       0x34 /home/laurence/CodeSourcery/Sourcery_G++_Lite/bin/../lib/gcc/arm-none-eabi/4.5.2/../../../../arm-none-eabi/lib/thumb2/libm.a(lib_a-kf_cos.o)
 .debug_frame   0x000019e8       0x3c /home/laurence/CodeSourcery/Sourcery_G++_Lite/bin/../lib/gcc/arm-none-eabi/4.5.2/../../../../arm-none-eabi/lib/thumb2/libm.a(lib_a-kf_rem_pio2.o)
 .debug_frame   0x00001a24       0x34 /home/laurence/CodeSourcery/Sourcery_G++_Lite/bin/../lib/gcc/arm-none-eabi/4.5.2/../../../../arm-none-eabi/lib/thumb2/libm.a(lib_a-kf_sin.o)
 .debug_frame   0x00001a58       0x20 /home/laurence/CodeSourcery/Sourcery_G++_Lite/bin/../lib/gcc/arm-none-eabi/4.5.2/../../../../arm-none-eabi/lib/thumb2/libm.a(lib_a-s_fabs.o)
 .debug_frame   0x00001a78       0x28 /home/laurence/CodeSourcery/Sourcery_G++_Lite/bin/../lib/gcc/arm-none-eabi/4.5.2/../../../../arm-none-eabi/lib/thumb2/libm.a(lib_a-s_fpclassify.o)
 .debug_frame   0x00001aa0       0x20 /home/laurence/CodeSourcery/Sourcery_G++_Lite/bin/../lib/gcc/arm-none-eabi/4.5.2/../../../../arm-none-eabi/lib/thumb2/libm.a(lib_a-s_matherr.o)
 .debug_frame   0x00001ac0       0x20 /home/laurence/CodeSourcery/Sourcery_G++_Lite/bin/../lib/gcc/arm-none-eabi/4.5.2/../../../../arm-none-eabi/lib/thumb2/libm.a(lib_a-s_nan.o)
 .debug_frame   0x00001ae0       0x20 /home/laurence/CodeSourcery/Sourcery_G++_Lite/bin/../lib/gcc/arm-none-eabi/4.5.2/../../../../arm-none-eabi/lib/thumb2/libm.a(lib_a-sf_fabs.o)
 .debug_frame   0x00001b00       0x30 /home/laurence/CodeSourcery/Sourcery_G++_Lite/bin/../lib/gcc/arm-none-eabi/4.5.2/../../../../arm-none-eabi/lib/thumb2/libm.a(lib_a-sf_floor.o)
 .debug_frame   0x00001b30       0x28 /home/laurence/CodeSourcery/Sourcery_G++_Lite/bin/../lib/gcc/arm-none-eabi/4.5.2/../../../../arm-none-eabi/lib/thumb2/libm.a(lib_a-sf_scalbn.o)
 .debug_frame   0x00001b58       0x20 /home/laurence/CodeSourcery/Sourcery_G++_Lite/bin/../lib/gcc/arm-none-eabi/4.5.2/../../../../arm-none-eabi/lib/thumb2/libm.a(lib_a-sf_copysign.o)
 .debug_frame   0x00001b78       0x20 /home/laurence/CodeSourcery/Sourcery_G++_Lite/bin/../lib/gcc/arm-none-eabi/4.5.2/../../../../arm-none-eabi/lib/thumb2/libc.a(lib_a-errno.o)
 .debug_frame   0x00001b98       0x30 /home/laurence/CodeSourcery/Sourcery_G++_Lite/bin/../lib/gcc/arm-none-eabi/4.5.2/../../../../arm-none-eabi/lib/thumb2/libc.a(lib_a-malloc.o)
 .debug_frame   0x00001bc8       0x3c /home/laurence/CodeSourcery/Sourcery_G++_Lite/bin/../lib/gcc/arm-none-eabi/4.5.2/../../../../arm-none-eabi/lib/thumb2/libc.a(lib_a-mallocr.o)
 .debug_frame   0x00001c04       0x30 /home/laurence/CodeSourcery/Sourcery_G++_Lite/bin/../lib/gcc/arm-none-eabi/4.5.2/../../../../arm-none-eabi/lib/thumb2/libc.a(lib_a-mlock.o)
 .debug_frame   0x00001c34       0x2c /home/laurence/CodeSourcery/Sourcery_G++_Lite/bin/../lib/gcc/arm-none-eabi/4.5.2/../../../../arm-none-eabi/lib/thumb2/libc.a(lib_a-sbrkr.o)
 .debug_frame   0x00001c60       0x20 /home/laurence/CodeSourcery/Sourcery_G++_Lite/bin/../lib/gcc/arm-none-eabi/4.5.2/../../../../arm-none-eabi/lib/thumb2/libc.a(lib_a-strlen.o)
 .debug_frame   0x00001c80       0x50 /home/laurence/CodeSourcery/Sourcery_G++_Lite/bin/../lib/gcc/arm-none-eabi/4.5.2/../../../../arm-none-eabi/lib/thumb2/libc.a(lib_a-freer.o)
 .debug_frame   0x00001cd0       0x68 /home/laurence/CodeSourcery/Sourcery_G++_Lite/bin/../lib/gcc/arm-none-eabi/4.5.2/../../../../arm-none-eabi/lib/thumb2/libc.a(lib_a-reent.o)
 .debug_frame   0x00001d38       0x40 /home/laurence/CodeSourcery/Sourcery_G++_Lite/bin/../lib/gcc/arm-none-eabi/4.5.2/../../../../arm-none-eabi/lib/thumb2/libcs3.a(start_c.o)
 .debug_frame   0x00001d78       0x28 /home/laurence/CodeSourcery/Sourcery_G++_Lite/bin/../lib/gcc/arm-none-eabi/4.5.2/../../../../arm-none-eabi/lib/thumb2/libcs3unhosted.a(unhosted-sbrk.o)
 .debug_frame   0x00001da0       0x2c /home/laurence/CodeSourcery/Sourcery_G++_Lite/bin/../lib/gcc/arm-none-eabi/4.5.2/../../../../arm-none-eabi/lib/thumb2/libc.a(lib_a-init.o)

.debug_str      0x00000000     0x2ed9
 *(.debug_str)
 .debug_str     0x00000000      0x144 Sensors/ppg.o
                                0x1a8 (size before relaxing)
 .debug_str     0x00000144       0x6e Sensors/pressure.o
                                0x146 (size before relaxing)
 .debug_str     0x000001b2       0x2e Sensors/temperature.o
                                 0xf0 (size before relaxing)
 .debug_str     0x000001e0      0x637 Util/USB/hw_config.o
                                0x742 (size before relaxing)
 .debug_str     0x00000817       0xad Util/USB/mass_mal.o
                                0x1b6 (size before relaxing)
 .debug_str     0x000008c4       0xd0 Util/USB/memory.o
                                0x200 (size before relaxing)
 .debug_str     0x00000994       0xa5 Util/USB/scsi_data.o
                                0x170 (size before relaxing)
 .debug_str     0x00000a39       0xd6 Util/USB/usb_bot.o
                                0x22f (size before relaxing)
 .debug_str     0x00000b0f       0x8c Util/USB/usb_desc.o
                                0x159 (size before relaxing)
 .debug_str     0x00000b9b       0x35 Util/USB/usb_endp.o
                                 0xe8 (size before relaxing)
 .debug_str     0x00000bd0      0x1bf Util/USB/usb_istr.o
                                0x2dd (size before relaxing)
 .debug_str     0x00000d8f      0x334 Util/USB/usb_prop.o
                                0x7e5 (size before relaxing)
 .debug_str     0x000010c3       0x6c Util/USB/usb_pwr.o
                                0x2c2 (size before relaxing)
 .debug_str     0x0000112f      0x197 Util/USB/usb_scsi.o
                                0x39c (size before relaxing)
 .debug_str     0x000012c6       0x38 Util/buffer.o
                                0x134 (size before relaxing)
 .debug_str     0x000012fe       0x5a Util/fat_fs/option/cc932.o
                                 0xe1 (size before relaxing)
 .debug_str     0x00001358       0x1d Util/fat_fs/option/syscall.o
                                 0xd5 (size before relaxing)
 .debug_str     0x00001375       0x47 Util/fat_fs/src/fattime.o
                                0x11a (size before relaxing)
 .debug_str     0x000013bc      0x4c5 Util/fat_fs/src/ff.o
                                0x5c2 (size before relaxing)
 .debug_str     0x00001881       0xa8 Util/fat_fs/src/rtc.o
                                0x1aa (size before relaxing)
 .debug_str     0x00001929      0x51f Util/fat_fs/src/sd_spi_stm32.o
                                0x691 (size before relaxing)
 .debug_str     0x00001e48      0x134 Util/rprintf.o
                                0x22e (size before relaxing)
 .debug_str     0x00001f7c      0x4ea Util/stm32_eval_spi_sd.o
                                0x84c (size before relaxing)
 .debug_str     0x00002466      0x12d adc.o
                                0x313 (size before relaxing)
 .debug_str     0x00002593       0x4f gpio.o
                                0x272 (size before relaxing)
 .debug_str     0x000025e2      0x303 interrupts.o
                                0x8fa (size before relaxing)
 .debug_str     0x000028e5      0x13d lib/CMSIS_CM3/core_cm3.o
                                0x22f (size before relaxing)
 .debug_str     0x00002a22      0x12d lib/CMSIS_CM3/system_stm32f10x.o
                                0x20a (size before relaxing)
 .debug_str     0x00002b4f      0x12f main.o
                                0x59d (size before relaxing)
 .debug_str     0x00002c7e       0x1e pwr.o