Archive member included because of file (symbol)

lib/STM32F10x_StdPeriph_Driver/libstm32fw.a(misc.o)
                              Util/USB/hw_config.o (NVIC_PriorityGroupConfig)
lib/STM32F10x_StdPeriph_Driver/libstm32fw.a(stm32f10x_adc.o)
                              adc.o (ADC_DeInit)
lib/STM32F10x_StdPeriph_Driver/libstm32fw.a(stm32f10x_bkp.o)
                              Util/fat_fs/src/rtc.o (BKP_DeInit)
lib/STM32F10x_StdPeriph_Driver/libstm32fw.a(stm32f10x_dma.o)
                              Util/fat_fs/src/sd_spi_stm32.o (DMA_DeInit)
lib/STM32F10x_StdPeriph_Driver/libstm32fw.a(stm32f10x_exti.o)
                              interrupts.o (EXTI_DeInit)
lib/STM32F10x_StdPeriph_Driver/libstm32fw.a(stm32f10x_gpio.o)
                              Util/fat_fs/src/sd_spi_stm32.o (GPIO_Init)
lib/STM32F10x_StdPeriph_Driver/libstm32fw.a(stm32f10x_pwr.o)
                              pwr.o (PWR_DeInit)
lib/STM32F10x_StdPeriph_Driver/libstm32fw.a(stm32f10x_rcc.o)
                              interrupts.o (RCC_HCLKConfig)
lib/STM32F10x_StdPeriph_Driver/libstm32fw.a(stm32f10x_rtc.o)
                              Util/fat_fs/src/rtc.o (RTC_GetCounter)
lib/STM32F10x_StdPeriph_Driver/libstm32fw.a(stm32f10x_spi.o)
                              Util/fat_fs/src/sd_spi_stm32.o (SPI_I2S_DeInit)
lib/STM32F10x_StdPeriph_Driver/libstm32fw.a(stm32f10x_tim.o)
                              timer.o (TIM_DeInit)
lib/STM32F10x_StdPeriph_Driver/libstm32fw.a(stm32f10x_usart.o)
                              usart.o (USART_Init)
lib/STM32_USB-FS-Device_Driver/libstm32usb.a(usb_core.o)
                              Util/USB/usb_prop.o (Standard_GetDescriptorData)
lib/STM32_USB-FS-Device_Driver/libstm32usb.a(usb_init.o)
                              main.o (USB_Init)
lib/STM32_USB-FS-Device_Driver/libstm32usb.a(usb_int.o)
                              Util/USB/usb_istr.o (CTR_LP)
lib/STM32_USB-FS-Device_Driver/libstm32usb.a(usb_mem.o)
                              lib/STM32_USB-FS-Device_Driver/libstm32usb.a(usb_core.o) (UserToPMABufferCopy)
lib/STM32_USB-FS-Device_Driver/libstm32usb.a(usb_regs.o)
                              Util/USB/usb_prop.o (SetBTABLE)
lib/STM32_USB-FS-Device_Driver/libstm32usb.a(usb_sil.o)
                              Util/USB/usb_prop.o (USB_SIL_Init)
/home/laurence/CodeSourcery/Sourcery_G++_Lite/bin/../lib/gcc/arm-none-eabi/4.5.2/../../../../arm-none-eabi/lib/thumb2/libm.a(lib_a-s_sin.o)
                              Sensors/ppg.o (sin)
/home/laurence/CodeSourcery/Sourcery_G++_Lite/bin/../lib/gcc/arm-none-eabi/4.5.2/../../../../arm-none-eabi/lib/thumb2/libm.a(lib_a-w_asin.o)
                              Sensors/ppg.o (asin)
/home/laurence/CodeSourcery/Sourcery_G++_Lite/bin/../lib/gcc/arm-none-eabi/4.5.2/../../../../arm-none-eabi/lib/thumb2/libm.a(lib_a-w_sqrt.o)
                              Sensors/ppg.o (sqrt)
/home/laurence/CodeSourcery/Sourcery_G++_Lite/bin/../lib/gcc/arm-none-eabi/4.5.2/../../../../arm-none-eabi/lib/thumb2/libm.a(lib_a-e_asin.o)
                              /home/laurence/CodeSourcery/Sourcery_G++_Lite/bin/../lib/gcc/arm-none-eabi/4.5.2/../../../../arm-none-eabi/lib/thumb2/libm.a(lib_a-w_asin.o) (__ieee754_asin)
/home/laurence/CodeSourcery/Sourcery_G++_Lite/bin/../lib/gcc/arm-none-eabi/4.5.2/../../../../arm-none-eabi/lib/thumb2/libm.a(lib_a-e_rem_pio2.o)
                              /home/laurence/CodeSourcery/Sourcery_G++_Lite/bin/../lib/gcc/arm-none-eabi/4.5.2/../../../../arm-none-eabi/lib/thumb2/libm.a(lib_a-s_sin.o) (__ieee754_rem_pio2)
/home/laurence/CodeSourcery/Sourcery_G++_Lite/bin/../lib/gcc/arm-none-eabi/4.5.2/../../../../arm-none-eabi/lib/thumb2/libm.a(lib_a-e_sqrt.o)
                              /home/laurence/CodeSourcery/Sourcery_G++_Lite/bin/../lib/gcc/arm-none-eabi/4.5.2/../../../../arm-none-eabi/lib/thumb2/libm.a(lib_a-w_sqrt.o) (__ieee754_sqrt)
/home/laurence/CodeSourcery/Sourcery_G++_Lite/bin/../lib/gcc/arm-none-eabi/4.5.2/../../../../arm-none-eabi/lib/thumb2/libm.a(lib_a-k_cos.o)
                              /home/laurence/CodeSourcery/Sourcery_G++_Lite/bin/../lib/gcc/arm-none-eabi/4.5.2/../../../../arm-none-eabi/lib/thumb2/libm.a(lib_a-s_sin.o) (__kernel_cos)
/home/laurence/CodeSourcery/Sourcery_G++_Lite/bin/../lib/gcc/arm-none-eabi/4.5.2/../../../../arm-none-eabi/lib/thumb2/libm.a(lib_a-k_rem_pio2.o)
                              /home/laurence/CodeSourcery/Sourcery_G++_Lite/bin/../lib/gcc/arm-none-eabi/4.5.2/../../../../arm-none-eabi/lib/thumb2/libm.a(lib_a-e_rem_pio2.o) (__kernel_rem_pio2)
/home/laurence/CodeSourcery/Sourcery_G++_Lite/bin/../lib/gcc/arm-none-eabi/4.5.2/../../../../arm-none-eabi/lib/thumb2/libm.a(lib_a-k_sin.o)
                              /home/laurence/CodeSourcery/Sourcery_G++_Lite/bin/../lib/gcc/arm-none-eabi/4.5.2/../../../../arm-none-eabi/lib/thumb2/libm.a(lib_a-s_sin.o) (__kernel_sin)
/home/laurence/CodeSourcery/Sourcery_G++_Lite/bin/../lib/gcc/arm-none-eabi/4.5.2/../../../../arm-none-eabi/lib/thumb2/libm.a(lib_a-s_fabs.o)
[...]
Memory Configuration

Name             Origin             Length             Attributes
ram              0x20000000         0x00005000         xrw
rom              0x08000000         0x00020000         xr
*default*        0x00000000         0xffffffff

Linker script and memory map

LOAD /home/laurence/CodeSourcery/Sourcery_G++_Lite/bin/../lib/gcc/arm-none-eabi/4.5.2/thumb2/crti.o
LOAD /home/laurence/CodeSourcery/Sourcery_G++_Lite/bin/../lib/gcc/arm-none-eabi/4.5.2/thumb2/crtbegin.o
LOAD Sensors/ppg.o
LOAD Sensors/pressure.o
LOAD Util/USB/hw_config.o
LOAD Util/USB/mass_mal.o
LOAD Util/USB/memory.o
LOAD Util/USB/scsi_data.o
LOAD Util/USB/usb_bot.o
LOAD Util/USB/usb_desc.o
LOAD Util/USB/usb_endp.o
LOAD Util/USB/usb_istr.o
LOAD Util/USB/usb_prop.o
LOAD Util/USB/usb_pwr.o
LOAD Util/USB/usb_scsi.o
LOAD Util/buffer.o
LOAD Util/fat_fs/option/cc932.o
LOAD Util/fat_fs/option/syscall.o
LOAD Util/fat_fs/src/fattime.o
LOAD Util/fat_fs/src/ff.o
LOAD Util/fat_fs/src/rtc.o
LOAD Util/fat_fs/src/sd_spi_stm32.o
LOAD Util/rprintf.o
LOAD Util/stm32_eval_spi_sd.o
LOAD adc.o
LOAD gpio.o
LOAD interrupts.o
LOAD lib/CMSIS_CM3/core_cm3.o
LOAD lib/CMSIS_CM3/startup/gcc/startup_stm32f10x_md.o
LOAD lib/CMSIS_CM3/system_stm32f10x.o
LOAD main.o
LOAD pwr.o
LOAD timer.o
LOAD usart.o
LOAD lib/STM32F10x_StdPeriph_Driver/libstm32fw.a
LOAD lib/STM32_USB-FS-Device_Driver/libstm32usb.a
LOAD /home/laurence/CodeSourcery/Sourcery_G++_Lite/bin/../lib/gcc/arm-none-eabi/4.5.2/../../../../arm-none-eabi/lib/thumb2/libm.a
START GROUP
LOAD /home/laurence/CodeSourcery/Sourcery_G++_Lite/bin/../lib/gcc/arm-none-eabi/4.5.2/thumb2/libgcc.a
LOAD /home/laurence/CodeSourcery/Sourcery_G++_Lite/bin/../lib/gcc/arm-none-eabi/4.5.2/../../../../arm-none-eabi/lib/thumb2/libc.a
END GROUP
LOAD /home/laurence/CodeSourcery/Sourcery_G++_Lite/bin/../lib/gcc/arm-none-eabi/4.5.2/thumb2/crtend.o
LOAD /home/laurence/CodeSourcery/Sourcery_G++_Lite/bin/../lib/gcc/arm-none-eabi/4.5.2/thumb2/crtn.o
START GROUP
LOAD /home/laurence/CodeSourcery/Sourcery_G++_Lite/bin/../lib/gcc/arm-none-eabi/4.5.2/thumb2/libgcc.a
LOAD /home/laurence/CodeSourcery/Sourcery_G++_Lite/bin/../lib/gcc/arm-none-eabi/4.5.2/../../../../arm-none-eabi/lib/thumb2/libc.a
LOAD /home/laurence/CodeSourcery/Sourcery_G++_Lite/bin/../lib/gcc/arm-none-eabi/4.5.2/../../../../arm-none-eabi/lib/thumb2/libcs3.a
LOAD /home/laurence/CodeSourcery/Sourcery_G++_Lite/bin/../lib/gcc/arm-none-eabi/4.5.2/../../../../arm-none-eabi/lib/thumb2/libcs3unhosted.a
LOAD lib/libcs3-lanchon-stm32.a
END GROUP
                0x20005000                PROVIDE (__cs3_stack, (__cs3_region_start_ram + __cs3_region_size_ram))
                0x20000e48                PROVIDE (__cs3_heap_start, _end)
                0x20005000                PROVIDE (__cs3_heap_end, (__cs3_region_start_ram + __cs3_region_size_ram))

.text           0x08000000    0x13f38
 CREATE_OBJECT_SYMBOLS
                0x08000000                __cs3_region_start_rom = .
 *(.cs3.region-head.rom)
                0x08000000                __cs3_interrupt_vector = __cs3_interrupt_vector_lanchon_stm32
 *(.cs3.interrupt_vector)
 .cs3.interrupt_vector
                0x08000000       0xec lib/libcs3-lanchon-stm32.a(lanchon-stm32-vector.o)
                0x08000000                __cs3_interrupt_vector_lanchon_stm32
                0x08000001                ASSERT ((. != __cs3_interrupt_vector_lanchon_stm32), No interrupt vector)
 *(.rom)
 *(.rom.b)
                0x0800c3d4                PROVIDE (__cs3_reset_lanchon_stm32, _start)
                0x0800c3d4                __cs3_reset = __cs3_reset_lanchon_stm32
 *(.cs3.reset)
 *(.text .text.* .gnu.linkonce.t.*)
 .text          0x080000ec       0x30 /home/laurence/CodeSourcery/Sourcery_G++_Lite/bin/../lib/gcc/arm-none-eabi/4.5.2/thumb2/crtbegin.o
 *fill*         0x0800011c        0x4 00
 .text          0x08000120      0x1b0 Sensors/ppg.o
                0x08000120                PPG_LO_Filter
                0x08000228                PWM_Linear
                0x08000264                PPG_correct_brightness
 .text          0x080002d0       0x98 Sensors/pressure.o
                0x080002d0                calibrate_sensor
                0x08000300                conv_adc_diff
                0x08000334                conv_diff
 .text          0x08000368      0x124 Util/USB/hw_config.o
                0x0800038c                Set_USBClock
                0x080003a2                Enter_LowPowerMode
                0x080003b0                Leave_LowPowerMode
                0x080003cc                USB_Interrupts_Config
                0x0800040c                Led_RW_ON
                0x0800041c                Led_RW_OFF
                0x0800042c                USB_Configured_LED
                0x0800043c                USB_NotConfigured_LED
                0x0800044c                USB_Cable_Config
                0x0800044e                Get_SerialNum
                0x08000484                MAL_Config
                0x0800048a                Set_System
 .text          0x0800048c       0xcc Util/USB/mass_mal.o
                0x0800048c                MAL_Init
                0x080004c8                MAL_Write
                0x080004ec                MAL_Read
                0x08000510                MAL_GetStatus
 .text          0x08000558      0x1b0 Util/USB/memory.o
                0x08000558                Read_Memory
                0x08000620                Write_Memory
 .text          0x08000708      0x31c Util/USB/usb_bot.o
                0x08000708                Transfer_Data_Request
                0x08000738                Set_CSW
                0x08000770                Mass_Storage_In
                0x080007c0                Bot_Abort
                0x080007f8                CBW_Decode
                0x080009cc                Mass_Storage_Out
 .text          0x08000a24        0x8 Util/USB/usb_endp.o
                0x08000a24                EP1_IN_Callback
                0x08000a28                EP2_OUT_Callback
 .text          0x08000a2c       0xd0 Util/USB/usb_istr.o
                0x08000a2c                USB_Istr
 .text          0x08000afc      0x25c Util/USB/usb_prop.o
                0x08000afc                Mass_Storage_SetDeviceAddress
                0x08000b08                MASS_Status_In
                0x08000b0a                MASS_Status_Out
                0x08000b0c                MASS_Get_Interface_Setting
                0x08000b1c                Get_Max_Lun
                0x08000b34                MASS_Data_Setup
                0x08000b74                MASS_GetStringDescriptor
                0x08000b94                MASS_GetConfigDescriptor
                0x08000ba0                MASS_GetDeviceDescriptor
                0x08000bac                MASS_NoData_Setup
                0x08000bfc                Mass_Storage_SetConfiguration
                0x08000c2c                Mass_Storage_ClearFeature
                0x08000c48                MASS_Reset
                0x08000d34                MASS_init
 .text          0x08000d58      0x15c Util/USB/usb_pwr.o
                0x08000d58                PowerOn
                0x08000d88                PowerOff
                0x08000dac                Suspend
                0x08000dec                Resume_Init
                0x08000e28                Resume
 .text          0x08000eb4      0x398 Util/USB/usb_scsi.o
                0x08000eb4                SCSI_Inquiry_Cmd
                0x08000eec                SCSI_ModeSense6_Cmd
                0x08000ef8                SCSI_ModeSense10_Cmd
                0x08000f04                SCSI_RequestSense_Cmd
                0x08000f1c                Set_Scsi_Sense_Data
                0x08000f28                SCSI_ReadCapacity10_Cmd
                0x08000f98                SCSI_ReadFormatCapacity_Cmd
                0x08001000                SCSI_Start_Stop_Unit_Cmd
                0x08001008                SCSI_Verify10_Cmd
                0x08001040                SCSI_Valid_Cmd
                0x0800106c                SCSI_TestUnitReady_Cmd
                0x080010a0                SCSI_Format_Cmd
                0x080010cc                SCSI_Invalid_Cmd
                0x08001100                SCSI_Address_Management
                0x08001170                SCSI_Write10_Cmd
                0x080011e0                SCSI_Read10_Cmd
 .text          0x0800124c       0x6e Util/buffer.o
                0x0800124c                Add_To_Buffer
                0x0800127e                Get_From_Buffer
                0x080012a8                init_buffer
 *fill*         0x080012ba        0x2 00
 .text          0x080012bc       0x88 Util/fat_fs/option/cc932.o
                0x080012bc                ff_convert
                0x0800131c                ff_wtoupper
 .text          0x08001344       0x44 Util/fat_fs/src/fattime.o
                0x08001344                get_fattime
 .text          0x08001388     0x230c Util/fat_fs/src/ff.o
                0x080019fa                clust2sect
                0x08001a14                get_fat
                0x08001b72                put_fat
                0x080023c6                gen_numname
                0x08002620                f_mount
                0x08002640                f_open
                0x08002792                f_read
                0x0800290a                f_write
                0x08002ac0                f_sync
                0x08002b72                f_close
                0x08002b80                f_lseek
                0x08002ce4                f_opendir
                0x08002d50                f_readdir
                0x08002dae                f_stat
                0x08002df2                f_getfree
                0x08002ee4                f_truncate
                0x08002f7c                f_unlink
                0x08003030                f_mkdir
                0x080031fa                f_chmod
                0x08003252                f_utime
                0x080032ae                f_rename
                0x080033ca                f_gets
                0x08003410                f_putc
                0x08003432                f_puts
                0x08003458                f_printf
 .text          0x08003694      0x2e0 Util/fat_fs/src/rtc.o
                0x08003778                rtc_gettime
                0x080037f0                my_RTC_SetCounter
                0x08003812                rtc_settime
                0x080038dc                rtc_init
 .text          0x08003974      0x890 Util/fat_fs/src/sd_spi_stm32.o
                0x08003cda                disk_initialize
                0x08003dfc                disk_status
                0x08003e0c                disk_read
                0x08003e98                disk_write
                0x08003f44                disk_ioctl
                0x080041c8                disk_timerproc
 .text          0x08004204      0x570 Util/rprintf.o
                0x08004204                rprintfInit
                0x08004210                rprintfChar
                0x0800422c                rprintfStr
                0x08004242                rprintfStrLen
                0x08004276                rprintfCRLF
                0x0800427a                rprintfu04
                0x08004284                rprintfu08
                0x08004296                rprintfu16
                0x080042a8                rprintfu32
                0x080042ba                rprintfNum
                0x08004360                rprintfFloat
                0x08004420                Isdigit
                0x0800442e                atoiRamRom
                0x08004454                rStrLen
                0x08004464                rprintf2RamRom
 .text          0x08004774      0x1d0 adc.o
                0x08004774                ADC_Configuration
                0x080048d4                readADC2
                0x08004904                setADC2
                0x08004924                getADC2
 .text          0x08004944      0x1c4 gpio.o
                0x08004944                setup_gpio
                0x08004abc                switch_leds_on
                0x08004adc                switch_leds_off
                0x08004afc                get_wkup
 .text          0x08004b08      0x2d8 interrupts.o
                0x08004b08                ISR_Config
                0x08004b3c                EXTI_ONOFF_EN
                0x08004b90                DMA_ISR_Config
                0x08004bb2                SysTick_Configuration
                0x08004be8                EXTI0_IRQHandler
                0x08004c5c                DMAChannel1_IRQHandler
                0x08004c84                SysTickHandler
                0x08004dd4                USB_HP_CAN_TX_IRQHandler
                0x08004dd8                USB_LP_CAN_RX0_IRQHandler
 .text.Default_Handler
                0x08004de0        0x2 lib/CMSIS_CM3/startup/gcc/startup_stm32f10x_md.o
                0x08004de0                EXTI2_IRQHandler
                0x08004de0                DebugMon_Handler
                0x08004de0                TIM1_CC_IRQHandler
                0x08004de0                HardFault_Handler
                0x08004de0                SysTick_Handler
                0x08004de0                PVD_IRQHandler
                0x08004de0                PendSV_Handler
                0x08004de0                NMI_Handler
                0x08004de0                EXTI3_IRQHandler
                0x08004de0                I2C2_EV_IRQHandler
                0x08004de0                UsageFault_Handler
                0x08004de0                ADC1_2_IRQHandler
                0x08004de0                SPI1_IRQHandler
                0x08004de0                TAMPER_IRQHandler
                0x08004de0                DMA1_Channel4_IRQHandler
                0x08004de0                USART3_IRQHandler
                0x08004de0                RTC_IRQHandler
                0x08004de0                DMA1_Channel7_IRQHandler
                0x08004de0                CAN1_RX1_IRQHandler
                0x08004de0                TIM4_IRQHandler
                0x08004de0                I2C1_EV_IRQHandler
                0x08004de0                DMA1_Channel6_IRQHandler
                0x08004de0                TIM3_IRQHandler
                0x08004de0                RCC_IRQHandler
                0x08004de0                TIM1_TRG_COM_IRQHandler
                0x08004de0                DMA1_Channel1_IRQHandler
                0x08004de0                Default_Handler
                0x08004de0                EXTI15_10_IRQHandler
                0x08004de0                EXTI9_5_IRQHandler
                0x08004de0                SPI2_IRQHandler
                0x08004de0                MemManage_Handler
                0x08004de0                SVC_Handler
                0x08004de0                DMA1_Channel5_IRQHandler
                0x08004de0                EXTI4_IRQHandler
                0x08004de0                USB_LP_CAN1_RX0_IRQHandler
                0x08004de0                USB_HP_CAN1_TX_IRQHandler
                0x08004de0                DMA1_Channel3_IRQHandler
                0x08004de0                TIM1_UP_IRQHandler
                0x08004de0                WWDG_IRQHandler
                0x08004de0                TIM2_IRQHandler
                0x08004de0                TIM1_BRK_IRQHandler
                0x08004de0                EXTI1_IRQHandler
                0x08004de0                RTCAlarm_IRQHandler
                0x08004de0                USART2_IRQHandler
                0x08004de0                I2C2_ER_IRQHandler
                0x08004de0                DMA1_Channel2_IRQHandler
                0x08004de0                CAN1_SCE_IRQHandler
                0x08004de0                FLASH_IRQHandler
                0x08004de0                BusFault_Handler
                0x08004de0                USART1_IRQHandler
                0x08004de0                I2C1_ER_IRQHandler
                0x08004de0                USBWakeUp_IRQHandler
 *fill*         0x08004de2        0x2 00
 .text          0x08004de4       0xf4 lib/CMSIS_CM3/system_stm32f10x.o
                0x08004de4                SystemInit
 .text          0x08004ed8      0x3d0 main.o
                0x08004ed8                __str_print_char
                0x08004f00                __fat_print_char
                0x08004f20                main
 .text          0x080052a8       0x2a pwr.o
                0x080052a8                setuppwr
                0x080052bc                shutdown
                0x080052cc                disable_pin
 *fill*         0x080052d2        0x2 00
 .text          0x080052d4      0x1ac timer.o
                0x080052d4                setup_pwm
                0x080053f4                Tryfudge
                0x0800543c                Set_Motor
 .text          0x08005480       0xe0 usart.o
                0x08005480                Default_Usart_Config
                0x0800549a                Usarts_Init
                0x0800552c                __usart_send_char
                0x08005548                Usart_Send_Str
 .text          0x08005560       0xb8 lib/STM32F10x_StdPeriph_Driver/libstm32fw.a(misc.o)
                0x08005560                NVIC_PriorityGroupConfig
                0x08005574                NVIC_Init
                0x080055d4                NVIC_SetVectorTable
                0x080055e8                NVIC_SystemLPConfig
                0x08005600                SysTick_CLKSourceConfig
 .text          0x08005618      0x380 lib/STM32F10x_StdPeriph_Driver/libstm32fw.a(stm32f10x_adc.o)
                0x08005618                ADC_DeInit
                0x08005674                ADC_Init
                0x080056c0                ADC_StructInit
                0x080056d2                ADC_Cmd
                0x080056e6                ADC_DMACmd
                0x080056fa                ADC_ITConfig
                0x0800570e                ADC_ResetCalibration
                0x08005718                ADC_GetResetCalibrationStatus
                0x08005720                ADC_StartCalibration
                0x0800572a                ADC_GetCalibrationStatus
                0x08005732                ADC_SoftwareStartConvCmd
                0x08005746                ADC_GetSoftwareStartConvStatus
                0x0800574e                ADC_DiscModeChannelCountConfig
                0x0800575e                ADC_DiscModeCmd
                0x08005772                ADC_RegularChannelConfig
                0x08005800                ADC_ExternalTrigConvCmd
                0x08005814                ADC_GetConversionValue
                0x0800581a                ADC_GetDualModeConversionValue
                0x08005824                ADC_AutoInjectedConvCmd
                0x08005838                ADC_InjectedDiscModeCmd
                0x0800584c                ADC_ExternalTrigInjectedConvConfig
                0x0800585a                ADC_ExternalTrigInjectedConvCmd
                0x0800586e                ADC_SoftwareStartInjectedConvCmd
                0x08005882                ADC_GetSoftwareStartInjectedConvCmdStatus
                0x0800588a                ADC_InjectedChannelConfig
                0x080058e6                ADC_InjectedSequencerLengthConfig
                0x080058f6                ADC_SetInjectedOffset
                0x0800590c                ADC_GetInjectedConversionValue
                0x08005926                ADC_AnalogWatchdogCmd
                0x08005938                ADC_AnalogWatchdogThresholdsConfig
                0x0800593e                ADC_AnalogWatchdogSingleChannelConfig
                0x0800594c                ADC_TempSensorVrefintCmd
                0x08005968                ADC_GetFlagStatus
                0x08005974                ADC_ClearFlag
                0x0800597a                ADC_GetITStatus
                0x08005990                ADC_ClearITPendingBit
 .text          0x08005998       0xe0 lib/STM32F10x_StdPeriph_Driver/libstm32fw.a(stm32f10x_bkp.o)
                0x08005998                BKP_DeInit
                0x080059aa                BKP_TamperPinLevelConfig
                0x080059b4                BKP_TamperPinCmd
                0x080059c0                BKP_ITConfig
                0x080059cc                BKP_RTCOutputConfig
                0x080059e4                BKP_SetRTCCalibrationValue
                0x080059fc                BKP_WriteBackupRegister
                0x08005a18                BKP_ReadBackupRegister
                0x08005a38                BKP_GetFlagStatus
                0x08005a44                BKP_ClearFlag
                0x08005a58                BKP_GetITStatus
                0x08005a64                BKP_ClearITPendingBit
 .text          0x08005a78      0x1f0 lib/STM32F10x_StdPeriph_Driver/libstm32fw.a(stm32f10x_dma.o)
                0x08005a78                DMA_DeInit
                0x08005b74                DMA_Init
                0x08005bb4                DMA_StructInit
                0x08005bce                DMA_Cmd
                0x08005be2                DMA_ITConfig
                0x08005bf4                DMA_GetCurrDataCounter
                0x08005bfa                DMA_GetFlagStatus
                0x08005c18                DMA_ClearFlag
                0x08005c30                DMA_GetITStatus
                0x08005c50                DMA_ClearITPendingBit
 .text          0x08005c68      0x108 lib/STM32F10x_StdPeriph_Driver/libstm32fw.a(stm32f10x_exti.o)
                0x08005c68                EXTI_DeInit
                0x08005c84                EXTI_Init
                0x08005d08                EXTI_StructInit
                0x08005d16                EXTI_GenerateSWInterrupt
                0x08005d28                EXTI_GetFlagStatus
                0x08005d3c                EXTI_ClearFlag
                0x08005d48                EXTI_GetITStatus
                0x08005d64                EXTI_ClearITPendingBit
 .text          0x08005d70      0x278 lib/STM32F10x_StdPeriph_Driver/libstm32fw.a(stm32f10x_gpio.o)
                0x08005d70                GPIO_DeInit
                0x08005e1c                GPIO_AFIODeInit
                0x08005e32                GPIO_Init
                0x08005eca                GPIO_StructInit
                0x08005eda                GPIO_ReadInputDataBit
                0x08005ee6                GPIO_ReadInputData
                0x08005eec                GPIO_ReadOutputDataBit
                0x08005ef8                GPIO_ReadOutputData
                0x08005efe                GPIO_SetBits
                0x08005f02                GPIO_ResetBits
                0x08005f06                GPIO_WriteBit
                0x08005f10                GPIO_Write
                0x08005f14                GPIO_PinLockConfig
                0x08005f24                GPIO_EventOutputConfig
                0x08005f44                GPIO_EventOutputCmd
                0x08005f50                GPIO_PinRemapConfig
                0x08005fa8                GPIO_EXTILineConfig
                0x08005fdc                GPIO_ETH_MediaInterfaceConfig
 .text          0x08005fe8       0xcc lib/STM32F10x_StdPeriph_Driver/libstm32fw.a(stm32f10x_pwr.o)
                0x08005fec                PWR_DeInit
                0x08006006                PWR_BackupAccessCmd
                0x08006010                PWR_PVDCmd
                0x0800601c                PWR_PVDLevelConfig
                0x08006030                PWR_WakeUpPinCmd
                0x0800603c                PWR_EnterSTOPMode
                0x08006068                PWR_EnterSTANDBYMode
                0x08006090                PWR_GetFlagStatus
                0x080060a4                PWR_ClearFlag
 .text          0x080060b4      0x360 lib/STM32F10x_StdPeriph_Driver/libstm32fw.a(stm32f10x_rcc.o)
                0x080060b4                RCC_DeInit
                0x080060f4                RCC_HSEConfig
                0x0800612c                RCC_AdjustHSICalibrationValue
                0x08006140                RCC_HSICmd
                0x0800614c                RCC_PLLConfig
                0x08006164                RCC_PLLCmd
                0x08006170                RCC_SYSCLKConfig
                0x08006184                RCC_GetSYSCLKSource
                0x08006194                RCC_HCLKConfig
                0x080061a8                RCC_PCLK1Config
                0x080061bc                RCC_PCLK2Config
                0x080061d0                RCC_ITConfig
                0x080061e8                RCC_USBCLKConfig
                0x080061f4                RCC_ADCCLKConfig
                0x08006208                RCC_LSEConfig
                0x08006228                RCC_LSICmd
                0x08006234                RCC_RTCCLKConfig
                0x08006244                RCC_RTCCLKCmd
                0x08006250                RCC_GetClocksFreq
                0x080062f4                RCC_AHBPeriphClockCmd
                0x0800630c                RCC_APB2PeriphClockCmd
                0x08006324                RCC_APB1PeriphClockCmd
                0x0800633c                RCC_APB2PeriphResetCmd
                0x08006354                RCC_APB1PeriphResetCmd
                0x0800636c                RCC_BackupResetCmd
                0x08006378                RCC_ClockSecuritySystemCmd
                0x08006384                RCC_MCOConfig
                0x08006390                RCC_GetFlagStatus
                0x080063b8                RCC_WaitForHSEStartUp
                0x080063e4                RCC_ClearFlag
                0x080063f4                RCC_GetITStatus
                0x08006408                RCC_ClearITPendingBit
 .text          0x08006414      0x158 lib/STM32F10x_StdPeriph_Driver/libstm32fw.a(stm32f10x_rtc.o)
                0x08006414                RTC_ITConfig
                0x08006430                RTC_EnterConfigMode
                0x08006444                RTC_ExitConfigMode
                0x08006458                RTC_GetCounter
                0x0800646c                RTC_SetCounter
                0x08006488                RTC_SetPrescaler
                0x080064a8                RTC_SetAlarm
                0x080064c4                RTC_GetDivider
                0x080064dc                RTC_WaitForLastTask
                0x080064ec                RTC_WaitForSynchro
                0x0800650c                RTC_GetFlagStatus
                0x08006520                RTC_ClearFlag
                0x08006534                RTC_GetITStatus
                0x08006558                RTC_ClearITPendingBit
 .text          0x0800656c      0x2d4 lib/STM32F10x_StdPeriph_Driver/libstm32fw.a(stm32f10x_spi.o)
                0x0800656c                SPI_I2S_DeInit
                0x080065d0                SPI_Init
                0x08006610                I2S_Init
                0x080066b0                SPI_StructInit
                0x080066c8                I2S_StructInit
                0x080066da                SPI_Cmd
                0x080066f4                I2S_Cmd
                0x0800670e                SPI_I2S_ITConfig
                0x0800672c                SPI_I2S_DMACmd
                0x08006742                SPI_I2S_SendData
                0x08006746                SPI_I2S_ReceiveData
                0x0800674c                SPI_NSSInternalSoftwareConfig
                0x0800676c                SPI_SSOutputCmd
                0x08006786                SPI_DataSizeConfig
                0x0800679e                SPI_TransmitCRC
                0x080067aa                SPI_CalculateCRC
                0x080067c4                SPI_GetCRC
                0x080067d4                SPI_GetCRCPolynomial
                0x080067da                SPI_BiDirectionalLineConfig
                0x080067f8                SPI_I2S_GetFlagStatus
                0x08006804                SPI_I2S_ClearFlag
                0x0800680a                SPI_I2S_GetITStatus
                0x08006830                SPI_I2S_ClearITPendingBit
 .text          0x08006840      0xa80 lib/STM32F10x_StdPeriph_Driver/libstm32fw.a(stm32f10x_tim.o)
                0x080068ae                TIM_DeInit
                0x08006978                TIM_TimeBaseInit
                0x080069b4                TIM_OC1Init
                0x08006a34                TIM_OC2Init
                0x08006abc                TIM_OC3Init
                0x08006b40                TIM_OC4Init
                0x08006ba4                TIM_BDTRConfig
                0x08006bc6                TIM_TimeBaseStructInit
                0x08006bd8                TIM_OCStructInit
                0x08006bec                TIM_ICStructInit
                0x08006bfc                TIM_BDTRStructInit
                0x08006c0e                TIM_Cmd
                0x08006c28                TIM_CtrlPWMOutputs
                0x08006c46                TIM_ITConfig
                0x08006c5c                TIM_GenerateEvent
                0x08006c60                TIM_DMAConfig
                0x08006c68                TIM_DMACmd
                0x08006c7e                TIM_InternalClockConfig
                0x08006c8c                TIM_ETRConfig
                0x08006ca2                TIM_ETRClockMode2Config
                0x08006cb6                TIM_ETRClockMode1Config
                0x08006cd0                TIM_PrescalerConfig
                0x08006cd6                TIM_CounterModeConfig
                0x08006ce8                TIM_SelectInputTrigger
                0x08006cfa                TIM_TIxExternalClockConfig
                0x08006d28                TIM_ITRxExternalClockConfig
                0x08006d3c                TIM_EncoderInterfaceConfig
                0x08006d7a                TIM_ForcedOC1Config
                0x08006d8c                TIM_ForcedOC2Config
                0x08006d9e                TIM_ForcedOC3Config
                0x08006db0                TIM_ForcedOC4Config
                0x08006dc2                TIM_ARRPreloadConfig
                0x08006ddc                TIM_SelectCOM
                0x08006df6                TIM_SelectCCDMA
                0x08006e10                TIM_CCPreloadControl
                0x08006e2a                TIM_OC1PreloadConfig
                0x08006e3c                TIM_OC2PreloadConfig
                0x08006e4e                TIM_OC3PreloadConfig
                0x08006e60                TIM_OC4PreloadConfig
                0x08006e72                TIM_OC1FastConfig
                0x08006e84                TIM_OC2FastConfig
                0x08006e96                TIM_OC3FastConfig
                0x08006ea8                TIM_OC4FastConfig
                0x08006eba                TIM_ClearOC1Ref
                0x08006ecc                TIM_ClearOC2Ref
                0x08006eda                TIM_ClearOC3Ref
                0x08006eec                TIM_ClearOC4Ref
                0x08006efa                TIM_OC1PolarityConfig
                0x08006f0c                TIM_OC1NPolarityConfig
                0x08006f1e                TIM_OC2PolarityConfig
                0x08006f30                TIM_OC2NPolarityConfig
                0x08006f42                TIM_OC3PolarityConfig
                0x08006f54                TIM_OC3NPolarityConfig
                0x08006f66                TIM_OC4PolarityConfig
                0x08006f78                TIM_CCxCmd
                0x08006f96                TIM_CCxNCmd
                0x08006fb4                TIM_SelectOCxM
                0x08007000                TIM_UpdateDisableConfig
                0x0800701a                TIM_UpdateRequestConfig
                0x08007034                TIM_SelectHallSensor
                0x0800704e                TIM_SelectOnePulseMode
                0x08007066                TIM_SelectOutputTrigger
                0x0800707e                TIM_SelectSlaveMode
                0x08007096                TIM_SelectMasterSlaveMode
                0x080070ae                TIM_SetCounter
                0x080070b2                TIM_SetAutoreload
                0x080070b6                TIM_SetCompare1
                0x080070ba                TIM_SetCompare2
                0x080070be                TIM_SetCompare3
                0x080070c2                TIM_SetCompare4
                0x080070c8                TIM_SetIC1Prescaler
                0x080070e0                TIM_SetIC2Prescaler
                0x080070f8                TIM_PWMIConfig
                0x08007164                TIM_SetIC3Prescaler
                0x0800717c                TIM_SetIC4Prescaler
                0x08007194                TIM_ICInit
                0x08007258                TIM_SetClockDivision
                0x0800726a                TIM_GetCapture1
                0x08007270                TIM_GetCapture2
                0x08007276                TIM_GetCapture3
                0x0800727c                TIM_GetCapture4
                0x08007284                TIM_GetCounter
                0x0800728a                TIM_GetPrescaler
                0x08007290                TIM_GetFlagStatus
                0x0800729c                TIM_ClearFlag
                0x080072a2                TIM_GetITStatus
                0x080072b8                TIM_ClearITPendingBit
 .text          0x080072c0      0x374 lib/STM32F10x_StdPeriph_Driver/libstm32fw.a(stm32f10x_usart.o)
                0x080072c0                USART_DeInit
                0x08007358                USART_Init
                0x080073e8                USART_StructInit
                0x080073fe                USART_ClockInit
                0x08007424                USART_ClockStructInit
                0x08007430                USART_Cmd
                0x0800744a                USART_ITConfig
                0x08007480                USART_DMACmd
                0x08007496                USART_SetAddress
                0x080074ae                USART_WakeUpConfig
                0x080074c6                USART_ReceiverWakeUpCmd
                0x080074e0                USART_LINBreakDetectLengthConfig
                0x080074f8                USART_LINCmd
                0x08007512                USART_SendData
                0x0800751a                USART_ReceiveData
                0x08007522                USART_SendBreak
                0x0800752e                USART_SetGuardTime
                0x08007540                USART_SetPrescaler
                0x08007554                USART_SmartCardCmd
                0x0800756e                USART_SmartCardNACKCmd
                0x08007588                USART_HalfDuplexCmd
                0x080075a2                USART_IrDAConfig
                0x080075ba                USART_IrDACmd
                0x080075d4                USART_GetFlagStatus
                0x080075e0                USART_ClearFlag
                0x080075e6                USART_GetITStatus
                0x08007626                USART_ClearITPendingBit
 .text          0x08007634      0xa54 lib/STM32_USB-FS-Device_Driver/libstm32usb.a(usb_core.o)
                0x08007634                Standard_GetConfiguration
                0x0800765c                Standard_GetInterface
                0x08007684                Standard_GetStatus
                0x080077f8                Standard_SetConfiguration
                0x08007834                Standard_SetInterface
                0x08007884                Standard_ClearFeature
                0x08007980                Standard_SetEndPointFeature
                0x08007a34                Standard_SetDeviceFeature
                0x08007a58                Standard_GetDescriptorData
                0x08007a74                Post0_Process
                0x08007abc                Out0_Process
                0x08007b98                Setup0_Process
                0x08007f68                SetDeviceAddress
                0x08008024                In0_Process
                0x08008084                NOP_Process
 .text          0x08008088       0x38 lib/STM32_USB-FS-Device_Driver/libstm32usb.a(usb_init.o)
                0x08008088                USB_Init
 .text          0x080080c0      0x25c lib/STM32_USB-FS-Device_Driver/libstm32usb.a(usb_int.o)
                0x080080c0                CTR_LP
                0x08008288                CTR_HP
 .text          0x0800831c       0xb8 lib/STM32_USB-FS-Device_Driver/libstm32usb.a(usb_mem.o)
                0x0800831c                UserToPMABufferCopy
                0x08008384                PMAToUserBufferCopy
 .text          0x080083d4      0x880 lib/STM32_USB-FS-Device_Driver/libstm32usb.a(usb_regs.o)
                0x080083d4                SetCNTR
                0x080083e0                GetCNTR
                0x080083ec                SetISTR
                0x080083f8                GetISTR
                0x08008404                GetFNR
                0x08008410                SetDADDR
                0x0800841c                GetDADDR
                0x08008428                SetBTABLE
                0x0800843c                GetBTABLE
                0x08008448                SetENDPOINT
                0x08008458                GetENDPOINT
                0x08008468                SetEPType
                0x08008484                GetEPType
                0x08008498                SetEPTxStatus
                0x080084d8                SetEPRxStatus
                0x08008518                SetDouBleBuffEPStall
                0x08008540                GetEPTxStatus
                0x08008554                GetEPRxStatus
                0x08008568                SetEPTxValid
                0x0800858c                SetEPRxValid
                0x080085b0                SetEP_KIND
                0x080085d0                ClearEP_KIND
                0x080085f0                Clear_Status_Out
                0x08008610                Set_Status_Out
                0x08008630                SetEPDoubleBuff
                0x08008650                ClearEPDoubleBuff
                0x08008670                GetTxStallStatus
                0x08008690                GetRxStallStatus
                0x080086b0                ClearEP_CTR_RX
                0x080086c8                ClearEP_CTR_TX
                0x080086e0                ToggleDTOG_RX
                0x08008700                ToggleDTOG_TX
                0x08008720                ClearDTOG_RX
                0x08008748                ClearDTOG_TX
                0x08008770                SetEPAddress
                0x08008794                GetEPAddress
                0x080087a8                SetEPTxAddr
                0x080087cc                SetEPRxAddr
                0x080087f4                GetEPTxAddr
                0x08008814                GetEPRxAddr
                0x08008834                SetEPTxCount
                0x08008854                SetEPCountRxReg
                0x08008880                SetEPRxCount
                0x080088c8                GetEPTxCount
                0x080088ec                GetEPRxCount
                0x08008910                SetEPDblBuffAddr
                0x08008958                SetEPDblBuf0Addr
                0x0800897c                SetEPDblBuf1Addr
                0x080089a4                GetEPDblBuf0Addr
                0x080089c4                GetEPDblBuf1Addr
                0x080089e4                SetEPDblBuffCount
                0x08008a90                SetEPDblBuf0Count
                0x08008af8                SetEPDblBuf1Count
                0x08008b60                GetEPDblBuf0Count
                0x08008b84                GetEPDblBuf1Count
                0x08008ba8                GetEPDblBufDir
                0x08008bf0                FreeUserBuffer
                0x08008c40                ToWord
                0x08008c48                ByteSwap
 .text          0x08008c54       0x6c lib/STM32_USB-FS-Device_Driver/libstm32usb.a(usb_sil.o)
                0x08008c54                USB_SIL_Init
                0x08008c74                USB_SIL_Write
                0x08008c9c                USB_SIL_Read
 .text          0x08008cc0       0x98 /home/laurence/CodeSourcery/Sourcery_G++_Lite/bin/../lib/gcc/arm-none-eabi/4.5.2/../../../../arm-none-eabi/lib/thumb2/libm.a(lib_a-s_sin.o)
                0x08008cc0                sin
 .text          0x08008d58       0xa8 /home/laurence/CodeSourcery/Sourcery_G++_Lite/bin/../lib/gcc/arm-none-eabi/4.5.2/../../../../arm-none-eabi/lib/thumb2/libm.a(lib_a-w_asin.o)
                0x08008d58                asin
 .text          0x08008e00       0xac /home/laurence/CodeSourcery/Sourcery_G++_Lite/bin/../lib/gcc/arm-none-eabi/4.5.2/../../../../arm-none-eabi/lib/thumb2/libm.a(lib_a-w_sqrt.o)
                0x08008e00                sqrt
 *fill*         0x08008eac        0x4 00
 .text          0x08008eb0      0x460 /home/laurence/CodeSourcery/Sourcery_G++_Lite/bin/../lib/gcc/arm-none-eabi/4.5.2/../../../../arm-none-eabi/lib/thumb2/libm.a(lib_a-e_asin.o)
                0x08008eb0                __ieee754_asin
 .text          0x08009310      0x450 /home/laurence/CodeSourcery/Sourcery_G++_Lite/bin/../lib/gcc/arm-none-eabi/4.5.2/../../../../arm-none-eabi/lib/thumb2/libm.a(lib_a-e_rem_pio2.o)
                0x08009310                __ieee754_rem_pio2
 .text          0x08009760      0x1c0 /home/laurence/CodeSourcery/Sourcery_G++_Lite/bin/../lib/gcc/arm-none-eabi/4.5.2/../../../../arm-none-eabi/lib/thumb2/libm.a(lib_a-e_sqrt.o)
                0x08009760                __ieee754_sqrt
 .text          0x08009920      0x250 /home/laurence/CodeSourcery/Sourcery_G++_Lite/bin/../lib/gcc/arm-none-eabi/4.5.2/../../../../arm-none-eabi/lib/thumb2/libm.a(lib_a-k_cos.o)
                0x08009920                __kernel_cos
 .text          0x08009b70      0x7a8 /home/laurence/CodeSourcery/Sourcery_G++_Lite/bin/../lib/gcc/arm-none-eabi/4.5.2/../../../../arm-none-eabi/lib/thumb2/libm.a(lib_a-k_rem_pio2.o)
                0x08009b70                __kernel_rem_pio2
 .text          0x0800a318      0x168 /home/laurence/CodeSourcery/Sourcery_G++_Lite/bin/../lib/gcc/arm-none-eabi/4.5.2/../../../../arm-none-eabi/lib/thumb2/libm.a(lib_a-k_sin.o)
                0x0800a318                __kernel_sin
 .text          0x0800a480        0x8 /home/laurence/CodeSourcery/Sourcery_G++_Lite/bin/../lib/gcc/arm-none-eabi/4.5.2/../../../../arm-none-eabi/lib/thumb2/libm.a(lib_a-s_fabs.o)
                0x0800a480                fabs
 .text          0x0800a488      0x128 /home/laurence/CodeSourcery/Sourcery_G++_Lite/bin/../lib/gcc/arm-none-eabi/4.5.2/../../../../arm-none-eabi/lib/thumb2/libm.a(lib_a-s_floor.o)
                0x0800a488                floor
 .text          0x0800a5b0       0x90 /home/laurence/CodeSourcery/Sourcery_G++_Lite/bin/../lib/gcc/arm-none-eabi/4.5.2/../../../../arm-none-eabi/lib/thumb2/libm.a(lib_a-s_fpclassify.o)
                0x0800a5b0                __fpclassifyd
 .text          0x0800a640        0x4 /home/laurence/CodeSourcery/Sourcery_G++_Lite/bin/../lib/gcc/arm-none-eabi/4.5.2/../../../../arm-none-eabi/lib/thumb2/libm.a(lib_a-s_matherr.o)
                0x0800a640                matherr
 .text          0x0800a644        0xc /home/laurence/CodeSourcery/Sourcery_G++_Lite/bin/../lib/gcc/arm-none-eabi/4.5.2/../../../../arm-none-eabi/lib/thumb2/libm.a(lib_a-s_nan.o)
                0x0800a644                nan
 .text          0x0800a650      0x108 /home/laurence/CodeSourcery/Sourcery_G++_Lite/bin/../lib/gcc/arm-none-eabi/4.5.2/../../../../arm-none-eabi/lib/thumb2/libm.a(lib_a-s_scalbn.o)
                0x0800a650                scalbn
 .text          0x0800a758       0x14 /home/laurence/CodeSourcery/Sourcery_G++_Lite/bin/../lib/gcc/arm-none-eabi/4.5.2/../../../../arm-none-eabi/lib/thumb2/libm.a(lib_a-s_copysign.o)
                0x0800a758                copysign
 *fill*         0x0800a76c        0x4 00
 .text          0x0800a770      0x2b0 /home/laurence/CodeSourcery/Sourcery_G++_Lite/bin/../lib/gcc/arm-none-eabi/4.5.2/thumb2/libgcc.a(_divsi3.o)
                0x0800a770                __aeabi_idiv
                0x0800a770                __divsi3
                0x0800aa04                __aeabi_idivmod
 .text          0x0800aa20        0x4 /home/laurence/CodeSourcery/Sourcery_G++_Lite/bin/../lib/gcc/arm-none-eabi/4.5.2/thumb2/libgcc.a(_dvmd_tls.o)
                0x0800aa20                __aeabi_ldiv0
                0x0800aa20                __aeabi_idiv0
 .text          0x0800aa24      0x370 /home/laurence/CodeSourcery/Sourcery_G++_Lite/bin/../lib/gcc/arm-none-eabi/4.5.2/thumb2/libgcc.a(_arm_addsubdf3.o)
                0x0800aa24                __aeabi_drsub
                0x0800aa2c                __aeabi_dsub
                0x0800aa2c                __subdf3
                0x0800aa30                __adddf3
                0x0800aa30                __aeabi_dadd
                0x0800aca8                __aeabi_ui2d
                0x0800aca8                __floatunsidf
                0x0800acc8                __floatsidf
                0x0800acc8                __aeabi_i2d
                0x0800acec                __extendsfdf2
                0x0800acec                __aeabi_f2d
                0x0800ad28                __aeabi_ul2d
                0x0800ad28                __floatundidf
                0x0800ad38                __floatdidf
                0x0800ad38                __aeabi_l2d
 .text          0x0800ad94      0x424 /home/laurence/CodeSourcery/Sourcery_G++_Lite/bin/../lib/gcc/arm-none-eabi/4.5.2/thumb2/libgcc.a(_arm_muldivdf3.o)
                0x0800ad94                __aeabi_dmul
                0x0800ad94                __muldf3
                0x0800afe8                __aeabi_ddiv
                0x0800afe8                __divdf3
 .text          0x0800b1b8      0x110 /home/laurence/CodeSourcery/Sourcery_G++_Lite/bin/../lib/gcc/arm-none-eabi/4.5.2/thumb2/libgcc.a(_arm_cmpdf2.o)
                0x0800b1b8                __gtdf2
                0x0800b1b8                __gedf2
                0x0800b1c0                __ltdf2
                0x0800b1c0                __ledf2
                0x0800b1c8                __cmpdf2
                0x0800b1c8                __eqdf2
                0x0800b1c8                __nedf2
                0x0800b244                __aeabi_cdrcmple
                0x0800b254                __aeabi_cdcmple
                0x0800b254                __aeabi_cdcmpeq
                0x0800b264                __aeabi_dcmpeq
                0x0800b278                __aeabi_dcmplt
                0x0800b28c                __aeabi_dcmple
                0x0800b2a0                __aeabi_dcmpge
                0x0800b2b4                __aeabi_dcmpgt
 .text          0x0800b2c8       0x50 /home/laurence/CodeSourcery/Sourcery_G++_Lite/bin/../lib/gcc/arm-none-eabi/4.5.2/thumb2/libgcc.a(_arm_fixdfsi.o)
                0x0800b2c8                __fixdfsi
                0x0800b2c8                __aeabi_d2iz
 .text          0x0800b318       0x40 /home/laurence/CodeSourcery/Sourcery_G++_Lite/bin/../lib/gcc/arm-none-eabi/4.5.2/thumb2/libgcc.a(_arm_fixunsdfsi.o)
                0x0800b318                __fixunsdfsi
                0x0800b318                __aeabi_d2uiz
 .text          0x0800b358       0xa0 /home/laurence/CodeSourcery/Sourcery_G++_Lite/bin/../lib/gcc/arm-none-eabi/4.5.2/thumb2/libgcc.a(_arm_truncdfsf2.o)
                0x0800b358                __aeabi_d2f
                0x0800b358                __truncdfsf2
 .text          0x0800b3f8      0x21c /home/laurence/CodeSourcery/Sourcery_G++_Lite/bin/../lib/gcc/arm-none-eabi/4.5.2/thumb2/libgcc.a(_arm_addsubsf3.o)
                0x0800b3f8                __aeabi_frsub
                0x0800b400                __subsf3
                0x0800b400                __aeabi_fsub
                0x0800b404                __aeabi_fadd
                0x0800b404                __addsf3
                0x0800b564                __aeabi_ui2f
                0x0800b564                __floatunsisf
                0x0800b56c                __aeabi_i2f
                0x0800b56c                __floatsisf
                0x0800b588                __floatundisf
                0x0800b588                __aeabi_ul2f
                0x0800b598                __floatdisf
                0x0800b598                __aeabi_l2f
 .text          0x0800b614      0x2a0 /home/laurence/CodeSourcery/Sourcery_G++_Lite/bin/../lib/gcc/arm-none-eabi/4.5.2/thumb2/libgcc.a(_arm_muldivsf3.o)
                0x0800b614                __mulsf3
                0x0800b614                __aeabi_fmul
                0x0800b77c                __divsf3
                0x0800b77c                __aeabi_fdiv
 .text          0x0800b8b4       0xec /home/laurence/CodeSourcery/Sourcery_G++_Lite/bin/../lib/gcc/arm-none-eabi/4.5.2/thumb2/libgcc.a(_arm_cmpsf2.o)
                0x0800b8b4                __gtsf2
                0x0800b8b4                __gesf2
                0x0800b8bc                __lesf2
                0x0800b8bc                __ltsf2
                0x0800b8c4                __nesf2
                0x0800b8c4                __eqsf2
                0x0800b8c4                __cmpsf2
                0x0800b924                __aeabi_cfrcmple
                0x0800b92c                __aeabi_cfcmple
                0x0800b92c                __aeabi_cfcmpeq
                0x0800b93c                __aeabi_fcmpeq
                0x0800b950                __aeabi_fcmplt
                0x0800b964                __aeabi_fcmple
                0x0800b978                __aeabi_fcmpge
                0x0800b98c                __aeabi_fcmpgt
 .text          0x0800b9a0       0x40 /home/laurence/CodeSourcery/Sourcery_G++_Lite/bin/../lib/gcc/arm-none-eabi/4.5.2/thumb2/libgcc.a(_arm_fixunssfsi.o)
                0x0800b9a0                __aeabi_f2uiz
                0x0800b9a0                __fixunssfsi
 .text          0x0800b9e0        0x8 /home/laurence/CodeSourcery/Sourcery_G++_Lite/bin/../lib/gcc/arm-none-eabi/4.5.2/../../../../arm-none-eabi/lib/thumb2/libc.a(lib_a-abs.o)
                0x0800b9e0                abs
 .text          0x0800b9e8        0xc /home/laurence/CodeSourcery/Sourcery_G++_Lite/bin/../lib/gcc/arm-none-eabi/4.5.2/../../../../arm-none-eabi/lib/thumb2/libc.a(lib_a-errno.o)
                0x0800b9e8                __errno
 .text          0x0800b9f4       0x20 /home/laurence/CodeSourcery/Sourcery_G++_Lite/bin/../lib/gcc/arm-none-eabi/4.5.2/../../../../arm-none-eabi/lib/thumb2/libc.a(lib_a-malloc.o)
                0x0800b9f4                malloc
                0x0800ba04                free
 .text          0x0800ba14      0x57c /home/laurence/CodeSourcery/Sourcery_G++_Lite/bin/../lib/gcc/arm-none-eabi/4.5.2/../../../../arm-none-eabi/lib/thumb2/libc.a(lib_a-mallocr.o)
                0x0800ba14                _malloc_r
 .text          0x0800bf90       0xb4 /home/laurence/CodeSourcery/Sourcery_G++_Lite/bin/../lib/gcc/arm-none-eabi/4.5.2/../../../../arm-none-eabi/lib/thumb2/libc.a(lib_a-memset.o)
                0x0800bf90                memset
 .text          0x0800c044        0x8 /home/laurence/CodeSourcery/Sourcery_G++_Lite/bin/../lib/gcc/arm-none-eabi/4.5.2/../../../../arm-none-eabi/lib/thumb2/libc.a(lib_a-mlock.o)
                0x0800c044                __malloc_lock
                0x0800c048                __malloc_unlock
 .text          0x0800c04c       0x28 /home/laurence/CodeSourcery/Sourcery_G++_Lite/bin/../lib/gcc/arm-none-eabi/4.5.2/../../../../arm-none-eabi/lib/thumb2/libc.a(lib_a-sbrkr.o)
                0x0800c04c                _sbrk_r
 .text          0x0800c074       0x60 /home/laurence/CodeSourcery/Sourcery_G++_Lite/bin/../lib/gcc/arm-none-eabi/4.5.2/../../../../arm-none-eabi/lib/thumb2/libc.a(lib_a-strlen.o)
                0x0800c074                strlen
 .text          0x0800c0d4      0x240 /home/laurence/CodeSourcery/Sourcery_G++_Lite/bin/../lib/gcc/arm-none-eabi/4.5.2/../../../../arm-none-eabi/lib/thumb2/libc.a(lib_a-freer.o)
                0x0800c0d4                _malloc_trim_r
                0x0800c17c                _free_r
 .text          0x0800c314       0x30 /home/laurence/CodeSourcery/Sourcery_G++_Lite/bin/../lib/gcc/arm-none-eabi/4.5.2/../../../../arm-none-eabi/lib/thumb2/libcs3.a(start_c.o)
                0x0800c314                __cs3_premain
 .text.cs3.init
                0x0800c344       0x50 /home/laurence/CodeSourcery/Sourcery_G++_Lite/bin/../lib/gcc/arm-none-eabi/4.5.2/../../../../arm-none-eabi/lib/thumb2/libcs3.a(start_c.o)
                0x0800c344                __cs3_start_c
 .text          0x0800c394       0x40 /home/laurence/CodeSourcery/Sourcery_G++_Lite/bin/../lib/gcc/arm-none-eabi/4.5.2/../../../../arm-none-eabi/lib/thumb2/libcs3unhosted.a(unhosted-sbrk.o)
                0x0800c394                _sbrk
 .text.cs3.init
                0x0800c3d4       0x10 /home/laurence/CodeSourcery/Sourcery_G++_Lite/bin/../lib/gcc/arm-none-eabi/4.5.2/../../../../arm-none-eabi/lib/thumb2/libcs3unhosted.a(unhosted-start.o)
                0x0800c3d4                _start
 .text          0x0800c3e4        0x2 lib/libcs3-lanchon-stm32.a(lanchon_stm32_isr_interrupt.o)
                0x0800c3e4                MemManageException
                0x0800c3e4                BusFaultException
                0x0800c3e4                DMAChannel7_IRQHandler
                0x0800c3e4                DebugMonitor
                0x0800c3e4                SVCHandler
                0x0800c3e4                HardFaultException
                0x0800c3e4                __STM32ReservedException8
                0x0800c3e4                __STM32DefaultExceptionHandler
                0x0800c3e4                CAN_SCE_IRQHandler
                0x0800c3e4                __STM32ReservedException10
                0x0800c3e4                __STM32ReservedException13
                0x0800c3e4                NMIException
                0x0800c3e4                DMAChannel4_IRQHandler
                0x0800c3e4                PendSVC
                0x0800c3e4                CAN_RX1_IRQHandler
                0x0800c3e4                ADC_IRQHandler
                0x0800c3e4                DMAChannel5_IRQHandler
                0x0800c3e4                DMAChannel2_IRQHandler
                0x0800c3e4                __STM32ReservedException7
                0x0800c3e4                UsageFaultException
                0x0800c3e4                DMAChannel6_IRQHandler
                0x0800c3e4                DMAChannel3_IRQHandler
                0x0800c3e4                __STM32ReservedException9
 *fill*         0x0800c3e6        0x2 00
 .text          0x0800c3e8       0x50 /home/laurence/CodeSourcery/Sourcery_G++_Lite/bin/../lib/gcc/arm-none-eabi/4.5.2/../../../../arm-none-eabi/lib/thumb2/libc.a(lib_a-init.o)
                0x0800c3e8                __libc_init_array
 *(.plt)
 *(.gnu.warning)
 *(.glue_7t)
 .glue_7t       0x00000000        0x0 linker stubs
 *(.glue_7)
 .glue_7        0x00000000        0x0 linker stubs
 *(.vfp11_veneer)
 .vfp11_veneer  0x00000000        0x0 linker stubs
 *(.rodata .rodata.* .gnu.linkonce.r.*)
 .rodata        0x0800c438       0xa6 Util/USB/usb_desc.o
                0x0800c438                MASS_DeviceDescriptor
                0x0800c44a                MASS_ConfigDescriptor
                0x0800c46a                MASS_StringLangID
                0x0800c46e                MASS_StringVendor
                0x0800c4a0                MASS_StringProduct
                0x0800c4ce                MASS_StringInterface
 .rodata        0x0800c4de     0x7738 Util/fat_fs/option/cc932.o
 .rodata        0x08013c16        0xd Util/fat_fs/src/ff.o
 .rodata.str1.1
                0x08013c23       0x10 Util/fat_fs/src/ff.o
 .rodata        0x08013c33        0xc Util/fat_fs/src/rtc.o
 .rodata        0x08013c3f       0x11 Util/rprintf.o
 .rodata.str1.1
                0x08013c50        0x6 Util/rprintf.o
 .rodata.str1.1
                0x08013c56       0xbd main.o
 *fill*         0x08013d13        0x1 00
 .rodata.str1.4
                0x08013d14        0x5 /home/laurence/CodeSourcery/Sourcery_G++_Lite/bin/../lib/gcc/arm-none-eabi/4.5.2/../../../../arm-none-eabi/lib/thumb2/libm.a(lib_a-w_asin.o)
                                  0xc (size before relaxing)
 *fill*         0x08013d19        0x3 00
 .rodata.str1.4
                0x08013d1c        0x5 /home/laurence/CodeSourcery/Sourcery_G++_Lite/bin/../lib/gcc/arm-none-eabi/4.5.2/../../../../arm-none-eabi/lib/thumb2/libm.a(lib_a-w_sqrt.o)
                                  0x8 (size before relaxing)
 *fill*         0x08013d21        0x3 00
 .rodata        0x08013d24      0x188 /home/laurence/CodeSourcery/Sourcery_G++_Lite/bin/../lib/gcc/arm-none-eabi/4.5.2/../../../../arm-none-eabi/lib/thumb2/libm.a(lib_a-e_rem_pio2.o)
 *fill*         0x08013eac        0x4 00
 .rodata        0x08013eb0       0x50 /home/laurence/CodeSourcery/Sourcery_G++_Lite/bin/../lib/gcc/arm-none-eabi/4.5.2/../../../../arm-none-eabi/lib/thumb2/libm.a(lib_a-k_rem_pio2.o)
 .rodata.str1.4
                0x08013f00        0x4 /home/laurence/CodeSourcery/Sourcery_G++_Lite/bin/../lib/gcc/arm-none-eabi/4.5.2/../../../../arm-none-eabi/lib/thumb2/libc.a(lib_a-impure.o)
 *(.ARM.extab* .gnu.linkonce.armextab.*)
 *(.gcc_except_table)
 *(.eh_frame_hdr)
 *(.eh_frame)
                0x08013f04                . = ALIGN (0x4)
 *(.init)
 .init          0x08013f04        0x4 /home/laurence/CodeSourcery/Sourcery_G++_Lite/bin/../lib/gcc/arm-none-eabi/4.5.2/thumb2/crti.o
                0x08013f04                _init
 .init          0x08013f08        0x8 /home/laurence/CodeSourcery/Sourcery_G++_Lite/bin/../lib/gcc/arm-none-eabi/4.5.2/thumb2/crtn.o
                0x08013f10                . = ALIGN (0x4)
                0x08013f10                __preinit_array_start = .
 *(.preinit_array)
                0x08013f10                __preinit_array_end = .
                0x08013f10                . = ALIGN (0x4)
                0x08013f10                __init_array_start = .
 *(SORT(.init_array.*))
 *(.init_array)
 .init_array    0x08013f10        0x4 /home/laurence/CodeSourcery/Sourcery_G++_Lite/bin/../lib/gcc/arm-none-eabi/4.5.2/thumb2/crtbegin.o
                0x08013f14                __init_array_end = .
                0x08013f14                . = ALIGN (0x4)
 *crtbegin.o(.ctors)
 *(EXCLUDE_FILE(*crtend.o) .ctors)
 *(SORT(.ctors.*))
 *crtend.o(.ctors)
                0x08013f14                . = ALIGN (0x4)
 *(.fini)
 .fini          0x08013f14        0x4 /home/laurence/CodeSourcery/Sourcery_G++_Lite/bin/../lib/gcc/arm-none-eabi/4.5.2/thumb2/crti.o
                0x08013f14                _fini
 .fini          0x08013f18        0x8 /home/laurence/CodeSourcery/Sourcery_G++_Lite/bin/../lib/gcc/arm-none-eabi/4.5.2/thumb2/crtn.o
                0x08013f20                . = ALIGN (0x4)
                0x08013f20                __fini_array_start = .
 *(.fini_array)
 .fini_array    0x08013f20        0x4 /home/laurence/CodeSourcery/Sourcery_G++_Lite/bin/../lib/gcc/arm-none-eabi/4.5.2/thumb2/crtbegin.o
 *(SORT(.fini_array.*))
                0x08013f24                __fini_array_end = .
 *crtbegin.o(.dtors)
 *(EXCLUDE_FILE(*crtend.o) .dtors)
 *(SORT(.dtors.*))
 *crtend.o(.dtors)
                0x08013f24                . = ALIGN (0x4)
                0x08013f24                __cs3_regions = .
                0x08013f24        0x4 LONG 0x0
                0x08013f28        0x4 LONG 0x8013f38 __cs3_region_init_ram
                0x08013f2c        0x4 LONG 0x20000000 __cs3_region_start_ram
                0x08013f30        0x4 LONG 0x680 __cs3_region_init_size_ram
                0x08013f34        0x4 LONG 0x7c8 __cs3_region_zero_size_ram
                0x08013f38                __exidx_start = .

.v4_bx          0x08013f38        0x0
 .v4_bx         0x00000000        0x0 linker stubs

.ARM.exidx
 *(.ARM.exidx* .gnu.linkonce.armexidx.*)
                0x08013f38                __exidx_end = .

.text.align     0x08013f38        0x0
                0x08013f38                . = ALIGN (0x8)
                0x08013f38                _etext = .
                0x08020000                __cs3_region_end_rom = (__cs3_region_start_rom + 0x20000)
                0x00020000                __cs3_region_size_rom = 0x20000
                0x00000001                __cs3_region_num = 0x1

.data           0x20000000      0x680 load address 0x08013f38
                0x20000000                __cs3_region_start_ram = .
 *(.cs3.region-head.ram)
 *(.jcr)
 .jcr           0x20000000        0x0 /home/laurence/CodeSourcery/Sourcery_G++_Lite/bin/../lib/gcc/arm-none-eabi/4.5.2/thumb2/crtbegin.o
 .jcr           0x20000000        0x4 /home/laurence/CodeSourcery/Sourcery_G++_Lite/bin/../lib/gcc/arm-none-eabi/4.5.2/thumb2/crtend.o
 *(.got.plt)
 *(.got)
 *(.shdata)
 *(.data .data.* .gnu.linkonce.d.*)
 .data          0x20000004       0x72 Util/USB/scsi_data.o
                0x20000004                Standard_Inquiry_Data
                0x20000028                Standard_Inquiry_Data2
                0x2000004c                Mode_Sense6_data
                0x20000050                Mode_Sense10_data
                0x20000058                Scsi_Sense_Data
                0x2000006a                ReadFormatCapacity_Data
 .data          0x20000076       0x1a Util/USB/usb_desc.o
                0x20000076                MASS_StringSerial
 .data          0x20000090       0x38 Util/USB/usb_istr.o
                0x20000090                pEpInt_IN
                0x200000ac                pEpInt_OUT
 .data          0x200000c8       0x90 Util/USB/usb_prop.o
                0x200000c8                String_Descriptor
                0x200000f0                Config_Descriptor
                0x200000f8                Device_Descriptor
                0x20000100                Device_Property
                0x20000130                Device_Table
                0x20000134                User_Standard_Requests
 .data          0x20000158        0x1 Util/USB/usb_pwr.o
                0x20000158                fSuspendEnabled
 .data          0x20000159        0x1 Util/fat_fs/src/sd_spi_stm32.o
 .data          0x2000015a       0x14 lib/STM32F10x_StdPeriph_Driver/libstm32fw.a(stm32f10x_rcc.o)
 .data          0x2000016e        0x1 /home/laurence/CodeSourcery/Sourcery_G++_Lite/bin/../lib/gcc/arm-none-eabi/4.5.2/../../../../arm-none-eabi/lib/thumb2/libm.a(lib_a-s_lib_ver.o)
                0x2000016e                __fdlib_version
 *fill*         0x2000016f        0x1 00
 .data          0x20000170       0xf4 /home/laurence/CodeSourcery/Sourcery_G++_Lite/bin/../lib/gcc/arm-none-eabi/4.5.2/../../../../arm-none-eabi/lib/thumb2/libc.a(lib_a-impure.o)
                0x20000170                _impure_ptr
 .data          0x20000264      0x410 /home/laurence/CodeSourcery/Sourcery_G++_Lite/bin/../lib/gcc/arm-none-eabi/4.5.2/../../../../arm-none-eabi/lib/thumb2/libc.a(lib_a-mallocr.o)
                0x20000264                __malloc_av_
                0x2000066c                __malloc_sbrk_base
                0x20000670                __malloc_trim_threshold
 .data          0x20000674        0x4 /home/laurence/CodeSourcery/Sourcery_G++_Lite/bin/../lib/gcc/arm-none-eabi/4.5.2/../../../../arm-none-eabi/lib/thumb2/libcs3unhosted.a(unhosted-sbrk.o)
 .data          0x20000678        0x4 /home/laurence/CodeSourcery/Sourcery_G++_Lite/bin/../lib/gcc/arm-none-eabi/4.5.2/../../../../arm-none-eabi/lib/thumb2/libcs3.a(heap.o)
                0x20000678                __cs3_heap_limit
 *(.ram)
                0x20000680                . = ALIGN (0x8)
 *fill*         0x2000067c        0x4 00
                0x20000680                _edata = .

.bss            0x20000680      0x7c8 load address 0x080145b8
 *(.shbss)
 *(.bss .bss.* .gnu.linkonce.b.*)
 .bss           0x20000680        0x1 /home/laurence/CodeSourcery/Sourcery_G++_Lite/bin/../lib/gcc/arm-none-eabi/4.5.2/thumb2/crtbegin.o
 *fill*         0x20000681        0x3 00
 .bss           0x20000684       0x18 Sensors/ppg.o
 .bss           0x2000069c        0x4 Sensors/pressure.o
 .bss           0x200006a0       0x20 Util/USB/mass_mal.o
                0x200006a0                Status
                0x200006a4                Data_Buffer
                0x200006a8                Mass_Block_Count
                0x200006b0                Mass_Block_Size
                0x200006b8                Mass_Memory_Size
 .bss           0x200006c0       0x24 Util/USB/memory.o
                0x200006c0                TransferState
                0x200006cc                Block_Read_count
                0x200006d0                Block_offset
                0x200006d4                Counter
                0x200006e0                Idx
 .bss           0x200006e4        0xd Util/USB/scsi_data.o
                0x200006e4                Page00_Inquiry_Data
                0x200006e9                ReadCapacity10_Data
 *fill*         0x200006f1        0x3 00
 .bss           0x200006f4       0x80 Util/USB/usb_bot.o
                0x200006f4                Bot_State
                0x200006f8                CSW
                0x20000708                CBW
                0x20000728                SCSI_LBA
                0x2000072c                SCSI_BlkLen
                0x20000730                Data_Len
                0x20000732                Bulk_Data_Buff
 .bss           0x20000774        0x4 Util/USB/usb_istr.o
                0x20000774                wIstr
                0x20000776                bIntPackSOF
 .bss           0x20000778        0x4 Util/USB/usb_prop.o
                0x20000778                Max_Lun
 .bss           0x2000077c        0x8 Util/USB/usb_pwr.o
                0x2000077c                ResumeS
                0x20000780                bDeviceState
 .bss           0x20000784        0x8 Util/fat_fs/src/ff.o
 .bss           0x2000078c       0x10 Util/fat_fs/src/sd_spi_stm32.o
 .bss           0x2000079c       0x84 Util/rprintf.o
 .bss           0x20000820        0x4 adc.o
                0x20000820                ADC1_Convertion_buff
 .bss           0x20000824        0x1 gpio.o
                0x20000824                bootsource
 *fill*         0x20000825        0x3 00
 .bss           0x20000828        0x8 interrupts.o
                0x20000828                Millis
 .bss           0x20000830      0x5a0 main.o
                0x20000830                print_string
                0x20000930                FATFS_logfile
                0x20000b54                a
                0x20000b58                Buff
                0x20000da0                f_err_code
                0x20000da4                FATFS_info
                0x20000dc4                file_opened
                0x20000dc5                Pressure_control
                0x20000dc8                pressure_setpoint
                0x20000dcc                reported_pressure
 .bss           0x20000dd0        0x1 lib/STM32_USB-FS-Device_Driver/libstm32usb.a(usb_core.o)
                0x20000dd0                Data_Mul_MaxPacketSize
 *fill*         0x20000dd1        0x3 00
 .bss           0x20000dd4       0x34 /home/laurence/CodeSourcery/Sourcery_G++_Lite/bin/../lib/gcc/arm-none-eabi/4.5.2/../../../../arm-none-eabi/lib/thumb2/libc.a(lib_a-mallocr.o)
                0x20000dd4                __malloc_top_pad
                0x20000dd8                __malloc_current_mallinfo
                0x20000e00                __malloc_max_sbrked_mem
                0x20000e04                __malloc_max_total_mem
 *(COMMON)
 COMMON         0x20000e08        0x2 lib/STM32_USB-FS-Device_Driver/libstm32usb.a(usb_core.o)
                0x20000e08                StatusInfo
 *fill*         0x20000e0a        0x2 00
 COMMON         0x20000e0c       0x32 lib/STM32_USB-FS-Device_Driver/libstm32usb.a(usb_init.o)
                0x20000e0c                SaveState
                0x20000e10                pProperty
                0x20000e14                EPindex
                0x20000e18                Device_Info
                0x20000e34                pUser_Standard_Requests
                0x20000e38                pInformation
                0x20000e3c                wInterrupt_Mask
 COMMON         0x20000e3e        0x4 lib/STM32_USB-FS-Device_Driver/libstm32usb.a(usb_int.o)
                0x20000e3e                SaveRState
                0x20000e40                SaveTState
 *fill*         0x20000e42        0x2 00
 COMMON         0x20000e44        0x4 /home/laurence/CodeSourcery/Sourcery_G++_Lite/bin/../lib/gcc/arm-none-eabi/4.5.2/../../../../arm-none-eabi/lib/thumb2/libc.a(lib_a-reent.o)
                0x20000e44                errno
 *(.ram.b)
                0x20000e48                . = ALIGN (0x8)
                0x20000e48                _end = .
                0x20000e48                __end = .
                0x20005000                __cs3_region_end_ram = (__cs3_region_start_ram + 0x5000)
                0x00005000                __cs3_region_size_ram = 0x5000
                0x08013f38                __cs3_region_init_ram = LOADADDR (.data)
                0x00000680                __cs3_region_init_size_ram = (_edata - ADDR (.data))
                0x000007c8                __cs3_region_zero_size_ram = (_end - _edata)
                0x00000001                __cs3_region_num = 0x1

.stab
 *(.stab)

.stabstr
 *(.stabstr)

.debug
 *(.debug)

.line
 *(.line)

.debug_srcinfo
 *(.debug_srcinfo)

.debug_sfnames
 *(.debug_sfnames)

.debug_aranges
 *(.debug_aranges)

.debug_pubnames
 *(.debug_pubnames)

.debug_info
 *(.debug_info .gnu.linkonce.wi.*)

.debug_abbrev
 *(.debug_abbrev)

.debug_line
 *(.debug_line)

.comment        0x00000000       0x2a
 .comment       0x00000000       0x2a Sensors/ppg.o
                                 0x2b (size before relaxing)
 .comment       0x00000000       0x2b Sensors/pressure.o
 .comment       0x00000000       0x2b Util/USB/hw_config.o
 .comment       0x00000000       0x2b Util/USB/mass_mal.o
 .comment       0x00000000       0x2b Util/USB/memory.o
 .comment       0x00000000       0x2b Util/USB/scsi_data.o
 .comment       0x00000000       0x2b Util/USB/usb_bot.o
 .comment       0x00000000       0x2b Util/USB/usb_desc.o
 .comment       0x00000000       0x2b Util/USB/usb_endp.o
 .comment       0x00000000       0x2b Util/USB/usb_istr.o
 .comment       0x00000000       0x2b Util/USB/usb_prop.o
 .comment       0x00000000       0x2b Util/USB/usb_pwr.o
 .comment       0x00000000       0x2b Util/USB/usb_scsi.o
 .comment       0x00000000       0x2b Util/buffer.o
 .comment       0x00000000       0x2b Util/fat_fs/option/cc932.o
 .comment       0x00000000       0x2b Util/fat_fs/option/syscall.o
 .comment       0x00000000       0x2b Util/fat_fs/src/fattime.o
 .comment       0x00000000       0x2b Util/fat_fs/src/ff.o
 .comment       0x00000000       0x2b Util/fat_fs/src/rtc.o
 .comment       0x00000000       0x2b Util/fat_fs/src/sd_spi_stm32.o
 .comment       0x00000000       0x2b Util/rprintf.o
 .comment       0x00000000       0x2b Util/stm32_eval_spi_sd.o
 .comment       0x00000000       0x2b adc.o
 .comment       0x00000000       0x2b gpio.o
 .comment       0x00000000       0x2b interrupts.o
 .comment       0x00000000       0x2b lib/CMSIS_CM3/core_cm3.o
 .comment       0x00000000       0x2b lib/CMSIS_CM3/system_stm32f10x.o
 .comment       0x00000000       0x2b main.o
 .comment       0x00000000       0x2b pwr.o
 .comment       0x00000000       0x2b timer.o
 .comment       0x00000000       0x2b usart.o
 .comment       0x00000000       0x2b lib/STM32F10x_StdPeriph_Driver/libstm32fw.a(misc.o)
 .comment       0x00000000       0x2b lib/STM32F10x_StdPeriph_Driver/libstm32fw.a(stm32f10x_adc.o)
 .comment       0x00000000       0x2b lib/STM32F10x_StdPeriph_Driver/libstm32fw.a(stm32f10x_bkp.o)
 .comment       0x00000000       0x2b lib/STM32F10x_StdPeriph_Driver/libstm32fw.a(stm32f10x_dma.o)
 .comment       0x00000000       0x2b lib/STM32F10x_StdPeriph_Driver/libstm32fw.a(stm32f10x_exti.o)
 .comment       0x00000000       0x2b lib/STM32F10x_StdPeriph_Driver/libstm32fw.a(stm32f10x_gpio.o)
 .comment       0x00000000       0x2b lib/STM32F10x_StdPeriph_Driver/libstm32fw.a(stm32f10x_pwr.o)
 .comment       0x00000000       0x2b lib/STM32F10x_StdPeriph_Driver/libstm32fw.a(stm32f10x_rcc.o)
 .comment       0x00000000       0x2b lib/STM32F10x_StdPeriph_Driver/libstm32fw.a(stm32f10x_rtc.o)
 .comment       0x00000000       0x2b lib/STM32F10x_StdPeriph_Driver/libstm32fw.a(stm32f10x_spi.o)
 .comment       0x00000000       0x2b lib/STM32F10x_StdPeriph_Driver/libstm32fw.a(stm32f10x_tim.o)
 .comment       0x00000000       0x2b lib/STM32F10x_StdPeriph_Driver/libstm32fw.a(stm32f10x_usart.o)
 .comment       0x00000000       0x2b lib/STM32_USB-FS-Device_Driver/libstm32usb.a(usb_core.o)
 .comment       0x00000000       0x2b lib/STM32_USB-FS-Device_Driver/libstm32usb.a(usb_init.o)
 .comment       0x00000000       0x2b lib/STM32_USB-FS-Device_Driver/libstm32usb.a(usb_int.o)
 .comment       0x00000000       0x2b lib/STM32_USB-FS-Device_Driver/libstm32usb.a(usb_mem.o)
 .comment       0x00000000       0x2b lib/STM32_USB-FS-Device_Driver/libstm32usb.a(usb_regs.o)
 .comment       0x00000000       0x2b lib/STM32_USB-FS-Device_Driver/libstm32usb.a(usb_sil.o)

.debug_frame    0x00000000      0x5d0
 *(.debug_frame)
 .debug_frame   0x00000000       0x30 /home/laurence/CodeSourcery/Sourcery_G++_Lite/bin/../lib/gcc/arm-none-eabi/4.5.2/../../../../arm-none-eabi/lib/thumb2/libm.a(lib_a-s_sin.o)
 .debug_frame   0x00000030       0x34 /home/laurence/CodeSourcery/Sourcery_G++_Lite/bin/../lib/gcc/arm-none-eabi/4.5.2/../../../../arm-none-eabi/lib/thumb2/libm.a(lib_a-w_asin.o)
 .debug_frame   0x00000064       0x38 /home/laurence/CodeSourcery/Sourcery_G++_Lite/bin/../lib/gcc/arm-none-eabi/4.5.2/../../../../arm-none-eabi/lib/thumb2/libm.a(lib_a-w_sqrt.o)
 .debug_frame   0x0000009c       0x3c /home/laurence/CodeSourcery/Sourcery_G++_Lite/bin/../lib/gcc/arm-none-eabi/4.5.2/../../../../arm-none-eabi/lib/thumb2/libm.a(lib_a-e_asin.o)
 .debug_frame   0x000000d8       0x3c /home/laurence/CodeSourcery/Sourcery_G++_Lite/bin/../lib/gcc/arm-none-eabi/4.5.2/../../../../arm-none-eabi/lib/thumb2/libm.a(lib_a-e_rem_pio2.o)
 .debug_frame   0x00000114       0x34 /home/laurence/CodeSourcery/Sourcery_G++_Lite/bin/../lib/gcc/arm-none-eabi/4.5.2/../../../../arm-none-eabi/lib/thumb2/libm.a(lib_a-e_sqrt.o)
 .debug_frame   0x00000148       0x3c /home/laurence/CodeSourcery/Sourcery_G++_Lite/bin/../lib/gcc/arm-none-eabi/4.5.2/../../../../arm-none-eabi/lib/thumb2/libm.a(lib_a-k_cos.o)
 .debug_frame   0x00000184       0x3c /home/laurence/CodeSourcery/Sourcery_G++_Lite/bin/../lib/gcc/arm-none-eabi/4.5.2/../../../../arm-none-eabi/lib/thumb2/libm.a(lib_a-k_rem_pio2.o)
 .debug_frame   0x000001c0       0x3c /home/laurence/CodeSourcery/Sourcery_G++_Lite/bin/../lib/gcc/arm-none-eabi/4.5.2/../../../../arm-none-eabi/lib/thumb2/libm.a(lib_a-k_sin.o)
 .debug_frame   0x000001fc       0x20 /home/laurence/CodeSourcery/Sourcery_G++_Lite/bin/../lib/gcc/arm-none-eabi/4.5.2/../../../../arm-none-eabi/lib/thumb2/libm.a(lib_a-s_fabs.o)
 .debug_frame   0x0000021c       0x34 /home/laurence/CodeSourcery/Sourcery_G++_Lite/bin/../lib/gcc/arm-none-eabi/4.5.2/../../../../arm-none-eabi/lib/thumb2/libm.a(lib_a-s_floor.o)
 .debug_frame   0x00000250       0x28 /home/laurence/CodeSourcery/Sourcery_G++_Lite/bin/../lib/gcc/arm-none-eabi/4.5.2/../../../../arm-none-eabi/lib/thumb2/libm.a(lib_a-s_fpclassify.o)
 .debug_frame   0x00000278       0x20 /home/laurence/CodeSourcery/Sourcery_G++_Lite/bin/../lib/gcc/arm-none-eabi/4.5.2/../../../../arm-none-eabi/lib/thumb2/libm.a(lib_a-s_matherr.o)
 .debug_frame   0x00000298       0x20 /home/laurence/CodeSourcery/Sourcery_G++_Lite/bin/../lib/gcc/arm-none-eabi/4.5.2/../../../../arm-none-eabi/lib/thumb2/libm.a(lib_a-s_nan.o)
 .debug_frame   0x000002b8       0x30 /home/laurence/CodeSourcery/Sourcery_G++_Lite/bin/../lib/gcc/arm-none-eabi/4.5.2/../../../../arm-none-eabi/lib/thumb2/libm.a(lib_a-s_scalbn.o)
 .debug_frame   0x000002e8       0x28 /home/laurence/CodeSourcery/Sourcery_G++_Lite/bin/../lib/gcc/arm-none-eabi/4.5.2/../../../../arm-none-eabi/lib/thumb2/libm.a(lib_a-s_copysign.o)
 .debug_frame   0x00000310       0x20 /home/laurence/CodeSourcery/Sourcery_G++_Lite/bin/../lib/gcc/arm-none-eabi/4.5.2/thumb2/libgcc.a(_divsi3.o)
 .debug_frame   0x00000330       0x20 /home/laurence/CodeSourcery/Sourcery_G++_Lite/bin/../lib/gcc/arm-none-eabi/4.5.2/../../../../arm-none-eabi/lib/thumb2/libc.a(lib_a-abs.o)
 .debug_frame   0x00000350       0x20 /home/laurence/CodeSourcery/Sourcery_G++_Lite/bin/../lib/gcc/arm-none-eabi/4.5.2/../../../../arm-none-eabi/lib/thumb2/libc.a(lib_a-errno.o)
 .debug_frame   0x00000370       0x30 /home/laurence/CodeSourcery/Sourcery_G++_Lite/bin/../lib/gcc/arm-none-eabi/4.5.2/../../../../arm-none-eabi/lib/thumb2/libc.a(lib_a-malloc.o)
 .debug_frame   0x000003a0       0x3c /home/laurence/CodeSourcery/Sourcery_G++_Lite/bin/../lib/gcc/arm-none-eabi/4.5.2/../../../../arm-none-eabi/lib/thumb2/libc.a(lib_a-mallocr.o)
 .debug_frame   0x000003dc       0x2c /home/laurence/CodeSourcery/Sourcery_G++_Lite/bin/../lib/gcc/arm-none-eabi/4.5.2/../../../../arm-none-eabi/lib/thumb2/libc.a(lib_a-memset.o)
 .debug_frame   0x00000408       0x30 /home/laurence/CodeSourcery/Sourcery_G++_Lite/bin/../lib/gcc/arm-none-eabi/4.5.2/../../../../arm-none-eabi/lib/thumb2/libc.a(lib_a-mlock.o)
 .debug_frame   0x00000438       0x2c /home/laurence/CodeSourcery/Sourcery_G++_Lite/bin/../lib/gcc/arm-none-eabi/4.5.2/../../../../arm-none-eabi/lib/thumb2/libc.a(lib_a-sbrkr.o)
 .debug_frame   0x00000464       0x20 /home/laurence/CodeSourcery/Sourcery_G++_Lite/bin/../lib/gcc/arm-none-eabi/4.5.2/../../../../arm-none-eabi/lib/thumb2/libc.a(lib_a-strlen.o)
 .debug_frame   0x00000484       0x50 /home/laurence/CodeSourcery/Sourcery_G++_Lite/bin/../lib/gcc/arm-none-eabi/4.5.2/../../../../arm-none-eabi/lib/thumb2/libc.a(lib_a-freer.o)
 .debug_frame   0x000004d4       0x68 /home/laurence/CodeSourcery/Sourcery_G++_Lite/bin/../lib/gcc/arm-none-eabi/4.5.2/../../../../arm-none-eabi/lib/thumb2/libc.a(lib_a-reent.o)
 .debug_frame   0x0000053c       0x40 /home/laurence/CodeSourcery/Sourcery_G++_Lite/bin/../lib/gcc/arm-none-eabi/4.5.2/../../../../arm-none-eabi/lib/thumb2/libcs3.a(start_c.o)
 .debug_frame   0x0000057c       0x28 /home/laurence/CodeSourcery/Sourcery_G++_Lite/bin/../lib/gcc/arm-none-eabi/4.5.2/../../../../arm-none-eabi/lib/thumb2/libcs3unhosted.a(unhosted-sbrk.o)
 .debug_frame   0x000005a4       0x2c /home/laurence/CodeSourcery/Sourcery_G++_Lite/bin/../lib/gcc/arm-none-eabi/4.5.2/../../../../arm-none-eabi/lib/thumb2/libc.a(lib_a-init.o)

.debug_str
 *(.debug_str)

.debug_loc
 *(.debug_loc)

.debug_macinfo
 *(.debug_macinfo)

.debug_weaknames
 *(.debug_weaknames)

.debug_funcnames
 *(.debug_funcnames)

.debug_typenames
 *(.debug_typenames)

.debug_varnames
 *(.debug_varnames)

.note.gnu.arm.ident
 *(.note.gnu.arm.ident)

.ARM.attributes
                0x00000000       0x25
 *(.ARM.attributes)
 .ARM.attributes
                0x00000000       0x19 /home/laurence/CodeSourcery/Sourcery_G++_Lite/bin/../lib/gcc/arm-none-eabi/4.5.2/thumb2/crti.o
 .ARM.attributes
                0x00000019       0x29 /home/laurence/CodeSourcery/Sourcery_G++_Lite/bin/../lib/gcc/arm-none-eabi/4.5.2/thumb2/crtbegin.o
 .ARM.attributes
                0x00000042       0x31 Sensors/ppg.o
 .ARM.attributes
                0x00000073       0x31 Sensors/pressure.o
 .ARM.attributes
                0x000000a4       0x31 Util/USB/hw_config.o
 .ARM.attributes
                0x000000d5       0x31 Util/USB/mass_mal.o
 .ARM.attributes
                0x00000106       0x31 Util/USB/memory.o
 .ARM.attributes
                0x00000137       0x31 Util/USB/scsi_data.o
 .ARM.attributes
                0x00000168       0x31 Util/USB/usb_bot.o
 .ARM.attributes
                0x00000199       0x31 Util/USB/usb_desc.o
 .ARM.attributes
                0x000001ca       0x31 Util/USB/usb_endp.o
 .ARM.attributes
                0x000001fb       0x31 Util/USB/usb_istr.o
 .ARM.attributes
                0x0000022c       0x31 Util/USB/usb_prop.o
 .ARM.attributes
                0x0000025d       0x31 Util/USB/usb_pwr.o
 .ARM.attributes
                0x0000028e       0x31 Util/USB/usb_scsi.o
 .ARM.attributes
                0x000002bf       0x31 Util/buffer.o
 .ARM.attributes
                0x000002f0       0x31 Util/fat_fs/option/cc932.o
 .ARM.attributes
                0x00000321       0x31 Util/fat_fs/option/syscall.o
 .ARM.attributes
                0x00000352       0x31 Util/fat_fs/src/fattime.o
 .ARM.attributes
                0x00000383       0x31 Util/fat_fs/src/ff.o
 .ARM.attributes
                0x000003b4       0x31 Util/fat_fs/src/rtc.o
 .ARM.attributes
                0x000003e5       0x31 Util/fat_fs/src/sd_spi_stm32.o
 .ARM.attributes
                0x00000416       0x31 Util/rprintf.o
 .ARM.attributes
                0x00000447       0x31 Util/stm32_eval_spi_sd.o
 .ARM.attributes
                0x00000478       0x31 adc.o
 .ARM.attributes
                0x000004a9       0x31 gpio.o
 .ARM.attributes
                0x000004da       0x31 interrupts.o
 .ARM.attributes
                0x0000050b       0x31 lib/CMSIS_CM3/core_cm3.o
 .ARM.attributes
                0x0000053c       0x21 lib/CMSIS_CM3/startup/gcc/startup_stm32f10x_md.o
 .ARM.attributes
                0x0000055d       0x31 lib/CMSIS_CM3/system_stm32f10x.o
 .ARM.attributes
                0x0000058e       0x31 main.o
 .ARM.attributes
                0x000005bf       0x31 pwr.o
 .ARM.attributes
                0x000005f0       0x31 timer.o
 .ARM.attributes
                0x00000621       0x31 usart.o
 .ARM.attributes
                0x00000652       0x31 lib/STM32F10x_StdPeriph_Driver/libstm32fw.a(misc.o)
 .ARM.attributes
                0x00000683       0x31 lib/STM32F10x_StdPeriph_Driver/libstm32fw.a(stm32f10x_adc.o)
 .ARM.attributes
                0x000006b4       0x31 lib/STM32F10x_StdPeriph_Driver/libstm32fw.a(stm32f10x_bkp.o)
 .ARM.attributes
                0x000006e5       0x31 lib/STM32F10x_StdPeriph_Driver/libstm32fw.a(stm32f10x_dma.o)
 .ARM.attributes
                0x00000716       0x31 lib/STM32F10x_StdPeriph_Driver/libstm32fw.a(stm32f10x_exti.o)
 .ARM.attributes
                0x00000747       0x31 lib/STM32F10x_StdPeriph_Driver/libstm32fw.a(stm32f10x_gpio.o)
 .ARM.attributes
                0x00000778       0x31 lib/STM32F10x_StdPeriph_Driver/libstm32fw.a(stm32f10x_pwr.o)
 .ARM.attributes
                0x000007a9       0x31 lib/STM32F10x_StdPeriph_Driver/libstm32fw.a(stm32f10x_rcc.o)
 .ARM.attributes
                0x000007da       0x31 lib/STM32F10x_StdPeriph_Driver/libstm32fw.a(stm32f10x_rtc.o)
 .ARM.attributes
                0x0000080b       0x31 lib/STM32F10x_StdPeriph_Driver/libstm32fw.a(stm32f10x_spi.o)
 .ARM.attributes
                0x0000083c       0x31 lib/STM32F10x_StdPeriph_Driver/libstm32fw.a(stm32f10x_tim.o)
 .ARM.attributes
                0x0000086d       0x31 lib/STM32F10x_StdPeriph_Driver/libstm32fw.a(stm32f10x_usart.o)
 .ARM.attributes
                0x0000089e       0x31 lib/STM32_USB-FS-Device_Driver/libstm32usb.a(usb_core.o)
 .ARM.attributes
                0x000008cf       0x31 lib/STM32_USB-FS-Device_Driver/libstm32usb.a(usb_init.o)
 .ARM.attributes
                0x00000900       0x31 lib/STM32_USB-FS-Device_Driver/libstm32usb.a(usb_int.o)
 .ARM.attributes
                0x00000931       0x31 lib/STM32_USB-FS-Device_Driver/libstm32usb.a(usb_mem.o)
 .ARM.attributes
                0x00000962       0x31 lib/STM32_USB-FS-Device_Driver/libstm32usb.a(usb_regs.o)
 .ARM.attributes
                0x00000993       0x31 lib/STM32_USB-FS-Device_Driver/libstm32usb.a(usb_sil.o)
 .ARM.attributes
                0x000009c4       0x29 /home/laurence/CodeSourcery/Sourcery_G++_Lite/bin/../lib/gcc/arm-none-eabi/4.5.2/../../../../arm-none-eabi/lib/thumb2/libm.a(lib_a-s_sin.o)
 .ARM.attributes
                0x000009ed       0x29 /home/laurence/CodeSourcery/Sourcery_G++_Lite/bin/../lib/gcc/arm-none-eabi/4.5.2/../../../../arm-none-eabi/lib/thumb2/libm.a(lib_a-w_asin.o)
 .ARM.attributes
                0x00000a16       0x29 /home/laurence/CodeSourcery/Sourcery_G++_Lite/bin/../lib/gcc/arm-none-eabi/4.5.2/../../../../arm-none-eabi/lib/thumb2/libm.a(lib_a-w_sqrt.o)
 .ARM.attributes
                0x00000a3f       0x29 /home/laurence/CodeSourcery/Sourcery_G++_Lite/bin/../lib/gcc/arm-none-eabi/4.5.2/../../../../arm-none-eabi/lib/thumb2/libm.a(lib_a-e_asin.o)
 .ARM.attributes
                0x00000a68       0x29 /home/laurence/CodeSourcery/Sourcery_G++_Lite/bin/../lib/gcc/arm-none-eabi/4.5.2/../../../../arm-none-eabi/lib/thumb2/libm.a(lib_a-e_rem_pio2.o)
 .ARM.attributes
                0x00000a91       0x29 /home/laurence/CodeSourcery/Sourcery_G++_Lite/bin/../lib/gcc/arm-none-eabi/4.5.2/../../../../arm-none-eabi/lib/thumb2/libm.a(lib_a-e_sqrt.o)
 .ARM.attributes
                0x00000aba       0x29 /home/laurence/CodeSourcery/Sourcery_G++_Lite/bin/../lib/gcc/arm-none-eabi/4.5.2/../../../../arm-none-eabi/lib/thumb2/libm.a(lib_a-k_cos.o)
 .ARM.attributes
                0x00000ae3       0x29 /home/laurence/CodeSourcery/Sourcery_G++_Lite/bin/../lib/gcc/arm-none-eabi/4.5.2/../../../../arm-none-eabi/lib/thumb2/libm.a(lib_a-k_rem_pio2.o)
 .ARM.attributes
                0x00000b0c       0x29 /home/laurence/CodeSourcery/Sourcery_G++_Lite/bin/../lib/gcc/arm-none-eabi/4.5.2/../../../../arm-none-eabi/lib/thumb2/libm.a(lib_a-k_sin.o)
 .ARM.attributes
                0x00000b35       0x29 /home/laurence/CodeSourcery/Sourcery_G++_Lite/bin/../lib/gcc/arm-none-eabi/4.5.2/../../../../arm-none-eabi/lib/thumb2/libm.a(lib_a-s_fabs.o)
 .ARM.attributes
                0x00000b5e       0x29 /home/laurence/CodeSourcery/Sourcery_G++_Lite/bin/../lib/gcc/arm-none-eabi/4.5.2/../../../../arm-none-eabi/lib/thumb2/libm.a(lib_a-s_floor.o)
 .ARM.attributes
                0x00000b87       0x29 /home/laurence/CodeSourcery/Sourcery_G++_Lite/bin/../lib/gcc/arm-none-eabi/4.5.2/../../../../arm-none-eabi/lib/thumb2/libm.a(lib_a-s_fpclassify.o)
 .ARM.attributes
                0x00000bb0       0x29 /home/laurence/CodeSourcery/Sourcery_G++_Lite/bin/../lib/gcc/arm-none-eabi/4.5.2/../../../../arm-none-eabi/lib/thumb2/libm.a(lib_a-s_lib_ver.o)
 .ARM.attributes
                0x00000bd9       0x29 /home/laurence/CodeSourcery/Sourcery_G++_Lite/bin/../lib/gcc/arm-none-eabi/4.5.2/../../../../arm-none-eabi/lib/thumb2/libm.a(lib_a-s_matherr.o)
 .ARM.attributes
                0x00000c02       0x29 /home/laurence/CodeSourcery/Sourcery_G++_Lite/bin/../lib/gcc/arm-none-eabi/4.5.2/../../../../arm-none-eabi/lib/thumb2/libm.a(lib_a-s_nan.o)
 .ARM.attributes
                0x00000c2b       0x29 /home/laurence/CodeSourcery/Sourcery_G++_Lite/bin/../lib/gcc/arm-none-eabi/4.5.2/../../../../arm-none-eabi/lib/thumb2/libm.a(lib_a-s_scalbn.o)
 .ARM.attributes
                0x00000c54       0x29 /home/laurence/CodeSourcery/Sourcery_G++_Lite/bin/../lib/gcc/arm-none-eabi/4.5.2/../../../../arm-none-eabi/lib/thumb2/libm.a(lib_a-s_copysign.o)
 .ARM.attributes
                0x00000c7d       0x1b /home/laurence/CodeSourcery/Sourcery_G++_Lite/bin/../lib/gcc/arm-none-eabi/4.5.2/thumb2/libgcc.a(_divsi3.o)
 .ARM.attributes
                0x00000c98       0x1b /home/laurence/CodeSourcery/Sourcery_G++_Lite/bin/../lib/gcc/arm-none-eabi/4.5.2/thumb2/libgcc.a(_dvmd_tls.o)
 .ARM.attributes
                0x00000cb3       0x1b /home/laurence/CodeSourcery/Sourcery_G++_Lite/bin/../lib/gcc/arm-none-eabi/4.5.2/thumb2/libgcc.a(_arm_addsubdf3.o)
 .ARM.attributes
                0x00000cce       0x1b /home/laurence/CodeSourcery/Sourcery_G++_Lite/bin/../lib/gcc/arm-none-eabi/4.5.2/thumb2/libgcc.a(_arm_muldivdf3.o)
 .ARM.attributes
                0x00000ce9       0x1b /home/laurence/CodeSourcery/Sourcery_G++_Lite/bin/../lib/gcc/arm-none-eabi/4.5.2/thumb2/libgcc.a(_arm_cmpdf2.o)
 .ARM.attributes
                0x00000d04       0x1b /home/laurence/CodeSourcery/Sourcery_G++_Lite/bin/../lib/gcc/arm-none-eabi/4.5.2/thumb2/libgcc.a(_arm_fixdfsi.o)
 .ARM.attributes
                0x00000d1f       0x1b /home/laurence/CodeSourcery/Sourcery_G++_Lite/bin/../lib/gcc/arm-none-eabi/4.5.2/thumb2/libgcc.a(_arm_fixunsdfsi.o)
 .ARM.attributes
                0x00000d3a       0x1b /home/laurence/CodeSourcery/Sourcery_G++_Lite/bin/../lib/gcc/arm-none-eabi/4.5.2/thumb2/libgcc.a(_arm_truncdfsf2.o)
 .ARM.attributes
                0x00000d55       0x1b /home/laurence/CodeSourcery/Sourcery_G++_Lite/bin/../lib/gcc/arm-none-eabi/4.5.2/thumb2/libgcc.a(_arm_addsubsf3.o)
 .ARM.attributes
                0x00000d70       0x1b /home/laurence/CodeSourcery/Sourcery_G++_Lite/bin/../lib/gcc/arm-none-eabi/4.5.2/thumb2/libgcc.a(_arm_muldivsf3.o)
 .ARM.attributes
                0x00000d8b       0x1b /home/laurence/CodeSourcery/Sourcery_G++_Lite/bin/../lib/gcc/arm-none-eabi/4.5.2/thumb2/libgcc.a(_arm_cmpsf2.o)
 .ARM.attributes
                0x00000da6       0x1b /home/laurence/CodeSourcery/Sourcery_G++_Lite/bin/../lib/gcc/arm-none-eabi/4.5.2/thumb2/libgcc.a(_arm_fixunssfsi.o)
 .ARM.attributes
                0x00000dc1       0x29 /home/laurence/CodeSourcery/Sourcery_G++_Lite/bin/../lib/gcc/arm-none-eabi/4.5.2/../../../../arm-none-eabi/lib/thumb2/libc.a(lib_a-abs.o)
 .ARM.attributes
                0x00000dea       0x29 /home/laurence/CodeSourcery/Sourcery_G++_Lite/bin/../lib/gcc/arm-none-eabi/4.5.2/../../../../arm-none-eabi/lib/thumb2/libc.a(lib_a-errno.o)
 .ARM.attributes
                0x00000e13       0x29 /home/laurence/CodeSourcery/Sourcery_G++_Lite/bin/../lib/gcc/arm-none-eabi/4.5.2/../../../../arm-none-eabi/lib/thumb2/libc.a(lib_a-impure.o)
 .ARM.attributes
                0x00000e3c       0x29 /home/laurence/CodeSourcery/Sourcery_G++_Lite/bin/../lib/gcc/arm-none-eabi/4.5.2/../../../../arm-none-eabi/lib/thumb2/libc.a(lib_a-malloc.o)
 .ARM.attributes
                0x00000e65       0x29 /home/laurence/CodeSourcery/Sourcery_G++_Lite/bin/../lib/gcc/arm-none-eabi/4.5.2/../../../../arm-none-eabi/lib/thumb2/libc.a(lib_a-mallocr.o)
 .ARM.attributes
                0x00000e8e       0x29 /home/laurence/CodeSourcery/Sourcery_G++_Lite/bin/../lib/gcc/arm-none-eabi/4.5.2/../../../../arm-none-eabi/lib/thumb2/libc.a(lib_a-memset.o)
 .ARM.attributes
                0x00000eb7       0x29 /home/laurence/CodeSourcery/Sourcery_G++_Lite/bin/../lib/gcc/arm-none-eabi/4.5.2/../../../../arm-none-eabi/lib/thumb2/libc.a(lib_a-mlock.o)
 .ARM.attributes
                0x00000ee0       0x29 /home/laurence/CodeSourcery/Sourcery_G++_Lite/bin/../lib/gcc/arm-none-eabi/4.5.2/../../../../arm-none-eabi/lib/thumb2/libc.a(lib_a-sbrkr.o)
 .ARM.attributes
                0x00000f09       0x29 /home/laurence/CodeSourcery/Sourcery_G++_Lite/bin/../lib/gcc/arm-none-eabi/4.5.2/../../../../arm-none-eabi/lib/thumb2/libc.a(lib_a-strlen.o)
 .ARM.attributes
                0x00000f32       0x29 /home/laurence/CodeSourcery/Sourcery_G++_Lite/bin/../lib/gcc/arm-none-eabi/4.5.2/../../../../arm-none-eabi/lib/thumb2/libc.a(lib_a-freer.o)
 .ARM.attributes
                0x00000f5b       0x29 /home/laurence/CodeSourcery/Sourcery_G++_Lite/bin/../lib/gcc/arm-none-eabi/4.5.2/../../../../arm-none-eabi/lib/thumb2/libc.a(lib_a-reent.o)
 .ARM.attributes
                0x00000f84       0x29 /home/laurence/CodeSourcery/Sourcery_G++_Lite/bin/../lib/gcc/arm-none-eabi/4.5.2/thumb2/crtend.o
 .ARM.attributes
                0x00000fad       0x19 /home/laurence/CodeSourcery/Sourcery_G++_Lite/bin/../lib/gcc/arm-none-eabi/4.5.2/thumb2/crtn.o
 .ARM.attributes
                0x00000fc6       0x29 /home/laurence/CodeSourcery/Sourcery_G++_Lite/bin/../lib/gcc/arm-none-eabi/4.5.2/../../../../arm-none-eabi/lib/thumb2/libcs3.a(start_c.o)
 .ARM.attributes
                0x00000fef       0x29 /home/laurence/CodeSourcery/Sourcery_G++_Lite/bin/../lib/gcc/arm-none-eabi/4.5.2/../../../../arm-none-eabi/lib/thumb2/libcs3unhosted.a(unhosted-sbrk.o)
 .ARM.attributes
                0x00001018       0x19 /home/laurence/CodeSourcery/Sourcery_G++_Lite/bin/../lib/gcc/arm-none-eabi/4.5.2/../../../../arm-none-eabi/lib/thumb2/libcs3unhosted.a(unhosted-start.o)
 .ARM.attributes
                0x00001031       0x1f lib/libcs3-lanchon-stm32.a(lanchon-stm32-vector.o)
 .ARM.attributes
                0x00001050       0x21 lib/libcs3-lanchon-stm32.a(lanchon_stm32_isr_interrupt.o)
 .ARM.attributes
                0x00001071       0x29 /home/laurence/CodeSourcery/Sourcery_G++_Lite/bin/../lib/gcc/arm-none-eabi/4.5.2/../../../../arm-none-eabi/lib/thumb2/libc.a(lib_a-init.o)
 .ARM.attributes
                0x0000109a       0x29 /home/laurence/CodeSourcery/Sourcery_G++_Lite/bin/../lib/gcc/arm-none-eabi/4.5.2/../../../../arm-none-eabi/lib/thumb2/libcs3.a(heap.o)

/DISCARD/
 *(.note.GNU-stack)
OUTPUT(main.elf elf32-littlearm)

Cross Reference Table

Symbol                                            File
ADC1_2_IRQHandler                                 lib/CMSIS_CM3/startup/gcc/startup_stm32f10x_md.o
ADC1_Convertion_buff                              adc.o
                                                  interrupts.o
ADC_AnalogWatchdogCmd                             lib/STM32F10x_StdPeriph_Driver/libstm32fw.a(stm32f10x_adc.o)
ADC_AnalogWatchdogSingleChannelConfig             lib/STM32F10x_StdPeriph_Driver/libstm32fw.a(stm32f10x_adc.o)
ADC_AnalogWatchdogThresholdsConfig                lib/STM32F10x_StdPeriph_Driver/libstm32fw.a(stm32f10x_adc.o)
ADC_AutoInjectedConvCmd                           lib/STM32F10x_StdPeriph_Driver/libstm32fw.a(stm32f10x_adc.o)
ADC_ClearFlag                                     lib/STM32F10x_StdPeriph_Driver/libstm32fw.a(stm32f10x_adc.o)
ADC_ClearITPendingBit                             lib/STM32F10x_StdPeriph_Driver/libstm32fw.a(stm32f10x_adc.o)
ADC_Cmd                                           lib/STM32F10x_StdPeriph_Driver/libstm32fw.a(stm32f10x_adc.o)
                                                  adc.o
ADC_Configuration                                 adc.o