Archive member included because of file (symbol)

lib/STM32F10x_StdPeriph_Driver/libstm32fw.a(misc.o)
                              Util/USB/hw_config.o (NVIC_PriorityGroupConfig)
lib/STM32F10x_StdPeriph_Driver/libstm32fw.a(stm32f10x_adc.o)
                              adc.o (ADC_DeInit)
lib/STM32F10x_StdPeriph_Driver/libstm32fw.a(stm32f10x_bkp.o)
                              Util/fat_fs/src/rtc.o (BKP_DeInit)
lib/STM32F10x_StdPeriph_Driver/libstm32fw.a(stm32f10x_dma.o)
                              Util/fat_fs/src/sd_spi_stm32.o (DMA_DeInit)
lib/STM32F10x_StdPeriph_Driver/libstm32fw.a(stm32f10x_exti.o)
                              interrupts.o (EXTI_DeInit)
lib/STM32F10x_StdPeriph_Driver/libstm32fw.a(stm32f10x_gpio.o)
                              Util/fat_fs/src/sd_spi_stm32.o (GPIO_Init)
lib/STM32F10x_StdPeriph_Driver/libstm32fw.a(stm32f10x_pwr.o)
                              pwr.o (PWR_DeInit)
lib/STM32F10x_StdPeriph_Driver/libstm32fw.a(stm32f10x_rcc.o)
                              interrupts.o (RCC_HCLKConfig)
lib/STM32F10x_StdPeriph_Driver/libstm32fw.a(stm32f10x_rtc.o)
                              Util/fat_fs/src/rtc.o (RTC_GetCounter)
lib/STM32F10x_StdPeriph_Driver/libstm32fw.a(stm32f10x_spi.o)
                              Util/fat_fs/src/sd_spi_stm32.o (SPI_I2S_DeInit)
lib/STM32F10x_StdPeriph_Driver/libstm32fw.a(stm32f10x_tim.o)
                              timer.o (TIM_DeInit)
lib/STM32F10x_StdPeriph_Driver/libstm32fw.a(stm32f10x_usart.o)
                              usart.o (USART_Init)
lib/STM32_USB-FS-Device_Driver/libstm32usb.a(usb_core.o)
                              Util/USB/usb_prop.o (Standard_GetDescriptorData)
lib/STM32_USB-FS-Device_Driver/libstm32usb.a(usb_init.o)
                              main.o (USB_Init)
lib/STM32_USB-FS-Device_Driver/libstm32usb.a(usb_int.o)
                              Util/USB/usb_istr.o (CTR_LP)
lib/STM32_USB-FS-Device_Driver/libstm32usb.a(usb_mem.o)
                              lib/STM32_USB-FS-Device_Driver/libstm32usb.a(usb_core.o) (UserToPMABufferCopy)
lib/STM32_USB-FS-Device_Driver/libstm32usb.a(usb_regs.o)
                              Util/USB/usb_prop.o (SetBTABLE)
lib/STM32_USB-FS-Device_Driver/libstm32usb.a(usb_sil.o)
                              Util/USB/usb_prop.o (USB_SIL_Init)
/home/laurence/CodeSourcery/Sourcery_G++_Lite/bin/../lib/gcc/arm-none-eabi/4.5.2/../../../../arm-none-eabi/lib/thumb2/libm.a(lib_a-s_sin.o)
                              Sensors/ppg.o (sin)
/home/laurence/CodeSourcery/Sourcery_G++_Lite/bin/../lib/gcc/arm-none-eabi/4.5.2/../../../../arm-none-eabi/lib/thumb2/libm.a(lib_a-w_asin.o)
                              Sensors/ppg.o (asin)
/home/laurence/CodeSourcery/Sourcery_G++_Lite/bin/../lib/gcc/arm-none-eabi/4.5.2/../../../../arm-none-eabi/lib/thumb2/libm.a(lib_a-w_sqrt.o)
                              Sensors/ppg.o (sqrt)
/home/laurence/CodeSourcery/Sourcery_G++_Lite/bin/../lib/gcc/arm-none-eabi/4.5.2/../../../../arm-none-eabi/lib/thumb2/libm.a(lib_a-e_asin.o)
                              /home/laurence/CodeSourcery/Sourcery_G++_Lite/bin/../lib/gcc/arm-none-eabi/4.5.2/../../../../arm-none-eabi/lib/thumb2/libm.a(lib_a-w_asin.o) (__ieee754_asin)
/home/laurence/CodeSourcery/Sourcery_G++_Lite/bin/../lib/gcc/arm-none-eabi/4.5.2/../../../../arm-none-eabi/lib/thumb2/libm.a(lib_a-e_rem_pio2.o)
                              /home/laurence/CodeSourcery/Sourcery_G++_Lite/bin/../lib/gcc/arm-none-eabi/4.5.2/../../../../arm-none-eabi/lib/thumb2/libm.a(lib_a-s_sin.o) (__ieee754_rem_pio2)
/home/laurence/CodeSourcery/Sourcery_G++_Lite/bin/../lib/gcc/arm-none-eabi/4.5.2/../../../../arm-none-eabi/lib/thumb2/libm.a(lib_a-e_sqrt.o)
                              /home/laurence/CodeSourcery/Sourcery_G++_Lite/bin/../lib/gcc/arm-none-eabi/4.5.2/../../../../arm-none-eabi/lib/thumb2/libm.a(lib_a-w_sqrt.o) (__ieee754_sqrt)
/home/laurence/CodeSourcery/Sourcery_G++_Lite/bin/../lib/gcc/arm-none-eabi/4.5.2/../../../../arm-none-eabi/lib/thumb2/libm.a(lib_a-k_cos.o)
                              /home/laurence/CodeSourcery/Sourcery_G++_Lite/bin/../lib/gcc/arm-none-eabi/4.5.2/../../../../arm-none-eabi/lib/thumb2/libm.a(lib_a-s_sin.o) (__kernel_cos)
/home/laurence/CodeSourcery/Sourcery_G++_Lite/bin/../lib/gcc/arm-none-eabi/4.5.2/../../../../arm-none-eabi/lib/thumb2/libm.a(lib_a-k_rem_pio2.o)
                              /home/laurence/CodeSourcery/Sourcery_G++_Lite/bin/../lib/gcc/arm-none-eabi/4.5.2/../../../../arm-none-eabi/lib/thumb2/libm.a(lib_a-e_rem_pio2.o) (__kernel_rem_pio2)
/home/laurence/CodeSourcery/Sourcery_G++_Lite/bin/../lib/gcc/arm-none-eabi/4.5.2/../../../../arm-none-eabi/lib/thumb2/libm.a(lib_a-k_sin.o)
                              /home/laurence/CodeSourcery/Sourcery_G++_Lite/bin/../lib/gcc/arm-none-eabi/4.5.2/../../../../arm-none-eabi/lib/thumb2/libm.a(lib_a-s_sin.o) (__kernel_sin)
/home/laurence/CodeSourcery/Sourcery_G++_Lite/bin/../lib/gcc/arm-none-eabi/4.5.2/../../../../arm-none-eabi/lib/thumb2/libm.a(lib_a-s_fabs.o)
[...]
Memory Configuration

Name             Origin             Length             Attributes
ram              0x20000000         0x00005000         xrw
rom              0x08000000         0x00020000         xr
*default*        0x00000000         0xffffffff

Linker script and memory map

LOAD /home/laurence/CodeSourcery/Sourcery_G++_Lite/bin/../lib/gcc/arm-none-eabi/4.5.2/thumb2/crti.o
LOAD /home/laurence/CodeSourcery/Sourcery_G++_Lite/bin/../lib/gcc/arm-none-eabi/4.5.2/thumb2/crtbegin.o
LOAD Sensors/ppg.o
LOAD Sensors/pressure.o
LOAD Util/USB/hw_config.o
LOAD Util/USB/mass_mal.o
LOAD Util/USB/memory.o
LOAD Util/USB/scsi_data.o
LOAD Util/USB/usb_bot.o
LOAD Util/USB/usb_desc.o
LOAD Util/USB/usb_endp.o
LOAD Util/USB/usb_istr.o
LOAD Util/USB/usb_prop.o
LOAD Util/USB/usb_pwr.o
LOAD Util/USB/usb_scsi.o
LOAD Util/buffer.o
LOAD Util/fat_fs/option/cc932.o
LOAD Util/fat_fs/option/syscall.o
LOAD Util/fat_fs/src/fattime.o
LOAD Util/fat_fs/src/ff.o
LOAD Util/fat_fs/src/rtc.o
LOAD Util/fat_fs/src/sd_spi_stm32.o
LOAD Util/rprintf.o
LOAD Util/stm32_eval_spi_sd.o
LOAD adc.o
LOAD gpio.o
LOAD interrupts.o
LOAD lib/CMSIS_CM3/core_cm3.o
LOAD lib/CMSIS_CM3/startup/gcc/startup_stm32f10x_md.o
LOAD lib/CMSIS_CM3/system_stm32f10x.o
LOAD main.o
LOAD pwr.o
LOAD timer.o
LOAD usart.o
LOAD lib/STM32F10x_StdPeriph_Driver/libstm32fw.a
LOAD lib/STM32_USB-FS-Device_Driver/libstm32usb.a
LOAD /home/laurence/CodeSourcery/Sourcery_G++_Lite/bin/../lib/gcc/arm-none-eabi/4.5.2/../../../../arm-none-eabi/lib/thumb2/libm.a
START GROUP
LOAD /home/laurence/CodeSourcery/Sourcery_G++_Lite/bin/../lib/gcc/arm-none-eabi/4.5.2/thumb2/libgcc.a
LOAD /home/laurence/CodeSourcery/Sourcery_G++_Lite/bin/../lib/gcc/arm-none-eabi/4.5.2/../../../../arm-none-eabi/lib/thumb2/libc.a
END GROUP
LOAD /home/laurence/CodeSourcery/Sourcery_G++_Lite/bin/../lib/gcc/arm-none-eabi/4.5.2/thumb2/crtend.o
LOAD /home/laurence/CodeSourcery/Sourcery_G++_Lite/bin/../lib/gcc/arm-none-eabi/4.5.2/thumb2/crtn.o
START GROUP
LOAD /home/laurence/CodeSourcery/Sourcery_G++_Lite/bin/../lib/gcc/arm-none-eabi/4.5.2/thumb2/libgcc.a
LOAD /home/laurence/CodeSourcery/Sourcery_G++_Lite/bin/../lib/gcc/arm-none-eabi/4.5.2/../../../../arm-none-eabi/lib/thumb2/libc.a
LOAD /home/laurence/CodeSourcery/Sourcery_G++_Lite/bin/../lib/gcc/arm-none-eabi/4.5.2/../../../../arm-none-eabi/lib/thumb2/libcs3.a
LOAD /home/laurence/CodeSourcery/Sourcery_G++_Lite/bin/../lib/gcc/arm-none-eabi/4.5.2/../../../../arm-none-eabi/lib/thumb2/libcs3unhosted.a
LOAD lib/libcs3-lanchon-stm32.a
END GROUP
                0x20005000                PROVIDE (__cs3_stack, (__cs3_region_start_ram + __cs3_region_size_ram))
                0x20000e48                PROVIDE (__cs3_heap_start, _end)
                0x20005000                PROVIDE (__cs3_heap_end, (__cs3_region_start_ram + __cs3_region_size_ram))

.text           0x08000000    0x13f28
 CREATE_OBJECT_SYMBOLS
                0x08000000                __cs3_region_start_rom = .
 *(.cs3.region-head.rom)
                0x08000000                __cs3_interrupt_vector = __cs3_interrupt_vector_lanchon_stm32
 *(.cs3.interrupt_vector)
 .cs3.interrupt_vector
                0x08000000       0xec lib/libcs3-lanchon-stm32.a(lanchon-stm32-vector.o)
                0x08000000                __cs3_interrupt_vector_lanchon_stm32
                0x08000001                ASSERT ((. != __cs3_interrupt_vector_lanchon_stm32), No interrupt vector)
 *(.rom)
 *(.rom.b)
                0x0800c3c4                PROVIDE (__cs3_reset_lanchon_stm32, _start)
                0x0800c3c4                __cs3_reset = __cs3_reset_lanchon_stm32
 *(.cs3.reset)
 *(.text .text.* .gnu.linkonce.t.*)
 .text          0x080000ec       0x30 /home/laurence/CodeSourcery/Sourcery_G++_Lite/bin/../lib/gcc/arm-none-eabi/4.5.2/thumb2/crtbegin.o
 *fill*         0x0800011c        0x4 00
 .text          0x08000120      0x1b0 Sensors/ppg.o
                0x08000120                PPG_LO_Filter
                0x08000228                PWM_Linear
                0x08000264                PPG_correct_brightness
 .text          0x080002d0       0x98 Sensors/pressure.o
                0x080002d0                calibrate_sensor
                0x08000300                conv_adc_diff
                0x08000334                conv_diff
 .text          0x08000368      0x124 Util/USB/hw_config.o
                0x0800038c                Set_USBClock
                0x080003a2                Enter_LowPowerMode
                0x080003b0                Leave_LowPowerMode
                0x080003cc                USB_Interrupts_Config
                0x0800040c                Led_RW_ON
                0x0800041c                Led_RW_OFF
                0x0800042c                USB_Configured_LED
                0x0800043c                USB_NotConfigured_LED
                0x0800044c                USB_Cable_Config
                0x0800044e                Get_SerialNum
                0x08000484                MAL_Config
                0x0800048a                Set_System
 .text          0x0800048c       0xcc Util/USB/mass_mal.o
                0x0800048c                MAL_Init
                0x080004c8                MAL_Write
                0x080004ec                MAL_Read
                0x08000510                MAL_GetStatus
 .text          0x08000558      0x1b0 Util/USB/memory.o
                0x08000558                Read_Memory
                0x08000620                Write_Memory
 .text          0x08000708      0x31c Util/USB/usb_bot.o
                0x08000708                Transfer_Data_Request
                0x08000738                Set_CSW
                0x08000770                Mass_Storage_In
                0x080007c0                Bot_Abort
                0x080007f8                CBW_Decode
                0x080009cc                Mass_Storage_Out
 .text          0x08000a24        0x8 Util/USB/usb_endp.o
                0x08000a24                EP1_IN_Callback
                0x08000a28                EP2_OUT_Callback
 .text          0x08000a2c       0xd0 Util/USB/usb_istr.o
                0x08000a2c                USB_Istr
 .text          0x08000afc      0x25c Util/USB/usb_prop.o
                0x08000afc                Mass_Storage_SetDeviceAddress
                0x08000b08                MASS_Status_In
                0x08000b0a                MASS_Status_Out
                0x08000b0c                MASS_Get_Interface_Setting
                0x08000b1c                Get_Max_Lun
                0x08000b34                MASS_Data_Setup
                0x08000b74                MASS_GetStringDescriptor
                0x08000b94                MASS_GetConfigDescriptor
                0x08000ba0                MASS_GetDeviceDescriptor
                0x08000bac                MASS_NoData_Setup
                0x08000bfc                Mass_Storage_SetConfiguration
                0x08000c2c                Mass_Storage_ClearFeature
                0x08000c48                MASS_Reset
                0x08000d34                MASS_init
 .text          0x08000d58      0x15c Util/USB/usb_pwr.o
                0x08000d58                PowerOn
                0x08000d88                PowerOff
                0x08000dac                Suspend
                0x08000dec                Resume_Init
                0x08000e28                Resume
 .text          0x08000eb4      0x398 Util/USB/usb_scsi.o
                0x08000eb4                SCSI_Inquiry_Cmd
                0x08000eec                SCSI_ModeSense6_Cmd
                0x08000ef8                SCSI_ModeSense10_Cmd
                0x08000f04                SCSI_RequestSense_Cmd
                0x08000f1c                Set_Scsi_Sense_Data
                0x08000f28                SCSI_ReadCapacity10_Cmd
                0x08000f98                SCSI_ReadFormatCapacity_Cmd
                0x08001000                SCSI_Start_Stop_Unit_Cmd
                0x08001008                SCSI_Verify10_Cmd
                0x08001040                SCSI_Valid_Cmd
                0x0800106c                SCSI_TestUnitReady_Cmd
                0x080010a0                SCSI_Format_Cmd
                0x080010cc                SCSI_Invalid_Cmd
                0x08001100                SCSI_Address_Management
                0x08001170                SCSI_Write10_Cmd
                0x080011e0                SCSI_Read10_Cmd
 .text          0x0800124c       0x6e Util/buffer.o
                0x0800124c                Add_To_Buffer
                0x0800127e                Get_From_Buffer
                0x080012a8                init_buffer
 *fill*         0x080012ba        0x2 00
 .text          0x080012bc       0x88 Util/fat_fs/option/cc932.o
                0x080012bc                ff_convert
                0x0800131c                ff_wtoupper
 .text          0x08001344       0x44 Util/fat_fs/src/fattime.o
                0x08001344                get_fattime
 .text          0x08001388     0x230c Util/fat_fs/src/ff.o
                0x080019fa                clust2sect
                0x08001a14                get_fat
                0x08001b72                put_fat
                0x080023c6                gen_numname
                0x08002620                f_mount
                0x08002640                f_open
                0x08002792                f_read
                0x0800290a                f_write
                0x08002ac0                f_sync
                0x08002b72                f_close
                0x08002b80                f_lseek
                0x08002ce4                f_opendir
                0x08002d50                f_readdir
                0x08002dae                f_stat
                0x08002df2                f_getfree
                0x08002ee4                f_truncate
                0x08002f7c                f_unlink
                0x08003030                f_mkdir
                0x080031fa                f_chmod
                0x08003252                f_utime
                0x080032ae                f_rename
                0x080033ca                f_gets
                0x08003410                f_putc
                0x08003432                f_puts
                0x08003458                f_printf
 .text          0x08003694      0x2e0 Util/fat_fs/src/rtc.o
                0x08003778                rtc_gettime
                0x080037f0                my_RTC_SetCounter
                0x08003812                rtc_settime
                0x080038dc                rtc_init
 .text          0x08003974      0x890 Util/fat_fs/src/sd_spi_stm32.o
                0x08003cda                disk_initialize
                0x08003dfc                disk_status
                0x08003e0c                disk_read
                0x08003e98                disk_write
                0x08003f44                disk_ioctl
                0x080041c8                disk_timerproc
 .text          0x08004204      0x570 Util/rprintf.o
                0x08004204                rprintfInit
                0x08004210                rprintfChar
                0x0800422c                rprintfStr
                0x08004242                rprintfStrLen
                0x08004276                rprintfCRLF
                0x0800427a                rprintfu04
                0x08004284                rprintfu08
                0x08004296                rprintfu16
                0x080042a8                rprintfu32
                0x080042ba                rprintfNum
                0x08004360                rprintfFloat
                0x08004420                Isdigit
                0x0800442e                atoiRamRom
                0x08004454                rStrLen
                0x08004464                rprintf2RamRom
 .text          0x08004774      0x1d0 adc.o
                0x08004774                ADC_Configuration
                0x080048d4                readADC2
                0x08004904                setADC2
                0x08004924                getADC2
 .text          0x08004944      0x1b8 gpio.o
                0x08004944                setup_gpio
                0x08004ab0                switch_leds_on
                0x08004ad0                switch_leds_off
                0x08004af0                get_wkup
 *fill*         0x08004afc        0x4 00
 .text          0x08004b00      0x2d8 interrupts.o
                0x08004b00                ISR_Config
                0x08004b34                EXTI_ONOFF_EN
                0x08004b88                DMA_ISR_Config
                0x08004baa                SysTick_Configuration
                0x08004be0                EXTI0_IRQHandler
                0x08004c54                DMAChannel1_IRQHandler
                0x08004c7c                SysTickHandler
                0x08004dcc                USB_HP_CAN_TX_IRQHandler
                0x08004dd0                USB_LP_CAN_RX0_IRQHandler
 .text.Default_Handler
                0x08004dd8        0x2 lib/CMSIS_CM3/startup/gcc/startup_stm32f10x_md.o
                0x08004dd8                EXTI2_IRQHandler
                0x08004dd8                DebugMon_Handler
                0x08004dd8                TIM1_CC_IRQHandler
                0x08004dd8                HardFault_Handler
                0x08004dd8                SysTick_Handler
                0x08004dd8                PVD_IRQHandler
                0x08004dd8                PendSV_Handler
                0x08004dd8                NMI_Handler
                0x08004dd8                EXTI3_IRQHandler
                0x08004dd8                I2C2_EV_IRQHandler
                0x08004dd8                UsageFault_Handler
                0x08004dd8                ADC1_2_IRQHandler
                0x08004dd8                SPI1_IRQHandler
                0x08004dd8                TAMPER_IRQHandler
                0x08004dd8                DMA1_Channel4_IRQHandler
                0x08004dd8                USART3_IRQHandler
                0x08004dd8                RTC_IRQHandler
                0x08004dd8                DMA1_Channel7_IRQHandler
                0x08004dd8                CAN1_RX1_IRQHandler
                0x08004dd8                TIM4_IRQHandler
                0x08004dd8                I2C1_EV_IRQHandler
                0x08004dd8                DMA1_Channel6_IRQHandler
                0x08004dd8                TIM3_IRQHandler
                0x08004dd8                RCC_IRQHandler
                0x08004dd8                TIM1_TRG_COM_IRQHandler
                0x08004dd8                DMA1_Channel1_IRQHandler
                0x08004dd8                Default_Handler
                0x08004dd8                EXTI15_10_IRQHandler
                0x08004dd8                EXTI9_5_IRQHandler
                0x08004dd8                SPI2_IRQHandler
                0x08004dd8                MemManage_Handler
                0x08004dd8                SVC_Handler
                0x08004dd8                DMA1_Channel5_IRQHandler
                0x08004dd8                EXTI4_IRQHandler
                0x08004dd8                USB_LP_CAN1_RX0_IRQHandler
                0x08004dd8                USB_HP_CAN1_TX_IRQHandler
                0x08004dd8                DMA1_Channel3_IRQHandler
                0x08004dd8                TIM1_UP_IRQHandler
                0x08004dd8                WWDG_IRQHandler
                0x08004dd8                TIM2_IRQHandler
                0x08004dd8                TIM1_BRK_IRQHandler
                0x08004dd8                EXTI1_IRQHandler
                0x08004dd8                RTCAlarm_IRQHandler
                0x08004dd8                USART2_IRQHandler
                0x08004dd8                I2C2_ER_IRQHandler
                0x08004dd8                DMA1_Channel2_IRQHandler
                0x08004dd8                CAN1_SCE_IRQHandler
                0x08004dd8                FLASH_IRQHandler
                0x08004dd8                BusFault_Handler
                0x08004dd8                USART1_IRQHandler
                0x08004dd8                I2C1_ER_IRQHandler
                0x08004dd8                USBWakeUp_IRQHandler
 *fill*         0x08004dda        0x2 00
 .text          0x08004ddc       0xf4 lib/CMSIS_CM3/system_stm32f10x.o
                0x08004ddc                SystemInit
 .text          0x08004ed0      0x3c8 main.o
                0x08004ed0                __str_print_char
                0x08004ef8                __fat_print_char
                0x08004f18                main
 .text          0x08005298       0x2a pwr.o
                0x08005298                setuppwr
                0x080052ac                shutdown
                0x080052bc                disable_pin
 *fill*         0x080052c2        0x2 00
 .text          0x080052c4      0x1ac timer.o
                0x080052c4                setup_pwm
                0x080053e4                Tryfudge
                0x0800542c                Set_Motor
 .text          0x08005470       0xe0 usart.o
                0x08005470                Default_Usart_Config
                0x0800548a                Usarts_Init
                0x0800551c                __usart_send_char
                0x08005538                Usart_Send_Str
 .text          0x08005550       0xb8 lib/STM32F10x_StdPeriph_Driver/libstm32fw.a(misc.o)
                0x08005550                NVIC_PriorityGroupConfig
                0x08005564                NVIC_Init
                0x080055c4                NVIC_SetVectorTable
                0x080055d8                NVIC_SystemLPConfig
                0x080055f0                SysTick_CLKSourceConfig
 .text          0x08005608      0x380 lib/STM32F10x_StdPeriph_Driver/libstm32fw.a(stm32f10x_adc.o)
                0x08005608                ADC_DeInit
                0x08005664                ADC_Init
                0x080056b0                ADC_StructInit
                0x080056c2                ADC_Cmd
                0x080056d6                ADC_DMACmd
                0x080056ea                ADC_ITConfig
                0x080056fe                ADC_ResetCalibration
                0x08005708                ADC_GetResetCalibrationStatus
                0x08005710                ADC_StartCalibration
                0x0800571a                ADC_GetCalibrationStatus
                0x08005722                ADC_SoftwareStartConvCmd
                0x08005736                ADC_GetSoftwareStartConvStatus
                0x0800573e                ADC_DiscModeChannelCountConfig
                0x0800574e                ADC_DiscModeCmd
                0x08005762                ADC_RegularChannelConfig
                0x080057f0                ADC_ExternalTrigConvCmd
                0x08005804                ADC_GetConversionValue
                0x0800580a                ADC_GetDualModeConversionValue
                0x08005814                ADC_AutoInjectedConvCmd
                0x08005828                ADC_InjectedDiscModeCmd
                0x0800583c                ADC_ExternalTrigInjectedConvConfig
                0x0800584a                ADC_ExternalTrigInjectedConvCmd
                0x0800585e                ADC_SoftwareStartInjectedConvCmd
                0x08005872                ADC_GetSoftwareStartInjectedConvCmdStatus
                0x0800587a                ADC_InjectedChannelConfig
                0x080058d6                ADC_InjectedSequencerLengthConfig
                0x080058e6                ADC_SetInjectedOffset
                0x080058fc                ADC_GetInjectedConversionValue
                0x08005916                ADC_AnalogWatchdogCmd
                0x08005928                ADC_AnalogWatchdogThresholdsConfig
                0x0800592e                ADC_AnalogWatchdogSingleChannelConfig
                0x0800593c                ADC_TempSensorVrefintCmd
                0x08005958                ADC_GetFlagStatus
                0x08005964                ADC_ClearFlag
                0x0800596a                ADC_GetITStatus
                0x08005980                ADC_ClearITPendingBit
 .text          0x08005988       0xe0 lib/STM32F10x_StdPeriph_Driver/libstm32fw.a(stm32f10x_bkp.o)
                0x08005988                BKP_DeInit
                0x0800599a                BKP_TamperPinLevelConfig
                0x080059a4                BKP_TamperPinCmd
                0x080059b0                BKP_ITConfig
                0x080059bc                BKP_RTCOutputConfig
                0x080059d4                BKP_SetRTCCalibrationValue
                0x080059ec                BKP_WriteBackupRegister
                0x08005a08                BKP_ReadBackupRegister
                0x08005a28                BKP_GetFlagStatus
                0x08005a34                BKP_ClearFlag
                0x08005a48                BKP_GetITStatus
                0x08005a54                BKP_ClearITPendingBit
 .text          0x08005a68      0x1f0 lib/STM32F10x_StdPeriph_Driver/libstm32fw.a(stm32f10x_dma.o)
                0x08005a68                DMA_DeInit
                0x08005b64                DMA_Init
                0x08005ba4                DMA_StructInit
                0x08005bbe                DMA_Cmd
                0x08005bd2                DMA_ITConfig
                0x08005be4                DMA_GetCurrDataCounter
                0x08005bea                DMA_GetFlagStatus
                0x08005c08                DMA_ClearFlag
                0x08005c20                DMA_GetITStatus
                0x08005c40                DMA_ClearITPendingBit
 .text          0x08005c58      0x108 lib/STM32F10x_StdPeriph_Driver/libstm32fw.a(stm32f10x_exti.o)
                0x08005c58                EXTI_DeInit
                0x08005c74                EXTI_Init
                0x08005cf8                EXTI_StructInit
                0x08005d06                EXTI_GenerateSWInterrupt
                0x08005d18                EXTI_GetFlagStatus
                0x08005d2c                EXTI_ClearFlag
                0x08005d38                EXTI_GetITStatus
                0x08005d54                EXTI_ClearITPendingBit
 .text          0x08005d60      0x278 lib/STM32F10x_StdPeriph_Driver/libstm32fw.a(stm32f10x_gpio.o)
                0x08005d60                GPIO_DeInit
                0x08005e0c                GPIO_AFIODeInit
                0x08005e22                GPIO_Init
                0x08005eba                GPIO_StructInit
                0x08005eca                GPIO_ReadInputDataBit
                0x08005ed6                GPIO_ReadInputData
                0x08005edc                GPIO_ReadOutputDataBit
                0x08005ee8                GPIO_ReadOutputData
                0x08005eee                GPIO_SetBits
                0x08005ef2                GPIO_ResetBits
                0x08005ef6                GPIO_WriteBit
                0x08005f00                GPIO_Write
                0x08005f04                GPIO_PinLockConfig
                0x08005f14                GPIO_EventOutputConfig
                0x08005f34                GPIO_EventOutputCmd
                0x08005f40                GPIO_PinRemapConfig
                0x08005f98                GPIO_EXTILineConfig
                0x08005fcc                GPIO_ETH_MediaInterfaceConfig
 .text          0x08005fd8       0xcc lib/STM32F10x_StdPeriph_Driver/libstm32fw.a(stm32f10x_pwr.o)
                0x08005fdc                PWR_DeInit
                0x08005ff6                PWR_BackupAccessCmd
                0x08006000                PWR_PVDCmd
                0x0800600c                PWR_PVDLevelConfig
                0x08006020                PWR_WakeUpPinCmd
                0x0800602c                PWR_EnterSTOPMode
                0x08006058                PWR_EnterSTANDBYMode
                0x08006080                PWR_GetFlagStatus
                0x08006094                PWR_ClearFlag
 .text          0x080060a4      0x360 lib/STM32F10x_StdPeriph_Driver/libstm32fw.a(stm32f10x_rcc.o)
                0x080060a4                RCC_DeInit
                0x080060e4                RCC_HSEConfig
                0x0800611c                RCC_AdjustHSICalibrationValue
                0x08006130                RCC_HSICmd
                0x0800613c                RCC_PLLConfig
                0x08006154                RCC_PLLCmd
                0x08006160                RCC_SYSCLKConfig
                0x08006174                RCC_GetSYSCLKSource
                0x08006184                RCC_HCLKConfig
                0x08006198                RCC_PCLK1Config
                0x080061ac                RCC_PCLK2Config
                0x080061c0                RCC_ITConfig
                0x080061d8                RCC_USBCLKConfig
                0x080061e4                RCC_ADCCLKConfig
                0x080061f8                RCC_LSEConfig
                0x08006218                RCC_LSICmd
                0x08006224                RCC_RTCCLKConfig
                0x08006234                RCC_RTCCLKCmd
                0x08006240                RCC_GetClocksFreq
                0x080062e4                RCC_AHBPeriphClockCmd
                0x080062fc                RCC_APB2PeriphClockCmd
                0x08006314                RCC_APB1PeriphClockCmd
                0x0800632c                RCC_APB2PeriphResetCmd
                0x08006344                RCC_APB1PeriphResetCmd
                0x0800635c                RCC_BackupResetCmd
                0x08006368                RCC_ClockSecuritySystemCmd
                0x08006374                RCC_MCOConfig
                0x08006380                RCC_GetFlagStatus
                0x080063a8                RCC_WaitForHSEStartUp
                0x080063d4                RCC_ClearFlag
                0x080063e4                RCC_GetITStatus
                0x080063f8                RCC_ClearITPendingBit
 .text          0x08006404      0x158 lib/STM32F10x_StdPeriph_Driver/libstm32fw.a(stm32f10x_rtc.o)
                0x08006404                RTC_ITConfig
                0x08006420                RTC_EnterConfigMode
                0x08006434                RTC_ExitConfigMode
                0x08006448                RTC_GetCounter
                0x0800645c                RTC_SetCounter
                0x08006478                RTC_SetPrescaler
                0x08006498                RTC_SetAlarm
                0x080064b4                RTC_GetDivider
                0x080064cc                RTC_WaitForLastTask
                0x080064dc                RTC_WaitForSynchro
                0x080064fc                RTC_GetFlagStatus
                0x08006510                RTC_ClearFlag
                0x08006524                RTC_GetITStatus
                0x08006548                RTC_ClearITPendingBit
 .text          0x0800655c      0x2d4 lib/STM32F10x_StdPeriph_Driver/libstm32fw.a(stm32f10x_spi.o)
                0x0800655c                SPI_I2S_DeInit
                0x080065c0                SPI_Init
                0x08006600                I2S_Init
                0x080066a0                SPI_StructInit
                0x080066b8                I2S_StructInit
                0x080066ca                SPI_Cmd
                0x080066e4                I2S_Cmd
                0x080066fe                SPI_I2S_ITConfig
                0x0800671c                SPI_I2S_DMACmd
                0x08006732                SPI_I2S_SendData
                0x08006736                SPI_I2S_ReceiveData
                0x0800673c                SPI_NSSInternalSoftwareConfig
                0x0800675c                SPI_SSOutputCmd
                0x08006776                SPI_DataSizeConfig
                0x0800678e                SPI_TransmitCRC
                0x0800679a                SPI_CalculateCRC
                0x080067b4                SPI_GetCRC
                0x080067c4                SPI_GetCRCPolynomial
                0x080067ca                SPI_BiDirectionalLineConfig
                0x080067e8                SPI_I2S_GetFlagStatus
                0x080067f4                SPI_I2S_ClearFlag
                0x080067fa                SPI_I2S_GetITStatus
                0x08006820                SPI_I2S_ClearITPendingBit
 .text          0x08006830      0xa80 lib/STM32F10x_StdPeriph_Driver/libstm32fw.a(stm32f10x_tim.o)
                0x0800689e                TIM_DeInit
                0x08006968                TIM_TimeBaseInit
                0x080069a4                TIM_OC1Init
                0x08006a24                TIM_OC2Init
                0x08006aac                TIM_OC3Init
                0x08006b30                TIM_OC4Init
                0x08006b94                TIM_BDTRConfig
                0x08006bb6                TIM_TimeBaseStructInit
                0x08006bc8                TIM_OCStructInit
                0x08006bdc                TIM_ICStructInit
                0x08006bec                TIM_BDTRStructInit
                0x08006bfe                TIM_Cmd
                0x08006c18                TIM_CtrlPWMOutputs
                0x08006c36                TIM_ITConfig
                0x08006c4c                TIM_GenerateEvent
                0x08006c50                TIM_DMAConfig
                0x08006c58                TIM_DMACmd
                0x08006c6e                TIM_InternalClockConfig
                0x08006c7c                TIM_ETRConfig
                0x08006c92                TIM_ETRClockMode2Config
                0x08006ca6                TIM_ETRClockMode1Config
                0x08006cc0                TIM_PrescalerConfig
                0x08006cc6                TIM_CounterModeConfig
                0x08006cd8                TIM_SelectInputTrigger
                0x08006cea                TIM_TIxExternalClockConfig
                0x08006d18                TIM_ITRxExternalClockConfig
                0x08006d2c                TIM_EncoderInterfaceConfig
                0x08006d6a                TIM_ForcedOC1Config
                0x08006d7c                TIM_ForcedOC2Config
                0x08006d8e                TIM_ForcedOC3Config
                0x08006da0                TIM_ForcedOC4Config
                0x08006db2                TIM_ARRPreloadConfig
                0x08006dcc                TIM_SelectCOM
                0x08006de6                TIM_SelectCCDMA
                0x08006e00                TIM_CCPreloadControl
                0x08006e1a                TIM_OC1PreloadConfig
                0x08006e2c                TIM_OC2PreloadConfig
                0x08006e3e                TIM_OC3PreloadConfig
                0x08006e50                TIM_OC4PreloadConfig
                0x08006e62                TIM_OC1FastConfig
                0x08006e74                TIM_OC2FastConfig
                0x08006e86                TIM_OC3FastConfig
                0x08006e98                TIM_OC4FastConfig
                0x08006eaa                TIM_ClearOC1Ref
                0x08006ebc                TIM_ClearOC2Ref
                0x08006eca                TIM_ClearOC3Ref
                0x08006edc                TIM_ClearOC4Ref
                0x08006eea                TIM_OC1PolarityConfig
                0x08006efc                TIM_OC1NPolarityConfig
                0x08006f0e                TIM_OC2PolarityConfig
                0x08006f20                TIM_OC2NPolarityConfig
                0x08006f32                TIM_OC3PolarityConfig
                0x08006f44                TIM_OC3NPolarityConfig
                0x08006f56                TIM_OC4PolarityConfig
                0x08006f68                TIM_CCxCmd
                0x08006f86                TIM_CCxNCmd
                0x08006fa4                TIM_SelectOCxM
                0x08006ff0                TIM_UpdateDisableConfig
                0x0800700a                TIM_UpdateRequestConfig
                0x08007024                TIM_SelectHallSensor
                0x0800703e                TIM_SelectOnePulseMode
                0x08007056                TIM_SelectOutputTrigger
                0x0800706e                TIM_SelectSlaveMode
                0x08007086                TIM_SelectMasterSlaveMode
                0x0800709e                TIM_SetCounter
                0x080070a2                TIM_SetAutoreload
                0x080070a6                TIM_SetCompare1
                0x080070aa                TIM_SetCompare2
                0x080070ae                TIM_SetCompare3
                0x080070b2                TIM_SetCompare4
                0x080070b8                TIM_SetIC1Prescaler
                0x080070d0                TIM_SetIC2Prescaler
                0x080070e8                TIM_PWMIConfig
                0x08007154                TIM_SetIC3Prescaler
                0x0800716c                TIM_SetIC4Prescaler
                0x08007184                TIM_ICInit
                0x08007248                TIM_SetClockDivision
                0x0800725a                TIM_GetCapture1
                0x08007260                TIM_GetCapture2
                0x08007266                TIM_GetCapture3
                0x0800726c                TIM_GetCapture4
                0x08007274                TIM_GetCounter
                0x0800727a                TIM_GetPrescaler
                0x08007280                TIM_GetFlagStatus
                0x0800728c                TIM_ClearFlag
                0x08007292                TIM_GetITStatus
                0x080072a8                TIM_ClearITPendingBit
 .text          0x080072b0      0x374 lib/STM32F10x_StdPeriph_Driver/libstm32fw.a(stm32f10x_usart.o)
                0x080072b0                USART_DeInit
                0x08007348                USART_Init
                0x080073d8                USART_StructInit
                0x080073ee                USART_ClockInit
                0x08007414                USART_ClockStructInit
                0x08007420                USART_Cmd
                0x0800743a                USART_ITConfig
                0x08007470                USART_DMACmd
                0x08007486                USART_SetAddress
                0x0800749e                USART_WakeUpConfig
                0x080074b6                USART_ReceiverWakeUpCmd
                0x080074d0                USART_LINBreakDetectLengthConfig
                0x080074e8                USART_LINCmd
                0x08007502                USART_SendData
                0x0800750a                USART_ReceiveData
                0x08007512                USART_SendBreak
                0x0800751e                USART_SetGuardTime
                0x08007530                USART_SetPrescaler
                0x08007544                USART_SmartCardCmd
                0x0800755e                USART_SmartCardNACKCmd
                0x08007578                USART_HalfDuplexCmd
                0x08007592                USART_IrDAConfig
                0x080075aa                USART_IrDACmd
                0x080075c4                USART_GetFlagStatus
                0x080075d0                USART_ClearFlag
                0x080075d6                USART_GetITStatus
                0x08007616                USART_ClearITPendingBit
 .text          0x08007624      0xa54 lib/STM32_USB-FS-Device_Driver/libstm32usb.a(usb_core.o)
                0x08007624                Standard_GetConfiguration
                0x0800764c                Standard_GetInterface
                0x08007674                Standard_GetStatus
                0x080077e8                Standard_SetConfiguration
                0x08007824                Standard_SetInterface
                0x08007874                Standard_ClearFeature
                0x08007970                Standard_SetEndPointFeature
                0x08007a24                Standard_SetDeviceFeature
                0x08007a48                Standard_GetDescriptorData
                0x08007a64                Post0_Process
                0x08007aac                Out0_Process
                0x08007b88                Setup0_Process
                0x08007f58                SetDeviceAddress
                0x08008014                In0_Process
                0x08008074                NOP_Process
 .text          0x08008078       0x38 lib/STM32_USB-FS-Device_Driver/libstm32usb.a(usb_init.o)
                0x08008078                USB_Init
 .text          0x080080b0      0x25c lib/STM32_USB-FS-Device_Driver/libstm32usb.a(usb_int.o)
                0x080080b0                CTR_LP
                0x08008278                CTR_HP
 .text          0x0800830c       0xb8 lib/STM32_USB-FS-Device_Driver/libstm32usb.a(usb_mem.o)
                0x0800830c                UserToPMABufferCopy
                0x08008374                PMAToUserBufferCopy
 .text          0x080083c4      0x880 lib/STM32_USB-FS-Device_Driver/libstm32usb.a(usb_regs.o)
                0x080083c4                SetCNTR
                0x080083d0                GetCNTR
                0x080083dc                SetISTR
                0x080083e8                GetISTR
                0x080083f4                GetFNR
                0x08008400                SetDADDR
                0x0800840c                GetDADDR
                0x08008418                SetBTABLE
                0x0800842c                GetBTABLE
                0x08008438                SetENDPOINT
                0x08008448                GetENDPOINT
                0x08008458                SetEPType
                0x08008474                GetEPType
                0x08008488                SetEPTxStatus
                0x080084c8                SetEPRxStatus
                0x08008508                SetDouBleBuffEPStall
                0x08008530                GetEPTxStatus
                0x08008544                GetEPRxStatus
                0x08008558                SetEPTxValid
                0x0800857c                SetEPRxValid
                0x080085a0                SetEP_KIND
                0x080085c0                ClearEP_KIND
                0x080085e0                Clear_Status_Out
                0x08008600                Set_Status_Out
                0x08008620                SetEPDoubleBuff
                0x08008640                ClearEPDoubleBuff
                0x08008660                GetTxStallStatus
                0x08008680                GetRxStallStatus
                0x080086a0                ClearEP_CTR_RX
                0x080086b8                ClearEP_CTR_TX
                0x080086d0                ToggleDTOG_RX
                0x080086f0                ToggleDTOG_TX
                0x08008710                ClearDTOG_RX
                0x08008738                ClearDTOG_TX
                0x08008760                SetEPAddress
                0x08008784                GetEPAddress
                0x08008798                SetEPTxAddr
                0x080087bc                SetEPRxAddr
                0x080087e4                GetEPTxAddr
                0x08008804                GetEPRxAddr
                0x08008824                SetEPTxCount
                0x08008844                SetEPCountRxReg
                0x08008870                SetEPRxCount
                0x080088b8                GetEPTxCount
                0x080088dc                GetEPRxCount
                0x08008900                SetEPDblBuffAddr
                0x08008948                SetEPDblBuf0Addr
                0x0800896c                SetEPDblBuf1Addr
                0x08008994                GetEPDblBuf0Addr
                0x080089b4                GetEPDblBuf1Addr
                0x080089d4                SetEPDblBuffCount
                0x08008a80                SetEPDblBuf0Count
                0x08008ae8                SetEPDblBuf1Count
                0x08008b50                GetEPDblBuf0Count
                0x08008b74                GetEPDblBuf1Count
                0x08008b98                GetEPDblBufDir
                0x08008be0                FreeUserBuffer
                0x08008c30                ToWord
                0x08008c38                ByteSwap
 .text          0x08008c44       0x6c lib/STM32_USB-FS-Device_Driver/libstm32usb.a(usb_sil.o)
                0x08008c44                USB_SIL_Init
                0x08008c64                USB_SIL_Write
                0x08008c8c                USB_SIL_Read
 .text          0x08008cb0       0x98 /home/laurence/CodeSourcery/Sourcery_G++_Lite/bin/../lib/gcc/arm-none-eabi/4.5.2/../../../../arm-none-eabi/lib/thumb2/libm.a(lib_a-s_sin.o)
                0x08008cb0                sin
 .text          0x08008d48       0xa8 /home/laurence/CodeSourcery/Sourcery_G++_Lite/bin/../lib/gcc/arm-none-eabi/4.5.2/../../../../arm-none-eabi/lib/thumb2/libm.a(lib_a-w_asin.o)
                0x08008d48                asin
 .text          0x08008df0       0xac /home/laurence/CodeSourcery/Sourcery_G++_Lite/bin/../lib/gcc/arm-none-eabi/4.5.2/../../../../arm-none-eabi/lib/thumb2/libm.a(lib_a-w_sqrt.o)
                0x08008df0                sqrt
 *fill*         0x08008e9c        0x4 00
 .text          0x08008ea0      0x460 /home/laurence/CodeSourcery/Sourcery_G++_Lite/bin/../lib/gcc/arm-none-eabi/4.5.2/../../../../arm-none-eabi/lib/thumb2/libm.a(lib_a-e_asin.o)
                0x08008ea0                __ieee754_asin
 .text          0x08009300      0x450 /home/laurence/CodeSourcery/Sourcery_G++_Lite/bin/../lib/gcc/arm-none-eabi/4.5.2/../../../../arm-none-eabi/lib/thumb2/libm.a(lib_a-e_rem_pio2.o)
                0x08009300                __ieee754_rem_pio2
 .text          0x08009750      0x1c0 /home/laurence/CodeSourcery/Sourcery_G++_Lite/bin/../lib/gcc/arm-none-eabi/4.5.2/../../../../arm-none-eabi/lib/thumb2/libm.a(lib_a-e_sqrt.o)
                0x08009750                __ieee754_sqrt
 .text          0x08009910      0x250 /home/laurence/CodeSourcery/Sourcery_G++_Lite/bin/../lib/gcc/arm-none-eabi/4.5.2/../../../../arm-none-eabi/lib/thumb2/libm.a(lib_a-k_cos.o)
                0x08009910                __kernel_cos
 .text          0x08009b60      0x7a8 /home/laurence/CodeSourcery/Sourcery_G++_Lite/bin/../lib/gcc/arm-none-eabi/4.5.2/../../../../arm-none-eabi/lib/thumb2/libm.a(lib_a-k_rem_pio2.o)
                0x08009b60                __kernel_rem_pio2
 .text          0x0800a308      0x168 /home/laurence/CodeSourcery/Sourcery_G++_Lite/bin/../lib/gcc/arm-none-eabi/4.5.2/../../../../arm-none-eabi/lib/thumb2/libm.a(lib_a-k_sin.o)
                0x0800a308                __kernel_sin
 .text          0x0800a470        0x8 /home/laurence/CodeSourcery/Sourcery_G++_Lite/bin/../lib/gcc/arm-none-eabi/4.5.2/../../../../arm-none-eabi/lib/thumb2/libm.a(lib_a-s_fabs.o)
                0x0800a470                fabs
 .text          0x0800a478      0x128 /home/laurence/CodeSourcery/Sourcery_G++_Lite/bin/../lib/gcc/arm-none-eabi/4.5.2/../../../../arm-none-eabi/lib/thumb2/libm.a(lib_a-s_floor.o)
                0x0800a478                floor
 .text          0x0800a5a0       0x90 /home/laurence/CodeSourcery/Sourcery_G++_Lite/bin/../lib/gcc/arm-none-eabi/4.5.2/../../../../arm-none-eabi/lib/thumb2/libm.a(lib_a-s_fpclassify.o)
                0x0800a5a0                __fpclassifyd
 .text          0x0800a630        0x4 /home/laurence/CodeSourcery/Sourcery_G++_Lite/bin/../lib/gcc/arm-none-eabi/4.5.2/../../../../arm-none-eabi/lib/thumb2/libm.a(lib_a-s_matherr.o)
                0x0800a630                matherr
 .text          0x0800a634        0xc /home/laurence/CodeSourcery/Sourcery_G++_Lite/bin/../lib/gcc/arm-none-eabi/4.5.2/../../../../arm-none-eabi/lib/thumb2/libm.a(lib_a-s_nan.o)
                0x0800a634                nan
 .text          0x0800a640      0x108 /home/laurence/CodeSourcery/Sourcery_G++_Lite/bin/../lib/gcc/arm-none-eabi/4.5.2/../../../../arm-none-eabi/lib/thumb2/libm.a(lib_a-s_scalbn.o)
                0x0800a640                scalbn
 .text          0x0800a748       0x14 /home/laurence/CodeSourcery/Sourcery_G++_Lite/bin/../lib/gcc/arm-none-eabi/4.5.2/../../../../arm-none-eabi/lib/thumb2/libm.a(lib_a-s_copysign.o)
                0x0800a748                copysign
 *fill*         0x0800a75c        0x4 00
 .text          0x0800a760      0x2b0 /home/laurence/CodeSourcery/Sourcery_G++_Lite/bin/../lib/gcc/arm-none-eabi/4.5.2/thumb2/libgcc.a(_divsi3.o)
                0x0800a760                __aeabi_idiv
                0x0800a760                __divsi3
                0x0800a9f4                __aeabi_idivmod
 .text          0x0800aa10        0x4 /home/laurence/CodeSourcery/Sourcery_G++_Lite/bin/../lib/gcc/arm-none-eabi/4.5.2/thumb2/libgcc.a(_dvmd_tls.o)
                0x0800aa10                __aeabi_ldiv0
                0x0800aa10                __aeabi_idiv0
 .text          0x0800aa14      0x370 /home/laurence/CodeSourcery/Sourcery_G++_Lite/bin/../lib/gcc/arm-none-eabi/4.5.2/thumb2/libgcc.a(_arm_addsubdf3.o)
                0x0800aa14                __aeabi_drsub
                0x0800aa1c                __aeabi_dsub
                0x0800aa1c                __subdf3
                0x0800aa20                __adddf3
                0x0800aa20                __aeabi_dadd
                0x0800ac98                __aeabi_ui2d
                0x0800ac98                __floatunsidf
                0x0800acb8                __floatsidf
                0x0800acb8                __aeabi_i2d
                0x0800acdc                __extendsfdf2
                0x0800acdc                __aeabi_f2d
                0x0800ad18                __aeabi_ul2d
                0x0800ad18                __floatundidf
                0x0800ad28                __floatdidf
                0x0800ad28                __aeabi_l2d
 .text          0x0800ad84      0x424 /home/laurence/CodeSourcery/Sourcery_G++_Lite/bin/../lib/gcc/arm-none-eabi/4.5.2/thumb2/libgcc.a(_arm_muldivdf3.o)
                0x0800ad84                __aeabi_dmul
                0x0800ad84                __muldf3
                0x0800afd8                __aeabi_ddiv
                0x0800afd8                __divdf3
 .text          0x0800b1a8      0x110 /home/laurence/CodeSourcery/Sourcery_G++_Lite/bin/../lib/gcc/arm-none-eabi/4.5.2/thumb2/libgcc.a(_arm_cmpdf2.o)
                0x0800b1a8                __gtdf2
                0x0800b1a8                __gedf2
                0x0800b1b0                __ltdf2
                0x0800b1b0                __ledf2
                0x0800b1b8                __cmpdf2
                0x0800b1b8                __eqdf2
                0x0800b1b8                __nedf2
                0x0800b234                __aeabi_cdrcmple
                0x0800b244                __aeabi_cdcmple
                0x0800b244                __aeabi_cdcmpeq
                0x0800b254                __aeabi_dcmpeq
                0x0800b268                __aeabi_dcmplt
                0x0800b27c                __aeabi_dcmple
                0x0800b290                __aeabi_dcmpge
                0x0800b2a4                __aeabi_dcmpgt
 .text          0x0800b2b8       0x50 /home/laurence/CodeSourcery/Sourcery_G++_Lite/bin/../lib/gcc/arm-none-eabi/4.5.2/thumb2/libgcc.a(_arm_fixdfsi.o)
                0x0800b2b8                __fixdfsi
                0x0800b2b8                __aeabi_d2iz
 .text          0x0800b308       0x40 /home/laurence/CodeSourcery/Sourcery_G++_Lite/bin/../lib/gcc/arm-none-eabi/4.5.2/thumb2/libgcc.a(_arm_fixunsdfsi.o)
                0x0800b308                __fixunsdfsi
                0x0800b308                __aeabi_d2uiz
 .text          0x0800b348       0xa0 /home/laurence/CodeSourcery/Sourcery_G++_Lite/bin/../lib/gcc/arm-none-eabi/4.5.2/thumb2/libgcc.a(_arm_truncdfsf2.o)
                0x0800b348                __aeabi_d2f
                0x0800b348                __truncdfsf2
 .text          0x0800b3e8      0x21c /home/laurence/CodeSourcery/Sourcery_G++_Lite/bin/../lib/gcc/arm-none-eabi/4.5.2/thumb2/libgcc.a(_arm_addsubsf3.o)
                0x0800b3e8                __aeabi_frsub
                0x0800b3f0                __subsf3
                0x0800b3f0                __aeabi_fsub
                0x0800b3f4                __aeabi_fadd
                0x0800b3f4                __addsf3
                0x0800b554                __aeabi_ui2f
                0x0800b554                __floatunsisf
                0x0800b55c                __aeabi_i2f
                0x0800b55c                __floatsisf
                0x0800b578                __floatundisf
                0x0800b578                __aeabi_ul2f
                0x0800b588                __floatdisf
                0x0800b588                __aeabi_l2f
 .text          0x0800b604      0x2a0 /home/laurence/CodeSourcery/Sourcery_G++_Lite/bin/../lib/gcc/arm-none-eabi/4.5.2/thumb2/libgcc.a(_arm_muldivsf3.o)
                0x0800b604                __mulsf3
                0x0800b604                __aeabi_fmul
                0x0800b76c                __divsf3
                0x0800b76c                __aeabi_fdiv
 .text          0x0800b8a4       0xec /home/laurence/CodeSourcery/Sourcery_G++_Lite/bin/../lib/gcc/arm-none-eabi/4.5.2/thumb2/libgcc.a(_arm_cmpsf2.o)
                0x0800b8a4                __gtsf2
                0x0800b8a4                __gesf2
                0x0800b8ac                __lesf2
                0x0800b8ac                __ltsf2
                0x0800b8b4                __nesf2
                0x0800b8b4                __eqsf2
                0x0800b8b4                __cmpsf2
                0x0800b914                __aeabi_cfrcmple
                0x0800b91c                __aeabi_cfcmple
                0x0800b91c                __aeabi_cfcmpeq
                0x0800b92c                __aeabi_fcmpeq
                0x0800b940                __aeabi_fcmplt
                0x0800b954                __aeabi_fcmple
                0x0800b968                __aeabi_fcmpge
                0x0800b97c                __aeabi_fcmpgt
 .text          0x0800b990       0x40 /home/laurence/CodeSourcery/Sourcery_G++_Lite/bin/../lib/gcc/arm-none-eabi/4.5.2/thumb2/libgcc.a(_arm_fixunssfsi.o)
                0x0800b990                __aeabi_f2uiz
                0x0800b990                __fixunssfsi
 .text          0x0800b9d0        0x8 /home/laurence/CodeSourcery/Sourcery_G++_Lite/bin/../lib/gcc/arm-none-eabi/4.5.2/../../../../arm-none-eabi/lib/thumb2/libc.a(lib_a-abs.o)
                0x0800b9d0                abs
 .text          0x0800b9d8        0xc /home/laurence/CodeSourcery/Sourcery_G++_Lite/bin/../lib/gcc/arm-none-eabi/4.5.2/../../../../arm-none-eabi/lib/thumb2/libc.a(lib_a-errno.o)
                0x0800b9d8                __errno
 .text          0x0800b9e4       0x20 /home/laurence/CodeSourcery/Sourcery_G++_Lite/bin/../lib/gcc/arm-none-eabi/4.5.2/../../../../arm-none-eabi/lib/thumb2/libc.a(lib_a-malloc.o)
                0x0800b9e4                malloc
                0x0800b9f4                free
 .text          0x0800ba04      0x57c /home/laurence/CodeSourcery/Sourcery_G++_Lite/bin/../lib/gcc/arm-none-eabi/4.5.2/../../../../arm-none-eabi/lib/thumb2/libc.a(lib_a-mallocr.o)
                0x0800ba04                _malloc_r
 .text          0x0800bf80       0xb4 /home/laurence/CodeSourcery/Sourcery_G++_Lite/bin/../lib/gcc/arm-none-eabi/4.5.2/../../../../arm-none-eabi/lib/thumb2/libc.a(lib_a-memset.o)
                0x0800bf80                memset
 .text          0x0800c034        0x8 /home/laurence/CodeSourcery/Sourcery_G++_Lite/bin/../lib/gcc/arm-none-eabi/4.5.2/../../../../arm-none-eabi/lib/thumb2/libc.a(lib_a-mlock.o)
                0x0800c034                __malloc_lock
                0x0800c038                __malloc_unlock
 .text          0x0800c03c       0x28 /home/laurence/CodeSourcery/Sourcery_G++_Lite/bin/../lib/gcc/arm-none-eabi/4.5.2/../../../../arm-none-eabi/lib/thumb2/libc.a(lib_a-sbrkr.o)
                0x0800c03c                _sbrk_r
 .text          0x0800c064       0x60 /home/laurence/CodeSourcery/Sourcery_G++_Lite/bin/../lib/gcc/arm-none-eabi/4.5.2/../../../../arm-none-eabi/lib/thumb2/libc.a(lib_a-strlen.o)
                0x0800c064                strlen
 .text          0x0800c0c4      0x240 /home/laurence/CodeSourcery/Sourcery_G++_Lite/bin/../lib/gcc/arm-none-eabi/4.5.2/../../../../arm-none-eabi/lib/thumb2/libc.a(lib_a-freer.o)
                0x0800c0c4                _malloc_trim_r
                0x0800c16c                _free_r
 .text          0x0800c304       0x30 /home/laurence/CodeSourcery/Sourcery_G++_Lite/bin/../lib/gcc/arm-none-eabi/4.5.2/../../../../arm-none-eabi/lib/thumb2/libcs3.a(start_c.o)
                0x0800c304                __cs3_premain
 .text.cs3.init
                0x0800c334       0x50 /home/laurence/CodeSourcery/Sourcery_G++_Lite/bin/../lib/gcc/arm-none-eabi/4.5.2/../../../../arm-none-eabi/lib/thumb2/libcs3.a(start_c.o)
                0x0800c334                __cs3_start_c
 .text          0x0800c384       0x40 /home/laurence/CodeSourcery/Sourcery_G++_Lite/bin/../lib/gcc/arm-none-eabi/4.5.2/../../../../arm-none-eabi/lib/thumb2/libcs3unhosted.a(unhosted-sbrk.o)
                0x0800c384                _sbrk
 .text.cs3.init
                0x0800c3c4       0x10 /home/laurence/CodeSourcery/Sourcery_G++_Lite/bin/../lib/gcc/arm-none-eabi/4.5.2/../../../../arm-none-eabi/lib/thumb2/libcs3unhosted.a(unhosted-start.o)
                0x0800c3c4                _start
 .text          0x0800c3d4        0x2 lib/libcs3-lanchon-stm32.a(lanchon_stm32_isr_interrupt.o)
                0x0800c3d4                MemManageException
                0x0800c3d4                BusFaultException
                0x0800c3d4                DMAChannel7_IRQHandler
                0x0800c3d4                DebugMonitor
                0x0800c3d4                SVCHandler
                0x0800c3d4                HardFaultException
                0x0800c3d4                __STM32ReservedException8
                0x0800c3d4                __STM32DefaultExceptionHandler
                0x0800c3d4                CAN_SCE_IRQHandler
                0x0800c3d4                __STM32ReservedException10
                0x0800c3d4                __STM32ReservedException13
                0x0800c3d4                NMIException
                0x0800c3d4                DMAChannel4_IRQHandler
                0x0800c3d4                PendSVC
                0x0800c3d4                CAN_RX1_IRQHandler
                0x0800c3d4                ADC_IRQHandler
                0x0800c3d4                DMAChannel5_IRQHandler
                0x0800c3d4                DMAChannel2_IRQHandler
                0x0800c3d4                __STM32ReservedException7
                0x0800c3d4                UsageFaultException
                0x0800c3d4                DMAChannel6_IRQHandler
                0x0800c3d4                DMAChannel3_IRQHandler
                0x0800c3d4                __STM32ReservedException9
 *fill*         0x0800c3d6        0x2 00
 .text          0x0800c3d8       0x50 /home/laurence/CodeSourcery/Sourcery_G++_Lite/bin/../lib/gcc/arm-none-eabi/4.5.2/../../../../arm-none-eabi/lib/thumb2/libc.a(lib_a-init.o)
                0x0800c3d8                __libc_init_array
 *(.plt)
 *(.gnu.warning)
 *(.glue_7t)
 .glue_7t       0x00000000        0x0 linker stubs
 *(.glue_7)
 .glue_7        0x00000000        0x0 linker stubs
 *(.vfp11_veneer)
 .vfp11_veneer  0x00000000        0x0 linker stubs
 *(.rodata .rodata.* .gnu.linkonce.r.*)
 .rodata        0x0800c428       0xa6 Util/USB/usb_desc.o
                0x0800c428                MASS_DeviceDescriptor
                0x0800c43a                MASS_ConfigDescriptor
                0x0800c45a                MASS_StringLangID
                0x0800c45e                MASS_StringVendor
                0x0800c490                MASS_StringProduct
                0x0800c4be                MASS_StringInterface
 .rodata        0x0800c4ce     0x7738 Util/fat_fs/option/cc932.o
 .rodata        0x08013c06        0xd Util/fat_fs/src/ff.o
 .rodata.str1.1
                0x08013c13       0x10 Util/fat_fs/src/ff.o
 .rodata        0x08013c23        0xc Util/fat_fs/src/rtc.o
 .rodata        0x08013c2f       0x11 Util/rprintf.o
 .rodata.str1.1
                0x08013c40        0x6 Util/rprintf.o
 .rodata.str1.1
                0x08013c46       0xbd main.o
 *fill*         0x08013d03        0x1 00
 .rodata.str1.4
                0x08013d04        0x5 /home/laurence/CodeSourcery/Sourcery_G++_Lite/bin/../lib/gcc/arm-none-eabi/4.5.2/../../../../arm-none-eabi/lib/thumb2/libm.a(lib_a-w_asin.o)
                                  0xc (size before relaxing)
 *fill*         0x08013d09        0x3 00
 .rodata.str1.4
                0x08013d0c        0x5 /home/laurence/CodeSourcery/Sourcery_G++_Lite/bin/../lib/gcc/arm-none-eabi/4.5.2/../../../../arm-none-eabi/lib/thumb2/libm.a(lib_a-w_sqrt.o)
                                  0x8 (size before relaxing)
 *fill*         0x08013d11        0x3 00
 .rodata        0x08013d14      0x188 /home/laurence/CodeSourcery/Sourcery_G++_Lite/bin/../lib/gcc/arm-none-eabi/4.5.2/../../../../arm-none-eabi/lib/thumb2/libm.a(lib_a-e_rem_pio2.o)
 *fill*         0x08013e9c        0x4 00
 .rodata        0x08013ea0       0x50 /home/laurence/CodeSourcery/Sourcery_G++_Lite/bin/../lib/gcc/arm-none-eabi/4.5.2/../../../../arm-none-eabi/lib/thumb2/libm.a(lib_a-k_rem_pio2.o)
 .rodata.str1.4
                0x08013ef0        0x4 /home/laurence/CodeSourcery/Sourcery_G++_Lite/bin/../lib/gcc/arm-none-eabi/4.5.2/../../../../arm-none-eabi/lib/thumb2/libc.a(lib_a-impure.o)
 *(.ARM.extab* .gnu.linkonce.armextab.*)
 *(.gcc_except_table)
 *(.eh_frame_hdr)
 *(.eh_frame)
                0x08013ef4                . = ALIGN (0x4)
 *(.init)
 .init          0x08013ef4        0x4 /home/laurence/CodeSourcery/Sourcery_G++_Lite/bin/../lib/gcc/arm-none-eabi/4.5.2/thumb2/crti.o
                0x08013ef4                _init
 .init          0x08013ef8        0x8 /home/laurence/CodeSourcery/Sourcery_G++_Lite/bin/../lib/gcc/arm-none-eabi/4.5.2/thumb2/crtn.o
                0x08013f00                . = ALIGN (0x4)
                0x08013f00                __preinit_array_start = .
 *(.preinit_array)
                0x08013f00                __preinit_array_end = .
                0x08013f00                . = ALIGN (0x4)
                0x08013f00                __init_array_start = .
 *(SORT(.init_array.*))
 *(.init_array)
 .init_array    0x08013f00        0x4 /home/laurence/CodeSourcery/Sourcery_G++_Lite/bin/../lib/gcc/arm-none-eabi/4.5.2/thumb2/crtbegin.o
                0x08013f04                __init_array_end = .
                0x08013f04                . = ALIGN (0x4)
 *crtbegin.o(.ctors)
 *(EXCLUDE_FILE(*crtend.o) .ctors)
 *(SORT(.ctors.*))
 *crtend.o(.ctors)
                0x08013f04                . = ALIGN (0x4)
 *(.fini)
 .fini          0x08013f04        0x4 /home/laurence/CodeSourcery/Sourcery_G++_Lite/bin/../lib/gcc/arm-none-eabi/4.5.2/thumb2/crti.o
                0x08013f04                _fini
 .fini          0x08013f08        0x8 /home/laurence/CodeSourcery/Sourcery_G++_Lite/bin/../lib/gcc/arm-none-eabi/4.5.2/thumb2/crtn.o
                0x08013f10                . = ALIGN (0x4)
                0x08013f10                __fini_array_start = .
 *(.fini_array)
 .fini_array    0x08013f10        0x4 /home/laurence/CodeSourcery/Sourcery_G++_Lite/bin/../lib/gcc/arm-none-eabi/4.5.2/thumb2/crtbegin.o
 *(SORT(.fini_array.*))
                0x08013f14                __fini_array_end = .
 *crtbegin.o(.dtors)
 *(EXCLUDE_FILE(*crtend.o) .dtors)
 *(SORT(.dtors.*))
 *crtend.o(.dtors)
                0x08013f14                . = ALIGN (0x4)
                0x08013f14                __cs3_regions = .
                0x08013f14        0x4 LONG 0x0
                0x08013f18        0x4 LONG 0x8013f28 __cs3_region_init_ram
                0x08013f1c        0x4 LONG 0x20000000 __cs3_region_start_ram
                0x08013f20        0x4 LONG 0x680 __cs3_region_init_size_ram
                0x08013f24        0x4 LONG 0x7c8 __cs3_region_zero_size_ram
                0x08013f28                __exidx_start = .

.v4_bx          0x08013f28        0x0
 .v4_bx         0x00000000        0x0 linker stubs

.ARM.exidx
 *(.ARM.exidx* .gnu.linkonce.armexidx.*)
                0x08013f28                __exidx_end = .

.text.align     0x08013f28        0x0
                0x08013f28                . = ALIGN (0x8)
                0x08013f28                _etext = .
                0x08020000                __cs3_region_end_rom = (__cs3_region_start_rom + 0x20000)
                0x00020000                __cs3_region_size_rom = 0x20000
                0x00000001                __cs3_region_num = 0x1

.data           0x20000000      0x680 load address 0x08013f28
                0x20000000                __cs3_region_start_ram = .
 *(.cs3.region-head.ram)
 *(.jcr)
 .jcr           0x20000000        0x0 /home/laurence/CodeSourcery/Sourcery_G++_Lite/bin/../lib/gcc/arm-none-eabi/4.5.2/thumb2/crtbegin.o
 .jcr           0x20000000        0x4 /home/laurence/CodeSourcery/Sourcery_G++_Lite/bin/../lib/gcc/arm-none-eabi/4.5.2/thumb2/crtend.o
 *(.got.plt)
 *(.got)
 *(.shdata)
 *(.data .data.* .gnu.linkonce.d.*)
 .data          0x20000004       0x72 Util/USB/scsi_data.o
                0x20000004                Standard_Inquiry_Data
                0x20000028                Standard_Inquiry_Data2
                0x2000004c                Mode_Sense6_data
                0x20000050                Mode_Sense10_data
                0x20000058                Scsi_Sense_Data
                0x2000006a                ReadFormatCapacity_Data
 .data          0x20000076       0x1a Util/USB/usb_desc.o
                0x20000076                MASS_StringSerial
 .data          0x20000090       0x38 Util/USB/usb_istr.o
                0x20000090                pEpInt_IN
                0x200000ac                pEpInt_OUT
 .data          0x200000c8       0x90 Util/USB/usb_prop.o
                0x200000c8                String_Descriptor
                0x200000f0                Config_Descriptor
                0x200000f8                Device_Descriptor
                0x20000100                Device_Property
                0x20000130                Device_Table
                0x20000134                User_Standard_Requests
 .data          0x20000158        0x1 Util/USB/usb_pwr.o
                0x20000158                fSuspendEnabled
 .data          0x20000159        0x1 Util/fat_fs/src/sd_spi_stm32.o
 .data          0x2000015a       0x14 lib/STM32F10x_StdPeriph_Driver/libstm32fw.a(stm32f10x_rcc.o)
 .data          0x2000016e        0x1 /home/laurence/CodeSourcery/Sourcery_G++_Lite/bin/../lib/gcc/arm-none-eabi/4.5.2/../../../../arm-none-eabi/lib/thumb2/libm.a(lib_a-s_lib_ver.o)
                0x2000016e                __fdlib_version
 *fill*         0x2000016f        0x1 00
 .data          0x20000170       0xf4 /home/laurence/CodeSourcery/Sourcery_G++_Lite/bin/../lib/gcc/arm-none-eabi/4.5.2/../../../../arm-none-eabi/lib/thumb2/libc.a(lib_a-impure.o)
                0x20000170                _impure_ptr
 .data          0x20000264      0x410 /home/laurence/CodeSourcery/Sourcery_G++_Lite/bin/../lib/gcc/arm-none-eabi/4.5.2/../../../../arm-none-eabi/lib/thumb2/libc.a(lib_a-mallocr.o)
                0x20000264                __malloc_av_
                0x2000066c                __malloc_sbrk_base
                0x20000670                __malloc_trim_threshold
 .data          0x20000674        0x4 /home/laurence/CodeSourcery/Sourcery_G++_Lite/bin/../lib/gcc/arm-none-eabi/4.5.2/../../../../arm-none-eabi/lib/thumb2/libcs3unhosted.a(unhosted-sbrk.o)
 .data          0x20000678        0x4 /home/laurence/CodeSourcery/Sourcery_G++_Lite/bin/../lib/gcc/arm-none-eabi/4.5.2/../../../../arm-none-eabi/lib/thumb2/libcs3.a(heap.o)
                0x20000678                __cs3_heap_limit
 *(.ram)
                0x20000680                . = ALIGN (0x8)
 *fill*         0x2000067c        0x4 00
                0x20000680                _edata = .

.bss            0x20000680      0x7c8 load address 0x080145a8
 *(.shbss)
 *(.bss .bss.* .gnu.linkonce.b.*)
 .bss           0x20000680        0x1 /home/laurence/CodeSourcery/Sourcery_G++_Lite/bin/../lib/gcc/arm-none-eabi/4.5.2/thumb2/crtbegin.o
 *fill*         0x20000681        0x3 00
 .bss           0x20000684       0x18 Sensors/ppg.o
 .bss           0x2000069c        0x4 Sensors/pressure.o
 .bss           0x200006a0       0x20 Util/USB/mass_mal.o
                0x200006a0                Status
                0x200006a4                Data_Buffer
                0x200006a8                Mass_Block_Count
                0x200006b0                Mass_Block_Size
                0x200006b8                Mass_Memory_Size
 .bss           0x200006c0       0x24 Util/USB/memory.o
                0x200006c0                TransferState
                0x200006cc                Block_Read_count
                0x200006d0                Block_offset
                0x200006d4                Counter
                0x200006e0                Idx
 .bss           0x200006e4        0xd Util/USB/scsi_data.o
                0x200006e4                Page00_Inquiry_Data
                0x200006e9                ReadCapacity10_Data
 *fill*         0x200006f1        0x3 00
 .bss           0x200006f4       0x80 Util/USB/usb_bot.o
                0x200006f4                Bot_State
                0x200006f8                CSW
                0x20000708                CBW
                0x20000728                SCSI_LBA
                0x2000072c                SCSI_BlkLen
                0x20000730                Data_Len
                0x20000732                Bulk_Data_Buff
 .bss           0x20000774        0x4 Util/USB/usb_istr.o
                0x20000774                wIstr
                0x20000776                bIntPackSOF
 .bss           0x20000778        0x4 Util/USB/usb_prop.o
                0x20000778                Max_Lun
 .bss           0x2000077c        0x8 Util/USB/usb_pwr.o
                0x2000077c                ResumeS
                0x20000780                bDeviceState
 .bss           0x20000784        0x8 Util/fat_fs/src/ff.o
 .bss           0x2000078c       0x10 Util/fat_fs/src/sd_spi_stm32.o
 .bss           0x2000079c       0x84 Util/rprintf.o
 .bss           0x20000820        0x4 adc.o
                0x20000820                ADC1_Convertion_buff
 .bss           0x20000824        0x1 gpio.o
                0x20000824                bootsource
 *fill*         0x20000825        0x3 00
 .bss           0x20000828        0x8 interrupts.o
                0x20000828                Millis
 .bss           0x20000830      0x5a0 main.o
                0x20000830                print_string
                0x20000930                FATFS_logfile
                0x20000b54                a
                0x20000b58                Buff
                0x20000da0                f_err_code
                0x20000da4                FATFS_info
                0x20000dc4                file_opened
                0x20000dc5                Pressure_control
                0x20000dc8                pressure_setpoint
                0x20000dcc                reported_pressure
 .bss           0x20000dd0        0x1 lib/STM32_USB-FS-Device_Driver/libstm32usb.a(usb_core.o)
                0x20000dd0                Data_Mul_MaxPacketSize
 *fill*         0x20000dd1        0x3 00
 .bss           0x20000dd4       0x34 /home/laurence/CodeSourcery/Sourcery_G++_Lite/bin/../lib/gcc/arm-none-eabi/4.5.2/../../../../arm-none-eabi/lib/thumb2/libc.a(lib_a-mallocr.o)
                0x20000dd4                __malloc_top_pad
                0x20000dd8                __malloc_current_mallinfo
                0x20000e00                __malloc_max_sbrked_mem
                0x20000e04                __malloc_max_total_mem
 *(COMMON)
 COMMON         0x20000e08        0x2 lib/STM32_USB-FS-Device_Driver/libstm32usb.a(usb_core.o)
                0x20000e08                StatusInfo
 *fill*         0x20000e0a        0x2 00
 COMMON         0x20000e0c       0x32 lib/STM32_USB-FS-Device_Driver/libstm32usb.a(usb_init.o)
                0x20000e0c                SaveState
                0x20000e10                pProperty
                0x20000e14                EPindex
                0x20000e18                Device_Info
                0x20000e34                pUser_Standard_Requests
                0x20000e38                pInformation
                0x20000e3c                wInterrupt_Mask
 COMMON         0x20000e3e        0x4 lib/STM32_USB-FS-Device_Driver/libstm32usb.a(usb_int.o)
                0x20000e3e                SaveRState
                0x20000e40                SaveTState
 *fill*         0x20000e42        0x2 00
 COMMON         0x20000e44        0x4 /home/laurence/CodeSourcery/Sourcery_G++_Lite/bin/../lib/gcc/arm-none-eabi/4.5.2/../../../../arm-none-eabi/lib/thumb2/libc.a(lib_a-reent.o)
                0x20000e44                errno
 *(.ram.b)
                0x20000e48                . = ALIGN (0x8)
                0x20000e48                _end = .
                0x20000e48                __end = .
                0x20005000                __cs3_region_end_ram = (__cs3_region_start_ram + 0x5000)
                0x00005000                __cs3_region_size_ram = 0x5000
                0x08013f28                __cs3_region_init_ram = LOADADDR (.data)
                0x00000680                __cs3_region_init_size_ram = (_edata - ADDR (.data))
                0x000007c8                __cs3_region_zero_size_ram = (_end - _edata)
                0x00000001                __cs3_region_num = 0x1

.stab
 *(.stab)

.stabstr
 *(.stabstr)

.debug
 *(.debug)

.line
 *(.line)

.debug_srcinfo
 *(.debug_srcinfo)

.debug_sfnames
 *(.debug_sfnames)

.debug_aranges
 *(.debug_aranges)

.debug_pubnames
 *(.debug_pubnames)

.debug_info
 *(.debug_info .gnu.linkonce.wi.*)

.debug_abbrev
 *(.debug_abbrev)

.debug_line
 *(.debug_line)

.comment        0x00000000       0x2a
 .comment       0x00000000       0x2a Sensors/ppg.o
                                 0x2b (size before relaxing)
 .comment       0x00000000       0x2b Sensors/pressure.o
 .comment       0x00000000       0x2b Util/USB/hw_config.o
 .comment       0x00000000       0x2b Util/USB/mass_mal.o
 .comment       0x00000000       0x2b Util/USB/memory.o
 .comment       0x00000000       0x2b Util/USB/scsi_data.o
 .comment       0x00000000       0x2b Util/USB/usb_bot.o
 .comment       0x00000000       0x2b Util/USB/usb_desc.o
 .comment       0x00000000       0x2b Util/USB/usb_endp.o
 .comment       0x00000000       0x2b Util/USB/usb_istr.o
 .comment       0x00000000       0x2b Util/USB/usb_prop.o
 .comment       0x00000000       0x2b Util/USB/usb_pwr.o
 .comment       0x00000000       0x2b Util/USB/usb_scsi.o
 .comment       0x00000000       0x2b Util/buffer.o
 .comment       0x00000000       0x2b Util/fat_fs/option/cc932.o
 .comment       0x00000000       0x2b Util/fat_fs/option/syscall.o
 .comment       0x00000000       0x2b Util/fat_fs/src/fattime.o
 .comment       0x00000000       0x2b Util/fat_fs/src/ff.o
 .comment       0x00000000       0x2b Util/fat_fs/src/rtc.o
 .comment       0x00000000       0x2b Util/fat_fs/src/sd_spi_stm32.o
 .comment       0x00000000       0x2b Util/rprintf.o
 .comment       0x00000000       0x2b Util/stm32_eval_spi_sd.o
 .comment       0x00000000       0x2b adc.o
 .comment       0x00000000       0x2b gpio.o
 .comment       0x00000000       0x2b interrupts.o
 .comment       0x00000000       0x2b lib/CMSIS_CM3/core_cm3.o
 .comment       0x00000000       0x2b lib/CMSIS_CM3/system_stm32f10x.o
 .comment       0x00000000       0x2b main.o
 .comment       0x00000000       0x2b pwr.o
 .comment       0x00000000       0x2b timer.o
 .comment       0x00000000       0x2b usart.o
 .comment       0x00000000       0x2b lib/STM32F10x_StdPeriph_Driver/libstm32fw.a(misc.o)
 .comment       0x00000000       0x2b lib/STM32F10x_StdPeriph_Driver/libstm32fw.a(stm32f10x_adc.o)
 .comment       0x00000000       0x2b lib/STM32F10x_StdPeriph_Driver/libstm32fw.a(stm32f10x_bkp.o)
 .comment       0x00000000       0x2b lib/STM32F10x_StdPeriph_Driver/libstm32fw.a(stm32f10x_dma.o)
 .comment       0x00000000       0x2b lib/STM32F10x_StdPeriph_Driver/libstm32fw.a(stm32f10x_exti.o)
 .comment       0x00000000       0x2b lib/STM32F10x_StdPeriph_Driver/libstm32fw.a(stm32f10x_gpio.o)
 .comment       0x00000000       0x2b lib/STM32F10x_StdPeriph_Driver/libstm32fw.a(stm32f10x_pwr.o)
 .comment       0x00000000       0x2b lib/STM32F10x_StdPeriph_Driver/libstm32fw.a(stm32f10x_rcc.o)
 .comment       0x00000000       0x2b lib/STM32F10x_StdPeriph_Driver/libstm32fw.a(stm32f10x_rtc.o)
 .comment       0x00000000       0x2b lib/STM32F10x_StdPeriph_Driver/libstm32fw.a(stm32f10x_spi.o)
 .comment       0x00000000       0x2b lib/STM32F10x_StdPeriph_Driver/libstm32fw.a(stm32f10x_tim.o)
 .comment       0x00000000       0x2b lib/STM32F10x_StdPeriph_Driver/libstm32fw.a(stm32f10x_usart.o)
 .comment       0x00000000       0x2b lib/STM32_USB-FS-Device_Driver/libstm32usb.a(usb_core.o)
 .comment       0x00000000       0x2b lib/STM32_USB-FS-Device_Driver/libstm32usb.a(usb_init.o)
 .comment       0x00000000       0x2b lib/STM32_USB-FS-Device_Driver/libstm32usb.a(usb_int.o)
 .comment       0x00000000       0x2b lib/STM32_USB-FS-Device_Driver/libstm32usb.a(usb_mem.o)
 .comment       0x00000000       0x2b lib/STM32_USB-FS-Device_Driver/libstm32usb.a(usb_regs.o)
 .comment       0x00000000       0x2b lib/STM32_USB-FS-Device_Driver/libstm32usb.a(usb_sil.o)

.debug_frame    0x00000000      0x5d0
 *(.debug_frame)
 .debug_frame   0x00000000       0x30 /home/laurence/CodeSourcery/Sourcery_G++_Lite/bin/../lib/gcc/arm-none-eabi/4.5.2/../../../../arm-none-eabi/lib/thumb2/libm.a(lib_a-s_sin.o)
 .debug_frame   0x00000030       0x34 /home/laurence/CodeSourcery/Sourcery_G++_Lite/bin/../lib/gcc/arm-none-eabi/4.5.2/../../../../arm-none-eabi/lib/thumb2/libm.a(lib_a-w_asin.o)
 .debug_frame   0x00000064       0x38 /home/laurence/CodeSourcery/Sourcery_G++_Lite/bin/../lib/gcc/arm-none-eabi/4.5.2/../../../../arm-none-eabi/lib/thumb2/libm.a(lib_a-w_sqrt.o)
 .debug_frame   0x0000009c       0x3c /home/laurence/CodeSourcery/Sourcery_G++_Lite/bin/../lib/gcc/arm-none-eabi/4.5.2/../../../../arm-none-eabi/lib/thumb2/libm.a(lib_a-e_asin.o)
 .debug_frame   0x000000d8       0x3c /home/laurence/CodeSourcery/Sourcery_G++_Lite/bin/../lib/gcc/arm-none-eabi/4.5.2/../../../../arm-none-eabi/lib/thumb2/libm.a(lib_a-e_rem_pio2.o)
 .debug_frame   0x00000114       0x34 /home/laurence/CodeSourcery/Sourcery_G++_Lite/bin/../lib/gcc/arm-none-eabi/4.5.2/../../../../arm-none-eabi/lib/thumb2/libm.a(lib_a-e_sqrt.o)
 .debug_frame   0x00000148       0x3c /home/laurence/CodeSourcery/Sourcery_G++_Lite/bin/../lib/gcc/arm-none-eabi/4.5.2/../../../../arm-none-eabi/lib/thumb2/libm.a(lib_a-k_cos.o)
 .debug_frame   0x00000184       0x3c /home/laurence/CodeSourcery/Sourcery_G++_Lite/bin/../lib/gcc/arm-none-eabi/4.5.2/../../../../arm-none-eabi/lib/thumb2/libm.a(lib_a-k_rem_pio2.o)
 .debug_frame   0x000001c0       0x3c /home/laurence/CodeSourcery/Sourcery_G++_Lite/bin/../lib/gcc/arm-none-eabi/4.5.2/../../../../arm-none-eabi/lib/thumb2/libm.a(lib_a-k_sin.o)
 .debug_frame   0x000001fc       0x20 /home/laurence/CodeSourcery/Sourcery_G++_Lite/bin/../lib/gcc/arm-none-eabi/4.5.2/../../../../arm-none-eabi/lib/thumb2/libm.a(lib_a-s_fabs.o)
 .debug_frame   0x0000021c       0x34 /home/laurence/CodeSourcery/Sourcery_G++_Lite/bin/../lib/gcc/arm-none-eabi/4.5.2/../../../../arm-none-eabi/lib/thumb2/libm.a(lib_a-s_floor.o)
 .debug_frame   0x00000250       0x28 /home/laurence/CodeSourcery/Sourcery_G++_Lite/bin/../lib/gcc/arm-none-eabi/4.5.2/../../../../arm-none-eabi/lib/thumb2/libm.a(lib_a-s_fpclassify.o)
 .debug_frame   0x00000278       0x20 /home/laurence/CodeSourcery/Sourcery_G++_Lite/bin/../lib/gcc/arm-none-eabi/4.5.2/../../../../arm-none-eabi/lib/thumb2/libm.a(lib_a-s_matherr.o)
 .debug_frame   0x00000298       0x20 /home/laurence/CodeSourcery/Sourcery_G++_Lite/bin/../lib/gcc/arm-none-eabi/4.5.2/../../../../arm-none-eabi/lib/thumb2/libm.a(lib_a-s_nan.o)
 .debug_frame   0x000002b8       0x30 /home/laurence/CodeSourcery/Sourcery_G++_Lite/bin/../lib/gcc/arm-none-eabi/4.5.2/../../../../arm-none-eabi/lib/thumb2/libm.a(lib_a-s_scalbn.o)
 .debug_frame   0x000002e8       0x28 /home/laurence/CodeSourcery/Sourcery_G++_Lite/bin/../lib/gcc/arm-none-eabi/4.5.2/../../../../arm-none-eabi/lib/thumb2/libm.a(lib_a-s_copysign.o)
 .debug_frame   0x00000310       0x20 /home/laurence/CodeSourcery/Sourcery_G++_Lite/bin/../lib/gcc/arm-none-eabi/4.5.2/thumb2/libgcc.a(_divsi3.o)
 .debug_frame   0x00000330       0x20 /home/laurence/CodeSourcery/Sourcery_G++_Lite/bin/../lib/gcc/arm-none-eabi/4.5.2/../../../../arm-none-eabi/lib/thumb2/libc.a(lib_a-abs.o)
 .debug_frame   0x00000350       0x20 /home/laurence/CodeSourcery/Sourcery_G++_Lite/bin/../lib/gcc/arm-none-eabi/4.5.2/../../../../arm-none-eabi/lib/thumb2/libc.a(lib_a-errno.o)
 .debug_frame   0x00000370       0x30 /home/laurence/CodeSourcery/Sourcery_G++_Lite/bin/../lib/gcc/arm-none-eabi/4.5.2/../../../../arm-none-eabi/lib/thumb2/libc.a(lib_a-malloc.o)
 .debug_frame   0x000003a0       0x3c /home/laurence/CodeSourcery/Sourcery_G++_Lite/bin/../lib/gcc/arm-none-eabi/4.5.2/../../../../arm-none-eabi/lib/thumb2/libc.a(lib_a-mallocr.o)
 .debug_frame   0x000003dc       0x2c /home/laurence/CodeSourcery/Sourcery_G++_Lite/bin/../lib/gcc/arm-none-eabi/4.5.2/../../../../arm-none-eabi/lib/thumb2/libc.a(lib_a-memset.o)
 .debug_frame   0x00000408       0x30 /home/laurence/CodeSourcery/Sourcery_G++_Lite/bin/../lib/gcc/arm-none-eabi/4.5.2/../../../../arm-none-eabi/lib/thumb2/libc.a(lib_a-mlock.o)
 .debug_frame   0x00000438       0x2c /home/laurence/CodeSourcery/Sourcery_G++_Lite/bin/../lib/gcc/arm-none-eabi/4.5.2/../../../../arm-none-eabi/lib/thumb2/libc.a(lib_a-sbrkr.o)
 .debug_frame   0x00000464       0x20 /home/laurence/CodeSourcery/Sourcery_G++_Lite/bin/../lib/gcc/arm-none-eabi/4.5.2/../../../../arm-none-eabi/lib/thumb2/libc.a(lib_a-strlen.o)
 .debug_frame   0x00000484       0x50 /home/laurence/CodeSourcery/Sourcery_G++_Lite/bin/../lib/gcc/arm-none-eabi/4.5.2/../../../../arm-none-eabi/lib/thumb2/libc.a(lib_a-freer.o)
 .debug_frame   0x000004d4       0x68 /home/laurence/CodeSourcery/Sourcery_G++_Lite/bin/../lib/gcc/arm-none-eabi/4.5.2/../../../../arm-none-eabi/lib/thumb2/libc.a(lib_a-reent.o)
 .debug_frame   0x0000053c       0x40 /home/laurence/CodeSourcery/Sourcery_G++_Lite/bin/../lib/gcc/arm-none-eabi/4.5.2/../../../../arm-none-eabi/lib/thumb2/libcs3.a(start_c.o)
 .debug_frame   0x0000057c       0x28 /home/laurence/CodeSourcery/Sourcery_G++_Lite/bin/../lib/gcc/arm-none-eabi/4.5.2/../../../../arm-none-eabi/lib/thumb2/libcs3unhosted.a(unhosted-sbrk.o)
 .debug_frame   0x000005a4       0x2c /home/laurence/CodeSourcery/Sourcery_G++_Lite/bin/../lib/gcc/arm-none-eabi/4.5.2/../../../../arm-none-eabi/lib/thumb2/libc.a(lib_a-init.o)

.debug_str
 *(.debug_str)

.debug_loc
 *(.debug_loc)

.debug_macinfo
 *(.debug_macinfo)

.debug_weaknames
 *(.debug_weaknames)

.debug_funcnames
 *(.debug_funcnames)

.debug_typenames
 *(.debug_typenames)

.debug_varnames
 *(.debug_varnames)

.note.gnu.arm.ident
 *(.note.gnu.arm.ident)

.ARM.attributes
                0x00000000       0x25
 *(.ARM.attributes)
 .ARM.attributes
                0x00000000       0x19 /home/laurence/CodeSourcery/Sourcery_G++_Lite/bin/../lib/gcc/arm-none-eabi/4.5.2/thumb2/crti.o
 .ARM.attributes
                0x00000019       0x29 /home/laurence/CodeSourcery/Sourcery_G++_Lite/bin/../lib/gcc/arm-none-eabi/4.5.2/thumb2/crtbegin.o
 .ARM.attributes
                0x00000042       0x31 Sensors/ppg.o
 .ARM.attributes
                0x00000073       0x31 Sensors/pressure.o
 .ARM.attributes
                0x000000a4       0x31 Util/USB/hw_config.o
 .ARM.attributes
                0x000000d5       0x31 Util/USB/mass_mal.o
 .ARM.attributes
                0x00000106       0x31 Util/USB/memory.o
 .ARM.attributes
                0x00000137       0x31 Util/USB/scsi_data.o
 .ARM.attributes
                0x00000168       0x31 Util/USB/usb_bot.o
 .ARM.attributes
                0x00000199       0x31 Util/USB/usb_desc.o
 .ARM.attributes
                0x000001ca       0x31 Util/USB/usb_endp.o
 .ARM.attributes
                0x000001fb       0x31 Util/USB/usb_istr.o
 .ARM.attributes
                0x0000022c       0x31 Util/USB/usb_prop.o
 .ARM.attributes
                0x0000025d       0x31 Util/USB/usb_pwr.o
 .ARM.attributes
                0x0000028e       0x31 Util/USB/usb_scsi.o
 .ARM.attributes
                0x000002bf       0x31 Util/buffer.o
 .ARM.attributes
                0x000002f0       0x31 Util/fat_fs/option/cc932.o
 .ARM.attributes
                0x00000321       0x31 Util/fat_fs/option/syscall.o
 .ARM.attributes
                0x00000352       0x31 Util/fat_fs/src/fattime.o
 .ARM.attributes
                0x00000383       0x31 Util/fat_fs/src/ff.o
 .ARM.attributes
                0x000003b4       0x31 Util/fat_fs/src/rtc.o
 .ARM.attributes
                0x000003e5       0x31 Util/fat_fs/src/sd_spi_stm32.o
 .ARM.attributes
                0x00000416       0x31 Util/rprintf.o
 .ARM.attributes
                0x00000447       0x31 Util/stm32_eval_spi_sd.o
 .ARM.attributes
                0x00000478       0x31 adc.o
 .ARM.attributes
                0x000004a9       0x31 gpio.o
 .ARM.attributes
                0x000004da       0x31 interrupts.o
 .ARM.attributes
                0x0000050b       0x31 lib/CMSIS_CM3/core_cm3.o
 .ARM.attributes
                0x0000053c       0x21 lib/CMSIS_CM3/startup/gcc/startup_stm32f10x_md.o
 .ARM.attributes
                0x0000055d       0x31 lib/CMSIS_CM3/system_stm32f10x.o
 .ARM.attributes
                0x0000058e       0x31 main.o
 .ARM.attributes
                0x000005bf       0x31 pwr.o
 .ARM.attributes
                0x000005f0       0x31 timer.o
 .ARM.attributes
                0x00000621       0x31 usart.o
 .ARM.attributes
                0x00000652       0x31 lib/STM32F10x_StdPeriph_Driver/libstm32fw.a(misc.o)
 .ARM.attributes
                0x00000683       0x31 lib/STM32F10x_StdPeriph_Driver/libstm32fw.a(stm32f10x_adc.o)
 .ARM.attributes
                0x000006b4       0x31 lib/STM32F10x_StdPeriph_Driver/libstm32fw.a(stm32f10x_bkp.o)
 .ARM.attributes
                0x000006e5       0x31 lib/STM32F10x_StdPeriph_Driver/libstm32fw.a(stm32f10x_dma.o)
 .ARM.attributes
                0x00000716       0x31 lib/STM32F10x_StdPeriph_Driver/libstm32fw.a(stm32f10x_exti.o)
 .ARM.attributes
                0x00000747       0x31 lib/STM32F10x_StdPeriph_Driver/libstm32fw.a(stm32f10x_gpio.o)
 .ARM.attributes
                0x00000778       0x31 lib/STM32F10x_StdPeriph_Driver/libstm32fw.a(stm32f10x_pwr.o)
 .ARM.attributes
                0x000007a9       0x31 lib/STM32F10x_StdPeriph_Driver/libstm32fw.a(stm32f10x_rcc.o)
 .ARM.attributes
                0x000007da       0x31 lib/STM32F10x_StdPeriph_Driver/libstm32fw.a(stm32f10x_rtc.o)
 .ARM.attributes
                0x0000080b       0x31 lib/STM32F10x_StdPeriph_Driver/libstm32fw.a(stm32f10x_spi.o)
 .ARM.attributes
                0x0000083c       0x31 lib/STM32F10x_StdPeriph_Driver/libstm32fw.a(stm32f10x_tim.o)
 .ARM.attributes
                0x0000086d       0x31 lib/STM32F10x_StdPeriph_Driver/libstm32fw.a(stm32f10x_usart.o)
 .ARM.attributes
                0x0000089e       0x31 lib/STM32_USB-FS-Device_Driver/libstm32usb.a(usb_core.o)
 .ARM.attributes
                0x000008cf       0x31 lib/STM32_USB-FS-Device_Driver/libstm32usb.a(usb_init.o)
 .ARM.attributes
                0x00000900       0x31 lib/STM32_USB-FS-Device_Driver/libstm32usb.a(usb_int.o)
 .ARM.attributes
                0x00000931       0x31 lib/STM32_USB-FS-Device_Driver/libstm32usb.a(usb_mem.o)
 .ARM.attributes
                0x00000962       0x31 lib/STM32_USB-FS-Device_Driver/libstm32usb.a(usb_regs.o)
 .ARM.attributes
                0x00000993       0x31 lib/STM32_USB-FS-Device_Driver/libstm32usb.a(usb_sil.o)
 .ARM.attributes
                0x000009c4       0x29 /home/laurence/CodeSourcery/Sourcery_G++_Lite/bin/../lib/gcc/arm-none-eabi/4.5.2/../../../../arm-none-eabi/lib/thumb2/libm.a(lib_a-s_sin.o)
 .ARM.attributes
                0x000009ed       0x29 /home/laurence/CodeSourcery/Sourcery_G++_Lite/bin/../lib/gcc/arm-none-eabi/4.5.2/../../../../arm-none-eabi/lib/thumb2/libm.a(lib_a-w_asin.o)
 .ARM.attributes
                0x00000a16       0x29 /home/laurence/CodeSourcery/Sourcery_G++_Lite/bin/../lib/gcc/arm-none-eabi/4.5.2/../../../../arm-none-eabi/lib/thumb2/libm.a(lib_a-w_sqrt.o)
 .ARM.attributes
                0x00000a3f       0x29 /home/laurence/CodeSourcery/Sourcery_G++_Lite/bin/../lib/gcc/arm-none-eabi/4.5.2/../../../../arm-none-eabi/lib/thumb2/libm.a(lib_a-e_asin.o)
 .ARM.attributes
                0x00000a68       0x29 /home/laurence/CodeSourcery/Sourcery_G++_Lite/bin/../lib/gcc/arm-none-eabi/4.5.2/../../../../arm-none-eabi/lib/thumb2/libm.a(lib_a-e_rem_pio2.o)
 .ARM.attributes
                0x00000a91       0x29 /home/laurence/CodeSourcery/Sourcery_G++_Lite/bin/../lib/gcc/arm-none-eabi/4.5.2/../../../../arm-none-eabi/lib/thumb2/libm.a(lib_a-e_sqrt.o)
 .ARM.attributes
                0x00000aba       0x29 /home/laurence/CodeSourcery/Sourcery_G++_Lite/bin/../lib/gcc/arm-none-eabi/4.5.2/../../../../arm-none-eabi/lib/thumb2/libm.a(lib_a-k_cos.o)
 .ARM.attributes
                0x00000ae3       0x29 /home/laurence/CodeSourcery/Sourcery_G++_Lite/bin/../lib/gcc/arm-none-eabi/4.5.2/../../../../arm-none-eabi/lib/thumb2/libm.a(lib_a-k_rem_pio2.o)
 .ARM.attributes
                0x00000b0c       0x29 /home/laurence/CodeSourcery/Sourcery_G++_Lite/bin/../lib/gcc/arm-none-eabi/4.5.2/../../../../arm-none-eabi/lib/thumb2/libm.a(lib_a-k_sin.o)
 .ARM.attributes
                0x00000b35       0x29 /home/laurence/CodeSourcery/Sourcery_G++_Lite/bin/../lib/gcc/arm-none-eabi/4.5.2/../../../../arm-none-eabi/lib/thumb2/libm.a(lib_a-s_fabs.o)
 .ARM.attributes
                0x00000b5e       0x29 /home/laurence/CodeSourcery/Sourcery_G++_Lite/bin/../lib/gcc/arm-none-eabi/4.5.2/../../../../arm-none-eabi/lib/thumb2/libm.a(lib_a-s_floor.o)
 .ARM.attributes
                0x00000b87       0x29 /home/laurence/CodeSourcery/Sourcery_G++_Lite/bin/../lib/gcc/arm-none-eabi/4.5.2/../../../../arm-none-eabi/lib/thumb2/libm.a(lib_a-s_fpclassify.o)
 .ARM.attributes
                0x00000bb0       0x29 /home/laurence/CodeSourcery/Sourcery_G++_Lite/bin/../lib/gcc/arm-none-eabi/4.5.2/../../../../arm-none-eabi/lib/thumb2/libm.a(lib_a-s_lib_ver.o)
 .ARM.attributes
                0x00000bd9       0x29 /home/laurence/CodeSourcery/Sourcery_G++_Lite/bin/../lib/gcc/arm-none-eabi/4.5.2/../../../../arm-none-eabi/lib/thumb2/libm.a(lib_a-s_matherr.o)
 .ARM.attributes
                0x00000c02       0x29 /home/laurence/CodeSourcery/Sourcery_G++_Lite/bin/../lib/gcc/arm-none-eabi/4.5.2/../../../../arm-none-eabi/lib/thumb2/libm.a(lib_a-s_nan.o)
 .ARM.attributes
                0x00000c2b       0x29 /home/laurence/CodeSourcery/Sourcery_G++_Lite/bin/../lib/gcc/arm-none-eabi/4.5.2/../../../../arm-none-eabi/lib/thumb2/libm.a(lib_a-s_scalbn.o)
 .ARM.attributes
                0x00000c54       0x29 /home/laurence/CodeSourcery/Sourcery_G++_Lite/bin/../lib/gcc/arm-none-eabi/4.5.2/../../../../arm-none-eabi/lib/thumb2/libm.a(lib_a-s_copysign.o)
 .ARM.attributes
                0x00000c7d       0x1b /home/laurence/CodeSourcery/Sourcery_G++_Lite/bin/../lib/gcc/arm-none-eabi/4.5.2/thumb2/libgcc.a(_divsi3.o)
 .ARM.attributes
                0x00000c98       0x1b /home/laurence/CodeSourcery/Sourcery_G++_Lite/bin/../lib/gcc/arm-none-eabi/4.5.2/thumb2/libgcc.a(_dvmd_tls.o)
 .ARM.attributes
                0x00000cb3       0x1b /home/laurence/CodeSourcery/Sourcery_G++_Lite/bin/../lib/gcc/arm-none-eabi/4.5.2/thumb2/libgcc.a(_arm_addsubdf3.o)
 .ARM.attributes
                0x00000cce       0x1b /home/laurence/CodeSourcery/Sourcery_G++_Lite/bin/../lib/gcc/arm-none-eabi/4.5.2/thumb2/libgcc.a(_arm_muldivdf3.o)
 .ARM.attributes
                0x00000ce9       0x1b /home/laurence/CodeSourcery/Sourcery_G++_Lite/bin/../lib/gcc/arm-none-eabi/4.5.2/thumb2/libgcc.a(_arm_cmpdf2.o)
 .ARM.attributes
                0x00000d04       0x1b /home/laurence/CodeSourcery/Sourcery_G++_Lite/bin/../lib/gcc/arm-none-eabi/4.5.2/thumb2/libgcc.a(_arm_fixdfsi.o)
 .ARM.attributes
                0x00000d1f       0x1b /home/laurence/CodeSourcery/Sourcery_G++_Lite/bin/../lib/gcc/arm-none-eabi/4.5.2/thumb2/libgcc.a(_arm_fixunsdfsi.o)
 .ARM.attributes
                0x00000d3a       0x1b /home/laurence/CodeSourcery/Sourcery_G++_Lite/bin/../lib/gcc/arm-none-eabi/4.5.2/thumb2/libgcc.a(_arm_truncdfsf2.o)
 .ARM.attributes
                0x00000d55       0x1b /home/laurence/CodeSourcery/Sourcery_G++_Lite/bin/../lib/gcc/arm-none-eabi/4.5.2/thumb2/libgcc.a(_arm_addsubsf3.o)
 .ARM.attributes
                0x00000d70       0x1b /home/laurence/CodeSourcery/Sourcery_G++_Lite/bin/../lib/gcc/arm-none-eabi/4.5.2/thumb2/libgcc.a(_arm_muldivsf3.o)
 .ARM.attributes
                0x00000d8b       0x1b /home/laurence/CodeSourcery/Sourcery_G++_Lite/bin/../lib/gcc/arm-none-eabi/4.5.2/thumb2/libgcc.a(_arm_cmpsf2.o)
 .ARM.attributes
                0x00000da6       0x1b /home/laurence/CodeSourcery/Sourcery_G++_Lite/bin/../lib/gcc/arm-none-eabi/4.5.2/thumb2/libgcc.a(_arm_fixunssfsi.o)
 .ARM.attributes
                0x00000dc1       0x29 /home/laurence/CodeSourcery/Sourcery_G++_Lite/bin/../lib/gcc/arm-none-eabi/4.5.2/../../../../arm-none-eabi/lib/thumb2/libc.a(lib_a-abs.o)
 .ARM.attributes
                0x00000dea       0x29 /home/laurence/CodeSourcery/Sourcery_G++_Lite/bin/../lib/gcc/arm-none-eabi/4.5.2/../../../../arm-none-eabi/lib/thumb2/libc.a(lib_a-errno.o)
 .ARM.attributes
                0x00000e13       0x29 /home/laurence/CodeSourcery/Sourcery_G++_Lite/bin/../lib/gcc/arm-none-eabi/4.5.2/../../../../arm-none-eabi/lib/thumb2/libc.a(lib_a-impure.o)
 .ARM.attributes
                0x00000e3c       0x29 /home/laurence/CodeSourcery/Sourcery_G++_Lite/bin/../lib/gcc/arm-none-eabi/4.5.2/../../../../arm-none-eabi/lib/thumb2/libc.a(lib_a-malloc.o)
 .ARM.attributes
                0x00000e65       0x29 /home/laurence/CodeSourcery/Sourcery_G++_Lite/bin/../lib/gcc/arm-none-eabi/4.5.2/../../../../arm-none-eabi/lib/thumb2/libc.a(lib_a-mallocr.o)
 .ARM.attributes
                0x00000e8e       0x29 /home/laurence/CodeSourcery/Sourcery_G++_Lite/bin/../lib/gcc/arm-none-eabi/4.5.2/../../../../arm-none-eabi/lib/thumb2/libc.a(lib_a-memset.o)
 .ARM.attributes
                0x00000eb7       0x29 /home/laurence/CodeSourcery/Sourcery_G++_Lite/bin/../lib/gcc/arm-none-eabi/4.5.2/../../../../arm-none-eabi/lib/thumb2/libc.a(lib_a-mlock.o)
 .ARM.attributes
                0x00000ee0       0x29 /home/laurence/CodeSourcery/Sourcery_G++_Lite/bin/../lib/gcc/arm-none-eabi/4.5.2/../../../../arm-none-eabi/lib/thumb2/libc.a(lib_a-sbrkr.o)
 .ARM.attributes
                0x00000f09       0x29 /home/laurence/CodeSourcery/Sourcery_G++_Lite/bin/../lib/gcc/arm-none-eabi/4.5.2/../../../../arm-none-eabi/lib/thumb2/libc.a(lib_a-strlen.o)
 .ARM.attributes
                0x00000f32       0x29 /home/laurence/CodeSourcery/Sourcery_G++_Lite/bin/../lib/gcc/arm-none-eabi/4.5.2/../../../../arm-none-eabi/lib/thumb2/libc.a(lib_a-freer.o)
 .ARM.attributes
                0x00000f5b       0x29 /home/laurence/CodeSourcery/Sourcery_G++_Lite/bin/../lib/gcc/arm-none-eabi/4.5.2/../../../../arm-none-eabi/lib/thumb2/libc.a(lib_a-reent.o)
 .ARM.attributes
                0x00000f84       0x29 /home/laurence/CodeSourcery/Sourcery_G++_Lite/bin/../lib/gcc/arm-none-eabi/4.5.2/thumb2/crtend.o
 .ARM.attributes
                0x00000fad       0x19 /home/laurence/CodeSourcery/Sourcery_G++_Lite/bin/../lib/gcc/arm-none-eabi/4.5.2/thumb2/crtn.o
 .ARM.attributes
                0x00000fc6       0x29 /home/laurence/CodeSourcery/Sourcery_G++_Lite/bin/../lib/gcc/arm-none-eabi/4.5.2/../../../../arm-none-eabi/lib/thumb2/libcs3.a(start_c.o)
 .ARM.attributes
                0x00000fef       0x29 /home/laurence/CodeSourcery/Sourcery_G++_Lite/bin/../lib/gcc/arm-none-eabi/4.5.2/../../../../arm-none-eabi/lib/thumb2/libcs3unhosted.a(unhosted-sbrk.o)
 .ARM.attributes
                0x00001018       0x19 /home/laurence/CodeSourcery/Sourcery_G++_Lite/bin/../lib/gcc/arm-none-eabi/4.5.2/../../../../arm-none-eabi/lib/thumb2/libcs3unhosted.a(unhosted-start.o)
 .ARM.attributes
                0x00001031       0x1f lib/libcs3-lanchon-stm32.a(lanchon-stm32-vector.o)
 .ARM.attributes
                0x00001050       0x21 lib/libcs3-lanchon-stm32.a(lanchon_stm32_isr_interrupt.o)
 .ARM.attributes
                0x00001071       0x29 /home/laurence/CodeSourcery/Sourcery_G++_Lite/bin/../lib/gcc/arm-none-eabi/4.5.2/../../../../arm-none-eabi/lib/thumb2/libc.a(lib_a-init.o)
 .ARM.attributes
                0x0000109a       0x29 /home/laurence/CodeSourcery/Sourcery_G++_Lite/bin/../lib/gcc/arm-none-eabi/4.5.2/../../../../arm-none-eabi/lib/thumb2/libcs3.a(heap.o)

/DISCARD/
 *(.note.GNU-stack)
OUTPUT(main.elf elf32-littlearm)

Cross Reference Table

Symbol                                            File
ADC1_2_IRQHandler                                 lib/CMSIS_CM3/startup/gcc/startup_stm32f10x_md.o
ADC1_Convertion_buff                              adc.o
                                                  interrupts.o
ADC_AnalogWatchdogCmd                             lib/STM32F10x_StdPeriph_Driver/libstm32fw.a(stm32f10x_adc.o)
ADC_AnalogWatchdogSingleChannelConfig             lib/STM32F10x_StdPeriph_Driver/libstm32fw.a(stm32f10x_adc.o)
ADC_AnalogWatchdogThresholdsConfig                lib/STM32F10x_StdPeriph_Driver/libstm32fw.a(stm32f10x_adc.o)
ADC_AutoInjectedConvCmd                           lib/STM32F10x_StdPeriph_Driver/libstm32fw.a(stm32f10x_adc.o)
ADC_ClearFlag                                     lib/STM32F10x_StdPeriph_Driver/libstm32fw.a(stm32f10x_adc.o)
ADC_ClearITPendingBit                             lib/STM32F10x_StdPeriph_Driver/libstm32fw.a(stm32f10x_adc.o)
ADC_Cmd                                           lib/STM32F10x_StdPeriph_Driver/libstm32fw.a(stm32f10x_adc.o)
                                                  adc.o