Archive member included because of file (symbol)

lib/STM32F10x_StdPeriph_Driver/libstm32fw.a(misc.o)
                              Util/USB/hw_config.o (NVIC_PriorityGroupConfig)
lib/STM32F10x_StdPeriph_Driver/libstm32fw.a(stm32f10x_adc.o)
                              adc.o (ADC_DeInit)
lib/STM32F10x_StdPeriph_Driver/libstm32fw.a(stm32f10x_bkp.o)
                              Util/fat_fs/src/rtc.o (BKP_DeInit)
lib/STM32F10x_StdPeriph_Driver/libstm32fw.a(stm32f10x_dbgmcu.o)
                              main.o (DBGMCU_Config)
lib/STM32F10x_StdPeriph_Driver/libstm32fw.a(stm32f10x_dma.o)
                              Util/fat_fs/src/sd_spi_stm32.o (DMA_DeInit)
lib/STM32F10x_StdPeriph_Driver/libstm32fw.a(stm32f10x_exti.o)
                              interrupts.o (EXTI_DeInit)
lib/STM32F10x_StdPeriph_Driver/libstm32fw.a(stm32f10x_gpio.o)
                              Util/fat_fs/src/sd_spi_stm32.o (GPIO_Init)
lib/STM32F10x_StdPeriph_Driver/libstm32fw.a(stm32f10x_i2c.o)
                              i2c_int.o (I2C_DeInit)
lib/STM32F10x_StdPeriph_Driver/libstm32fw.a(stm32f10x_iwdg.o)
                              watchdog.o (IWDG_WriteAccessCmd)
lib/STM32F10x_StdPeriph_Driver/libstm32fw.a(stm32f10x_pwr.o)
                              pwr.o (PWR_DeInit)
lib/STM32F10x_StdPeriph_Driver/libstm32fw.a(stm32f10x_rcc.o)
                              interrupts.o (RCC_HCLKConfig)
lib/STM32F10x_StdPeriph_Driver/libstm32fw.a(stm32f10x_rtc.o)
                              Util/fat_fs/src/rtc.o (RTC_GetCounter)
lib/STM32F10x_StdPeriph_Driver/libstm32fw.a(stm32f10x_spi.o)
                              Util/fat_fs/src/sd_spi_stm32.o (SPI_I2S_DeInit)
lib/STM32F10x_StdPeriph_Driver/libstm32fw.a(stm32f10x_tim.o)
                              timer.o (TIM_DeInit)
lib/STM32F10x_StdPeriph_Driver/libstm32fw.a(stm32f10x_usart.o)
                              usart.o (USART_Init)
lib/STM32_USB-FS-Device_Driver/libstm32usb.a(usb_core.o)
                              Util/USB/usb_prop.o (Standard_GetDescriptorData)
lib/STM32_USB-FS-Device_Driver/libstm32usb.a(usb_init.o)
                              main.o (USB_Init)
lib/STM32_USB-FS-Device_Driver/libstm32usb.a(usb_int.o)
                              Util/USB/usb_istr.o (CTR_LP)
lib/STM32_USB-FS-Device_Driver/libstm32usb.a(usb_mem.o)
                              lib/STM32_USB-FS-Device_Driver/libstm32usb.a(usb_core.o) (UserToPMABufferCopy)
lib/STM32_USB-FS-Device_Driver/libstm32usb.a(usb_regs.o)
                              Util/USB/usb_prop.o (SetBTABLE)
lib/STM32_USB-FS-Device_Driver/libstm32usb.a(usb_sil.o)
                              Util/USB/usb_prop.o (USB_SIL_Init)
/home/laurence/CodeSourcery/Sourcery_G++_Lite/bin/../lib/gcc/arm-none-eabi/4.5.2/../../../../arm-none-eabi/lib/thumb2/libm.a(lib_a-sf_sin.o)
                              Sensors/ppg.o (sinf)
/home/laurence/CodeSourcery/Sourcery_G++_Lite/bin/../lib/gcc/arm-none-eabi/4.5.2/../../../../arm-none-eabi/lib/thumb2/libm.a(lib_a-w_sqrt.o)
                              Sensors/ppg.o (sqrt)
/home/laurence/CodeSourcery/Sourcery_G++_Lite/bin/../lib/gcc/arm-none-eabi/4.5.2/../../../../arm-none-eabi/lib/thumb2/libm.a(lib_a-wf_asin.o)
                              Sensors/ppg.o (asinf)
/home/laurence/CodeSourcery/Sourcery_G++_Lite/bin/../lib/gcc/arm-none-eabi/4.5.2/../../../../arm-none-eabi/lib/thumb2/libm.a(lib_a-e_sqrt.o)
                              /home/laurence/CodeSourcery/Sourcery_G++_Lite/bin/../lib/gcc/arm-none-eabi/4.5.2/../../../../arm-none-eabi/lib/thumb2/libm.a(lib_a-w_sqrt.o) (__ieee754_sqrt)
/home/laurence/CodeSourcery/Sourcery_G++_Lite/bin/../lib/gcc/arm-none-eabi/4.5.2/../../../../arm-none-eabi/lib/thumb2/libm.a(lib_a-ef_asin.o)
                              /home/laurence/CodeSourcery/Sourcery_G++_Lite/bin/../lib/gcc/arm-none-eabi/4.5.2/../../../../arm-none-eabi/lib/thumb2/libm.a(lib_a-wf_asin.o) (__ieee754_asinf)
/home/laurence/CodeSourcery/Sourcery_G++_Lite/bin/../lib/gcc/arm-none-eabi/4.5.2/../../../../arm-none-eabi/lib/thumb2/libm.a(lib_a-ef_rem_pio2.o)
                              /home/laurence/CodeSourcery/Sourcery_G++_Lite/bin/../lib/gcc/arm-none-eabi/4.5.2/../../../../arm-none-eabi/lib/thumb2/libm.a(lib_a-sf_sin.o) (__ieee754_rem_pio2f)
/home/laurence/CodeSourcery/Sourcery_G++_Lite/bin/../lib/gcc/arm-none-eabi/4.5.2/../../../../arm-none-eabi/lib/thumb2/libm.a(lib_a-ef_sqrt.o)
                              /home/laurence/CodeSourcery/Sourcery_G++_Lite/bin/../lib/gcc/arm-none-eabi/4.5.2/../../../../arm-none-eabi/lib/thumb2/libm.a(lib_a-ef_asin.o) (__ieee754_sqrtf)
/home/laurence/CodeSourcery/Sourcery_G++_Lite/bin/../lib/gcc/arm-none-eabi/4.5.2/../../../../arm-none-eabi/lib/thumb2/libm.a(lib_a-kf_cos.o)
                              /home/laurence/CodeSourcery/Sourcery_G++_Lite/bin/../lib/gcc/arm-none-eabi/4.5.2/../../../../arm-none-eabi/lib/thumb2/libm.a(lib_a-sf_sin.o) (__kernel_cosf)
[...]
Memory Configuration

Name             Origin             Length             Attributes
ram              0x20000000         0x00005000         xrw
rom              0x08000000         0x00020000         xr
*default*        0x00000000         0xffffffff

Linker script and memory map

LOAD /home/laurence/CodeSourcery/Sourcery_G++_Lite/bin/../lib/gcc/arm-none-eabi/4.5.2/thumb2/crti.o
LOAD /home/laurence/CodeSourcery/Sourcery_G++_Lite/bin/../lib/gcc/arm-none-eabi/4.5.2/thumb2/crtbegin.o
LOAD Sensors/ppg.o
LOAD Sensors/pressure.o
LOAD Sensors/temperature.o
LOAD Util/USB/hw_config.o
LOAD Util/USB/mass_mal.o
LOAD Util/USB/memory.o
LOAD Util/USB/scsi_data.o
LOAD Util/USB/usb_bot.o
LOAD Util/USB/usb_desc.o
LOAD Util/USB/usb_endp.o
LOAD Util/USB/usb_istr.o
LOAD Util/USB/usb_prop.o
LOAD Util/USB/usb_pwr.o
LOAD Util/USB/usb_scsi.o
LOAD Util/buffer.o
LOAD Util/delay.o
LOAD Util/fat_fs/option/cc932.o
LOAD Util/fat_fs/option/syscall.o
LOAD Util/fat_fs/src/fattime.o
LOAD Util/fat_fs/src/ff.o
LOAD Util/fat_fs/src/rtc.o
LOAD Util/fat_fs/src/sd_spi_stm32.o
LOAD Util/rprintf.o
LOAD Util/stm32_eval_spi_sd.o
LOAD adc.o
LOAD gpio.o
LOAD i2c_int.o
LOAD interrupts.o
LOAD lib/CMSIS_CM3/core_cm3.o
LOAD lib/CMSIS_CM3/startup/gcc/startup_stm32f10x_md.o
LOAD lib/CMSIS_CM3/system_stm32f10x.o
LOAD main.o
LOAD pwr.o
LOAD timer.o
LOAD usart.o
LOAD watchdog.o
LOAD lib/STM32F10x_StdPeriph_Driver/libstm32fw.a
LOAD lib/STM32_USB-FS-Device_Driver/libstm32usb.a
LOAD /home/laurence/CodeSourcery/Sourcery_G++_Lite/bin/../lib/gcc/arm-none-eabi/4.5.2/../../../../arm-none-eabi/lib/thumb2/libm.a
START GROUP
LOAD /home/laurence/CodeSourcery/Sourcery_G++_Lite/bin/../lib/gcc/arm-none-eabi/4.5.2/thumb2/libgcc.a
LOAD /home/laurence/CodeSourcery/Sourcery_G++_Lite/bin/../lib/gcc/arm-none-eabi/4.5.2/../../../../arm-none-eabi/lib/thumb2/libc.a
END GROUP
LOAD /home/laurence/CodeSourcery/Sourcery_G++_Lite/bin/../lib/gcc/arm-none-eabi/4.5.2/thumb2/crtend.o
LOAD /home/laurence/CodeSourcery/Sourcery_G++_Lite/bin/../lib/gcc/arm-none-eabi/4.5.2/thumb2/crtn.o
START GROUP
LOAD /home/laurence/CodeSourcery/Sourcery_G++_Lite/bin/../lib/gcc/arm-none-eabi/4.5.2/thumb2/libgcc.a
LOAD /home/laurence/CodeSourcery/Sourcery_G++_Lite/bin/../lib/gcc/arm-none-eabi/4.5.2/../../../../arm-none-eabi/lib/thumb2/libc.a
LOAD /home/laurence/CodeSourcery/Sourcery_G++_Lite/bin/../lib/gcc/arm-none-eabi/4.5.2/../../../../arm-none-eabi/lib/thumb2/libcs3.a
LOAD /home/laurence/CodeSourcery/Sourcery_G++_Lite/bin/../lib/gcc/arm-none-eabi/4.5.2/../../../../arm-none-eabi/lib/thumb2/libcs3unhosted.a
LOAD lib/libcs3-lanchon-stm32.a
END GROUP
                0x20005000                PROVIDE (__cs3_stack, (__cs3_region_start_ram + __cs3_region_size_ram))
                0x20001500                PROVIDE (__cs3_heap_start, _end)
                0x20005000                PROVIDE (__cs3_heap_end, (__cs3_region_start_ram + __cs3_region_size_ram))

.text           0x08000000    0x1ba88
 CREATE_OBJECT_SYMBOLS
                0x08000000                __cs3_region_start_rom = .
 *(.cs3.region-head.rom)
                0x08000000                __cs3_interrupt_vector = __cs3_interrupt_vector_lanchon_stm32
 *(.cs3.interrupt_vector)
 .cs3.interrupt_vector
                0x08000000       0xec lib/libcs3-lanchon-stm32.a(lanchon-stm32-vector.o)
                0x08000000                __cs3_interrupt_vector_lanchon_stm32
                0x08000001                ASSERT ((. != __cs3_interrupt_vector_lanchon_stm32), No interrupt vector)
 *(.rom)
 *(.rom.b)
                0x08013ccc                PROVIDE (__cs3_reset_lanchon_stm32, _start)
                0x08013ccc                __cs3_reset = __cs3_reset_lanchon_stm32
 *(.cs3.reset)
 *(.text .text.* .gnu.linkonce.t.*)
 .text          0x080000ec       0x30 /home/laurence/CodeSourcery/Sourcery_G++_Lite/bin/../lib/gcc/arm-none-eabi/4.5.2/thumb2/crtbegin.o
 *fill*         0x0800011c        0x4 00
 .text          0x08000120      0x560 Sensors/ppg.o
                0x08000120                PPG_LO_Filter
                0x0800043c                PPG_Automatic_Brightness_Control
                0x080005bc                PPG_correct_brightness
                0x08000648                PWM_Linear
 .text          0x08000680      0x258 Sensors/pressure.o
                0x08000680                calibrate_sensor
                0x080006cc                conv_adc_diff
                0x08000704                conv_diff
                0x08000734                filterloop
 .text          0x080008d8       0x50 Sensors/temperature.o
                0x080008d8                convert_die_temp
                0x080008f4                convert_tmp102_temp
 .text          0x08000928      0x2a0 Util/USB/hw_config.o
                0x08000928                Set_System
                0x08000930                Set_USBClock
                0x08000948                Enter_LowPowerMode
                0x08000954                Leave_LowPowerMode
                0x08000974                USB_Interrupts_Config
                0x080009b8                Led_RW_ON
                0x080009c8                Led_RW_OFF
                0x080009d8                USB_Configured_LED
                0x080009e8                USB_NotConfigured_LED
                0x080009f8                USB_Cable_Config
                0x080009fc                Get_SerialNum
                0x08000bc0                MAL_Config
 .text          0x08000bc8       0xe4 Util/USB/mass_mal.o
                0x08000bc8                MAL_Init
                0x08000c14                MAL_Write
                0x08000c38                MAL_Read
                0x08000c5c                MAL_GetStatus
 .text          0x08000cac      0x1d8 Util/USB/memory.o
                0x08000cac                Read_Memory
                0x08000d90                Write_Memory
 .text          0x08000e84      0x628 Util/USB/usb_bot.o
                0x08000e84                Mass_Storage_In
                0x08000f0c                CBW_Decode
                0x0800136c                Mass_Storage_Out
                0x080013fc                Transfer_Data_Request
                0x08001430                Set_CSW
                0x0800146c                Bot_Abort
 .text          0x080014ac        0x8 Util/USB/usb_endp.o
                0x080014ac                EP1_IN_Callback
                0x080014b0                EP2_OUT_Callback
 .text          0x080014b4       0xf0 Util/USB/usb_istr.o
                0x080014b4                USB_Istr
 .text          0x080015a4      0x268 Util/USB/usb_prop.o
                0x080015a4                Mass_Storage_SetDeviceAddress
                0x080015b0                MASS_Status_In
                0x080015b4                MASS_Status_Out
                0x080015b8                MASS_Get_Interface_Setting
                0x080015c8                Get_Max_Lun
                0x080015e0                MASS_Data_Setup
                0x08001624                MASS_GetStringDescriptor
                0x08001644                MASS_GetConfigDescriptor
                0x08001650                MASS_GetDeviceDescriptor
                0x0800165c                MASS_NoData_Setup
                0x080016ac                Mass_Storage_SetConfiguration
                0x080016dc                Mass_Storage_ClearFeature
                0x080016f8                MASS_Reset
                0x080017e8                MASS_init
 .text          0x0800180c      0x1c4 Util/USB/usb_pwr.o
                0x0800180c                PowerOn
                0x0800183c                PowerOff
                0x08001860                Suspend
                0x080018a4                Resume_Init
                0x080018e4                Resume
 .text          0x080019d0      0x460 Util/USB/usb_scsi.o
                0x080019d0                SCSI_Inquiry_Cmd
                0x08001a08                SCSI_ReadFormatCapacity_Cmd
                0x08001a7c                SCSI_ReadCapacity10_Cmd
                0x08001af8                SCSI_ModeSense6_Cmd
                0x08001b04                SCSI_ModeSense10_Cmd
                0x08001b10                SCSI_RequestSense_Cmd
                0x08001b28                Set_Scsi_Sense_Data
                0x08001b34                SCSI_Start_Stop_Unit_Cmd
                0x08001b3c                SCSI_Read10_Cmd
                0x08001bec                SCSI_Write10_Cmd
                0x08001c98                SCSI_Verify10_Cmd
                0x08001cd8                SCSI_Valid_Cmd
                0x08001d10                SCSI_TestUnitReady_Cmd
                0x08001d44                SCSI_Format_Cmd
                0x08001d70                SCSI_Invalid_Cmd
                0x08001dac                SCSI_Address_Management
 .text          0x08001e30       0x78 Util/buffer.o
                0x08001e30                Add_To_Buffer
                0x08001e64                Get_From_Buffer
                0x08001e94                init_buffer
 .text          0x08001ea8       0x34 Util/delay.o
                0x08001ea8                Delay
 .text          0x08001edc      0x25c Util/fat_fs/option/cc932.o
                0x08001edc                ff_convert
                0x08002108                ff_wtoupper
 .text          0x08002138       0x48 Util/fat_fs/src/fattime.o
                0x08002138                get_fattime
 .text          0x08002180     0x643c Util/fat_fs/src/ff.o
                0x08002a68                clust2sect
                0x08002a84                get_fat
                0x08003028                put_fat
                0x08004dcc                gen_numname
                0x08005a64                f_mount
                0x08005a84                f_open
                0x08005ef0                f_read
                0x080062d8                f_write
                0x0800670c                f_sync
                0x080068e4                f_close
                0x080068f4                f_lseek
                0x08006ac0                f_opendir
                0x08006b2c                f_readdir
                0x08006ba0                f_stat
                0x08006be8                f_getfree
                0x08006e4c                f_truncate
                0x08006fbc                f_unlink
                0x080070d4                f_mkdir
                0x080074fc                f_chmod
                0x08007558                f_utime
                0x080075b8                f_rename
                0x08007878                f_gets
                0x08007994                f_putc
                0x080079b8                f_puts
                0x080079f4                f_printf
 .text          0x080085bc      0x484 Util/fat_fs/src/rtc.o
                0x080085bc                rtc_gettime
                0x0800873c                my_RTC_SetCounter
                0x08008760                rtc_settime
                0x08008994                rtc_init
 .text          0x08008a40      0xf98 Util/fat_fs/src/sd_spi_stm32.o
                0x08008e68                disk_initialize
                0x08009014                disk_status
                0x08009024                disk_read
                0x080091a0                disk_write
                0x08009340                disk_ioctl
                0x0800999c                disk_timerproc
 .text          0x080099d8     0x182c Util/rprintf.o
                0x080099d8                rprintfInit
                0x080099e4                rprintfChar
                0x08009a0c                rprintfStr
                0x08009a44                rprintfStrLen
                0x08009c08                rprintfCRLF
                0x08009c20                rprintfu04
                0x08009c4c                rprintfu08
                0x08009c94                rprintfu16
                0x08009d30                rprintfu32
                0x08009e7c                rprintfNum
                0x0800a0ec                rprintfFloat
                0x0800a3b0                rprintf2RamRom
                0x0800b1ac                Isdigit
                0x0800b1bc                atoiRamRom
                0x0800b1f4                rStrLen
 .text          0x0800b204      0x23c adc.o
                0x0800b204                ADC_Configuration
                0x0800b3c0                readADC2
                0x0800b3f8                setADC2
                0x0800b418                getADC2
 .text          0x0800b440      0x240 gpio.o
                0x0800b440                setup_gpio
                0x0800b5f4                switch_leds_on
                0x0800b61c                switch_leds_off
                0x0800b644                red_flash
                0x0800b674                get_wkup
 .text          0x0800b680      0x86c i2c_int.o
                0x0800b680                I2C1_EV_IRQHandler
                0x0800bc00                I2C1_Request_Job
                0x0800bc54                I2C1_Setup_Job
                0x0800bc68                I2C_Config
                0x0800bdf0                I2C1_ER_IRQHandler
 *fill*         0x0800beec        0x4 00
 .text          0x0800bef0      0x5c8 interrupts.o
                0x0800bef0                ISR_Config
                0x0800bf64                EXTI_ONOFF_EN
                0x0800bfc4                DMA_ISR_Config
                0x0800bfe8                SysTick_Configuration
                0x0800c020                EXTI0_IRQHandler
                0x0800c0ac                DMAChannel1_IRQHandler
                0x0800c0f0                ADC1_2_IRQHandler
                0x0800c184                SysTickHandler
                0x0800c4ac                USB_HP_CAN_TX_IRQHandler
                0x0800c4b0                USB_LP_CAN_RX0_IRQHandler
 .text.Default_Handler
                0x0800c4b8        0x2 lib/CMSIS_CM3/startup/gcc/startup_stm32f10x_md.o
                0x0800c4b8                EXTI2_IRQHandler
                0x0800c4b8                DebugMon_Handler
                0x0800c4b8                TIM1_CC_IRQHandler
                0x0800c4b8                HardFault_Handler
                0x0800c4b8                SysTick_Handler
                0x0800c4b8                PVD_IRQHandler
                0x0800c4b8                PendSV_Handler
                0x0800c4b8                NMI_Handler
                0x0800c4b8                EXTI3_IRQHandler
                0x0800c4b8                I2C2_EV_IRQHandler
                0x0800c4b8                UsageFault_Handler
                0x0800c4b8                SPI1_IRQHandler
                0x0800c4b8                TAMPER_IRQHandler
                0x0800c4b8                DMA1_Channel4_IRQHandler
                0x0800c4b8                USART3_IRQHandler
                0x0800c4b8                RTC_IRQHandler
                0x0800c4b8                DMA1_Channel7_IRQHandler
                0x0800c4b8                CAN1_RX1_IRQHandler
                0x0800c4b8                TIM4_IRQHandler
                0x0800c4b8                DMA1_Channel6_IRQHandler
                0x0800c4b8                TIM3_IRQHandler
                0x0800c4b8                RCC_IRQHandler
                0x0800c4b8                TIM1_TRG_COM_IRQHandler
                0x0800c4b8                DMA1_Channel1_IRQHandler
                0x0800c4b8                Default_Handler
                0x0800c4b8                EXTI15_10_IRQHandler
                0x0800c4b8                EXTI9_5_IRQHandler
                0x0800c4b8                SPI2_IRQHandler
                0x0800c4b8                MemManage_Handler
                0x0800c4b8                SVC_Handler
                0x0800c4b8                DMA1_Channel5_IRQHandler
                0x0800c4b8                EXTI4_IRQHandler
                0x0800c4b8                USB_LP_CAN1_RX0_IRQHandler
                0x0800c4b8                USB_HP_CAN1_TX_IRQHandler
                0x0800c4b8                DMA1_Channel3_IRQHandler
                0x0800c4b8                TIM1_UP_IRQHandler
                0x0800c4b8                WWDG_IRQHandler
                0x0800c4b8                TIM2_IRQHandler
                0x0800c4b8                TIM1_BRK_IRQHandler
                0x0800c4b8                EXTI1_IRQHandler
                0x0800c4b8                RTCAlarm_IRQHandler
                0x0800c4b8                USART2_IRQHandler
                0x0800c4b8                I2C2_ER_IRQHandler
                0x0800c4b8                DMA1_Channel2_IRQHandler
                0x0800c4b8                CAN1_SCE_IRQHandler
                0x0800c4b8                FLASH_IRQHandler
                0x0800c4b8                BusFault_Handler
                0x0800c4b8                USART1_IRQHandler
                0x0800c4b8                USBWakeUp_IRQHandler
 *fill*         0x0800c4ba        0x2 00
 .text          0x0800c4bc       0xfc lib/CMSIS_CM3/system_stm32f10x.o
                0x0800c4bc                SystemInit
 .text          0x0800c5b8      0x710 main.o
                0x0800c5b8                __str_print_char
                0x0800c5e4                __fat_print_char
                0x0800c604                main
                0x0800cc20                detect_sensors
 .text          0x0800ccc8       0x70 pwr.o
                0x0800ccc8                setuppwr
                0x0800ccdc                shutdown
                0x0800ccec                disable_pin
                0x0800ccf4                shutdown_filesystem
 .text          0x0800cd38      0x1e0 timer.o
                0x0800cd38                setup_pwm
                0x0800ce80                Tryfudge
                0x0800ced0                Set_Motor
 .text          0x0800cf18      0x110 usart.o
                0x0800cf18                Usarts_Init
                0x0800cfc4                Default_Usart_Config
                0x0800cfe0                Usart_Send_Str
                0x0800d00c                __usart_send_char
 .text          0x0800d028       0x40 watchdog.o
                0x0800d028                Watchdog_Config
                0x0800d054                Watchdog_Reset_Detect
 .text          0x0800d068       0xb8 lib/STM32F10x_StdPeriph_Driver/libstm32fw.a(misc.o)
                0x0800d068                NVIC_PriorityGroupConfig
                0x0800d07c                NVIC_Init
                0x0800d0dc                NVIC_SetVectorTable
                0x0800d0f0                NVIC_SystemLPConfig
                0x0800d108                SysTick_CLKSourceConfig
 .text          0x0800d120      0x380 lib/STM32F10x_StdPeriph_Driver/libstm32fw.a(stm32f10x_adc.o)
                0x0800d120                ADC_DeInit
                0x0800d17c                ADC_Init
                0x0800d1c8                ADC_StructInit
                0x0800d1da                ADC_Cmd
                0x0800d1ee                ADC_DMACmd
                0x0800d202                ADC_ITConfig
                0x0800d216                ADC_ResetCalibration
                0x0800d220                ADC_GetResetCalibrationStatus
                0x0800d228                ADC_StartCalibration
                0x0800d232                ADC_GetCalibrationStatus
                0x0800d23a                ADC_SoftwareStartConvCmd
                0x0800d24e                ADC_GetSoftwareStartConvStatus
                0x0800d256                ADC_DiscModeChannelCountConfig
                0x0800d266                ADC_DiscModeCmd
                0x0800d27a                ADC_RegularChannelConfig
                0x0800d308                ADC_ExternalTrigConvCmd
                0x0800d31c                ADC_GetConversionValue
                0x0800d322                ADC_GetDualModeConversionValue
                0x0800d32c                ADC_AutoInjectedConvCmd
                0x0800d340                ADC_InjectedDiscModeCmd
                0x0800d354                ADC_ExternalTrigInjectedConvConfig
                0x0800d362                ADC_ExternalTrigInjectedConvCmd
                0x0800d376                ADC_SoftwareStartInjectedConvCmd
                0x0800d38a                ADC_GetSoftwareStartInjectedConvCmdStatus
                0x0800d392                ADC_InjectedChannelConfig
                0x0800d3ee                ADC_InjectedSequencerLengthConfig
                0x0800d3fe                ADC_SetInjectedOffset
                0x0800d414                ADC_GetInjectedConversionValue
                0x0800d42e                ADC_AnalogWatchdogCmd
                0x0800d440                ADC_AnalogWatchdogThresholdsConfig
                0x0800d446                ADC_AnalogWatchdogSingleChannelConfig
                0x0800d454                ADC_TempSensorVrefintCmd
                0x0800d470                ADC_GetFlagStatus
                0x0800d47c                ADC_ClearFlag
                0x0800d482                ADC_GetITStatus
                0x0800d498                ADC_ClearITPendingBit
 .text          0x0800d4a0       0xe0 lib/STM32F10x_StdPeriph_Driver/libstm32fw.a(stm32f10x_bkp.o)
                0x0800d4a0                BKP_DeInit
                0x0800d4b2                BKP_TamperPinLevelConfig
                0x0800d4bc                BKP_TamperPinCmd
                0x0800d4c8                BKP_ITConfig
                0x0800d4d4                BKP_RTCOutputConfig
                0x0800d4ec                BKP_SetRTCCalibrationValue
                0x0800d504                BKP_WriteBackupRegister
                0x0800d520                BKP_ReadBackupRegister
                0x0800d540                BKP_GetFlagStatus
                0x0800d54c                BKP_ClearFlag
                0x0800d560                BKP_GetITStatus
                0x0800d56c                BKP_ClearITPendingBit
 .text          0x0800d580       0x34 lib/STM32F10x_StdPeriph_Driver/libstm32fw.a(stm32f10x_dbgmcu.o)
                0x0800d580                DBGMCU_GetREVID
                0x0800d58c                DBGMCU_GetDEVID
                0x0800d59c                DBGMCU_Config
 .text          0x0800d5b4      0x1f0 lib/STM32F10x_StdPeriph_Driver/libstm32fw.a(stm32f10x_dma.o)
                0x0800d5b4                DMA_DeInit
                0x0800d6b0                DMA_Init
                0x0800d6f0                DMA_StructInit
                0x0800d70a                DMA_Cmd
                0x0800d71e                DMA_ITConfig
                0x0800d730                DMA_GetCurrDataCounter
                0x0800d736                DMA_GetFlagStatus
                0x0800d754                DMA_ClearFlag
                0x0800d76c                DMA_GetITStatus
                0x0800d78c                DMA_ClearITPendingBit
 .text          0x0800d7a4      0x108 lib/STM32F10x_StdPeriph_Driver/libstm32fw.a(stm32f10x_exti.o)
                0x0800d7a4                EXTI_DeInit
                0x0800d7c0                EXTI_Init
                0x0800d844                EXTI_StructInit
                0x0800d852                EXTI_GenerateSWInterrupt
                0x0800d864                EXTI_GetFlagStatus
                0x0800d878                EXTI_ClearFlag
                0x0800d884                EXTI_GetITStatus
                0x0800d8a0                EXTI_ClearITPendingBit
 .text          0x0800d8ac      0x278 lib/STM32F10x_StdPeriph_Driver/libstm32fw.a(stm32f10x_gpio.o)
                0x0800d8ac                GPIO_DeInit
                0x0800d958                GPIO_AFIODeInit
                0x0800d96e                GPIO_Init
                0x0800da06                GPIO_StructInit
                0x0800da16                GPIO_ReadInputDataBit
                0x0800da22                GPIO_ReadInputData
                0x0800da28                GPIO_ReadOutputDataBit
                0x0800da34                GPIO_ReadOutputData
                0x0800da3a                GPIO_SetBits
                0x0800da3e                GPIO_ResetBits
                0x0800da42                GPIO_WriteBit
                0x0800da4c                GPIO_Write
                0x0800da50                GPIO_PinLockConfig
                0x0800da60                GPIO_EventOutputConfig
                0x0800da80                GPIO_EventOutputCmd
                0x0800da8c                GPIO_PinRemapConfig
                0x0800dae4                GPIO_EXTILineConfig
                0x0800db18                GPIO_ETH_MediaInterfaceConfig
 .text          0x0800db24      0x3b4 lib/STM32F10x_StdPeriph_Driver/libstm32fw.a(stm32f10x_i2c.o)
                0x0800db24                I2C_DeInit
                0x0800db58                I2C_Init
                0x0800dc28                I2C_StructInit
                0x0800dc44                I2C_Cmd
                0x0800dc5e                I2C_DMACmd
                0x0800dc78                I2C_DMALastTransferCmd
                0x0800dc92                I2C_GenerateSTART
                0x0800dcac                I2C_GenerateSTOP
                0x0800dcc6                I2C_AcknowledgeConfig
                0x0800dce0                I2C_OwnAddress2Config
                0x0800dcf6                I2C_DualAddressCmd
                0x0800dd10                I2C_GeneralCallCmd
                0x0800dd2a                I2C_ITConfig
                0x0800dd40                I2C_SendData
                0x0800dd44                I2C_ReceiveData
                0x0800dd4a                I2C_Send7bitAddress
                0x0800dd5a                I2C_ReadRegister
                0x0800dd72                I2C_SoftwareResetCmd
                0x0800dd8a                I2C_SMBusAlertConfig
                0x0800dda8                I2C_TransmitPEC
                0x0800ddc2                I2C_PECPositionConfig
                0x0800dde0                I2C_CalculatePEC
                0x0800ddfa                I2C_GetPEC
                0x0800de02                I2C_ARPCmd
                0x0800de1c                I2C_StretchClockCmd
                0x0800de36                I2C_FastModeDutyCycleConfig
                0x0800de54                I2C_GetLastEvent
                0x0800de64                I2C_CheckEvent
                0x0800de7c                I2C_GetFlagStatus
                0x0800deb0                I2C_ClearFlag
                0x0800deb6                I2C_GetITStatus
                0x0800ded2                I2C_ClearITPendingBit
 .text          0x0800ded8       0x58 lib/STM32F10x_StdPeriph_Driver/libstm32fw.a(stm32f10x_iwdg.o)
                0x0800ded8                IWDG_WriteAccessCmd
                0x0800dee4                IWDG_SetPrescaler
                0x0800def0                IWDG_SetReload
                0x0800defc                IWDG_ReloadCounter
                0x0800df0c                IWDG_Enable
                0x0800df1c                IWDG_GetFlagStatus
 .text          0x0800df30       0xcc lib/STM32F10x_StdPeriph_Driver/libstm32fw.a(stm32f10x_pwr.o)
                0x0800df34                PWR_DeInit
                0x0800df4e                PWR_BackupAccessCmd
                0x0800df58                PWR_PVDCmd
                0x0800df64                PWR_PVDLevelConfig
                0x0800df78                PWR_WakeUpPinCmd
                0x0800df84                PWR_EnterSTOPMode
                0x0800dfb0                PWR_EnterSTANDBYMode
                0x0800dfd8                PWR_GetFlagStatus
                0x0800dfec                PWR_ClearFlag
 .text          0x0800dffc      0x360 lib/STM32F10x_StdPeriph_Driver/libstm32fw.a(stm32f10x_rcc.o)
                0x0800dffc                RCC_DeInit
                0x0800e03c                RCC_HSEConfig
                0x0800e074                RCC_AdjustHSICalibrationValue
                0x0800e088                RCC_HSICmd
                0x0800e094                RCC_PLLConfig
                0x0800e0ac                RCC_PLLCmd
                0x0800e0b8                RCC_SYSCLKConfig
                0x0800e0cc                RCC_GetSYSCLKSource
                0x0800e0dc                RCC_HCLKConfig
                0x0800e0f0                RCC_PCLK1Config
                0x0800e104                RCC_PCLK2Config
                0x0800e118                RCC_ITConfig
                0x0800e130                RCC_USBCLKConfig
                0x0800e13c                RCC_ADCCLKConfig
                0x0800e150                RCC_LSEConfig
                0x0800e170                RCC_LSICmd
                0x0800e17c                RCC_RTCCLKConfig
                0x0800e18c                RCC_RTCCLKCmd
                0x0800e198                RCC_GetClocksFreq
                0x0800e23c                RCC_AHBPeriphClockCmd
                0x0800e254                RCC_APB2PeriphClockCmd
                0x0800e26c                RCC_APB1PeriphClockCmd
                0x0800e284                RCC_APB2PeriphResetCmd
                0x0800e29c                RCC_APB1PeriphResetCmd
                0x0800e2b4                RCC_BackupResetCmd
                0x0800e2c0                RCC_ClockSecuritySystemCmd
                0x0800e2cc                RCC_MCOConfig
                0x0800e2d8                RCC_GetFlagStatus
                0x0800e300                RCC_WaitForHSEStartUp
                0x0800e32c                RCC_ClearFlag
                0x0800e33c                RCC_GetITStatus
                0x0800e350                RCC_ClearITPendingBit
 .text          0x0800e35c      0x158 lib/STM32F10x_StdPeriph_Driver/libstm32fw.a(stm32f10x_rtc.o)
                0x0800e35c                RTC_ITConfig
                0x0800e378                RTC_EnterConfigMode
                0x0800e38c                RTC_ExitConfigMode
                0x0800e3a0                RTC_GetCounter
                0x0800e3b4                RTC_SetCounter
                0x0800e3d0                RTC_SetPrescaler
                0x0800e3f0                RTC_SetAlarm
                0x0800e40c                RTC_GetDivider
                0x0800e424                RTC_WaitForLastTask
                0x0800e434                RTC_WaitForSynchro
                0x0800e454                RTC_GetFlagStatus
                0x0800e468                RTC_ClearFlag
                0x0800e47c                RTC_GetITStatus
                0x0800e4a0                RTC_ClearITPendingBit
 .text          0x0800e4b4      0x2d4 lib/STM32F10x_StdPeriph_Driver/libstm32fw.a(stm32f10x_spi.o)
                0x0800e4b4                SPI_I2S_DeInit
                0x0800e518                SPI_Init
                0x0800e558                I2S_Init
                0x0800e5f8                SPI_StructInit
                0x0800e610                I2S_StructInit
                0x0800e622                SPI_Cmd
                0x0800e63c                I2S_Cmd
                0x0800e656                SPI_I2S_ITConfig
                0x0800e674                SPI_I2S_DMACmd
                0x0800e68a                SPI_I2S_SendData
                0x0800e68e                SPI_I2S_ReceiveData
                0x0800e694                SPI_NSSInternalSoftwareConfig
                0x0800e6b4                SPI_SSOutputCmd
                0x0800e6ce                SPI_DataSizeConfig
                0x0800e6e6                SPI_TransmitCRC
                0x0800e6f2                SPI_CalculateCRC
                0x0800e70c                SPI_GetCRC
                0x0800e71c                SPI_GetCRCPolynomial
                0x0800e722                SPI_BiDirectionalLineConfig
                0x0800e740                SPI_I2S_GetFlagStatus
                0x0800e74c                SPI_I2S_ClearFlag
                0x0800e752                SPI_I2S_GetITStatus
                0x0800e778                SPI_I2S_ClearITPendingBit
 .text          0x0800e788      0xa80 lib/STM32F10x_StdPeriph_Driver/libstm32fw.a(stm32f10x_tim.o)
                0x0800e7f6                TIM_DeInit
                0x0800e8c0                TIM_TimeBaseInit
                0x0800e8fc                TIM_OC1Init
                0x0800e97c                TIM_OC2Init
                0x0800ea04                TIM_OC3Init
                0x0800ea88                TIM_OC4Init
                0x0800eaec                TIM_BDTRConfig
                0x0800eb0e                TIM_TimeBaseStructInit
                0x0800eb20                TIM_OCStructInit
                0x0800eb34                TIM_ICStructInit
                0x0800eb44                TIM_BDTRStructInit
                0x0800eb56                TIM_Cmd
                0x0800eb70                TIM_CtrlPWMOutputs
                0x0800eb8e                TIM_ITConfig
                0x0800eba4                TIM_GenerateEvent
                0x0800eba8                TIM_DMAConfig
                0x0800ebb0                TIM_DMACmd
                0x0800ebc6                TIM_InternalClockConfig
                0x0800ebd4                TIM_ETRConfig
                0x0800ebea                TIM_ETRClockMode2Config
                0x0800ebfe                TIM_ETRClockMode1Config
                0x0800ec18                TIM_PrescalerConfig
                0x0800ec1e                TIM_CounterModeConfig
                0x0800ec30                TIM_SelectInputTrigger
                0x0800ec42                TIM_TIxExternalClockConfig
                0x0800ec70                TIM_ITRxExternalClockConfig
                0x0800ec84                TIM_EncoderInterfaceConfig
                0x0800ecc2                TIM_ForcedOC1Config
                0x0800ecd4                TIM_ForcedOC2Config
                0x0800ece6                TIM_ForcedOC3Config
                0x0800ecf8                TIM_ForcedOC4Config
                0x0800ed0a                TIM_ARRPreloadConfig
                0x0800ed24                TIM_SelectCOM
                0x0800ed3e                TIM_SelectCCDMA
                0x0800ed58                TIM_CCPreloadControl
                0x0800ed72                TIM_OC1PreloadConfig
                0x0800ed84                TIM_OC2PreloadConfig
                0x0800ed96                TIM_OC3PreloadConfig
                0x0800eda8                TIM_OC4PreloadConfig
                0x0800edba                TIM_OC1FastConfig
                0x0800edcc                TIM_OC2FastConfig
                0x0800edde                TIM_OC3FastConfig
                0x0800edf0                TIM_OC4FastConfig
                0x0800ee02                TIM_ClearOC1Ref
                0x0800ee14                TIM_ClearOC2Ref
                0x0800ee22                TIM_ClearOC3Ref
                0x0800ee34                TIM_ClearOC4Ref
                0x0800ee42                TIM_OC1PolarityConfig
                0x0800ee54                TIM_OC1NPolarityConfig
                0x0800ee66                TIM_OC2PolarityConfig
                0x0800ee78                TIM_OC2NPolarityConfig
                0x0800ee8a                TIM_OC3PolarityConfig
                0x0800ee9c                TIM_OC3NPolarityConfig
                0x0800eeae                TIM_OC4PolarityConfig
                0x0800eec0                TIM_CCxCmd
                0x0800eede                TIM_CCxNCmd
                0x0800eefc                TIM_SelectOCxM
                0x0800ef48                TIM_UpdateDisableConfig
                0x0800ef62                TIM_UpdateRequestConfig
                0x0800ef7c                TIM_SelectHallSensor
                0x0800ef96                TIM_SelectOnePulseMode
                0x0800efae                TIM_SelectOutputTrigger
                0x0800efc6                TIM_SelectSlaveMode
                0x0800efde                TIM_SelectMasterSlaveMode
                0x0800eff6                TIM_SetCounter
                0x0800effa                TIM_SetAutoreload
                0x0800effe                TIM_SetCompare1
                0x0800f002                TIM_SetCompare2
                0x0800f006                TIM_SetCompare3
                0x0800f00a                TIM_SetCompare4
                0x0800f010                TIM_SetIC1Prescaler
                0x0800f028                TIM_SetIC2Prescaler
                0x0800f040                TIM_PWMIConfig
                0x0800f0ac                TIM_SetIC3Prescaler
                0x0800f0c4                TIM_SetIC4Prescaler
                0x0800f0dc                TIM_ICInit
                0x0800f1a0                TIM_SetClockDivision
                0x0800f1b2                TIM_GetCapture1
                0x0800f1b8                TIM_GetCapture2
                0x0800f1be                TIM_GetCapture3
                0x0800f1c4                TIM_GetCapture4
                0x0800f1cc                TIM_GetCounter
                0x0800f1d2                TIM_GetPrescaler
                0x0800f1d8                TIM_GetFlagStatus
                0x0800f1e4                TIM_ClearFlag
                0x0800f1ea                TIM_GetITStatus
                0x0800f200                TIM_ClearITPendingBit
 .text          0x0800f208      0x374 lib/STM32F10x_StdPeriph_Driver/libstm32fw.a(stm32f10x_usart.o)
                0x0800f208                USART_DeInit
                0x0800f2a0                USART_Init
                0x0800f330                USART_StructInit
                0x0800f346                USART_ClockInit
                0x0800f36c                USART_ClockStructInit
                0x0800f378                USART_Cmd
                0x0800f392                USART_ITConfig
                0x0800f3c8                USART_DMACmd
                0x0800f3de                USART_SetAddress
                0x0800f3f6                USART_WakeUpConfig
                0x0800f40e                USART_ReceiverWakeUpCmd
                0x0800f428                USART_LINBreakDetectLengthConfig
                0x0800f440                USART_LINCmd
                0x0800f45a                USART_SendData
                0x0800f462                USART_ReceiveData
                0x0800f46a                USART_SendBreak
                0x0800f476                USART_SetGuardTime
                0x0800f488                USART_SetPrescaler
                0x0800f49c                USART_SmartCardCmd
                0x0800f4b6                USART_SmartCardNACKCmd
                0x0800f4d0                USART_HalfDuplexCmd
                0x0800f4ea                USART_IrDAConfig
                0x0800f502                USART_IrDACmd
                0x0800f51c                USART_GetFlagStatus
                0x0800f528                USART_ClearFlag
                0x0800f52e                USART_GetITStatus
                0x0800f56e                USART_ClearITPendingBit
 .text          0x0800f57c      0xa54 lib/STM32_USB-FS-Device_Driver/libstm32usb.a(usb_core.o)
                0x0800f57c                Standard_GetConfiguration
                0x0800f5a4                Standard_GetInterface
                0x0800f5cc                Standard_GetStatus
                0x0800f740                Standard_SetConfiguration
                0x0800f77c                Standard_SetInterface
                0x0800f7cc                Standard_ClearFeature
                0x0800f8c8                Standard_SetEndPointFeature
                0x0800f97c                Standard_SetDeviceFeature
                0x0800f9a0                Standard_GetDescriptorData
                0x0800f9bc                Post0_Process
                0x0800fa04                Out0_Process
                0x0800fae0                Setup0_Process
                0x0800feb0                SetDeviceAddress
                0x0800ff6c                In0_Process
                0x0800ffcc                NOP_Process
 .text          0x0800ffd0       0x38 lib/STM32_USB-FS-Device_Driver/libstm32usb.a(usb_init.o)
                0x0800ffd0                USB_Init
 .text          0x08010008      0x25c lib/STM32_USB-FS-Device_Driver/libstm32usb.a(usb_int.o)
                0x08010008                CTR_LP
                0x080101d0                CTR_HP
 .text          0x08010264       0xb8 lib/STM32_USB-FS-Device_Driver/libstm32usb.a(usb_mem.o)
                0x08010264                UserToPMABufferCopy
                0x080102cc                PMAToUserBufferCopy
 .text          0x0801031c      0x880 lib/STM32_USB-FS-Device_Driver/libstm32usb.a(usb_regs.o)
                0x0801031c                SetCNTR
                0x08010328                GetCNTR
                0x08010334                SetISTR
                0x08010340                GetISTR
                0x0801034c                GetFNR
                0x08010358                SetDADDR
                0x08010364                GetDADDR
                0x08010370                SetBTABLE
                0x08010384                GetBTABLE
                0x08010390                SetENDPOINT
                0x080103a0                GetENDPOINT
                0x080103b0                SetEPType
                0x080103cc                GetEPType
                0x080103e0                SetEPTxStatus
                0x08010420                SetEPRxStatus
                0x08010460                SetDouBleBuffEPStall
                0x08010488                GetEPTxStatus
                0x0801049c                GetEPRxStatus
                0x080104b0                SetEPTxValid
                0x080104d4                SetEPRxValid
                0x080104f8                SetEP_KIND
                0x08010518                ClearEP_KIND
                0x08010538                Clear_Status_Out
                0x08010558                Set_Status_Out
                0x08010578                SetEPDoubleBuff
                0x08010598                ClearEPDoubleBuff
                0x080105b8                GetTxStallStatus
                0x080105d8                GetRxStallStatus
                0x080105f8                ClearEP_CTR_RX
                0x08010610                ClearEP_CTR_TX
                0x08010628                ToggleDTOG_RX
                0x08010648                ToggleDTOG_TX
                0x08010668                ClearDTOG_RX
                0x08010690                ClearDTOG_TX
                0x080106b8                SetEPAddress
                0x080106dc                GetEPAddress
                0x080106f0                SetEPTxAddr
                0x08010714                SetEPRxAddr
                0x0801073c                GetEPTxAddr
                0x0801075c                GetEPRxAddr
                0x0801077c                SetEPTxCount
                0x0801079c                SetEPCountRxReg
                0x080107c8                SetEPRxCount
                0x08010810                GetEPTxCount
                0x08010834                GetEPRxCount
                0x08010858                SetEPDblBuffAddr
                0x080108a0                SetEPDblBuf0Addr
                0x080108c4                SetEPDblBuf1Addr
                0x080108ec                GetEPDblBuf0Addr
                0x0801090c                GetEPDblBuf1Addr
                0x0801092c                SetEPDblBuffCount
                0x080109d8                SetEPDblBuf0Count
                0x08010a40                SetEPDblBuf1Count
                0x08010aa8                GetEPDblBuf0Count
                0x08010acc                GetEPDblBuf1Count
                0x08010af0                GetEPDblBufDir
                0x08010b38                FreeUserBuffer
                0x08010b88                ToWord
                0x08010b90                ByteSwap
 .text          0x08010b9c       0x6c lib/STM32_USB-FS-Device_Driver/libstm32usb.a(usb_sil.o)
                0x08010b9c                USB_SIL_Init
                0x08010bbc                USB_SIL_Write
                0x08010be4                USB_SIL_Read
 .text          0x08010c08       0x78 /home/laurence/CodeSourcery/Sourcery_G++_Lite/bin/../lib/gcc/arm-none-eabi/4.5.2/../../../../arm-none-eabi/lib/thumb2/libm.a(lib_a-sf_sin.o)
                0x08010c08                sinf
 .text          0x08010c80       0xac /home/laurence/CodeSourcery/Sourcery_G++_Lite/bin/../lib/gcc/arm-none-eabi/4.5.2/../../../../arm-none-eabi/lib/thumb2/libm.a(lib_a-w_sqrt.o)
                0x08010c80                sqrt
 .text          0x08010d2c       0xa8 /home/laurence/CodeSourcery/Sourcery_G++_Lite/bin/../lib/gcc/arm-none-eabi/4.5.2/../../../../arm-none-eabi/lib/thumb2/libm.a(lib_a-wf_asin.o)
                0x08010d2c                asinf
 .text          0x08010dd4      0x1c0 /home/laurence/CodeSourcery/Sourcery_G++_Lite/bin/../lib/gcc/arm-none-eabi/4.5.2/../../../../arm-none-eabi/lib/thumb2/libm.a(lib_a-e_sqrt.o)
                0x08010dd4                __ieee754_sqrt
 .text          0x08010f94      0x318 /home/laurence/CodeSourcery/Sourcery_G++_Lite/bin/../lib/gcc/arm-none-eabi/4.5.2/../../../../arm-none-eabi/lib/thumb2/libm.a(lib_a-ef_asin.o)
                0x08010f94                __ieee754_asinf
 .text          0x080112ac      0x358 /home/laurence/CodeSourcery/Sourcery_G++_Lite/bin/../lib/gcc/arm-none-eabi/4.5.2/../../../../arm-none-eabi/lib/thumb2/libm.a(lib_a-ef_rem_pio2.o)
                0x080112ac                __ieee754_rem_pio2f
 .text          0x08011604       0xb0 /home/laurence/CodeSourcery/Sourcery_G++_Lite/bin/../lib/gcc/arm-none-eabi/4.5.2/../../../../arm-none-eabi/lib/thumb2/libm.a(lib_a-ef_sqrt.o)
                0x08011604                __ieee754_sqrtf
 .text          0x080116b4      0x1b8 /home/laurence/CodeSourcery/Sourcery_G++_Lite/bin/../lib/gcc/arm-none-eabi/4.5.2/../../../../arm-none-eabi/lib/thumb2/libm.a(lib_a-kf_cos.o)
                0x080116b4                __kernel_cosf
 .text          0x0801186c      0x63c /home/laurence/CodeSourcery/Sourcery_G++_Lite/bin/../lib/gcc/arm-none-eabi/4.5.2/../../../../arm-none-eabi/lib/thumb2/libm.a(lib_a-kf_rem_pio2.o)
                0x0801186c                __kernel_rem_pio2f
 .text          0x08011ea8      0x100 /home/laurence/CodeSourcery/Sourcery_G++_Lite/bin/../lib/gcc/arm-none-eabi/4.5.2/../../../../arm-none-eabi/lib/thumb2/libm.a(lib_a-kf_sin.o)
                0x08011ea8                __kernel_sinf
 .text          0x08011fa8       0x90 /home/laurence/CodeSourcery/Sourcery_G++_Lite/bin/../lib/gcc/arm-none-eabi/4.5.2/../../../../arm-none-eabi/lib/thumb2/libm.a(lib_a-s_fpclassify.o)
                0x08011fa8                __fpclassifyd
 .text          0x08012038        0x4 /home/laurence/CodeSourcery/Sourcery_G++_Lite/bin/../lib/gcc/arm-none-eabi/4.5.2/../../../../arm-none-eabi/lib/thumb2/libm.a(lib_a-s_matherr.o)
                0x08012038                matherr
 .text          0x0801203c        0xc /home/laurence/CodeSourcery/Sourcery_G++_Lite/bin/../lib/gcc/arm-none-eabi/4.5.2/../../../../arm-none-eabi/lib/thumb2/libm.a(lib_a-s_nan.o)
                0x0801203c                nan
 .text          0x08012048        0x8 /home/laurence/CodeSourcery/Sourcery_G++_Lite/bin/../lib/gcc/arm-none-eabi/4.5.2/../../../../arm-none-eabi/lib/thumb2/libm.a(lib_a-sf_fabs.o)
                0x08012048                fabsf
 .text          0x08012050       0xa0 /home/laurence/CodeSourcery/Sourcery_G++_Lite/bin/../lib/gcc/arm-none-eabi/4.5.2/../../../../arm-none-eabi/lib/thumb2/libm.a(lib_a-sf_floor.o)
                0x08012050                floorf
 .text          0x080120f0       0x7c /home/laurence/CodeSourcery/Sourcery_G++_Lite/bin/../lib/gcc/arm-none-eabi/4.5.2/../../../../arm-none-eabi/lib/thumb2/libm.a(lib_a-sf_fpclassify.o)
                0x080120f0                __fpclassifyf
 .text          0x0801216c       0xc0 /home/laurence/CodeSourcery/Sourcery_G++_Lite/bin/../lib/gcc/arm-none-eabi/4.5.2/../../../../arm-none-eabi/lib/thumb2/libm.a(lib_a-sf_scalbn.o)
                0x0801216c                scalbnf
 .text          0x0801222c       0x10 /home/laurence/CodeSourcery/Sourcery_G++_Lite/bin/../lib/gcc/arm-none-eabi/4.5.2/../../../../arm-none-eabi/lib/thumb2/libm.a(lib_a-sf_copysign.o)
                0x0801222c                copysignf
 .text          0x0801223c      0x370 /home/laurence/CodeSourcery/Sourcery_G++_Lite/bin/../lib/gcc/arm-none-eabi/4.5.2/thumb2/libgcc.a(_arm_addsubdf3.o)
                0x0801223c                __aeabi_drsub
                0x08012244                __aeabi_dsub
                0x08012244                __subdf3
                0x08012248                __adddf3
                0x08012248                __aeabi_dadd
                0x080124c0                __aeabi_ui2d
                0x080124c0                __floatunsidf
                0x080124e0                __floatsidf
                0x080124e0                __aeabi_i2d
                0x08012504                __extendsfdf2
                0x08012504                __aeabi_f2d
                0x08012540                __aeabi_ul2d
                0x08012540                __floatundidf
                0x08012550                __floatdidf
                0x08012550                __aeabi_l2d
 .text          0x080125ac      0x424 /home/laurence/CodeSourcery/Sourcery_G++_Lite/bin/../lib/gcc/arm-none-eabi/4.5.2/thumb2/libgcc.a(_arm_muldivdf3.o)
                0x080125ac                __aeabi_dmul
                0x080125ac                __muldf3
                0x08012800                __aeabi_ddiv
                0x08012800                __divdf3
 .text          0x080129d0      0x110 /home/laurence/CodeSourcery/Sourcery_G++_Lite/bin/../lib/gcc/arm-none-eabi/4.5.2/thumb2/libgcc.a(_arm_cmpdf2.o)
                0x080129d0                __gtdf2
                0x080129d0                __gedf2
                0x080129d8                __ltdf2
                0x080129d8                __ledf2
                0x080129e0                __cmpdf2
                0x080129e0                __eqdf2
                0x080129e0                __nedf2
                0x08012a5c                __aeabi_cdrcmple
                0x08012a6c                __aeabi_cdcmple
                0x08012a6c                __aeabi_cdcmpeq
                0x08012a7c                __aeabi_dcmpeq
                0x08012a90                __aeabi_dcmplt
                0x08012aa4                __aeabi_dcmple
                0x08012ab8                __aeabi_dcmpge
                0x08012acc                __aeabi_dcmpgt
 .text          0x08012ae0       0x50 /home/laurence/CodeSourcery/Sourcery_G++_Lite/bin/../lib/gcc/arm-none-eabi/4.5.2/thumb2/libgcc.a(_arm_fixdfsi.o)
                0x08012ae0                __fixdfsi
                0x08012ae0                __aeabi_d2iz
 .text          0x08012b30       0x40 /home/laurence/CodeSourcery/Sourcery_G++_Lite/bin/../lib/gcc/arm-none-eabi/4.5.2/thumb2/libgcc.a(_arm_fixunsdfsi.o)
                0x08012b30                __fixunsdfsi
                0x08012b30                __aeabi_d2uiz
 .text          0x08012b70       0xa0 /home/laurence/CodeSourcery/Sourcery_G++_Lite/bin/../lib/gcc/arm-none-eabi/4.5.2/thumb2/libgcc.a(_arm_truncdfsf2.o)
                0x08012b70                __aeabi_d2f
                0x08012b70                __truncdfsf2
 .text          0x08012c10      0x21c /home/laurence/CodeSourcery/Sourcery_G++_Lite/bin/../lib/gcc/arm-none-eabi/4.5.2/thumb2/libgcc.a(_arm_addsubsf3.o)
                0x08012c10                __aeabi_frsub
                0x08012c18                __subsf3
                0x08012c18                __aeabi_fsub
                0x08012c1c                __aeabi_fadd
                0x08012c1c                __addsf3
                0x08012d7c                __aeabi_ui2f
                0x08012d7c                __floatunsisf
                0x08012d84                __aeabi_i2f
                0x08012d84                __floatsisf
                0x08012da0                __floatundisf
                0x08012da0                __aeabi_ul2f
                0x08012db0                __floatdisf
                0x08012db0                __aeabi_l2f
 .text          0x08012e2c      0x2a0 /home/laurence/CodeSourcery/Sourcery_G++_Lite/bin/../lib/gcc/arm-none-eabi/4.5.2/thumb2/libgcc.a(_arm_muldivsf3.o)
                0x08012e2c                __mulsf3
                0x08012e2c                __aeabi_fmul
                0x08012f94                __divsf3
                0x08012f94                __aeabi_fdiv
 .text          0x080130cc       0xec /home/laurence/CodeSourcery/Sourcery_G++_Lite/bin/../lib/gcc/arm-none-eabi/4.5.2/thumb2/libgcc.a(_arm_cmpsf2.o)
                0x080130cc                __gtsf2
                0x080130cc                __gesf2
                0x080130d4                __lesf2
                0x080130d4                __ltsf2
                0x080130dc                __nesf2
                0x080130dc                __eqsf2
                0x080130dc                __cmpsf2
                0x0801313c                __aeabi_cfrcmple
                0x08013144                __aeabi_cfcmple
                0x08013144                __aeabi_cfcmpeq
                0x08013154                __aeabi_fcmpeq
                0x08013168                __aeabi_fcmplt
                0x0801317c                __aeabi_fcmple
                0x08013190                __aeabi_fcmpge
                0x080131a4                __aeabi_fcmpgt
 .text          0x080131b8       0x4c /home/laurence/CodeSourcery/Sourcery_G++_Lite/bin/../lib/gcc/arm-none-eabi/4.5.2/thumb2/libgcc.a(_arm_fixsfsi.o)
                0x080131b8                __fixsfsi
                0x080131b8                __aeabi_f2iz
 .text          0x08013204       0x40 /home/laurence/CodeSourcery/Sourcery_G++_Lite/bin/../lib/gcc/arm-none-eabi/4.5.2/thumb2/libgcc.a(_arm_fixunssfsi.o)
                0x08013204                __aeabi_f2uiz
                0x08013204                __fixunssfsi
 .text          0x08013244        0xc /home/laurence/CodeSourcery/Sourcery_G++_Lite/bin/../lib/gcc/arm-none-eabi/4.5.2/../../../../arm-none-eabi/lib/thumb2/libc.a(lib_a-errno.o)
                0x08013244                __errno
 .text          0x08013250       0x20 /home/laurence/CodeSourcery/Sourcery_G++_Lite/bin/../lib/gcc/arm-none-eabi/4.5.2/../../../../arm-none-eabi/lib/thumb2/libc.a(lib_a-malloc.o)
                0x08013250                malloc
                0x08013260                free
 .text          0x08013270      0x57c /home/laurence/CodeSourcery/Sourcery_G++_Lite/bin/../lib/gcc/arm-none-eabi/4.5.2/../../../../arm-none-eabi/lib/thumb2/libc.a(lib_a-mallocr.o)
                0x08013270                _malloc_r
 .text          0x080137ec      0x150 /home/laurence/CodeSourcery/Sourcery_G++_Lite/bin/../lib/gcc/arm-none-eabi/4.5.2/../../../../arm-none-eabi/lib/thumb2/libc.a(lib_a-memcpy.o)
                0x080137ec                memcpy
 .text          0x0801393c        0x8 /home/laurence/CodeSourcery/Sourcery_G++_Lite/bin/../lib/gcc/arm-none-eabi/4.5.2/../../../../arm-none-eabi/lib/thumb2/libc.a(lib_a-mlock.o)
                0x0801393c                __malloc_lock
                0x08013940                __malloc_unlock
 .text          0x08013944       0x28 /home/laurence/CodeSourcery/Sourcery_G++_Lite/bin/../lib/gcc/arm-none-eabi/4.5.2/../../../../arm-none-eabi/lib/thumb2/libc.a(lib_a-sbrkr.o)
                0x08013944                _sbrk_r
 .text          0x0801396c       0x60 /home/laurence/CodeSourcery/Sourcery_G++_Lite/bin/../lib/gcc/arm-none-eabi/4.5.2/../../../../arm-none-eabi/lib/thumb2/libc.a(lib_a-strlen.o)
                0x0801396c                strlen
 .text          0x080139cc      0x240 /home/laurence/CodeSourcery/Sourcery_G++_Lite/bin/../lib/gcc/arm-none-eabi/4.5.2/../../../../arm-none-eabi/lib/thumb2/libc.a(lib_a-freer.o)
                0x080139cc                _malloc_trim_r
                0x08013a74                _free_r
 .text          0x08013c0c       0x30 /home/laurence/CodeSourcery/Sourcery_G++_Lite/bin/../lib/gcc/arm-none-eabi/4.5.2/../../../../arm-none-eabi/lib/thumb2/libcs3.a(start_c.o)
                0x08013c0c                __cs3_premain
 .text.cs3.init
                0x08013c3c       0x50 /home/laurence/CodeSourcery/Sourcery_G++_Lite/bin/../lib/gcc/arm-none-eabi/4.5.2/../../../../arm-none-eabi/lib/thumb2/libcs3.a(start_c.o)
                0x08013c3c                __cs3_start_c
 .text          0x08013c8c       0x40 /home/laurence/CodeSourcery/Sourcery_G++_Lite/bin/../lib/gcc/arm-none-eabi/4.5.2/../../../../arm-none-eabi/lib/thumb2/libcs3unhosted.a(unhosted-sbrk.o)
                0x08013c8c                _sbrk
 .text.cs3.init
                0x08013ccc       0x10 /home/laurence/CodeSourcery/Sourcery_G++_Lite/bin/../lib/gcc/arm-none-eabi/4.5.2/../../../../arm-none-eabi/lib/thumb2/libcs3unhosted.a(unhosted-start.o)
                0x08013ccc                _start
 .text          0x08013cdc        0x2 lib/libcs3-lanchon-stm32.a(lanchon_stm32_isr_interrupt.o)
                0x08013cdc                MemManageException
                0x08013cdc                BusFaultException
                0x08013cdc                DMAChannel7_IRQHandler
                0x08013cdc                DebugMonitor
                0x08013cdc                SVCHandler
                0x08013cdc                HardFaultException
                0x08013cdc                __STM32ReservedException8
                0x08013cdc                __STM32DefaultExceptionHandler
                0x08013cdc                CAN_SCE_IRQHandler
                0x08013cdc                __STM32ReservedException10
                0x08013cdc                __STM32ReservedException13
                0x08013cdc                NMIException
                0x08013cdc                DMAChannel4_IRQHandler
                0x08013cdc                PendSVC
                0x08013cdc                CAN_RX1_IRQHandler
                0x08013cdc                ADC_IRQHandler
                0x08013cdc                DMAChannel5_IRQHandler
                0x08013cdc                DMAChannel2_IRQHandler
                0x08013cdc                __STM32ReservedException7
                0x08013cdc                UsageFaultException
                0x08013cdc                DMAChannel6_IRQHandler
                0x08013cdc                DMAChannel3_IRQHandler
                0x08013cdc                __STM32ReservedException9
 *fill*         0x08013cde        0x2 00
 .text          0x08013ce0       0x50 /home/laurence/CodeSourcery/Sourcery_G++_Lite/bin/../lib/gcc/arm-none-eabi/4.5.2/../../../../arm-none-eabi/lib/thumb2/libc.a(lib_a-init.o)
                0x08013ce0                __libc_init_array
 *(.plt)
 *(.gnu.warning)
 *(.glue_7t)
 .glue_7t       0x00000000        0x0 linker stubs
 *(.glue_7)
 .glue_7        0x00000000        0x0 linker stubs
 *(.vfp11_veneer)
 .vfp11_veneer  0x00000000        0x0 linker stubs
 *(.rodata .rodata.* .gnu.linkonce.r.*)
 .rodata        0x08013d30       0xac Util/USB/usb_desc.o
                0x08013d30                MASS_DeviceDescriptor
                0x08013d44                MASS_ConfigDescriptor
                0x08013d64                MASS_StringLangID
                0x08013d68                MASS_StringVendor
                0x08013d9c                MASS_StringProduct
                0x08013dcc                MASS_StringInterface
 .rodata        0x08013ddc     0x7738 Util/fat_fs/option/cc932.o
 .rodata.str1.4
                0x0801b514       0x13 Util/fat_fs/src/ff.o
                                 0x14 (size before relaxing)
 *fill*         0x0801b527        0x1 00
 .rodata        0x0801b528        0xc Util/fat_fs/src/rtc.o
 .rodata        0x0801b534       0x14 Util/rprintf.o
 .rodata.str1.4
                0x0801b548       0x1a Util/rprintf.o
                                 0x1c (size before relaxing)
 *fill*         0x0801b562        0x2 00
 .rodata        0x0801b564        0x4 i2c_int.o
                0x0801b564                TMP102_setup
 .rodata.str1.4
                0x0801b568       0x10 interrupts.o
 .rodata        0x0801b578       0x14 lib/CMSIS_CM3/system_stm32f10x.o
                0x0801b578                SystemFrequency
                0x0801b57c                SystemFrequency_SysClk
                0x0801b580                SystemFrequency_AHBClk
                0x0801b584                SystemFrequency_APB1Clk
                0x0801b588                SystemFrequency_APB2Clk
 .rodata.str1.4
                0x0801b58c       0xc9 main.o
                                 0xd0 (size before relaxing)
 *fill*         0x0801b655        0x3 00
 .rodata.str1.4
                0x0801b658       0x16 pwr.o
                                 0x18 (size before relaxing)
 *fill*         0x0801b66e        0x2 00
 .rodata.str1.4
                0x0801b670        0x5 /home/laurence/CodeSourcery/Sourcery_G++_Lite/bin/../lib/gcc/arm-none-eabi/4.5.2/../../../../arm-none-eabi/lib/thumb2/libm.a(lib_a-w_sqrt.o)
                                  0x8 (size before relaxing)
 *fill*         0x0801b675        0x3 00
 .rodata.str1.4
                0x0801b678        0x6 /home/laurence/CodeSourcery/Sourcery_G++_Lite/bin/../lib/gcc/arm-none-eabi/4.5.2/../../../../arm-none-eabi/lib/thumb2/libm.a(lib_a-wf_asin.o)
                                  0xc (size before relaxing)
 *fill*         0x0801b67e        0x2 00
 .rodata        0x0801b680      0x398 /home/laurence/CodeSourcery/Sourcery_G++_Lite/bin/../lib/gcc/arm-none-eabi/4.5.2/../../../../arm-none-eabi/lib/thumb2/libm.a(lib_a-ef_rem_pio2.o)
 .rodata        0x0801ba18       0x38 /home/laurence/CodeSourcery/Sourcery_G++_Lite/bin/../lib/gcc/arm-none-eabi/4.5.2/../../../../arm-none-eabi/lib/thumb2/libm.a(lib_a-kf_rem_pio2.o)
 .rodata.str1.4
                0x0801ba50        0x4 /home/laurence/CodeSourcery/Sourcery_G++_Lite/bin/../lib/gcc/arm-none-eabi/4.5.2/../../../../arm-none-eabi/lib/thumb2/libc.a(lib_a-impure.o)
 *(.ARM.extab* .gnu.linkonce.armextab.*)
 *(.gcc_except_table)
 *(.eh_frame_hdr)
 *(.eh_frame)
                0x0801ba54                . = ALIGN (0x4)
 *(.init)
 .init          0x0801ba54        0x4 /home/laurence/CodeSourcery/Sourcery_G++_Lite/bin/../lib/gcc/arm-none-eabi/4.5.2/thumb2/crti.o
                0x0801ba54                _init
 .init          0x0801ba58        0x8 /home/laurence/CodeSourcery/Sourcery_G++_Lite/bin/../lib/gcc/arm-none-eabi/4.5.2/thumb2/crtn.o
                0x0801ba60                . = ALIGN (0x4)
                0x0801ba60                __preinit_array_start = .
 *(.preinit_array)
                0x0801ba60                __preinit_array_end = .
                0x0801ba60                . = ALIGN (0x4)
                0x0801ba60                __init_array_start = .
 *(SORT(.init_array.*))
 *(.init_array)
 .init_array    0x0801ba60        0x4 /home/laurence/CodeSourcery/Sourcery_G++_Lite/bin/../lib/gcc/arm-none-eabi/4.5.2/thumb2/crtbegin.o
                0x0801ba64                __init_array_end = .
                0x0801ba64                . = ALIGN (0x4)
 *crtbegin.o(.ctors)
 *(EXCLUDE_FILE(*crtend.o) .ctors)
 *(SORT(.ctors.*))
 *crtend.o(.ctors)
                0x0801ba64                . = ALIGN (0x4)
 *(.fini)
 .fini          0x0801ba64        0x4 /home/laurence/CodeSourcery/Sourcery_G++_Lite/bin/../lib/gcc/arm-none-eabi/4.5.2/thumb2/crti.o
                0x0801ba64                _fini
 .fini          0x0801ba68        0x8 /home/laurence/CodeSourcery/Sourcery_G++_Lite/bin/../lib/gcc/arm-none-eabi/4.5.2/thumb2/crtn.o
                0x0801ba70                . = ALIGN (0x4)
                0x0801ba70                __fini_array_start = .
 *(.fini_array)
 .fini_array    0x0801ba70        0x4 /home/laurence/CodeSourcery/Sourcery_G++_Lite/bin/../lib/gcc/arm-none-eabi/4.5.2/thumb2/crtbegin.o
 *(SORT(.fini_array.*))
                0x0801ba74                __fini_array_end = .
 *crtbegin.o(.dtors)
 *(EXCLUDE_FILE(*crtend.o) .dtors)
 *(SORT(.dtors.*))
 *crtend.o(.dtors)
                0x0801ba74                . = ALIGN (0x4)
                0x0801ba74                __cs3_regions = .
                0x0801ba74        0x4 LONG 0x0
                0x0801ba78        0x4 LONG 0x801ba88 __cs3_region_init_ram
                0x0801ba7c        0x4 LONG 0x20000000 __cs3_region_start_ram
                0x0801ba80        0x4 LONG 0x698 __cs3_region_init_size_ram
                0x0801ba84        0x4 LONG 0xe68 __cs3_region_zero_size_ram
                0x0801ba88                __exidx_start = .

.v4_bx          0x0801ba88        0x0
 .v4_bx         0x00000000        0x0 linker stubs

.ARM.exidx
 *(.ARM.exidx* .gnu.linkonce.armexidx.*)
                0x0801ba88                __exidx_end = .

.text.align     0x0801ba88        0x0
                0x0801ba88                . = ALIGN (0x8)
                0x0801ba88                _etext = .
                0x08020000                __cs3_region_end_rom = (__cs3_region_start_rom + 0x20000)
                0x00020000                __cs3_region_size_rom = 0x20000
                0x00000001                __cs3_region_num = 0x1

.data           0x20000000      0x698 load address 0x0801ba88
                0x20000000                __cs3_region_start_ram = .
 *(.cs3.region-head.ram)
 *(.jcr)
 .jcr           0x20000000        0x0 /home/laurence/CodeSourcery/Sourcery_G++_Lite/bin/../lib/gcc/arm-none-eabi/4.5.2/thumb2/crtbegin.o
 .jcr           0x20000000        0x4 /home/laurence/CodeSourcery/Sourcery_G++_Lite/bin/../lib/gcc/arm-none-eabi/4.5.2/thumb2/crtend.o
 *(.got.plt)
 *(.got)
 *(.shdata)
 *(.data .data.* .gnu.linkonce.d.*)
 .data          0x20000004       0x74 Util/USB/scsi_data.o
                0x20000004                Standard_Inquiry_Data
                0x20000028                Standard_Inquiry_Data2
                0x2000004c                Mode_Sense6_data
                0x20000050                Mode_Sense10_data
                0x20000058                Scsi_Sense_Data
                0x2000006c                ReadFormatCapacity_Data
 .data          0x20000078       0x1c Util/USB/usb_desc.o
                0x20000078                MASS_StringSerial
 .data          0x20000094       0x38 Util/USB/usb_istr.o
                0x20000094                pEpInt_IN
                0x200000b0                pEpInt_OUT
 .data          0x200000cc       0x90 Util/USB/usb_prop.o
                0x200000cc                String_Descriptor
                0x200000f4                Config_Descriptor
                0x200000fc                Device_Descriptor
                0x20000104                Device_Property
                0x20000134                Device_Table
                0x20000138                User_Standard_Requests
 .data          0x2000015c        0x1 Util/USB/usb_pwr.o
                0x2000015c                fSuspendEnabled
 .data          0x2000015d        0x1 Util/fat_fs/src/sd_spi_stm32.o
 *fill*         0x2000015e        0x2 00
 .data          0x20000160       0x10 i2c_int.o
                0x20000160                I2C_jobs
 .data          0x20000170       0x14 lib/STM32F10x_StdPeriph_Driver/libstm32fw.a(stm32f10x_rcc.o)
 .data          0x20000184        0x1 /home/laurence/CodeSourcery/Sourcery_G++_Lite/bin/../lib/gcc/arm-none-eabi/4.5.2/../../../../arm-none-eabi/lib/thumb2/libm.a(lib_a-s_lib_ver.o)
                0x20000184                __fdlib_version
 *fill*         0x20000185        0x3 00
 .data          0x20000188       0xf4 /home/laurence/CodeSourcery/Sourcery_G++_Lite/bin/../lib/gcc/arm-none-eabi/4.5.2/../../../../arm-none-eabi/lib/thumb2/libc.a(lib_a-impure.o)
                0x20000188                _impure_ptr
 .data          0x2000027c      0x410 /home/laurence/CodeSourcery/Sourcery_G++_Lite/bin/../lib/gcc/arm-none-eabi/4.5.2/../../../../arm-none-eabi/lib/thumb2/libc.a(lib_a-mallocr.o)
                0x2000027c                __malloc_av_
                0x20000684                __malloc_sbrk_base
                0x20000688                __malloc_trim_threshold
 .data          0x2000068c        0x4 /home/laurence/CodeSourcery/Sourcery_G++_Lite/bin/../lib/gcc/arm-none-eabi/4.5.2/../../../../arm-none-eabi/lib/thumb2/libcs3unhosted.a(unhosted-sbrk.o)
 .data          0x20000690        0x4 /home/laurence/CodeSourcery/Sourcery_G++_Lite/bin/../lib/gcc/arm-none-eabi/4.5.2/../../../../arm-none-eabi/lib/thumb2/libcs3.a(heap.o)
                0x20000690                __cs3_heap_limit
 *(.ram)
                0x20000698                . = ALIGN (0x8)
 *fill*         0x20000694        0x4 00
                0x20000698                _edata = .

.bss            0x20000698      0xe68 load address 0x0801c120
 *(.shbss)
 *(.bss .bss.* .gnu.linkonce.b.*)
 .bss           0x20000698        0x1 /home/laurence/CodeSourcery/Sourcery_G++_Lite/bin/../lib/gcc/arm-none-eabi/4.5.2/thumb2/crtbegin.o
 *fill*         0x20000699        0x3 00
 .bss           0x2000069c      0x61c Sensors/ppg.o
 .bss           0x20000cb8       0x34 Sensors/pressure.o
 .bss           0x20000cec        0x4 Util/USB/mass_mal.o
                0x20000cec                Status
 .bss           0x20000cf0       0x1c Util/USB/memory.o
                0x20000cf0                TransferState
                0x20000cfc                Block_Read_count
                0x20000d00                Counter
 .bss           0x20000d0c       0x10 Util/USB/scsi_data.o
                0x20000d0c                Page00_Inquiry_Data
                0x20000d14                ReadCapacity10_Data
 .bss           0x20000d1c        0x1 Util/USB/usb_istr.o
                0x20000d1c                bIntPackSOF
 *fill*         0x20000d1d        0x3 00
 .bss           0x20000d20        0x4 Util/USB/usb_prop.o
                0x20000d20                Max_Lun
 .bss           0x20000d24        0x4 Util/USB/usb_pwr.o
                0x20000d24                bDeviceState
 .bss           0x20000d28        0x8 Util/fat_fs/src/ff.o
 .bss           0x20000d30       0x10 Util/fat_fs/src/sd_spi_stm32.o
 .bss           0x20000d40       0x84 Util/rprintf.o
 .bss           0x20000dc4        0x3 i2c_int.o
 *fill*         0x20000dc7        0x1 00
 .bss           0x20000dc8       0x18 interrupts.o
 .bss           0x20000de0      0x234 main.o
                0x20001010                file_opened
 .bss           0x20001014        0x1 lib/STM32_USB-FS-Device_Driver/libstm32usb.a(usb_core.o)
                0x20001014                Data_Mul_MaxPacketSize
 *fill*         0x20001015        0x3 00
 .bss           0x20001018       0x34 /home/laurence/CodeSourcery/Sourcery_G++_Lite/bin/../lib/gcc/arm-none-eabi/4.5.2/../../../../arm-none-eabi/lib/thumb2/libc.a(lib_a-mallocr.o)
                0x20001018                __malloc_top_pad
                0x2000101c                __malloc_current_mallinfo
                0x20001044                __malloc_max_sbrked_mem
                0x20001048                __malloc_max_total_mem
 *(COMMON)
 COMMON         0x2000104c       0x10 Sensors/ppg.o
                0x2000104c                a_
                0x20001050                Last_PPG_Values
 COMMON         0x2000105c        0x4 Sensors/pressure.o
                0x2000105c                pressure_offset
 COMMON         0x20001060        0x2 Sensors/temperature.o
                0x20001060                TMP102_Data_Buffer
 *fill*         0x20001062        0x2 00
 COMMON         0x20001064       0x1c Util/USB/mass_mal.o
                0x20001064                Mass_Memory_Size
                0x2000106c                Mass_Block_Size
                0x20001074                Mass_Block_Count
                0x2000107c                Data_Buffer
 COMMON         0x20001080        0x8 Util/USB/memory.o
                0x20001080                Block_offset
                0x20001084                Idx
 COMMON         0x20001088       0x7c Util/USB/usb_bot.o
                0x20001088                CBW
                0x200010a8                Data_Len
                0x200010aa                Bot_State
                0x200010ac                SCSI_LBA
                0x200010b0                CSW
                0x200010c0                SCSI_BlkLen
                0x200010c4                Bulk_Data_Buff
 COMMON         0x20001104        0x2 Util/USB/usb_istr.o
                0x20001104                wIstr
 *fill*         0x20001106        0x2 00
 COMMON         0x20001108        0x2 Util/USB/usb_pwr.o
                0x20001108                ResumeS
 *fill*         0x2000110a        0x2 00
 COMMON         0x2000110c        0x4 adc.o
                0x2000110c                ADC1_Convertion_buff
 COMMON         0x20001110        0x1 gpio.o
                0x20001110                bootsource
 *fill*         0x20001111        0x3 00
 COMMON         0x20001114        0xd i2c_int.o
                0x20001114                I2C1error
                0x20001118                Jobs
                0x2000111c                Completed_Jobs
                0x20001120                job
 COMMON         0x20001121        0x1 interrupts.o
                0x20001121                Button_hold_tim
 *fill*         0x20001122        0x2 00
 COMMON         0x20001124      0x398 main.o
                0x20001124                Pressure_control
                0x20001128                Temperatures_Buffer
                0x20001134                pressure_setpoint
                0x20001138                f_err_code
                0x2000113c                Device_Temperature
                0x20001140                Buff
                0x20001158                System_state_Global
                0x2000115c                Millis
                0x20001160                Sensors
                0x20001164                FATFS_info
                0x20001184                Pressures_Buffer
                0x20001190                print_string
                0x20001290                a
                0x20001294                reported_pressure
                0x20001298                FATFS_logfile
 COMMON         0x200014bc        0x2 lib/STM32_USB-FS-Device_Driver/libstm32usb.a(usb_core.o)
                0x200014bc                StatusInfo
 *fill*         0x200014be        0x2 00
 COMMON         0x200014c0       0x32 lib/STM32_USB-FS-Device_Driver/libstm32usb.a(usb_init.o)
                0x200014c0                SaveState
                0x200014c4                pProperty
                0x200014c8                EPindex
                0x200014cc                Device_Info
                0x200014e8                pUser_Standard_Requests
                0x200014ec                pInformation
                0x200014f0                wInterrupt_Mask
 COMMON         0x200014f2        0x4 lib/STM32_USB-FS-Device_Driver/libstm32usb.a(usb_int.o)
                0x200014f2                SaveRState
                0x200014f4                SaveTState
 *fill*         0x200014f6        0x2 00
 COMMON         0x200014f8        0x4 /home/laurence/CodeSourcery/Sourcery_G++_Lite/bin/../lib/gcc/arm-none-eabi/4.5.2/../../../../arm-none-eabi/lib/thumb2/libc.a(lib_a-reent.o)
                0x200014f8                errno
 *(.ram.b)
                0x20001500                . = ALIGN (0x8)
 *fill*         0x200014fc        0x4 00
                0x20001500                _end = .
                0x20001500                __end = .

.noinit         0x20001500        0x0 load address 0x0801c120
 *(.noinit)
                0x20001500                . = ALIGN (0x8)
                0x20005000                __cs3_region_end_ram = (__cs3_region_start_ram + 0x5000)
                0x00005000                __cs3_region_size_ram = 0x5000
                0x0801ba88                __cs3_region_init_ram = LOADADDR (.data)
                0x00000698                __cs3_region_init_size_ram = (_edata - ADDR (.data))
                0x00000e68                __cs3_region_zero_size_ram = (_end - _edata)
                0x00000001                __cs3_region_num = 0x1

.stab
 *(.stab)

.stabstr
 *(.stabstr)

.debug
 *(.debug)

.line
 *(.line)

.debug_srcinfo
 *(.debug_srcinfo)

.debug_sfnames
 *(.debug_sfnames)

.comment        0x00000000       0x2a
 .comment       0x00000000       0x2a Sensors/ppg.o
                                 0x2b (size before relaxing)
 .comment       0x00000000       0x2b Sensors/pressure.o
 .comment       0x00000000       0x2b Sensors/temperature.o
 .comment       0x00000000       0x2b Util/USB/hw_config.o
 .comment       0x00000000       0x2b Util/USB/mass_mal.o
 .comment       0x00000000       0x2b Util/USB/memory.o
 .comment       0x00000000       0x2b Util/USB/scsi_data.o
 .comment       0x00000000       0x2b Util/USB/usb_bot.o
 .comment       0x00000000       0x2b Util/USB/usb_desc.o
 .comment       0x00000000       0x2b Util/USB/usb_endp.o
 .comment       0x00000000       0x2b Util/USB/usb_istr.o
 .comment       0x00000000       0x2b Util/USB/usb_prop.o
 .comment       0x00000000       0x2b Util/USB/usb_pwr.o
 .comment       0x00000000       0x2b Util/USB/usb_scsi.o
 .comment       0x00000000       0x2b Util/buffer.o
 .comment       0x00000000       0x2b Util/delay.o
 .comment       0x00000000       0x2b Util/fat_fs/option/cc932.o
 .comment       0x00000000       0x2b Util/fat_fs/option/syscall.o
 .comment       0x00000000       0x2b Util/fat_fs/src/fattime.o
 .comment       0x00000000       0x2b Util/fat_fs/src/ff.o
 .comment       0x00000000       0x2b Util/fat_fs/src/rtc.o
 .comment       0x00000000       0x2b Util/fat_fs/src/sd_spi_stm32.o
 .comment       0x00000000       0x2b Util/rprintf.o
 .comment       0x00000000       0x2b Util/stm32_eval_spi_sd.o
 .comment       0x00000000       0x2b adc.o
 .comment       0x00000000       0x2b gpio.o
 .comment       0x00000000       0x2b i2c_int.o
 .comment       0x00000000       0x2b interrupts.o
 .comment       0x00000000       0x2b lib/CMSIS_CM3/core_cm3.o
 .comment       0x00000000       0x2b lib/CMSIS_CM3/system_stm32f10x.o
 .comment       0x00000000       0x2b main.o
 .comment       0x00000000       0x2b pwr.o
 .comment       0x00000000       0x2b timer.o
 .comment       0x00000000       0x2b usart.o
 .comment       0x00000000       0x2b watchdog.o
 .comment       0x00000000       0x2b lib/STM32F10x_StdPeriph_Driver/libstm32fw.a(misc.o)
 .comment       0x00000000       0x2b lib/STM32F10x_StdPeriph_Driver/libstm32fw.a(stm32f10x_adc.o)
 .comment       0x00000000       0x2b lib/STM32F10x_StdPeriph_Driver/libstm32fw.a(stm32f10x_bkp.o)
 .comment       0x00000000       0x2b lib/STM32F10x_StdPeriph_Driver/libstm32fw.a(stm32f10x_dbgmcu.o)
 .comment       0x00000000       0x2b lib/STM32F10x_StdPeriph_Driver/libstm32fw.a(stm32f10x_dma.o)
 .comment       0x00000000       0x2b lib/STM32F10x_StdPeriph_Driver/libstm32fw.a(stm32f10x_exti.o)
 .comment       0x00000000       0x2b lib/STM32F10x_StdPeriph_Driver/libstm32fw.a(stm32f10x_gpio.o)
 .comment       0x00000000       0x2b lib/STM32F10x_StdPeriph_Driver/libstm32fw.a(stm32f10x_i2c.o)
 .comment       0x00000000       0x2b lib/STM32F10x_StdPeriph_Driver/libstm32fw.a(stm32f10x_iwdg.o)
 .comment       0x00000000       0x2b lib/STM32F10x_StdPeriph_Driver/libstm32fw.a(stm32f10x_pwr.o)
 .comment       0x00000000       0x2b lib/STM32F10x_StdPeriph_Driver/libstm32fw.a(stm32f10x_rcc.o)
 .comment       0x00000000       0x2b lib/STM32F10x_StdPeriph_Driver/libstm32fw.a(stm32f10x_rtc.o)
 .comment       0x00000000       0x2b lib/STM32F10x_StdPeriph_Driver/libstm32fw.a(stm32f10x_spi.o)
 .comment       0x00000000       0x2b lib/STM32F10x_StdPeriph_Driver/libstm32fw.a(stm32f10x_tim.o)
 .comment       0x00000000       0x2b lib/STM32F10x_StdPeriph_Driver/libstm32fw.a(stm32f10x_usart.o)
 .comment       0x00000000       0x2b lib/STM32_USB-FS-Device_Driver/libstm32usb.a(usb_core.o)
 .comment       0x00000000       0x2b lib/STM32_USB-FS-Device_Driver/libstm32usb.a(usb_init.o)
 .comment       0x00000000       0x2b lib/STM32_USB-FS-Device_Driver/libstm32usb.a(usb_int.o)
 .comment       0x00000000       0x2b lib/STM32_USB-FS-Device_Driver/libstm32usb.a(usb_mem.o)
 .comment       0x00000000       0x2b lib/STM32_USB-FS-Device_Driver/libstm32usb.a(usb_regs.o)
 .comment       0x00000000       0x2b lib/STM32_USB-FS-Device_Driver/libstm32usb.a(usb_sil.o)

.debug_aranges  0x00000000      0x428
 *(.debug_aranges)
 .debug_aranges
                0x00000000       0x20 Sensors/ppg.o
 .debug_aranges
                0x00000020       0x20 Sensors/pressure.o
 .debug_aranges
                0x00000040       0x20 Sensors/temperature.o
 .debug_aranges
                0x00000060       0x20 Util/USB/hw_config.o
 .debug_aranges
                0x00000080       0x20 Util/USB/mass_mal.o
 .debug_aranges
                0x000000a0       0x20 Util/USB/memory.o
 .debug_aranges
                0x000000c0       0x20 Util/USB/usb_bot.o
 .debug_aranges
                0x000000e0       0x20 Util/USB/usb_endp.o
 .debug_aranges
                0x00000100       0x20 Util/USB/usb_istr.o
 .debug_aranges
                0x00000120       0x20 Util/USB/usb_prop.o
 .debug_aranges
                0x00000140       0x20 Util/USB/usb_pwr.o
 .debug_aranges
                0x00000160       0x20 Util/USB/usb_scsi.o
 .debug_aranges
                0x00000180       0x20 Util/buffer.o
 .debug_aranges
                0x000001a0       0x20 Util/delay.o
 .debug_aranges
                0x000001c0       0x20 Util/fat_fs/option/cc932.o
 .debug_aranges
                0x000001e0       0x20 Util/fat_fs/src/fattime.o
 .debug_aranges
                0x00000200       0x20 Util/fat_fs/src/ff.o
 .debug_aranges
                0x00000220       0x20 Util/fat_fs/src/rtc.o
 .debug_aranges
                0x00000240       0x20 Util/fat_fs/src/sd_spi_stm32.o
 .debug_aranges
                0x00000260       0x20 Util/rprintf.o
 .debug_aranges
                0x00000280       0x20 Util/stm32_eval_spi_sd.o
 .debug_aranges
                0x000002a0       0x20 adc.o
 .debug_aranges
                0x000002c0       0x20 gpio.o
 .debug_aranges
                0x000002e0       0x20 i2c_int.o
 .debug_aranges
                0x00000300       0x20 interrupts.o
 .debug_aranges
                0x00000320       0x20 lib/CMSIS_CM3/core_cm3.o
 .debug_aranges
                0x00000340       0x28 lib/CMSIS_CM3/startup/gcc/startup_stm32f10x_md.o
 .debug_aranges
                0x00000368       0x20 lib/CMSIS_CM3/system_stm32f10x.o
 .debug_aranges
                0x00000388       0x20 main.o
 .debug_aranges
                0x000003a8       0x20 pwr.o
 .debug_aranges
                0x000003c8       0x20 timer.o
 .debug_aranges
                0x000003e8       0x20 usart.o
 .debug_aranges
                0x00000408       0x20 watchdog.o

.debug_pubnames
                0x00000000     0x16f4
 *(.debug_pubnames)
 .debug_pubnames
                0x00000000       0x8e Sensors/ppg.o
 .debug_pubnames
                0x0000008e       0x6a Sensors/pressure.o
 .debug_pubnames
                0x000000f8       0x56 Sensors/temperature.o
 .debug_pubnames
                0x0000014e      0x113 Util/USB/hw_config.o
 .debug_pubnames
                0x00000261       0xa5 Util/USB/mass_mal.o
 .debug_pubnames
                0x00000306       0x7f Util/USB/memory.o
 .debug_pubnames
                0x00000385       0xd2 Util/USB/scsi_data.o
 .debug_pubnames
                0x00000457       0xd9 Util/USB/usb_bot.o
 .debug_pubnames
                0x00000530       0xb8 Util/USB/usb_desc.o
 .debug_pubnames
                0x000005e8       0x3b Util/USB/usb_endp.o
 .debug_pubnames
                0x00000623       0x56 Util/USB/usb_istr.o
 .debug_pubnames
                0x00000679      0x1f6 Util/USB/usb_prop.o
 .debug_pubnames
                0x0000086f       0x83 Util/USB/usb_pwr.o
 .debug_pubnames
                0x000008f2      0x195 Util/USB/usb_scsi.o
 .debug_pubnames
                0x00000a87       0x48 Util/buffer.o
 .debug_pubnames
                0x00000acf       0x1c Util/delay.o
 .debug_pubnames
                0x00000aeb       0x31 Util/fat_fs/option/cc932.o
 .debug_pubnames
                0x00000b1c       0x22 Util/fat_fs/src/fattime.o
 .debug_pubnames
                0x00000b3e      0x14a Util/fat_fs/src/ff.o
 .debug_pubnames
                0x00000c88       0x55 Util/fat_fs/src/rtc.o
 .debug_pubnames
                0x00000cdd       0x75 Util/fat_fs/src/sd_spi_stm32.o
 .debug_pubnames
                0x00000d52       0xf9 Util/rprintf.o
 .debug_pubnames
                0x00000e4b      0x167 Util/stm32_eval_spi_sd.o
 .debug_pubnames
                0x00000fb2       0x66 adc.o
 .debug_pubnames
                0x00001018       0x72 gpio.o
 .debug_pubnames
                0x0000108a       0xc7 i2c_int.o
 .debug_pubnames
                0x00001151      0x108 interrupts.o
 .debug_pubnames
                0x00001259      0x159 lib/CMSIS_CM3/core_cm3.o
 .debug_pubnames
                0x000013b2       0xa3 lib/CMSIS_CM3/system_stm32f10x.o
 .debug_pubnames
                0x00001455      0x16c main.o
 .debug_pubnames
                0x000015c1       0x54 pwr.o
 .debug_pubnames
                0x00001615       0x3b timer.o
 .debug_pubnames
                0x00001650       0x64 usart.o
 .debug_pubnames
                0x000016b4       0x40 watchdog.o

.debug_info     0x00000000     0xf234
 *(.debug_info .gnu.linkonce.wi.*)
 .debug_info    0x00000000      0x68c Sensors/ppg.o
 .debug_info    0x0000068c      0x1db Sensors/pressure.o
 .debug_info    0x00000867       0xfa Sensors/temperature.o
 .debug_info    0x00000961      0x731 Util/USB/hw_config.o
 .debug_info    0x00001092      0x302 Util/USB/mass_mal.o
 .debug_info    0x00001394      0x333 Util/USB/memory.o
 .debug_info    0x000016c7      0x16b Util/USB/scsi_data.o
 .debug_info    0x00001832      0x49d Util/USB/usb_bot.o
 .debug_info    0x00001ccf      0x187 Util/USB/usb_desc.o
 .debug_info    0x00001e56       0x98 Util/USB/usb_endp.o
 .debug_info    0x00001eee      0x311 Util/USB/usb_istr.o
 .debug_info    0x000021ff      0x9b4 Util/USB/usb_prop.o
 .debug_info    0x00002bb3      0x3c3 Util/USB/usb_pwr.o
 .debug_info    0x00002f76      0x899 Util/USB/usb_scsi.o
 .debug_info    0x0000380f      0x194 Util/buffer.o
 .debug_info    0x000039a3       0xc8 Util/delay.o
 .debug_info    0x00003a6b      0x1b9 Util/fat_fs/option/cc932.o
 .debug_info    0x00003c24       0x77 Util/fat_fs/option/syscall.o
 .debug_info    0x00003c9b      0x15a Util/fat_fs/src/fattime.o
 .debug_info    0x00003df5     0x325b Util/fat_fs/src/ff.o
 .debug_info    0x00007050      0x532 Util/fat_fs/src/rtc.o
 .debug_info    0x00007582     0x183f Util/fat_fs/src/sd_spi_stm32.o
 .debug_info    0x00008dc1      0xe1f Util/rprintf.o
 .debug_info    0x00009be0     0x1a18 Util/stm32_eval_spi_sd.o
 .debug_info    0x0000b5f8      0x448 adc.o
 .debug_info    0x0000ba40      0x2a3 gpio.o
 .debug_info    0x0000bce3      0x6af i2c_int.o
 .debug_info    0x0000c392      0xebc interrupts.o
 .debug_info    0x0000d24e      0x547 lib/CMSIS_CM3/core_cm3.o
 .debug_info    0x0000d795       0x79 lib/CMSIS_CM3/startup/gcc/startup_stm32f10x_md.o
 .debug_info    0x0000d80e      0x2d0 lib/CMSIS_CM3/system_stm32f10x.o
 .debug_info    0x0000dade      0x9ac main.o
 .debug_info    0x0000e48a      0x346 pwr.o
 .debug_info    0x0000e7d0      0x53d timer.o
 .debug_info    0x0000ed0d      0x449 usart.o
 .debug_info    0x0000f156       0xde watchdog.o

.debug_abbrev   0x00000000     0x3264
 *(.debug_abbrev)
 .debug_abbrev  0x00000000      0x1d8 Sensors/ppg.o
 .debug_abbrev  0x000001d8      0x10a Sensors/pressure.o
 .debug_abbrev  0x000002e2       0x79 Sensors/temperature.o
 .debug_abbrev  0x0000035b      0x2d3 Util/USB/hw_config.o
 .debug_abbrev  0x0000062e      0x111 Util/USB/mass_mal.o
 .debug_abbrev  0x0000073f      0x110 Util/USB/memory.o
 .debug_abbrev  0x0000084f       0x5c Util/USB/scsi_data.o
 .debug_abbrev  0x000008ab      0x198 Util/USB/usb_bot.o
 .debug_abbrev  0x00000a43       0x63 Util/USB/usb_desc.o
 .debug_abbrev  0x00000aa6       0x41 Util/USB/usb_endp.o
 .debug_abbrev  0x00000ae7      0x113 Util/USB/usb_istr.o
 .debug_abbrev  0x00000bfa      0x1d0 Util/USB/usb_prop.o
 .debug_abbrev  0x00000dca      0x1bd Util/USB/usb_pwr.o
 .debug_abbrev  0x00000f87      0x253 Util/USB/usb_scsi.o
 .debug_abbrev  0x000011da       0xc1 Util/buffer.o
 .debug_abbrev  0x0000129b       0x7e Util/delay.o
 .debug_abbrev  0x00001319       0xd2 Util/fat_fs/option/cc932.o
 .debug_abbrev  0x000013eb       0x2c Util/fat_fs/option/syscall.o
 .debug_abbrev  0x00001417       0x97 Util/fat_fs/src/fattime.o
 .debug_abbrev  0x000014ae      0x2f7 Util/fat_fs/src/ff.o
 .debug_abbrev  0x000017a5      0x213 Util/fat_fs/src/rtc.o
 .debug_abbrev  0x000019b8      0x34b Util/fat_fs/src/sd_spi_stm32.o
 .debug_abbrev  0x00001d03      0x2e4 Util/rprintf.o
 .debug_abbrev  0x00001fe7      0x2e8 Util/stm32_eval_spi_sd.o
 .debug_abbrev  0x000022cf      0x143 adc.o
 .debug_abbrev  0x00002412      0x158 gpio.o
 .debug_abbrev  0x0000256a      0x1f5 i2c_int.o
 .debug_abbrev  0x0000275f      0x27f interrupts.o
 .debug_abbrev  0x000029de       0xc1 lib/CMSIS_CM3/core_cm3.o
 .debug_abbrev  0x00002a9f       0x12 lib/CMSIS_CM3/startup/gcc/startup_stm32f10x_md.o
 .debug_abbrev  0x00002ab1      0x112 lib/CMSIS_CM3/system_stm32f10x.o
 .debug_abbrev  0x00002bc3      0x252 main.o
 .debug_abbrev  0x00002e15      0x10c pwr.o
 .debug_abbrev  0x00002f21      0x128 timer.o
 .debug_abbrev  0x00003049      0x186 usart.o
 .debug_abbrev  0x000031cf       0x95 watchdog.o

.debug_line     0x00000000     0xc4e6
 *(.debug_line)
 .debug_line    0x00000000      0x6e2 Sensors/ppg.o
 .debug_line    0x000006e2      0x336 Sensors/pressure.o
 .debug_line    0x00000a18      0x502 Sensors/temperature.o
 .debug_line    0x00000f1a      0x5fc Util/USB/hw_config.o
 .debug_line    0x00001516      0x56e Util/USB/mass_mal.o
 .debug_line    0x00001a84      0x46a Util/USB/memory.o
 .debug_line    0x00001eee      0x339 Util/USB/scsi_data.o
 .debug_line    0x00002227      0x55c Util/USB/usb_bot.o
 .debug_line    0x00002783      0x2ed Util/USB/usb_desc.o
 .debug_line    0x00002a70      0x3ba Util/USB/usb_endp.o
 .debug_line    0x00002e2a      0x3f5 Util/USB/usb_istr.o
 .debug_line    0x0000321f      0x4a9 Util/USB/usb_prop.o
 .debug_line    0x000036c8      0x452 Util/USB/usb_pwr.o
 .debug_line    0x00003b1a      0x653 Util/USB/usb_scsi.o
 .debug_line    0x0000416d      0x4ba Util/buffer.o
 .debug_line    0x00004627      0x2fd Util/delay.o
 .debug_line    0x00004924       0xd8 Util/fat_fs/option/cc932.o
 .debug_line    0x000049fc      0x2fc Util/fat_fs/option/syscall.o
 .debug_line    0x00004cf8      0x179 Util/fat_fs/src/fattime.o
 .debug_line    0x00004e71     0x1c86 Util/fat_fs/src/ff.o
 .debug_line    0x00006af7      0x47f Util/fat_fs/src/rtc.o
 .debug_line    0x00006f76      0x83f Util/fat_fs/src/sd_spi_stm32.o
 .debug_line    0x000077b5      0xcfd Util/rprintf.o
 .debug_line    0x000084b2      0x9a5 Util/stm32_eval_spi_sd.o
 .debug_line    0x00008e57      0x6fc adc.o
 .debug_line    0x00009553      0x41f gpio.o
 .debug_line    0x00009972      0x6bb i2c_int.o
 .debug_line    0x0000a02d      0x7af interrupts.o
 .debug_line    0x0000a7dc      0x198 lib/CMSIS_CM3/core_cm3.o
 .debug_line    0x0000a974       0x84 lib/CMSIS_CM3/startup/gcc/startup_stm32f10x_md.o
 .debug_line    0x0000a9f8      0x336 lib/CMSIS_CM3/system_stm32f10x.o
 .debug_line    0x0000ad2e      0x82e main.o
 .debug_line    0x0000b55c      0x393 pwr.o
 .debug_line    0x0000b8ef      0x360 timer.o
 .debug_line    0x0000bc4f      0x58f usart.o
 .debug_line    0x0000c1de      0x308 watchdog.o

.debug_frame    0x00000000     0x1fa0
 *(.debug_frame)
 .debug_frame   0x00000000       0x94 Sensors/ppg.o
 .debug_frame   0x00000094       0x8c Sensors/pressure.o
 .debug_frame   0x00000120       0x40 Sensors/temperature.o
 .debug_frame   0x00000160       0xec Util/USB/hw_config.o
 .debug_frame   0x0000024c       0x80 Util/USB/mass_mal.o
 .debug_frame   0x000002cc       0x50 Util/USB/memory.o
 .debug_frame   0x0000031c       0xc0 Util/USB/usb_bot.o
 .debug_frame   0x000003dc       0x30 Util/USB/usb_endp.o
 .debug_frame   0x0000040c       0x2c Util/USB/usb_istr.o
 .debug_frame   0x00000438      0x11c Util/USB/usb_prop.o
 .debug_frame   0x00000554       0x94 Util/USB/usb_pwr.o
 .debug_frame   0x000005e8      0x180 Util/USB/usb_scsi.o
 .debug_frame   0x00000768       0x64 Util/buffer.o
 .debug_frame   0x000007cc       0x24 Util/delay.o
 .debug_frame   0x000007f0       0x3c Util/fat_fs/option/cc932.o
 .debug_frame   0x0000082c       0x2c Util/fat_fs/src/fattime.o
 .debug_frame   0x00000858      0x564 Util/fat_fs/src/ff.o
 .debug_frame   0x00000dbc       0x84 Util/fat_fs/src/rtc.o
 .debug_frame   0x00000e40      0x12c Util/fat_fs/src/sd_spi_stm32.o
 .debug_frame   0x00000f6c      0x1d4 Util/rprintf.o
 .debug_frame   0x00001140      0x25c Util/stm32_eval_spi_sd.o
 .debug_frame   0x0000139c       0x78 adc.o
 .debug_frame   0x00001414       0x78 gpio.o
 .debug_frame   0x0000148c       0xa0 i2c_int.o
 .debug_frame   0x0000152c      0x118 interrupts.o
 .debug_frame   0x00001644      0x170 lib/CMSIS_CM3/core_cm3.o
 .debug_frame   0x000017b4       0x24 lib/CMSIS_CM3/system_stm32f10x.o
 .debug_frame   0x000017d8       0x90 main.o
 .debug_frame   0x00001868       0x70 pwr.o
 .debug_frame   0x000018d8       0x64 timer.o
 .debug_frame   0x0000193c       0x78 usart.o
 .debug_frame   0x000019b4       0x40 watchdog.o
 .debug_frame   0x000019f4       0x2c /home/laurence/CodeSourcery/Sourcery_G++_Lite/bin/../lib/gcc/arm-none-eabi/4.5.2/../../../../arm-none-eabi/lib/thumb2/libm.a(lib_a-sf_sin.o)
 .debug_frame   0x00001a20       0x38 /home/laurence/CodeSourcery/Sourcery_G++_Lite/bin/../lib/gcc/arm-none-eabi/4.5.2/../../../../arm-none-eabi/lib/thumb2/libm.a(lib_a-w_sqrt.o)
 .debug_frame   0x00001a58       0x30 /home/laurence/CodeSourcery/Sourcery_G++_Lite/bin/../lib/gcc/arm-none-eabi/4.5.2/../../../../arm-none-eabi/lib/thumb2/libm.a(lib_a-wf_asin.o)
 .debug_frame   0x00001a88       0x34 /home/laurence/CodeSourcery/Sourcery_G++_Lite/bin/../lib/gcc/arm-none-eabi/4.5.2/../../../../arm-none-eabi/lib/thumb2/libm.a(lib_a-e_sqrt.o)
 .debug_frame   0x00001abc       0x34 /home/laurence/CodeSourcery/Sourcery_G++_Lite/bin/../lib/gcc/arm-none-eabi/4.5.2/../../../../arm-none-eabi/lib/thumb2/libm.a(lib_a-ef_asin.o)