Archive member included because of file (symbol)

lib/STM32F10x_StdPeriph_Driver/libstm32fw.a(misc.o)
                              interrupts.o (NVIC_PriorityGroupConfig)
lib/STM32F10x_StdPeriph_Driver/libstm32fw.a(stm32f10x_adc.o)
                              adc.o (ADC_DeInit)
lib/STM32F10x_StdPeriph_Driver/libstm32fw.a(stm32f10x_bkp.o)
                              Util/fat_fs/src/rtc.o (BKP_DeInit)
lib/STM32F10x_StdPeriph_Driver/libstm32fw.a(stm32f10x_dbgmcu.o)
                              main.o (DBGMCU_Config)
lib/STM32F10x_StdPeriph_Driver/libstm32fw.a(stm32f10x_dma.o)
                              Util/fat_fs/src/sd_spi_stm32.o (DMA_DeInit)
lib/STM32F10x_StdPeriph_Driver/libstm32fw.a(stm32f10x_exti.o)
                              interrupts.o (EXTI_DeInit)
lib/STM32F10x_StdPeriph_Driver/libstm32fw.a(stm32f10x_gpio.o)
                              Util/fat_fs/src/sd_spi_stm32.o (GPIO_Init)
lib/STM32F10x_StdPeriph_Driver/libstm32fw.a(stm32f10x_i2c.o)
                              i2c_int.o (I2C_DeInit)
lib/STM32F10x_StdPeriph_Driver/libstm32fw.a(stm32f10x_iwdg.o)
                              watchdog.o (IWDG_WriteAccessCmd)
lib/STM32F10x_StdPeriph_Driver/libstm32fw.a(stm32f10x_pwr.o)
                              pwr.o (PWR_DeInit)
lib/STM32F10x_StdPeriph_Driver/libstm32fw.a(stm32f10x_rcc.o)
                              interrupts.o (RCC_HCLKConfig)
lib/STM32F10x_StdPeriph_Driver/libstm32fw.a(stm32f10x_rtc.o)
                              Util/fat_fs/src/rtc.o (RTC_GetCounter)
lib/STM32F10x_StdPeriph_Driver/libstm32fw.a(stm32f10x_spi.o)
                              Util/fat_fs/src/sd_spi_stm32.o (SPI_I2S_DeInit)
lib/STM32F10x_StdPeriph_Driver/libstm32fw.a(stm32f10x_tim.o)
                              timer.o (TIM_DeInit)
lib/STM32F10x_StdPeriph_Driver/libstm32fw.a(stm32f10x_usart.o)
                              usart.o (USART_Init)
lib/STM32_USB-FS-Device_Driver/libstm32usb.a(usb_core.o)
                              Util/USB/usb_prop.o (Standard_GetDescriptorData)
lib/STM32_USB-FS-Device_Driver/libstm32usb.a(usb_init.o)
                              main.o (USB_Init)
lib/STM32_USB-FS-Device_Driver/libstm32usb.a(usb_int.o)
                              Util/USB/usb_istr.o (CTR_LP)
lib/STM32_USB-FS-Device_Driver/libstm32usb.a(usb_mem.o)
                              lib/STM32_USB-FS-Device_Driver/libstm32usb.a(usb_core.o) (UserToPMABufferCopy)
lib/STM32_USB-FS-Device_Driver/libstm32usb.a(usb_regs.o)
                              Util/USB/usb_prop.o (SetBTABLE)
lib/STM32_USB-FS-Device_Driver/libstm32usb.a(usb_sil.o)
                              Util/USB/usb_prop.o (USB_SIL_Init)
/home/laurence/CodeSourcery/Sourcery_CodeBench_Lite_for_ARM_EABI/bin/../lib/gcc/arm-none-eabi/4.7.2/../../../../arm-none-eabi/lib/thumb2/libm.a(lib_a-sf_sin.o)
                              Sensors/ppg_new.o (sinf)
/home/laurence/CodeSourcery/Sourcery_CodeBench_Lite_for_ARM_EABI/bin/../lib/gcc/arm-none-eabi/4.7.2/../../../../arm-none-eabi/lib/thumb2/libm.a(lib_a-wf_asin.o)
                              Sensors/ppg_new.o (asinf)
/home/laurence/CodeSourcery/Sourcery_CodeBench_Lite_for_ARM_EABI/bin/../lib/gcc/arm-none-eabi/4.7.2/../../../../arm-none-eabi/lib/thumb2/libm.a(lib_a-wf_sqrt.o)
                              Sensors/ppg_new.o (sqrtf)
/home/laurence/CodeSourcery/Sourcery_CodeBench_Lite_for_ARM_EABI/bin/../lib/gcc/arm-none-eabi/4.7.2/../../../../arm-none-eabi/lib/thumb2/libm.a(lib_a-ef_asin.o)
                              /home/laurence/CodeSourcery/Sourcery_CodeBench_Lite_for_ARM_EABI/bin/../lib/gcc/arm-none-eabi/4.7.2/../../../../arm-none-eabi/lib/thumb2/libm.a(lib_a-wf_asin.o) (__ieee754_asinf)
/home/laurence/CodeSourcery/Sourcery_CodeBench_Lite_for_ARM_EABI/bin/../lib/gcc/arm-none-eabi/4.7.2/../../../../arm-none-eabi/lib/thumb2/libm.a(lib_a-ef_rem_pio2.o)
                              /home/laurence/CodeSourcery/Sourcery_CodeBench_Lite_for_ARM_EABI/bin/../lib/gcc/arm-none-eabi/4.7.2/../../../../arm-none-eabi/lib/thumb2/libm.a(lib_a-sf_sin.o) (__ieee754_rem_pio2f)
/home/laurence/CodeSourcery/Sourcery_CodeBench_Lite_for_ARM_EABI/bin/../lib/gcc/arm-none-eabi/4.7.2/../../../../arm-none-eabi/lib/thumb2/libm.a(lib_a-ef_sqrt.o)
                              /home/laurence/CodeSourcery/Sourcery_CodeBench_Lite_for_ARM_EABI/bin/../lib/gcc/arm-none-eabi/4.7.2/../../../../arm-none-eabi/lib/thumb2/libm.a(lib_a-wf_sqrt.o) (__ieee754_sqrtf)
/home/laurence/CodeSourcery/Sourcery_CodeBench_Lite_for_ARM_EABI/bin/../lib/gcc/arm-none-eabi/4.7.2/../../../../arm-none-eabi/lib/thumb2/libm.a(lib_a-kf_cos.o)
                              /home/laurence/CodeSourcery/Sourcery_CodeBench_Lite_for_ARM_EABI/bin/../lib/gcc/arm-none-eabi/4.7.2/../../../../arm-none-eabi/lib/thumb2/libm.a(lib_a-sf_sin.o) (__kernel_cosf)
/home/laurence/CodeSourcery/Sourcery_CodeBench_Lite_for_ARM_EABI/bin/../lib/gcc/arm-none-eabi/4.7.2/../../../../arm-none-eabi/lib/thumb2/libm.a(lib_a-kf_rem_pio2.o)
[...]
Memory Configuration

Name             Origin             Length             Attributes
ram              0x20000000         0x00005000         xrw
rom              0x08000000         0x00020000         xr
*default*        0x00000000         0xffffffff

Linker script and memory map

LOAD /home/laurence/CodeSourcery/Sourcery_CodeBench_Lite_for_ARM_EABI/bin/../lib/gcc/arm-none-eabi/4.7.2/thumb2/crti.o
LOAD /home/laurence/CodeSourcery/Sourcery_CodeBench_Lite_for_ARM_EABI/bin/../lib/gcc/arm-none-eabi/4.7.2/thumb2/crtbegin.o
LOAD Sensors/ppg_new.o
LOAD Sensors/pressure.o
LOAD Sensors/temperature.o
LOAD Util/USB/hw_config.o
LOAD Util/USB/mass_mal.o
LOAD Util/USB/memory.o
LOAD Util/USB/scsi_data.o
LOAD Util/USB/usb_bot.o
LOAD Util/USB/usb_desc.o
LOAD Util/USB/usb_endp.o
LOAD Util/USB/usb_istr.o
LOAD Util/USB/usb_prop.o
LOAD Util/USB/usb_pwr.o
LOAD Util/USB/usb_scsi.o
LOAD Util/buffer.o
LOAD Util/delay.o
LOAD Util/fat_fs/option/ccsbcs.o
LOAD Util/fat_fs/src/fattime.o
LOAD Util/fat_fs/src/ff.o
LOAD Util/fat_fs/src/rtc.o
LOAD Util/fat_fs/src/sd_spi_stm32.o
LOAD Util/rprintf.o
LOAD adc.o
LOAD bootload.o
LOAD gpio.o
LOAD i2c_int.o
LOAD interrupts.o
LOAD lib/CMSIS_CM3/core_cm3.o
LOAD lib/CMSIS_CM3/startup/gcc/startup_stm32f10x_md.o
LOAD lib/CMSIS_CM3/system_stm32f10x.o
LOAD main.o
LOAD pwr.o
LOAD timer.o
LOAD usart.o
LOAD watchdog.o
LOAD lib/STM32F10x_StdPeriph_Driver/libstm32fw.a
LOAD lib/STM32_USB-FS-Device_Driver/libstm32usb.a
LOAD /home/laurence/CodeSourcery/Sourcery_CodeBench_Lite_for_ARM_EABI/bin/../lib/gcc/arm-none-eabi/4.7.2/../../../../arm-none-eabi/lib/thumb2/libm.a
START GROUP
LOAD /home/laurence/CodeSourcery/Sourcery_CodeBench_Lite_for_ARM_EABI/bin/../lib/gcc/arm-none-eabi/4.7.2/thumb2/libgcc.a
LOAD /home/laurence/CodeSourcery/Sourcery_CodeBench_Lite_for_ARM_EABI/bin/../lib/gcc/arm-none-eabi/4.7.2/../../../../arm-none-eabi/lib/thumb2/libc.a
END GROUP
LOAD /home/laurence/CodeSourcery/Sourcery_CodeBench_Lite_for_ARM_EABI/bin/../lib/gcc/arm-none-eabi/4.7.2/thumb2/crtend.o
LOAD /home/laurence/CodeSourcery/Sourcery_CodeBench_Lite_for_ARM_EABI/bin/../lib/gcc/arm-none-eabi/4.7.2/thumb2/crtn.o
START GROUP
LOAD /home/laurence/CodeSourcery/Sourcery_CodeBench_Lite_for_ARM_EABI/bin/../lib/gcc/arm-none-eabi/4.7.2/thumb2/libgcc.a
LOAD /home/laurence/CodeSourcery/Sourcery_CodeBench_Lite_for_ARM_EABI/bin/../lib/gcc/arm-none-eabi/4.7.2/../../../../arm-none-eabi/lib/thumb2/libc.a
LOAD /home/laurence/CodeSourcery/Sourcery_CodeBench_Lite_for_ARM_EABI/bin/../lib/gcc/arm-none-eabi/4.7.2/../../../../arm-none-eabi/lib/thumb2/libcs3.a
LOAD /home/laurence/CodeSourcery/Sourcery_CodeBench_Lite_for_ARM_EABI/bin/../lib/gcc/arm-none-eabi/4.7.2/../../../../arm-none-eabi/lib/thumb2/libcs3unhosted.a
LOAD lib/libcs3-lanchon-stm32.a
END GROUP
                0x20005000                PROVIDE (__cs3_stack, (__cs3_region_start_ram + __cs3_region_size_ram))
                0x20001020                PROVIDE (__cs3_heap_start, _end)
                0x20005000                PROVIDE (__cs3_heap_end, (__cs3_region_start_ram + __cs3_region_size_ram))

.text           0x08000000     0xfb08
 CREATE_OBJECT_SYMBOLS
                0x08000000                __cs3_region_start_rom = .
 *(.cs3.region-head.rom)
                0x08000000                __cs3_interrupt_vector = __cs3_interrupt_vector_lanchon_stm32
 *(.cs3.interrupt_vector)
 .cs3.interrupt_vector
                0x08000000       0xec lib/libcs3-lanchon-stm32.a(lanchon-stm32-vector.o)
                0x08000000                __cs3_interrupt_vector_lanchon_stm32
                0x00000001                ASSERT ((. != __cs3_interrupt_vector_lanchon_stm32), No interrupt vector)
 *(.rom)
 *(.rom.b)
                0x0800edac                PROVIDE (__cs3_reset_lanchon_stm32, _start)
                0x0800edac                __cs3_reset = __cs3_reset_lanchon_stm32
 *(.cs3.reset)
 *(.text .text.* .gnu.linkonce.t.*)
 .text          0x080000ec       0xc8 /home/laurence/CodeSourcery/Sourcery_CodeBench_Lite_for_ARM_EABI/bin/../lib/gcc/arm-none-eabi/4.7.2/thumb2/crtbegin.o
 *fill*         0x080001b4        0x4 
 .text          0x080001b8      0x4a0 Sensors/ppg_new.o
                0x080001b8                PPG_LO_Filter
                0x08000348                PPG_Automatic_Brightness_Control
                0x08000594                PPG_correct_brightness
                0x08000620                PWM_Linear
 .text          0x08000658      0x248 Sensors/pressure.o
                0x08000658                calibrate_sensor
                0x080006a4                conv_adc_diff
                0x080006dc                conv_diff
                0x0800070c                filterloop
 .text          0x080008a0       0x88 Sensors/temperature.o
                0x080008a0                convert_die_temp
                0x080008bc                convert_tmp102_temp
                0x080008f0                convert_thermistor_temp
 .text          0x08000928      0x298 Util/USB/hw_config.o
                0x08000928                Set_System
                0x08000930                Set_USBClock
                0x08000948                Enter_LowPowerMode
                0x08000954                Leave_LowPowerMode
                0x08000974                USB_Interrupts_Config
                0x080009b0                Led_RW_ON
                0x080009c0                Led_RW_OFF
                0x080009d0                USB_Configured_LED
                0x080009e0                USB_NotConfigured_LED
                0x080009f0                USB_Cable_Config
                0x080009f4                Get_SerialNum
                0x08000bb8                MAL_Config
 .text          0x08000bc0      0x10c Util/USB/mass_mal.o
                0x08000bc0                MAL_Init
                0x08000c0c                MAL_Write
                0x08000c40                MAL_Read
                0x08000c68                MAL_GetStatus
 .text          0x08000ccc      0x230 Util/USB/memory.o
                0x08000ccc                Read_Memory
                0x08000e04                Write_Memory
 .text          0x08000efc      0x564 Util/USB/usb_bot.o
                0x08000f28                Mass_Storage_In
                0x08000fb0                CBW_Decode
                0x0800131c                Mass_Storage_Out
                0x080013ac                Transfer_Data_Request
                0x080013e0                Set_CSW
                0x08001420                Bot_Abort
 .text          0x08001460        0x8 Util/USB/usb_endp.o
                0x08001460                EP1_IN_Callback
                0x08001464                EP2_OUT_Callback
 .text          0x08001468       0xe4 Util/USB/usb_istr.o
                0x08001468                USB_Istr
 .text          0x0800154c      0x254 Util/USB/usb_prop.o
                0x0800154c                Mass_Storage_SetDeviceAddress
                0x08001558                MASS_Status_In
                0x0800155c                MASS_Status_Out
                0x08001560                MASS_Get_Interface_Setting
                0x0800156c                Get_Max_Lun
                0x08001584                MASS_GetStringDescriptor
                0x080015a4                MASS_GetConfigDescriptor
                0x080015b0                MASS_GetDeviceDescriptor
                0x080015bc                Mass_Storage_ClearFeature
                0x080015d8                MASS_Reset
                0x080016c4                MASS_init
                0x080016e8                MASS_NoData_Setup
                0x08001738                Mass_Storage_SetConfiguration
                0x08001768                MASS_Data_Setup
 .text          0x080017a0      0x1c0 Util/USB/usb_pwr.o
                0x080017a0                PowerOn
                0x080017d0                PowerOff
                0x080017f4                Suspend
                0x08001838                Resume_Init
                0x08001878                Resume
 .text          0x08001960      0x44c Util/USB/usb_scsi.o
                0x08001960                SCSI_Inquiry_Cmd
                0x08001998                SCSI_ReadFormatCapacity_Cmd
                0x08001a0c                SCSI_ReadCapacity10_Cmd
                0x08001a88                SCSI_ModeSense6_Cmd
                0x08001a94                SCSI_ModeSense10_Cmd
                0x08001aa0                SCSI_RequestSense_Cmd
                0x08001ab8                Set_Scsi_Sense_Data
                0x08001ac4                SCSI_Start_Stop_Unit_Cmd
                0x08001acc                SCSI_Read10_Cmd
                0x08001b7c                SCSI_Write10_Cmd
                0x08001c28                SCSI_Verify10_Cmd
                0x08001c68                SCSI_Valid_Cmd
                0x08001ca0                SCSI_TestUnitReady_Cmd
                0x08001cd4                SCSI_Format_Cmd
                0x08001cec                SCSI_Invalid_Cmd
                0x08001d28                SCSI_Address_Management
 .text          0x08001dac       0x84 Util/buffer.o
                0x08001dac                Add_To_Buffer
                0x08001de0                Get_From_Buffer
                0x08001e14                Empty_Buffer
                0x08001e1c                init_buffer
 .text          0x08001e30       0x34 Util/delay.o
                0x08001e30                Delay
 .text          0x08001e64       0x70 Util/fat_fs/option/ccsbcs.o
                0x08001e64                ff_convert
                0x08001ea4                ff_wtoupper
 .text          0x08001ed4       0x44 Util/fat_fs/src/fattime.o
                0x08001ed4                get_fattime
 .text          0x08001f18     0x43b0 Util/fat_fs/src/ff.o
                0x08004430                clust2sect
                0x08004448                get_fat
                0x0800445c                put_fat
                0x08004478                gen_numname
                0x0800453c                f_mount
                0x0800455c                f_open
                0x080047a0                f_read
                0x08004a70                f_write
                0x08004d74                f_sync
                0x08004eac                f_close
                0x08004ebc                f_lseek
                0x08005074                f_opendir
                0x080050e0                f_readdir
                0x08005154                f_stat
                0x0800519c                f_getfree
                0x08005350                f_truncate
                0x080054dc                f_unlink
                0x080055ec                f_mkdir
                0x08005918                f_chmod
                0x08005970                f_utime
                0x080059cc                f_rename
                0x08005b68                f_gets
                0x08005bb0                f_putc
                0x08005bd8                f_puts
                0x08005c14                f_printf
 .text          0x080062c8      0x33c Util/fat_fs/src/rtc.o
                0x080063a8                rtc_gettime
                0x08006430                my_RTC_SetCounter
                0x08006454                rtc_settime
                0x0800655c                rtc_init
 .text          0x08006604      0xd48 Util/fat_fs/src/sd_spi_stm32.o
                0x080069e0                release_spi
                0x08006a14                wrapup_transaction
                0x08006a40                stop_cmd
                0x08006a48                rcvr_datablock
                0x08006ae0                disk_initialize
                0x08006c84                disk_status
                0x08006c94                disk_read
                0x08006d7c                disk_write
                0x08006f48                disk_ioctl
                0x08007310                disk_timerproc
 .text          0x0800734c      0xb84 Util/rprintf.o
                0x0800734c                rprintfInit
                0x08007358                rprintfChar
                0x08007378                rprintfStr
                0x080073a4                rprintfStrLen
                0x08007408                rprintfCRLF
                0x08007420                rprintfu04
                0x08007444                rprintfu08
                0x08007484                rprintfu16
                0x080074fc                rprintfu32
                0x080075e8                rprintfNum
                0x080076d8                rprintfFloat
                0x080079c0                rprintf2RamRom
                0x08007e80                Isdigit
                0x08007e8c                atoiRamRom
                0x08007ec0                rStrLen
 .text          0x08007ed0      0x278 adc.o
                0x08007ed0                ADC_Configuration
                0x080080c8                readADC2
                0x08008100                setADC2
                0x08008120                getADC2
 .text          0x08008148      0x1e0 gpio.o
                0x08008148                setup_gpio
                0x080082a0                switch_leds_on
                0x080082c4                switch_leds_off
                0x080082ec                red_flash
                0x0800831c                get_wkup
 .text          0x08008328      0x7d4 i2c_int.o
                0x08008328                I2C1_EV_IRQHandler
                0x08008860                I2C1_Request_Job
                0x080088b8                I2C1_Setup_Job
                0x080088cc                I2C_Config
                0x080089fc                I2C1_ER_IRQHandler
 *fill*         0x08008afc        0x4 
 .text          0x08008b00      0x670 interrupts.o
                0x08008b00                ISR_Config
                0x08008b7c                EXTI_ONOFF_EN
                0x08008bd4                DMA_ISR_Config
                0x08008bf8                SysTick_Configuration
                0x08008c24                EXTI0_IRQHandler
                0x08008c98                DMAChannel1_IRQHandler
                0x08008d68                ADC_IRQHandler
                0x08008dc0                SysTickHandler
                0x08009150                USB_HP_CAN_TX_IRQHandler
                0x08009154                USB_LP_CAN_RX0_IRQHandler
                0x08009158                NMIException
                0x0800915c                HardFaultException
                0x08009160                MemManageException
                0x08009164                BusFaultException
                0x08009168                UsageFaultException
 .text.Default_Handler
                0x08009170        0x4 lib/CMSIS_CM3/startup/gcc/startup_stm32f10x_md.o
                0x08009170                EXTI2_IRQHandler
                0x08009170                DebugMon_Handler
                0x08009170                TIM1_CC_IRQHandler
                0x08009170                HardFault_Handler
                0x08009170                SysTick_Handler
                0x08009170                PVD_IRQHandler
                0x08009170                PendSV_Handler
                0x08009170                NMI_Handler
                0x08009170                EXTI3_IRQHandler
                0x08009170                I2C2_EV_IRQHandler
                0x08009170                UsageFault_Handler
                0x08009170                ADC1_2_IRQHandler
                0x08009170                SPI1_IRQHandler
                0x08009170                TAMPER_IRQHandler
                0x08009170                DMA1_Channel4_IRQHandler
                0x08009170                USART3_IRQHandler
                0x08009170                RTC_IRQHandler
                0x08009170                DMA1_Channel7_IRQHandler
                0x08009170                CAN1_RX1_IRQHandler
                0x08009170                TIM4_IRQHandler
                0x08009170                DMA1_Channel6_IRQHandler
                0x08009170                TIM3_IRQHandler
                0x08009170                RCC_IRQHandler
                0x08009170                TIM1_TRG_COM_IRQHandler
                0x08009170                DMA1_Channel1_IRQHandler
                0x08009170                Default_Handler
                0x08009170                EXTI15_10_IRQHandler
                0x08009170                EXTI9_5_IRQHandler
                0x08009170                SPI2_IRQHandler
                0x08009170                MemManage_Handler
                0x08009170                SVC_Handler
                0x08009170                DMA1_Channel5_IRQHandler
                0x08009170                EXTI4_IRQHandler
                0x08009170                USB_LP_CAN1_RX0_IRQHandler
                0x08009170                USB_HP_CAN1_TX_IRQHandler
                0x08009170                DMA1_Channel3_IRQHandler
                0x08009170                TIM1_UP_IRQHandler
                0x08009170                WWDG_IRQHandler
                0x08009170                TIM2_IRQHandler
                0x08009170                TIM1_BRK_IRQHandler
                0x08009170                EXTI1_IRQHandler
                0x08009170                RTCAlarm_IRQHandler
                0x08009170                USART2_IRQHandler
                0x08009170                I2C2_ER_IRQHandler
                0x08009170                DMA1_Channel2_IRQHandler
                0x08009170                CAN1_SCE_IRQHandler
                0x08009170                FLASH_IRQHandler
                0x08009170                BusFault_Handler
                0x08009170                USART1_IRQHandler
                0x08009170                USBWakeUp_IRQHandler
 .text          0x08009174       0xfc lib/CMSIS_CM3/system_stm32f10x.o
                0x08009174                SystemInit
 .text          0x08009270      0x1a8 main.o
                0x08009270                __str_print_char
                0x080092a4                __fat_print_char
                0x080092c4                detect_sensors
 .text.startup  0x08009418      0x898 main.o
                0x08009418                main
 .text          0x08009cb0       0xa4 pwr.o
                0x08009cb0                setuppwr
                0x08009cc4                shutdown
                0x08009cd4                disable_pin
                0x08009cdc                shutdown_filesystem
 .text          0x08009d54      0x284 timer.o
                0x08009d54                setup_pwm
                0x08009f98                Set_Motor
 .text          0x08009fd8      0x10c usart.o
                0x08009fd8                Usarts_Init
                0x0800a084                Default_Usart_Config
                0x0800a09c                Usart_Send_Str
                0x0800a0c8                __usart_send_char
 .text          0x0800a0e4       0x40 watchdog.o
                0x0800a0e4                Watchdog_Config
                0x0800a110                Watchdog_Reset_Detect
 .text.NVIC_PriorityGroupConfig
                0x0800a124       0x14 lib/STM32F10x_StdPeriph_Driver/libstm32fw.a(misc.o)
                0x0800a124                NVIC_PriorityGroupConfig
 .text.NVIC_Init
                0x0800a138       0x68 lib/STM32F10x_StdPeriph_Driver/libstm32fw.a(misc.o)
                0x0800a138                NVIC_Init
 .text.NVIC_SetVectorTable
                0x0800a1a0       0x14 lib/STM32F10x_StdPeriph_Driver/libstm32fw.a(misc.o)
                0x0800a1a0                NVIC_SetVectorTable
 .text.SysTick_CLKSourceConfig
                0x0800a1b4       0x18 lib/STM32F10x_StdPeriph_Driver/libstm32fw.a(misc.o)
                0x0800a1b4                SysTick_CLKSourceConfig
 .text.ADC_DeInit
                0x0800a1cc       0x5c lib/STM32F10x_StdPeriph_Driver/libstm32fw.a(stm32f10x_adc.o)
                0x0800a1cc                ADC_DeInit
 .text.ADC_Init
                0x0800a228       0x48 lib/STM32F10x_StdPeriph_Driver/libstm32fw.a(stm32f10x_adc.o)
                0x0800a228                ADC_Init
 .text.ADC_Cmd  0x0800a270       0x12 lib/STM32F10x_StdPeriph_Driver/libstm32fw.a(stm32f10x_adc.o)
                0x0800a270                ADC_Cmd
 .text.ADC_DMACmd
                0x0800a282       0x12 lib/STM32F10x_StdPeriph_Driver/libstm32fw.a(stm32f10x_adc.o)
                0x0800a282                ADC_DMACmd
 .text.ADC_ITConfig
                0x0800a294       0x12 lib/STM32F10x_StdPeriph_Driver/libstm32fw.a(stm32f10x_adc.o)
                0x0800a294                ADC_ITConfig
 .text.ADC_ResetCalibration
                0x0800a2a6        0xa lib/STM32F10x_StdPeriph_Driver/libstm32fw.a(stm32f10x_adc.o)
                0x0800a2a6                ADC_ResetCalibration
 .text.ADC_GetResetCalibrationStatus
                0x0800a2b0        0x8 lib/STM32F10x_StdPeriph_Driver/libstm32fw.a(stm32f10x_adc.o)
                0x0800a2b0                ADC_GetResetCalibrationStatus
 .text.ADC_StartCalibration
                0x0800a2b8        0xa lib/STM32F10x_StdPeriph_Driver/libstm32fw.a(stm32f10x_adc.o)
                0x0800a2b8                ADC_StartCalibration
 .text.ADC_GetCalibrationStatus
                0x0800a2c2        0x8 lib/STM32F10x_StdPeriph_Driver/libstm32fw.a(stm32f10x_adc.o)
                0x0800a2c2                ADC_GetCalibrationStatus
 .text.ADC_SoftwareStartConvCmd
                0x0800a2ca       0x12 lib/STM32F10x_StdPeriph_Driver/libstm32fw.a(stm32f10x_adc.o)
                0x0800a2ca                ADC_SoftwareStartConvCmd
 .text.ADC_RegularChannelConfig
                0x0800a2dc       0x9c lib/STM32F10x_StdPeriph_Driver/libstm32fw.a(stm32f10x_adc.o)
                0x0800a2dc                ADC_RegularChannelConfig
 .text.ADC_GetConversionValue
                0x0800a378        0x6 lib/STM32F10x_StdPeriph_Driver/libstm32fw.a(stm32f10x_adc.o)
                0x0800a378                ADC_GetConversionValue
 .text.ADC_ExternalTrigInjectedConvConfig
                0x0800a37e        0xc lib/STM32F10x_StdPeriph_Driver/libstm32fw.a(stm32f10x_adc.o)
                0x0800a37e                ADC_ExternalTrigInjectedConvConfig
 .text.ADC_SoftwareStartInjectedConvCmd
                0x0800a38a       0x12 lib/STM32F10x_StdPeriph_Driver/libstm32fw.a(stm32f10x_adc.o)
                0x0800a38a                ADC_SoftwareStartInjectedConvCmd
 .text.ADC_InjectedChannelConfig
                0x0800a39c       0x64 lib/STM32F10x_StdPeriph_Driver/libstm32fw.a(stm32f10x_adc.o)
                0x0800a39c                ADC_InjectedChannelConfig
 .text.ADC_InjectedSequencerLengthConfig
                0x0800a400       0x10 lib/STM32F10x_StdPeriph_Driver/libstm32fw.a(stm32f10x_adc.o)
                0x0800a400                ADC_InjectedSequencerLengthConfig
 .text.ADC_GetInjectedConversionValue
                0x0800a410       0x1a lib/STM32F10x_StdPeriph_Driver/libstm32fw.a(stm32f10x_adc.o)
                0x0800a410                ADC_GetInjectedConversionValue
 .text.ADC_AnalogWatchdogCmd
                0x0800a42a       0x10 lib/STM32F10x_StdPeriph_Driver/libstm32fw.a(stm32f10x_adc.o)
                0x0800a42a                ADC_AnalogWatchdogCmd
 .text.ADC_AnalogWatchdogThresholdsConfig
                0x0800a43a        0x6 lib/STM32F10x_StdPeriph_Driver/libstm32fw.a(stm32f10x_adc.o)
                0x0800a43a                ADC_AnalogWatchdogThresholdsConfig
 .text.ADC_AnalogWatchdogSingleChannelConfig
                0x0800a440        0xc lib/STM32F10x_StdPeriph_Driver/libstm32fw.a(stm32f10x_adc.o)
                0x0800a440                ADC_AnalogWatchdogSingleChannelConfig
 .text.ADC_GetFlagStatus
                0x0800a44c        0xc lib/STM32F10x_StdPeriph_Driver/libstm32fw.a(stm32f10x_adc.o)
                0x0800a44c                ADC_GetFlagStatus
 .text.ADC_ClearFlag
                0x0800a458        0x6 lib/STM32F10x_StdPeriph_Driver/libstm32fw.a(stm32f10x_adc.o)
                0x0800a458                ADC_ClearFlag
 .text.ADC_GetITStatus
                0x0800a45e       0x16 lib/STM32F10x_StdPeriph_Driver/libstm32fw.a(stm32f10x_adc.o)
                0x0800a45e                ADC_GetITStatus
 .text.ADC_ClearITPendingBit
                0x0800a474        0x8 lib/STM32F10x_StdPeriph_Driver/libstm32fw.a(stm32f10x_adc.o)
                0x0800a474                ADC_ClearITPendingBit
 .text.BKP_DeInit
                0x0800a47c       0x12 lib/STM32F10x_StdPeriph_Driver/libstm32fw.a(stm32f10x_bkp.o)
                0x0800a47c                BKP_DeInit
 *fill*         0x0800a48e        0x2 
 .text.BKP_WriteBackupRegister
                0x0800a490       0x1c lib/STM32F10x_StdPeriph_Driver/libstm32fw.a(stm32f10x_bkp.o)
                0x0800a490                BKP_WriteBackupRegister
 .text.BKP_ReadBackupRegister
                0x0800a4ac       0x20 lib/STM32F10x_StdPeriph_Driver/libstm32fw.a(stm32f10x_bkp.o)
                0x0800a4ac                BKP_ReadBackupRegister
 .text.DBGMCU_Config
                0x0800a4cc       0x18 lib/STM32F10x_StdPeriph_Driver/libstm32fw.a(stm32f10x_dbgmcu.o)
                0x0800a4cc                DBGMCU_Config
 .text.DMA_DeInit
                0x0800a4e4       0xf8 lib/STM32F10x_StdPeriph_Driver/libstm32fw.a(stm32f10x_dma.o)
                0x0800a4e4                DMA_DeInit
 .text.DMA_Init
                0x0800a5dc       0x3e lib/STM32F10x_StdPeriph_Driver/libstm32fw.a(stm32f10x_dma.o)
                0x0800a5dc                DMA_Init
 .text.DMA_StructInit
                0x0800a61a       0x1a lib/STM32F10x_StdPeriph_Driver/libstm32fw.a(stm32f10x_dma.o)
                0x0800a61a                DMA_StructInit
 .text.DMA_Cmd  0x0800a634       0x12 lib/STM32F10x_StdPeriph_Driver/libstm32fw.a(stm32f10x_dma.o)
                0x0800a634                DMA_Cmd
 .text.DMA_ITConfig
                0x0800a646       0x10 lib/STM32F10x_StdPeriph_Driver/libstm32fw.a(stm32f10x_dma.o)
                0x0800a646                DMA_ITConfig
 .text.DMA_GetCurrDataCounter
                0x0800a656        0x6 lib/STM32F10x_StdPeriph_Driver/libstm32fw.a(stm32f10x_dma.o)
                0x0800a656                DMA_GetCurrDataCounter
 .text.DMA_GetFlagStatus
                0x0800a65c       0x1c lib/STM32F10x_StdPeriph_Driver/libstm32fw.a(stm32f10x_dma.o)
                0x0800a65c                DMA_GetFlagStatus
 .text.DMA_ClearFlag
                0x0800a678       0x14 lib/STM32F10x_StdPeriph_Driver/libstm32fw.a(stm32f10x_dma.o)
                0x0800a678                DMA_ClearFlag
 .text.DMA_GetITStatus
                0x0800a68c       0x1c lib/STM32F10x_StdPeriph_Driver/libstm32fw.a(stm32f10x_dma.o)
                0x0800a68c                DMA_GetITStatus
 .text.DMA_ClearITPendingBit
                0x0800a6a8       0x14 lib/STM32F10x_StdPeriph_Driver/libstm32fw.a(stm32f10x_dma.o)
                0x0800a6a8                DMA_ClearITPendingBit
 .text.EXTI_DeInit
                0x0800a6bc       0x1c lib/STM32F10x_StdPeriph_Driver/libstm32fw.a(stm32f10x_exti.o)
                0x0800a6bc                EXTI_DeInit
 .text.EXTI_Init
                0x0800a6d8       0x84 lib/STM32F10x_StdPeriph_Driver/libstm32fw.a(stm32f10x_exti.o)
                0x0800a6d8                EXTI_Init
 .text.EXTI_GetITStatus
                0x0800a75c       0x1c lib/STM32F10x_StdPeriph_Driver/libstm32fw.a(stm32f10x_exti.o)
                0x0800a75c                EXTI_GetITStatus
 .text.EXTI_ClearITPendingBit
                0x0800a778        0xc lib/STM32F10x_StdPeriph_Driver/libstm32fw.a(stm32f10x_exti.o)
                0x0800a778                EXTI_ClearITPendingBit
 .text.GPIO_Init
                0x0800a784       0xa0 lib/STM32F10x_StdPeriph_Driver/libstm32fw.a(stm32f10x_gpio.o)
                0x0800a784                GPIO_Init
 .text.GPIO_ReadInputDataBit
                0x0800a824        0xc lib/STM32F10x_StdPeriph_Driver/libstm32fw.a(stm32f10x_gpio.o)
                0x0800a824                GPIO_ReadInputDataBit
 .text.GPIO_SetBits
                0x0800a830        0x4 lib/STM32F10x_StdPeriph_Driver/libstm32fw.a(stm32f10x_gpio.o)
                0x0800a830                GPIO_SetBits
 .text.GPIO_ResetBits
                0x0800a834        0x4 lib/STM32F10x_StdPeriph_Driver/libstm32fw.a(stm32f10x_gpio.o)
                0x0800a834                GPIO_ResetBits
 .text.GPIO_WriteBit
                0x0800a838        0xa lib/STM32F10x_StdPeriph_Driver/libstm32fw.a(stm32f10x_gpio.o)
                0x0800a838                GPIO_WriteBit
 *fill*         0x0800a842        0x2 
 .text.GPIO_PinRemapConfig
                0x0800a844       0x58 lib/STM32F10x_StdPeriph_Driver/libstm32fw.a(stm32f10x_gpio.o)
                0x0800a844                GPIO_PinRemapConfig
 .text.GPIO_EXTILineConfig
                0x0800a89c       0x34 lib/STM32F10x_StdPeriph_Driver/libstm32fw.a(stm32f10x_gpio.o)
                0x0800a89c                GPIO_EXTILineConfig
 .text.I2C_DeInit
                0x0800a8d0       0x34 lib/STM32F10x_StdPeriph_Driver/libstm32fw.a(stm32f10x_i2c.o)
                0x0800a8d0                I2C_DeInit
 .text.I2C_Init
                0x0800a904       0xc8 lib/STM32F10x_StdPeriph_Driver/libstm32fw.a(stm32f10x_i2c.o)
                0x0800a904                I2C_Init
 .text.I2C_Cmd  0x0800a9cc       0x18 lib/STM32F10x_StdPeriph_Driver/libstm32fw.a(stm32f10x_i2c.o)
                0x0800a9cc                I2C_Cmd
 .text.I2C_GenerateSTART
                0x0800a9e4       0x18 lib/STM32F10x_StdPeriph_Driver/libstm32fw.a(stm32f10x_i2c.o)
                0x0800a9e4                I2C_GenerateSTART
 .text.I2C_GenerateSTOP
                0x0800a9fc       0x18 lib/STM32F10x_StdPeriph_Driver/libstm32fw.a(stm32f10x_i2c.o)
                0x0800a9fc                I2C_GenerateSTOP
 .text.I2C_AcknowledgeConfig
                0x0800aa14       0x18 lib/STM32F10x_StdPeriph_Driver/libstm32fw.a(stm32f10x_i2c.o)
                0x0800aa14                I2C_AcknowledgeConfig
 .text.I2C_ITConfig
                0x0800aa2c       0x12 lib/STM32F10x_StdPeriph_Driver/libstm32fw.a(stm32f10x_i2c.o)
                0x0800aa2c                I2C_ITConfig
 .text.I2C_SendData
                0x0800aa3e        0x4 lib/STM32F10x_StdPeriph_Driver/libstm32fw.a(stm32f10x_i2c.o)
                0x0800aa3e                I2C_SendData
 .text.I2C_ReceiveData
                0x0800aa42        0x6 lib/STM32F10x_StdPeriph_Driver/libstm32fw.a(stm32f10x_i2c.o)
                0x0800aa42                I2C_ReceiveData
 .text.I2C_Send7bitAddress
                0x0800aa48       0x10 lib/STM32F10x_StdPeriph_Driver/libstm32fw.a(stm32f10x_i2c.o)
                0x0800aa48                I2C_Send7bitAddress
 .text.I2C_SoftwareResetCmd
                0x0800aa58       0x16 lib/STM32F10x_StdPeriph_Driver/libstm32fw.a(stm32f10x_i2c.o)
                0x0800aa58                I2C_SoftwareResetCmd
 *fill*         0x0800aa6e        0x2 
 .text.IWDG_WriteAccessCmd
                0x0800aa70        0xc lib/STM32F10x_StdPeriph_Driver/libstm32fw.a(stm32f10x_iwdg.o)
                0x0800aa70                IWDG_WriteAccessCmd
 .text.IWDG_SetPrescaler
                0x0800aa7c        0xc lib/STM32F10x_StdPeriph_Driver/libstm32fw.a(stm32f10x_iwdg.o)
                0x0800aa7c                IWDG_SetPrescaler
 .text.IWDG_SetReload
                0x0800aa88        0xc lib/STM32F10x_StdPeriph_Driver/libstm32fw.a(stm32f10x_iwdg.o)
                0x0800aa88                IWDG_SetReload
 .text.IWDG_ReloadCounter
                0x0800aa94       0x10 lib/STM32F10x_StdPeriph_Driver/libstm32fw.a(stm32f10x_iwdg.o)
                0x0800aa94                IWDG_ReloadCounter
 .text.IWDG_Enable
                0x0800aaa4       0x10 lib/STM32F10x_StdPeriph_Driver/libstm32fw.a(stm32f10x_iwdg.o)
                0x0800aaa4                IWDG_Enable
 .text.PWR_DeInit
                0x0800aab4       0x1a lib/STM32F10x_StdPeriph_Driver/libstm32fw.a(stm32f10x_pwr.o)
                0x0800aab4                PWR_DeInit
 *fill*         0x0800aace        0x2 
 .text.PWR_BackupAccessCmd
                0x0800aad0        0xc lib/STM32F10x_StdPeriph_Driver/libstm32fw.a(stm32f10x_pwr.o)
                0x0800aad0                PWR_BackupAccessCmd
 .text.PWR_WakeUpPinCmd
                0x0800aadc        0xc lib/STM32F10x_StdPeriph_Driver/libstm32fw.a(stm32f10x_pwr.o)
                0x0800aadc                PWR_WakeUpPinCmd
 .text.PWR_EnterSTANDBYMode
                0x0800aae8       0x28 lib/STM32F10x_StdPeriph_Driver/libstm32fw.a(stm32f10x_pwr.o)
                0x0800aae8                PWR_EnterSTANDBYMode
 .text.RCC_HCLKConfig
                0x0800ab10       0x14 lib/STM32F10x_StdPeriph_Driver/libstm32fw.a(stm32f10x_rcc.o)
                0x0800ab10                RCC_HCLKConfig
 .text.RCC_USBCLKConfig
                0x0800ab24        0xc lib/STM32F10x_StdPeriph_Driver/libstm32fw.a(stm32f10x_rcc.o)
                0x0800ab24                RCC_USBCLKConfig
 .text.RCC_ADCCLKConfig
                0x0800ab30       0x14 lib/STM32F10x_StdPeriph_Driver/libstm32fw.a(stm32f10x_rcc.o)
                0x0800ab30                RCC_ADCCLKConfig
 .text.RCC_LSEConfig
                0x0800ab44       0x20 lib/STM32F10x_StdPeriph_Driver/libstm32fw.a(stm32f10x_rcc.o)
                0x0800ab44                RCC_LSEConfig
 .text.RCC_RTCCLKConfig
                0x0800ab64       0x10 lib/STM32F10x_StdPeriph_Driver/libstm32fw.a(stm32f10x_rcc.o)
                0x0800ab64                RCC_RTCCLKConfig
 .text.RCC_RTCCLKCmd
                0x0800ab74        0xc lib/STM32F10x_StdPeriph_Driver/libstm32fw.a(stm32f10x_rcc.o)
                0x0800ab74                RCC_RTCCLKCmd
 .text.RCC_GetClocksFreq
                0x0800ab80       0x9c lib/STM32F10x_StdPeriph_Driver/libstm32fw.a(stm32f10x_rcc.o)
                0x0800ab80                RCC_GetClocksFreq
 .text.RCC_AHBPeriphClockCmd
                0x0800ac1c       0x18 lib/STM32F10x_StdPeriph_Driver/libstm32fw.a(stm32f10x_rcc.o)
                0x0800ac1c                RCC_AHBPeriphClockCmd
 .text.RCC_APB2PeriphClockCmd
                0x0800ac34       0x18 lib/STM32F10x_StdPeriph_Driver/libstm32fw.a(stm32f10x_rcc.o)
                0x0800ac34                RCC_APB2PeriphClockCmd
 .text.RCC_APB1PeriphClockCmd
                0x0800ac4c       0x18 lib/STM32F10x_StdPeriph_Driver/libstm32fw.a(stm32f10x_rcc.o)
                0x0800ac4c                RCC_APB1PeriphClockCmd
 .text.RCC_APB2PeriphResetCmd
                0x0800ac64       0x18 lib/STM32F10x_StdPeriph_Driver/libstm32fw.a(stm32f10x_rcc.o)
                0x0800ac64                RCC_APB2PeriphResetCmd
 .text.RCC_APB1PeriphResetCmd
                0x0800ac7c       0x18 lib/STM32F10x_StdPeriph_Driver/libstm32fw.a(stm32f10x_rcc.o)
                0x0800ac7c                RCC_APB1PeriphResetCmd
 .text.RCC_BackupResetCmd
                0x0800ac94        0xc lib/STM32F10x_StdPeriph_Driver/libstm32fw.a(stm32f10x_rcc.o)
                0x0800ac94                RCC_BackupResetCmd
 .text.RCC_GetFlagStatus
                0x0800aca0       0x28 lib/STM32F10x_StdPeriph_Driver/libstm32fw.a(stm32f10x_rcc.o)
                0x0800aca0                RCC_GetFlagStatus
 .text.RCC_ClearFlag
                0x0800acc8       0x10 lib/STM32F10x_StdPeriph_Driver/libstm32fw.a(stm32f10x_rcc.o)
                0x0800acc8                RCC_ClearFlag
 .text.RTC_EnterConfigMode
                0x0800acd8       0x14 lib/STM32F10x_StdPeriph_Driver/libstm32fw.a(stm32f10x_rtc.o)
                0x0800acd8                RTC_EnterConfigMode
 .text.RTC_ExitConfigMode
                0x0800acec       0x14 lib/STM32F10x_StdPeriph_Driver/libstm32fw.a(stm32f10x_rtc.o)
                0x0800acec                RTC_ExitConfigMode
 .text.RTC_GetCounter
                0x0800ad00       0x14 lib/STM32F10x_StdPeriph_Driver/libstm32fw.a(stm32f10x_rtc.o)
                0x0800ad00                RTC_GetCounter
 .text.RTC_SetCounter
                0x0800ad14       0x1c lib/STM32F10x_StdPeriph_Driver/libstm32fw.a(stm32f10x_rtc.o)
                0x0800ad14                RTC_SetCounter
 .text.RTC_SetPrescaler
                0x0800ad30       0x20 lib/STM32F10x_StdPeriph_Driver/libstm32fw.a(stm32f10x_rtc.o)
                0x0800ad30                RTC_SetPrescaler
 .text.RTC_WaitForLastTask
                0x0800ad50       0x14 lib/STM32F10x_StdPeriph_Driver/libstm32fw.a(stm32f10x_rtc.o)
                0x0800ad50                RTC_WaitForLastTask
 .text.RTC_WaitForSynchro
                0x0800ad64       0x20 lib/STM32F10x_StdPeriph_Driver/libstm32fw.a(stm32f10x_rtc.o)
                0x0800ad64                RTC_WaitForSynchro
 .text.SPI_I2S_DeInit
                0x0800ad84       0x64 lib/STM32F10x_StdPeriph_Driver/libstm32fw.a(stm32f10x_spi.o)
                0x0800ad84                SPI_I2S_DeInit
 .text.SPI_Init
                0x0800ade8       0x3c lib/STM32F10x_StdPeriph_Driver/libstm32fw.a(stm32f10x_spi.o)
                0x0800ade8                SPI_Init
 .text.SPI_Cmd  0x0800ae24       0x18 lib/STM32F10x_StdPeriph_Driver/libstm32fw.a(stm32f10x_spi.o)
                0x0800ae24                SPI_Cmd
 .text.SPI_I2S_DMACmd
                0x0800ae3c       0x12 lib/STM32F10x_StdPeriph_Driver/libstm32fw.a(stm32f10x_spi.o)
                0x0800ae3c                SPI_I2S_DMACmd
 .text.SPI_I2S_SendData
                0x0800ae4e        0x4 lib/STM32F10x_StdPeriph_Driver/libstm32fw.a(stm32f10x_spi.o)
                0x0800ae4e                SPI_I2S_SendData
 .text.SPI_I2S_ReceiveData
                0x0800ae52        0x6 lib/STM32F10x_StdPeriph_Driver/libstm32fw.a(stm32f10x_spi.o)
                0x0800ae52                SPI_I2S_ReceiveData
 .text.SPI_CalculateCRC
                0x0800ae58       0x18 lib/STM32F10x_StdPeriph_Driver/libstm32fw.a(stm32f10x_spi.o)
                0x0800ae58                SPI_CalculateCRC
 .text.SPI_I2S_GetFlagStatus
                0x0800ae70        0xc lib/STM32F10x_StdPeriph_Driver/libstm32fw.a(stm32f10x_spi.o)
                0x0800ae70                SPI_I2S_GetFlagStatus
 .text.TIM_DeInit
                0x0800ae7c       0xc8 lib/STM32F10x_StdPeriph_Driver/libstm32fw.a(stm32f10x_tim.o)
                0x0800ae7c                TIM_DeInit
 .text.TIM_TimeBaseInit
                0x0800af44       0x38 lib/STM32F10x_StdPeriph_Driver/libstm32fw.a(stm32f10x_tim.o)
                0x0800af44                TIM_TimeBaseInit
 .text.TIM_OC1Init
                0x0800af7c       0x70 lib/STM32F10x_StdPeriph_Driver/libstm32fw.a(stm32f10x_tim.o)
                0x0800af7c                TIM_OC1Init
 .text.TIM_OC2Init
                0x0800afec       0x84 lib/STM32F10x_StdPeriph_Driver/libstm32fw.a(stm32f10x_tim.o)
                0x0800afec                TIM_OC2Init
 .text.TIM_OC3Init
                0x0800b070       0x80 lib/STM32F10x_StdPeriph_Driver/libstm32fw.a(stm32f10x_tim.o)
                0x0800b070                TIM_OC3Init
 .text.TIM_OC4Init
                0x0800b0f0       0x60 lib/STM32F10x_StdPeriph_Driver/libstm32fw.a(stm32f10x_tim.o)
                0x0800b0f0                TIM_OC4Init
 .text.TIM_Cmd  0x0800b150       0x18 lib/STM32F10x_StdPeriph_Driver/libstm32fw.a(stm32f10x_tim.o)
                0x0800b150                TIM_Cmd
 .text.TIM_CtrlPWMOutputs
                0x0800b168       0x1a lib/STM32F10x_StdPeriph_Driver/libstm32fw.a(stm32f10x_tim.o)
                0x0800b168                TIM_CtrlPWMOutputs
 .text.TIM_SelectInputTrigger
                0x0800b182       0x10 lib/STM32F10x_StdPeriph_Driver/libstm32fw.a(stm32f10x_tim.o)
                0x0800b182                TIM_SelectInputTrigger
 .text.TIM_ARRPreloadConfig
                0x0800b192       0x18 lib/STM32F10x_StdPeriph_Driver/libstm32fw.a(stm32f10x_tim.o)
                0x0800b192                TIM_ARRPreloadConfig
 .text.TIM_OC1PreloadConfig
                0x0800b1aa       0x10 lib/STM32F10x_StdPeriph_Driver/libstm32fw.a(stm32f10x_tim.o)
                0x0800b1aa                TIM_OC1PreloadConfig
 .text.TIM_OC2PreloadConfig
                0x0800b1ba       0x12 lib/STM32F10x_StdPeriph_Driver/libstm32fw.a(stm32f10x_tim.o)
                0x0800b1ba                TIM_OC2PreloadConfig
 .text.TIM_OC3PreloadConfig
                0x0800b1cc       0x10 lib/STM32F10x_StdPeriph_Driver/libstm32fw.a(stm32f10x_tim.o)
                0x0800b1cc                TIM_OC3PreloadConfig
 .text.TIM_OC4PreloadConfig
                0x0800b1dc       0x12 lib/STM32F10x_StdPeriph_Driver/libstm32fw.a(stm32f10x_tim.o)
                0x0800b1dc                TIM_OC4PreloadConfig
 .text.TIM_SelectOutputTrigger
                0x0800b1ee       0x16 lib/STM32F10x_StdPeriph_Driver/libstm32fw.a(stm32f10x_tim.o)
                0x0800b1ee                TIM_SelectOutputTrigger
 .text.TIM_SelectSlaveMode
                0x0800b204       0x16 lib/STM32F10x_StdPeriph_Driver/libstm32fw.a(stm32f10x_tim.o)
                0x0800b204                TIM_SelectSlaveMode
 .text.TIM_SelectMasterSlaveMode
                0x0800b21a       0x16 lib/STM32F10x_StdPeriph_Driver/libstm32fw.a(stm32f10x_tim.o)
                0x0800b21a                TIM_SelectMasterSlaveMode
 .text.TIM_SetCompare1
                0x0800b230        0x4 lib/STM32F10x_StdPeriph_Driver/libstm32fw.a(stm32f10x_tim.o)
                0x0800b230                TIM_SetCompare1
 .text.TIM_SetCompare3
                0x0800b234        0x4 lib/STM32F10x_StdPeriph_Driver/libstm32fw.a(stm32f10x_tim.o)
                0x0800b234                TIM_SetCompare3
 .text.TIM_SetCompare4
                0x0800b238        0x6 lib/STM32F10x_StdPeriph_Driver/libstm32fw.a(stm32f10x_tim.o)
                0x0800b238                TIM_SetCompare4
 *fill*         0x0800b23e        0x2 
 .text.USART_Init
                0x0800b240       0x84 lib/STM32F10x_StdPeriph_Driver/libstm32fw.a(stm32f10x_usart.o)
                0x0800b240                USART_Init
 .text.USART_Cmd
                0x0800b2c4       0x18 lib/STM32F10x_StdPeriph_Driver/libstm32fw.a(stm32f10x_usart.o)
                0x0800b2c4                USART_Cmd
 .text.USART_SendData
                0x0800b2dc        0x8 lib/STM32F10x_StdPeriph_Driver/libstm32fw.a(stm32f10x_usart.o)
                0x0800b2dc                USART_SendData
 .text.USART_GetFlagStatus
                0x0800b2e4        0xc lib/STM32F10x_StdPeriph_Driver/libstm32fw.a(stm32f10x_usart.o)
                0x0800b2e4                USART_GetFlagStatus
 .text.Standard_GetConfiguration
                0x0800b2f0       0x24 lib/STM32_USB-FS-Device_Driver/libstm32usb.a(usb_core.o)
                0x0800b2f0                Standard_GetConfiguration
 .text.Standard_GetInterface
                0x0800b314       0x24 lib/STM32_USB-FS-Device_Driver/libstm32usb.a(usb_core.o)
                0x0800b314                Standard_GetInterface
 .text.Standard_GetStatus
                0x0800b338       0x98 lib/STM32_USB-FS-Device_Driver/libstm32usb.a(usb_core.o)
                0x0800b338                Standard_GetStatus
 .text.DataStageIn
                0x0800b3d0       0xa4 lib/STM32_USB-FS-Device_Driver/libstm32usb.a(usb_core.o)
 .text.Standard_SetConfiguration
                0x0800b474       0x38 lib/STM32_USB-FS-Device_Driver/libstm32usb.a(usb_core.o)
                0x0800b474                Standard_SetConfiguration
 .text.Standard_SetInterface
                0x0800b4ac       0x48 lib/STM32_USB-FS-Device_Driver/libstm32usb.a(usb_core.o)
                0x0800b4ac                Standard_SetInterface
 .text.Standard_ClearFeature
                0x0800b4f4       0xdc lib/STM32_USB-FS-Device_Driver/libstm32usb.a(usb_core.o)
                0x0800b4f4                Standard_ClearFeature
 .text.Standard_SetEndPointFeature
                0x0800b5d0       0x88 lib/STM32_USB-FS-Device_Driver/libstm32usb.a(usb_core.o)
                0x0800b5d0                Standard_SetEndPointFeature
 .text.Standard_SetDeviceFeature
                0x0800b658       0x24 lib/STM32_USB-FS-Device_Driver/libstm32usb.a(usb_core.o)
                0x0800b658                Standard_SetDeviceFeature
 .text.Standard_GetDescriptorData
                0x0800b67c       0x1c lib/STM32_USB-FS-Device_Driver/libstm32usb.a(usb_core.o)
                0x0800b67c                Standard_GetDescriptorData
 .text.Post0_Process
                0x0800b698       0x40 lib/STM32_USB-FS-Device_Driver/libstm32usb.a(usb_core.o)
                0x0800b698                Post0_Process
 .text.Out0_Process
                0x0800b6d8       0xd4 lib/STM32_USB-FS-Device_Driver/libstm32usb.a(usb_core.o)
                0x0800b6d8                Out0_Process
 .text.Setup0_Process
                0x0800b7ac      0x2f8 lib/STM32_USB-FS-Device_Driver/libstm32usb.a(usb_core.o)
                0x0800b7ac                Setup0_Process
 .text.SetDeviceAddress
                0x0800baa4       0x40 lib/STM32_USB-FS-Device_Driver/libstm32usb.a(usb_core.o)
                0x0800baa4                SetDeviceAddress
 .text.In0_Process
                0x0800bae4       0x60 lib/STM32_USB-FS-Device_Driver/libstm32usb.a(usb_core.o)
                0x0800bae4                In0_Process
 .text.NOP_Process
                0x0800bb44        0x2 lib/STM32_USB-FS-Device_Driver/libstm32usb.a(usb_core.o)
                0x0800bb44                NOP_Process
 *fill*         0x0800bb46        0x2 
 .text.USB_Init
                0x0800bb48       0x38 lib/STM32_USB-FS-Device_Driver/libstm32usb.a(usb_init.o)
                0x0800bb48                USB_Init
 .text.CTR_LP   0x0800bb80      0x188 lib/STM32_USB-FS-Device_Driver/libstm32usb.a(usb_int.o)
                0x0800bb80                CTR_LP
 .text.CTR_HP   0x0800bd08       0x74 lib/STM32_USB-FS-Device_Driver/libstm32usb.a(usb_int.o)
                0x0800bd08                CTR_HP
 .text.UserToPMABufferCopy
                0x0800bd7c       0x2e lib/STM32_USB-FS-Device_Driver/libstm32usb.a(usb_mem.o)
                0x0800bd7c                UserToPMABufferCopy
 .text.PMAToUserBufferCopy
                0x0800bdaa       0x24 lib/STM32_USB-FS-Device_Driver/libstm32usb.a(usb_mem.o)
                0x0800bdaa                PMAToUserBufferCopy
 *fill*         0x0800bdce        0x2 
 .text.SetBTABLE
                0x0800bdd0       0x10 lib/STM32_USB-FS-Device_Driver/libstm32usb.a(usb_regs.o)
                0x0800bdd0                SetBTABLE
 .text.SetEPType
                0x0800bde0       0x18 lib/STM32_USB-FS-Device_Driver/libstm32usb.a(usb_regs.o)
                0x0800bde0                SetEPType
 .text.SetEPTxStatus
                0x0800bdf8       0x3a lib/STM32_USB-FS-Device_Driver/libstm32usb.a(usb_regs.o)
                0x0800bdf8                SetEPTxStatus
 .text.SetEPRxStatus
                0x0800be32       0x3a lib/STM32_USB-FS-Device_Driver/libstm32usb.a(usb_regs.o)
                0x0800be32                SetEPRxStatus
 .text.SetEPRxValid
                0x0800be6c       0x22 lib/STM32_USB-FS-Device_Driver/libstm32usb.a(usb_regs.o)
                0x0800be6c                SetEPRxValid
 .text.Clear_Status_Out
                0x0800be8e       0x1e lib/STM32_USB-FS-Device_Driver/libstm32usb.a(usb_regs.o)
                0x0800be8e                Clear_Status_Out
 .text.ClearDTOG_RX
                0x0800beac       0x24 lib/STM32_USB-FS-Device_Driver/libstm32usb.a(usb_regs.o)
                0x0800beac                ClearDTOG_RX
 .text.ClearDTOG_TX
                0x0800bed0       0x24 lib/STM32_USB-FS-Device_Driver/libstm32usb.a(usb_regs.o)
                0x0800bed0                ClearDTOG_TX
 .text.SetEPTxAddr
                0x0800bef4       0x20 lib/STM32_USB-FS-Device_Driver/libstm32usb.a(usb_regs.o)
                0x0800bef4                SetEPTxAddr
 .text.SetEPRxAddr
                0x0800bf14       0x20 lib/STM32_USB-FS-Device_Driver/libstm32usb.a(usb_regs.o)
                0x0800bf14                SetEPRxAddr
 .text.GetEPTxAddr
                0x0800bf34       0x1c lib/STM32_USB-FS-Device_Driver/libstm32usb.a(usb_regs.o)
                0x0800bf34                GetEPTxAddr
 .text.GetEPRxAddr
                0x0800bf50       0x1c lib/STM32_USB-FS-Device_Driver/libstm32usb.a(usb_regs.o)
                0x0800bf50                GetEPRxAddr
 .text.SetEPTxCount
                0x0800bf6c       0x1c lib/STM32_USB-FS-Device_Driver/libstm32usb.a(usb_regs.o)
                0x0800bf6c                SetEPTxCount
 .text.SetEPRxCount
                0x0800bf88       0x3c lib/STM32_USB-FS-Device_Driver/libstm32usb.a(usb_regs.o)
                0x0800bf88                SetEPRxCount
 .text.GetEPRxCount
                0x0800bfc4       0x20 lib/STM32_USB-FS-Device_Driver/libstm32usb.a(usb_regs.o)
                0x0800bfc4                GetEPRxCount
 .text.ByteSwap
                0x0800bfe4        0xa lib/STM32_USB-FS-Device_Driver/libstm32usb.a(usb_regs.o)
                0x0800bfe4                ByteSwap
 *fill*         0x0800bfee        0x2 
 .text.USB_SIL_Init
                0x0800bff0       0x20 lib/STM32_USB-FS-Device_Driver/libstm32usb.a(usb_sil.o)
                0x0800bff0                USB_SIL_Init
 .text.USB_SIL_Write
                0x0800c010       0x28 lib/STM32_USB-FS-Device_Driver/libstm32usb.a(usb_sil.o)
                0x0800c010                USB_SIL_Write
 .text.USB_SIL_Read
                0x0800c038       0x24 lib/STM32_USB-FS-Device_Driver/libstm32usb.a(usb_sil.o)
                0x0800c038                USB_SIL_Read
 .text          0x0800c05c       0x78 /home/laurence/CodeSourcery/Sourcery_CodeBench_Lite_for_ARM_EABI/bin/../lib/gcc/arm-none-eabi/4.7.2/../../../../arm-none-eabi/lib/thumb2/libm.a(lib_a-sf_sin.o)
                0x0800c05c                sinf
 .text          0x0800c0d4       0xa4 /home/laurence/CodeSourcery/Sourcery_CodeBench_Lite_for_ARM_EABI/bin/../lib/gcc/arm-none-eabi/4.7.2/../../../../arm-none-eabi/lib/thumb2/libm.a(lib_a-wf_asin.o)
                0x0800c0d4                asinf
 .text          0x0800c178       0xa0 /home/laurence/CodeSourcery/Sourcery_CodeBench_Lite_for_ARM_EABI/bin/../lib/gcc/arm-none-eabi/4.7.2/../../../../arm-none-eabi/lib/thumb2/libm.a(lib_a-wf_sqrt.o)
                0x0800c178                sqrtf
 .text          0x0800c218      0x318 /home/laurence/CodeSourcery/Sourcery_CodeBench_Lite_for_ARM_EABI/bin/../lib/gcc/arm-none-eabi/4.7.2/../../../../arm-none-eabi/lib/thumb2/libm.a(lib_a-ef_asin.o)
                0x0800c218                __ieee754_asinf
 .text          0x0800c530      0x34c /home/laurence/CodeSourcery/Sourcery_CodeBench_Lite_for_ARM_EABI/bin/../lib/gcc/arm-none-eabi/4.7.2/../../../../arm-none-eabi/lib/thumb2/libm.a(lib_a-ef_rem_pio2.o)
                0x0800c530                __ieee754_rem_pio2f
 .text          0x0800c87c       0xa8 /home/laurence/CodeSourcery/Sourcery_CodeBench_Lite_for_ARM_EABI/bin/../lib/gcc/arm-none-eabi/4.7.2/../../../../arm-none-eabi/lib/thumb2/libm.a(lib_a-ef_sqrt.o)
                0x0800c87c                __ieee754_sqrtf
 .text          0x0800c924      0x1b8 /home/laurence/CodeSourcery/Sourcery_CodeBench_Lite_for_ARM_EABI/bin/../lib/gcc/arm-none-eabi/4.7.2/../../../../arm-none-eabi/lib/thumb2/libm.a(lib_a-kf_cos.o)
                0x0800c924                __kernel_cosf
 .text          0x0800cadc      0x658 /home/laurence/CodeSourcery/Sourcery_CodeBench_Lite_for_ARM_EABI/bin/../lib/gcc/arm-none-eabi/4.7.2/../../../../arm-none-eabi/lib/thumb2/libm.a(lib_a-kf_rem_pio2.o)
                0x0800cadc                __kernel_rem_pio2f
 .text          0x0800d134      0x100 /home/laurence/CodeSourcery/Sourcery_CodeBench_Lite_for_ARM_EABI/bin/../lib/gcc/arm-none-eabi/4.7.2/../../../../arm-none-eabi/lib/thumb2/libm.a(lib_a-kf_sin.o)
                0x0800d134                __kernel_sinf
 .text          0x0800d234        0x4 /home/laurence/CodeSourcery/Sourcery_CodeBench_Lite_for_ARM_EABI/bin/../lib/gcc/arm-none-eabi/4.7.2/../../../../arm-none-eabi/lib/thumb2/libm.a(lib_a-s_matherr.o)
                0x0800d234                matherr
 .text          0x0800d238        0xc /home/laurence/CodeSourcery/Sourcery_CodeBench_Lite_for_ARM_EABI/bin/../lib/gcc/arm-none-eabi/4.7.2/../../../../arm-none-eabi/lib/thumb2/libm.a(lib_a-s_nan.o)
                0x0800d238                nan
 .text          0x0800d244        0x8 /home/laurence/CodeSourcery/Sourcery_CodeBench_Lite_for_ARM_EABI/bin/../lib/gcc/arm-none-eabi/4.7.2/../../../../arm-none-eabi/lib/thumb2/libm.a(lib_a-sf_fabs.o)
                0x0800d244                fabsf
 .text          0x0800d24c       0x90 /home/laurence/CodeSourcery/Sourcery_CodeBench_Lite_for_ARM_EABI/bin/../lib/gcc/arm-none-eabi/4.7.2/../../../../arm-none-eabi/lib/thumb2/libm.a(lib_a-sf_floor.o)
                0x0800d24c                floorf
 .text          0x0800d2dc       0x34 /home/laurence/CodeSourcery/Sourcery_CodeBench_Lite_for_ARM_EABI/bin/../lib/gcc/arm-none-eabi/4.7.2/../../../../arm-none-eabi/lib/thumb2/libm.a(lib_a-sf_fpclassify.o)
                0x0800d2dc                __fpclassifyf
 .text          0x0800d310       0xc4 /home/laurence/CodeSourcery/Sourcery_CodeBench_Lite_for_ARM_EABI/bin/../lib/gcc/arm-none-eabi/4.7.2/../../../../arm-none-eabi/lib/thumb2/libm.a(lib_a-sf_scalbn.o)
                0x0800d310                scalbnf
 .text          0x0800d3d4        0xc /home/laurence/CodeSourcery/Sourcery_CodeBench_Lite_for_ARM_EABI/bin/../lib/gcc/arm-none-eabi/4.7.2/../../../../arm-none-eabi/lib/thumb2/libm.a(lib_a-sf_copysign.o)
                0x0800d3d4                copysignf
 .text          0x0800d3e0      0x370 /home/laurence/CodeSourcery/Sourcery_CodeBench_Lite_for_ARM_EABI/bin/../lib/gcc/arm-none-eabi/4.7.2/thumb2/libgcc.a(_arm_addsubdf3.o)
                0x0800d3e0                __aeabi_drsub
                0x0800d3e8                __aeabi_dsub
                0x0800d3e8                __subdf3
                0x0800d3ec                __adddf3
                0x0800d3ec                __aeabi_dadd
                0x0800d664                __aeabi_ui2d
                0x0800d664                __floatunsidf
                0x0800d684                __floatsidf
                0x0800d684                __aeabi_i2d
                0x0800d6a8                __extendsfdf2
                0x0800d6a8                __aeabi_f2d
                0x0800d6e4                __aeabi_ul2d
                0x0800d6e4                __floatundidf
                0x0800d6f4                __floatdidf
                0x0800d6f4                __aeabi_l2d
 .text          0x0800d750      0x424 /home/laurence/CodeSourcery/Sourcery_CodeBench_Lite_for_ARM_EABI/bin/../lib/gcc/arm-none-eabi/4.7.2/thumb2/libgcc.a(_arm_muldivdf3.o)
                0x0800d750                __aeabi_dmul
                0x0800d750                __muldf3
                0x0800d9a4                __aeabi_ddiv
                0x0800d9a4                __divdf3
 .text          0x0800db74      0x110 /home/laurence/CodeSourcery/Sourcery_CodeBench_Lite_for_ARM_EABI/bin/../lib/gcc/arm-none-eabi/4.7.2/thumb2/libgcc.a(_arm_cmpdf2.o)
                0x0800db74                __gtdf2
                0x0800db74                __gedf2
                0x0800db7c                __ltdf2
                0x0800db7c                __ledf2
                0x0800db84                __cmpdf2
                0x0800db84                __eqdf2
                0x0800db84                __nedf2
                0x0800dc00                __aeabi_cdrcmple
                0x0800dc10                __aeabi_cdcmple
                0x0800dc10                __aeabi_cdcmpeq
                0x0800dc20                __aeabi_dcmpeq
                0x0800dc34                __aeabi_dcmplt
                0x0800dc48                __aeabi_dcmple
                0x0800dc5c                __aeabi_dcmpge
                0x0800dc70                __aeabi_dcmpgt
 .text          0x0800dc84       0x50 /home/laurence/CodeSourcery/Sourcery_CodeBench_Lite_for_ARM_EABI/bin/../lib/gcc/arm-none-eabi/4.7.2/thumb2/libgcc.a(_arm_fixdfsi.o)
                0x0800dc84                __fixdfsi
                0x0800dc84                __aeabi_d2iz
 .text          0x0800dcd4       0x40 /home/laurence/CodeSourcery/Sourcery_CodeBench_Lite_for_ARM_EABI/bin/../lib/gcc/arm-none-eabi/4.7.2/thumb2/libgcc.a(_arm_fixunsdfsi.o)
                0x0800dcd4                __fixunsdfsi
                0x0800dcd4                __aeabi_d2uiz
 .text          0x0800dd14       0xa0 /home/laurence/CodeSourcery/Sourcery_CodeBench_Lite_for_ARM_EABI/bin/../lib/gcc/arm-none-eabi/4.7.2/thumb2/libgcc.a(_arm_truncdfsf2.o)
                0x0800dd14                __aeabi_d2f
                0x0800dd14                __truncdfsf2
 .text          0x0800ddb4      0x21c /home/laurence/CodeSourcery/Sourcery_CodeBench_Lite_for_ARM_EABI/bin/../lib/gcc/arm-none-eabi/4.7.2/thumb2/libgcc.a(_arm_addsubsf3.o)
                0x0800ddb4                __aeabi_frsub
                0x0800ddbc                __subsf3
                0x0800ddbc                __aeabi_fsub
                0x0800ddc0                __aeabi_fadd
                0x0800ddc0                __addsf3
                0x0800df20                __aeabi_ui2f
                0x0800df20                __floatunsisf
                0x0800df28                __aeabi_i2f
                0x0800df28                __floatsisf
                0x0800df44                __floatundisf
                0x0800df44                __aeabi_ul2f
                0x0800df54                __floatdisf
                0x0800df54                __aeabi_l2f
 .text          0x0800dfd0      0x2a0 /home/laurence/CodeSourcery/Sourcery_CodeBench_Lite_for_ARM_EABI/bin/../lib/gcc/arm-none-eabi/4.7.2/thumb2/libgcc.a(_arm_muldivsf3.o)
                0x0800dfd0                __mulsf3
                0x0800dfd0                __aeabi_fmul
                0x0800e138                __divsf3
                0x0800e138                __aeabi_fdiv
 .text          0x0800e270       0xec /home/laurence/CodeSourcery/Sourcery_CodeBench_Lite_for_ARM_EABI/bin/../lib/gcc/arm-none-eabi/4.7.2/thumb2/libgcc.a(_arm_cmpsf2.o)
                0x0800e270                __gtsf2
                0x0800e270                __gesf2
                0x0800e278                __lesf2
                0x0800e278                __ltsf2
                0x0800e280                __nesf2
                0x0800e280                __eqsf2
                0x0800e280                __cmpsf2
                0x0800e2e0                __aeabi_cfrcmple
                0x0800e2e8                __aeabi_cfcmple
                0x0800e2e8                __aeabi_cfcmpeq
                0x0800e2f8                __aeabi_fcmpeq
                0x0800e30c                __aeabi_fcmplt
                0x0800e320                __aeabi_fcmple
                0x0800e334                __aeabi_fcmpge
                0x0800e348                __aeabi_fcmpgt
 .text          0x0800e35c       0x4c /home/laurence/CodeSourcery/Sourcery_CodeBench_Lite_for_ARM_EABI/bin/../lib/gcc/arm-none-eabi/4.7.2/thumb2/libgcc.a(_arm_fixsfsi.o)
                0x0800e35c                __fixsfsi
                0x0800e35c                __aeabi_f2iz
 .text          0x0800e3a8       0x40 /home/laurence/CodeSourcery/Sourcery_CodeBench_Lite_for_ARM_EABI/bin/../lib/gcc/arm-none-eabi/4.7.2/thumb2/libgcc.a(_arm_fixunssfsi.o)
                0x0800e3a8                __aeabi_f2uiz
                0x0800e3a8                __fixunssfsi
 .text          0x0800e3e8        0x8 /home/laurence/CodeSourcery/Sourcery_CodeBench_Lite_for_ARM_EABI/bin/../lib/gcc/arm-none-eabi/4.7.2/../../../../arm-none-eabi/lib/thumb2/libc.a(lib_a-abs.o)
                0x0800e3e8                abs
 .text          0x0800e3f0        0xc /home/laurence/CodeSourcery/Sourcery_CodeBench_Lite_for_ARM_EABI/bin/../lib/gcc/arm-none-eabi/4.7.2/../../../../arm-none-eabi/lib/thumb2/libc.a(lib_a-errno.o)
                0x0800e3f0                __errno
 .text          0x0800e3fc       0x20 /home/laurence/CodeSourcery/Sourcery_CodeBench_Lite_for_ARM_EABI/bin/../lib/gcc/arm-none-eabi/4.7.2/../../../../arm-none-eabi/lib/thumb2/libc.a(lib_a-malloc.o)
                0x0800e3fc                malloc
                0x0800e40c                free
 .text          0x0800e41c      0x598 /home/laurence/CodeSourcery/Sourcery_CodeBench_Lite_for_ARM_EABI/bin/../lib/gcc/arm-none-eabi/4.7.2/../../../../arm-none-eabi/lib/thumb2/libc.a(lib_a-mallocr.o)
                0x0800e41c                _malloc_r
 .text          0x0800e9b4        0x8 /home/laurence/CodeSourcery/Sourcery_CodeBench_Lite_for_ARM_EABI/bin/../lib/gcc/arm-none-eabi/4.7.2/../../../../arm-none-eabi/lib/thumb2/libc.a(lib_a-mlock.o)
                0x0800e9b4                __malloc_lock
                0x0800e9b8                __malloc_unlock
 .text          0x0800e9bc       0x28 /home/laurence/CodeSourcery/Sourcery_CodeBench_Lite_for_ARM_EABI/bin/../lib/gcc/arm-none-eabi/4.7.2/../../../../arm-none-eabi/lib/thumb2/libc.a(lib_a-sbrkr.o)
                0x0800e9bc                _sbrk_r
 .text          0x0800e9e4       0x60 /home/laurence/CodeSourcery/Sourcery_CodeBench_Lite_for_ARM_EABI/bin/../lib/gcc/arm-none-eabi/4.7.2/../../../../arm-none-eabi/lib/thumb2/libc.a(lib_a-strlen.o)
                0x0800e9e4                strlen
 .text          0x0800ea44       0x64 /home/laurence/CodeSourcery/Sourcery_CodeBench_Lite_for_ARM_EABI/bin/../lib/gcc/arm-none-eabi/4.7.2/../../../../arm-none-eabi/lib/thumb2/libc.a(lib_a-strncpy.o)
                0x0800ea44                strncpy
 .text          0x0800eaa8      0x238 /home/laurence/CodeSourcery/Sourcery_CodeBench_Lite_for_ARM_EABI/bin/../lib/gcc/arm-none-eabi/4.7.2/../../../../arm-none-eabi/lib/thumb2/libc.a(lib_a-freer.o)
                0x0800eaa8                _malloc_trim_r
                0x0800eb4c                _free_r
 .text          0x0800ece0       0x30 /home/laurence/CodeSourcery/Sourcery_CodeBench_Lite_for_ARM_EABI/bin/../lib/gcc/arm-none-eabi/4.7.2/../../../../arm-none-eabi/lib/thumb2/libcs3.a(start_c.o)
                0x0800ece0                __cs3_premain
 .text.cs3.init
                0x0800ed10       0x58 /home/laurence/CodeSourcery/Sourcery_CodeBench_Lite_for_ARM_EABI/bin/../lib/gcc/arm-none-eabi/4.7.2/../../../../arm-none-eabi/lib/thumb2/libcs3.a(start_c.o)
                0x0800ed10                __cs3_start_c
 .text          0x0800ed68       0x44 /home/laurence/CodeSourcery/Sourcery_CodeBench_Lite_for_ARM_EABI/bin/../lib/gcc/arm-none-eabi/4.7.2/../../../../arm-none-eabi/lib/thumb2/libcs3unhosted.a(unhosted-sbrk.o)
                0x0800ed68                _sbrk
 .text.cs3.init
                0x0800edac       0x10 /home/laurence/CodeSourcery/Sourcery_CodeBench_Lite_for_ARM_EABI/bin/../lib/gcc/arm-none-eabi/4.7.2/../../../../arm-none-eabi/lib/thumb2/libcs3unhosted.a(unhosted-start.o)
                0x0800edac                _start
 .text          0x0800edbc        0x2 lib/libcs3-lanchon-stm32.a(lanchon_stm32_isr_interrupt.o)
                0x0800edbc                DMAChannel7_IRQHandler
                0x0800edbc                DebugMonitor
                0x0800edbc                SVCHandler
                0x0800edbc                __STM32ReservedException8
                0x0800edbc                __STM32DefaultExceptionHandler
                0x0800edbc                CAN_SCE_IRQHandler
                0x0800edbc                __STM32ReservedException10
                0x0800edbc                __STM32ReservedException13
                0x0800edbc                DMAChannel4_IRQHandler
                0x0800edbc                PendSVC
                0x0800edbc                CAN_RX1_IRQHandler
                0x0800edbc                DMAChannel5_IRQHandler
                0x0800edbc                DMAChannel2_IRQHandler
                0x0800edbc                __STM32ReservedException7
                0x0800edbc                DMAChannel6_IRQHandler
                0x0800edbc                DMAChannel3_IRQHandler
                0x0800edbc                __STM32ReservedException9
 *fill*         0x0800edbe        0x2 
 .text          0x0800edc0       0x58 /home/laurence/CodeSourcery/Sourcery_CodeBench_Lite_for_ARM_EABI/bin/../lib/gcc/arm-none-eabi/4.7.2/../../../../arm-none-eabi/lib/thumb2/libc.a(lib_a-init.o)
                0x0800edc0                __libc_init_array
 *(.plt)
 *(.gnu.warning)
 *(.glue_7t)
 .glue_7t       0x00000000        0x0 linker stubs
 *(.glue_7)
 .glue_7        0x00000000        0x0 linker stubs
 *(.vfp11_veneer)
 .vfp11_veneer  0x00000000        0x0 linker stubs
 *(.rodata .rodata.* .gnu.linkonce.r.*)
 .rodata        0x0800ee18       0x90 Sensors/ppg_new.o
 .rodata        0x0800eea8       0xac Util/USB/usb_desc.o
                0x0800eea8                MASS_StringInterface
                0x0800eeb8                MASS_StringProduct
                0x0800eee8                MASS_StringVendor
                0x0800ef1c                MASS_StringLangID
                0x0800ef20                MASS_ConfigDescriptor
                0x0800ef40                MASS_DeviceDescriptor
 .rodata        0x0800ef54      0x4c0 Util/fat_fs/option/ccsbcs.o
 .rodata        0x0800f414       0x80 Util/fat_fs/src/ff.o
 .rodata.str1.4
                0x0800f494       0x13 Util/fat_fs/src/ff.o
                                 0x14 (size before relaxing)
 *fill*         0x0800f4a7        0x1 
 .rodata        0x0800f4a8        0xc Util/fat_fs/src/rtc.o
 .rodata        0x0800f4b4       0x14 Util/rprintf.o
 .rodata.str1.4
                0x0800f4c8        0x6 Util/rprintf.o
                                  0x8 (size before relaxing)
 *fill*         0x0800f4ce        0x2 
 .rodata        0x0800f4d0        0x4 i2c_int.o
                0x0800f4d0                TMP102_setup
 .rodata        0x0800f4d4       0x14 lib/CMSIS_CM3/system_stm32f10x.o
                0x0800f4d4                SystemFrequency_APB2Clk
                0x0800f4d8                SystemFrequency_APB1Clk
                0x0800f4dc                SystemFrequency_AHBClk
                0x0800f4e0                SystemFrequency_SysClk
                0x0800f4e4                SystemFrequency
 .rodata.str1.4
                0x0800f4e8      0x169 main.o
                                0x16c (size before relaxing)
 *fill*         0x0800f651        0x3 
 .rodata.str1.4
                0x0800f654       0x40 pwr.o
 .rodata.str1.4
                0x0800f694        0x6 /home/laurence/CodeSourcery/Sourcery_CodeBench_Lite_for_ARM_EABI/bin/../lib/gcc/arm-none-eabi/4.7.2/../../../../arm-none-eabi/lib/thumb2/libm.a(lib_a-wf_asin.o)
                                  0xc (size before relaxing)
 *fill*         0x0800f69a        0x2 
 .rodata.str1.4
                0x0800f69c        0x8 /home/laurence/CodeSourcery/Sourcery_CodeBench_Lite_for_ARM_EABI/bin/../lib/gcc/arm-none-eabi/4.7.2/../../../../arm-none-eabi/lib/thumb2/libm.a(lib_a-wf_sqrt.o)
 .rodata        0x0800f6a4      0x398 /home/laurence/CodeSourcery/Sourcery_CodeBench_Lite_for_ARM_EABI/bin/../lib/gcc/arm-none-eabi/4.7.2/../../../../arm-none-eabi/lib/thumb2/libm.a(lib_a-ef_rem_pio2.o)
 .rodata        0x0800fa3c       0x38 /home/laurence/CodeSourcery/Sourcery_CodeBench_Lite_for_ARM_EABI/bin/../lib/gcc/arm-none-eabi/4.7.2/../../../../arm-none-eabi/lib/thumb2/libm.a(lib_a-kf_rem_pio2.o)
 .rodata        0x0800fa74       0x60 /home/laurence/CodeSourcery/Sourcery_CodeBench_Lite_for_ARM_EABI/bin/../lib/gcc/arm-none-eabi/4.7.2/../../../../arm-none-eabi/lib/thumb2/libc.a(lib_a-findfp.o)
                0x0800fa74                __sf_fake_stderr
                0x0800fa94                __sf_fake_stdout
                0x0800fab4                __sf_fake_stdin
 .rodata.str1.4
                0x00000000        0x4 /home/laurence/CodeSourcery/Sourcery_CodeBench_Lite_for_ARM_EABI/bin/../lib/gcc/arm-none-eabi/4.7.2/../../../../arm-none-eabi/lib/thumb2/libc.a(lib_a-impure.o)
 *(.ARM.extab* .gnu.linkonce.armextab.*)
 *(.gcc_except_table)
 *(.eh_frame_hdr)
 *(.eh_frame)
 .eh_frame      0x0800fad4        0x0 /home/laurence/CodeSourcery/Sourcery_CodeBench_Lite_for_ARM_EABI/bin/../lib/gcc/arm-none-eabi/4.7.2/thumb2/crtbegin.o
                0x0800fad4                . = ALIGN (0x4)
 *(.init)
 .init          0x0800fad4        0x4 /home/laurence/CodeSourcery/Sourcery_CodeBench_Lite_for_ARM_EABI/bin/../lib/gcc/arm-none-eabi/4.7.2/thumb2/crti.o
                0x0800fad4                _init
 .init          0x0800fad8        0x8 /home/laurence/CodeSourcery/Sourcery_CodeBench_Lite_for_ARM_EABI/bin/../lib/gcc/arm-none-eabi/4.7.2/thumb2/crtn.o
                0x0800fae0                . = ALIGN (0x4)
                0x0800fae0                _sidata = .
                0x0800fae0                __preinit_array_start = .
 *(.preinit_array)
                0x0800fae0                __preinit_array_end = .
                0x0800fae0                . = ALIGN (0x4)
                0x0800fae0                __init_array_start = .
 *(SORT(.init_array.*))
 *(.init_array)
 .init_array    0x0800fae0        0x4 /home/laurence/CodeSourcery/Sourcery_CodeBench_Lite_for_ARM_EABI/bin/../lib/gcc/arm-none-eabi/4.7.2/thumb2/crtbegin.o
                0x0800fae4                __init_array_end = .
                0x0800fae4                . = ALIGN (0x4)
 *crtbegin.o(.ctors)
 *(EXCLUDE_FILE(*crtend.o) .ctors)
 *(SORT(.ctors.*))
 *crtend.o(.ctors)
                0x0800fae4                . = ALIGN (0x4)
 *(.fini)
 .fini          0x0800fae4        0x4 /home/laurence/CodeSourcery/Sourcery_CodeBench_Lite_for_ARM_EABI/bin/../lib/gcc/arm-none-eabi/4.7.2/thumb2/crti.o
                0x0800fae4                _fini
 .fini          0x0800fae8        0x8 /home/laurence/CodeSourcery/Sourcery_CodeBench_Lite_for_ARM_EABI/bin/../lib/gcc/arm-none-eabi/4.7.2/thumb2/crtn.o
                0x0800faf0                . = ALIGN (0x4)
                0x0800faf0                __fini_array_start = .
 *(.fini_array)
 .fini_array    0x0800faf0        0x4 /home/laurence/CodeSourcery/Sourcery_CodeBench_Lite_for_ARM_EABI/bin/../lib/gcc/arm-none-eabi/4.7.2/thumb2/crtbegin.o
 *(SORT(.fini_array.*))
                0x0800faf4                __fini_array_end = .
 *crtbegin.o(.dtors)
 *(EXCLUDE_FILE(*crtend.o) .dtors)
 *(SORT(.dtors.*))
 *crtend.o(.dtors)
                0x0800faf4                . = ALIGN (0x4)
                0x0800faf4                __cs3_regions = .
                0x0800faf4        0x4 LONG 0x0
                0x0800faf8        0x4 LONG 0x800fb08 __cs3_region_init_ram
                0x0800fafc        0x4 LONG 0x20000000 __cs3_region_start_ram
                0x0800fb00        0x4 LONG 0x698 __cs3_region_init_size_ram
                0x0800fb04        0x4 LONG 0x988 __cs3_region_zero_size_ram
                0x0800fb08                __exidx_start = .

.v4_bx          0x0800fb08        0x0
 .v4_bx         0x00000000        0x0 linker stubs

.iplt           0x0800fb08        0x0
 .iplt          0x00000000        0x0 /home/laurence/CodeSourcery/Sourcery_CodeBench_Lite_for_ARM_EABI/bin/../lib/gcc/arm-none-eabi/4.7.2/thumb2/crtbegin.o

.rel.dyn        0x0800fb08        0x0
 .rel.iplt      0x00000000        0x0 /home/laurence/CodeSourcery/Sourcery_CodeBench_Lite_for_ARM_EABI/bin/../lib/gcc/arm-none-eabi/4.7.2/thumb2/crtbegin.o

.ARM.exidx
 *(.ARM.exidx* .gnu.linkonce.armexidx.*)
                0x0800fb08                __exidx_end = .

.text.align     0x0800fb08        0x0
                0x0800fb08                . = ALIGN (0x8)
                0x0800fb08                _etext = .
                0x08020000                __cs3_region_end_rom = (__cs3_region_start_rom + 0x20000)
                0x00020000                __cs3_region_size_rom = 0x20000
                0x00000001                __cs3_region_num = 0x1

.data           0x20000000      0x698 load address 0x0800fb08
                0x20000000                __cs3_region_start_ram = .
                0x20000000                _sdata = .
 *(.cs3.region-head.ram)
 *(.jcr)
 .jcr           0x20000000        0x0 /home/laurence/CodeSourcery/Sourcery_CodeBench_Lite_for_ARM_EABI/bin/../lib/gcc/arm-none-eabi/4.7.2/thumb2/crtbegin.o
 .jcr           0x20000000        0x4 /home/laurence/CodeSourcery/Sourcery_CodeBench_Lite_for_ARM_EABI/bin/../lib/gcc/arm-none-eabi/4.7.2/thumb2/crtend.o
 *(.got.plt)
 *(.got)
 *(.shdata)
 *(.data .data.* .gnu.linkonce.d.*)
 .data          0x20000004       0x74 Util/USB/scsi_data.o
                0x20000004                ReadFormatCapacity_Data
                0x20000010                Scsi_Sense_Data
                0x20000024                Mode_Sense10_data
                0x2000002c                Mode_Sense6_data
                0x20000030                Standard_Inquiry_Data2
                0x20000054                Standard_Inquiry_Data
 .data          0x20000078       0x1c Util/USB/usb_desc.o
                0x20000078                MASS_StringSerial
 .data          0x20000094       0x38 Util/USB/usb_istr.o
                0x20000094                pEpInt_OUT
                0x200000b0                pEpInt_IN
 .data          0x200000cc       0x90 Util/USB/usb_prop.o
                0x200000cc                String_Descriptor
                0x200000f4                Config_Descriptor
                0x200000fc                Device_Descriptor
                0x20000104                Device_Property
                0x20000134                User_Standard_Requests
                0x20000158                Device_Table
 .data          0x2000015c        0x1 Util/USB/usb_pwr.o
                0x2000015c                fSuspendEnabled
 *fill*         0x2000015d        0x3 
 .data          0x20000160        0x4 Util/fat_fs/src/sd_spi_stm32.o
 .data          0x20000164       0x10 i2c_int.o
                0x20000164                I2C_jobs
 .data.ADCPrescTable
                0x20000174        0x4 lib/STM32F10x_StdPeriph_Driver/libstm32fw.a(stm32f10x_rcc.o)
 .data.APBAHBPrescTable
                0x20000178       0x10 lib/STM32F10x_StdPeriph_Driver/libstm32fw.a(stm32f10x_rcc.o)
 .data          0x20000188        0x1 /home/laurence/CodeSourcery/Sourcery_CodeBench_Lite_for_ARM_EABI/bin/../lib/gcc/arm-none-eabi/4.7.2/../../../../arm-none-eabi/lib/thumb2/libm.a(lib_a-s_lib_ver.o)
                0x20000188                __fdlib_version
 *fill*         0x20000189        0x3 
 .data          0x2000018c       0xf4 /home/laurence/CodeSourcery/Sourcery_CodeBench_Lite_for_ARM_EABI/bin/../lib/gcc/arm-none-eabi/4.7.2/../../../../arm-none-eabi/lib/thumb2/libc.a(lib_a-impure.o)
                0x2000018c                _impure_ptr
 .data          0x20000280      0x410 /home/laurence/CodeSourcery/Sourcery_CodeBench_Lite_for_ARM_EABI/bin/../lib/gcc/arm-none-eabi/4.7.2/../../../../arm-none-eabi/lib/thumb2/libc.a(lib_a-mallocr.o)
                0x20000280                __malloc_av_
                0x20000688                __malloc_sbrk_base
                0x2000068c                __malloc_trim_threshold
 .data          0x20000690        0x4 /home/laurence/CodeSourcery/Sourcery_CodeBench_Lite_for_ARM_EABI/bin/../lib/gcc/arm-none-eabi/4.7.2/../../../../arm-none-eabi/lib/thumb2/libcs3unhosted.a(unhosted-sbrk.o)
 .data          0x20000694        0x4 /home/laurence/CodeSourcery/Sourcery_CodeBench_Lite_for_ARM_EABI/bin/../lib/gcc/arm-none-eabi/4.7.2/../../../../arm-none-eabi/lib/thumb2/libcs3.a(heap.o)
                0x20000694                __cs3_heap_limit
 *(.ram)
                0x20000698                . = ALIGN (0x8)
                0x20000698                _edata = .

.tm_clone_table
                0x20000698        0x0 load address 0x080101a0
 .tm_clone_table
                0x20000698        0x0 /home/laurence/CodeSourcery/Sourcery_CodeBench_Lite_for_ARM_EABI/bin/../lib/gcc/arm-none-eabi/4.7.2/thumb2/crtbegin.o
 .tm_clone_table
                0x20000698        0x0 /home/laurence/CodeSourcery/Sourcery_CodeBench_Lite_for_ARM_EABI/bin/../lib/gcc/arm-none-eabi/4.7.2/thumb2/crtend.o

.igot.plt       0x20000698        0x0 load address 0x080101a0
 .igot.plt      0x00000000        0x0 /home/laurence/CodeSourcery/Sourcery_CodeBench_Lite_for_ARM_EABI/bin/../lib/gcc/arm-none-eabi/4.7.2/thumb2/crtbegin.o

.bss            0x20000698      0x988 load address 0x080101a0
                0x20000698                _sbss = .
 *(.shbss)
 *(.bss .bss.* .gnu.linkonce.b.*)
 .bss           0x20000698       0x1c /home/laurence/CodeSourcery/Sourcery_CodeBench_Lite_for_ARM_EABI/bin/../lib/gcc/arm-none-eabi/4.7.2/thumb2/crtbegin.o
 .bss           0x200006b4       0x1c Sensors/ppg_new.o
 .bss           0x200006d0       0x34 Sensors/pressure.o
 .bss           0x20000704        0x4 Util/USB/mass_mal.o
                0x20000704                Status
 .bss           0x20000708       0x1c Util/USB/memory.o
                0x20000708                TransferState
                0x20000714                Counter
                0x20000720                Block_Read_count
 .bss           0x20000724       0x10 Util/USB/scsi_data.o
                0x20000724                ReadCapacity10_Data
                0x2000072c                Page00_Inquiry_Data
 .bss           0x20000734        0x1 Util/USB/usb_istr.o
                0x20000734                bIntPackSOF
 *fill*         0x20000735        0x3 
 .bss           0x20000738        0x4 Util/USB/usb_prop.o
                0x20000738                Max_Lun
 .bss           0x2000073c        0x4 Util/USB/usb_pwr.o
                0x2000073c                bDeviceState
 .bss           0x20000740        0x8 Util/fat_fs/src/ff.o
 .bss           0x20000748       0x10 Util/fat_fs/src/sd_spi_stm32.o
 .bss           0x20000758       0x84 Util/rprintf.o
 .bss           0x200007dc        0x3 i2c_int.o
 *fill*         0x200007df        0x1 
 .bss           0x200007e0       0x18 interrupts.o
 .bss           0x200007f8      0x234 main.o
                0x200007f8                file_opened
 .bss.Data_Mul_MaxPacketSize
                0x20000a2c        0x1 lib/STM32_USB-FS-Device_Driver/libstm32usb.a(usb_core.o)
                0x20000a2c                Data_Mul_MaxPacketSize
 *fill*         0x20000a2d        0x3 
 .bss           0x20000a30       0x34 /home/laurence/CodeSourcery/Sourcery_CodeBench_Lite_for_ARM_EABI/bin/../lib/gcc/arm-none-eabi/4.7.2/../../../../arm-none-eabi/lib/thumb2/libc.a(lib_a-mallocr.o)
                0x20000a30                __malloc_top_pad
                0x20000a34                __malloc_current_mallinfo
                0x20000a5c                __malloc_max_sbrked_mem
                0x20000a60                __malloc_max_total_mem
 *(COMMON)
 COMMON         0x20000a64        0xc Sensors/ppg_new.o
                0x20000a64                Last_PPG_Values
 COMMON         0x20000a70        0x8 Sensors/pressure.o
                0x20000a70                Reported_Pressure
                0x20000a74                Pressure_Offset
 COMMON         0x20000a78        0xa Sensors/temperature.o
                0x20000a78                Device_Temperature
                0x20000a7c                TMP102_Reported_Temperature
                0x20000a80                TMP102_Data_Buffer
 *fill*         0x20000a82        0x2 
 COMMON         0x20000a84       0x1c Util/USB/mass_mal.o
                0x20000a84                Mass_Memory_Size
                0x20000a8c                Mass_Block_Size
                0x20000a94                Mass_Block_Count
                0x20000a9c                Data_Buffer
 COMMON         0x20000aa0        0x8 Util/USB/memory.o
                0x20000aa0                Block_offset
                0x20000aa4                Idx
 COMMON         0x20000aa8       0x7c Util/USB/usb_bot.o
                0x20000aa8                CBW
                0x20000ac8                Data_Len
                0x20000aca                Bot_State
                0x20000acc                SCSI_LBA
                0x20000ad0                CSW
                0x20000ae0                SCSI_BlkLen
                0x20000ae4                Bulk_Data_Buff
 COMMON         0x20000b24        0x2 Util/USB/usb_istr.o
                0x20000b24                wIstr
 *fill*         0x20000b26        0x2 
 COMMON         0x20000b28        0x2 Util/USB/usb_pwr.o
                0x20000b28                ResumeS
 COMMON         0x20000b2a        0x1 Util/fat_fs/src/sd_spi_stm32.o
                0x20000b2a                Sd_Spi_Called_From_USB_MSC
 *fill*         0x20000b2b        0x1 
 COMMON         0x20000b2c        0x4 adc.o
                0x20000b2c                ADC1_Convertion_buff
 COMMON         0x20000b30        0x1 gpio.o
                0x20000b30                bootsource
 *fill*         0x20000b31        0x3 
 COMMON         0x20000b34        0xd i2c_int.o
                0x20000b34                I2C1error
                0x20000b38                Jobs
                0x20000b3c                Completed_Jobs
                0x20000b40                job
 COMMON         0x20000b41        0x1 interrupts.o
                0x20000b41                Button_hold_tim
 *fill*         0x20000b42        0x2 
 COMMON         0x20000b44      0x49c main.o
                0x20000b44                Pressure_control
                0x20000b48                Temperatures_Buffer
                0x20000b54                f_err_code
                0x20000b58                Buff
                0x20000b7c                System_state_Global
                0x20000b80                Millis
                0x20000b84                Sensors
                0x20000b88                FATFS_info
                0x20000ba8                Pressures_Buffer
                0x20000bb4                Pressure_Setpoint
                0x20000bb8                print_string
                0x20000cb8                Thermistor_Buffer
                0x20000cc4                a
                0x20000cc8                FATFS_logfile
                0x20000eec                Shutdown_System
                0x20000ef0                my_reent
 COMMON         0x20000fe0        0x2 lib/STM32_USB-FS-Device_Driver/libstm32usb.a(usb_core.o)
                0x20000fe0                StatusInfo
 *fill*         0x20000fe2        0x2 
 COMMON         0x20000fe4       0x32 lib/STM32_USB-FS-Device_Driver/libstm32usb.a(usb_init.o)
                0x20000fe4                SaveState
                0x20000fe8                pProperty
                0x20000fec                EPindex
                0x20000ff0                Device_Info
                0x2000100c                pUser_Standard_Requests
                0x20001010                pInformation
                0x20001014                wInterrupt_Mask
 COMMON         0x20001016        0x4 lib/STM32_USB-FS-Device_Driver/libstm32usb.a(usb_int.o)
                0x20001016                SaveRState
                0x20001018                SaveTState
 *fill*         0x2000101a        0x2 
 COMMON         0x2000101c        0x4 /home/laurence/CodeSourcery/Sourcery_CodeBench_Lite_for_ARM_EABI/bin/../lib/gcc/arm-none-eabi/4.7.2/../../../../arm-none-eabi/lib/thumb2/libc.a(lib_a-reent.o)
                0x2000101c                errno
 *(.ram.b)
                0x20001020                . = ALIGN (0x8)
                0x20001020                _ebss = .

.noinit         0x20001020        0x0 load address 0x080101a0
 *(.noinit)
                0x20001020                . = ALIGN (0x8)
                0x20001020                _end = .
                0x20005000                __cs3_region_end_ram = (__cs3_region_start_ram + 0x5000)
                0x00005000                __cs3_region_size_ram = 0x5000
                0x0800fb08                __cs3_region_init_ram = LOADADDR (.data)
                0x00000698                __cs3_region_init_size_ram = (_edata - ADDR (.data))
                0x00000988                __cs3_region_zero_size_ram = (_end - _edata)
                0x00000001                __cs3_region_num = 0x1

.stab
 *(.stab)

.stabstr
 *(.stabstr)

.debug
 *(.debug)

.line
 *(.line)

.debug_srcinfo
 *(.debug_srcinfo)

.debug_sfnames
 *(.debug_sfnames)

.debug_aranges  0x00000000      0x458
 *(.debug_aranges)
 .debug_aranges
                0x00000000       0x20 Sensors/ppg_new.o
 .debug_aranges
                0x00000020       0x20 Sensors/pressure.o
 .debug_aranges
                0x00000040       0x20 Sensors/temperature.o
 .debug_aranges
                0x00000060       0x20 Util/USB/hw_config.o
 .debug_aranges
                0x00000080       0x20 Util/USB/mass_mal.o
 .debug_aranges
                0x000000a0       0x20 Util/USB/memory.o
 .debug_aranges
                0x000000c0       0x18 Util/USB/scsi_data.o
 .debug_aranges
                0x000000d8       0x20 Util/USB/usb_bot.o
 .debug_aranges
                0x000000f8       0x18 Util/USB/usb_desc.o
 .debug_aranges
                0x00000110       0x20 Util/USB/usb_endp.o
 .debug_aranges
                0x00000130       0x20 Util/USB/usb_istr.o
 .debug_aranges
                0x00000150       0x20 Util/USB/usb_prop.o
 .debug_aranges
                0x00000170       0x20 Util/USB/usb_pwr.o
 .debug_aranges
                0x00000190       0x20 Util/USB/usb_scsi.o
 .debug_aranges
                0x000001b0       0x20 Util/buffer.o
 .debug_aranges
                0x000001d0       0x20 Util/delay.o
 .debug_aranges
                0x000001f0       0x20 Util/fat_fs/option/ccsbcs.o
 .debug_aranges
                0x00000210       0x20 Util/fat_fs/src/fattime.o
 .debug_aranges
                0x00000230       0x20 Util/fat_fs/src/ff.o
 .debug_aranges
                0x00000250       0x20 Util/fat_fs/src/rtc.o
 .debug_aranges
                0x00000270       0x20 Util/fat_fs/src/sd_spi_stm32.o
 .debug_aranges
                0x00000290       0x20 Util/rprintf.o
 .debug_aranges
                0x000002b0       0x20 adc.o
 .debug_aranges
                0x000002d0       0x18 bootload.o
 .debug_aranges
                0x000002e8       0x20 gpio.o
 .debug_aranges
                0x00000308       0x20 i2c_int.o
 .debug_aranges
                0x00000328       0x20 interrupts.o
 .debug_aranges
                0x00000348       0x20 lib/CMSIS_CM3/core_cm3.o
 .debug_aranges
                0x00000368       0x28 lib/CMSIS_CM3/startup/gcc/startup_stm32f10x_md.o
 .debug_aranges
                0x00000390       0x20 lib/CMSIS_CM3/system_stm32f10x.o
 .debug_aranges
                0x000003b0       0x28 main.o
 .debug_aranges
                0x000003d8       0x20 pwr.o
 .debug_aranges
                0x000003f8       0x20 timer.o
 .debug_aranges
                0x00000418       0x20 usart.o
 .debug_aranges
                0x00000438       0x20 watchdog.o

.debug_pubnames
 *(.debug_pubnames)

.debug_info     0x00000000    0x1653d
 *(.debug_info .gnu.linkonce.wi.*)
 .debug_info    0x00000000      0x882 Sensors/ppg_new.o
 .debug_info    0x00000882      0x221 Sensors/pressure.o
 .debug_info    0x00000aa3      0x15a Sensors/temperature.o
 .debug_info    0x00000bfd      0x8ca Util/USB/hw_config.o
 .debug_info    0x000014c7      0x50a Util/USB/mass_mal.o
 .debug_info    0x000019d1      0x581 Util/USB/memory.o
 .debug_info    0x00001f52      0x16a Util/USB/scsi_data.o
 .debug_info    0x000020bc      0xa88 Util/USB/usb_bot.o
 .debug_info    0x00002b44      0x186 Util/USB/usb_desc.o
 .debug_info    0x00002cca       0xd3 Util/USB/usb_endp.o
 .debug_info    0x00002d9d      0x357 Util/USB/usb_istr.o
 .debug_info    0x000030f4      0xd56 Util/USB/usb_prop.o
 .debug_info    0x00003e4a      0x563 Util/USB/usb_pwr.o
 .debug_info    0x000043ad      0xcd8 Util/USB/usb_scsi.o
 .debug_info    0x00005085      0x1fa Util/buffer.o
 .debug_info    0x0000527f       0xc3 Util/delay.o
 .debug_info    0x00005342      0x16f Util/fat_fs/option/ccsbcs.o
 .debug_info    0x000054b1      0x198 Util/fat_fs/src/fattime.o
 .debug_info    0x00005649     0x4e44 Util/fat_fs/src/ff.o
 .debug_info    0x0000a48d      0x7c7 Util/fat_fs/src/rtc.o
 .debug_info    0x0000ac54     0x2a22 Util/fat_fs/src/sd_spi_stm32.o
 .debug_info    0x0000d676     0x10ce Util/rprintf.o
 .debug_info    0x0000e744      0xd62 adc.o
 .debug_info    0x0000f4a6       0x76 bootload.o
 .debug_info    0x0000f51c      0x636 gpio.o
 .debug_info    0x0000fb52      0xee6 i2c_int.o
 .debug_info    0x00010a38     0x10a3 interrupts.o
 .debug_info    0x00011adb      0x561 lib/CMSIS_CM3/core_cm3.o
 .debug_info    0x0001203c       0x82 lib/CMSIS_CM3/startup/gcc/startup_stm32f10x_md.o
 .debug_info    0x000120be      0x2da lib/CMSIS_CM3/system_stm32f10x.o
 .debug_info    0x00012398     0x25e0 main.o
 .debug_info    0x00014978      0x61a pwr.o
 .debug_info    0x00014f92      0xd5e timer.o
 .debug_info    0x00015cf0      0x66a usart.o
 .debug_info    0x0001635a      0x1e3 watchdog.o

.debug_abbrev   0x00000000     0x3ebb
 *(.debug_abbrev)
 .debug_abbrev  0x00000000      0x267 Sensors/ppg_new.o
 .debug_abbrev  0x00000267      0x124 Sensors/pressure.o
 .debug_abbrev  0x0000038b       0x7d Sensors/temperature.o
 .debug_abbrev  0x00000408      0x34c Util/USB/hw_config.o
 .debug_abbrev  0x00000754      0x176 Util/USB/mass_mal.o
 .debug_abbrev  0x000008ca      0x212 Util/USB/memory.o
 .debug_abbrev  0x00000adc       0x59 Util/USB/scsi_data.o
 .debug_abbrev  0x00000b35      0x26c Util/USB/usb_bot.o
 .debug_abbrev  0x00000da1       0x60 Util/USB/usb_desc.o
 .debug_abbrev  0x00000e01       0x66 Util/USB/usb_endp.o
 .debug_abbrev  0x00000e67      0x16b Util/USB/usb_istr.o
 .debug_abbrev  0x00000fd2      0x330 Util/USB/usb_prop.o
 .debug_abbrev  0x00001302      0x240 Util/USB/usb_pwr.o
 .debug_abbrev  0x00001542      0x2f6 Util/USB/usb_scsi.o
 .debug_abbrev  0x00001838      0x105 Util/buffer.o
 .debug_abbrev  0x0000193d       0x82 Util/delay.o
 .debug_abbrev  0x000019bf       0xc7 Util/fat_fs/option/ccsbcs.o
 .debug_abbrev  0x00001a86       0xdb Util/fat_fs/src/fattime.o
 .debug_abbrev  0x00001b61      0x3a1 Util/fat_fs/src/ff.o
 .debug_abbrev  0x00001f02      0x308 Util/fat_fs/src/rtc.o
 .debug_abbrev  0x0000220a      0x403 Util/fat_fs/src/sd_spi_stm32.o
 .debug_abbrev  0x0000260d      0x2f7 Util/rprintf.o
 .debug_abbrev  0x00002904      0x212 adc.o
 .debug_abbrev  0x00002b16       0x29 bootload.o
 .debug_abbrev  0x00002b3f      0x1e9 gpio.o
 .debug_abbrev  0x00002d28      0x291 i2c_int.o
 .debug_abbrev  0x00002fb9      0x2b9 interrupts.o
 .debug_abbrev  0x00003272       0xcf lib/CMSIS_CM3/core_cm3.o
 .debug_abbrev  0x00003341       0x12 lib/CMSIS_CM3/startup/gcc/startup_stm32f10x_md.o
 .debug_abbrev  0x00003353      0x116 lib/CMSIS_CM3/system_stm32f10x.o
 .debug_abbrev  0x00003469      0x3c1 main.o
 .debug_abbrev  0x0000382a      0x1f1 pwr.o
 .debug_abbrev  0x00003a1b      0x182 timer.o
 .debug_abbrev  0x00003b9d      0x1f0 usart.o
 .debug_abbrev  0x00003d8d      0x12e watchdog.o

.debug_line     0x00000000     0xd0f8
 *(.debug_line)
 .debug_line    0x00000000      0x71b Sensors/ppg_new.o
 .debug_line    0x0000071b      0x3ad Sensors/pressure.o
 .debug_line    0x00000ac8      0x53d Sensors/temperature.o
 .debug_line    0x00001005      0x978 Util/USB/hw_config.o
 .debug_line    0x0000197d      0x7ef Util/USB/mass_mal.o
 .debug_line    0x0000216c      0x821 Util/USB/memory.o
 .debug_line    0x0000298d      0x34b Util/USB/scsi_data.o
 .debug_line    0x00002cd8      0x568 Util/USB/usb_bot.o
 .debug_line    0x00003240      0x2ff Util/USB/usb_desc.o
 .debug_line    0x0000353f      0x3cc Util/USB/usb_endp.o
 .debug_line    0x0000390b      0x3f8 Util/USB/usb_istr.o
 .debug_line    0x00003d03      0x845 Util/USB/usb_prop.o
 .debug_line    0x00004548      0x452 Util/USB/usb_pwr.o
 .debug_line    0x0000499a      0x9ef Util/USB/usb_scsi.o
 .debug_line    0x00005389      0x4f4 Util/buffer.o
 .debug_line    0x0000587d      0x310 Util/delay.o
 .debug_line    0x00005b8d       0xaf Util/fat_fs/option/ccsbcs.o
 .debug_line    0x00005c3c      0x19f Util/fat_fs/src/fattime.o
 .debug_line    0x00005ddb     0x1799 Util/fat_fs/src/ff.o
 .debug_line    0x00007574      0x452 Util/fat_fs/src/rtc.o
 .debug_line    0x000079c6      0xc8d Util/fat_fs/src/sd_spi_stm32.o
 .debug_line    0x00008653      0xa1e Util/rprintf.o
 .debug_line    0x00009071      0x768 adc.o
 .debug_line    0x000097d9      0x382 bootload.o
 .debug_line    0x00009b5b      0x5d6 gpio.o
 .debug_line    0x0000a131      0x6d5 i2c_int.o
 .debug_line    0x0000a806      0x822 interrupts.o
 .debug_line    0x0000b028      0x1ba lib/CMSIS_CM3/core_cm3.o
 .debug_line    0x0000b1e2       0x8b lib/CMSIS_CM3/startup/gcc/startup_stm32f10x_md.o
 .debug_line    0x0000b26d      0x347 lib/CMSIS_CM3/system_stm32f10x.o
 .debug_line    0x0000b5b4      0x929 main.o
 .debug_line    0x0000bedd      0x57b pwr.o
 .debug_line    0x0000c458      0x3ba timer.o
 .debug_line    0x0000c812      0x5d1 usart.o
 .debug_line    0x0000cde3      0x315 watchdog.o

.debug_frame    0x00000000     0x2174
 *(.debug_frame)
 .debug_frame   0x00000000       0x94 Sensors/ppg_new.o
 .debug_frame   0x00000094       0x88 Sensors/pressure.o
 .debug_frame   0x0000011c       0x58 Sensors/temperature.o
 .debug_frame   0x00000174       0xec Util/USB/hw_config.o
 .debug_frame   0x00000260       0x7c Util/USB/mass_mal.o
 .debug_frame   0x000002dc       0x54 Util/USB/memory.o
 .debug_frame   0x00000330       0xdc Util/USB/usb_bot.o
 .debug_frame   0x0000040c       0x30 Util/USB/usb_endp.o
 .debug_frame   0x0000043c       0x2c Util/USB/usb_istr.o
 .debug_frame   0x00000468      0x114 Util/USB/usb_prop.o
 .debug_frame   0x0000057c       0x90 Util/USB/usb_pwr.o
 .debug_frame   0x0000060c      0x180 Util/USB/usb_scsi.o
 .debug_frame   0x0000078c       0x74 Util/buffer.o
 .debug_frame   0x00000800       0x24 Util/delay.o
 .debug_frame   0x00000824       0x38 Util/fat_fs/option/ccsbcs.o
 .debug_frame   0x0000085c       0x2c Util/fat_fs/src/fattime.o
 .debug_frame   0x00000888      0x540 Util/fat_fs/src/ff.o
 .debug_frame   0x00000dc8       0x9c Util/fat_fs/src/rtc.o
 .debug_frame   0x00000e64      0x194 Util/fat_fs/src/sd_spi_stm32.o
 .debug_frame   0x00000ff8      0x1cc Util/rprintf.o
 .debug_frame   0x000011c4       0x74 adc.o
 .debug_frame   0x00001238       0x7c gpio.o
 .debug_frame   0x000012b4       0x98 i2c_int.o
 .debug_frame   0x0000134c      0x158 interrupts.o
 .debug_frame   0x000014a4      0x170 lib/CMSIS_CM3/core_cm3.o
 .debug_frame   0x00001614       0x24 lib/CMSIS_CM3/system_stm32f10x.o
 .debug_frame   0x00001638       0x8c main.o
 .debug_frame   0x000016c4       0x6c pwr.o
 .debug_frame   0x00001730       0x50 timer.o
 .debug_frame   0x00001780       0x74 usart.o
 .debug_frame   0x000017f4       0x40 watchdog.o