Archive member included because of file (symbol)

lib/STM32F10x_StdPeriph_Driver/libstm32fw.a(misc.o)
                              Util/USB/hw_config.o (NVIC_PriorityGroupConfig)
lib/STM32F10x_StdPeriph_Driver/libstm32fw.a(stm32f10x_adc.o)
                              adc.o (ADC_DeInit)
lib/STM32F10x_StdPeriph_Driver/libstm32fw.a(stm32f10x_bkp.o)
                              Util/fat_fs/src/rtc.o (BKP_DeInit)
lib/STM32F10x_StdPeriph_Driver/libstm32fw.a(stm32f10x_dma.o)
                              Util/fat_fs/src/sd_spi_stm32.o (DMA_DeInit)
lib/STM32F10x_StdPeriph_Driver/libstm32fw.a(stm32f10x_exti.o)
                              interrupts.o (EXTI_DeInit)
lib/STM32F10x_StdPeriph_Driver/libstm32fw.a(stm32f10x_gpio.o)
                              Util/fat_fs/src/sd_spi_stm32.o (GPIO_Init)
lib/STM32F10x_StdPeriph_Driver/libstm32fw.a(stm32f10x_i2c.o)
                              i2c_int.o (I2C_DeInit)
lib/STM32F10x_StdPeriph_Driver/libstm32fw.a(stm32f10x_pwr.o)
                              pwr.o (PWR_DeInit)
lib/STM32F10x_StdPeriph_Driver/libstm32fw.a(stm32f10x_rcc.o)
                              interrupts.o (RCC_HCLKConfig)
lib/STM32F10x_StdPeriph_Driver/libstm32fw.a(stm32f10x_rtc.o)
                              Util/fat_fs/src/rtc.o (RTC_GetCounter)
lib/STM32F10x_StdPeriph_Driver/libstm32fw.a(stm32f10x_spi.o)
                              Util/fat_fs/src/sd_spi_stm32.o (SPI_I2S_DeInit)
lib/STM32F10x_StdPeriph_Driver/libstm32fw.a(stm32f10x_tim.o)
                              timer.o (TIM_DeInit)
lib/STM32F10x_StdPeriph_Driver/libstm32fw.a(stm32f10x_usart.o)
                              usart.o (USART_Init)
lib/STM32_USB-FS-Device_Driver/libstm32usb.a(usb_core.o)
                              Util/USB/usb_prop.o (Standard_GetDescriptorData)
lib/STM32_USB-FS-Device_Driver/libstm32usb.a(usb_init.o)
                              main.o (USB_Init)
lib/STM32_USB-FS-Device_Driver/libstm32usb.a(usb_int.o)
                              Util/USB/usb_istr.o (CTR_LP)
lib/STM32_USB-FS-Device_Driver/libstm32usb.a(usb_mem.o)
                              lib/STM32_USB-FS-Device_Driver/libstm32usb.a(usb_core.o) (UserToPMABufferCopy)
lib/STM32_USB-FS-Device_Driver/libstm32usb.a(usb_regs.o)
                              Util/USB/usb_prop.o (SetBTABLE)
lib/STM32_USB-FS-Device_Driver/libstm32usb.a(usb_sil.o)
                              Util/USB/usb_prop.o (USB_SIL_Init)
/home/laurence/CodeSourcery/Sourcery_G++_Lite/bin/../lib/gcc/arm-none-eabi/4.5.2/../../../../arm-none-eabi/lib/thumb2/libm.a(lib_a-sf_sin.o)
                              Sensors/ppg.o (sinf)
/home/laurence/CodeSourcery/Sourcery_G++_Lite/bin/../lib/gcc/arm-none-eabi/4.5.2/../../../../arm-none-eabi/lib/thumb2/libm.a(lib_a-w_sqrt.o)
                              Sensors/ppg.o (sqrt)
/home/laurence/CodeSourcery/Sourcery_G++_Lite/bin/../lib/gcc/arm-none-eabi/4.5.2/../../../../arm-none-eabi/lib/thumb2/libm.a(lib_a-wf_asin.o)
                              Sensors/ppg.o (asinf)
/home/laurence/CodeSourcery/Sourcery_G++_Lite/bin/../lib/gcc/arm-none-eabi/4.5.2/../../../../arm-none-eabi/lib/thumb2/libm.a(lib_a-e_sqrt.o)
                              /home/laurence/CodeSourcery/Sourcery_G++_Lite/bin/../lib/gcc/arm-none-eabi/4.5.2/../../../../arm-none-eabi/lib/thumb2/libm.a(lib_a-w_sqrt.o) (__ieee754_sqrt)
/home/laurence/CodeSourcery/Sourcery_G++_Lite/bin/../lib/gcc/arm-none-eabi/4.5.2/../../../../arm-none-eabi/lib/thumb2/libm.a(lib_a-ef_asin.o)
                              /home/laurence/CodeSourcery/Sourcery_G++_Lite/bin/../lib/gcc/arm-none-eabi/4.5.2/../../../../arm-none-eabi/lib/thumb2/libm.a(lib_a-wf_asin.o) (__ieee754_asinf)
/home/laurence/CodeSourcery/Sourcery_G++_Lite/bin/../lib/gcc/arm-none-eabi/4.5.2/../../../../arm-none-eabi/lib/thumb2/libm.a(lib_a-ef_rem_pio2.o)
                              /home/laurence/CodeSourcery/Sourcery_G++_Lite/bin/../lib/gcc/arm-none-eabi/4.5.2/../../../../arm-none-eabi/lib/thumb2/libm.a(lib_a-sf_sin.o) (__ieee754_rem_pio2f)
/home/laurence/CodeSourcery/Sourcery_G++_Lite/bin/../lib/gcc/arm-none-eabi/4.5.2/../../../../arm-none-eabi/lib/thumb2/libm.a(lib_a-ef_sqrt.o)
                              /home/laurence/CodeSourcery/Sourcery_G++_Lite/bin/../lib/gcc/arm-none-eabi/4.5.2/../../../../arm-none-eabi/lib/thumb2/libm.a(lib_a-ef_asin.o) (__ieee754_sqrtf)
/home/laurence/CodeSourcery/Sourcery_G++_Lite/bin/../lib/gcc/arm-none-eabi/4.5.2/../../../../arm-none-eabi/lib/thumb2/libm.a(lib_a-kf_cos.o)
                              /home/laurence/CodeSourcery/Sourcery_G++_Lite/bin/../lib/gcc/arm-none-eabi/4.5.2/../../../../arm-none-eabi/lib/thumb2/libm.a(lib_a-sf_sin.o) (__kernel_cosf)
/home/laurence/CodeSourcery/Sourcery_G++_Lite/bin/../lib/gcc/arm-none-eabi/4.5.2/../../../../arm-none-eabi/lib/thumb2/libm.a(lib_a-kf_rem_pio2.o)
                              /home/laurence/CodeSourcery/Sourcery_G++_Lite/bin/../lib/gcc/arm-none-eabi/4.5.2/../../../../arm-none-eabi/lib/thumb2/libm.a(lib_a-ef_rem_pio2.o) (__kernel_rem_pio2f)
[...]
Memory Configuration

Name             Origin             Length             Attributes
ram              0x20000000         0x00005000         xrw
rom              0x08000000         0x00020000         xr
*default*        0x00000000         0xffffffff

Linker script and memory map

LOAD /home/laurence/CodeSourcery/Sourcery_G++_Lite/bin/../lib/gcc/arm-none-eabi/4.5.2/thumb2/crti.o
LOAD /home/laurence/CodeSourcery/Sourcery_G++_Lite/bin/../lib/gcc/arm-none-eabi/4.5.2/thumb2/crtbegin.o
LOAD Sensors/ppg.o
LOAD Sensors/pressure.o
LOAD Sensors/temperature.o
LOAD Util/USB/hw_config.o
LOAD Util/USB/mass_mal.o
LOAD Util/USB/memory.o
LOAD Util/USB/scsi_data.o
LOAD Util/USB/usb_bot.o
LOAD Util/USB/usb_desc.o
LOAD Util/USB/usb_endp.o
LOAD Util/USB/usb_istr.o
LOAD Util/USB/usb_prop.o
LOAD Util/USB/usb_pwr.o
LOAD Util/USB/usb_scsi.o
LOAD Util/buffer.o
LOAD Util/delay.o
LOAD Util/fat_fs/option/cc932.o
LOAD Util/fat_fs/option/syscall.o
LOAD Util/fat_fs/src/fattime.o
LOAD Util/fat_fs/src/ff.o
LOAD Util/fat_fs/src/rtc.o
LOAD Util/fat_fs/src/sd_spi_stm32.o
LOAD Util/rprintf.o
LOAD Util/stm32_eval_spi_sd.o
LOAD adc.o
LOAD gpio.o
LOAD i2c_int.o
LOAD interrupts.o
LOAD lib/CMSIS_CM3/core_cm3.o
LOAD lib/CMSIS_CM3/startup/gcc/startup_stm32f10x_md.o
LOAD lib/CMSIS_CM3/system_stm32f10x.o
LOAD main.o
LOAD pwr.o
LOAD timer.o
LOAD usart.o
LOAD lib/STM32F10x_StdPeriph_Driver/libstm32fw.a
LOAD lib/STM32_USB-FS-Device_Driver/libstm32usb.a
LOAD /home/laurence/CodeSourcery/Sourcery_G++_Lite/bin/../lib/gcc/arm-none-eabi/4.5.2/../../../../arm-none-eabi/lib/thumb2/libm.a
START GROUP
LOAD /home/laurence/CodeSourcery/Sourcery_G++_Lite/bin/../lib/gcc/arm-none-eabi/4.5.2/thumb2/libgcc.a
LOAD /home/laurence/CodeSourcery/Sourcery_G++_Lite/bin/../lib/gcc/arm-none-eabi/4.5.2/../../../../arm-none-eabi/lib/thumb2/libc.a
END GROUP
LOAD /home/laurence/CodeSourcery/Sourcery_G++_Lite/bin/../lib/gcc/arm-none-eabi/4.5.2/thumb2/crtend.o
LOAD /home/laurence/CodeSourcery/Sourcery_G++_Lite/bin/../lib/gcc/arm-none-eabi/4.5.2/thumb2/crtn.o
START GROUP
LOAD /home/laurence/CodeSourcery/Sourcery_G++_Lite/bin/../lib/gcc/arm-none-eabi/4.5.2/thumb2/libgcc.a
LOAD /home/laurence/CodeSourcery/Sourcery_G++_Lite/bin/../lib/gcc/arm-none-eabi/4.5.2/../../../../arm-none-eabi/lib/thumb2/libc.a
LOAD /home/laurence/CodeSourcery/Sourcery_G++_Lite/bin/../lib/gcc/arm-none-eabi/4.5.2/../../../../arm-none-eabi/lib/thumb2/libcs3.a
LOAD /home/laurence/CodeSourcery/Sourcery_G++_Lite/bin/../lib/gcc/arm-none-eabi/4.5.2/../../../../arm-none-eabi/lib/thumb2/libcs3unhosted.a
LOAD lib/libcs3-lanchon-stm32.a
END GROUP
                0x20005000                PROVIDE (__cs3_stack, (__cs3_region_start_ram + __cs3_region_size_ram))
                0x20000ef0                PROVIDE (__cs3_heap_start, _end)
                0x20005000                PROVIDE (__cs3_heap_end, (__cs3_region_start_ram + __cs3_region_size_ram))

.text           0x08000000    0x1b6d8
 CREATE_OBJECT_SYMBOLS
                0x08000000                __cs3_region_start_rom = .
 *(.cs3.region-head.rom)
                0x08000000                __cs3_interrupt_vector = __cs3_interrupt_vector_lanchon_stm32
 *(.cs3.interrupt_vector)
 .cs3.interrupt_vector
                0x08000000       0xec lib/libcs3-lanchon-stm32.a(lanchon-stm32-vector.o)
                0x08000000                __cs3_interrupt_vector_lanchon_stm32
                0x08000001                ASSERT ((. != __cs3_interrupt_vector_lanchon_stm32), No interrupt vector)
 *(.rom)
 *(.rom.b)
                0x08013920                PROVIDE (__cs3_reset_lanchon_stm32, _start)
                0x08013920                __cs3_reset = __cs3_reset_lanchon_stm32
 *(.cs3.reset)
 *(.text .text.* .gnu.linkonce.t.*)
 .text          0x080000ec       0x30 /home/laurence/CodeSourcery/Sourcery_G++_Lite/bin/../lib/gcc/arm-none-eabi/4.5.2/thumb2/crtbegin.o
 *fill*         0x0800011c        0x4 00
 .text          0x08000120      0x4e8 Sensors/ppg.o
                0x08000120                PPG_LO_Filter
                0x080003d4                PPG_Automatic_Brightness_Control
                0x08000540                PPG_correct_brightness
                0x080005d0                PWM_Linear
 .text          0x08000608      0x258 Sensors/pressure.o
                0x08000608                calibrate_sensor
                0x08000654                conv_adc_diff
                0x0800068c                conv_diff
                0x080006bc                filterloop
 .text          0x08000860       0x4c Sensors/temperature.o
                0x08000860                convert_die_temp
                0x0800087c                convert_tmp102_temp
 .text          0x080008ac      0x2a0 Util/USB/hw_config.o
                0x080008ac                Set_System
                0x080008b4                Set_USBClock
                0x080008cc                Enter_LowPowerMode
                0x080008d8                Leave_LowPowerMode
                0x080008f8                USB_Interrupts_Config
                0x0800093c                Led_RW_ON
                0x0800094c                Led_RW_OFF
                0x0800095c                USB_Configured_LED
                0x0800096c                USB_NotConfigured_LED
                0x0800097c                USB_Cable_Config
                0x08000980                Get_SerialNum
                0x08000b44                MAL_Config
 .text          0x08000b4c       0xe4 Util/USB/mass_mal.o
                0x08000b4c                MAL_Init
                0x08000b98                MAL_Write
                0x08000bbc                MAL_Read
                0x08000be0                MAL_GetStatus
 .text          0x08000c30      0x1d8 Util/USB/memory.o
                0x08000c30                Read_Memory
                0x08000d14                Write_Memory
 .text          0x08000e08      0x628 Util/USB/usb_bot.o
                0x08000e08                Mass_Storage_In
                0x08000e90                CBW_Decode
                0x080012f0                Mass_Storage_Out
                0x08001380                Transfer_Data_Request
                0x080013b4                Set_CSW
                0x080013f0                Bot_Abort
 .text          0x08001430        0x8 Util/USB/usb_endp.o
                0x08001430                EP1_IN_Callback
                0x08001434                EP2_OUT_Callback
 .text          0x08001438       0xf0 Util/USB/usb_istr.o
                0x08001438                USB_Istr
 .text          0x08001528      0x268 Util/USB/usb_prop.o
                0x08001528                Mass_Storage_SetDeviceAddress
                0x08001534                MASS_Status_In
                0x08001538                MASS_Status_Out
                0x0800153c                MASS_Get_Interface_Setting
                0x0800154c                Get_Max_Lun
                0x08001564                MASS_Data_Setup
                0x080015a8                MASS_GetStringDescriptor
                0x080015c8                MASS_GetConfigDescriptor
                0x080015d4                MASS_GetDeviceDescriptor
                0x080015e0                MASS_NoData_Setup
                0x08001630                Mass_Storage_SetConfiguration
                0x08001660                Mass_Storage_ClearFeature
                0x0800167c                MASS_Reset
                0x0800176c                MASS_init
 .text          0x08001790      0x1c4 Util/USB/usb_pwr.o
                0x08001790                PowerOn
                0x080017c0                PowerOff
                0x080017e4                Suspend
                0x08001828                Resume_Init
                0x08001868                Resume
 .text          0x08001954      0x460 Util/USB/usb_scsi.o
                0x08001954                SCSI_Inquiry_Cmd
                0x0800198c                SCSI_ReadFormatCapacity_Cmd
                0x08001a00                SCSI_ReadCapacity10_Cmd
                0x08001a7c                SCSI_ModeSense6_Cmd
                0x08001a88                SCSI_ModeSense10_Cmd
                0x08001a94                SCSI_RequestSense_Cmd
                0x08001aac                Set_Scsi_Sense_Data
                0x08001ab8                SCSI_Start_Stop_Unit_Cmd
                0x08001ac0                SCSI_Read10_Cmd
                0x08001b70                SCSI_Write10_Cmd
                0x08001c1c                SCSI_Verify10_Cmd
                0x08001c5c                SCSI_Valid_Cmd
                0x08001c94                SCSI_TestUnitReady_Cmd
                0x08001cc8                SCSI_Format_Cmd
                0x08001cf4                SCSI_Invalid_Cmd
                0x08001d30                SCSI_Address_Management
 .text          0x08001db4       0x78 Util/buffer.o
                0x08001db4                Add_To_Buffer
                0x08001de8                Get_From_Buffer
                0x08001e18                init_buffer
 .text          0x08001e2c       0x34 Util/delay.o
                0x08001e2c                Delay
 .text          0x08001e60      0x25c Util/fat_fs/option/cc932.o
                0x08001e60                ff_convert
                0x0800208c                ff_wtoupper
 .text          0x080020bc       0x48 Util/fat_fs/src/fattime.o
                0x080020bc                get_fattime
 .text          0x08002104     0x643c Util/fat_fs/src/ff.o
                0x080029ec                clust2sect
                0x08002a08                get_fat
                0x08002fac                put_fat
                0x08004d50                gen_numname
                0x080059e8                f_mount
                0x08005a08                f_open
                0x08005e74                f_read
                0x0800625c                f_write
                0x08006690                f_sync
                0x08006868                f_close
                0x08006878                f_lseek
                0x08006a44                f_opendir
                0x08006ab0                f_readdir
                0x08006b24                f_stat
                0x08006b6c                f_getfree
                0x08006dd0                f_truncate
                0x08006f40                f_unlink
                0x08007058                f_mkdir
                0x08007480                f_chmod
                0x080074dc                f_utime
                0x0800753c                f_rename
                0x080077fc                f_gets
                0x08007918                f_putc
                0x0800793c                f_puts
                0x08007978                f_printf
 .text          0x08008540      0x484 Util/fat_fs/src/rtc.o
                0x08008540                rtc_gettime
                0x080086c0                my_RTC_SetCounter
                0x080086e4                rtc_settime
                0x08008918                rtc_init
 .text          0x080089c4      0xfa8 Util/fat_fs/src/sd_spi_stm32.o
                0x08008dfc                disk_initialize
                0x08008fa8                disk_status
                0x08008fb8                disk_read
                0x08009134                disk_write
                0x080092d4                disk_ioctl
                0x08009930                disk_timerproc
 .text          0x0800996c     0x182c Util/rprintf.o
                0x0800996c                rprintfInit
                0x08009978                rprintfChar
                0x080099a0                rprintfStr
                0x080099d8                rprintfStrLen
                0x08009b9c                rprintfCRLF
                0x08009bb4                rprintfu04
                0x08009be0                rprintfu08
                0x08009c28                rprintfu16
                0x08009cc4                rprintfu32
                0x08009e10                rprintfNum
                0x0800a080                rprintfFloat
                0x0800a344                rprintf2RamRom
                0x0800b140                Isdigit
                0x0800b150                atoiRamRom
                0x0800b188                rStrLen
 .text          0x0800b198      0x23c adc.o
                0x0800b198                ADC_Configuration
                0x0800b354                readADC2
                0x0800b38c                setADC2
                0x0800b3ac                getADC2
 .text          0x0800b3d4      0x240 gpio.o
                0x0800b3d4                setup_gpio
                0x0800b588                switch_leds_on
                0x0800b5b0                switch_leds_off
                0x0800b5d8                red_flash
                0x0800b608                get_wkup
 .text          0x0800b614      0x86c i2c_int.o
                0x0800b614                I2C1_EV_IRQHandler
                0x0800bb94                I2C1_Request_Job
                0x0800bbe8                I2C1_Setup_Job
                0x0800bbfc                I2C_Config
                0x0800bd84                I2C1_ER_IRQHandler
 .text          0x0800be80      0x570 interrupts.o
                0x0800be80                ISR_Config
                0x0800bef4                EXTI_ONOFF_EN
                0x0800bf54                DMA_ISR_Config
                0x0800bf7c                SysTick_Configuration
                0x0800bfb4                EXTI0_IRQHandler
                0x0800c030                DMAChannel1_IRQHandler
                0x0800c05c                ADC1_2_IRQHandler
                0x0800c0f0                SysTickHandler
                0x0800c3e4                USB_HP_CAN_TX_IRQHandler
                0x0800c3e8                USB_LP_CAN_RX0_IRQHandler
 .text.Default_Handler
                0x0800c3f0        0x2 lib/CMSIS_CM3/startup/gcc/startup_stm32f10x_md.o
                0x0800c3f0                EXTI2_IRQHandler
                0x0800c3f0                DebugMon_Handler
                0x0800c3f0                TIM1_CC_IRQHandler
                0x0800c3f0                HardFault_Handler
                0x0800c3f0                SysTick_Handler
                0x0800c3f0                PVD_IRQHandler
                0x0800c3f0                PendSV_Handler
                0x0800c3f0                NMI_Handler
                0x0800c3f0                EXTI3_IRQHandler
                0x0800c3f0                I2C2_EV_IRQHandler
                0x0800c3f0                UsageFault_Handler
                0x0800c3f0                SPI1_IRQHandler
                0x0800c3f0                TAMPER_IRQHandler
                0x0800c3f0                DMA1_Channel4_IRQHandler
                0x0800c3f0                USART3_IRQHandler
                0x0800c3f0                RTC_IRQHandler
                0x0800c3f0                DMA1_Channel7_IRQHandler
                0x0800c3f0                CAN1_RX1_IRQHandler
                0x0800c3f0                TIM4_IRQHandler
                0x0800c3f0                DMA1_Channel6_IRQHandler
                0x0800c3f0                TIM3_IRQHandler
                0x0800c3f0                RCC_IRQHandler
                0x0800c3f0                TIM1_TRG_COM_IRQHandler
                0x0800c3f0                DMA1_Channel1_IRQHandler
                0x0800c3f0                Default_Handler
                0x0800c3f0                EXTI15_10_IRQHandler
                0x0800c3f0                EXTI9_5_IRQHandler
                0x0800c3f0                SPI2_IRQHandler
                0x0800c3f0                MemManage_Handler
                0x0800c3f0                SVC_Handler
                0x0800c3f0                DMA1_Channel5_IRQHandler
                0x0800c3f0                EXTI4_IRQHandler
                0x0800c3f0                USB_LP_CAN1_RX0_IRQHandler
                0x0800c3f0                USB_HP_CAN1_TX_IRQHandler
                0x0800c3f0                DMA1_Channel3_IRQHandler
                0x0800c3f0                TIM1_UP_IRQHandler
                0x0800c3f0                WWDG_IRQHandler
                0x0800c3f0                TIM2_IRQHandler
                0x0800c3f0                TIM1_BRK_IRQHandler
                0x0800c3f0                EXTI1_IRQHandler
                0x0800c3f0                RTCAlarm_IRQHandler
                0x0800c3f0                USART2_IRQHandler
                0x0800c3f0                I2C2_ER_IRQHandler
                0x0800c3f0                DMA1_Channel2_IRQHandler
                0x0800c3f0                CAN1_SCE_IRQHandler
                0x0800c3f0                FLASH_IRQHandler
                0x0800c3f0                BusFault_Handler
                0x0800c3f0                USART1_IRQHandler
                0x0800c3f0                USBWakeUp_IRQHandler
 *fill*         0x0800c3f2        0x2 00
 .text          0x0800c3f4       0xfc lib/CMSIS_CM3/system_stm32f10x.o
                0x0800c3f4                SystemInit
 .text          0x0800c4f0      0x660 main.o
                0x0800c4f0                __str_print_char
                0x0800c51c                __fat_print_char
                0x0800c53c                main
                0x0800caa4                detect_sensors
 .text          0x0800cb50       0x70 pwr.o
                0x0800cb50                setuppwr
                0x0800cb64                shutdown
                0x0800cb74                disable_pin
                0x0800cb7c                shutdown_filesystem
 .text          0x0800cbc0      0x1c8 timer.o
                0x0800cbc0                setup_pwm
                0x0800ccf0                Tryfudge
                0x0800cd40                Set_Motor
 .text          0x0800cd88      0x110 usart.o
                0x0800cd88                Usarts_Init
                0x0800ce34                Default_Usart_Config
                0x0800ce50                Usart_Send_Str
                0x0800ce7c                __usart_send_char
 .text          0x0800ce98       0xb8 lib/STM32F10x_StdPeriph_Driver/libstm32fw.a(misc.o)
                0x0800ce98                NVIC_PriorityGroupConfig
                0x0800ceac                NVIC_Init
                0x0800cf0c                NVIC_SetVectorTable
                0x0800cf20                NVIC_SystemLPConfig
                0x0800cf38                SysTick_CLKSourceConfig
 .text          0x0800cf50      0x380 lib/STM32F10x_StdPeriph_Driver/libstm32fw.a(stm32f10x_adc.o)
                0x0800cf50                ADC_DeInit
                0x0800cfac                ADC_Init
                0x0800cff8                ADC_StructInit
                0x0800d00a                ADC_Cmd
                0x0800d01e                ADC_DMACmd
                0x0800d032                ADC_ITConfig
                0x0800d046                ADC_ResetCalibration
                0x0800d050                ADC_GetResetCalibrationStatus
                0x0800d058                ADC_StartCalibration
                0x0800d062                ADC_GetCalibrationStatus
                0x0800d06a                ADC_SoftwareStartConvCmd
                0x0800d07e                ADC_GetSoftwareStartConvStatus
                0x0800d086                ADC_DiscModeChannelCountConfig
                0x0800d096                ADC_DiscModeCmd
                0x0800d0aa                ADC_RegularChannelConfig
                0x0800d138                ADC_ExternalTrigConvCmd
                0x0800d14c                ADC_GetConversionValue
                0x0800d152                ADC_GetDualModeConversionValue
                0x0800d15c                ADC_AutoInjectedConvCmd
                0x0800d170                ADC_InjectedDiscModeCmd
                0x0800d184                ADC_ExternalTrigInjectedConvConfig
                0x0800d192                ADC_ExternalTrigInjectedConvCmd
                0x0800d1a6                ADC_SoftwareStartInjectedConvCmd
                0x0800d1ba                ADC_GetSoftwareStartInjectedConvCmdStatus
                0x0800d1c2                ADC_InjectedChannelConfig
                0x0800d21e                ADC_InjectedSequencerLengthConfig
                0x0800d22e                ADC_SetInjectedOffset
                0x0800d244                ADC_GetInjectedConversionValue
                0x0800d25e                ADC_AnalogWatchdogCmd
                0x0800d270                ADC_AnalogWatchdogThresholdsConfig
                0x0800d276                ADC_AnalogWatchdogSingleChannelConfig
                0x0800d284                ADC_TempSensorVrefintCmd
                0x0800d2a0                ADC_GetFlagStatus
                0x0800d2ac                ADC_ClearFlag
                0x0800d2b2                ADC_GetITStatus
                0x0800d2c8                ADC_ClearITPendingBit
 .text          0x0800d2d0       0xe0 lib/STM32F10x_StdPeriph_Driver/libstm32fw.a(stm32f10x_bkp.o)
                0x0800d2d0                BKP_DeInit
                0x0800d2e2                BKP_TamperPinLevelConfig
                0x0800d2ec                BKP_TamperPinCmd
                0x0800d2f8                BKP_ITConfig
                0x0800d304                BKP_RTCOutputConfig
                0x0800d31c                BKP_SetRTCCalibrationValue
                0x0800d334                BKP_WriteBackupRegister
                0x0800d350                BKP_ReadBackupRegister
                0x0800d370                BKP_GetFlagStatus
                0x0800d37c                BKP_ClearFlag
                0x0800d390                BKP_GetITStatus
                0x0800d39c                BKP_ClearITPendingBit
 .text          0x0800d3b0      0x1f0 lib/STM32F10x_StdPeriph_Driver/libstm32fw.a(stm32f10x_dma.o)
                0x0800d3b0                DMA_DeInit
                0x0800d4ac                DMA_Init
                0x0800d4ec                DMA_StructInit
                0x0800d506                DMA_Cmd
                0x0800d51a                DMA_ITConfig
                0x0800d52c                DMA_GetCurrDataCounter
                0x0800d532                DMA_GetFlagStatus
                0x0800d550                DMA_ClearFlag
                0x0800d568                DMA_GetITStatus
                0x0800d588                DMA_ClearITPendingBit
 .text          0x0800d5a0      0x108 lib/STM32F10x_StdPeriph_Driver/libstm32fw.a(stm32f10x_exti.o)
                0x0800d5a0                EXTI_DeInit
                0x0800d5bc                EXTI_Init
                0x0800d640                EXTI_StructInit
                0x0800d64e                EXTI_GenerateSWInterrupt
                0x0800d660                EXTI_GetFlagStatus
                0x0800d674                EXTI_ClearFlag
                0x0800d680                EXTI_GetITStatus
                0x0800d69c                EXTI_ClearITPendingBit
 .text          0x0800d6a8      0x278 lib/STM32F10x_StdPeriph_Driver/libstm32fw.a(stm32f10x_gpio.o)
                0x0800d6a8                GPIO_DeInit
                0x0800d754                GPIO_AFIODeInit
                0x0800d76a                GPIO_Init
                0x0800d802                GPIO_StructInit
                0x0800d812                GPIO_ReadInputDataBit
                0x0800d81e                GPIO_ReadInputData
                0x0800d824                GPIO_ReadOutputDataBit
                0x0800d830                GPIO_ReadOutputData
                0x0800d836                GPIO_SetBits
                0x0800d83a                GPIO_ResetBits
                0x0800d83e                GPIO_WriteBit
                0x0800d848                GPIO_Write
                0x0800d84c                GPIO_PinLockConfig
                0x0800d85c                GPIO_EventOutputConfig
                0x0800d87c                GPIO_EventOutputCmd
                0x0800d888                GPIO_PinRemapConfig
                0x0800d8e0                GPIO_EXTILineConfig
                0x0800d914                GPIO_ETH_MediaInterfaceConfig
 .text          0x0800d920      0x3b4 lib/STM32F10x_StdPeriph_Driver/libstm32fw.a(stm32f10x_i2c.o)
                0x0800d920                I2C_DeInit
                0x0800d954                I2C_Init
                0x0800da24                I2C_StructInit
                0x0800da40                I2C_Cmd
                0x0800da5a                I2C_DMACmd
                0x0800da74                I2C_DMALastTransferCmd
                0x0800da8e                I2C_GenerateSTART
                0x0800daa8                I2C_GenerateSTOP
                0x0800dac2                I2C_AcknowledgeConfig
                0x0800dadc                I2C_OwnAddress2Config
                0x0800daf2                I2C_DualAddressCmd
                0x0800db0c                I2C_GeneralCallCmd
                0x0800db26                I2C_ITConfig
                0x0800db3c                I2C_SendData
                0x0800db40                I2C_ReceiveData
                0x0800db46                I2C_Send7bitAddress
                0x0800db56                I2C_ReadRegister
                0x0800db6e                I2C_SoftwareResetCmd
                0x0800db86                I2C_SMBusAlertConfig
                0x0800dba4                I2C_TransmitPEC
                0x0800dbbe                I2C_PECPositionConfig
                0x0800dbdc                I2C_CalculatePEC
                0x0800dbf6                I2C_GetPEC
                0x0800dbfe                I2C_ARPCmd
                0x0800dc18                I2C_StretchClockCmd
                0x0800dc32                I2C_FastModeDutyCycleConfig
                0x0800dc50                I2C_GetLastEvent
                0x0800dc60                I2C_CheckEvent
                0x0800dc78                I2C_GetFlagStatus
                0x0800dcac                I2C_ClearFlag
                0x0800dcb2                I2C_GetITStatus
                0x0800dcce                I2C_ClearITPendingBit
 .text          0x0800dcd4       0xcc lib/STM32F10x_StdPeriph_Driver/libstm32fw.a(stm32f10x_pwr.o)
                0x0800dcd8                PWR_DeInit
                0x0800dcf2                PWR_BackupAccessCmd
                0x0800dcfc                PWR_PVDCmd
                0x0800dd08                PWR_PVDLevelConfig
                0x0800dd1c                PWR_WakeUpPinCmd
                0x0800dd28                PWR_EnterSTOPMode
                0x0800dd54                PWR_EnterSTANDBYMode
                0x0800dd7c                PWR_GetFlagStatus
                0x0800dd90                PWR_ClearFlag
 .text          0x0800dda0      0x360 lib/STM32F10x_StdPeriph_Driver/libstm32fw.a(stm32f10x_rcc.o)
                0x0800dda0                RCC_DeInit
                0x0800dde0                RCC_HSEConfig
                0x0800de18                RCC_AdjustHSICalibrationValue
                0x0800de2c                RCC_HSICmd
                0x0800de38                RCC_PLLConfig
                0x0800de50                RCC_PLLCmd
                0x0800de5c                RCC_SYSCLKConfig
                0x0800de70                RCC_GetSYSCLKSource
                0x0800de80                RCC_HCLKConfig
                0x0800de94                RCC_PCLK1Config
                0x0800dea8                RCC_PCLK2Config
                0x0800debc                RCC_ITConfig
                0x0800ded4                RCC_USBCLKConfig
                0x0800dee0                RCC_ADCCLKConfig
                0x0800def4                RCC_LSEConfig
                0x0800df14                RCC_LSICmd
                0x0800df20                RCC_RTCCLKConfig
                0x0800df30                RCC_RTCCLKCmd
                0x0800df3c                RCC_GetClocksFreq
                0x0800dfe0                RCC_AHBPeriphClockCmd
                0x0800dff8                RCC_APB2PeriphClockCmd
                0x0800e010                RCC_APB1PeriphClockCmd
                0x0800e028                RCC_APB2PeriphResetCmd
                0x0800e040                RCC_APB1PeriphResetCmd
                0x0800e058                RCC_BackupResetCmd
                0x0800e064                RCC_ClockSecuritySystemCmd
                0x0800e070                RCC_MCOConfig
                0x0800e07c                RCC_GetFlagStatus
                0x0800e0a4                RCC_WaitForHSEStartUp
                0x0800e0d0                RCC_ClearFlag
                0x0800e0e0                RCC_GetITStatus
                0x0800e0f4                RCC_ClearITPendingBit
 .text          0x0800e100      0x158 lib/STM32F10x_StdPeriph_Driver/libstm32fw.a(stm32f10x_rtc.o)
                0x0800e100                RTC_ITConfig
                0x0800e11c                RTC_EnterConfigMode
                0x0800e130                RTC_ExitConfigMode
                0x0800e144                RTC_GetCounter
                0x0800e158                RTC_SetCounter
                0x0800e174                RTC_SetPrescaler
                0x0800e194                RTC_SetAlarm
                0x0800e1b0                RTC_GetDivider
                0x0800e1c8                RTC_WaitForLastTask
                0x0800e1d8                RTC_WaitForSynchro
                0x0800e1f8                RTC_GetFlagStatus
                0x0800e20c                RTC_ClearFlag
                0x0800e220                RTC_GetITStatus
                0x0800e244                RTC_ClearITPendingBit
 .text          0x0800e258      0x2d4 lib/STM32F10x_StdPeriph_Driver/libstm32fw.a(stm32f10x_spi.o)
                0x0800e258                SPI_I2S_DeInit
                0x0800e2bc                SPI_Init
                0x0800e2fc                I2S_Init
                0x0800e39c                SPI_StructInit
                0x0800e3b4                I2S_StructInit
                0x0800e3c6                SPI_Cmd
                0x0800e3e0                I2S_Cmd
                0x0800e3fa                SPI_I2S_ITConfig
                0x0800e418                SPI_I2S_DMACmd
                0x0800e42e                SPI_I2S_SendData
                0x0800e432                SPI_I2S_ReceiveData
                0x0800e438                SPI_NSSInternalSoftwareConfig
                0x0800e458                SPI_SSOutputCmd
                0x0800e472                SPI_DataSizeConfig
                0x0800e48a                SPI_TransmitCRC
                0x0800e496                SPI_CalculateCRC
                0x0800e4b0                SPI_GetCRC
                0x0800e4c0                SPI_GetCRCPolynomial
                0x0800e4c6                SPI_BiDirectionalLineConfig
                0x0800e4e4                SPI_I2S_GetFlagStatus
                0x0800e4f0                SPI_I2S_ClearFlag
                0x0800e4f6                SPI_I2S_GetITStatus
                0x0800e51c                SPI_I2S_ClearITPendingBit
 .text          0x0800e52c      0xa80 lib/STM32F10x_StdPeriph_Driver/libstm32fw.a(stm32f10x_tim.o)
                0x0800e59a                TIM_DeInit
                0x0800e664                TIM_TimeBaseInit
                0x0800e6a0                TIM_OC1Init
                0x0800e720                TIM_OC2Init
                0x0800e7a8                TIM_OC3Init
                0x0800e82c                TIM_OC4Init
                0x0800e890                TIM_BDTRConfig
                0x0800e8b2                TIM_TimeBaseStructInit
                0x0800e8c4                TIM_OCStructInit
                0x0800e8d8                TIM_ICStructInit
                0x0800e8e8                TIM_BDTRStructInit
                0x0800e8fa                TIM_Cmd
                0x0800e914                TIM_CtrlPWMOutputs
                0x0800e932                TIM_ITConfig
                0x0800e948                TIM_GenerateEvent
                0x0800e94c                TIM_DMAConfig
                0x0800e954                TIM_DMACmd
                0x0800e96a                TIM_InternalClockConfig
                0x0800e978                TIM_ETRConfig
                0x0800e98e                TIM_ETRClockMode2Config
                0x0800e9a2                TIM_ETRClockMode1Config
                0x0800e9bc                TIM_PrescalerConfig
                0x0800e9c2                TIM_CounterModeConfig
                0x0800e9d4                TIM_SelectInputTrigger
                0x0800e9e6                TIM_TIxExternalClockConfig
                0x0800ea14                TIM_ITRxExternalClockConfig
                0x0800ea28                TIM_EncoderInterfaceConfig
                0x0800ea66                TIM_ForcedOC1Config
                0x0800ea78                TIM_ForcedOC2Config
                0x0800ea8a                TIM_ForcedOC3Config
                0x0800ea9c                TIM_ForcedOC4Config
                0x0800eaae                TIM_ARRPreloadConfig
                0x0800eac8                TIM_SelectCOM
                0x0800eae2                TIM_SelectCCDMA
                0x0800eafc                TIM_CCPreloadControl
                0x0800eb16                TIM_OC1PreloadConfig
                0x0800eb28                TIM_OC2PreloadConfig
                0x0800eb3a                TIM_OC3PreloadConfig
                0x0800eb4c                TIM_OC4PreloadConfig
                0x0800eb5e                TIM_OC1FastConfig
                0x0800eb70                TIM_OC2FastConfig
                0x0800eb82                TIM_OC3FastConfig
                0x0800eb94                TIM_OC4FastConfig
                0x0800eba6                TIM_ClearOC1Ref
                0x0800ebb8                TIM_ClearOC2Ref
                0x0800ebc6                TIM_ClearOC3Ref
                0x0800ebd8                TIM_ClearOC4Ref
                0x0800ebe6                TIM_OC1PolarityConfig
                0x0800ebf8                TIM_OC1NPolarityConfig
                0x0800ec0a                TIM_OC2PolarityConfig
                0x0800ec1c                TIM_OC2NPolarityConfig
                0x0800ec2e                TIM_OC3PolarityConfig
                0x0800ec40                TIM_OC3NPolarityConfig
                0x0800ec52                TIM_OC4PolarityConfig
                0x0800ec64                TIM_CCxCmd
                0x0800ec82                TIM_CCxNCmd
                0x0800eca0                TIM_SelectOCxM
                0x0800ecec                TIM_UpdateDisableConfig
                0x0800ed06                TIM_UpdateRequestConfig
                0x0800ed20                TIM_SelectHallSensor
                0x0800ed3a                TIM_SelectOnePulseMode
                0x0800ed52                TIM_SelectOutputTrigger
                0x0800ed6a                TIM_SelectSlaveMode
                0x0800ed82                TIM_SelectMasterSlaveMode
                0x0800ed9a                TIM_SetCounter
                0x0800ed9e                TIM_SetAutoreload
                0x0800eda2                TIM_SetCompare1
                0x0800eda6                TIM_SetCompare2
                0x0800edaa                TIM_SetCompare3
                0x0800edae                TIM_SetCompare4
                0x0800edb4                TIM_SetIC1Prescaler
                0x0800edcc                TIM_SetIC2Prescaler
                0x0800ede4                TIM_PWMIConfig
                0x0800ee50                TIM_SetIC3Prescaler
                0x0800ee68                TIM_SetIC4Prescaler
                0x0800ee80                TIM_ICInit
                0x0800ef44                TIM_SetClockDivision
                0x0800ef56                TIM_GetCapture1
                0x0800ef5c                TIM_GetCapture2
                0x0800ef62                TIM_GetCapture3
                0x0800ef68                TIM_GetCapture4
                0x0800ef70                TIM_GetCounter
                0x0800ef76                TIM_GetPrescaler
                0x0800ef7c                TIM_GetFlagStatus
                0x0800ef88                TIM_ClearFlag
                0x0800ef8e                TIM_GetITStatus
                0x0800efa4                TIM_ClearITPendingBit
 .text          0x0800efac      0x374 lib/STM32F10x_StdPeriph_Driver/libstm32fw.a(stm32f10x_usart.o)
                0x0800efac                USART_DeInit
                0x0800f044                USART_Init
                0x0800f0d4                USART_StructInit
                0x0800f0ea                USART_ClockInit
                0x0800f110                USART_ClockStructInit
                0x0800f11c                USART_Cmd
                0x0800f136                USART_ITConfig
                0x0800f16c                USART_DMACmd
                0x0800f182                USART_SetAddress
                0x0800f19a                USART_WakeUpConfig
                0x0800f1b2                USART_ReceiverWakeUpCmd
                0x0800f1cc                USART_LINBreakDetectLengthConfig
                0x0800f1e4                USART_LINCmd
                0x0800f1fe                USART_SendData
                0x0800f206                USART_ReceiveData
                0x0800f20e                USART_SendBreak
                0x0800f21a                USART_SetGuardTime
                0x0800f22c                USART_SetPrescaler
                0x0800f240                USART_SmartCardCmd
                0x0800f25a                USART_SmartCardNACKCmd
                0x0800f274                USART_HalfDuplexCmd
                0x0800f28e                USART_IrDAConfig
                0x0800f2a6                USART_IrDACmd
                0x0800f2c0                USART_GetFlagStatus
                0x0800f2cc                USART_ClearFlag
                0x0800f2d2                USART_GetITStatus
                0x0800f312                USART_ClearITPendingBit
 .text          0x0800f320      0xa54 lib/STM32_USB-FS-Device_Driver/libstm32usb.a(usb_core.o)
                0x0800f320                Standard_GetConfiguration
                0x0800f348                Standard_GetInterface
                0x0800f370                Standard_GetStatus
                0x0800f4e4                Standard_SetConfiguration
                0x0800f520                Standard_SetInterface
                0x0800f570                Standard_ClearFeature
                0x0800f66c                Standard_SetEndPointFeature
                0x0800f720                Standard_SetDeviceFeature
                0x0800f744                Standard_GetDescriptorData
                0x0800f760                Post0_Process
                0x0800f7a8                Out0_Process
                0x0800f884                Setup0_Process
                0x0800fc54                SetDeviceAddress
                0x0800fd10                In0_Process
                0x0800fd70                NOP_Process
 .text          0x0800fd74       0x38 lib/STM32_USB-FS-Device_Driver/libstm32usb.a(usb_init.o)
                0x0800fd74                USB_Init
 .text          0x0800fdac      0x25c lib/STM32_USB-FS-Device_Driver/libstm32usb.a(usb_int.o)
                0x0800fdac                CTR_LP
                0x0800ff74                CTR_HP
 .text          0x08010008       0xb8 lib/STM32_USB-FS-Device_Driver/libstm32usb.a(usb_mem.o)
                0x08010008                UserToPMABufferCopy
                0x08010070                PMAToUserBufferCopy
 .text          0x080100c0      0x880 lib/STM32_USB-FS-Device_Driver/libstm32usb.a(usb_regs.o)
                0x080100c0                SetCNTR
                0x080100cc                GetCNTR
                0x080100d8                SetISTR
                0x080100e4                GetISTR
                0x080100f0                GetFNR
                0x080100fc                SetDADDR
                0x08010108                GetDADDR
                0x08010114                SetBTABLE
                0x08010128                GetBTABLE
                0x08010134                SetENDPOINT
                0x08010144                GetENDPOINT
                0x08010154                SetEPType
                0x08010170                GetEPType
                0x08010184                SetEPTxStatus
                0x080101c4                SetEPRxStatus
                0x08010204                SetDouBleBuffEPStall
                0x0801022c                GetEPTxStatus
                0x08010240                GetEPRxStatus
                0x08010254                SetEPTxValid
                0x08010278                SetEPRxValid
                0x0801029c                SetEP_KIND
                0x080102bc                ClearEP_KIND
                0x080102dc                Clear_Status_Out
                0x080102fc                Set_Status_Out
                0x0801031c                SetEPDoubleBuff
                0x0801033c                ClearEPDoubleBuff
                0x0801035c                GetTxStallStatus
                0x0801037c                GetRxStallStatus
                0x0801039c                ClearEP_CTR_RX
                0x080103b4                ClearEP_CTR_TX
                0x080103cc                ToggleDTOG_RX
                0x080103ec                ToggleDTOG_TX
                0x0801040c                ClearDTOG_RX
                0x08010434                ClearDTOG_TX
                0x0801045c                SetEPAddress
                0x08010480                GetEPAddress
                0x08010494                SetEPTxAddr
                0x080104b8                SetEPRxAddr
                0x080104e0                GetEPTxAddr
                0x08010500                GetEPRxAddr
                0x08010520                SetEPTxCount
                0x08010540                SetEPCountRxReg
                0x0801056c                SetEPRxCount
                0x080105b4                GetEPTxCount
                0x080105d8                GetEPRxCount
                0x080105fc                SetEPDblBuffAddr
                0x08010644                SetEPDblBuf0Addr
                0x08010668                SetEPDblBuf1Addr
                0x08010690                GetEPDblBuf0Addr
                0x080106b0                GetEPDblBuf1Addr
                0x080106d0                SetEPDblBuffCount
                0x0801077c                SetEPDblBuf0Count
                0x080107e4                SetEPDblBuf1Count
                0x0801084c                GetEPDblBuf0Count
                0x08010870                GetEPDblBuf1Count
                0x08010894                GetEPDblBufDir
                0x080108dc                FreeUserBuffer
                0x0801092c                ToWord
                0x08010934                ByteSwap
 .text          0x08010940       0x6c lib/STM32_USB-FS-Device_Driver/libstm32usb.a(usb_sil.o)
                0x08010940                USB_SIL_Init
                0x08010960                USB_SIL_Write
                0x08010988                USB_SIL_Read
 .text          0x080109ac       0x78 /home/laurence/CodeSourcery/Sourcery_G++_Lite/bin/../lib/gcc/arm-none-eabi/4.5.2/../../../../arm-none-eabi/lib/thumb2/libm.a(lib_a-sf_sin.o)
                0x080109ac                sinf
 .text          0x08010a24       0xac /home/laurence/CodeSourcery/Sourcery_G++_Lite/bin/../lib/gcc/arm-none-eabi/4.5.2/../../../../arm-none-eabi/lib/thumb2/libm.a(lib_a-w_sqrt.o)
                0x08010a24                sqrt
 .text          0x08010ad0       0xa8 /home/laurence/CodeSourcery/Sourcery_G++_Lite/bin/../lib/gcc/arm-none-eabi/4.5.2/../../../../arm-none-eabi/lib/thumb2/libm.a(lib_a-wf_asin.o)
                0x08010ad0                asinf
 .text          0x08010b78      0x1c0 /home/laurence/CodeSourcery/Sourcery_G++_Lite/bin/../lib/gcc/arm-none-eabi/4.5.2/../../../../arm-none-eabi/lib/thumb2/libm.a(lib_a-e_sqrt.o)
                0x08010b78                __ieee754_sqrt
 .text          0x08010d38      0x318 /home/laurence/CodeSourcery/Sourcery_G++_Lite/bin/../lib/gcc/arm-none-eabi/4.5.2/../../../../arm-none-eabi/lib/thumb2/libm.a(lib_a-ef_asin.o)
                0x08010d38                __ieee754_asinf
 .text          0x08011050      0x358 /home/laurence/CodeSourcery/Sourcery_G++_Lite/bin/../lib/gcc/arm-none-eabi/4.5.2/../../../../arm-none-eabi/lib/thumb2/libm.a(lib_a-ef_rem_pio2.o)
                0x08011050                __ieee754_rem_pio2f
 .text          0x080113a8       0xb0 /home/laurence/CodeSourcery/Sourcery_G++_Lite/bin/../lib/gcc/arm-none-eabi/4.5.2/../../../../arm-none-eabi/lib/thumb2/libm.a(lib_a-ef_sqrt.o)
                0x080113a8                __ieee754_sqrtf
 .text          0x08011458      0x1b8 /home/laurence/CodeSourcery/Sourcery_G++_Lite/bin/../lib/gcc/arm-none-eabi/4.5.2/../../../../arm-none-eabi/lib/thumb2/libm.a(lib_a-kf_cos.o)
                0x08011458                __kernel_cosf
 .text          0x08011610      0x63c /home/laurence/CodeSourcery/Sourcery_G++_Lite/bin/../lib/gcc/arm-none-eabi/4.5.2/../../../../arm-none-eabi/lib/thumb2/libm.a(lib_a-kf_rem_pio2.o)
                0x08011610                __kernel_rem_pio2f
 .text          0x08011c4c      0x100 /home/laurence/CodeSourcery/Sourcery_G++_Lite/bin/../lib/gcc/arm-none-eabi/4.5.2/../../../../arm-none-eabi/lib/thumb2/libm.a(lib_a-kf_sin.o)
                0x08011c4c                __kernel_sinf
 .text          0x08011d4c       0x90 /home/laurence/CodeSourcery/Sourcery_G++_Lite/bin/../lib/gcc/arm-none-eabi/4.5.2/../../../../arm-none-eabi/lib/thumb2/libm.a(lib_a-s_fpclassify.o)
                0x08011d4c                __fpclassifyd
 .text          0x08011ddc        0x4 /home/laurence/CodeSourcery/Sourcery_G++_Lite/bin/../lib/gcc/arm-none-eabi/4.5.2/../../../../arm-none-eabi/lib/thumb2/libm.a(lib_a-s_matherr.o)
                0x08011ddc                matherr
 .text          0x08011de0        0xc /home/laurence/CodeSourcery/Sourcery_G++_Lite/bin/../lib/gcc/arm-none-eabi/4.5.2/../../../../arm-none-eabi/lib/thumb2/libm.a(lib_a-s_nan.o)
                0x08011de0                nan
 .text          0x08011dec        0x8 /home/laurence/CodeSourcery/Sourcery_G++_Lite/bin/../lib/gcc/arm-none-eabi/4.5.2/../../../../arm-none-eabi/lib/thumb2/libm.a(lib_a-sf_fabs.o)
                0x08011dec                fabsf
 .text          0x08011df4       0xa0 /home/laurence/CodeSourcery/Sourcery_G++_Lite/bin/../lib/gcc/arm-none-eabi/4.5.2/../../../../arm-none-eabi/lib/thumb2/libm.a(lib_a-sf_floor.o)
                0x08011df4                floorf
 .text          0x08011e94       0x7c /home/laurence/CodeSourcery/Sourcery_G++_Lite/bin/../lib/gcc/arm-none-eabi/4.5.2/../../../../arm-none-eabi/lib/thumb2/libm.a(lib_a-sf_fpclassify.o)
                0x08011e94                __fpclassifyf
 .text          0x08011f10       0xc0 /home/laurence/CodeSourcery/Sourcery_G++_Lite/bin/../lib/gcc/arm-none-eabi/4.5.2/../../../../arm-none-eabi/lib/thumb2/libm.a(lib_a-sf_scalbn.o)
                0x08011f10                scalbnf
 .text          0x08011fd0       0x10 /home/laurence/CodeSourcery/Sourcery_G++_Lite/bin/../lib/gcc/arm-none-eabi/4.5.2/../../../../arm-none-eabi/lib/thumb2/libm.a(lib_a-sf_copysign.o)
                0x08011fd0                copysignf
 .text          0x08011fe0      0x370 /home/laurence/CodeSourcery/Sourcery_G++_Lite/bin/../lib/gcc/arm-none-eabi/4.5.2/thumb2/libgcc.a(_arm_addsubdf3.o)
                0x08011fe0                __aeabi_drsub
                0x08011fe8                __aeabi_dsub
                0x08011fe8                __subdf3
                0x08011fec                __adddf3
                0x08011fec                __aeabi_dadd
                0x08012264                __aeabi_ui2d
                0x08012264                __floatunsidf
                0x08012284                __floatsidf
                0x08012284                __aeabi_i2d
                0x080122a8                __extendsfdf2
                0x080122a8                __aeabi_f2d
                0x080122e4                __aeabi_ul2d
                0x080122e4                __floatundidf
                0x080122f4                __floatdidf
                0x080122f4                __aeabi_l2d
 .text          0x08012350      0x424 /home/laurence/CodeSourcery/Sourcery_G++_Lite/bin/../lib/gcc/arm-none-eabi/4.5.2/thumb2/libgcc.a(_arm_muldivdf3.o)
                0x08012350                __aeabi_dmul
                0x08012350                __muldf3
                0x080125a4                __aeabi_ddiv
                0x080125a4                __divdf3
 .text          0x08012774      0x110 /home/laurence/CodeSourcery/Sourcery_G++_Lite/bin/../lib/gcc/arm-none-eabi/4.5.2/thumb2/libgcc.a(_arm_cmpdf2.o)
                0x08012774                __gtdf2
                0x08012774                __gedf2
                0x0801277c                __ltdf2
                0x0801277c                __ledf2
                0x08012784                __cmpdf2
                0x08012784                __eqdf2
                0x08012784                __nedf2
                0x08012800                __aeabi_cdrcmple
                0x08012810                __aeabi_cdcmple
                0x08012810                __aeabi_cdcmpeq
                0x08012820                __aeabi_dcmpeq
                0x08012834                __aeabi_dcmplt
                0x08012848                __aeabi_dcmple
                0x0801285c                __aeabi_dcmpge
                0x08012870                __aeabi_dcmpgt
 .text          0x08012884       0x50 /home/laurence/CodeSourcery/Sourcery_G++_Lite/bin/../lib/gcc/arm-none-eabi/4.5.2/thumb2/libgcc.a(_arm_fixdfsi.o)
                0x08012884                __fixdfsi
                0x08012884                __aeabi_d2iz
 .text          0x080128d4       0x40 /home/laurence/CodeSourcery/Sourcery_G++_Lite/bin/../lib/gcc/arm-none-eabi/4.5.2/thumb2/libgcc.a(_arm_fixunsdfsi.o)
                0x080128d4                __fixunsdfsi
                0x080128d4                __aeabi_d2uiz
 .text          0x08012914       0xa0 /home/laurence/CodeSourcery/Sourcery_G++_Lite/bin/../lib/gcc/arm-none-eabi/4.5.2/thumb2/libgcc.a(_arm_truncdfsf2.o)
                0x08012914                __aeabi_d2f
                0x08012914                __truncdfsf2
 .text          0x080129b4      0x21c /home/laurence/CodeSourcery/Sourcery_G++_Lite/bin/../lib/gcc/arm-none-eabi/4.5.2/thumb2/libgcc.a(_arm_addsubsf3.o)
                0x080129b4                __aeabi_frsub
                0x080129bc                __subsf3
                0x080129bc                __aeabi_fsub
                0x080129c0                __aeabi_fadd
                0x080129c0                __addsf3
                0x08012b20                __aeabi_ui2f
                0x08012b20                __floatunsisf
                0x08012b28                __aeabi_i2f
                0x08012b28                __floatsisf
                0x08012b44                __floatundisf
                0x08012b44                __aeabi_ul2f
                0x08012b54                __floatdisf
                0x08012b54                __aeabi_l2f
 .text          0x08012bd0      0x2a0 /home/laurence/CodeSourcery/Sourcery_G++_Lite/bin/../lib/gcc/arm-none-eabi/4.5.2/thumb2/libgcc.a(_arm_muldivsf3.o)
                0x08012bd0                __mulsf3
                0x08012bd0                __aeabi_fmul
                0x08012d38                __divsf3
                0x08012d38                __aeabi_fdiv
 .text          0x08012e70       0xec /home/laurence/CodeSourcery/Sourcery_G++_Lite/bin/../lib/gcc/arm-none-eabi/4.5.2/thumb2/libgcc.a(_arm_cmpsf2.o)
                0x08012e70                __gtsf2
                0x08012e70                __gesf2
                0x08012e78                __lesf2
                0x08012e78                __ltsf2
                0x08012e80                __nesf2
                0x08012e80                __eqsf2
                0x08012e80                __cmpsf2
                0x08012ee0                __aeabi_cfrcmple
                0x08012ee8                __aeabi_cfcmple
                0x08012ee8                __aeabi_cfcmpeq
                0x08012ef8                __aeabi_fcmpeq
                0x08012f0c                __aeabi_fcmplt
                0x08012f20                __aeabi_fcmple
                0x08012f34                __aeabi_fcmpge
                0x08012f48                __aeabi_fcmpgt
 .text          0x08012f5c       0x4c /home/laurence/CodeSourcery/Sourcery_G++_Lite/bin/../lib/gcc/arm-none-eabi/4.5.2/thumb2/libgcc.a(_arm_fixsfsi.o)
                0x08012f5c                __fixsfsi
                0x08012f5c                __aeabi_f2iz
 .text          0x08012fa8       0x40 /home/laurence/CodeSourcery/Sourcery_G++_Lite/bin/../lib/gcc/arm-none-eabi/4.5.2/thumb2/libgcc.a(_arm_fixunssfsi.o)
                0x08012fa8                __aeabi_f2uiz
                0x08012fa8                __fixunssfsi
 .text          0x08012fe8        0xc /home/laurence/CodeSourcery/Sourcery_G++_Lite/bin/../lib/gcc/arm-none-eabi/4.5.2/../../../../arm-none-eabi/lib/thumb2/libc.a(lib_a-errno.o)
                0x08012fe8                __errno
 .text          0x08012ff4       0x20 /home/laurence/CodeSourcery/Sourcery_G++_Lite/bin/../lib/gcc/arm-none-eabi/4.5.2/../../../../arm-none-eabi/lib/thumb2/libc.a(lib_a-malloc.o)
                0x08012ff4                malloc
                0x08013004                free
 .text          0x08013014      0x57c /home/laurence/CodeSourcery/Sourcery_G++_Lite/bin/../lib/gcc/arm-none-eabi/4.5.2/../../../../arm-none-eabi/lib/thumb2/libc.a(lib_a-mallocr.o)
                0x08013014                _malloc_r
 .text          0x08013590        0x8 /home/laurence/CodeSourcery/Sourcery_G++_Lite/bin/../lib/gcc/arm-none-eabi/4.5.2/../../../../arm-none-eabi/lib/thumb2/libc.a(lib_a-mlock.o)
                0x08013590                __malloc_lock
                0x08013594                __malloc_unlock
 .text          0x08013598       0x28 /home/laurence/CodeSourcery/Sourcery_G++_Lite/bin/../lib/gcc/arm-none-eabi/4.5.2/../../../../arm-none-eabi/lib/thumb2/libc.a(lib_a-sbrkr.o)
                0x08013598                _sbrk_r
 .text          0x080135c0       0x60 /home/laurence/CodeSourcery/Sourcery_G++_Lite/bin/../lib/gcc/arm-none-eabi/4.5.2/../../../../arm-none-eabi/lib/thumb2/libc.a(lib_a-strlen.o)
                0x080135c0                strlen
 .text          0x08013620      0x240 /home/laurence/CodeSourcery/Sourcery_G++_Lite/bin/../lib/gcc/arm-none-eabi/4.5.2/../../../../arm-none-eabi/lib/thumb2/libc.a(lib_a-freer.o)
                0x08013620                _malloc_trim_r
                0x080136c8                _free_r
 .text          0x08013860       0x30 /home/laurence/CodeSourcery/Sourcery_G++_Lite/bin/../lib/gcc/arm-none-eabi/4.5.2/../../../../arm-none-eabi/lib/thumb2/libcs3.a(start_c.o)
                0x08013860                __cs3_premain
 .text.cs3.init
                0x08013890       0x50 /home/laurence/CodeSourcery/Sourcery_G++_Lite/bin/../lib/gcc/arm-none-eabi/4.5.2/../../../../arm-none-eabi/lib/thumb2/libcs3.a(start_c.o)
                0x08013890                __cs3_start_c
 .text          0x080138e0       0x40 /home/laurence/CodeSourcery/Sourcery_G++_Lite/bin/../lib/gcc/arm-none-eabi/4.5.2/../../../../arm-none-eabi/lib/thumb2/libcs3unhosted.a(unhosted-sbrk.o)
                0x080138e0                _sbrk
 .text.cs3.init
                0x08013920       0x10 /home/laurence/CodeSourcery/Sourcery_G++_Lite/bin/../lib/gcc/arm-none-eabi/4.5.2/../../../../arm-none-eabi/lib/thumb2/libcs3unhosted.a(unhosted-start.o)
                0x08013920                _start
 .text          0x08013930        0x2 lib/libcs3-lanchon-stm32.a(lanchon_stm32_isr_interrupt.o)
                0x08013930                MemManageException
                0x08013930                BusFaultException
                0x08013930                DMAChannel7_IRQHandler
                0x08013930                DebugMonitor
                0x08013930                SVCHandler
                0x08013930                HardFaultException
                0x08013930                __STM32ReservedException8
                0x08013930                __STM32DefaultExceptionHandler
                0x08013930                CAN_SCE_IRQHandler
                0x08013930                __STM32ReservedException10
                0x08013930                __STM32ReservedException13
                0x08013930                NMIException
                0x08013930                DMAChannel4_IRQHandler
                0x08013930                PendSVC
                0x08013930                CAN_RX1_IRQHandler
                0x08013930                ADC_IRQHandler
                0x08013930                DMAChannel5_IRQHandler
                0x08013930                DMAChannel2_IRQHandler
                0x08013930                __STM32ReservedException7
                0x08013930                UsageFaultException
                0x08013930                DMAChannel6_IRQHandler
                0x08013930                DMAChannel3_IRQHandler
                0x08013930                __STM32ReservedException9
 *fill*         0x08013932        0x2 00
 .text          0x08013934       0x50 /home/laurence/CodeSourcery/Sourcery_G++_Lite/bin/../lib/gcc/arm-none-eabi/4.5.2/../../../../arm-none-eabi/lib/thumb2/libc.a(lib_a-init.o)
                0x08013934                __libc_init_array
 *(.plt)
 *(.gnu.warning)
 *(.glue_7t)
 .glue_7t       0x00000000        0x0 linker stubs
 *(.glue_7)
 .glue_7        0x00000000        0x0 linker stubs
 *(.vfp11_veneer)
 .vfp11_veneer  0x00000000        0x0 linker stubs
 *(.rodata .rodata.* .gnu.linkonce.r.*)
 .rodata        0x08013984       0xac Util/USB/usb_desc.o
                0x08013984                MASS_DeviceDescriptor
                0x08013998                MASS_ConfigDescriptor
                0x080139b8                MASS_StringLangID
                0x080139bc                MASS_StringVendor
                0x080139f0                MASS_StringProduct
                0x08013a20                MASS_StringInterface
 .rodata        0x08013a30     0x7738 Util/fat_fs/option/cc932.o
 .rodata.str1.4
                0x0801b168       0x13 Util/fat_fs/src/ff.o
                                 0x14 (size before relaxing)
 *fill*         0x0801b17b        0x1 00
 .rodata        0x0801b17c        0xc Util/fat_fs/src/rtc.o
 .rodata        0x0801b188       0x14 Util/rprintf.o
 .rodata.str1.4
                0x0801b19c       0x1a Util/rprintf.o
                                 0x1c (size before relaxing)
 *fill*         0x0801b1b6        0x2 00
 .rodata        0x0801b1b8        0x4 i2c_int.o
                0x0801b1b8                TMP102_setup
 .rodata.str1.4
                0x0801b1bc       0x10 interrupts.o
 .rodata        0x0801b1cc       0x14 lib/CMSIS_CM3/system_stm32f10x.o
                0x0801b1cc                SystemFrequency
                0x0801b1d0                SystemFrequency_SysClk
                0x0801b1d4                SystemFrequency_AHBClk
                0x0801b1d8                SystemFrequency_APB1Clk
                0x0801b1dc                SystemFrequency_APB2Clk
 .rodata.str1.4
                0x0801b1e0       0xc8 main.o
 .rodata.str1.4
                0x0801b2a8       0x16 pwr.o
                                 0x18 (size before relaxing)
 *fill*         0x0801b2be        0x2 00
 .rodata.str1.4
                0x0801b2c0        0x5 /home/laurence/CodeSourcery/Sourcery_G++_Lite/bin/../lib/gcc/arm-none-eabi/4.5.2/../../../../arm-none-eabi/lib/thumb2/libm.a(lib_a-w_sqrt.o)
                                  0x8 (size before relaxing)
 *fill*         0x0801b2c5        0x3 00
 .rodata.str1.4
                0x0801b2c8        0x6 /home/laurence/CodeSourcery/Sourcery_G++_Lite/bin/../lib/gcc/arm-none-eabi/4.5.2/../../../../arm-none-eabi/lib/thumb2/libm.a(lib_a-wf_asin.o)
                                  0xc (size before relaxing)
 *fill*         0x0801b2ce        0x2 00
 .rodata        0x0801b2d0      0x398 /home/laurence/CodeSourcery/Sourcery_G++_Lite/bin/../lib/gcc/arm-none-eabi/4.5.2/../../../../arm-none-eabi/lib/thumb2/libm.a(lib_a-ef_rem_pio2.o)
 .rodata        0x0801b668       0x38 /home/laurence/CodeSourcery/Sourcery_G++_Lite/bin/../lib/gcc/arm-none-eabi/4.5.2/../../../../arm-none-eabi/lib/thumb2/libm.a(lib_a-kf_rem_pio2.o)
 .rodata.str1.4
                0x0801b6a0        0x4 /home/laurence/CodeSourcery/Sourcery_G++_Lite/bin/../lib/gcc/arm-none-eabi/4.5.2/../../../../arm-none-eabi/lib/thumb2/libc.a(lib_a-impure.o)
 *(.ARM.extab* .gnu.linkonce.armextab.*)
 *(.gcc_except_table)
 *(.eh_frame_hdr)
 *(.eh_frame)
                0x0801b6a4                . = ALIGN (0x4)
 *(.init)
 .init          0x0801b6a4        0x4 /home/laurence/CodeSourcery/Sourcery_G++_Lite/bin/../lib/gcc/arm-none-eabi/4.5.2/thumb2/crti.o
                0x0801b6a4                _init
 .init          0x0801b6a8        0x8 /home/laurence/CodeSourcery/Sourcery_G++_Lite/bin/../lib/gcc/arm-none-eabi/4.5.2/thumb2/crtn.o
                0x0801b6b0                . = ALIGN (0x4)
                0x0801b6b0                __preinit_array_start = .
 *(.preinit_array)
                0x0801b6b0                __preinit_array_end = .
                0x0801b6b0                . = ALIGN (0x4)
                0x0801b6b0                __init_array_start = .
 *(SORT(.init_array.*))
 *(.init_array)
 .init_array    0x0801b6b0        0x4 /home/laurence/CodeSourcery/Sourcery_G++_Lite/bin/../lib/gcc/arm-none-eabi/4.5.2/thumb2/crtbegin.o
                0x0801b6b4                __init_array_end = .
                0x0801b6b4                . = ALIGN (0x4)
 *crtbegin.o(.ctors)
 *(EXCLUDE_FILE(*crtend.o) .ctors)
 *(SORT(.ctors.*))
 *crtend.o(.ctors)
                0x0801b6b4                . = ALIGN (0x4)
 *(.fini)
 .fini          0x0801b6b4        0x4 /home/laurence/CodeSourcery/Sourcery_G++_Lite/bin/../lib/gcc/arm-none-eabi/4.5.2/thumb2/crti.o
                0x0801b6b4                _fini
 .fini          0x0801b6b8        0x8 /home/laurence/CodeSourcery/Sourcery_G++_Lite/bin/../lib/gcc/arm-none-eabi/4.5.2/thumb2/crtn.o
                0x0801b6c0                . = ALIGN (0x4)
                0x0801b6c0                __fini_array_start = .
 *(.fini_array)
 .fini_array    0x0801b6c0        0x4 /home/laurence/CodeSourcery/Sourcery_G++_Lite/bin/../lib/gcc/arm-none-eabi/4.5.2/thumb2/crtbegin.o
 *(SORT(.fini_array.*))
                0x0801b6c4                __fini_array_end = .
 *crtbegin.o(.dtors)
 *(EXCLUDE_FILE(*crtend.o) .dtors)
 *(SORT(.dtors.*))
 *crtend.o(.dtors)
                0x0801b6c4                . = ALIGN (0x4)
                0x0801b6c4                __cs3_regions = .
                0x0801b6c4        0x4 LONG 0x0
                0x0801b6c8        0x4 LONG 0x801b6d8 __cs3_region_init_ram
                0x0801b6cc        0x4 LONG 0x20000000 __cs3_region_start_ram
                0x0801b6d0        0x4 LONG 0x698 __cs3_region_init_size_ram
                0x0801b6d4        0x4 LONG 0x858 __cs3_region_zero_size_ram
                0x0801b6d8                __exidx_start = .

.v4_bx          0x0801b6d8        0x0
 .v4_bx         0x00000000        0x0 linker stubs

.ARM.exidx
 *(.ARM.exidx* .gnu.linkonce.armexidx.*)
                0x0801b6d8                __exidx_end = .

.text.align     0x0801b6d8        0x0
                0x0801b6d8                . = ALIGN (0x8)
                0x0801b6d8                _etext = .
                0x08020000                __cs3_region_end_rom = (__cs3_region_start_rom + 0x20000)
                0x00020000                __cs3_region_size_rom = 0x20000
                0x00000001                __cs3_region_num = 0x1

.data           0x20000000      0x698 load address 0x0801b6d8
                0x20000000                __cs3_region_start_ram = .
 *(.cs3.region-head.ram)
 *(.jcr)
 .jcr           0x20000000        0x0 /home/laurence/CodeSourcery/Sourcery_G++_Lite/bin/../lib/gcc/arm-none-eabi/4.5.2/thumb2/crtbegin.o
 .jcr           0x20000000        0x4 /home/laurence/CodeSourcery/Sourcery_G++_Lite/bin/../lib/gcc/arm-none-eabi/4.5.2/thumb2/crtend.o
 *(.got.plt)
 *(.got)
 *(.shdata)
 *(.data .data.* .gnu.linkonce.d.*)
 .data          0x20000004       0x74 Util/USB/scsi_data.o
                0x20000004                Standard_Inquiry_Data
                0x20000028                Standard_Inquiry_Data2
                0x2000004c                Mode_Sense6_data
                0x20000050                Mode_Sense10_data
                0x20000058                Scsi_Sense_Data
                0x2000006c                ReadFormatCapacity_Data
 .data          0x20000078       0x1c Util/USB/usb_desc.o
                0x20000078                MASS_StringSerial
 .data          0x20000094       0x38 Util/USB/usb_istr.o
                0x20000094                pEpInt_IN
                0x200000b0                pEpInt_OUT
 .data          0x200000cc       0x90 Util/USB/usb_prop.o
                0x200000cc                String_Descriptor
                0x200000f4                Config_Descriptor
                0x200000fc                Device_Descriptor
                0x20000104                Device_Property
                0x20000134                Device_Table
                0x20000138                User_Standard_Requests
 .data          0x2000015c        0x1 Util/USB/usb_pwr.o
                0x2000015c                fSuspendEnabled
 .data          0x2000015d        0x1 Util/fat_fs/src/sd_spi_stm32.o
 *fill*         0x2000015e        0x2 00
 .data          0x20000160       0x10 i2c_int.o
                0x20000160                I2C_jobs
 .data          0x20000170       0x14 lib/STM32F10x_StdPeriph_Driver/libstm32fw.a(stm32f10x_rcc.o)
 .data          0x20000184        0x1 /home/laurence/CodeSourcery/Sourcery_G++_Lite/bin/../lib/gcc/arm-none-eabi/4.5.2/../../../../arm-none-eabi/lib/thumb2/libm.a(lib_a-s_lib_ver.o)
                0x20000184                __fdlib_version
 *fill*         0x20000185        0x3 00
 .data          0x20000188       0xf4 /home/laurence/CodeSourcery/Sourcery_G++_Lite/bin/../lib/gcc/arm-none-eabi/4.5.2/../../../../arm-none-eabi/lib/thumb2/libc.a(lib_a-impure.o)
                0x20000188                _impure_ptr
 .data          0x2000027c      0x410 /home/laurence/CodeSourcery/Sourcery_G++_Lite/bin/../lib/gcc/arm-none-eabi/4.5.2/../../../../arm-none-eabi/lib/thumb2/libc.a(lib_a-mallocr.o)
                0x2000027c                __malloc_av_
                0x20000684                __malloc_sbrk_base
                0x20000688                __malloc_trim_threshold
 .data          0x2000068c        0x4 /home/laurence/CodeSourcery/Sourcery_G++_Lite/bin/../lib/gcc/arm-none-eabi/4.5.2/../../../../arm-none-eabi/lib/thumb2/libcs3unhosted.a(unhosted-sbrk.o)
 .data          0x20000690        0x4 /home/laurence/CodeSourcery/Sourcery_G++_Lite/bin/../lib/gcc/arm-none-eabi/4.5.2/../../../../arm-none-eabi/lib/thumb2/libcs3.a(heap.o)
                0x20000690                __cs3_heap_limit
 *(.ram)
                0x20000698                . = ALIGN (0x8)
 *fill*         0x20000694        0x4 00
                0x20000698                _edata = .

.bss            0x20000698      0x858 load address 0x0801bd70
 *(.shbss)
 *(.bss .bss.* .gnu.linkonce.b.*)
 .bss           0x20000698        0x1 /home/laurence/CodeSourcery/Sourcery_G++_Lite/bin/../lib/gcc/arm-none-eabi/4.5.2/thumb2/crtbegin.o
 *fill*         0x20000699        0x3 00
 .bss           0x2000069c       0x18 Sensors/ppg.o
 .bss           0x200006b4       0x34 Sensors/pressure.o
 .bss           0x200006e8        0x4 Util/USB/mass_mal.o
                0x200006e8                Status
 .bss           0x200006ec       0x1c Util/USB/memory.o
                0x200006ec                TransferState
                0x200006f8                Block_Read_count
                0x200006fc                Counter
 .bss           0x20000708       0x10 Util/USB/scsi_data.o
                0x20000708                Page00_Inquiry_Data
                0x20000710                ReadCapacity10_Data
 .bss           0x20000718        0x1 Util/USB/usb_istr.o
                0x20000718                bIntPackSOF
 *fill*         0x20000719        0x3 00
 .bss           0x2000071c        0x4 Util/USB/usb_prop.o
                0x2000071c                Max_Lun
 .bss           0x20000720        0x4 Util/USB/usb_pwr.o
                0x20000720                bDeviceState
 .bss           0x20000724        0x8 Util/fat_fs/src/ff.o
 .bss           0x2000072c       0x10 Util/fat_fs/src/sd_spi_stm32.o
 .bss           0x2000073c       0x84 Util/rprintf.o
 .bss           0x200007c0        0x3 i2c_int.o
 *fill*         0x200007c3        0x1 00
 .bss           0x200007c4       0x14 interrupts.o
 .bss           0x200007d8      0x234 main.o
                0x20000a08                file_opened
 .bss           0x20000a0c        0x1 lib/STM32_USB-FS-Device_Driver/libstm32usb.a(usb_core.o)
                0x20000a0c                Data_Mul_MaxPacketSize
 *fill*         0x20000a0d        0x3 00
 .bss           0x20000a10       0x34 /home/laurence/CodeSourcery/Sourcery_G++_Lite/bin/../lib/gcc/arm-none-eabi/4.5.2/../../../../arm-none-eabi/lib/thumb2/libc.a(lib_a-mallocr.o)
                0x20000a10                __malloc_top_pad
                0x20000a14                __malloc_current_mallinfo
                0x20000a3c                __malloc_max_sbrked_mem
                0x20000a40                __malloc_max_total_mem
 *(COMMON)
 COMMON         0x20000a44        0xc Sensors/ppg.o
                0x20000a44                Last_PPG_Values
 COMMON         0x20000a50        0x4 Sensors/pressure.o
                0x20000a50                pressure_offset
 COMMON         0x20000a54        0x2 Sensors/temperature.o
                0x20000a54                TMP102_Data_Buffer
 *fill*         0x20000a56        0x2 00
 COMMON         0x20000a58       0x1c Util/USB/mass_mal.o
                0x20000a58                Mass_Memory_Size
                0x20000a60                Mass_Block_Size
                0x20000a68                Mass_Block_Count
                0x20000a70                Data_Buffer
 COMMON         0x20000a74        0x8 Util/USB/memory.o
                0x20000a74                Block_offset
                0x20000a78                Idx
 COMMON         0x20000a7c       0x7c Util/USB/usb_bot.o
                0x20000a7c                CBW
                0x20000a9c                Data_Len
                0x20000a9e                Bot_State
                0x20000aa0                SCSI_LBA
                0x20000aa4                CSW
                0x20000ab4                SCSI_BlkLen
                0x20000ab8                Bulk_Data_Buff
 COMMON         0x20000af8        0x2 Util/USB/usb_istr.o
                0x20000af8                wIstr
 *fill*         0x20000afa        0x2 00
 COMMON         0x20000afc        0x2 Util/USB/usb_pwr.o
                0x20000afc                ResumeS
 *fill*         0x20000afe        0x2 00
 COMMON         0x20000b00        0x4 adc.o
                0x20000b00                ADC1_Convertion_buff
 COMMON         0x20000b04        0x1 gpio.o
                0x20000b04                bootsource
 *fill*         0x20000b05        0x3 00
 COMMON         0x20000b08        0xd i2c_int.o
                0x20000b08                I2C1error
                0x20000b0c                Jobs
                0x20000b10                Completed_Jobs
                0x20000b14                job
 COMMON         0x20000b15        0x1 interrupts.o
                0x20000b15                Button_hold_tim
 *fill*         0x20000b16        0x2 00
 COMMON         0x20000b18      0x398 main.o
                0x20000b18                Pressure_control
                0x20000b1c                Temperatures_Buffer
                0x20000b28                pressure_setpoint
                0x20000b2c                f_err_code
                0x20000b30                Device_Temperature
                0x20000b34                Buff
                0x20000b4c                System_state_Global
                0x20000b50                Millis
                0x20000b54                Sensors
                0x20000b58                FATFS_info
                0x20000b78                Pressures_Buffer
                0x20000b84                print_string
                0x20000c84                a
                0x20000c88                reported_pressure
                0x20000c8c                FATFS_logfile
 COMMON         0x20000eb0        0x2 lib/STM32_USB-FS-Device_Driver/libstm32usb.a(usb_core.o)
                0x20000eb0                StatusInfo
 *fill*         0x20000eb2        0x2 00
 COMMON         0x20000eb4       0x32 lib/STM32_USB-FS-Device_Driver/libstm32usb.a(usb_init.o)
                0x20000eb4                SaveState
                0x20000eb8                pProperty
                0x20000ebc                EPindex
                0x20000ec0                Device_Info
                0x20000edc                pUser_Standard_Requests
                0x20000ee0                pInformation
                0x20000ee4                wInterrupt_Mask
 COMMON         0x20000ee6        0x4 lib/STM32_USB-FS-Device_Driver/libstm32usb.a(usb_int.o)
                0x20000ee6                SaveRState
                0x20000ee8                SaveTState
 *fill*         0x20000eea        0x2 00
 COMMON         0x20000eec        0x4 /home/laurence/CodeSourcery/Sourcery_G++_Lite/bin/../lib/gcc/arm-none-eabi/4.5.2/../../../../arm-none-eabi/lib/thumb2/libc.a(lib_a-reent.o)
                0x20000eec                errno
 *(.ram.b)
                0x20000ef0                . = ALIGN (0x8)
                0x20000ef0                _end = .
                0x20000ef0                __end = .
                0x20005000                __cs3_region_end_ram = (__cs3_region_start_ram + 0x5000)
                0x00005000                __cs3_region_size_ram = 0x5000
                0x0801b6d8                __cs3_region_init_ram = LOADADDR (.data)
                0x00000698                __cs3_region_init_size_ram = (_edata - ADDR (.data))
                0x00000858                __cs3_region_zero_size_ram = (_end - _edata)
                0x00000001                __cs3_region_num = 0x1

.stab
 *(.stab)

.stabstr
 *(.stabstr)

.debug
 *(.debug)

.line
 *(.line)

.debug_srcinfo
 *(.debug_srcinfo)

.debug_sfnames
 *(.debug_sfnames)

.comment        0x00000000       0x2a
 .comment       0x00000000       0x2a Sensors/ppg.o
                                 0x2b (size before relaxing)
 .comment       0x00000000       0x2b Sensors/pressure.o
 .comment       0x00000000       0x2b Sensors/temperature.o
 .comment       0x00000000       0x2b Util/USB/hw_config.o
 .comment       0x00000000       0x2b Util/USB/mass_mal.o
 .comment       0x00000000       0x2b Util/USB/memory.o
 .comment       0x00000000       0x2b Util/USB/scsi_data.o
 .comment       0x00000000       0x2b Util/USB/usb_bot.o
 .comment       0x00000000       0x2b Util/USB/usb_desc.o
 .comment       0x00000000       0x2b Util/USB/usb_endp.o
 .comment       0x00000000       0x2b Util/USB/usb_istr.o
 .comment       0x00000000       0x2b Util/USB/usb_prop.o
 .comment       0x00000000       0x2b Util/USB/usb_pwr.o
 .comment       0x00000000       0x2b Util/USB/usb_scsi.o
 .comment       0x00000000       0x2b Util/buffer.o
 .comment       0x00000000       0x2b Util/delay.o
 .comment       0x00000000       0x2b Util/fat_fs/option/cc932.o
 .comment       0x00000000       0x2b Util/fat_fs/option/syscall.o
 .comment       0x00000000       0x2b Util/fat_fs/src/fattime.o
 .comment       0x00000000       0x2b Util/fat_fs/src/ff.o
 .comment       0x00000000       0x2b Util/fat_fs/src/rtc.o
 .comment       0x00000000       0x2b Util/fat_fs/src/sd_spi_stm32.o
 .comment       0x00000000       0x2b Util/rprintf.o
 .comment       0x00000000       0x2b Util/stm32_eval_spi_sd.o
 .comment       0x00000000       0x2b adc.o
 .comment       0x00000000       0x2b gpio.o
 .comment       0x00000000       0x2b i2c_int.o
 .comment       0x00000000       0x2b interrupts.o
 .comment       0x00000000       0x2b lib/CMSIS_CM3/core_cm3.o
 .comment       0x00000000       0x2b lib/CMSIS_CM3/system_stm32f10x.o
 .comment       0x00000000       0x2b main.o
 .comment       0x00000000       0x2b pwr.o
 .comment       0x00000000       0x2b timer.o
 .comment       0x00000000       0x2b usart.o
 .comment       0x00000000       0x2b lib/STM32F10x_StdPeriph_Driver/libstm32fw.a(misc.o)
 .comment       0x00000000       0x2b lib/STM32F10x_StdPeriph_Driver/libstm32fw.a(stm32f10x_adc.o)
 .comment       0x00000000       0x2b lib/STM32F10x_StdPeriph_Driver/libstm32fw.a(stm32f10x_bkp.o)
 .comment       0x00000000       0x2b lib/STM32F10x_StdPeriph_Driver/libstm32fw.a(stm32f10x_dma.o)
 .comment       0x00000000       0x2b lib/STM32F10x_StdPeriph_Driver/libstm32fw.a(stm32f10x_exti.o)
 .comment       0x00000000       0x2b lib/STM32F10x_StdPeriph_Driver/libstm32fw.a(stm32f10x_gpio.o)
 .comment       0x00000000       0x2b lib/STM32F10x_StdPeriph_Driver/libstm32fw.a(stm32f10x_i2c.o)
 .comment       0x00000000       0x2b lib/STM32F10x_StdPeriph_Driver/libstm32fw.a(stm32f10x_pwr.o)
 .comment       0x00000000       0x2b lib/STM32F10x_StdPeriph_Driver/libstm32fw.a(stm32f10x_rcc.o)
 .comment       0x00000000       0x2b lib/STM32F10x_StdPeriph_Driver/libstm32fw.a(stm32f10x_rtc.o)
 .comment       0x00000000       0x2b lib/STM32F10x_StdPeriph_Driver/libstm32fw.a(stm32f10x_spi.o)
 .comment       0x00000000       0x2b lib/STM32F10x_StdPeriph_Driver/libstm32fw.a(stm32f10x_tim.o)
 .comment       0x00000000       0x2b lib/STM32F10x_StdPeriph_Driver/libstm32fw.a(stm32f10x_usart.o)
 .comment       0x00000000       0x2b lib/STM32_USB-FS-Device_Driver/libstm32usb.a(usb_core.o)
 .comment       0x00000000       0x2b lib/STM32_USB-FS-Device_Driver/libstm32usb.a(usb_init.o)
 .comment       0x00000000       0x2b lib/STM32_USB-FS-Device_Driver/libstm32usb.a(usb_int.o)
 .comment       0x00000000       0x2b lib/STM32_USB-FS-Device_Driver/libstm32usb.a(usb_mem.o)
 .comment       0x00000000       0x2b lib/STM32_USB-FS-Device_Driver/libstm32usb.a(usb_regs.o)
 .comment       0x00000000       0x2b lib/STM32_USB-FS-Device_Driver/libstm32usb.a(usb_sil.o)

.debug_aranges  0x00000000      0x408
 *(.debug_aranges)
 .debug_aranges
                0x00000000       0x20 Sensors/ppg.o
 .debug_aranges
                0x00000020       0x20 Sensors/pressure.o
 .debug_aranges
                0x00000040       0x20 Sensors/temperature.o
 .debug_aranges
                0x00000060       0x20 Util/USB/hw_config.o
 .debug_aranges
                0x00000080       0x20 Util/USB/mass_mal.o
 .debug_aranges
                0x000000a0       0x20 Util/USB/memory.o
 .debug_aranges
                0x000000c0       0x20 Util/USB/usb_bot.o
 .debug_aranges
                0x000000e0       0x20 Util/USB/usb_endp.o
 .debug_aranges
                0x00000100       0x20 Util/USB/usb_istr.o
 .debug_aranges
                0x00000120       0x20 Util/USB/usb_prop.o
 .debug_aranges
                0x00000140       0x20 Util/USB/usb_pwr.o
 .debug_aranges
                0x00000160       0x20 Util/USB/usb_scsi.o
 .debug_aranges
                0x00000180       0x20 Util/buffer.o
 .debug_aranges
                0x000001a0       0x20 Util/delay.o
 .debug_aranges
                0x000001c0       0x20 Util/fat_fs/option/cc932.o
 .debug_aranges
                0x000001e0       0x20 Util/fat_fs/src/fattime.o
 .debug_aranges
                0x00000200       0x20 Util/fat_fs/src/ff.o
 .debug_aranges
                0x00000220       0x20 Util/fat_fs/src/rtc.o
 .debug_aranges
                0x00000240       0x20 Util/fat_fs/src/sd_spi_stm32.o
 .debug_aranges
                0x00000260       0x20 Util/rprintf.o
 .debug_aranges
                0x00000280       0x20 Util/stm32_eval_spi_sd.o
 .debug_aranges
                0x000002a0       0x20 adc.o
 .debug_aranges
                0x000002c0       0x20 gpio.o
 .debug_aranges
                0x000002e0       0x20 i2c_int.o
 .debug_aranges
                0x00000300       0x20 interrupts.o
 .debug_aranges
                0x00000320       0x20 lib/CMSIS_CM3/core_cm3.o
 .debug_aranges
                0x00000340       0x28 lib/CMSIS_CM3/startup/gcc/startup_stm32f10x_md.o
 .debug_aranges
                0x00000368       0x20 lib/CMSIS_CM3/system_stm32f10x.o
 .debug_aranges
                0x00000388       0x20 main.o
 .debug_aranges
                0x000003a8       0x20 pwr.o
 .debug_aranges
                0x000003c8       0x20 timer.o
 .debug_aranges
                0x000003e8       0x20 usart.o

.debug_pubnames
                0x00000000     0x16ad
 *(.debug_pubnames)
 .debug_pubnames
                0x00000000       0x87 Sensors/ppg.o
 .debug_pubnames
                0x00000087       0x6a Sensors/pressure.o
 .debug_pubnames
                0x000000f1       0x56 Sensors/temperature.o
 .debug_pubnames
                0x00000147      0x113 Util/USB/hw_config.o
 .debug_pubnames
                0x0000025a       0xa5 Util/USB/mass_mal.o
 .debug_pubnames
                0x000002ff       0x7f Util/USB/memory.o
 .debug_pubnames
                0x0000037e       0xd2 Util/USB/scsi_data.o
 .debug_pubnames
                0x00000450       0xd9 Util/USB/usb_bot.o
 .debug_pubnames
                0x00000529       0xb8 Util/USB/usb_desc.o
 .debug_pubnames
                0x000005e1       0x3b Util/USB/usb_endp.o
 .debug_pubnames
                0x0000061c       0x56 Util/USB/usb_istr.o
 .debug_pubnames
                0x00000672      0x1f6 Util/USB/usb_prop.o
 .debug_pubnames
                0x00000868       0x83 Util/USB/usb_pwr.o
 .debug_pubnames
                0x000008eb      0x195 Util/USB/usb_scsi.o
 .debug_pubnames
                0x00000a80       0x48 Util/buffer.o
 .debug_pubnames
                0x00000ac8       0x1c Util/delay.o
 .debug_pubnames
                0x00000ae4       0x31 Util/fat_fs/option/cc932.o
 .debug_pubnames
                0x00000b15       0x22 Util/fat_fs/src/fattime.o
 .debug_pubnames
                0x00000b37      0x14a Util/fat_fs/src/ff.o
 .debug_pubnames
                0x00000c81       0x55 Util/fat_fs/src/rtc.o
 .debug_pubnames
                0x00000cd6       0x75 Util/fat_fs/src/sd_spi_stm32.o
 .debug_pubnames
                0x00000d4b       0xf9 Util/rprintf.o
 .debug_pubnames
                0x00000e44      0x167 Util/stm32_eval_spi_sd.o
 .debug_pubnames
                0x00000fab       0x66 adc.o
 .debug_pubnames
                0x00001011       0x72 gpio.o
 .debug_pubnames
                0x00001083       0xc7 i2c_int.o
 .debug_pubnames
                0x0000114a      0x108 interrupts.o
 .debug_pubnames
                0x00001252      0x159 lib/CMSIS_CM3/core_cm3.o
 .debug_pubnames
                0x000013ab       0xa3 lib/CMSIS_CM3/system_stm32f10x.o
 .debug_pubnames
                0x0000144e      0x16c main.o
 .debug_pubnames
                0x000015ba       0x54 pwr.o
 .debug_pubnames
                0x0000160e       0x3b timer.o
 .debug_pubnames
                0x00001649       0x64 usart.o

.debug_info     0x00000000     0xf0cc
 *(.debug_info .gnu.linkonce.wi.*)
 .debug_info    0x00000000      0x636 Sensors/ppg.o
 .debug_info    0x00000636      0x1e1 Sensors/pressure.o
 .debug_info    0x00000817      0x115 Sensors/temperature.o
 .debug_info    0x0000092c      0x731 Util/USB/hw_config.o
 .debug_info    0x0000105d      0x302 Util/USB/mass_mal.o
 .debug_info    0x0000135f      0x333 Util/USB/memory.o
 .debug_info    0x00001692      0x16b Util/USB/scsi_data.o
 .debug_info    0x000017fd      0x49d Util/USB/usb_bot.o
 .debug_info    0x00001c9a      0x187 Util/USB/usb_desc.o
 .debug_info    0x00001e21       0x98 Util/USB/usb_endp.o
 .debug_info    0x00001eb9      0x311 Util/USB/usb_istr.o
 .debug_info    0x000021ca      0x9b4 Util/USB/usb_prop.o
 .debug_info    0x00002b7e      0x3c3 Util/USB/usb_pwr.o
 .debug_info    0x00002f41      0x899 Util/USB/usb_scsi.o
 .debug_info    0x000037da      0x194 Util/buffer.o
 .debug_info    0x0000396e       0xc8 Util/delay.o
 .debug_info    0x00003a36      0x1b9 Util/fat_fs/option/cc932.o
 .debug_info    0x00003bef       0x77 Util/fat_fs/option/syscall.o
 .debug_info    0x00003c66      0x15a Util/fat_fs/src/fattime.o
 .debug_info    0x00003dc0     0x325b Util/fat_fs/src/ff.o
 .debug_info    0x0000701b      0x532 Util/fat_fs/src/rtc.o
 .debug_info    0x0000754d     0x183f Util/fat_fs/src/sd_spi_stm32.o
 .debug_info    0x00008d8c      0xe1f Util/rprintf.o
 .debug_info    0x00009bab     0x1a18 Util/stm32_eval_spi_sd.o
 .debug_info    0x0000b5c3      0x448 adc.o
 .debug_info    0x0000ba0b      0x2a3 gpio.o
 .debug_info    0x0000bcae      0x6b9 i2c_int.o
 .debug_info    0x0000c367      0xe8e interrupts.o
 .debug_info    0x0000d1f5      0x547 lib/CMSIS_CM3/core_cm3.o
 .debug_info    0x0000d73c       0x79 lib/CMSIS_CM3/startup/gcc/startup_stm32f10x_md.o
 .debug_info    0x0000d7b5      0x2d0 lib/CMSIS_CM3/system_stm32f10x.o
 .debug_info    0x0000da85      0x979 main.o
 .debug_info    0x0000e3fe      0x346 pwr.o
 .debug_info    0x0000e744      0x53f timer.o
 .debug_info    0x0000ec83      0x449 usart.o

.debug_abbrev   0x00000000     0x318d
 *(.debug_abbrev)
 .debug_abbrev  0x00000000      0x1af Sensors/ppg.o
 .debug_abbrev  0x000001af      0x111 Sensors/pressure.o
 .debug_abbrev  0x000002c0       0x8b Sensors/temperature.o
 .debug_abbrev  0x0000034b      0x2d3 Util/USB/hw_config.o
 .debug_abbrev  0x0000061e      0x111 Util/USB/mass_mal.o
 .debug_abbrev  0x0000072f      0x110 Util/USB/memory.o
 .debug_abbrev  0x0000083f       0x5c Util/USB/scsi_data.o
 .debug_abbrev  0x0000089b      0x198 Util/USB/usb_bot.o
 .debug_abbrev  0x00000a33       0x63 Util/USB/usb_desc.o
 .debug_abbrev  0x00000a96       0x41 Util/USB/usb_endp.o
 .debug_abbrev  0x00000ad7      0x113 Util/USB/usb_istr.o
 .debug_abbrev  0x00000bea      0x1d0 Util/USB/usb_prop.o
 .debug_abbrev  0x00000dba      0x1bd Util/USB/usb_pwr.o
 .debug_abbrev  0x00000f77      0x253 Util/USB/usb_scsi.o
 .debug_abbrev  0x000011ca       0xc1 Util/buffer.o
 .debug_abbrev  0x0000128b       0x7e Util/delay.o
 .debug_abbrev  0x00001309       0xd2 Util/fat_fs/option/cc932.o
 .debug_abbrev  0x000013db       0x2c Util/fat_fs/option/syscall.o
 .debug_abbrev  0x00001407       0x97 Util/fat_fs/src/fattime.o
 .debug_abbrev  0x0000149e      0x2f7 Util/fat_fs/src/ff.o
 .debug_abbrev  0x00001795      0x213 Util/fat_fs/src/rtc.o
 .debug_abbrev  0x000019a8      0x34b Util/fat_fs/src/sd_spi_stm32.o
 .debug_abbrev  0x00001cf3      0x2e4 Util/rprintf.o
 .debug_abbrev  0x00001fd7      0x2e8 Util/stm32_eval_spi_sd.o
 .debug_abbrev  0x000022bf      0x143 adc.o
 .debug_abbrev  0x00002402      0x158 gpio.o
 .debug_abbrev  0x0000255a      0x1f5 i2c_int.o
 .debug_abbrev  0x0000274f      0x274 interrupts.o
 .debug_abbrev  0x000029c3       0xc1 lib/CMSIS_CM3/core_cm3.o
 .debug_abbrev  0x00002a84       0x12 lib/CMSIS_CM3/startup/gcc/startup_stm32f10x_md.o
 .debug_abbrev  0x00002a96      0x112 lib/CMSIS_CM3/system_stm32f10x.o
 .debug_abbrev  0x00002ba8      0x23a main.o
 .debug_abbrev  0x00002de2      0x10c pwr.o
 .debug_abbrev  0x00002eee      0x119 timer.o
 .debug_abbrev  0x00003007      0x186 usart.o

.debug_line     0x00000000     0xbf1a
 *(.debug_line)
 .debug_line    0x00000000      0x6cd Sensors/ppg.o
 .debug_line    0x000006cd      0x320 Sensors/pressure.o
 .debug_line    0x000009ed      0x4ec Sensors/temperature.o
 .debug_line    0x00000ed9      0x5e6 Util/USB/hw_config.o
 .debug_line    0x000014bf      0x558 Util/USB/mass_mal.o
 .debug_line    0x00001a17      0x454 Util/USB/memory.o
 .debug_line    0x00001e6b      0x323 Util/USB/scsi_data.o
 .debug_line    0x0000218e      0x546 Util/USB/usb_bot.o
 .debug_line    0x000026d4      0x2d7 Util/USB/usb_desc.o
 .debug_line    0x000029ab      0x3a4 Util/USB/usb_endp.o
 .debug_line    0x00002d4f      0x3df Util/USB/usb_istr.o
 .debug_line    0x0000312e      0x493 Util/USB/usb_prop.o
 .debug_line    0x000035c1      0x43c Util/USB/usb_pwr.o
 .debug_line    0x000039fd      0x63d Util/USB/usb_scsi.o
 .debug_line    0x0000403a      0x4a4 Util/buffer.o
 .debug_line    0x000044de      0x2e7 Util/delay.o
 .debug_line    0x000047c5       0xd8 Util/fat_fs/option/cc932.o
 .debug_line    0x0000489d      0x2fc Util/fat_fs/option/syscall.o
 .debug_line    0x00004b99      0x179 Util/fat_fs/src/fattime.o
 .debug_line    0x00004d12     0x1c86 Util/fat_fs/src/ff.o
 .debug_line    0x00006998      0x469 Util/fat_fs/src/rtc.o
 .debug_line    0x00006e01      0x830 Util/fat_fs/src/sd_spi_stm32.o
 .debug_line    0x00007631      0xce7 Util/rprintf.o
 .debug_line    0x00008318      0x98f Util/stm32_eval_spi_sd.o
 .debug_line    0x00008ca7      0x6e6 adc.o
 .debug_line    0x0000938d      0x409 gpio.o
 .debug_line    0x00009796      0x6a5 i2c_int.o
 .debug_line    0x00009e3b      0x788 interrupts.o
 .debug_line    0x0000a5c3      0x198 lib/CMSIS_CM3/core_cm3.o
 .debug_line    0x0000a75b       0x84 lib/CMSIS_CM3/startup/gcc/startup_stm32f10x_md.o
 .debug_line    0x0000a7df      0x320 lib/CMSIS_CM3/system_stm32f10x.o
 .debug_line    0x0000aaff      0x7df main.o
 .debug_line    0x0000b2de      0x37d pwr.o
 .debug_line    0x0000b65b      0x346 timer.o
 .debug_line    0x0000b9a1      0x579 usart.o

.debug_frame    0x00000000     0x1f30
 *(.debug_frame)
 .debug_frame   0x00000000       0x94 Sensors/ppg.o
 .debug_frame   0x00000094       0x8c Sensors/pressure.o
 .debug_frame   0x00000120       0x40 Sensors/temperature.o
 .debug_frame   0x00000160       0xec Util/USB/hw_config.o
 .debug_frame   0x0000024c       0x80 Util/USB/mass_mal.o
 .debug_frame   0x000002cc       0x50 Util/USB/memory.o
 .debug_frame   0x0000031c       0xc0 Util/USB/usb_bot.o
 .debug_frame   0x000003dc       0x30 Util/USB/usb_endp.o
 .debug_frame   0x0000040c       0x2c Util/USB/usb_istr.o
 .debug_frame   0x00000438      0x11c Util/USB/usb_prop.o
 .debug_frame   0x00000554       0x94 Util/USB/usb_pwr.o
 .debug_frame   0x000005e8      0x180 Util/USB/usb_scsi.o
 .debug_frame   0x00000768       0x64 Util/buffer.o
 .debug_frame   0x000007cc       0x24 Util/delay.o
 .debug_frame   0x000007f0       0x3c Util/fat_fs/option/cc932.o
 .debug_frame   0x0000082c       0x2c Util/fat_fs/src/fattime.o
 .debug_frame   0x00000858      0x564 Util/fat_fs/src/ff.o
 .debug_frame   0x00000dbc       0x84 Util/fat_fs/src/rtc.o
 .debug_frame   0x00000e40      0x12c Util/fat_fs/src/sd_spi_stm32.o
 .debug_frame   0x00000f6c      0x1d4 Util/rprintf.o
 .debug_frame   0x00001140      0x25c Util/stm32_eval_spi_sd.o
 .debug_frame   0x0000139c       0x78 adc.o
 .debug_frame   0x00001414       0x78 gpio.o
 .debug_frame   0x0000148c       0xa0 i2c_int.o
 .debug_frame   0x0000152c      0x114 interrupts.o
 .debug_frame   0x00001640      0x170 lib/CMSIS_CM3/core_cm3.o
 .debug_frame   0x000017b0       0x24 lib/CMSIS_CM3/system_stm32f10x.o
 .debug_frame   0x000017d4       0x90 main.o
 .debug_frame   0x00001864       0x70 pwr.o
 .debug_frame   0x000018d4       0x68 timer.o
 .debug_frame   0x0000193c       0x78 usart.o
 .debug_frame   0x000019b4       0x2c /home/laurence/CodeSourcery/Sourcery_G++_Lite/bin/../lib/gcc/arm-none-eabi/4.5.2/../../../../arm-none-eabi/lib/thumb2/libm.a(lib_a-sf_sin.o)
 .debug_frame   0x000019e0       0x38 /home/laurence/CodeSourcery/Sourcery_G++_Lite/bin/../lib/gcc/arm-none-eabi/4.5.2/../../../../arm-none-eabi/lib/thumb2/libm.a(lib_a-w_sqrt.o)
 .debug_frame   0x00001a18       0x30 /home/laurence/CodeSourcery/Sourcery_G++_Lite/bin/../lib/gcc/arm-none-eabi/4.5.2/../../../../arm-none-eabi/lib/thumb2/libm.a(lib_a-wf_asin.o)
 .debug_frame   0x00001a48       0x34 /home/laurence/CodeSourcery/Sourcery_G++_Lite/bin/../lib/gcc/arm-none-eabi/4.5.2/../../../../arm-none-eabi/lib/thumb2/libm.a(lib_a-e_sqrt.o)
 .debug_frame   0x00001a7c       0x34 /home/laurence/CodeSourcery/Sourcery_G++_Lite/bin/../lib/gcc/arm-none-eabi/4.5.2/../../../../arm-none-eabi/lib/thumb2/libm.a(lib_a-ef_asin.o)
 .debug_frame   0x00001ab0       0x3c /home/laurence/CodeSourcery/Sourcery_G++_Lite/bin/../lib/gcc/arm-none-eabi/4.5.2/../../../../arm-none-eabi/lib/thumb2/libm.a(lib_a-ef_rem_pio2.o)
 .debug_frame   0x00001aec       0x2c /home/laurence/CodeSourcery/Sourcery_G++_Lite/bin/../lib/gcc/arm-none-eabi/4.5.2/../../../../arm-none-eabi/lib/thumb2/libm.a(lib_a-ef_sqrt.o)
 .debug_frame   0x00001b18       0x34 /home/laurence/CodeSourcery/Sourcery_G++_Lite/bin/../lib/gcc/arm-none-eabi/4.5.2/../../../../arm-none-eabi/lib/thumb2/libm.a(lib_a-kf_cos.o)
 .debug_frame   0x00001b4c       0x3c /home/laurence/CodeSourcery/Sourcery_G++_Lite/bin/../lib/gcc/arm-none-eabi/4.5.2/../../../../arm-none-eabi/lib/thumb2/libm.a(lib_a-kf_rem_pio2.o)
 .debug_frame   0x00001b88       0x34 /home/laurence/CodeSourcery/Sourcery_G++_Lite/bin/../lib/gcc/arm-none-eabi/4.5.2/../../../../arm-none-eabi/lib/thumb2/libm.a(lib_a-kf_sin.o)
 .debug_frame   0x00001bbc       0x28 /home/laurence/CodeSourcery/Sourcery_G++_Lite/bin/../lib/gcc/arm-none-eabi/4.5.2/../../../../arm-none-eabi/lib/thumb2/libm.a(lib_a-s_fpclassify.o)
 .debug_frame   0x00001be4       0x20 /home/laurence/CodeSourcery/Sourcery_G++_Lite/bin/../lib/gcc/arm-none-eabi/4.5.2/../../../../arm-none-eabi/lib/thumb2/libm.a(lib_a-s_matherr.o)
 .debug_frame   0x00001c04       0x20 /home/laurence/CodeSourcery/Sourcery_G++_Lite/bin/../lib/gcc/arm-none-eabi/4.5.2/../../../../arm-none-eabi/lib/thumb2/libm.a(lib_a-s_nan.o)
 .debug_frame   0x00001c24       0x20 /home/laurence/CodeSourcery/Sourcery_G++_Lite/bin/../lib/gcc/arm-none-eabi/4.5.2/../../../../arm-none-eabi/lib/thumb2/libm.a(lib_a-sf_fabs.o)
 .debug_frame   0x00001c44       0x30 /home/laurence/CodeSourcery/Sourcery_G++_Lite/bin/../lib/gcc/arm-none-eabi/4.5.2/../../../../arm-none-eabi/lib/thumb2/libm.a(lib_a-sf_floor.o)
 .debug_frame   0x00001c74       0x20 /home/laurence/CodeSourcery/Sourcery_G++_Lite/bin/../lib/gcc/arm-none-eabi/4.5.2/../../../../arm-none-eabi/lib/thumb2/libm.a(lib_a-sf_fpclassify.o)