Archive member included because of file (symbol)

lib/STM32F10x_StdPeriph_Driver/libstm32fw.a(misc.o)
                              Util/USB/hw_config.o (NVIC_PriorityGroupConfig)
lib/STM32F10x_StdPeriph_Driver/libstm32fw.a(stm32f10x_adc.o)
                              adc.o (ADC_DeInit)
lib/STM32F10x_StdPeriph_Driver/libstm32fw.a(stm32f10x_bkp.o)
                              Util/fat_fs/src/rtc.o (BKP_DeInit)
lib/STM32F10x_StdPeriph_Driver/libstm32fw.a(stm32f10x_dma.o)
                              Util/fat_fs/src/sd_spi_stm32.o (DMA_DeInit)
lib/STM32F10x_StdPeriph_Driver/libstm32fw.a(stm32f10x_exti.o)
                              interrupts.o (EXTI_DeInit)
lib/STM32F10x_StdPeriph_Driver/libstm32fw.a(stm32f10x_gpio.o)
                              Util/fat_fs/src/sd_spi_stm32.o (GPIO_Init)
lib/STM32F10x_StdPeriph_Driver/libstm32fw.a(stm32f10x_pwr.o)
                              pwr.o (PWR_DeInit)
lib/STM32F10x_StdPeriph_Driver/libstm32fw.a(stm32f10x_rcc.o)
                              interrupts.o (RCC_HCLKConfig)
lib/STM32F10x_StdPeriph_Driver/libstm32fw.a(stm32f10x_rtc.o)
                              Util/fat_fs/src/rtc.o (RTC_GetCounter)
lib/STM32F10x_StdPeriph_Driver/libstm32fw.a(stm32f10x_spi.o)
                              Util/fat_fs/src/sd_spi_stm32.o (SPI_I2S_DeInit)
lib/STM32F10x_StdPeriph_Driver/libstm32fw.a(stm32f10x_tim.o)
                              timer.o (TIM_DeInit)
lib/STM32F10x_StdPeriph_Driver/libstm32fw.a(stm32f10x_usart.o)
                              usart.o (USART_Init)
lib/STM32_USB-FS-Device_Driver/libstm32usb.a(usb_core.o)
                              Util/USB/usb_prop.o (Standard_GetDescriptorData)
lib/STM32_USB-FS-Device_Driver/libstm32usb.a(usb_init.o)
                              main.o (USB_Init)
lib/STM32_USB-FS-Device_Driver/libstm32usb.a(usb_int.o)
                              Util/USB/usb_istr.o (CTR_LP)
lib/STM32_USB-FS-Device_Driver/libstm32usb.a(usb_mem.o)
                              lib/STM32_USB-FS-Device_Driver/libstm32usb.a(usb_core.o) (UserToPMABufferCopy)
lib/STM32_USB-FS-Device_Driver/libstm32usb.a(usb_regs.o)
                              Util/USB/usb_prop.o (SetBTABLE)
lib/STM32_USB-FS-Device_Driver/libstm32usb.a(usb_sil.o)
                              Util/USB/usb_prop.o (USB_SIL_Init)
/home/laurence/CodeSourcery/Sourcery_G++_Lite/bin/../lib/gcc/arm-none-eabi/4.5.2/../../../../arm-none-eabi/lib/thumb2/libm.a(lib_a-sf_sin.o)
                              Sensors/ppg.o (sinf)
/home/laurence/CodeSourcery/Sourcery_G++_Lite/bin/../lib/gcc/arm-none-eabi/4.5.2/../../../../arm-none-eabi/lib/thumb2/libm.a(lib_a-w_sqrt.o)
                              Sensors/ppg.o (sqrt)
/home/laurence/CodeSourcery/Sourcery_G++_Lite/bin/../lib/gcc/arm-none-eabi/4.5.2/../../../../arm-none-eabi/lib/thumb2/libm.a(lib_a-wf_asin.o)
                              Sensors/ppg.o (asinf)
/home/laurence/CodeSourcery/Sourcery_G++_Lite/bin/../lib/gcc/arm-none-eabi/4.5.2/../../../../arm-none-eabi/lib/thumb2/libm.a(lib_a-e_sqrt.o)
                              /home/laurence/CodeSourcery/Sourcery_G++_Lite/bin/../lib/gcc/arm-none-eabi/4.5.2/../../../../arm-none-eabi/lib/thumb2/libm.a(lib_a-w_sqrt.o) (__ieee754_sqrt)
/home/laurence/CodeSourcery/Sourcery_G++_Lite/bin/../lib/gcc/arm-none-eabi/4.5.2/../../../../arm-none-eabi/lib/thumb2/libm.a(lib_a-ef_asin.o)
                              /home/laurence/CodeSourcery/Sourcery_G++_Lite/bin/../lib/gcc/arm-none-eabi/4.5.2/../../../../arm-none-eabi/lib/thumb2/libm.a(lib_a-wf_asin.o) (__ieee754_asinf)
/home/laurence/CodeSourcery/Sourcery_G++_Lite/bin/../lib/gcc/arm-none-eabi/4.5.2/../../../../arm-none-eabi/lib/thumb2/libm.a(lib_a-ef_rem_pio2.o)
                              /home/laurence/CodeSourcery/Sourcery_G++_Lite/bin/../lib/gcc/arm-none-eabi/4.5.2/../../../../arm-none-eabi/lib/thumb2/libm.a(lib_a-sf_sin.o) (__ieee754_rem_pio2f)
/home/laurence/CodeSourcery/Sourcery_G++_Lite/bin/../lib/gcc/arm-none-eabi/4.5.2/../../../../arm-none-eabi/lib/thumb2/libm.a(lib_a-ef_sqrt.o)
                              /home/laurence/CodeSourcery/Sourcery_G++_Lite/bin/../lib/gcc/arm-none-eabi/4.5.2/../../../../arm-none-eabi/lib/thumb2/libm.a(lib_a-ef_asin.o) (__ieee754_sqrtf)
/home/laurence/CodeSourcery/Sourcery_G++_Lite/bin/../lib/gcc/arm-none-eabi/4.5.2/../../../../arm-none-eabi/lib/thumb2/libm.a(lib_a-kf_cos.o)
                              /home/laurence/CodeSourcery/Sourcery_G++_Lite/bin/../lib/gcc/arm-none-eabi/4.5.2/../../../../arm-none-eabi/lib/thumb2/libm.a(lib_a-sf_sin.o) (__kernel_cosf)
/home/laurence/CodeSourcery/Sourcery_G++_Lite/bin/../lib/gcc/arm-none-eabi/4.5.2/../../../../arm-none-eabi/lib/thumb2/libm.a(lib_a-kf_rem_pio2.o)
                              /home/laurence/CodeSourcery/Sourcery_G++_Lite/bin/../lib/gcc/arm-none-eabi/4.5.2/../../../../arm-none-eabi/lib/thumb2/libm.a(lib_a-ef_rem_pio2.o) (__kernel_rem_pio2f)
[...]
Memory Configuration

Name             Origin             Length             Attributes
ram              0x20000000         0x00005000         xrw
rom              0x08000000         0x00020000         xr
*default*        0x00000000         0xffffffff

Linker script and memory map

LOAD /home/laurence/CodeSourcery/Sourcery_G++_Lite/bin/../lib/gcc/arm-none-eabi/4.5.2/thumb2/crti.o
LOAD /home/laurence/CodeSourcery/Sourcery_G++_Lite/bin/../lib/gcc/arm-none-eabi/4.5.2/thumb2/crtbegin.o
LOAD Sensors/ppg.o
LOAD Sensors/pressure.o
LOAD Sensors/temperature.o
LOAD Util/USB/hw_config.o
LOAD Util/USB/mass_mal.o
LOAD Util/USB/memory.o
LOAD Util/USB/scsi_data.o
LOAD Util/USB/usb_bot.o
LOAD Util/USB/usb_desc.o
LOAD Util/USB/usb_endp.o
LOAD Util/USB/usb_istr.o
LOAD Util/USB/usb_prop.o
LOAD Util/USB/usb_pwr.o
LOAD Util/USB/usb_scsi.o
LOAD Util/buffer.o
LOAD Util/fat_fs/option/cc932.o
LOAD Util/fat_fs/option/syscall.o
LOAD Util/fat_fs/src/fattime.o
LOAD Util/fat_fs/src/ff.o
LOAD Util/fat_fs/src/rtc.o
LOAD Util/fat_fs/src/sd_spi_stm32.o
LOAD Util/rprintf.o
LOAD Util/stm32_eval_spi_sd.o
LOAD adc.o
LOAD gpio.o
LOAD interrupts.o
LOAD lib/CMSIS_CM3/core_cm3.o
LOAD lib/CMSIS_CM3/startup/gcc/startup_stm32f10x_md.o
LOAD lib/CMSIS_CM3/system_stm32f10x.o
LOAD main.o
LOAD pwr.o
LOAD timer.o
LOAD usart.o
LOAD lib/STM32F10x_StdPeriph_Driver/libstm32fw.a
LOAD lib/STM32_USB-FS-Device_Driver/libstm32usb.a
LOAD /home/laurence/CodeSourcery/Sourcery_G++_Lite/bin/../lib/gcc/arm-none-eabi/4.5.2/../../../../arm-none-eabi/lib/thumb2/libm.a
START GROUP
LOAD /home/laurence/CodeSourcery/Sourcery_G++_Lite/bin/../lib/gcc/arm-none-eabi/4.5.2/thumb2/libgcc.a
LOAD /home/laurence/CodeSourcery/Sourcery_G++_Lite/bin/../lib/gcc/arm-none-eabi/4.5.2/../../../../arm-none-eabi/lib/thumb2/libc.a
END GROUP
LOAD /home/laurence/CodeSourcery/Sourcery_G++_Lite/bin/../lib/gcc/arm-none-eabi/4.5.2/thumb2/crtend.o
LOAD /home/laurence/CodeSourcery/Sourcery_G++_Lite/bin/../lib/gcc/arm-none-eabi/4.5.2/thumb2/crtn.o
START GROUP
LOAD /home/laurence/CodeSourcery/Sourcery_G++_Lite/bin/../lib/gcc/arm-none-eabi/4.5.2/thumb2/libgcc.a
LOAD /home/laurence/CodeSourcery/Sourcery_G++_Lite/bin/../lib/gcc/arm-none-eabi/4.5.2/../../../../arm-none-eabi/lib/thumb2/libc.a
LOAD /home/laurence/CodeSourcery/Sourcery_G++_Lite/bin/../lib/gcc/arm-none-eabi/4.5.2/../../../../arm-none-eabi/lib/thumb2/libcs3.a
LOAD /home/laurence/CodeSourcery/Sourcery_G++_Lite/bin/../lib/gcc/arm-none-eabi/4.5.2/../../../../arm-none-eabi/lib/thumb2/libcs3unhosted.a
LOAD lib/libcs3-lanchon-stm32.a
END GROUP
                0x20005000                PROVIDE (__cs3_stack, (__cs3_region_start_ram + __cs3_region_size_ram))
                0x20000ea8                PROVIDE (__cs3_heap_start, _end)
                0x20005000                PROVIDE (__cs3_heap_end, (__cs3_region_start_ram + __cs3_region_size_ram))

.text           0x08000000    0x1a7b4
 CREATE_OBJECT_SYMBOLS
                0x08000000                __cs3_region_start_rom = .
 *(.cs3.region-head.rom)
                0x08000000                __cs3_interrupt_vector = __cs3_interrupt_vector_lanchon_stm32
 *(.cs3.interrupt_vector)
 .cs3.interrupt_vector
                0x08000000       0xec lib/libcs3-lanchon-stm32.a(lanchon-stm32-vector.o)
                0x08000000                __cs3_interrupt_vector_lanchon_stm32
                0x08000001                ASSERT ((. != __cs3_interrupt_vector_lanchon_stm32), No interrupt vector)
 *(.rom)
 *(.rom.b)
                0x08012a14                PROVIDE (__cs3_reset_lanchon_stm32, _start)
                0x08012a14                __cs3_reset = __cs3_reset_lanchon_stm32
 *(.cs3.reset)
 *(.text .text.* .gnu.linkonce.t.*)
 .text          0x080000ec       0x30 /home/laurence/CodeSourcery/Sourcery_G++_Lite/bin/../lib/gcc/arm-none-eabi/4.5.2/thumb2/crtbegin.o
 *fill*         0x0800011c        0x4 00
 .text          0x08000120      0x4e8 Sensors/ppg.o
                0x08000120                PPG_LO_Filter
                0x080003d4                PPG_Automatic_Brightness_Control
                0x08000540                PPG_correct_brightness
                0x080005d0                PWM_Linear
 .text          0x08000608      0x258 Sensors/pressure.o
                0x08000608                calibrate_sensor
                0x08000654                conv_adc_diff
                0x0800068c                conv_diff
                0x080006bc                filterloop
 .text          0x08000860      0x2a0 Util/USB/hw_config.o
                0x08000860                Set_System
                0x08000868                Set_USBClock
                0x08000880                Enter_LowPowerMode
                0x0800088c                Leave_LowPowerMode
                0x080008ac                USB_Interrupts_Config
                0x080008f0                Led_RW_ON
                0x08000900                Led_RW_OFF
                0x08000910                USB_Configured_LED
                0x08000920                USB_NotConfigured_LED
                0x08000930                USB_Cable_Config
                0x08000934                Get_SerialNum
                0x08000af8                MAL_Config
 .text          0x08000b00       0xe4 Util/USB/mass_mal.o
                0x08000b00                MAL_Init
                0x08000b4c                MAL_Write
                0x08000b70                MAL_Read
                0x08000b94                MAL_GetStatus
 .text          0x08000be4      0x1d8 Util/USB/memory.o
                0x08000be4                Read_Memory
                0x08000cc8                Write_Memory
 .text          0x08000dbc      0x628 Util/USB/usb_bot.o
                0x08000dbc                Mass_Storage_In
                0x08000e44                CBW_Decode
                0x080012a4                Mass_Storage_Out
                0x08001334                Transfer_Data_Request
                0x08001368                Set_CSW
                0x080013a4                Bot_Abort
 .text          0x080013e4        0x8 Util/USB/usb_endp.o
                0x080013e4                EP1_IN_Callback
                0x080013e8                EP2_OUT_Callback
 .text          0x080013ec       0xf0 Util/USB/usb_istr.o
                0x080013ec                USB_Istr
 .text          0x080014dc      0x268 Util/USB/usb_prop.o
                0x080014dc                Mass_Storage_SetDeviceAddress
                0x080014e8                MASS_Status_In
                0x080014ec                MASS_Status_Out
                0x080014f0                MASS_Get_Interface_Setting
                0x08001500                Get_Max_Lun
                0x08001518                MASS_Data_Setup
                0x0800155c                MASS_GetStringDescriptor
                0x0800157c                MASS_GetConfigDescriptor
                0x08001588                MASS_GetDeviceDescriptor
                0x08001594                MASS_NoData_Setup
                0x080015e4                Mass_Storage_SetConfiguration
                0x08001614                Mass_Storage_ClearFeature
                0x08001630                MASS_Reset
                0x08001720                MASS_init
 .text          0x08001744      0x1c4 Util/USB/usb_pwr.o
                0x08001744                PowerOn
                0x08001774                PowerOff
                0x08001798                Suspend
                0x080017dc                Resume_Init
                0x0800181c                Resume
 .text          0x08001908      0x460 Util/USB/usb_scsi.o
                0x08001908                SCSI_Inquiry_Cmd
                0x08001940                SCSI_ReadFormatCapacity_Cmd
                0x080019b4                SCSI_ReadCapacity10_Cmd
                0x08001a30                SCSI_ModeSense6_Cmd
                0x08001a3c                SCSI_ModeSense10_Cmd
                0x08001a48                SCSI_RequestSense_Cmd
                0x08001a60                Set_Scsi_Sense_Data
                0x08001a6c                SCSI_Start_Stop_Unit_Cmd
                0x08001a74                SCSI_Read10_Cmd
                0x08001b24                SCSI_Write10_Cmd
                0x08001bd0                SCSI_Verify10_Cmd
                0x08001c10                SCSI_Valid_Cmd
                0x08001c48                SCSI_TestUnitReady_Cmd
                0x08001c7c                SCSI_Format_Cmd
                0x08001ca8                SCSI_Invalid_Cmd
                0x08001ce4                SCSI_Address_Management
 .text          0x08001d68       0x78 Util/buffer.o
                0x08001d68                Add_To_Buffer
                0x08001d9c                Get_From_Buffer
                0x08001dcc                init_buffer
 .text          0x08001de0      0x25c Util/fat_fs/option/cc932.o
                0x08001de0                ff_convert
                0x0800200c                ff_wtoupper
 .text          0x0800203c       0x48 Util/fat_fs/src/fattime.o
                0x0800203c                get_fattime
 .text          0x08002084     0x643c Util/fat_fs/src/ff.o
                0x0800296c                clust2sect
                0x08002988                get_fat
                0x08002f2c                put_fat
                0x08004cd0                gen_numname
                0x08005968                f_mount
                0x08005988                f_open
                0x08005df4                f_read
                0x080061dc                f_write
                0x08006610                f_sync
                0x080067e8                f_close
                0x080067f8                f_lseek
                0x080069c4                f_opendir
                0x08006a30                f_readdir
                0x08006aa4                f_stat
                0x08006aec                f_getfree
                0x08006d50                f_truncate
                0x08006ec0                f_unlink
                0x08006fd8                f_mkdir
                0x08007400                f_chmod
                0x0800745c                f_utime
                0x080074bc                f_rename
                0x0800777c                f_gets
                0x08007898                f_putc
                0x080078bc                f_puts
                0x080078f8                f_printf
 .text          0x080084c0      0x484 Util/fat_fs/src/rtc.o
                0x080084c0                rtc_gettime
                0x08008640                my_RTC_SetCounter
                0x08008664                rtc_settime
                0x08008898                rtc_init
 .text          0x08008944      0xfa8 Util/fat_fs/src/sd_spi_stm32.o
                0x08008d7c                disk_initialize
                0x08008f28                disk_status
                0x08008f38                disk_read
                0x080090b4                disk_write
                0x08009254                disk_ioctl
                0x080098b0                disk_timerproc
 .text          0x080098ec     0x182c Util/rprintf.o
                0x080098ec                rprintfInit
                0x080098f8                rprintfChar
                0x08009920                rprintfStr
                0x08009958                rprintfStrLen
                0x08009b1c                rprintfCRLF
                0x08009b34                rprintfu04
                0x08009b60                rprintfu08
                0x08009ba8                rprintfu16
                0x08009c44                rprintfu32
                0x08009d90                rprintfNum
                0x0800a000                rprintfFloat
                0x0800a2c4                rprintf2RamRom
                0x0800b0c0                Isdigit
                0x0800b0d0                atoiRamRom
                0x0800b108                rStrLen
 .text          0x0800b118      0x23c adc.o
                0x0800b118                ADC_Configuration
                0x0800b2d4                readADC2
                0x0800b30c                setADC2
                0x0800b32c                getADC2
 .text          0x0800b354      0x244 gpio.o
                0x0800b354                setup_gpio
                0x0800b508                switch_leds_on
                0x0800b530                switch_leds_off
                0x0800b558                red_flash
                0x0800b58c                get_wkup
 .text          0x0800b598      0x4f0 interrupts.o
                0x0800b598                ISR_Config
                0x0800b5ec                EXTI_ONOFF_EN
                0x0800b64c                DMA_ISR_Config
                0x0800b674                SysTick_Configuration
                0x0800b6ac                EXTI0_IRQHandler
                0x0800b728                DMAChannel1_IRQHandler
                0x0800b754                ADC1_2_IRQHandler
                0x0800b7e8                SysTickHandler
                0x0800ba7c                USB_HP_CAN_TX_IRQHandler
                0x0800ba80                USB_LP_CAN_RX0_IRQHandler
 .text.Default_Handler
                0x0800ba88        0x2 lib/CMSIS_CM3/startup/gcc/startup_stm32f10x_md.o
                0x0800ba88                EXTI2_IRQHandler
                0x0800ba88                DebugMon_Handler
                0x0800ba88                TIM1_CC_IRQHandler
                0x0800ba88                HardFault_Handler
                0x0800ba88                SysTick_Handler
                0x0800ba88                PVD_IRQHandler
                0x0800ba88                PendSV_Handler
                0x0800ba88                NMI_Handler
                0x0800ba88                EXTI3_IRQHandler
                0x0800ba88                I2C2_EV_IRQHandler
                0x0800ba88                UsageFault_Handler
                0x0800ba88                SPI1_IRQHandler
                0x0800ba88                TAMPER_IRQHandler
                0x0800ba88                DMA1_Channel4_IRQHandler
                0x0800ba88                USART3_IRQHandler
                0x0800ba88                RTC_IRQHandler
                0x0800ba88                DMA1_Channel7_IRQHandler
                0x0800ba88                CAN1_RX1_IRQHandler
                0x0800ba88                TIM4_IRQHandler
                0x0800ba88                I2C1_EV_IRQHandler
                0x0800ba88                DMA1_Channel6_IRQHandler
                0x0800ba88                TIM3_IRQHandler
                0x0800ba88                RCC_IRQHandler
                0x0800ba88                TIM1_TRG_COM_IRQHandler
                0x0800ba88                DMA1_Channel1_IRQHandler
                0x0800ba88                Default_Handler
                0x0800ba88                EXTI15_10_IRQHandler
                0x0800ba88                EXTI9_5_IRQHandler
                0x0800ba88                SPI2_IRQHandler
                0x0800ba88                MemManage_Handler
                0x0800ba88                SVC_Handler
                0x0800ba88                DMA1_Channel5_IRQHandler
                0x0800ba88                EXTI4_IRQHandler
                0x0800ba88                USB_LP_CAN1_RX0_IRQHandler
                0x0800ba88                USB_HP_CAN1_TX_IRQHandler
                0x0800ba88                DMA1_Channel3_IRQHandler
                0x0800ba88                TIM1_UP_IRQHandler
                0x0800ba88                WWDG_IRQHandler
                0x0800ba88                TIM2_IRQHandler
                0x0800ba88                TIM1_BRK_IRQHandler
                0x0800ba88                EXTI1_IRQHandler
                0x0800ba88                RTCAlarm_IRQHandler
                0x0800ba88                USART2_IRQHandler
                0x0800ba88                I2C2_ER_IRQHandler
                0x0800ba88                DMA1_Channel2_IRQHandler
                0x0800ba88                CAN1_SCE_IRQHandler
                0x0800ba88                FLASH_IRQHandler
                0x0800ba88                BusFault_Handler
                0x0800ba88                USART1_IRQHandler
                0x0800ba88                I2C1_ER_IRQHandler
                0x0800ba88                USBWakeUp_IRQHandler
 *fill*         0x0800ba8a        0x2 00
 .text          0x0800ba8c       0xfc lib/CMSIS_CM3/system_stm32f10x.o
                0x0800ba8c                SystemInit
 .text          0x0800bb88      0x470 main.o
                0x0800bb88                __str_print_char
                0x0800bbb4                __fat_print_char
                0x0800bbd4                main
 .text          0x0800bff8       0x70 pwr.o
                0x0800bff8                setuppwr
                0x0800c00c                shutdown
                0x0800c01c                disable_pin
                0x0800c024                shutdown_filesystem
 .text          0x0800c068      0x1c8 timer.o
                0x0800c068                setup_pwm
                0x0800c198                Tryfudge
                0x0800c1e8                Set_Motor
 .text          0x0800c230      0x110 usart.o
                0x0800c230                Usarts_Init
                0x0800c2dc                Default_Usart_Config
                0x0800c2f8                Usart_Send_Str
                0x0800c324                __usart_send_char
 .text          0x0800c340       0xb8 lib/STM32F10x_StdPeriph_Driver/libstm32fw.a(misc.o)
                0x0800c340                NVIC_PriorityGroupConfig
                0x0800c354                NVIC_Init
                0x0800c3b4                NVIC_SetVectorTable
                0x0800c3c8                NVIC_SystemLPConfig
                0x0800c3e0                SysTick_CLKSourceConfig
 .text          0x0800c3f8      0x380 lib/STM32F10x_StdPeriph_Driver/libstm32fw.a(stm32f10x_adc.o)
                0x0800c3f8                ADC_DeInit
                0x0800c454                ADC_Init
                0x0800c4a0                ADC_StructInit
                0x0800c4b2                ADC_Cmd
                0x0800c4c6                ADC_DMACmd
                0x0800c4da                ADC_ITConfig
                0x0800c4ee                ADC_ResetCalibration
                0x0800c4f8                ADC_GetResetCalibrationStatus
                0x0800c500                ADC_StartCalibration
                0x0800c50a                ADC_GetCalibrationStatus
                0x0800c512                ADC_SoftwareStartConvCmd
                0x0800c526                ADC_GetSoftwareStartConvStatus
                0x0800c52e                ADC_DiscModeChannelCountConfig
                0x0800c53e                ADC_DiscModeCmd
                0x0800c552                ADC_RegularChannelConfig
                0x0800c5e0                ADC_ExternalTrigConvCmd
                0x0800c5f4                ADC_GetConversionValue
                0x0800c5fa                ADC_GetDualModeConversionValue
                0x0800c604                ADC_AutoInjectedConvCmd
                0x0800c618                ADC_InjectedDiscModeCmd
                0x0800c62c                ADC_ExternalTrigInjectedConvConfig
                0x0800c63a                ADC_ExternalTrigInjectedConvCmd
                0x0800c64e                ADC_SoftwareStartInjectedConvCmd
                0x0800c662                ADC_GetSoftwareStartInjectedConvCmdStatus
                0x0800c66a                ADC_InjectedChannelConfig
                0x0800c6c6                ADC_InjectedSequencerLengthConfig
                0x0800c6d6                ADC_SetInjectedOffset
                0x0800c6ec                ADC_GetInjectedConversionValue
                0x0800c706                ADC_AnalogWatchdogCmd
                0x0800c718                ADC_AnalogWatchdogThresholdsConfig
                0x0800c71e                ADC_AnalogWatchdogSingleChannelConfig
                0x0800c72c                ADC_TempSensorVrefintCmd
                0x0800c748                ADC_GetFlagStatus
                0x0800c754                ADC_ClearFlag
                0x0800c75a                ADC_GetITStatus
                0x0800c770                ADC_ClearITPendingBit
 .text          0x0800c778       0xe0 lib/STM32F10x_StdPeriph_Driver/libstm32fw.a(stm32f10x_bkp.o)
                0x0800c778                BKP_DeInit
                0x0800c78a                BKP_TamperPinLevelConfig
                0x0800c794                BKP_TamperPinCmd
                0x0800c7a0                BKP_ITConfig
                0x0800c7ac                BKP_RTCOutputConfig
                0x0800c7c4                BKP_SetRTCCalibrationValue
                0x0800c7dc                BKP_WriteBackupRegister
                0x0800c7f8                BKP_ReadBackupRegister
                0x0800c818                BKP_GetFlagStatus
                0x0800c824                BKP_ClearFlag
                0x0800c838                BKP_GetITStatus
                0x0800c844                BKP_ClearITPendingBit
 .text          0x0800c858      0x1f0 lib/STM32F10x_StdPeriph_Driver/libstm32fw.a(stm32f10x_dma.o)
                0x0800c858                DMA_DeInit
                0x0800c954                DMA_Init
                0x0800c994                DMA_StructInit
                0x0800c9ae                DMA_Cmd
                0x0800c9c2                DMA_ITConfig
                0x0800c9d4                DMA_GetCurrDataCounter
                0x0800c9da                DMA_GetFlagStatus
                0x0800c9f8                DMA_ClearFlag
                0x0800ca10                DMA_GetITStatus
                0x0800ca30                DMA_ClearITPendingBit
 .text          0x0800ca48      0x108 lib/STM32F10x_StdPeriph_Driver/libstm32fw.a(stm32f10x_exti.o)
                0x0800ca48                EXTI_DeInit
                0x0800ca64                EXTI_Init
                0x0800cae8                EXTI_StructInit
                0x0800caf6                EXTI_GenerateSWInterrupt
                0x0800cb08                EXTI_GetFlagStatus
                0x0800cb1c                EXTI_ClearFlag
                0x0800cb28                EXTI_GetITStatus
                0x0800cb44                EXTI_ClearITPendingBit
 .text          0x0800cb50      0x278 lib/STM32F10x_StdPeriph_Driver/libstm32fw.a(stm32f10x_gpio.o)
                0x0800cb50                GPIO_DeInit
                0x0800cbfc                GPIO_AFIODeInit
                0x0800cc12                GPIO_Init
                0x0800ccaa                GPIO_StructInit
                0x0800ccba                GPIO_ReadInputDataBit
                0x0800ccc6                GPIO_ReadInputData
                0x0800cccc                GPIO_ReadOutputDataBit
                0x0800ccd8                GPIO_ReadOutputData
                0x0800ccde                GPIO_SetBits
                0x0800cce2                GPIO_ResetBits
                0x0800cce6                GPIO_WriteBit
                0x0800ccf0                GPIO_Write
                0x0800ccf4                GPIO_PinLockConfig
                0x0800cd04                GPIO_EventOutputConfig
                0x0800cd24                GPIO_EventOutputCmd
                0x0800cd30                GPIO_PinRemapConfig
                0x0800cd88                GPIO_EXTILineConfig
                0x0800cdbc                GPIO_ETH_MediaInterfaceConfig
 .text          0x0800cdc8       0xcc lib/STM32F10x_StdPeriph_Driver/libstm32fw.a(stm32f10x_pwr.o)
                0x0800cdcc                PWR_DeInit
                0x0800cde6                PWR_BackupAccessCmd
                0x0800cdf0                PWR_PVDCmd
                0x0800cdfc                PWR_PVDLevelConfig
                0x0800ce10                PWR_WakeUpPinCmd
                0x0800ce1c                PWR_EnterSTOPMode
                0x0800ce48                PWR_EnterSTANDBYMode
                0x0800ce70                PWR_GetFlagStatus
                0x0800ce84                PWR_ClearFlag
 .text          0x0800ce94      0x360 lib/STM32F10x_StdPeriph_Driver/libstm32fw.a(stm32f10x_rcc.o)
                0x0800ce94                RCC_DeInit
                0x0800ced4                RCC_HSEConfig
                0x0800cf0c                RCC_AdjustHSICalibrationValue
                0x0800cf20                RCC_HSICmd
                0x0800cf2c                RCC_PLLConfig
                0x0800cf44                RCC_PLLCmd
                0x0800cf50                RCC_SYSCLKConfig
                0x0800cf64                RCC_GetSYSCLKSource
                0x0800cf74                RCC_HCLKConfig
                0x0800cf88                RCC_PCLK1Config
                0x0800cf9c                RCC_PCLK2Config
                0x0800cfb0                RCC_ITConfig
                0x0800cfc8                RCC_USBCLKConfig
                0x0800cfd4                RCC_ADCCLKConfig
                0x0800cfe8                RCC_LSEConfig
                0x0800d008                RCC_LSICmd
                0x0800d014                RCC_RTCCLKConfig
                0x0800d024                RCC_RTCCLKCmd
                0x0800d030                RCC_GetClocksFreq
                0x0800d0d4                RCC_AHBPeriphClockCmd
                0x0800d0ec                RCC_APB2PeriphClockCmd
                0x0800d104                RCC_APB1PeriphClockCmd
                0x0800d11c                RCC_APB2PeriphResetCmd
                0x0800d134                RCC_APB1PeriphResetCmd
                0x0800d14c                RCC_BackupResetCmd
                0x0800d158                RCC_ClockSecuritySystemCmd
                0x0800d164                RCC_MCOConfig
                0x0800d170                RCC_GetFlagStatus
                0x0800d198                RCC_WaitForHSEStartUp
                0x0800d1c4                RCC_ClearFlag
                0x0800d1d4                RCC_GetITStatus
                0x0800d1e8                RCC_ClearITPendingBit
 .text          0x0800d1f4      0x158 lib/STM32F10x_StdPeriph_Driver/libstm32fw.a(stm32f10x_rtc.o)
                0x0800d1f4                RTC_ITConfig
                0x0800d210                RTC_EnterConfigMode
                0x0800d224                RTC_ExitConfigMode
                0x0800d238                RTC_GetCounter
                0x0800d24c                RTC_SetCounter
                0x0800d268                RTC_SetPrescaler
                0x0800d288                RTC_SetAlarm
                0x0800d2a4                RTC_GetDivider
                0x0800d2bc                RTC_WaitForLastTask
                0x0800d2cc                RTC_WaitForSynchro
                0x0800d2ec                RTC_GetFlagStatus
                0x0800d300                RTC_ClearFlag
                0x0800d314                RTC_GetITStatus
                0x0800d338                RTC_ClearITPendingBit
 .text          0x0800d34c      0x2d4 lib/STM32F10x_StdPeriph_Driver/libstm32fw.a(stm32f10x_spi.o)
                0x0800d34c                SPI_I2S_DeInit
                0x0800d3b0                SPI_Init
                0x0800d3f0                I2S_Init
                0x0800d490                SPI_StructInit
                0x0800d4a8                I2S_StructInit
                0x0800d4ba                SPI_Cmd
                0x0800d4d4                I2S_Cmd
                0x0800d4ee                SPI_I2S_ITConfig
                0x0800d50c                SPI_I2S_DMACmd
                0x0800d522                SPI_I2S_SendData
                0x0800d526                SPI_I2S_ReceiveData
                0x0800d52c                SPI_NSSInternalSoftwareConfig
                0x0800d54c                SPI_SSOutputCmd
                0x0800d566                SPI_DataSizeConfig
                0x0800d57e                SPI_TransmitCRC
                0x0800d58a                SPI_CalculateCRC
                0x0800d5a4                SPI_GetCRC
                0x0800d5b4                SPI_GetCRCPolynomial
                0x0800d5ba                SPI_BiDirectionalLineConfig
                0x0800d5d8                SPI_I2S_GetFlagStatus
                0x0800d5e4                SPI_I2S_ClearFlag
                0x0800d5ea                SPI_I2S_GetITStatus
                0x0800d610                SPI_I2S_ClearITPendingBit
 .text          0x0800d620      0xa80 lib/STM32F10x_StdPeriph_Driver/libstm32fw.a(stm32f10x_tim.o)
                0x0800d68e                TIM_DeInit
                0x0800d758                TIM_TimeBaseInit
                0x0800d794                TIM_OC1Init
                0x0800d814                TIM_OC2Init
                0x0800d89c                TIM_OC3Init
                0x0800d920                TIM_OC4Init
                0x0800d984                TIM_BDTRConfig
                0x0800d9a6                TIM_TimeBaseStructInit
                0x0800d9b8                TIM_OCStructInit
                0x0800d9cc                TIM_ICStructInit
                0x0800d9dc                TIM_BDTRStructInit
                0x0800d9ee                TIM_Cmd
                0x0800da08                TIM_CtrlPWMOutputs
                0x0800da26                TIM_ITConfig
                0x0800da3c                TIM_GenerateEvent
                0x0800da40                TIM_DMAConfig
                0x0800da48                TIM_DMACmd
                0x0800da5e                TIM_InternalClockConfig
                0x0800da6c                TIM_ETRConfig
                0x0800da82                TIM_ETRClockMode2Config
                0x0800da96                TIM_ETRClockMode1Config
                0x0800dab0                TIM_PrescalerConfig
                0x0800dab6                TIM_CounterModeConfig
                0x0800dac8                TIM_SelectInputTrigger
                0x0800dada                TIM_TIxExternalClockConfig
                0x0800db08                TIM_ITRxExternalClockConfig
                0x0800db1c                TIM_EncoderInterfaceConfig
                0x0800db5a                TIM_ForcedOC1Config
                0x0800db6c                TIM_ForcedOC2Config
                0x0800db7e                TIM_ForcedOC3Config
                0x0800db90                TIM_ForcedOC4Config
                0x0800dba2                TIM_ARRPreloadConfig
                0x0800dbbc                TIM_SelectCOM
                0x0800dbd6                TIM_SelectCCDMA
                0x0800dbf0                TIM_CCPreloadControl
                0x0800dc0a                TIM_OC1PreloadConfig
                0x0800dc1c                TIM_OC2PreloadConfig
                0x0800dc2e                TIM_OC3PreloadConfig
                0x0800dc40                TIM_OC4PreloadConfig
                0x0800dc52                TIM_OC1FastConfig
                0x0800dc64                TIM_OC2FastConfig
                0x0800dc76                TIM_OC3FastConfig
                0x0800dc88                TIM_OC4FastConfig
                0x0800dc9a                TIM_ClearOC1Ref
                0x0800dcac                TIM_ClearOC2Ref
                0x0800dcba                TIM_ClearOC3Ref
                0x0800dccc                TIM_ClearOC4Ref
                0x0800dcda                TIM_OC1PolarityConfig
                0x0800dcec                TIM_OC1NPolarityConfig
                0x0800dcfe                TIM_OC2PolarityConfig
                0x0800dd10                TIM_OC2NPolarityConfig
                0x0800dd22                TIM_OC3PolarityConfig
                0x0800dd34                TIM_OC3NPolarityConfig
                0x0800dd46                TIM_OC4PolarityConfig
                0x0800dd58                TIM_CCxCmd
                0x0800dd76                TIM_CCxNCmd
                0x0800dd94                TIM_SelectOCxM
                0x0800dde0                TIM_UpdateDisableConfig
                0x0800ddfa                TIM_UpdateRequestConfig
                0x0800de14                TIM_SelectHallSensor
                0x0800de2e                TIM_SelectOnePulseMode
                0x0800de46                TIM_SelectOutputTrigger
                0x0800de5e                TIM_SelectSlaveMode
                0x0800de76                TIM_SelectMasterSlaveMode
                0x0800de8e                TIM_SetCounter
                0x0800de92                TIM_SetAutoreload
                0x0800de96                TIM_SetCompare1
                0x0800de9a                TIM_SetCompare2
                0x0800de9e                TIM_SetCompare3
                0x0800dea2                TIM_SetCompare4
                0x0800dea8                TIM_SetIC1Prescaler
                0x0800dec0                TIM_SetIC2Prescaler
                0x0800ded8                TIM_PWMIConfig
                0x0800df44                TIM_SetIC3Prescaler
                0x0800df5c                TIM_SetIC4Prescaler
                0x0800df74                TIM_ICInit
                0x0800e038                TIM_SetClockDivision
                0x0800e04a                TIM_GetCapture1
                0x0800e050                TIM_GetCapture2
                0x0800e056                TIM_GetCapture3
                0x0800e05c                TIM_GetCapture4
                0x0800e064                TIM_GetCounter
                0x0800e06a                TIM_GetPrescaler
                0x0800e070                TIM_GetFlagStatus
                0x0800e07c                TIM_ClearFlag
                0x0800e082                TIM_GetITStatus
                0x0800e098                TIM_ClearITPendingBit
 .text          0x0800e0a0      0x374 lib/STM32F10x_StdPeriph_Driver/libstm32fw.a(stm32f10x_usart.o)
                0x0800e0a0                USART_DeInit
                0x0800e138                USART_Init
                0x0800e1c8                USART_StructInit
                0x0800e1de                USART_ClockInit
                0x0800e204                USART_ClockStructInit
                0x0800e210                USART_Cmd
                0x0800e22a                USART_ITConfig
                0x0800e260                USART_DMACmd
                0x0800e276                USART_SetAddress
                0x0800e28e                USART_WakeUpConfig
                0x0800e2a6                USART_ReceiverWakeUpCmd
                0x0800e2c0                USART_LINBreakDetectLengthConfig
                0x0800e2d8                USART_LINCmd
                0x0800e2f2                USART_SendData
                0x0800e2fa                USART_ReceiveData
                0x0800e302                USART_SendBreak
                0x0800e30e                USART_SetGuardTime
                0x0800e320                USART_SetPrescaler
                0x0800e334                USART_SmartCardCmd
                0x0800e34e                USART_SmartCardNACKCmd
                0x0800e368                USART_HalfDuplexCmd
                0x0800e382                USART_IrDAConfig
                0x0800e39a                USART_IrDACmd
                0x0800e3b4                USART_GetFlagStatus
                0x0800e3c0                USART_ClearFlag
                0x0800e3c6                USART_GetITStatus
                0x0800e406                USART_ClearITPendingBit
 .text          0x0800e414      0xa54 lib/STM32_USB-FS-Device_Driver/libstm32usb.a(usb_core.o)
                0x0800e414                Standard_GetConfiguration
                0x0800e43c                Standard_GetInterface
                0x0800e464                Standard_GetStatus
                0x0800e5d8                Standard_SetConfiguration
                0x0800e614                Standard_SetInterface
                0x0800e664                Standard_ClearFeature
                0x0800e760                Standard_SetEndPointFeature
                0x0800e814                Standard_SetDeviceFeature
                0x0800e838                Standard_GetDescriptorData
                0x0800e854                Post0_Process
                0x0800e89c                Out0_Process
                0x0800e978                Setup0_Process
                0x0800ed48                SetDeviceAddress
                0x0800ee04                In0_Process
                0x0800ee64                NOP_Process
 .text          0x0800ee68       0x38 lib/STM32_USB-FS-Device_Driver/libstm32usb.a(usb_init.o)
                0x0800ee68                USB_Init
 .text          0x0800eea0      0x25c lib/STM32_USB-FS-Device_Driver/libstm32usb.a(usb_int.o)
                0x0800eea0                CTR_LP
                0x0800f068                CTR_HP
 .text          0x0800f0fc       0xb8 lib/STM32_USB-FS-Device_Driver/libstm32usb.a(usb_mem.o)
                0x0800f0fc                UserToPMABufferCopy
                0x0800f164                PMAToUserBufferCopy
 .text          0x0800f1b4      0x880 lib/STM32_USB-FS-Device_Driver/libstm32usb.a(usb_regs.o)
                0x0800f1b4                SetCNTR
                0x0800f1c0                GetCNTR
                0x0800f1cc                SetISTR
                0x0800f1d8                GetISTR
                0x0800f1e4                GetFNR
                0x0800f1f0                SetDADDR
                0x0800f1fc                GetDADDR
                0x0800f208                SetBTABLE
                0x0800f21c                GetBTABLE
                0x0800f228                SetENDPOINT
                0x0800f238                GetENDPOINT
                0x0800f248                SetEPType
                0x0800f264                GetEPType
                0x0800f278                SetEPTxStatus
                0x0800f2b8                SetEPRxStatus
                0x0800f2f8                SetDouBleBuffEPStall
                0x0800f320                GetEPTxStatus
                0x0800f334                GetEPRxStatus
                0x0800f348                SetEPTxValid
                0x0800f36c                SetEPRxValid
                0x0800f390                SetEP_KIND
                0x0800f3b0                ClearEP_KIND
                0x0800f3d0                Clear_Status_Out
                0x0800f3f0                Set_Status_Out
                0x0800f410                SetEPDoubleBuff
                0x0800f430                ClearEPDoubleBuff
                0x0800f450                GetTxStallStatus
                0x0800f470                GetRxStallStatus
                0x0800f490                ClearEP_CTR_RX
                0x0800f4a8                ClearEP_CTR_TX
                0x0800f4c0                ToggleDTOG_RX
                0x0800f4e0                ToggleDTOG_TX
                0x0800f500                ClearDTOG_RX
                0x0800f528                ClearDTOG_TX
                0x0800f550                SetEPAddress
                0x0800f574                GetEPAddress
                0x0800f588                SetEPTxAddr
                0x0800f5ac                SetEPRxAddr
                0x0800f5d4                GetEPTxAddr
                0x0800f5f4                GetEPRxAddr
                0x0800f614                SetEPTxCount
                0x0800f634                SetEPCountRxReg
                0x0800f660                SetEPRxCount
                0x0800f6a8                GetEPTxCount
                0x0800f6cc                GetEPRxCount
                0x0800f6f0                SetEPDblBuffAddr
                0x0800f738                SetEPDblBuf0Addr
                0x0800f75c                SetEPDblBuf1Addr
                0x0800f784                GetEPDblBuf0Addr
                0x0800f7a4                GetEPDblBuf1Addr
                0x0800f7c4                SetEPDblBuffCount
                0x0800f870                SetEPDblBuf0Count
                0x0800f8d8                SetEPDblBuf1Count
                0x0800f940                GetEPDblBuf0Count
                0x0800f964                GetEPDblBuf1Count
                0x0800f988                GetEPDblBufDir
                0x0800f9d0                FreeUserBuffer
                0x0800fa20                ToWord
                0x0800fa28                ByteSwap
 .text          0x0800fa34       0x6c lib/STM32_USB-FS-Device_Driver/libstm32usb.a(usb_sil.o)
                0x0800fa34                USB_SIL_Init
                0x0800fa54                USB_SIL_Write
                0x0800fa7c                USB_SIL_Read
 .text          0x0800faa0       0x78 /home/laurence/CodeSourcery/Sourcery_G++_Lite/bin/../lib/gcc/arm-none-eabi/4.5.2/../../../../arm-none-eabi/lib/thumb2/libm.a(lib_a-sf_sin.o)
                0x0800faa0                sinf
 .text          0x0800fb18       0xac /home/laurence/CodeSourcery/Sourcery_G++_Lite/bin/../lib/gcc/arm-none-eabi/4.5.2/../../../../arm-none-eabi/lib/thumb2/libm.a(lib_a-w_sqrt.o)
                0x0800fb18                sqrt
 .text          0x0800fbc4       0xa8 /home/laurence/CodeSourcery/Sourcery_G++_Lite/bin/../lib/gcc/arm-none-eabi/4.5.2/../../../../arm-none-eabi/lib/thumb2/libm.a(lib_a-wf_asin.o)
                0x0800fbc4                asinf
 .text          0x0800fc6c      0x1c0 /home/laurence/CodeSourcery/Sourcery_G++_Lite/bin/../lib/gcc/arm-none-eabi/4.5.2/../../../../arm-none-eabi/lib/thumb2/libm.a(lib_a-e_sqrt.o)
                0x0800fc6c                __ieee754_sqrt
 .text          0x0800fe2c      0x318 /home/laurence/CodeSourcery/Sourcery_G++_Lite/bin/../lib/gcc/arm-none-eabi/4.5.2/../../../../arm-none-eabi/lib/thumb2/libm.a(lib_a-ef_asin.o)
                0x0800fe2c                __ieee754_asinf
 .text          0x08010144      0x358 /home/laurence/CodeSourcery/Sourcery_G++_Lite/bin/../lib/gcc/arm-none-eabi/4.5.2/../../../../arm-none-eabi/lib/thumb2/libm.a(lib_a-ef_rem_pio2.o)
                0x08010144                __ieee754_rem_pio2f
 .text          0x0801049c       0xb0 /home/laurence/CodeSourcery/Sourcery_G++_Lite/bin/../lib/gcc/arm-none-eabi/4.5.2/../../../../arm-none-eabi/lib/thumb2/libm.a(lib_a-ef_sqrt.o)
                0x0801049c                __ieee754_sqrtf
 .text          0x0801054c      0x1b8 /home/laurence/CodeSourcery/Sourcery_G++_Lite/bin/../lib/gcc/arm-none-eabi/4.5.2/../../../../arm-none-eabi/lib/thumb2/libm.a(lib_a-kf_cos.o)
                0x0801054c                __kernel_cosf
 .text          0x08010704      0x63c /home/laurence/CodeSourcery/Sourcery_G++_Lite/bin/../lib/gcc/arm-none-eabi/4.5.2/../../../../arm-none-eabi/lib/thumb2/libm.a(lib_a-kf_rem_pio2.o)
                0x08010704                __kernel_rem_pio2f
 .text          0x08010d40      0x100 /home/laurence/CodeSourcery/Sourcery_G++_Lite/bin/../lib/gcc/arm-none-eabi/4.5.2/../../../../arm-none-eabi/lib/thumb2/libm.a(lib_a-kf_sin.o)
                0x08010d40                __kernel_sinf
 .text          0x08010e40       0x90 /home/laurence/CodeSourcery/Sourcery_G++_Lite/bin/../lib/gcc/arm-none-eabi/4.5.2/../../../../arm-none-eabi/lib/thumb2/libm.a(lib_a-s_fpclassify.o)
                0x08010e40                __fpclassifyd
 .text          0x08010ed0        0x4 /home/laurence/CodeSourcery/Sourcery_G++_Lite/bin/../lib/gcc/arm-none-eabi/4.5.2/../../../../arm-none-eabi/lib/thumb2/libm.a(lib_a-s_matherr.o)
                0x08010ed0                matherr
 .text          0x08010ed4        0xc /home/laurence/CodeSourcery/Sourcery_G++_Lite/bin/../lib/gcc/arm-none-eabi/4.5.2/../../../../arm-none-eabi/lib/thumb2/libm.a(lib_a-s_nan.o)
                0x08010ed4                nan
 .text          0x08010ee0        0x8 /home/laurence/CodeSourcery/Sourcery_G++_Lite/bin/../lib/gcc/arm-none-eabi/4.5.2/../../../../arm-none-eabi/lib/thumb2/libm.a(lib_a-sf_fabs.o)
                0x08010ee0                fabsf
 .text          0x08010ee8       0xa0 /home/laurence/CodeSourcery/Sourcery_G++_Lite/bin/../lib/gcc/arm-none-eabi/4.5.2/../../../../arm-none-eabi/lib/thumb2/libm.a(lib_a-sf_floor.o)
                0x08010ee8                floorf
 .text          0x08010f88       0x7c /home/laurence/CodeSourcery/Sourcery_G++_Lite/bin/../lib/gcc/arm-none-eabi/4.5.2/../../../../arm-none-eabi/lib/thumb2/libm.a(lib_a-sf_fpclassify.o)
                0x08010f88                __fpclassifyf
 .text          0x08011004       0xc0 /home/laurence/CodeSourcery/Sourcery_G++_Lite/bin/../lib/gcc/arm-none-eabi/4.5.2/../../../../arm-none-eabi/lib/thumb2/libm.a(lib_a-sf_scalbn.o)
                0x08011004                scalbnf
 .text          0x080110c4       0x10 /home/laurence/CodeSourcery/Sourcery_G++_Lite/bin/../lib/gcc/arm-none-eabi/4.5.2/../../../../arm-none-eabi/lib/thumb2/libm.a(lib_a-sf_copysign.o)
                0x080110c4                copysignf
 .text          0x080110d4      0x370 /home/laurence/CodeSourcery/Sourcery_G++_Lite/bin/../lib/gcc/arm-none-eabi/4.5.2/thumb2/libgcc.a(_arm_addsubdf3.o)
                0x080110d4                __aeabi_drsub
                0x080110dc                __aeabi_dsub
                0x080110dc                __subdf3
                0x080110e0                __adddf3
                0x080110e0                __aeabi_dadd
                0x08011358                __aeabi_ui2d
                0x08011358                __floatunsidf
                0x08011378                __floatsidf
                0x08011378                __aeabi_i2d
                0x0801139c                __extendsfdf2
                0x0801139c                __aeabi_f2d
                0x080113d8                __aeabi_ul2d
                0x080113d8                __floatundidf
                0x080113e8                __floatdidf
                0x080113e8                __aeabi_l2d
 .text          0x08011444      0x424 /home/laurence/CodeSourcery/Sourcery_G++_Lite/bin/../lib/gcc/arm-none-eabi/4.5.2/thumb2/libgcc.a(_arm_muldivdf3.o)
                0x08011444                __aeabi_dmul
                0x08011444                __muldf3
                0x08011698                __aeabi_ddiv
                0x08011698                __divdf3
 .text          0x08011868      0x110 /home/laurence/CodeSourcery/Sourcery_G++_Lite/bin/../lib/gcc/arm-none-eabi/4.5.2/thumb2/libgcc.a(_arm_cmpdf2.o)
                0x08011868                __gtdf2
                0x08011868                __gedf2
                0x08011870                __ltdf2
                0x08011870                __ledf2
                0x08011878                __cmpdf2
                0x08011878                __eqdf2
                0x08011878                __nedf2
                0x080118f4                __aeabi_cdrcmple
                0x08011904                __aeabi_cdcmple
                0x08011904                __aeabi_cdcmpeq
                0x08011914                __aeabi_dcmpeq
                0x08011928                __aeabi_dcmplt
                0x0801193c                __aeabi_dcmple
                0x08011950                __aeabi_dcmpge
                0x08011964                __aeabi_dcmpgt
 .text          0x08011978       0x50 /home/laurence/CodeSourcery/Sourcery_G++_Lite/bin/../lib/gcc/arm-none-eabi/4.5.2/thumb2/libgcc.a(_arm_fixdfsi.o)
                0x08011978                __fixdfsi
                0x08011978                __aeabi_d2iz
 .text          0x080119c8       0x40 /home/laurence/CodeSourcery/Sourcery_G++_Lite/bin/../lib/gcc/arm-none-eabi/4.5.2/thumb2/libgcc.a(_arm_fixunsdfsi.o)
                0x080119c8                __fixunsdfsi
                0x080119c8                __aeabi_d2uiz
 .text          0x08011a08       0xa0 /home/laurence/CodeSourcery/Sourcery_G++_Lite/bin/../lib/gcc/arm-none-eabi/4.5.2/thumb2/libgcc.a(_arm_truncdfsf2.o)
                0x08011a08                __aeabi_d2f
                0x08011a08                __truncdfsf2
 .text          0x08011aa8      0x21c /home/laurence/CodeSourcery/Sourcery_G++_Lite/bin/../lib/gcc/arm-none-eabi/4.5.2/thumb2/libgcc.a(_arm_addsubsf3.o)
                0x08011aa8                __aeabi_frsub
                0x08011ab0                __subsf3
                0x08011ab0                __aeabi_fsub
                0x08011ab4                __aeabi_fadd
                0x08011ab4                __addsf3
                0x08011c14                __aeabi_ui2f
                0x08011c14                __floatunsisf
                0x08011c1c                __aeabi_i2f
                0x08011c1c                __floatsisf
                0x08011c38                __floatundisf
                0x08011c38                __aeabi_ul2f
                0x08011c48                __floatdisf
                0x08011c48                __aeabi_l2f
 .text          0x08011cc4      0x2a0 /home/laurence/CodeSourcery/Sourcery_G++_Lite/bin/../lib/gcc/arm-none-eabi/4.5.2/thumb2/libgcc.a(_arm_muldivsf3.o)
                0x08011cc4                __mulsf3
                0x08011cc4                __aeabi_fmul
                0x08011e2c                __divsf3
                0x08011e2c                __aeabi_fdiv
 .text          0x08011f64       0xec /home/laurence/CodeSourcery/Sourcery_G++_Lite/bin/../lib/gcc/arm-none-eabi/4.5.2/thumb2/libgcc.a(_arm_cmpsf2.o)
                0x08011f64                __gtsf2
                0x08011f64                __gesf2
                0x08011f6c                __lesf2
                0x08011f6c                __ltsf2
                0x08011f74                __nesf2
                0x08011f74                __eqsf2
                0x08011f74                __cmpsf2
                0x08011fd4                __aeabi_cfrcmple
                0x08011fdc                __aeabi_cfcmple
                0x08011fdc                __aeabi_cfcmpeq
                0x08011fec                __aeabi_fcmpeq
                0x08012000                __aeabi_fcmplt
                0x08012014                __aeabi_fcmple
                0x08012028                __aeabi_fcmpge
                0x0801203c                __aeabi_fcmpgt
 .text          0x08012050       0x4c /home/laurence/CodeSourcery/Sourcery_G++_Lite/bin/../lib/gcc/arm-none-eabi/4.5.2/thumb2/libgcc.a(_arm_fixsfsi.o)
                0x08012050                __fixsfsi
                0x08012050                __aeabi_f2iz
 .text          0x0801209c       0x40 /home/laurence/CodeSourcery/Sourcery_G++_Lite/bin/../lib/gcc/arm-none-eabi/4.5.2/thumb2/libgcc.a(_arm_fixunssfsi.o)
                0x0801209c                __aeabi_f2uiz
                0x0801209c                __fixunssfsi
 .text          0x080120dc        0xc /home/laurence/CodeSourcery/Sourcery_G++_Lite/bin/../lib/gcc/arm-none-eabi/4.5.2/../../../../arm-none-eabi/lib/thumb2/libc.a(lib_a-errno.o)
                0x080120dc                __errno
 .text          0x080120e8       0x20 /home/laurence/CodeSourcery/Sourcery_G++_Lite/bin/../lib/gcc/arm-none-eabi/4.5.2/../../../../arm-none-eabi/lib/thumb2/libc.a(lib_a-malloc.o)
                0x080120e8                malloc
                0x080120f8                free
 .text          0x08012108      0x57c /home/laurence/CodeSourcery/Sourcery_G++_Lite/bin/../lib/gcc/arm-none-eabi/4.5.2/../../../../arm-none-eabi/lib/thumb2/libc.a(lib_a-mallocr.o)
                0x08012108                _malloc_r
 .text          0x08012684        0x8 /home/laurence/CodeSourcery/Sourcery_G++_Lite/bin/../lib/gcc/arm-none-eabi/4.5.2/../../../../arm-none-eabi/lib/thumb2/libc.a(lib_a-mlock.o)
                0x08012684                __malloc_lock
                0x08012688                __malloc_unlock
 .text          0x0801268c       0x28 /home/laurence/CodeSourcery/Sourcery_G++_Lite/bin/../lib/gcc/arm-none-eabi/4.5.2/../../../../arm-none-eabi/lib/thumb2/libc.a(lib_a-sbrkr.o)
                0x0801268c                _sbrk_r
 .text          0x080126b4       0x60 /home/laurence/CodeSourcery/Sourcery_G++_Lite/bin/../lib/gcc/arm-none-eabi/4.5.2/../../../../arm-none-eabi/lib/thumb2/libc.a(lib_a-strlen.o)
                0x080126b4                strlen
 .text          0x08012714      0x240 /home/laurence/CodeSourcery/Sourcery_G++_Lite/bin/../lib/gcc/arm-none-eabi/4.5.2/../../../../arm-none-eabi/lib/thumb2/libc.a(lib_a-freer.o)
                0x08012714                _malloc_trim_r
                0x080127bc                _free_r
 .text          0x08012954       0x30 /home/laurence/CodeSourcery/Sourcery_G++_Lite/bin/../lib/gcc/arm-none-eabi/4.5.2/../../../../arm-none-eabi/lib/thumb2/libcs3.a(start_c.o)
                0x08012954                __cs3_premain
 .text.cs3.init
                0x08012984       0x50 /home/laurence/CodeSourcery/Sourcery_G++_Lite/bin/../lib/gcc/arm-none-eabi/4.5.2/../../../../arm-none-eabi/lib/thumb2/libcs3.a(start_c.o)
                0x08012984                __cs3_start_c
 .text          0x080129d4       0x40 /home/laurence/CodeSourcery/Sourcery_G++_Lite/bin/../lib/gcc/arm-none-eabi/4.5.2/../../../../arm-none-eabi/lib/thumb2/libcs3unhosted.a(unhosted-sbrk.o)
                0x080129d4                _sbrk
 .text.cs3.init
                0x08012a14       0x10 /home/laurence/CodeSourcery/Sourcery_G++_Lite/bin/../lib/gcc/arm-none-eabi/4.5.2/../../../../arm-none-eabi/lib/thumb2/libcs3unhosted.a(unhosted-start.o)
                0x08012a14                _start
 .text          0x08012a24        0x2 lib/libcs3-lanchon-stm32.a(lanchon_stm32_isr_interrupt.o)
                0x08012a24                MemManageException
                0x08012a24                BusFaultException
                0x08012a24                DMAChannel7_IRQHandler
                0x08012a24                DebugMonitor
                0x08012a24                SVCHandler
                0x08012a24                HardFaultException
                0x08012a24                __STM32ReservedException8
                0x08012a24                __STM32DefaultExceptionHandler
                0x08012a24                CAN_SCE_IRQHandler
                0x08012a24                __STM32ReservedException10
                0x08012a24                __STM32ReservedException13
                0x08012a24                NMIException
                0x08012a24                DMAChannel4_IRQHandler
                0x08012a24                PendSVC
                0x08012a24                CAN_RX1_IRQHandler
                0x08012a24                ADC_IRQHandler
                0x08012a24                DMAChannel5_IRQHandler
                0x08012a24                DMAChannel2_IRQHandler
                0x08012a24                __STM32ReservedException7
                0x08012a24                UsageFaultException
                0x08012a24                DMAChannel6_IRQHandler
                0x08012a24                DMAChannel3_IRQHandler
                0x08012a24                __STM32ReservedException9
 *fill*         0x08012a26        0x2 00
 .text          0x08012a28       0x50 /home/laurence/CodeSourcery/Sourcery_G++_Lite/bin/../lib/gcc/arm-none-eabi/4.5.2/../../../../arm-none-eabi/lib/thumb2/libc.a(lib_a-init.o)
                0x08012a28                __libc_init_array
 *(.plt)
 *(.gnu.warning)
 *(.glue_7t)
 .glue_7t       0x00000000        0x0 linker stubs
 *(.glue_7)
 .glue_7        0x00000000        0x0 linker stubs
 *(.vfp11_veneer)
 .vfp11_veneer  0x00000000        0x0 linker stubs
 *(.rodata .rodata.* .gnu.linkonce.r.*)
 .rodata        0x08012a78       0xac Util/USB/usb_desc.o
                0x08012a78                MASS_DeviceDescriptor
                0x08012a8c                MASS_ConfigDescriptor
                0x08012aac                MASS_StringLangID
                0x08012ab0                MASS_StringVendor
                0x08012ae4                MASS_StringProduct
                0x08012b14                MASS_StringInterface
 .rodata        0x08012b24     0x7738 Util/fat_fs/option/cc932.o
 .rodata.str1.4
                0x0801a25c       0x13 Util/fat_fs/src/ff.o
                                 0x14 (size before relaxing)
 *fill*         0x0801a26f        0x1 00
 .rodata        0x0801a270        0xc Util/fat_fs/src/rtc.o
 .rodata        0x0801a27c       0x14 Util/rprintf.o
 .rodata.str1.4
                0x0801a290       0x1a Util/rprintf.o
                                 0x1c (size before relaxing)
 *fill*         0x0801a2aa        0x2 00
 .rodata.str1.4
                0x0801a2ac       0x10 interrupts.o
 .rodata.str1.4
                0x0801a2bc       0xc8 main.o
 .rodata.str1.4
                0x0801a384       0x16 pwr.o
                                 0x18 (size before relaxing)
 *fill*         0x0801a39a        0x2 00
 .rodata.str1.4
                0x0801a39c        0x5 /home/laurence/CodeSourcery/Sourcery_G++_Lite/bin/../lib/gcc/arm-none-eabi/4.5.2/../../../../arm-none-eabi/lib/thumb2/libm.a(lib_a-w_sqrt.o)
                                  0x8 (size before relaxing)
 *fill*         0x0801a3a1        0x3 00
 .rodata.str1.4
                0x0801a3a4        0x6 /home/laurence/CodeSourcery/Sourcery_G++_Lite/bin/../lib/gcc/arm-none-eabi/4.5.2/../../../../arm-none-eabi/lib/thumb2/libm.a(lib_a-wf_asin.o)
                                  0xc (size before relaxing)
 *fill*         0x0801a3aa        0x2 00
 .rodata        0x0801a3ac      0x398 /home/laurence/CodeSourcery/Sourcery_G++_Lite/bin/../lib/gcc/arm-none-eabi/4.5.2/../../../../arm-none-eabi/lib/thumb2/libm.a(lib_a-ef_rem_pio2.o)
 .rodata        0x0801a744       0x38 /home/laurence/CodeSourcery/Sourcery_G++_Lite/bin/../lib/gcc/arm-none-eabi/4.5.2/../../../../arm-none-eabi/lib/thumb2/libm.a(lib_a-kf_rem_pio2.o)
 .rodata.str1.4
                0x0801a77c        0x4 /home/laurence/CodeSourcery/Sourcery_G++_Lite/bin/../lib/gcc/arm-none-eabi/4.5.2/../../../../arm-none-eabi/lib/thumb2/libc.a(lib_a-impure.o)
 *(.ARM.extab* .gnu.linkonce.armextab.*)
 *(.gcc_except_table)
 *(.eh_frame_hdr)
 *(.eh_frame)
                0x0801a780                . = ALIGN (0x4)
 *(.init)
 .init          0x0801a780        0x4 /home/laurence/CodeSourcery/Sourcery_G++_Lite/bin/../lib/gcc/arm-none-eabi/4.5.2/thumb2/crti.o
                0x0801a780                _init
 .init          0x0801a784        0x8 /home/laurence/CodeSourcery/Sourcery_G++_Lite/bin/../lib/gcc/arm-none-eabi/4.5.2/thumb2/crtn.o
                0x0801a78c                . = ALIGN (0x4)
                0x0801a78c                __preinit_array_start = .
 *(.preinit_array)
                0x0801a78c                __preinit_array_end = .
                0x0801a78c                . = ALIGN (0x4)
                0x0801a78c                __init_array_start = .
 *(SORT(.init_array.*))
 *(.init_array)
 .init_array    0x0801a78c        0x4 /home/laurence/CodeSourcery/Sourcery_G++_Lite/bin/../lib/gcc/arm-none-eabi/4.5.2/thumb2/crtbegin.o
                0x0801a790                __init_array_end = .
                0x0801a790                . = ALIGN (0x4)
 *crtbegin.o(.ctors)
 *(EXCLUDE_FILE(*crtend.o) .ctors)
 *(SORT(.ctors.*))
 *crtend.o(.ctors)
                0x0801a790                . = ALIGN (0x4)
 *(.fini)
 .fini          0x0801a790        0x4 /home/laurence/CodeSourcery/Sourcery_G++_Lite/bin/../lib/gcc/arm-none-eabi/4.5.2/thumb2/crti.o
                0x0801a790                _fini
 .fini          0x0801a794        0x8 /home/laurence/CodeSourcery/Sourcery_G++_Lite/bin/../lib/gcc/arm-none-eabi/4.5.2/thumb2/crtn.o
                0x0801a79c                . = ALIGN (0x4)
                0x0801a79c                __fini_array_start = .
 *(.fini_array)
 .fini_array    0x0801a79c        0x4 /home/laurence/CodeSourcery/Sourcery_G++_Lite/bin/../lib/gcc/arm-none-eabi/4.5.2/thumb2/crtbegin.o
 *(SORT(.fini_array.*))
                0x0801a7a0                __fini_array_end = .
 *crtbegin.o(.dtors)
 *(EXCLUDE_FILE(*crtend.o) .dtors)
 *(SORT(.dtors.*))
 *crtend.o(.dtors)
                0x0801a7a0                . = ALIGN (0x4)
                0x0801a7a0                __cs3_regions = .
                0x0801a7a0        0x4 LONG 0x0
                0x0801a7a4        0x4 LONG 0x801a7b8 __cs3_region_init_ram
                0x0801a7a8        0x4 LONG 0x20000000 __cs3_region_start_ram
                0x0801a7ac        0x4 LONG 0x680 __cs3_region_init_size_ram
                0x0801a7b0        0x4 LONG 0x828 __cs3_region_zero_size_ram
                0x0801a7b4                __exidx_start = .

.v4_bx          0x0801a7b4        0x0
 .v4_bx         0x00000000        0x0 linker stubs

.ARM.exidx
 *(.ARM.exidx* .gnu.linkonce.armexidx.*)
                0x0801a7b4                __exidx_end = .

.text.align     0x0801a7b4        0x4
                0x0801a7b8                . = ALIGN (0x8)
 *fill*         0x0801a7b4        0x4 00
                0x0801a7b8                _etext = .
                0x08020000                __cs3_region_end_rom = (__cs3_region_start_rom + 0x20000)
                0x00020000                __cs3_region_size_rom = 0x20000
                0x00000001                __cs3_region_num = 0x1

.data           0x20000000      0x680 load address 0x0801a7b8
                0x20000000                __cs3_region_start_ram = .
 *(.cs3.region-head.ram)
 *(.jcr)
 .jcr           0x20000000        0x0 /home/laurence/CodeSourcery/Sourcery_G++_Lite/bin/../lib/gcc/arm-none-eabi/4.5.2/thumb2/crtbegin.o
 .jcr           0x20000000        0x4 /home/laurence/CodeSourcery/Sourcery_G++_Lite/bin/../lib/gcc/arm-none-eabi/4.5.2/thumb2/crtend.o
 *(.got.plt)
 *(.got)
 *(.shdata)
 *(.data .data.* .gnu.linkonce.d.*)
 .data          0x20000004       0x74 Util/USB/scsi_data.o
                0x20000004                Standard_Inquiry_Data
                0x20000028                Standard_Inquiry_Data2
                0x2000004c                Mode_Sense6_data
                0x20000050                Mode_Sense10_data
                0x20000058                Scsi_Sense_Data
                0x2000006c                ReadFormatCapacity_Data
 .data          0x20000078       0x1c Util/USB/usb_desc.o
                0x20000078                MASS_StringSerial
 .data          0x20000094       0x38 Util/USB/usb_istr.o
                0x20000094                pEpInt_IN
                0x200000b0                pEpInt_OUT
 .data          0x200000cc       0x90 Util/USB/usb_prop.o
                0x200000cc                String_Descriptor
                0x200000f4                Config_Descriptor
                0x200000fc                Device_Descriptor
                0x20000104                Device_Property
                0x20000134                Device_Table
                0x20000138                User_Standard_Requests
 .data          0x2000015c        0x1 Util/USB/usb_pwr.o
                0x2000015c                fSuspendEnabled
 .data          0x2000015d        0x1 Util/fat_fs/src/sd_spi_stm32.o
 .data          0x2000015e       0x14 lib/STM32F10x_StdPeriph_Driver/libstm32fw.a(stm32f10x_rcc.o)
 .data          0x20000172        0x1 /home/laurence/CodeSourcery/Sourcery_G++_Lite/bin/../lib/gcc/arm-none-eabi/4.5.2/../../../../arm-none-eabi/lib/thumb2/libm.a(lib_a-s_lib_ver.o)
                0x20000172                __fdlib_version
 *fill*         0x20000173        0x1 00
 .data          0x20000174       0xf4 /home/laurence/CodeSourcery/Sourcery_G++_Lite/bin/../lib/gcc/arm-none-eabi/4.5.2/../../../../arm-none-eabi/lib/thumb2/libc.a(lib_a-impure.o)
                0x20000174                _impure_ptr
 .data          0x20000268      0x410 /home/laurence/CodeSourcery/Sourcery_G++_Lite/bin/../lib/gcc/arm-none-eabi/4.5.2/../../../../arm-none-eabi/lib/thumb2/libc.a(lib_a-mallocr.o)
                0x20000268                __malloc_av_
                0x20000670                __malloc_sbrk_base
                0x20000674                __malloc_trim_threshold
 .data          0x20000678        0x4 /home/laurence/CodeSourcery/Sourcery_G++_Lite/bin/../lib/gcc/arm-none-eabi/4.5.2/../../../../arm-none-eabi/lib/thumb2/libcs3unhosted.a(unhosted-sbrk.o)
 .data          0x2000067c        0x4 /home/laurence/CodeSourcery/Sourcery_G++_Lite/bin/../lib/gcc/arm-none-eabi/4.5.2/../../../../arm-none-eabi/lib/thumb2/libcs3.a(heap.o)
                0x2000067c                __cs3_heap_limit
 *(.ram)
                0x20000680                . = ALIGN (0x8)
                0x20000680                _edata = .

.bss            0x20000680      0x828 load address 0x0801ae38
 *(.shbss)
 *(.bss .bss.* .gnu.linkonce.b.*)
 .bss           0x20000680        0x1 /home/laurence/CodeSourcery/Sourcery_G++_Lite/bin/../lib/gcc/arm-none-eabi/4.5.2/thumb2/crtbegin.o
 *fill*         0x20000681        0x3 00
 .bss           0x20000684       0x18 Sensors/ppg.o
 .bss           0x2000069c       0x34 Sensors/pressure.o
 .bss           0x200006d0        0x4 Util/USB/mass_mal.o
                0x200006d0                Status
 .bss           0x200006d4       0x1c Util/USB/memory.o
                0x200006d4                TransferState
                0x200006e0                Block_Read_count
                0x200006e4                Counter
 .bss           0x200006f0       0x10 Util/USB/scsi_data.o
                0x200006f0                Page00_Inquiry_Data
                0x200006f8                ReadCapacity10_Data
 .bss           0x20000700        0x1 Util/USB/usb_istr.o
                0x20000700                bIntPackSOF
 *fill*         0x20000701        0x3 00
 .bss           0x20000704        0x4 Util/USB/usb_prop.o
                0x20000704                Max_Lun
 .bss           0x20000708        0x4 Util/USB/usb_pwr.o
                0x20000708                bDeviceState
 .bss           0x2000070c        0x8 Util/fat_fs/src/ff.o
 .bss           0x20000714       0x10 Util/fat_fs/src/sd_spi_stm32.o
 .bss           0x20000724       0x84 Util/rprintf.o
 .bss           0x200007a8       0x14 interrupts.o
 .bss           0x200007bc      0x234 main.o
                0x200009ec                file_opened
 .bss           0x200009f0        0x1 lib/STM32_USB-FS-Device_Driver/libstm32usb.a(usb_core.o)
                0x200009f0                Data_Mul_MaxPacketSize
 *fill*         0x200009f1        0x3 00
 .bss           0x200009f4       0x34 /home/laurence/CodeSourcery/Sourcery_G++_Lite/bin/../lib/gcc/arm-none-eabi/4.5.2/../../../../arm-none-eabi/lib/thumb2/libc.a(lib_a-mallocr.o)
                0x200009f4                __malloc_top_pad
                0x200009f8                __malloc_current_mallinfo
                0x20000a20                __malloc_max_sbrked_mem
                0x20000a24                __malloc_max_total_mem
 *(COMMON)
 COMMON         0x20000a28        0xc Sensors/ppg.o
                0x20000a28                Last_PPG_Values
 COMMON         0x20000a34        0x4 Sensors/pressure.o
                0x20000a34                pressure_offset
 COMMON         0x20000a38       0x1c Util/USB/mass_mal.o
                0x20000a38                Mass_Memory_Size
                0x20000a40                Mass_Block_Size
                0x20000a48                Mass_Block_Count
                0x20000a50                Data_Buffer
 COMMON         0x20000a54        0x8 Util/USB/memory.o
                0x20000a54                Block_offset
                0x20000a58                Idx
 COMMON         0x20000a5c       0x7c Util/USB/usb_bot.o
                0x20000a5c                CBW
                0x20000a7c                Data_Len
                0x20000a7e                Bot_State
                0x20000a80                SCSI_LBA
                0x20000a84                CSW
                0x20000a94                SCSI_BlkLen
                0x20000a98                Bulk_Data_Buff
 COMMON         0x20000ad8        0x2 Util/USB/usb_istr.o
                0x20000ad8                wIstr
 *fill*         0x20000ada        0x2 00
 COMMON         0x20000adc        0x2 Util/USB/usb_pwr.o
                0x20000adc                ResumeS
 *fill*         0x20000ade        0x2 00
 COMMON         0x20000ae0        0x4 adc.o
                0x20000ae0                ADC1_Convertion_buff
 COMMON         0x20000ae4        0x1 gpio.o
                0x20000ae4                bootsource
 COMMON         0x20000ae5        0x1 interrupts.o
                0x20000ae5                Button_hold_tim
 *fill*         0x20000ae6        0x2 00
 COMMON         0x20000ae8      0x37c main.o
                0x20000ae8                Pressure_control
                0x20000aec                pressure_setpoint
                0x20000af0                f_err_code
                0x20000af4                Device_Temperature
                0x20000af8                Buff
                0x20000b10                System_state_Global
                0x20000b14                Millis
                0x20000b18                FATFS_info
                0x20000b38                print_string
                0x20000c38                a
                0x20000c3c                reported_pressure
                0x20000c40                FATFS_logfile
 COMMON         0x20000e64        0x2 lib/STM32_USB-FS-Device_Driver/libstm32usb.a(usb_core.o)
                0x20000e64                StatusInfo
 *fill*         0x20000e66        0x2 00
 COMMON         0x20000e68       0x32 lib/STM32_USB-FS-Device_Driver/libstm32usb.a(usb_init.o)
                0x20000e68                SaveState
                0x20000e6c                pProperty
                0x20000e70                EPindex
                0x20000e74                Device_Info
                0x20000e90                pUser_Standard_Requests
                0x20000e94                pInformation
                0x20000e98                wInterrupt_Mask
 COMMON         0x20000e9a        0x4 lib/STM32_USB-FS-Device_Driver/libstm32usb.a(usb_int.o)
                0x20000e9a                SaveRState
                0x20000e9c                SaveTState
 *fill*         0x20000e9e        0x2 00
 COMMON         0x20000ea0        0x4 /home/laurence/CodeSourcery/Sourcery_G++_Lite/bin/../lib/gcc/arm-none-eabi/4.5.2/../../../../arm-none-eabi/lib/thumb2/libc.a(lib_a-reent.o)
                0x20000ea0                errno
 *(.ram.b)
                0x20000ea8                . = ALIGN (0x8)
 *fill*         0x20000ea4        0x4 00
                0x20000ea8                _end = .
                0x20000ea8                __end = .
                0x20005000                __cs3_region_end_ram = (__cs3_region_start_ram + 0x5000)
                0x00005000                __cs3_region_size_ram = 0x5000
                0x0801a7b8                __cs3_region_init_ram = LOADADDR (.data)
                0x00000680                __cs3_region_init_size_ram = (_edata - ADDR (.data))
                0x00000828                __cs3_region_zero_size_ram = (_end - _edata)
                0x00000001                __cs3_region_num = 0x1

.stab
 *(.stab)

.stabstr
 *(.stabstr)

.debug
 *(.debug)

.line
 *(.line)

.debug_srcinfo
 *(.debug_srcinfo)

.debug_sfnames
 *(.debug_sfnames)

.comment        0x00000000       0x2a
 .comment       0x00000000       0x2a Sensors/ppg.o
                                 0x2b (size before relaxing)
 .comment       0x00000000       0x2b Sensors/pressure.o
 .comment       0x00000000       0x2b Sensors/temperature.o
 .comment       0x00000000       0x2b Util/USB/hw_config.o
 .comment       0x00000000       0x2b Util/USB/mass_mal.o
 .comment       0x00000000       0x2b Util/USB/memory.o
 .comment       0x00000000       0x2b Util/USB/scsi_data.o
 .comment       0x00000000       0x2b Util/USB/usb_bot.o
 .comment       0x00000000       0x2b Util/USB/usb_desc.o
 .comment       0x00000000       0x2b Util/USB/usb_endp.o
 .comment       0x00000000       0x2b Util/USB/usb_istr.o
 .comment       0x00000000       0x2b Util/USB/usb_prop.o
 .comment       0x00000000       0x2b Util/USB/usb_pwr.o
 .comment       0x00000000       0x2b Util/USB/usb_scsi.o
 .comment       0x00000000       0x2b Util/buffer.o
 .comment       0x00000000       0x2b Util/fat_fs/option/cc932.o
 .comment       0x00000000       0x2b Util/fat_fs/option/syscall.o
 .comment       0x00000000       0x2b Util/fat_fs/src/fattime.o
 .comment       0x00000000       0x2b Util/fat_fs/src/ff.o
 .comment       0x00000000       0x2b Util/fat_fs/src/rtc.o
 .comment       0x00000000       0x2b Util/fat_fs/src/sd_spi_stm32.o
 .comment       0x00000000       0x2b Util/rprintf.o
 .comment       0x00000000       0x2b Util/stm32_eval_spi_sd.o
 .comment       0x00000000       0x2b adc.o
 .comment       0x00000000       0x2b gpio.o
 .comment       0x00000000       0x2b interrupts.o
 .comment       0x00000000       0x2b lib/CMSIS_CM3/core_cm3.o
 .comment       0x00000000       0x2b lib/CMSIS_CM3/system_stm32f10x.o
 .comment       0x00000000       0x2b main.o
 .comment       0x00000000       0x2b pwr.o
 .comment       0x00000000       0x2b timer.o
 .comment       0x00000000       0x2b usart.o
 .comment       0x00000000       0x2b lib/STM32F10x_StdPeriph_Driver/libstm32fw.a(misc.o)
 .comment       0x00000000       0x2b lib/STM32F10x_StdPeriph_Driver/libstm32fw.a(stm32f10x_adc.o)
 .comment       0x00000000       0x2b lib/STM32F10x_StdPeriph_Driver/libstm32fw.a(stm32f10x_bkp.o)
 .comment       0x00000000       0x2b lib/STM32F10x_StdPeriph_Driver/libstm32fw.a(stm32f10x_dma.o)
 .comment       0x00000000       0x2b lib/STM32F10x_StdPeriph_Driver/libstm32fw.a(stm32f10x_exti.o)
 .comment       0x00000000       0x2b lib/STM32F10x_StdPeriph_Driver/libstm32fw.a(stm32f10x_gpio.o)
 .comment       0x00000000       0x2b lib/STM32F10x_StdPeriph_Driver/libstm32fw.a(stm32f10x_pwr.o)
 .comment       0x00000000       0x2b lib/STM32F10x_StdPeriph_Driver/libstm32fw.a(stm32f10x_rcc.o)
 .comment       0x00000000       0x2b lib/STM32F10x_StdPeriph_Driver/libstm32fw.a(stm32f10x_rtc.o)
 .comment       0x00000000       0x2b lib/STM32F10x_StdPeriph_Driver/libstm32fw.a(stm32f10x_spi.o)
 .comment       0x00000000       0x2b lib/STM32F10x_StdPeriph_Driver/libstm32fw.a(stm32f10x_tim.o)
 .comment       0x00000000       0x2b lib/STM32F10x_StdPeriph_Driver/libstm32fw.a(stm32f10x_usart.o)
 .comment       0x00000000       0x2b lib/STM32_USB-FS-Device_Driver/libstm32usb.a(usb_core.o)
 .comment       0x00000000       0x2b lib/STM32_USB-FS-Device_Driver/libstm32usb.a(usb_init.o)
 .comment       0x00000000       0x2b lib/STM32_USB-FS-Device_Driver/libstm32usb.a(usb_int.o)
 .comment       0x00000000       0x2b lib/STM32_USB-FS-Device_Driver/libstm32usb.a(usb_mem.o)
 .comment       0x00000000       0x2b lib/STM32_USB-FS-Device_Driver/libstm32usb.a(usb_regs.o)
 .comment       0x00000000       0x2b lib/STM32_USB-FS-Device_Driver/libstm32usb.a(usb_sil.o)

.debug_aranges  0x00000000      0x3c8
 *(.debug_aranges)
 .debug_aranges
                0x00000000       0x20 Sensors/ppg.o
 .debug_aranges
                0x00000020       0x20 Sensors/pressure.o
 .debug_aranges
                0x00000040       0x20 Sensors/temperature.o
 .debug_aranges
                0x00000060       0x20 Util/USB/hw_config.o
 .debug_aranges
                0x00000080       0x20 Util/USB/mass_mal.o
 .debug_aranges
                0x000000a0       0x20 Util/USB/memory.o
 .debug_aranges
                0x000000c0       0x20 Util/USB/usb_bot.o
 .debug_aranges
                0x000000e0       0x20 Util/USB/usb_endp.o
 .debug_aranges
                0x00000100       0x20 Util/USB/usb_istr.o
 .debug_aranges
                0x00000120       0x20 Util/USB/usb_prop.o
 .debug_aranges
                0x00000140       0x20 Util/USB/usb_pwr.o
 .debug_aranges
                0x00000160       0x20 Util/USB/usb_scsi.o
 .debug_aranges
                0x00000180       0x20 Util/buffer.o
 .debug_aranges
                0x000001a0       0x20 Util/fat_fs/option/cc932.o
 .debug_aranges
                0x000001c0       0x20 Util/fat_fs/src/fattime.o
 .debug_aranges
                0x000001e0       0x20 Util/fat_fs/src/ff.o
 .debug_aranges
                0x00000200       0x20 Util/fat_fs/src/rtc.o
 .debug_aranges
                0x00000220       0x20 Util/fat_fs/src/sd_spi_stm32.o
 .debug_aranges
                0x00000240       0x20 Util/rprintf.o
 .debug_aranges
                0x00000260       0x20 Util/stm32_eval_spi_sd.o
 .debug_aranges
                0x00000280       0x20 adc.o
 .debug_aranges
                0x000002a0       0x20 gpio.o
 .debug_aranges
                0x000002c0       0x20 interrupts.o
 .debug_aranges
                0x000002e0       0x20 lib/CMSIS_CM3/core_cm3.o
 .debug_aranges
                0x00000300       0x28 lib/CMSIS_CM3/startup/gcc/startup_stm32f10x_md.o
 .debug_aranges
                0x00000328       0x20 lib/CMSIS_CM3/system_stm32f10x.o
 .debug_aranges
                0x00000348       0x20 main.o
 .debug_aranges
                0x00000368       0x20 pwr.o
 .debug_aranges
                0x00000388       0x20 timer.o
 .debug_aranges
                0x000003a8       0x20 usart.o

.debug_pubnames
                0x00000000     0x154f
 *(.debug_pubnames)
 .debug_pubnames
                0x00000000       0x87 Sensors/ppg.o
 .debug_pubnames
                0x00000087       0x6a Sensors/pressure.o
 .debug_pubnames
                0x000000f1       0x27 Sensors/temperature.o
 .debug_pubnames
                0x00000118      0x113 Util/USB/hw_config.o
 .debug_pubnames
                0x0000022b       0xa5 Util/USB/mass_mal.o
 .debug_pubnames
                0x000002d0       0x7f Util/USB/memory.o
 .debug_pubnames
                0x0000034f       0xd2 Util/USB/scsi_data.o
 .debug_pubnames
                0x00000421       0xd9 Util/USB/usb_bot.o
 .debug_pubnames
                0x000004fa       0xb8 Util/USB/usb_desc.o
 .debug_pubnames
                0x000005b2       0x3b Util/USB/usb_endp.o
 .debug_pubnames
                0x000005ed       0x56 Util/USB/usb_istr.o
 .debug_pubnames
                0x00000643      0x1f6 Util/USB/usb_prop.o
 .debug_pubnames
                0x00000839       0x83 Util/USB/usb_pwr.o
 .debug_pubnames
                0x000008bc      0x195 Util/USB/usb_scsi.o
 .debug_pubnames
                0x00000a51       0x48 Util/buffer.o
 .debug_pubnames
                0x00000a99       0x31 Util/fat_fs/option/cc932.o
 .debug_pubnames
                0x00000aca       0x22 Util/fat_fs/src/fattime.o
 .debug_pubnames
                0x00000aec      0x14a Util/fat_fs/src/ff.o
 .debug_pubnames
                0x00000c36       0x55 Util/fat_fs/src/rtc.o
 .debug_pubnames
                0x00000c8b       0x75 Util/fat_fs/src/sd_spi_stm32.o
 .debug_pubnames
                0x00000d00       0xf9 Util/rprintf.o
 .debug_pubnames
                0x00000df9      0x167 Util/stm32_eval_spi_sd.o
 .debug_pubnames
                0x00000f60       0x66 adc.o
 .debug_pubnames
                0x00000fc6       0x72 gpio.o
 .debug_pubnames
                0x00001038      0x108 interrupts.o
 .debug_pubnames
                0x00001140      0x159 lib/CMSIS_CM3/core_cm3.o
 .debug_pubnames
                0x00001299       0xa3 lib/CMSIS_CM3/system_stm32f10x.o
 .debug_pubnames
                0x0000133c      0x120 main.o
 .debug_pubnames
                0x0000145c       0x54 pwr.o
 .debug_pubnames
                0x000014b0       0x3b timer.o
 .debug_pubnames
                0x000014eb       0x64 usart.o

.debug_info     0x00000000     0xe701
 *(.debug_info .gnu.linkonce.wi.*)
 .debug_info    0x00000000      0x636 Sensors/ppg.o
 .debug_info    0x00000636      0x1e1 Sensors/pressure.o
 .debug_info    0x00000817       0xaf Sensors/temperature.o
 .debug_info    0x000008c6      0x731 Util/USB/hw_config.o
 .debug_info    0x00000ff7      0x302 Util/USB/mass_mal.o
 .debug_info    0x000012f9      0x333 Util/USB/memory.o
 .debug_info    0x0000162c      0x16b Util/USB/scsi_data.o
 .debug_info    0x00001797      0x49d Util/USB/usb_bot.o
 .debug_info    0x00001c34      0x187 Util/USB/usb_desc.o
 .debug_info    0x00001dbb       0x98 Util/USB/usb_endp.o
 .debug_info    0x00001e53      0x311 Util/USB/usb_istr.o
 .debug_info    0x00002164      0x9b4 Util/USB/usb_prop.o
 .debug_info    0x00002b18      0x3c3 Util/USB/usb_pwr.o
 .debug_info    0x00002edb      0x899 Util/USB/usb_scsi.o
 .debug_info    0x00003774      0x194 Util/buffer.o
 .debug_info    0x00003908      0x1b9 Util/fat_fs/option/cc932.o
 .debug_info    0x00003ac1       0x77 Util/fat_fs/option/syscall.o
 .debug_info    0x00003b38      0x15a Util/fat_fs/src/fattime.o
 .debug_info    0x00003c92     0x325b Util/fat_fs/src/ff.o
 .debug_info    0x00006eed      0x532 Util/fat_fs/src/rtc.o
 .debug_info    0x0000741f     0x183f Util/fat_fs/src/sd_spi_stm32.o
 .debug_info    0x00008c5e      0xe1f Util/rprintf.o
 .debug_info    0x00009a7d     0x1a18 Util/stm32_eval_spi_sd.o
 .debug_info    0x0000b495      0x448 adc.o
 .debug_info    0x0000b8dd      0x2bf gpio.o
 .debug_info    0x0000bb9c      0xd9e interrupts.o
 .debug_info    0x0000c93a      0x547 lib/CMSIS_CM3/core_cm3.o
 .debug_info    0x0000ce81       0x79 lib/CMSIS_CM3/startup/gcc/startup_stm32f10x_md.o
 .debug_info    0x0000cefa      0x2d0 lib/CMSIS_CM3/system_stm32f10x.o
 .debug_info    0x0000d1ca      0x869 main.o
 .debug_info    0x0000da33      0x346 pwr.o
 .debug_info    0x0000dd79      0x53f timer.o
 .debug_info    0x0000e2b8      0x449 usart.o

.debug_abbrev   0x00000000     0x2e9d
 *(.debug_abbrev)
 .debug_abbrev  0x00000000      0x1af Sensors/ppg.o
 .debug_abbrev  0x000001af      0x111 Sensors/pressure.o
 .debug_abbrev  0x000002c0       0x61 Sensors/temperature.o
 .debug_abbrev  0x00000321      0x2d3 Util/USB/hw_config.o
 .debug_abbrev  0x000005f4      0x111 Util/USB/mass_mal.o
 .debug_abbrev  0x00000705      0x110 Util/USB/memory.o
 .debug_abbrev  0x00000815       0x5c Util/USB/scsi_data.o
 .debug_abbrev  0x00000871      0x198 Util/USB/usb_bot.o
 .debug_abbrev  0x00000a09       0x63 Util/USB/usb_desc.o
 .debug_abbrev  0x00000a6c       0x41 Util/USB/usb_endp.o
 .debug_abbrev  0x00000aad      0x113 Util/USB/usb_istr.o
 .debug_abbrev  0x00000bc0      0x1d0 Util/USB/usb_prop.o
 .debug_abbrev  0x00000d90      0x1bd Util/USB/usb_pwr.o
 .debug_abbrev  0x00000f4d      0x253 Util/USB/usb_scsi.o
 .debug_abbrev  0x000011a0       0xc1 Util/buffer.o
 .debug_abbrev  0x00001261       0xd2 Util/fat_fs/option/cc932.o
 .debug_abbrev  0x00001333       0x2c Util/fat_fs/option/syscall.o
 .debug_abbrev  0x0000135f       0x97 Util/fat_fs/src/fattime.o
 .debug_abbrev  0x000013f6      0x2f7 Util/fat_fs/src/ff.o
 .debug_abbrev  0x000016ed      0x213 Util/fat_fs/src/rtc.o
 .debug_abbrev  0x00001900      0x34b Util/fat_fs/src/sd_spi_stm32.o
 .debug_abbrev  0x00001c4b      0x2e4 Util/rprintf.o
 .debug_abbrev  0x00001f2f      0x2e8 Util/stm32_eval_spi_sd.o
 .debug_abbrev  0x00002217      0x143 adc.o
 .debug_abbrev  0x0000235a      0x143 gpio.o
 .debug_abbrev  0x0000249d      0x274 interrupts.o
 .debug_abbrev  0x00002711       0xc1 lib/CMSIS_CM3/core_cm3.o
 .debug_abbrev  0x000027d2       0x12 lib/CMSIS_CM3/startup/gcc/startup_stm32f10x_md.o
 .debug_abbrev  0x000027e4      0x112 lib/CMSIS_CM3/system_stm32f10x.o
 .debug_abbrev  0x000028f6      0x1fc main.o
 .debug_abbrev  0x00002af2      0x10c pwr.o
 .debug_abbrev  0x00002bfe      0x119 timer.o
 .debug_abbrev  0x00002d17      0x186 usart.o

.debug_line     0x00000000     0xb201
 *(.debug_line)
 .debug_line    0x00000000      0x6c2 Sensors/ppg.o
 .debug_line    0x000006c2      0x320 Sensors/pressure.o
 .debug_line    0x000009e2      0x2eb Sensors/temperature.o
 .debug_line    0x00000ccd      0x5e6 Util/USB/hw_config.o
 .debug_line    0x000012b3      0x558 Util/USB/mass_mal.o
 .debug_line    0x0000180b      0x454 Util/USB/memory.o
 .debug_line    0x00001c5f      0x323 Util/USB/scsi_data.o
 .debug_line    0x00001f82      0x546 Util/USB/usb_bot.o
 .debug_line    0x000024c8      0x2d7 Util/USB/usb_desc.o
 .debug_line    0x0000279f      0x3a4 Util/USB/usb_endp.o
 .debug_line    0x00002b43      0x3df Util/USB/usb_istr.o
 .debug_line    0x00002f22      0x493 Util/USB/usb_prop.o
 .debug_line    0x000033b5      0x43c Util/USB/usb_pwr.o
 .debug_line    0x000037f1      0x63d Util/USB/usb_scsi.o
 .debug_line    0x00003e2e      0x4a4 Util/buffer.o
 .debug_line    0x000042d2       0xd8 Util/fat_fs/option/cc932.o
 .debug_line    0x000043aa      0x2fc Util/fat_fs/option/syscall.o
 .debug_line    0x000046a6      0x179 Util/fat_fs/src/fattime.o
 .debug_line    0x0000481f     0x1c86 Util/fat_fs/src/ff.o
 .debug_line    0x000064a5      0x469 Util/fat_fs/src/rtc.o
 .debug_line    0x0000690e      0x830 Util/fat_fs/src/sd_spi_stm32.o
 .debug_line    0x0000713e      0xcdc Util/rprintf.o
 .debug_line    0x00007e1a      0x98f Util/stm32_eval_spi_sd.o
 .debug_line    0x000087a9      0x696 adc.o
 .debug_line    0x00008e3f      0x404 gpio.o
 .debug_line    0x00009243      0x71d interrupts.o
 .debug_line    0x00009960      0x198 lib/CMSIS_CM3/core_cm3.o
 .debug_line    0x00009af8       0x84 lib/CMSIS_CM3/startup/gcc/startup_stm32f10x_md.o
 .debug_line    0x00009b7c      0x320 lib/CMSIS_CM3/system_stm32f10x.o
 .debug_line    0x00009e9c      0x73f main.o
 .debug_line    0x0000a5db      0x372 pwr.o
 .debug_line    0x0000a94d      0x346 timer.o
 .debug_line    0x0000ac93      0x56e usart.o

.debug_frame    0x00000000     0x1e30
 *(.debug_frame)
 .debug_frame   0x00000000       0x94 Sensors/ppg.o
 .debug_frame   0x00000094       0x8c Sensors/pressure.o
 .debug_frame   0x00000120       0x28 Sensors/temperature.o
 .debug_frame   0x00000148       0xec Util/USB/hw_config.o
 .debug_frame   0x00000234       0x80 Util/USB/mass_mal.o
 .debug_frame   0x000002b4       0x50 Util/USB/memory.o
 .debug_frame   0x00000304       0xc0 Util/USB/usb_bot.o
 .debug_frame   0x000003c4       0x30 Util/USB/usb_endp.o
 .debug_frame   0x000003f4       0x2c Util/USB/usb_istr.o
 .debug_frame   0x00000420      0x11c Util/USB/usb_prop.o
 .debug_frame   0x0000053c       0x94 Util/USB/usb_pwr.o
 .debug_frame   0x000005d0      0x180 Util/USB/usb_scsi.o
 .debug_frame   0x00000750       0x64 Util/buffer.o
 .debug_frame   0x000007b4       0x3c Util/fat_fs/option/cc932.o
 .debug_frame   0x000007f0       0x2c Util/fat_fs/src/fattime.o
 .debug_frame   0x0000081c      0x564 Util/fat_fs/src/ff.o
 .debug_frame   0x00000d80       0x84 Util/fat_fs/src/rtc.o
 .debug_frame   0x00000e04      0x12c Util/fat_fs/src/sd_spi_stm32.o
 .debug_frame   0x00000f30      0x1d4 Util/rprintf.o
 .debug_frame   0x00001104      0x25c Util/stm32_eval_spi_sd.o
 .debug_frame   0x00001360       0x78 adc.o
 .debug_frame   0x000013d8       0x78 gpio.o
 .debug_frame   0x00001450      0x110 interrupts.o
 .debug_frame   0x00001560      0x170 lib/CMSIS_CM3/core_cm3.o
 .debug_frame   0x000016d0       0x24 lib/CMSIS_CM3/system_stm32f10x.o
 .debug_frame   0x000016f4       0x70 main.o
 .debug_frame   0x00001764       0x70 pwr.o
 .debug_frame   0x000017d4       0x68 timer.o
 .debug_frame   0x0000183c       0x78 usart.o
 .debug_frame   0x000018b4       0x2c /home/laurence/CodeSourcery/Sourcery_G++_Lite/bin/../lib/gcc/arm-none-eabi/4.5.2/../../../../arm-none-eabi/lib/thumb2/libm.a(lib_a-sf_sin.o)
 .debug_frame   0x000018e0       0x38 /home/laurence/CodeSourcery/Sourcery_G++_Lite/bin/../lib/gcc/arm-none-eabi/4.5.2/../../../../arm-none-eabi/lib/thumb2/libm.a(lib_a-w_sqrt.o)
 .debug_frame   0x00001918       0x30 /home/laurence/CodeSourcery/Sourcery_G++_Lite/bin/../lib/gcc/arm-none-eabi/4.5.2/../../../../arm-none-eabi/lib/thumb2/libm.a(lib_a-wf_asin.o)
 .debug_frame   0x00001948       0x34 /home/laurence/CodeSourcery/Sourcery_G++_Lite/bin/../lib/gcc/arm-none-eabi/4.5.2/../../../../arm-none-eabi/lib/thumb2/libm.a(lib_a-e_sqrt.o)
 .debug_frame   0x0000197c       0x34 /home/laurence/CodeSourcery/Sourcery_G++_Lite/bin/../lib/gcc/arm-none-eabi/4.5.2/../../../../arm-none-eabi/lib/thumb2/libm.a(lib_a-ef_asin.o)
 .debug_frame   0x000019b0       0x3c /home/laurence/CodeSourcery/Sourcery_G++_Lite/bin/../lib/gcc/arm-none-eabi/4.5.2/../../../../arm-none-eabi/lib/thumb2/libm.a(lib_a-ef_rem_pio2.o)
 .debug_frame   0x000019ec       0x2c /home/laurence/CodeSourcery/Sourcery_G++_Lite/bin/../lib/gcc/arm-none-eabi/4.5.2/../../../../arm-none-eabi/lib/thumb2/libm.a(lib_a-ef_sqrt.o)
 .debug_frame   0x00001a18       0x34 /home/laurence/CodeSourcery/Sourcery_G++_Lite/bin/../lib/gcc/arm-none-eabi/4.5.2/../../../../arm-none-eabi/lib/thumb2/libm.a(lib_a-kf_cos.o)
 .debug_frame   0x00001a4c       0x3c /home/laurence/CodeSourcery/Sourcery_G++_Lite/bin/../lib/gcc/arm-none-eabi/4.5.2/../../../../arm-none-eabi/lib/thumb2/libm.a(lib_a-kf_rem_pio2.o)
 .debug_frame   0x00001a88       0x34 /home/laurence/CodeSourcery/Sourcery_G++_Lite/bin/../lib/gcc/arm-none-eabi/4.5.2/../../../../arm-none-eabi/lib/thumb2/libm.a(lib_a-kf_sin.o)
 .debug_frame   0x00001abc       0x28 /home/laurence/CodeSourcery/Sourcery_G++_Lite/bin/../lib/gcc/arm-none-eabi/4.5.2/../../../../arm-none-eabi/lib/thumb2/libm.a(lib_a-s_fpclassify.o)
 .debug_frame   0x00001ae4       0x20 /home/laurence/CodeSourcery/Sourcery_G++_Lite/bin/../lib/gcc/arm-none-eabi/4.5.2/../../../../arm-none-eabi/lib/thumb2/libm.a(lib_a-s_matherr.o)
 .debug_frame   0x00001b04       0x20 /home/laurence/CodeSourcery/Sourcery_G++_Lite/bin/../lib/gcc/arm-none-eabi/4.5.2/../../../../arm-none-eabi/lib/thumb2/libm.a(lib_a-s_nan.o)
 .debug_frame   0x00001b24       0x20 /home/laurence/CodeSourcery/Sourcery_G++_Lite/bin/../lib/gcc/arm-none-eabi/4.5.2/../../../../arm-none-eabi/lib/thumb2/libm.a(lib_a-sf_fabs.o)
 .debug_frame   0x00001b44       0x30 /home/laurence/CodeSourcery/Sourcery_G++_Lite/bin/../lib/gcc/arm-none-eabi/4.5.2/../../../../arm-none-eabi/lib/thumb2/libm.a(lib_a-sf_floor.o)
 .debug_frame   0x00001b74       0x20 /home/laurence/CodeSourcery/Sourcery_G++_Lite/bin/../lib/gcc/arm-none-eabi/4.5.2/../../../../arm-none-eabi/lib/thumb2/libm.a(lib_a-sf_fpclassify.o)
 .debug_frame   0x00001b94       0x28 /home/laurence/CodeSourcery/Sourcery_G++_Lite/bin/../lib/gcc/arm-none-eabi/4.5.2/../../../../arm-none-eabi/lib/thumb2/libm.a(lib_a-sf_scalbn.o)
 .debug_frame   0x00001bbc       0x20 /home/laurence/CodeSourcery/Sourcery_G++_Lite/bin/../lib/gcc/arm-none-eabi/4.5.2/../../../../arm-none-eabi/lib/thumb2/libm.a(lib_a-sf_copysign.o)
 .debug_frame   0x00001bdc       0x20 /home/laurence/CodeSourcery/Sourcery_G++_Lite/bin/../lib/gcc/arm-none-eabi/4.5.2/../../../../arm-none-eabi/lib/thumb2/libc.a(lib_a-errno.o)
 .debug_frame   0x00001bfc       0x30 /home/laurence/CodeSourcery/Sourcery_G++_Lite/bin/../lib/gcc/arm-none-eabi/4.5.2/../../../../arm-none-eabi/lib/thumb2/libc.a(lib_a-malloc.o)
 .debug_frame   0x00001c2c       0x3c /home/laurence/CodeSourcery/Sourcery_G++_Lite/bin/../lib/gcc/arm-none-eabi/4.5.2/../../../../arm-none-eabi/lib/thumb2/libc.a(lib_a-mallocr.o)
 .debug_frame   0x00001c68       0x30 /home/laurence/CodeSourcery/Sourcery_G++_Lite/bin/../lib/gcc/arm-none-eabi/4.5.2/../../../../arm-none-eabi/lib/thumb2/libc.a(lib_a-mlock.o)
 .debug_frame   0x00001c98       0x2c /home/laurence/CodeSourcery/Sourcery_G++_Lite/bin/../lib/gcc/arm-none-eabi/4.5.2/../../../../arm-none-eabi/lib/thumb2/libc.a(lib_a-sbrkr.o)
 .debug_frame   0x00001cc4       0x20 /home/laurence/CodeSourcery/Sourcery_G++_Lite/bin/../lib/gcc/arm-none-eabi/4.5.2/../../../../arm-none-eabi/lib/thumb2/libc.a(lib_a-strlen.o)
 .debug_frame   0x00001ce4       0x50 /home/laurence/CodeSourcery/Sourcery_G++_Lite/bin/../lib/gcc/arm-none-eabi/4.5.2/../../../../arm-none-eabi/lib/thumb2/libc.a(lib_a-freer.o)
 .debug_frame   0x00001d34       0x68 /home/laurence/CodeSourcery/Sourcery_G++_Lite/bin/../lib/gcc/arm-none-eabi/4.5.2/../../../../arm-none-eabi/lib/thumb2/libc.a(lib_a-reent.o)
 .debug_frame   0x00001d9c       0x40 /home/laurence/CodeSourcery/Sourcery_G++_Lite/bin/../lib/gcc/arm-none-eabi/4.5.2/../../../../arm-none-eabi/lib/thumb2/libcs3.a(start_c.o)
 .debug_frame   0x00001ddc       0x28 /home/laurence/CodeSourcery/Sourcery_G++_Lite/bin/../lib/gcc/arm-none-eabi/4.5.2/../../../../arm-none-eabi/lib/thumb2/libcs3unhosted.a(unhosted-sbrk.o)
 .debug_frame   0x00001e04       0x2c /home/laurence/CodeSourcery/Sourcery_G++_Lite/bin/../lib/gcc/arm-none-eabi/4.5.2/../../../../arm-none-eabi/lib/thumb2/libc.a(lib_a-init.o)

.debug_str      0x00000000     0x2f85
 *(.debug_str)
 .debug_str     0x00000000      0x2a4 Sensors/ppg.o
                                0x312 (size before relaxing)
 .debug_str     0x000002a4       0x6e Sensors/pressure.o
                                0x146 (size before relaxing)
 .debug_str     0x00000312       0x2e Sensors/temperature.o
                                 0xf0 (size before relaxing)
 .debug_str     0x00000340      0x637 Util/USB/hw_config.o
                                0x742 (size before relaxing)
 .debug_str     0x00000977       0xad Util/USB/mass_mal.o
                                0x1b6 (size before relaxing)
 .debug_str     0x00000a24       0xd0 Util/USB/memory.o
                                0x200 (size before relaxing)
 .debug_str     0x00000af4       0xa5 Util/USB/scsi_data.o
                                0x170 (size before relaxing)
 .debug_str     0x00000b99       0xd6 Util/USB/usb_bot.o
                                0x22f (size before relaxing)
 .debug_str     0x00000c6f       0x8c Util/USB/usb_desc.o
                                0x159 (size before relaxing)
 .debug_str     0x00000cfb       0x35 Util/USB/usb_endp.o
                                 0xe8 (size before relaxing)
 .debug_str     0x00000d30      0x1bf Util/USB/usb_istr.o
                                0x2dd (size before relaxing)
 .debug_str     0x00000eef      0x334 Util/USB/usb_prop.o
                                0x7e5 (size before relaxing)
 .debug_str     0x00001223       0x6c Util/USB/usb_pwr.o
                                0x2c2 (size before relaxing)
 .debug_str     0x0000128f      0x197 Util/USB/usb_scsi.o
                                0x39c (size before relaxing)
 .debug_str     0x00001426       0x38 Util/buffer.o
                                0x134 (size before relaxing)
 .debug_str     0x0000145e       0x5a Util/fat_fs/option/cc932.o
                                 0xe1 (size before relaxing)
 .debug_str     0x000014b8       0x1d Util/fat_fs/option/syscall.o
                                 0xd5 (size before relaxing)
 .debug_str     0x000014d5       0x47 Util/fat_fs/src/fattime.o
                                0x11a (size before relaxing)
 .debug_str     0x0000151c      0x4c5 Util/fat_fs/src/ff.o
                                0x5c2 (size before relaxing)
 .debug_str     0x000019e1       0xa8 Util/fat_fs/src/rtc.o
                                0x1aa (size before relaxing)
 .debug_str     0x00001a89      0x4c5 Util/fat_fs/src/sd_spi_stm32.o