Archive member included because of file (symbol)

lib/STM32F10x_StdPeriph_Driver/libstm32fw.a(misc.o)
                              Util/USB/hw_config.o (NVIC_PriorityGroupConfig)
lib/STM32F10x_StdPeriph_Driver/libstm32fw.a(stm32f10x_adc.o)
                              adc.o (ADC_DeInit)
lib/STM32F10x_StdPeriph_Driver/libstm32fw.a(stm32f10x_bkp.o)
                              Util/fat_fs/src/rtc.o (BKP_DeInit)
lib/STM32F10x_StdPeriph_Driver/libstm32fw.a(stm32f10x_dbgmcu.o)
                              main.o (DBGMCU_Config)
lib/STM32F10x_StdPeriph_Driver/libstm32fw.a(stm32f10x_dma.o)
                              adc.o (DMA_DeInit)
lib/STM32F10x_StdPeriph_Driver/libstm32fw.a(stm32f10x_exti.o)
                              interrupts.o (EXTI_DeInit)
lib/STM32F10x_StdPeriph_Driver/libstm32fw.a(stm32f10x_gpio.o)
                              Util/fat_fs/src/sd_spi_stm32.o (GPIO_Init)
lib/STM32F10x_StdPeriph_Driver/libstm32fw.a(stm32f10x_i2c.o)
                              i2c_int.o (I2C_DeInit)
lib/STM32F10x_StdPeriph_Driver/libstm32fw.a(stm32f10x_iwdg.o)
                              watchdog.o (IWDG_WriteAccessCmd)
lib/STM32F10x_StdPeriph_Driver/libstm32fw.a(stm32f10x_pwr.o)
                              pwr.o (PWR_DeInit)
lib/STM32F10x_StdPeriph_Driver/libstm32fw.a(stm32f10x_rcc.o)
                              interrupts.o (RCC_HCLKConfig)
lib/STM32F10x_StdPeriph_Driver/libstm32fw.a(stm32f10x_rtc.o)
                              Util/fat_fs/src/rtc.o (RTC_GetCounter)
lib/STM32F10x_StdPeriph_Driver/libstm32fw.a(stm32f10x_spi.o)
                              Util/fat_fs/src/sd_spi_stm32.o (SPI_I2S_DeInit)
lib/STM32F10x_StdPeriph_Driver/libstm32fw.a(stm32f10x_tim.o)
                              timer.o (TIM_DeInit)
lib/STM32F10x_StdPeriph_Driver/libstm32fw.a(stm32f10x_usart.o)
                              usart.o (USART_Init)
lib/STM32_USB-FS-Device_Driver/libstm32usb.a(usb_core.o)
                              Util/USB/usb_prop.o (Standard_GetDescriptorData)
lib/STM32_USB-FS-Device_Driver/libstm32usb.a(usb_init.o)
                              main.o (USB_Init)
lib/STM32_USB-FS-Device_Driver/libstm32usb.a(usb_int.o)
                              Util/USB/usb_istr.o (CTR_LP)
lib/STM32_USB-FS-Device_Driver/libstm32usb.a(usb_mem.o)
                              lib/STM32_USB-FS-Device_Driver/libstm32usb.a(usb_core.o) (UserToPMABufferCopy)
lib/STM32_USB-FS-Device_Driver/libstm32usb.a(usb_regs.o)
                              Util/USB/usb_prop.o (SetBTABLE)
lib/STM32_USB-FS-Device_Driver/libstm32usb.a(usb_sil.o)
                              Util/USB/usb_prop.o (USB_SIL_Init)
/home/laurence/CodeSourcery/Sourcery_G++_Lite/bin/../lib/gcc/arm-none-eabi/4.5.2/../../../../arm-none-eabi/lib/thumb2/libm.a(lib_a-sf_sin.o)
                              Sensors/ppg.o (sinf)
/home/laurence/CodeSourcery/Sourcery_G++_Lite/bin/../lib/gcc/arm-none-eabi/4.5.2/../../../../arm-none-eabi/lib/thumb2/libm.a(lib_a-w_sqrt.o)
                              Sensors/ppg.o (sqrt)
/home/laurence/CodeSourcery/Sourcery_G++_Lite/bin/../lib/gcc/arm-none-eabi/4.5.2/../../../../arm-none-eabi/lib/thumb2/libm.a(lib_a-wf_asin.o)
                              Sensors/ppg.o (asinf)
/home/laurence/CodeSourcery/Sourcery_G++_Lite/bin/../lib/gcc/arm-none-eabi/4.5.2/../../../../arm-none-eabi/lib/thumb2/libm.a(lib_a-e_sqrt.o)
                              /home/laurence/CodeSourcery/Sourcery_G++_Lite/bin/../lib/gcc/arm-none-eabi/4.5.2/../../../../arm-none-eabi/lib/thumb2/libm.a(lib_a-w_sqrt.o) (__ieee754_sqrt)
/home/laurence/CodeSourcery/Sourcery_G++_Lite/bin/../lib/gcc/arm-none-eabi/4.5.2/../../../../arm-none-eabi/lib/thumb2/libm.a(lib_a-ef_asin.o)
                              /home/laurence/CodeSourcery/Sourcery_G++_Lite/bin/../lib/gcc/arm-none-eabi/4.5.2/../../../../arm-none-eabi/lib/thumb2/libm.a(lib_a-wf_asin.o) (__ieee754_asinf)
/home/laurence/CodeSourcery/Sourcery_G++_Lite/bin/../lib/gcc/arm-none-eabi/4.5.2/../../../../arm-none-eabi/lib/thumb2/libm.a(lib_a-ef_rem_pio2.o)
                              /home/laurence/CodeSourcery/Sourcery_G++_Lite/bin/../lib/gcc/arm-none-eabi/4.5.2/../../../../arm-none-eabi/lib/thumb2/libm.a(lib_a-sf_sin.o) (__ieee754_rem_pio2f)
/home/laurence/CodeSourcery/Sourcery_G++_Lite/bin/../lib/gcc/arm-none-eabi/4.5.2/../../../../arm-none-eabi/lib/thumb2/libm.a(lib_a-ef_sqrt.o)
                              /home/laurence/CodeSourcery/Sourcery_G++_Lite/bin/../lib/gcc/arm-none-eabi/4.5.2/../../../../arm-none-eabi/lib/thumb2/libm.a(lib_a-ef_asin.o) (__ieee754_sqrtf)
/home/laurence/CodeSourcery/Sourcery_G++_Lite/bin/../lib/gcc/arm-none-eabi/4.5.2/../../../../arm-none-eabi/lib/thumb2/libm.a(lib_a-kf_cos.o)
                              /home/laurence/CodeSourcery/Sourcery_G++_Lite/bin/../lib/gcc/arm-none-eabi/4.5.2/../../../../arm-none-eabi/lib/thumb2/libm.a(lib_a-sf_sin.o) (__kernel_cosf)
[...]
Memory Configuration

Name             Origin             Length             Attributes
ram              0x20000000         0x00005000         xrw
rom              0x08000000         0x00020000         xr
*default*        0x00000000         0xffffffff

Linker script and memory map

LOAD /home/laurence/CodeSourcery/Sourcery_G++_Lite/bin/../lib/gcc/arm-none-eabi/4.5.2/thumb2/crti.o
LOAD /home/laurence/CodeSourcery/Sourcery_G++_Lite/bin/../lib/gcc/arm-none-eabi/4.5.2/thumb2/crtbegin.o
LOAD Sensors/ppg.o
LOAD Sensors/pressure.o
LOAD Sensors/temperature.o
LOAD Util/USB/hw_config.o
LOAD Util/USB/mass_mal.o
LOAD Util/USB/memory.o
LOAD Util/USB/scsi_data.o
LOAD Util/USB/usb_bot.o
LOAD Util/USB/usb_desc.o
LOAD Util/USB/usb_endp.o
LOAD Util/USB/usb_istr.o
LOAD Util/USB/usb_prop.o
LOAD Util/USB/usb_pwr.o
LOAD Util/USB/usb_scsi.o
LOAD Util/buffer.o
LOAD Util/delay.o
LOAD Util/fat_fs/option/cc932.o
LOAD Util/fat_fs/option/syscall.o
LOAD Util/fat_fs/src/fattime.o
LOAD Util/fat_fs/src/ff.o
LOAD Util/fat_fs/src/rtc.o
LOAD Util/fat_fs/src/sd_spi_stm32.o
LOAD Util/rprintf.o
LOAD Util/stm32_eval_spi_sd.o
LOAD adc.o
LOAD gpio.o
LOAD i2c_int.o
LOAD interrupts.o
LOAD lib/CMSIS_CM3/core_cm3.o
LOAD lib/CMSIS_CM3/startup/gcc/startup_stm32f10x_md.o
LOAD lib/CMSIS_CM3/system_stm32f10x.o
LOAD main.o
LOAD pwr.o
LOAD timer.o
LOAD usart.o
LOAD watchdog.o
LOAD lib/STM32F10x_StdPeriph_Driver/libstm32fw.a
LOAD lib/STM32_USB-FS-Device_Driver/libstm32usb.a
LOAD /home/laurence/CodeSourcery/Sourcery_G++_Lite/bin/../lib/gcc/arm-none-eabi/4.5.2/../../../../arm-none-eabi/lib/thumb2/libm.a
START GROUP
LOAD /home/laurence/CodeSourcery/Sourcery_G++_Lite/bin/../lib/gcc/arm-none-eabi/4.5.2/thumb2/libgcc.a
LOAD /home/laurence/CodeSourcery/Sourcery_G++_Lite/bin/../lib/gcc/arm-none-eabi/4.5.2/../../../../arm-none-eabi/lib/thumb2/libc.a
END GROUP
LOAD /home/laurence/CodeSourcery/Sourcery_G++_Lite/bin/../lib/gcc/arm-none-eabi/4.5.2/thumb2/crtend.o
LOAD /home/laurence/CodeSourcery/Sourcery_G++_Lite/bin/../lib/gcc/arm-none-eabi/4.5.2/thumb2/crtn.o
START GROUP
LOAD /home/laurence/CodeSourcery/Sourcery_G++_Lite/bin/../lib/gcc/arm-none-eabi/4.5.2/thumb2/libgcc.a
LOAD /home/laurence/CodeSourcery/Sourcery_G++_Lite/bin/../lib/gcc/arm-none-eabi/4.5.2/../../../../arm-none-eabi/lib/thumb2/libc.a
LOAD /home/laurence/CodeSourcery/Sourcery_G++_Lite/bin/../lib/gcc/arm-none-eabi/4.5.2/../../../../arm-none-eabi/lib/thumb2/libcs3.a
LOAD /home/laurence/CodeSourcery/Sourcery_G++_Lite/bin/../lib/gcc/arm-none-eabi/4.5.2/../../../../arm-none-eabi/lib/thumb2/libcs3unhosted.a
LOAD lib/libcs3-lanchon-stm32.a
END GROUP
                0x20005000                PROVIDE (__cs3_stack, (__cs3_region_start_ram + __cs3_region_size_ram))
                0x20001500                PROVIDE (__cs3_heap_start, _end)
                0x20005000                PROVIDE (__cs3_heap_end, (__cs3_region_start_ram + __cs3_region_size_ram))

.text           0x08000000    0x1b7f0
 CREATE_OBJECT_SYMBOLS
                0x08000000                __cs3_region_start_rom = .
 *(.cs3.region-head.rom)
                0x08000000                __cs3_interrupt_vector = __cs3_interrupt_vector_lanchon_stm32
 *(.cs3.interrupt_vector)
 .cs3.interrupt_vector
                0x08000000       0xec lib/libcs3-lanchon-stm32.a(lanchon-stm32-vector.o)
                0x08000000                __cs3_interrupt_vector_lanchon_stm32
                0x08000001                ASSERT ((. != __cs3_interrupt_vector_lanchon_stm32), No interrupt vector)
 *(.rom)
 *(.rom.b)
                0x08013a34                PROVIDE (__cs3_reset_lanchon_stm32, _start)
                0x08013a34                __cs3_reset = __cs3_reset_lanchon_stm32
 *(.cs3.reset)
 *(.text .text.* .gnu.linkonce.t.*)
 .text          0x080000ec       0x30 /home/laurence/CodeSourcery/Sourcery_G++_Lite/bin/../lib/gcc/arm-none-eabi/4.5.2/thumb2/crtbegin.o
 *fill*         0x0800011c        0x4 00
 .text          0x08000120      0x560 Sensors/ppg.o
                0x08000120                PPG_LO_Filter
                0x0800043c                PPG_Automatic_Brightness_Control
                0x080005bc                PPG_correct_brightness
                0x08000648                PWM_Linear
 .text          0x08000680      0x258 Sensors/pressure.o
                0x08000680                calibrate_sensor
                0x080006cc                conv_adc_diff
                0x08000704                conv_diff
                0x08000734                filterloop
 .text          0x080008d8       0x50 Sensors/temperature.o
                0x080008d8                convert_die_temp
                0x080008f4                convert_tmp102_temp
 .text          0x08000928      0x2a0 Util/USB/hw_config.o
                0x08000928                Set_System
                0x08000930                Set_USBClock
                0x08000948                Enter_LowPowerMode
                0x08000954                Leave_LowPowerMode
                0x08000974                USB_Interrupts_Config
                0x080009b8                Led_RW_ON
                0x080009c8                Led_RW_OFF
                0x080009d8                USB_Configured_LED
                0x080009e8                USB_NotConfigured_LED
                0x080009f8                USB_Cable_Config
                0x080009fc                Get_SerialNum
                0x08000bc0                MAL_Config
 .text          0x08000bc8       0xe4 Util/USB/mass_mal.o
                0x08000bc8                MAL_Init
                0x08000c14                MAL_Write
                0x08000c38                MAL_Read
                0x08000c5c                MAL_GetStatus
 .text          0x08000cac      0x1d8 Util/USB/memory.o
                0x08000cac                Read_Memory
                0x08000d90                Write_Memory
 .text          0x08000e84      0x628 Util/USB/usb_bot.o
                0x08000e84                Mass_Storage_In
                0x08000f0c                CBW_Decode
                0x0800136c                Mass_Storage_Out
                0x080013fc                Transfer_Data_Request
                0x08001430                Set_CSW
                0x0800146c                Bot_Abort
 .text          0x080014ac        0x8 Util/USB/usb_endp.o
                0x080014ac                EP1_IN_Callback
                0x080014b0                EP2_OUT_Callback
 .text          0x080014b4       0xf0 Util/USB/usb_istr.o
                0x080014b4                USB_Istr
 .text          0x080015a4      0x268 Util/USB/usb_prop.o
                0x080015a4                Mass_Storage_SetDeviceAddress
                0x080015b0                MASS_Status_In
                0x080015b4                MASS_Status_Out
                0x080015b8                MASS_Get_Interface_Setting
                0x080015c8                Get_Max_Lun
                0x080015e0                MASS_Data_Setup
                0x08001624                MASS_GetStringDescriptor
                0x08001644                MASS_GetConfigDescriptor
                0x08001650                MASS_GetDeviceDescriptor
                0x0800165c                MASS_NoData_Setup
                0x080016ac                Mass_Storage_SetConfiguration
                0x080016dc                Mass_Storage_ClearFeature
                0x080016f8                MASS_Reset
                0x080017e8                MASS_init
 .text          0x0800180c      0x1c4 Util/USB/usb_pwr.o
                0x0800180c                PowerOn
                0x0800183c                PowerOff
                0x08001860                Suspend
                0x080018a4                Resume_Init
                0x080018e4                Resume
 .text          0x080019d0      0x460 Util/USB/usb_scsi.o
                0x080019d0                SCSI_Inquiry_Cmd
                0x08001a08                SCSI_ReadFormatCapacity_Cmd
                0x08001a7c                SCSI_ReadCapacity10_Cmd
                0x08001af8                SCSI_ModeSense6_Cmd
                0x08001b04                SCSI_ModeSense10_Cmd
                0x08001b10                SCSI_RequestSense_Cmd
                0x08001b28                Set_Scsi_Sense_Data
                0x08001b34                SCSI_Start_Stop_Unit_Cmd
                0x08001b3c                SCSI_Read10_Cmd
                0x08001bec                SCSI_Write10_Cmd
                0x08001c98                SCSI_Verify10_Cmd
                0x08001cd8                SCSI_Valid_Cmd
                0x08001d10                SCSI_TestUnitReady_Cmd
                0x08001d44                SCSI_Format_Cmd
                0x08001d70                SCSI_Invalid_Cmd
                0x08001dac                SCSI_Address_Management
 .text          0x08001e30       0x78 Util/buffer.o
                0x08001e30                Add_To_Buffer
                0x08001e64                Get_From_Buffer
                0x08001e94                init_buffer
 .text          0x08001ea8       0x34 Util/delay.o
                0x08001ea8                Delay
 .text          0x08001edc      0x25c Util/fat_fs/option/cc932.o
                0x08001edc                ff_convert
                0x08002108                ff_wtoupper
 .text          0x08002138       0x48 Util/fat_fs/src/fattime.o
                0x08002138                get_fattime
 .text          0x08002180     0x643c Util/fat_fs/src/ff.o
                0x08002a68                clust2sect
                0x08002a84                get_fat
                0x08003028                put_fat
                0x08004dcc                gen_numname
                0x08005a64                f_mount
                0x08005a84                f_open
                0x08005ef0                f_read
                0x080062d8                f_write
                0x0800670c                f_sync
                0x080068e4                f_close
                0x080068f4                f_lseek
                0x08006ac0                f_opendir
                0x08006b2c                f_readdir
                0x08006ba0                f_stat
                0x08006be8                f_getfree
                0x08006e4c                f_truncate
                0x08006fbc                f_unlink
                0x080070d4                f_mkdir
                0x080074fc                f_chmod
                0x08007558                f_utime
                0x080075b8                f_rename
                0x08007878                f_gets
                0x08007994                f_putc
                0x080079b8                f_puts
                0x080079f4                f_printf
 .text          0x080085bc      0x484 Util/fat_fs/src/rtc.o
                0x080085bc                rtc_gettime
                0x0800873c                my_RTC_SetCounter
                0x08008760                rtc_settime
                0x08008994                rtc_init
 .text          0x08008a40      0xd28 Util/fat_fs/src/sd_spi_stm32.o
                0x08008ebc                disk_initialize
                0x08009068                disk_status
                0x08009078                disk_read
                0x080091dc                disk_write
                0x08009350                disk_ioctl
                0x0800972c                disk_timerproc
 .text          0x08009768     0x182c Util/rprintf.o
                0x08009768                rprintfInit
                0x08009774                rprintfChar
                0x0800979c                rprintfStr
                0x080097d4                rprintfStrLen
                0x08009998                rprintfCRLF
                0x080099b0                rprintfu04
                0x080099dc                rprintfu08
                0x08009a24                rprintfu16
                0x08009ac0                rprintfu32
                0x08009c0c                rprintfNum
                0x08009e7c                rprintfFloat
                0x0800a140                rprintf2RamRom
                0x0800af3c                Isdigit
                0x0800af4c                atoiRamRom
                0x0800af84                rStrLen
 .text          0x0800af94      0x23c adc.o
                0x0800af94                ADC_Configuration
                0x0800b150                readADC2
                0x0800b188                setADC2
                0x0800b1a8                getADC2
 .text          0x0800b1d0      0x240 gpio.o
                0x0800b1d0                setup_gpio
                0x0800b384                switch_leds_on
                0x0800b3ac                switch_leds_off
                0x0800b3d4                red_flash
                0x0800b404                get_wkup
 .text          0x0800b410      0x86c i2c_int.o
                0x0800b410                I2C1_EV_IRQHandler
                0x0800b990                I2C1_Request_Job
                0x0800b9e4                I2C1_Setup_Job
                0x0800b9f8                I2C_Config
                0x0800bb80                I2C1_ER_IRQHandler
 *fill*         0x0800bc7c        0x4 00
 .text          0x0800bc80      0x5b0 interrupts.o
                0x0800bc80                ISR_Config
                0x0800bcf4                EXTI_ONOFF_EN
                0x0800bd54                DMA_ISR_Config
                0x0800bd78                SysTick_Configuration
                0x0800bdb0                EXTI0_IRQHandler
                0x0800be3c                DMAChannel1_IRQHandler
                0x0800be68                ADC1_2_IRQHandler
                0x0800befc                SysTickHandler
                0x0800c224                USB_HP_CAN_TX_IRQHandler
                0x0800c228                USB_LP_CAN_RX0_IRQHandler
 .text.Default_Handler
                0x0800c230        0x2 lib/CMSIS_CM3/startup/gcc/startup_stm32f10x_md.o
                0x0800c230                EXTI2_IRQHandler
                0x0800c230                DebugMon_Handler
                0x0800c230                TIM1_CC_IRQHandler
                0x0800c230                HardFault_Handler
                0x0800c230                SysTick_Handler
                0x0800c230                PVD_IRQHandler
                0x0800c230                PendSV_Handler
                0x0800c230                NMI_Handler
                0x0800c230                EXTI3_IRQHandler
                0x0800c230                I2C2_EV_IRQHandler
                0x0800c230                UsageFault_Handler
                0x0800c230                SPI1_IRQHandler
                0x0800c230                TAMPER_IRQHandler
                0x0800c230                DMA1_Channel4_IRQHandler
                0x0800c230                USART3_IRQHandler
                0x0800c230                RTC_IRQHandler
                0x0800c230                DMA1_Channel7_IRQHandler
                0x0800c230                CAN1_RX1_IRQHandler
                0x0800c230                TIM4_IRQHandler
                0x0800c230                DMA1_Channel6_IRQHandler
                0x0800c230                TIM3_IRQHandler
                0x0800c230                RCC_IRQHandler
                0x0800c230                TIM1_TRG_COM_IRQHandler
                0x0800c230                DMA1_Channel1_IRQHandler
                0x0800c230                Default_Handler
                0x0800c230                EXTI15_10_IRQHandler
                0x0800c230                EXTI9_5_IRQHandler
                0x0800c230                SPI2_IRQHandler
                0x0800c230                MemManage_Handler
                0x0800c230                SVC_Handler
                0x0800c230                DMA1_Channel5_IRQHandler
                0x0800c230                EXTI4_IRQHandler
                0x0800c230                USB_LP_CAN1_RX0_IRQHandler
                0x0800c230                USB_HP_CAN1_TX_IRQHandler
                0x0800c230                DMA1_Channel3_IRQHandler
                0x0800c230                TIM1_UP_IRQHandler
                0x0800c230                WWDG_IRQHandler
                0x0800c230                TIM2_IRQHandler
                0x0800c230                TIM1_BRK_IRQHandler
                0x0800c230                EXTI1_IRQHandler
                0x0800c230                RTCAlarm_IRQHandler
                0x0800c230                USART2_IRQHandler
                0x0800c230                I2C2_ER_IRQHandler
                0x0800c230                DMA1_Channel2_IRQHandler
                0x0800c230                CAN1_SCE_IRQHandler
                0x0800c230                FLASH_IRQHandler
                0x0800c230                BusFault_Handler
                0x0800c230                USART1_IRQHandler
                0x0800c230                USBWakeUp_IRQHandler
 *fill*         0x0800c232        0x2 00
 .text          0x0800c234       0xfc lib/CMSIS_CM3/system_stm32f10x.o
                0x0800c234                SystemInit
 .text          0x0800c330      0x700 main.o
                0x0800c330                __str_print_char
                0x0800c35c                __fat_print_char
                0x0800c37c                main
                0x0800c984                detect_sensors
 .text          0x0800ca30       0x70 pwr.o
                0x0800ca30                setuppwr
                0x0800ca44                shutdown
                0x0800ca54                disable_pin
                0x0800ca5c                shutdown_filesystem
 .text          0x0800caa0      0x1e0 timer.o
                0x0800caa0                setup_pwm
                0x0800cbe8                Tryfudge
                0x0800cc38                Set_Motor
 .text          0x0800cc80      0x110 usart.o
                0x0800cc80                Usarts_Init
                0x0800cd2c                Default_Usart_Config
                0x0800cd48                Usart_Send_Str
                0x0800cd74                __usart_send_char
 .text          0x0800cd90       0x40 watchdog.o
                0x0800cd90                Watchdog_Config
                0x0800cdbc                Watchdog_Reset_Detect
 .text          0x0800cdd0       0xb8 lib/STM32F10x_StdPeriph_Driver/libstm32fw.a(misc.o)
                0x0800cdd0                NVIC_PriorityGroupConfig
                0x0800cde4                NVIC_Init
                0x0800ce44                NVIC_SetVectorTable
                0x0800ce58                NVIC_SystemLPConfig
                0x0800ce70                SysTick_CLKSourceConfig
 .text          0x0800ce88      0x380 lib/STM32F10x_StdPeriph_Driver/libstm32fw.a(stm32f10x_adc.o)
                0x0800ce88                ADC_DeInit
                0x0800cee4                ADC_Init
                0x0800cf30                ADC_StructInit
                0x0800cf42                ADC_Cmd
                0x0800cf56                ADC_DMACmd
                0x0800cf6a                ADC_ITConfig
                0x0800cf7e                ADC_ResetCalibration
                0x0800cf88                ADC_GetResetCalibrationStatus
                0x0800cf90                ADC_StartCalibration
                0x0800cf9a                ADC_GetCalibrationStatus
                0x0800cfa2                ADC_SoftwareStartConvCmd
                0x0800cfb6                ADC_GetSoftwareStartConvStatus
                0x0800cfbe                ADC_DiscModeChannelCountConfig
                0x0800cfce                ADC_DiscModeCmd
                0x0800cfe2                ADC_RegularChannelConfig
                0x0800d070                ADC_ExternalTrigConvCmd
                0x0800d084                ADC_GetConversionValue
                0x0800d08a                ADC_GetDualModeConversionValue
                0x0800d094                ADC_AutoInjectedConvCmd
                0x0800d0a8                ADC_InjectedDiscModeCmd
                0x0800d0bc                ADC_ExternalTrigInjectedConvConfig
                0x0800d0ca                ADC_ExternalTrigInjectedConvCmd
                0x0800d0de                ADC_SoftwareStartInjectedConvCmd
                0x0800d0f2                ADC_GetSoftwareStartInjectedConvCmdStatus
                0x0800d0fa                ADC_InjectedChannelConfig
                0x0800d156                ADC_InjectedSequencerLengthConfig
                0x0800d166                ADC_SetInjectedOffset
                0x0800d17c                ADC_GetInjectedConversionValue
                0x0800d196                ADC_AnalogWatchdogCmd
                0x0800d1a8                ADC_AnalogWatchdogThresholdsConfig
                0x0800d1ae                ADC_AnalogWatchdogSingleChannelConfig
                0x0800d1bc                ADC_TempSensorVrefintCmd
                0x0800d1d8                ADC_GetFlagStatus
                0x0800d1e4                ADC_ClearFlag
                0x0800d1ea                ADC_GetITStatus
                0x0800d200                ADC_ClearITPendingBit
 .text          0x0800d208       0xe0 lib/STM32F10x_StdPeriph_Driver/libstm32fw.a(stm32f10x_bkp.o)
                0x0800d208                BKP_DeInit
                0x0800d21a                BKP_TamperPinLevelConfig
                0x0800d224                BKP_TamperPinCmd
                0x0800d230                BKP_ITConfig
                0x0800d23c                BKP_RTCOutputConfig
                0x0800d254                BKP_SetRTCCalibrationValue
                0x0800d26c                BKP_WriteBackupRegister
                0x0800d288                BKP_ReadBackupRegister
                0x0800d2a8                BKP_GetFlagStatus
                0x0800d2b4                BKP_ClearFlag
                0x0800d2c8                BKP_GetITStatus
                0x0800d2d4                BKP_ClearITPendingBit
 .text          0x0800d2e8       0x34 lib/STM32F10x_StdPeriph_Driver/libstm32fw.a(stm32f10x_dbgmcu.o)
                0x0800d2e8                DBGMCU_GetREVID
                0x0800d2f4                DBGMCU_GetDEVID
                0x0800d304                DBGMCU_Config
 .text          0x0800d31c      0x1f0 lib/STM32F10x_StdPeriph_Driver/libstm32fw.a(stm32f10x_dma.o)
                0x0800d31c                DMA_DeInit
                0x0800d418                DMA_Init
                0x0800d458                DMA_StructInit
                0x0800d472                DMA_Cmd
                0x0800d486                DMA_ITConfig
                0x0800d498                DMA_GetCurrDataCounter
                0x0800d49e                DMA_GetFlagStatus
                0x0800d4bc                DMA_ClearFlag
                0x0800d4d4                DMA_GetITStatus
                0x0800d4f4                DMA_ClearITPendingBit
 .text          0x0800d50c      0x108 lib/STM32F10x_StdPeriph_Driver/libstm32fw.a(stm32f10x_exti.o)
                0x0800d50c                EXTI_DeInit
                0x0800d528                EXTI_Init
                0x0800d5ac                EXTI_StructInit
                0x0800d5ba                EXTI_GenerateSWInterrupt
                0x0800d5cc                EXTI_GetFlagStatus
                0x0800d5e0                EXTI_ClearFlag
                0x0800d5ec                EXTI_GetITStatus
                0x0800d608                EXTI_ClearITPendingBit
 .text          0x0800d614      0x278 lib/STM32F10x_StdPeriph_Driver/libstm32fw.a(stm32f10x_gpio.o)
                0x0800d614                GPIO_DeInit
                0x0800d6c0                GPIO_AFIODeInit
                0x0800d6d6                GPIO_Init
                0x0800d76e                GPIO_StructInit
                0x0800d77e                GPIO_ReadInputDataBit
                0x0800d78a                GPIO_ReadInputData
                0x0800d790                GPIO_ReadOutputDataBit
                0x0800d79c                GPIO_ReadOutputData
                0x0800d7a2                GPIO_SetBits
                0x0800d7a6                GPIO_ResetBits
                0x0800d7aa                GPIO_WriteBit
                0x0800d7b4                GPIO_Write
                0x0800d7b8                GPIO_PinLockConfig
                0x0800d7c8                GPIO_EventOutputConfig
                0x0800d7e8                GPIO_EventOutputCmd
                0x0800d7f4                GPIO_PinRemapConfig
                0x0800d84c                GPIO_EXTILineConfig
                0x0800d880                GPIO_ETH_MediaInterfaceConfig
 .text          0x0800d88c      0x3b4 lib/STM32F10x_StdPeriph_Driver/libstm32fw.a(stm32f10x_i2c.o)
                0x0800d88c                I2C_DeInit
                0x0800d8c0                I2C_Init
                0x0800d990                I2C_StructInit
                0x0800d9ac                I2C_Cmd
                0x0800d9c6                I2C_DMACmd
                0x0800d9e0                I2C_DMALastTransferCmd
                0x0800d9fa                I2C_GenerateSTART
                0x0800da14                I2C_GenerateSTOP
                0x0800da2e                I2C_AcknowledgeConfig
                0x0800da48                I2C_OwnAddress2Config
                0x0800da5e                I2C_DualAddressCmd
                0x0800da78                I2C_GeneralCallCmd
                0x0800da92                I2C_ITConfig
                0x0800daa8                I2C_SendData
                0x0800daac                I2C_ReceiveData
                0x0800dab2                I2C_Send7bitAddress
                0x0800dac2                I2C_ReadRegister
                0x0800dada                I2C_SoftwareResetCmd
                0x0800daf2                I2C_SMBusAlertConfig
                0x0800db10                I2C_TransmitPEC
                0x0800db2a                I2C_PECPositionConfig
                0x0800db48                I2C_CalculatePEC
                0x0800db62                I2C_GetPEC
                0x0800db6a                I2C_ARPCmd
                0x0800db84                I2C_StretchClockCmd
                0x0800db9e                I2C_FastModeDutyCycleConfig
                0x0800dbbc                I2C_GetLastEvent
                0x0800dbcc                I2C_CheckEvent
                0x0800dbe4                I2C_GetFlagStatus
                0x0800dc18                I2C_ClearFlag
                0x0800dc1e                I2C_GetITStatus
                0x0800dc3a                I2C_ClearITPendingBit
 .text          0x0800dc40       0x58 lib/STM32F10x_StdPeriph_Driver/libstm32fw.a(stm32f10x_iwdg.o)
                0x0800dc40                IWDG_WriteAccessCmd
                0x0800dc4c                IWDG_SetPrescaler
                0x0800dc58                IWDG_SetReload
                0x0800dc64                IWDG_ReloadCounter
                0x0800dc74                IWDG_Enable
                0x0800dc84                IWDG_GetFlagStatus
 .text          0x0800dc98       0xcc lib/STM32F10x_StdPeriph_Driver/libstm32fw.a(stm32f10x_pwr.o)
                0x0800dc9c                PWR_DeInit
                0x0800dcb6                PWR_BackupAccessCmd
                0x0800dcc0                PWR_PVDCmd
                0x0800dccc                PWR_PVDLevelConfig
                0x0800dce0                PWR_WakeUpPinCmd
                0x0800dcec                PWR_EnterSTOPMode
                0x0800dd18                PWR_EnterSTANDBYMode
                0x0800dd40                PWR_GetFlagStatus
                0x0800dd54                PWR_ClearFlag
 .text          0x0800dd64      0x360 lib/STM32F10x_StdPeriph_Driver/libstm32fw.a(stm32f10x_rcc.o)
                0x0800dd64                RCC_DeInit
                0x0800dda4                RCC_HSEConfig
                0x0800dddc                RCC_AdjustHSICalibrationValue
                0x0800ddf0                RCC_HSICmd
                0x0800ddfc                RCC_PLLConfig
                0x0800de14                RCC_PLLCmd
                0x0800de20                RCC_SYSCLKConfig
                0x0800de34                RCC_GetSYSCLKSource
                0x0800de44                RCC_HCLKConfig
                0x0800de58                RCC_PCLK1Config
                0x0800de6c                RCC_PCLK2Config
                0x0800de80                RCC_ITConfig
                0x0800de98                RCC_USBCLKConfig
                0x0800dea4                RCC_ADCCLKConfig
                0x0800deb8                RCC_LSEConfig
                0x0800ded8                RCC_LSICmd
                0x0800dee4                RCC_RTCCLKConfig
                0x0800def4                RCC_RTCCLKCmd
                0x0800df00                RCC_GetClocksFreq
                0x0800dfa4                RCC_AHBPeriphClockCmd
                0x0800dfbc                RCC_APB2PeriphClockCmd
                0x0800dfd4                RCC_APB1PeriphClockCmd
                0x0800dfec                RCC_APB2PeriphResetCmd
                0x0800e004                RCC_APB1PeriphResetCmd
                0x0800e01c                RCC_BackupResetCmd
                0x0800e028                RCC_ClockSecuritySystemCmd
                0x0800e034                RCC_MCOConfig
                0x0800e040                RCC_GetFlagStatus
                0x0800e068                RCC_WaitForHSEStartUp
                0x0800e094                RCC_ClearFlag
                0x0800e0a4                RCC_GetITStatus
                0x0800e0b8                RCC_ClearITPendingBit
 .text          0x0800e0c4      0x158 lib/STM32F10x_StdPeriph_Driver/libstm32fw.a(stm32f10x_rtc.o)
                0x0800e0c4                RTC_ITConfig
                0x0800e0e0                RTC_EnterConfigMode
                0x0800e0f4                RTC_ExitConfigMode
                0x0800e108                RTC_GetCounter
                0x0800e11c                RTC_SetCounter
                0x0800e138                RTC_SetPrescaler
                0x0800e158                RTC_SetAlarm
                0x0800e174                RTC_GetDivider
                0x0800e18c                RTC_WaitForLastTask
                0x0800e19c                RTC_WaitForSynchro
                0x0800e1bc                RTC_GetFlagStatus
                0x0800e1d0                RTC_ClearFlag
                0x0800e1e4                RTC_GetITStatus
                0x0800e208                RTC_ClearITPendingBit
 .text          0x0800e21c      0x2d4 lib/STM32F10x_StdPeriph_Driver/libstm32fw.a(stm32f10x_spi.o)
                0x0800e21c                SPI_I2S_DeInit
                0x0800e280                SPI_Init
                0x0800e2c0                I2S_Init
                0x0800e360                SPI_StructInit
                0x0800e378                I2S_StructInit
                0x0800e38a                SPI_Cmd
                0x0800e3a4                I2S_Cmd
                0x0800e3be                SPI_I2S_ITConfig
                0x0800e3dc                SPI_I2S_DMACmd
                0x0800e3f2                SPI_I2S_SendData
                0x0800e3f6                SPI_I2S_ReceiveData
                0x0800e3fc                SPI_NSSInternalSoftwareConfig
                0x0800e41c                SPI_SSOutputCmd
                0x0800e436                SPI_DataSizeConfig
                0x0800e44e                SPI_TransmitCRC
                0x0800e45a                SPI_CalculateCRC
                0x0800e474                SPI_GetCRC
                0x0800e484                SPI_GetCRCPolynomial
                0x0800e48a                SPI_BiDirectionalLineConfig
                0x0800e4a8                SPI_I2S_GetFlagStatus
                0x0800e4b4                SPI_I2S_ClearFlag
                0x0800e4ba                SPI_I2S_GetITStatus
                0x0800e4e0                SPI_I2S_ClearITPendingBit
 .text          0x0800e4f0      0xa80 lib/STM32F10x_StdPeriph_Driver/libstm32fw.a(stm32f10x_tim.o)
                0x0800e55e                TIM_DeInit
                0x0800e628                TIM_TimeBaseInit
                0x0800e664                TIM_OC1Init
                0x0800e6e4                TIM_OC2Init
                0x0800e76c                TIM_OC3Init
                0x0800e7f0                TIM_OC4Init
                0x0800e854                TIM_BDTRConfig
                0x0800e876                TIM_TimeBaseStructInit
                0x0800e888                TIM_OCStructInit
                0x0800e89c                TIM_ICStructInit
                0x0800e8ac                TIM_BDTRStructInit
                0x0800e8be                TIM_Cmd
                0x0800e8d8                TIM_CtrlPWMOutputs
                0x0800e8f6                TIM_ITConfig
                0x0800e90c                TIM_GenerateEvent
                0x0800e910                TIM_DMAConfig
                0x0800e918                TIM_DMACmd
                0x0800e92e                TIM_InternalClockConfig
                0x0800e93c                TIM_ETRConfig
                0x0800e952                TIM_ETRClockMode2Config
                0x0800e966                TIM_ETRClockMode1Config
                0x0800e980                TIM_PrescalerConfig
                0x0800e986                TIM_CounterModeConfig
                0x0800e998                TIM_SelectInputTrigger
                0x0800e9aa                TIM_TIxExternalClockConfig
                0x0800e9d8                TIM_ITRxExternalClockConfig
                0x0800e9ec                TIM_EncoderInterfaceConfig
                0x0800ea2a                TIM_ForcedOC1Config
                0x0800ea3c                TIM_ForcedOC2Config
                0x0800ea4e                TIM_ForcedOC3Config
                0x0800ea60                TIM_ForcedOC4Config
                0x0800ea72                TIM_ARRPreloadConfig
                0x0800ea8c                TIM_SelectCOM
                0x0800eaa6                TIM_SelectCCDMA
                0x0800eac0                TIM_CCPreloadControl
                0x0800eada                TIM_OC1PreloadConfig
                0x0800eaec                TIM_OC2PreloadConfig
                0x0800eafe                TIM_OC3PreloadConfig
                0x0800eb10                TIM_OC4PreloadConfig
                0x0800eb22                TIM_OC1FastConfig
                0x0800eb34                TIM_OC2FastConfig
                0x0800eb46                TIM_OC3FastConfig
                0x0800eb58                TIM_OC4FastConfig
                0x0800eb6a                TIM_ClearOC1Ref
                0x0800eb7c                TIM_ClearOC2Ref
                0x0800eb8a                TIM_ClearOC3Ref
                0x0800eb9c                TIM_ClearOC4Ref
                0x0800ebaa                TIM_OC1PolarityConfig
                0x0800ebbc                TIM_OC1NPolarityConfig
                0x0800ebce                TIM_OC2PolarityConfig
                0x0800ebe0                TIM_OC2NPolarityConfig
                0x0800ebf2                TIM_OC3PolarityConfig
                0x0800ec04                TIM_OC3NPolarityConfig
                0x0800ec16                TIM_OC4PolarityConfig
                0x0800ec28                TIM_CCxCmd
                0x0800ec46                TIM_CCxNCmd
                0x0800ec64                TIM_SelectOCxM
                0x0800ecb0                TIM_UpdateDisableConfig
                0x0800ecca                TIM_UpdateRequestConfig
                0x0800ece4                TIM_SelectHallSensor
                0x0800ecfe                TIM_SelectOnePulseMode
                0x0800ed16                TIM_SelectOutputTrigger
                0x0800ed2e                TIM_SelectSlaveMode
                0x0800ed46                TIM_SelectMasterSlaveMode
                0x0800ed5e                TIM_SetCounter
                0x0800ed62                TIM_SetAutoreload
                0x0800ed66                TIM_SetCompare1
                0x0800ed6a                TIM_SetCompare2
                0x0800ed6e                TIM_SetCompare3
                0x0800ed72                TIM_SetCompare4
                0x0800ed78                TIM_SetIC1Prescaler
                0x0800ed90                TIM_SetIC2Prescaler
                0x0800eda8                TIM_PWMIConfig
                0x0800ee14                TIM_SetIC3Prescaler
                0x0800ee2c                TIM_SetIC4Prescaler
                0x0800ee44                TIM_ICInit
                0x0800ef08                TIM_SetClockDivision
                0x0800ef1a                TIM_GetCapture1
                0x0800ef20                TIM_GetCapture2
                0x0800ef26                TIM_GetCapture3
                0x0800ef2c                TIM_GetCapture4
                0x0800ef34                TIM_GetCounter
                0x0800ef3a                TIM_GetPrescaler
                0x0800ef40                TIM_GetFlagStatus
                0x0800ef4c                TIM_ClearFlag
                0x0800ef52                TIM_GetITStatus
                0x0800ef68                TIM_ClearITPendingBit
 .text          0x0800ef70      0x374 lib/STM32F10x_StdPeriph_Driver/libstm32fw.a(stm32f10x_usart.o)
                0x0800ef70                USART_DeInit
                0x0800f008                USART_Init
                0x0800f098                USART_StructInit
                0x0800f0ae                USART_ClockInit
                0x0800f0d4                USART_ClockStructInit
                0x0800f0e0                USART_Cmd
                0x0800f0fa                USART_ITConfig
                0x0800f130                USART_DMACmd
                0x0800f146                USART_SetAddress
                0x0800f15e                USART_WakeUpConfig
                0x0800f176                USART_ReceiverWakeUpCmd
                0x0800f190                USART_LINBreakDetectLengthConfig
                0x0800f1a8                USART_LINCmd
                0x0800f1c2                USART_SendData
                0x0800f1ca                USART_ReceiveData
                0x0800f1d2                USART_SendBreak
                0x0800f1de                USART_SetGuardTime
                0x0800f1f0                USART_SetPrescaler
                0x0800f204                USART_SmartCardCmd
                0x0800f21e                USART_SmartCardNACKCmd
                0x0800f238                USART_HalfDuplexCmd
                0x0800f252                USART_IrDAConfig
                0x0800f26a                USART_IrDACmd
                0x0800f284                USART_GetFlagStatus
                0x0800f290                USART_ClearFlag
                0x0800f296                USART_GetITStatus
                0x0800f2d6                USART_ClearITPendingBit
 .text          0x0800f2e4      0xa54 lib/STM32_USB-FS-Device_Driver/libstm32usb.a(usb_core.o)
                0x0800f2e4                Standard_GetConfiguration
                0x0800f30c                Standard_GetInterface
                0x0800f334                Standard_GetStatus
                0x0800f4a8                Standard_SetConfiguration
                0x0800f4e4                Standard_SetInterface
                0x0800f534                Standard_ClearFeature
                0x0800f630                Standard_SetEndPointFeature
                0x0800f6e4                Standard_SetDeviceFeature
                0x0800f708                Standard_GetDescriptorData
                0x0800f724                Post0_Process
                0x0800f76c                Out0_Process
                0x0800f848                Setup0_Process
                0x0800fc18                SetDeviceAddress
                0x0800fcd4                In0_Process
                0x0800fd34                NOP_Process
 .text          0x0800fd38       0x38 lib/STM32_USB-FS-Device_Driver/libstm32usb.a(usb_init.o)
                0x0800fd38                USB_Init
 .text          0x0800fd70      0x25c lib/STM32_USB-FS-Device_Driver/libstm32usb.a(usb_int.o)
                0x0800fd70                CTR_LP
                0x0800ff38                CTR_HP
 .text          0x0800ffcc       0xb8 lib/STM32_USB-FS-Device_Driver/libstm32usb.a(usb_mem.o)
                0x0800ffcc                UserToPMABufferCopy
                0x08010034                PMAToUserBufferCopy
 .text          0x08010084      0x880 lib/STM32_USB-FS-Device_Driver/libstm32usb.a(usb_regs.o)
                0x08010084                SetCNTR
                0x08010090                GetCNTR
                0x0801009c                SetISTR
                0x080100a8                GetISTR
                0x080100b4                GetFNR
                0x080100c0                SetDADDR
                0x080100cc                GetDADDR
                0x080100d8                SetBTABLE
                0x080100ec                GetBTABLE
                0x080100f8                SetENDPOINT
                0x08010108                GetENDPOINT
                0x08010118                SetEPType
                0x08010134                GetEPType
                0x08010148                SetEPTxStatus
                0x08010188                SetEPRxStatus
                0x080101c8                SetDouBleBuffEPStall
                0x080101f0                GetEPTxStatus
                0x08010204                GetEPRxStatus
                0x08010218                SetEPTxValid
                0x0801023c                SetEPRxValid
                0x08010260                SetEP_KIND
                0x08010280                ClearEP_KIND
                0x080102a0                Clear_Status_Out
                0x080102c0                Set_Status_Out
                0x080102e0                SetEPDoubleBuff
                0x08010300                ClearEPDoubleBuff
                0x08010320                GetTxStallStatus
                0x08010340                GetRxStallStatus
                0x08010360                ClearEP_CTR_RX
                0x08010378                ClearEP_CTR_TX
                0x08010390                ToggleDTOG_RX
                0x080103b0                ToggleDTOG_TX
                0x080103d0                ClearDTOG_RX
                0x080103f8                ClearDTOG_TX
                0x08010420                SetEPAddress
                0x08010444                GetEPAddress
                0x08010458                SetEPTxAddr
                0x0801047c                SetEPRxAddr
                0x080104a4                GetEPTxAddr
                0x080104c4                GetEPRxAddr
                0x080104e4                SetEPTxCount
                0x08010504                SetEPCountRxReg
                0x08010530                SetEPRxCount
                0x08010578                GetEPTxCount
                0x0801059c                GetEPRxCount
                0x080105c0                SetEPDblBuffAddr
                0x08010608                SetEPDblBuf0Addr
                0x0801062c                SetEPDblBuf1Addr
                0x08010654                GetEPDblBuf0Addr
                0x08010674                GetEPDblBuf1Addr
                0x08010694                SetEPDblBuffCount
                0x08010740                SetEPDblBuf0Count
                0x080107a8                SetEPDblBuf1Count
                0x08010810                GetEPDblBuf0Count
                0x08010834                GetEPDblBuf1Count
                0x08010858                GetEPDblBufDir
                0x080108a0                FreeUserBuffer
                0x080108f0                ToWord
                0x080108f8                ByteSwap
 .text          0x08010904       0x6c lib/STM32_USB-FS-Device_Driver/libstm32usb.a(usb_sil.o)
                0x08010904                USB_SIL_Init
                0x08010924                USB_SIL_Write
                0x0801094c                USB_SIL_Read
 .text          0x08010970       0x78 /home/laurence/CodeSourcery/Sourcery_G++_Lite/bin/../lib/gcc/arm-none-eabi/4.5.2/../../../../arm-none-eabi/lib/thumb2/libm.a(lib_a-sf_sin.o)
                0x08010970                sinf
 .text          0x080109e8       0xac /home/laurence/CodeSourcery/Sourcery_G++_Lite/bin/../lib/gcc/arm-none-eabi/4.5.2/../../../../arm-none-eabi/lib/thumb2/libm.a(lib_a-w_sqrt.o)
                0x080109e8                sqrt
 .text          0x08010a94       0xa8 /home/laurence/CodeSourcery/Sourcery_G++_Lite/bin/../lib/gcc/arm-none-eabi/4.5.2/../../../../arm-none-eabi/lib/thumb2/libm.a(lib_a-wf_asin.o)
                0x08010a94                asinf
 .text          0x08010b3c      0x1c0 /home/laurence/CodeSourcery/Sourcery_G++_Lite/bin/../lib/gcc/arm-none-eabi/4.5.2/../../../../arm-none-eabi/lib/thumb2/libm.a(lib_a-e_sqrt.o)
                0x08010b3c                __ieee754_sqrt
 .text          0x08010cfc      0x318 /home/laurence/CodeSourcery/Sourcery_G++_Lite/bin/../lib/gcc/arm-none-eabi/4.5.2/../../../../arm-none-eabi/lib/thumb2/libm.a(lib_a-ef_asin.o)
                0x08010cfc                __ieee754_asinf
 .text          0x08011014      0x358 /home/laurence/CodeSourcery/Sourcery_G++_Lite/bin/../lib/gcc/arm-none-eabi/4.5.2/../../../../arm-none-eabi/lib/thumb2/libm.a(lib_a-ef_rem_pio2.o)
                0x08011014                __ieee754_rem_pio2f
 .text          0x0801136c       0xb0 /home/laurence/CodeSourcery/Sourcery_G++_Lite/bin/../lib/gcc/arm-none-eabi/4.5.2/../../../../arm-none-eabi/lib/thumb2/libm.a(lib_a-ef_sqrt.o)
                0x0801136c                __ieee754_sqrtf
 .text          0x0801141c      0x1b8 /home/laurence/CodeSourcery/Sourcery_G++_Lite/bin/../lib/gcc/arm-none-eabi/4.5.2/../../../../arm-none-eabi/lib/thumb2/libm.a(lib_a-kf_cos.o)
                0x0801141c                __kernel_cosf
 .text          0x080115d4      0x63c /home/laurence/CodeSourcery/Sourcery_G++_Lite/bin/../lib/gcc/arm-none-eabi/4.5.2/../../../../arm-none-eabi/lib/thumb2/libm.a(lib_a-kf_rem_pio2.o)
                0x080115d4                __kernel_rem_pio2f
 .text          0x08011c10      0x100 /home/laurence/CodeSourcery/Sourcery_G++_Lite/bin/../lib/gcc/arm-none-eabi/4.5.2/../../../../arm-none-eabi/lib/thumb2/libm.a(lib_a-kf_sin.o)
                0x08011c10                __kernel_sinf
 .text          0x08011d10       0x90 /home/laurence/CodeSourcery/Sourcery_G++_Lite/bin/../lib/gcc/arm-none-eabi/4.5.2/../../../../arm-none-eabi/lib/thumb2/libm.a(lib_a-s_fpclassify.o)
                0x08011d10                __fpclassifyd
 .text          0x08011da0        0x4 /home/laurence/CodeSourcery/Sourcery_G++_Lite/bin/../lib/gcc/arm-none-eabi/4.5.2/../../../../arm-none-eabi/lib/thumb2/libm.a(lib_a-s_matherr.o)
                0x08011da0                matherr
 .text          0x08011da4        0xc /home/laurence/CodeSourcery/Sourcery_G++_Lite/bin/../lib/gcc/arm-none-eabi/4.5.2/../../../../arm-none-eabi/lib/thumb2/libm.a(lib_a-s_nan.o)
                0x08011da4                nan
 .text          0x08011db0        0x8 /home/laurence/CodeSourcery/Sourcery_G++_Lite/bin/../lib/gcc/arm-none-eabi/4.5.2/../../../../arm-none-eabi/lib/thumb2/libm.a(lib_a-sf_fabs.o)
                0x08011db0                fabsf
 .text          0x08011db8       0xa0 /home/laurence/CodeSourcery/Sourcery_G++_Lite/bin/../lib/gcc/arm-none-eabi/4.5.2/../../../../arm-none-eabi/lib/thumb2/libm.a(lib_a-sf_floor.o)
                0x08011db8                floorf
 .text          0x08011e58       0x7c /home/laurence/CodeSourcery/Sourcery_G++_Lite/bin/../lib/gcc/arm-none-eabi/4.5.2/../../../../arm-none-eabi/lib/thumb2/libm.a(lib_a-sf_fpclassify.o)
                0x08011e58                __fpclassifyf
 .text          0x08011ed4       0xc0 /home/laurence/CodeSourcery/Sourcery_G++_Lite/bin/../lib/gcc/arm-none-eabi/4.5.2/../../../../arm-none-eabi/lib/thumb2/libm.a(lib_a-sf_scalbn.o)
                0x08011ed4                scalbnf
 .text          0x08011f94       0x10 /home/laurence/CodeSourcery/Sourcery_G++_Lite/bin/../lib/gcc/arm-none-eabi/4.5.2/../../../../arm-none-eabi/lib/thumb2/libm.a(lib_a-sf_copysign.o)
                0x08011f94                copysignf
 .text          0x08011fa4      0x370 /home/laurence/CodeSourcery/Sourcery_G++_Lite/bin/../lib/gcc/arm-none-eabi/4.5.2/thumb2/libgcc.a(_arm_addsubdf3.o)
                0x08011fa4                __aeabi_drsub
                0x08011fac                __aeabi_dsub
                0x08011fac                __subdf3
                0x08011fb0                __adddf3
                0x08011fb0                __aeabi_dadd
                0x08012228                __aeabi_ui2d
                0x08012228                __floatunsidf
                0x08012248                __floatsidf
                0x08012248                __aeabi_i2d
                0x0801226c                __extendsfdf2
                0x0801226c                __aeabi_f2d
                0x080122a8                __aeabi_ul2d
                0x080122a8                __floatundidf
                0x080122b8                __floatdidf
                0x080122b8                __aeabi_l2d
 .text          0x08012314      0x424 /home/laurence/CodeSourcery/Sourcery_G++_Lite/bin/../lib/gcc/arm-none-eabi/4.5.2/thumb2/libgcc.a(_arm_muldivdf3.o)
                0x08012314                __aeabi_dmul
                0x08012314                __muldf3
                0x08012568                __aeabi_ddiv
                0x08012568                __divdf3
 .text          0x08012738      0x110 /home/laurence/CodeSourcery/Sourcery_G++_Lite/bin/../lib/gcc/arm-none-eabi/4.5.2/thumb2/libgcc.a(_arm_cmpdf2.o)
                0x08012738                __gtdf2
                0x08012738                __gedf2
                0x08012740                __ltdf2
                0x08012740                __ledf2
                0x08012748                __cmpdf2
                0x08012748                __eqdf2
                0x08012748                __nedf2
                0x080127c4                __aeabi_cdrcmple
                0x080127d4                __aeabi_cdcmple
                0x080127d4                __aeabi_cdcmpeq
                0x080127e4                __aeabi_dcmpeq
                0x080127f8                __aeabi_dcmplt
                0x0801280c                __aeabi_dcmple
                0x08012820                __aeabi_dcmpge
                0x08012834                __aeabi_dcmpgt
 .text          0x08012848       0x50 /home/laurence/CodeSourcery/Sourcery_G++_Lite/bin/../lib/gcc/arm-none-eabi/4.5.2/thumb2/libgcc.a(_arm_fixdfsi.o)
                0x08012848                __fixdfsi
                0x08012848                __aeabi_d2iz
 .text          0x08012898       0x40 /home/laurence/CodeSourcery/Sourcery_G++_Lite/bin/../lib/gcc/arm-none-eabi/4.5.2/thumb2/libgcc.a(_arm_fixunsdfsi.o)
                0x08012898                __fixunsdfsi
                0x08012898                __aeabi_d2uiz
 .text          0x080128d8       0xa0 /home/laurence/CodeSourcery/Sourcery_G++_Lite/bin/../lib/gcc/arm-none-eabi/4.5.2/thumb2/libgcc.a(_arm_truncdfsf2.o)
                0x080128d8                __aeabi_d2f
                0x080128d8                __truncdfsf2
 .text          0x08012978      0x21c /home/laurence/CodeSourcery/Sourcery_G++_Lite/bin/../lib/gcc/arm-none-eabi/4.5.2/thumb2/libgcc.a(_arm_addsubsf3.o)
                0x08012978                __aeabi_frsub
                0x08012980                __subsf3
                0x08012980                __aeabi_fsub
                0x08012984                __aeabi_fadd
                0x08012984                __addsf3
                0x08012ae4                __aeabi_ui2f
                0x08012ae4                __floatunsisf
                0x08012aec                __aeabi_i2f
                0x08012aec                __floatsisf
                0x08012b08                __floatundisf
                0x08012b08                __aeabi_ul2f
                0x08012b18                __floatdisf
                0x08012b18                __aeabi_l2f
 .text          0x08012b94      0x2a0 /home/laurence/CodeSourcery/Sourcery_G++_Lite/bin/../lib/gcc/arm-none-eabi/4.5.2/thumb2/libgcc.a(_arm_muldivsf3.o)
                0x08012b94                __mulsf3
                0x08012b94                __aeabi_fmul
                0x08012cfc                __divsf3
                0x08012cfc                __aeabi_fdiv
 .text          0x08012e34       0xec /home/laurence/CodeSourcery/Sourcery_G++_Lite/bin/../lib/gcc/arm-none-eabi/4.5.2/thumb2/libgcc.a(_arm_cmpsf2.o)
                0x08012e34                __gtsf2
                0x08012e34                __gesf2
                0x08012e3c                __lesf2
                0x08012e3c                __ltsf2
                0x08012e44                __nesf2
                0x08012e44                __eqsf2
                0x08012e44                __cmpsf2
                0x08012ea4                __aeabi_cfrcmple
                0x08012eac                __aeabi_cfcmple
                0x08012eac                __aeabi_cfcmpeq
                0x08012ebc                __aeabi_fcmpeq
                0x08012ed0                __aeabi_fcmplt
                0x08012ee4                __aeabi_fcmple
                0x08012ef8                __aeabi_fcmpge
                0x08012f0c                __aeabi_fcmpgt
 .text          0x08012f20       0x4c /home/laurence/CodeSourcery/Sourcery_G++_Lite/bin/../lib/gcc/arm-none-eabi/4.5.2/thumb2/libgcc.a(_arm_fixsfsi.o)
                0x08012f20                __fixsfsi
                0x08012f20                __aeabi_f2iz
 .text          0x08012f6c       0x40 /home/laurence/CodeSourcery/Sourcery_G++_Lite/bin/../lib/gcc/arm-none-eabi/4.5.2/thumb2/libgcc.a(_arm_fixunssfsi.o)
                0x08012f6c                __aeabi_f2uiz
                0x08012f6c                __fixunssfsi
 .text          0x08012fac        0xc /home/laurence/CodeSourcery/Sourcery_G++_Lite/bin/../lib/gcc/arm-none-eabi/4.5.2/../../../../arm-none-eabi/lib/thumb2/libc.a(lib_a-errno.o)
                0x08012fac                __errno
 .text          0x08012fb8       0x20 /home/laurence/CodeSourcery/Sourcery_G++_Lite/bin/../lib/gcc/arm-none-eabi/4.5.2/../../../../arm-none-eabi/lib/thumb2/libc.a(lib_a-malloc.o)
                0x08012fb8                malloc
                0x08012fc8                free
 .text          0x08012fd8      0x57c /home/laurence/CodeSourcery/Sourcery_G++_Lite/bin/../lib/gcc/arm-none-eabi/4.5.2/../../../../arm-none-eabi/lib/thumb2/libc.a(lib_a-mallocr.o)
                0x08012fd8                _malloc_r
 .text          0x08013554      0x150 /home/laurence/CodeSourcery/Sourcery_G++_Lite/bin/../lib/gcc/arm-none-eabi/4.5.2/../../../../arm-none-eabi/lib/thumb2/libc.a(lib_a-memcpy.o)
                0x08013554                memcpy
 .text          0x080136a4        0x8 /home/laurence/CodeSourcery/Sourcery_G++_Lite/bin/../lib/gcc/arm-none-eabi/4.5.2/../../../../arm-none-eabi/lib/thumb2/libc.a(lib_a-mlock.o)
                0x080136a4                __malloc_lock
                0x080136a8                __malloc_unlock
 .text          0x080136ac       0x28 /home/laurence/CodeSourcery/Sourcery_G++_Lite/bin/../lib/gcc/arm-none-eabi/4.5.2/../../../../arm-none-eabi/lib/thumb2/libc.a(lib_a-sbrkr.o)
                0x080136ac                _sbrk_r
 .text          0x080136d4       0x60 /home/laurence/CodeSourcery/Sourcery_G++_Lite/bin/../lib/gcc/arm-none-eabi/4.5.2/../../../../arm-none-eabi/lib/thumb2/libc.a(lib_a-strlen.o)
                0x080136d4                strlen
 .text          0x08013734      0x240 /home/laurence/CodeSourcery/Sourcery_G++_Lite/bin/../lib/gcc/arm-none-eabi/4.5.2/../../../../arm-none-eabi/lib/thumb2/libc.a(lib_a-freer.o)
                0x08013734                _malloc_trim_r
                0x080137dc                _free_r
 .text          0x08013974       0x30 /home/laurence/CodeSourcery/Sourcery_G++_Lite/bin/../lib/gcc/arm-none-eabi/4.5.2/../../../../arm-none-eabi/lib/thumb2/libcs3.a(start_c.o)
                0x08013974                __cs3_premain
 .text.cs3.init
                0x080139a4       0x50 /home/laurence/CodeSourcery/Sourcery_G++_Lite/bin/../lib/gcc/arm-none-eabi/4.5.2/../../../../arm-none-eabi/lib/thumb2/libcs3.a(start_c.o)
                0x080139a4                __cs3_start_c
 .text          0x080139f4       0x40 /home/laurence/CodeSourcery/Sourcery_G++_Lite/bin/../lib/gcc/arm-none-eabi/4.5.2/../../../../arm-none-eabi/lib/thumb2/libcs3unhosted.a(unhosted-sbrk.o)
                0x080139f4                _sbrk
 .text.cs3.init
                0x08013a34       0x10 /home/laurence/CodeSourcery/Sourcery_G++_Lite/bin/../lib/gcc/arm-none-eabi/4.5.2/../../../../arm-none-eabi/lib/thumb2/libcs3unhosted.a(unhosted-start.o)
                0x08013a34                _start
 .text          0x08013a44        0x2 lib/libcs3-lanchon-stm32.a(lanchon_stm32_isr_interrupt.o)
                0x08013a44                MemManageException
                0x08013a44                BusFaultException
                0x08013a44                DMAChannel7_IRQHandler
                0x08013a44                DebugMonitor
                0x08013a44                SVCHandler
                0x08013a44                HardFaultException
                0x08013a44                __STM32ReservedException8
                0x08013a44                __STM32DefaultExceptionHandler
                0x08013a44                CAN_SCE_IRQHandler
                0x08013a44                __STM32ReservedException10
                0x08013a44                __STM32ReservedException13
                0x08013a44                NMIException
                0x08013a44                DMAChannel4_IRQHandler
                0x08013a44                PendSVC
                0x08013a44                CAN_RX1_IRQHandler
                0x08013a44                ADC_IRQHandler
                0x08013a44                DMAChannel5_IRQHandler
                0x08013a44                DMAChannel2_IRQHandler
                0x08013a44                __STM32ReservedException7
                0x08013a44                UsageFaultException
                0x08013a44                DMAChannel6_IRQHandler
                0x08013a44                DMAChannel3_IRQHandler
                0x08013a44                __STM32ReservedException9
 *fill*         0x08013a46        0x2 00
 .text          0x08013a48       0x50 /home/laurence/CodeSourcery/Sourcery_G++_Lite/bin/../lib/gcc/arm-none-eabi/4.5.2/../../../../arm-none-eabi/lib/thumb2/libc.a(lib_a-init.o)
                0x08013a48                __libc_init_array
 *(.plt)
 *(.gnu.warning)
 *(.glue_7t)
 .glue_7t       0x00000000        0x0 linker stubs
 *(.glue_7)
 .glue_7        0x00000000        0x0 linker stubs
 *(.vfp11_veneer)
 .vfp11_veneer  0x00000000        0x0 linker stubs
 *(.rodata .rodata.* .gnu.linkonce.r.*)
 .rodata        0x08013a98       0xac Util/USB/usb_desc.o
                0x08013a98                MASS_DeviceDescriptor
                0x08013aac                MASS_ConfigDescriptor
                0x08013acc                MASS_StringLangID
                0x08013ad0                MASS_StringVendor
                0x08013b04                MASS_StringProduct
                0x08013b34                MASS_StringInterface
 .rodata        0x08013b44     0x7738 Util/fat_fs/option/cc932.o
 .rodata.str1.4
                0x0801b27c       0x13 Util/fat_fs/src/ff.o
                                 0x14 (size before relaxing)
 *fill*         0x0801b28f        0x1 00
 .rodata        0x0801b290        0xc Util/fat_fs/src/rtc.o
 .rodata        0x0801b29c       0x14 Util/rprintf.o
 .rodata.str1.4
                0x0801b2b0       0x1a Util/rprintf.o
                                 0x1c (size before relaxing)
 *fill*         0x0801b2ca        0x2 00
 .rodata        0x0801b2cc        0x4 i2c_int.o
                0x0801b2cc                TMP102_setup
 .rodata.str1.4
                0x0801b2d0       0x10 interrupts.o
 .rodata        0x0801b2e0       0x14 lib/CMSIS_CM3/system_stm32f10x.o
                0x0801b2e0                SystemFrequency
                0x0801b2e4                SystemFrequency_SysClk
                0x0801b2e8                SystemFrequency_AHBClk
                0x0801b2ec                SystemFrequency_APB1Clk
                0x0801b2f0                SystemFrequency_APB2Clk
 .rodata.str1.4
                0x0801b2f4       0xc9 main.o
                                 0xd0 (size before relaxing)
 *fill*         0x0801b3bd        0x3 00
 .rodata.str1.4
                0x0801b3c0       0x16 pwr.o
                                 0x18 (size before relaxing)
 *fill*         0x0801b3d6        0x2 00
 .rodata.str1.4
                0x0801b3d8        0x5 /home/laurence/CodeSourcery/Sourcery_G++_Lite/bin/../lib/gcc/arm-none-eabi/4.5.2/../../../../arm-none-eabi/lib/thumb2/libm.a(lib_a-w_sqrt.o)
                                  0x8 (size before relaxing)
 *fill*         0x0801b3dd        0x3 00
 .rodata.str1.4
                0x0801b3e0        0x6 /home/laurence/CodeSourcery/Sourcery_G++_Lite/bin/../lib/gcc/arm-none-eabi/4.5.2/../../../../arm-none-eabi/lib/thumb2/libm.a(lib_a-wf_asin.o)
                                  0xc (size before relaxing)
 *fill*         0x0801b3e6        0x2 00
 .rodata        0x0801b3e8      0x398 /home/laurence/CodeSourcery/Sourcery_G++_Lite/bin/../lib/gcc/arm-none-eabi/4.5.2/../../../../arm-none-eabi/lib/thumb2/libm.a(lib_a-ef_rem_pio2.o)
 .rodata        0x0801b780       0x38 /home/laurence/CodeSourcery/Sourcery_G++_Lite/bin/../lib/gcc/arm-none-eabi/4.5.2/../../../../arm-none-eabi/lib/thumb2/libm.a(lib_a-kf_rem_pio2.o)
 .rodata.str1.4
                0x0801b7b8        0x4 /home/laurence/CodeSourcery/Sourcery_G++_Lite/bin/../lib/gcc/arm-none-eabi/4.5.2/../../../../arm-none-eabi/lib/thumb2/libc.a(lib_a-impure.o)
 *(.ARM.extab* .gnu.linkonce.armextab.*)
 *(.gcc_except_table)
 *(.eh_frame_hdr)
 *(.eh_frame)
                0x0801b7bc                . = ALIGN (0x4)
 *(.init)
 .init          0x0801b7bc        0x4 /home/laurence/CodeSourcery/Sourcery_G++_Lite/bin/../lib/gcc/arm-none-eabi/4.5.2/thumb2/crti.o
                0x0801b7bc                _init
 .init          0x0801b7c0        0x8 /home/laurence/CodeSourcery/Sourcery_G++_Lite/bin/../lib/gcc/arm-none-eabi/4.5.2/thumb2/crtn.o
                0x0801b7c8                . = ALIGN (0x4)
                0x0801b7c8                __preinit_array_start = .
 *(.preinit_array)
                0x0801b7c8                __preinit_array_end = .
                0x0801b7c8                . = ALIGN (0x4)
                0x0801b7c8                __init_array_start = .
 *(SORT(.init_array.*))
 *(.init_array)
 .init_array    0x0801b7c8        0x4 /home/laurence/CodeSourcery/Sourcery_G++_Lite/bin/../lib/gcc/arm-none-eabi/4.5.2/thumb2/crtbegin.o
                0x0801b7cc                __init_array_end = .
                0x0801b7cc                . = ALIGN (0x4)
 *crtbegin.o(.ctors)
 *(EXCLUDE_FILE(*crtend.o) .ctors)
 *(SORT(.ctors.*))
 *crtend.o(.ctors)
                0x0801b7cc                . = ALIGN (0x4)
 *(.fini)
 .fini          0x0801b7cc        0x4 /home/laurence/CodeSourcery/Sourcery_G++_Lite/bin/../lib/gcc/arm-none-eabi/4.5.2/thumb2/crti.o
                0x0801b7cc                _fini
 .fini          0x0801b7d0        0x8 /home/laurence/CodeSourcery/Sourcery_G++_Lite/bin/../lib/gcc/arm-none-eabi/4.5.2/thumb2/crtn.o
                0x0801b7d8                . = ALIGN (0x4)
                0x0801b7d8                __fini_array_start = .
 *(.fini_array)
 .fini_array    0x0801b7d8        0x4 /home/laurence/CodeSourcery/Sourcery_G++_Lite/bin/../lib/gcc/arm-none-eabi/4.5.2/thumb2/crtbegin.o
 *(SORT(.fini_array.*))
                0x0801b7dc                __fini_array_end = .
 *crtbegin.o(.dtors)
 *(EXCLUDE_FILE(*crtend.o) .dtors)
 *(SORT(.dtors.*))
 *crtend.o(.dtors)
                0x0801b7dc                . = ALIGN (0x4)
                0x0801b7dc                __cs3_regions = .
                0x0801b7dc        0x4 LONG 0x0
                0x0801b7e0        0x4 LONG 0x801b7f0 __cs3_region_init_ram
                0x0801b7e4        0x4 LONG 0x20000000 __cs3_region_start_ram
                0x0801b7e8        0x4 LONG 0x698 __cs3_region_init_size_ram
                0x0801b7ec        0x4 LONG 0xe68 __cs3_region_zero_size_ram
                0x0801b7f0                __exidx_start = .

.v4_bx          0x0801b7f0        0x0
 .v4_bx         0x00000000        0x0 linker stubs

.ARM.exidx
 *(.ARM.exidx* .gnu.linkonce.armexidx.*)
                0x0801b7f0                __exidx_end = .

.text.align     0x0801b7f0        0x0
                0x0801b7f0                . = ALIGN (0x8)
                0x0801b7f0                _etext = .
                0x08020000                __cs3_region_end_rom = (__cs3_region_start_rom + 0x20000)
                0x00020000                __cs3_region_size_rom = 0x20000
                0x00000001                __cs3_region_num = 0x1

.data           0x20000000      0x698 load address 0x0801b7f0
                0x20000000                __cs3_region_start_ram = .
 *(.cs3.region-head.ram)
 *(.jcr)
 .jcr           0x20000000        0x0 /home/laurence/CodeSourcery/Sourcery_G++_Lite/bin/../lib/gcc/arm-none-eabi/4.5.2/thumb2/crtbegin.o
 .jcr           0x20000000        0x4 /home/laurence/CodeSourcery/Sourcery_G++_Lite/bin/../lib/gcc/arm-none-eabi/4.5.2/thumb2/crtend.o
 *(.got.plt)
 *(.got)
 *(.shdata)
 *(.data .data.* .gnu.linkonce.d.*)
 .data          0x20000004       0x74 Util/USB/scsi_data.o
                0x20000004                Standard_Inquiry_Data
                0x20000028                Standard_Inquiry_Data2
                0x2000004c                Mode_Sense6_data
                0x20000050                Mode_Sense10_data
                0x20000058                Scsi_Sense_Data
                0x2000006c                ReadFormatCapacity_Data
 .data          0x20000078       0x1c Util/USB/usb_desc.o
                0x20000078                MASS_StringSerial
 .data          0x20000094       0x38 Util/USB/usb_istr.o
                0x20000094                pEpInt_IN
                0x200000b0                pEpInt_OUT
 .data          0x200000cc       0x90 Util/USB/usb_prop.o
                0x200000cc                String_Descriptor
                0x200000f4                Config_Descriptor
                0x200000fc                Device_Descriptor
                0x20000104                Device_Property
                0x20000134                Device_Table
                0x20000138                User_Standard_Requests
 .data          0x2000015c        0x1 Util/USB/usb_pwr.o
                0x2000015c                fSuspendEnabled
 .data          0x2000015d        0x1 Util/fat_fs/src/sd_spi_stm32.o
 *fill*         0x2000015e        0x2 00
 .data          0x20000160       0x10 i2c_int.o
                0x20000160                I2C_jobs
 .data          0x20000170       0x14 lib/STM32F10x_StdPeriph_Driver/libstm32fw.a(stm32f10x_rcc.o)
 .data          0x20000184        0x1 /home/laurence/CodeSourcery/Sourcery_G++_Lite/bin/../lib/gcc/arm-none-eabi/4.5.2/../../../../arm-none-eabi/lib/thumb2/libm.a(lib_a-s_lib_ver.o)
                0x20000184                __fdlib_version
 *fill*         0x20000185        0x3 00
 .data          0x20000188       0xf4 /home/laurence/CodeSourcery/Sourcery_G++_Lite/bin/../lib/gcc/arm-none-eabi/4.5.2/../../../../arm-none-eabi/lib/thumb2/libc.a(lib_a-impure.o)
                0x20000188                _impure_ptr
 .data          0x2000027c      0x410 /home/laurence/CodeSourcery/Sourcery_G++_Lite/bin/../lib/gcc/arm-none-eabi/4.5.2/../../../../arm-none-eabi/lib/thumb2/libc.a(lib_a-mallocr.o)
                0x2000027c                __malloc_av_
                0x20000684                __malloc_sbrk_base
                0x20000688                __malloc_trim_threshold
 .data          0x2000068c        0x4 /home/laurence/CodeSourcery/Sourcery_G++_Lite/bin/../lib/gcc/arm-none-eabi/4.5.2/../../../../arm-none-eabi/lib/thumb2/libcs3unhosted.a(unhosted-sbrk.o)
 .data          0x20000690        0x4 /home/laurence/CodeSourcery/Sourcery_G++_Lite/bin/../lib/gcc/arm-none-eabi/4.5.2/../../../../arm-none-eabi/lib/thumb2/libcs3.a(heap.o)
                0x20000690                __cs3_heap_limit
 *(.ram)
                0x20000698                . = ALIGN (0x8)
 *fill*         0x20000694        0x4 00
                0x20000698                _edata = .

.bss            0x20000698      0xe68 load address 0x0801be88
 *(.shbss)
 *(.bss .bss.* .gnu.linkonce.b.*)
 .bss           0x20000698        0x1 /home/laurence/CodeSourcery/Sourcery_G++_Lite/bin/../lib/gcc/arm-none-eabi/4.5.2/thumb2/crtbegin.o
 *fill*         0x20000699        0x3 00
 .bss           0x2000069c      0x61c Sensors/ppg.o
 .bss           0x20000cb8       0x34 Sensors/pressure.o
 .bss           0x20000cec        0x4 Util/USB/mass_mal.o
                0x20000cec                Status
 .bss           0x20000cf0       0x1c Util/USB/memory.o
                0x20000cf0                TransferState
                0x20000cfc                Block_Read_count
                0x20000d00                Counter
 .bss           0x20000d0c       0x10 Util/USB/scsi_data.o
                0x20000d0c                Page00_Inquiry_Data
                0x20000d14                ReadCapacity10_Data
 .bss           0x20000d1c        0x1 Util/USB/usb_istr.o
                0x20000d1c                bIntPackSOF
 *fill*         0x20000d1d        0x3 00
 .bss           0x20000d20        0x4 Util/USB/usb_prop.o
                0x20000d20                Max_Lun
 .bss           0x20000d24        0x4 Util/USB/usb_pwr.o
                0x20000d24                bDeviceState
 .bss           0x20000d28        0x8 Util/fat_fs/src/ff.o
 .bss           0x20000d30       0x10 Util/fat_fs/src/sd_spi_stm32.o
 .bss           0x20000d40       0x84 Util/rprintf.o
 .bss           0x20000dc4        0x3 i2c_int.o
 *fill*         0x20000dc7        0x1 00
 .bss           0x20000dc8       0x18 interrupts.o
 .bss           0x20000de0      0x234 main.o
                0x20001010                file_opened
 .bss           0x20001014        0x1 lib/STM32_USB-FS-Device_Driver/libstm32usb.a(usb_core.o)
                0x20001014                Data_Mul_MaxPacketSize
 *fill*         0x20001015        0x3 00
 .bss           0x20001018       0x34 /home/laurence/CodeSourcery/Sourcery_G++_Lite/bin/../lib/gcc/arm-none-eabi/4.5.2/../../../../arm-none-eabi/lib/thumb2/libc.a(lib_a-mallocr.o)
                0x20001018                __malloc_top_pad
                0x2000101c                __malloc_current_mallinfo
                0x20001044                __malloc_max_sbrked_mem
                0x20001048                __malloc_max_total_mem
 *(COMMON)
 COMMON         0x2000104c       0x10 Sensors/ppg.o
                0x2000104c                a_
                0x20001050                Last_PPG_Values
 COMMON         0x2000105c        0x4 Sensors/pressure.o
                0x2000105c                pressure_offset
 COMMON         0x20001060        0x2 Sensors/temperature.o
                0x20001060                TMP102_Data_Buffer
 *fill*         0x20001062        0x2 00
 COMMON         0x20001064       0x1c Util/USB/mass_mal.o
                0x20001064                Mass_Memory_Size
                0x2000106c                Mass_Block_Size
                0x20001074                Mass_Block_Count
                0x2000107c                Data_Buffer
 COMMON         0x20001080        0x8 Util/USB/memory.o
                0x20001080                Block_offset
                0x20001084                Idx
 COMMON         0x20001088       0x7c Util/USB/usb_bot.o
                0x20001088                CBW
                0x200010a8                Data_Len
                0x200010aa                Bot_State
                0x200010ac                SCSI_LBA
                0x200010b0                CSW
                0x200010c0                SCSI_BlkLen
                0x200010c4                Bulk_Data_Buff
 COMMON         0x20001104        0x2 Util/USB/usb_istr.o
                0x20001104                wIstr
 *fill*         0x20001106        0x2 00
 COMMON         0x20001108        0x2 Util/USB/usb_pwr.o
                0x20001108                ResumeS
 *fill*         0x2000110a        0x2 00
 COMMON         0x2000110c        0x4 adc.o
                0x2000110c                ADC1_Convertion_buff
 COMMON         0x20001110        0x1 gpio.o
                0x20001110                bootsource
 *fill*         0x20001111        0x3 00
 COMMON         0x20001114        0xd i2c_int.o
                0x20001114                I2C1error
                0x20001118                Jobs
                0x2000111c                Completed_Jobs
                0x20001120                job
 COMMON         0x20001121        0x1 interrupts.o
                0x20001121                Button_hold_tim
 *fill*         0x20001122        0x2 00
 COMMON         0x20001124      0x398 main.o
                0x20001124                Pressure_control
                0x20001128                Temperatures_Buffer
                0x20001134                pressure_setpoint
                0x20001138                f_err_code
                0x2000113c                Device_Temperature
                0x20001140                Buff
                0x20001158                System_state_Global
                0x2000115c                Millis
                0x20001160                Sensors
                0x20001164                FATFS_info
                0x20001184                Pressures_Buffer
                0x20001190                print_string
                0x20001290                a
                0x20001294                reported_pressure
                0x20001298                FATFS_logfile
 COMMON         0x200014bc        0x2 lib/STM32_USB-FS-Device_Driver/libstm32usb.a(usb_core.o)
                0x200014bc                StatusInfo
 *fill*         0x200014be        0x2 00
 COMMON         0x200014c0       0x32 lib/STM32_USB-FS-Device_Driver/libstm32usb.a(usb_init.o)
                0x200014c0                SaveState
                0x200014c4                pProperty
                0x200014c8                EPindex
                0x200014cc                Device_Info
                0x200014e8                pUser_Standard_Requests
                0x200014ec                pInformation
                0x200014f0                wInterrupt_Mask
 COMMON         0x200014f2        0x4 lib/STM32_USB-FS-Device_Driver/libstm32usb.a(usb_int.o)
                0x200014f2                SaveRState
                0x200014f4                SaveTState
 *fill*         0x200014f6        0x2 00
 COMMON         0x200014f8        0x4 /home/laurence/CodeSourcery/Sourcery_G++_Lite/bin/../lib/gcc/arm-none-eabi/4.5.2/../../../../arm-none-eabi/lib/thumb2/libc.a(lib_a-reent.o)
                0x200014f8                errno
 *(.ram.b)
                0x20001500                . = ALIGN (0x8)
 *fill*         0x200014fc        0x4 00
                0x20001500                _end = .
                0x20001500                __end = .

.noinit         0x20001500        0x0 load address 0x0801be88
 *(.noinit)
                0x20001500                . = ALIGN (0x8)
                0x20005000                __cs3_region_end_ram = (__cs3_region_start_ram + 0x5000)
                0x00005000                __cs3_region_size_ram = 0x5000
                0x0801b7f0                __cs3_region_init_ram = LOADADDR (.data)
                0x00000698                __cs3_region_init_size_ram = (_edata - ADDR (.data))
                0x00000e68                __cs3_region_zero_size_ram = (_end - _edata)
                0x00000001                __cs3_region_num = 0x1

.stab
 *(.stab)

.stabstr
 *(.stabstr)

.debug
 *(.debug)

.line
 *(.line)

.debug_srcinfo
 *(.debug_srcinfo)

.debug_sfnames
 *(.debug_sfnames)

.comment        0x00000000       0x2a
 .comment       0x00000000       0x2a Sensors/ppg.o
                                 0x2b (size before relaxing)
 .comment       0x00000000       0x2b Sensors/pressure.o
 .comment       0x00000000       0x2b Sensors/temperature.o
 .comment       0x00000000       0x2b Util/USB/hw_config.o
 .comment       0x00000000       0x2b Util/USB/mass_mal.o
 .comment       0x00000000       0x2b Util/USB/memory.o
 .comment       0x00000000       0x2b Util/USB/scsi_data.o
 .comment       0x00000000       0x2b Util/USB/usb_bot.o
 .comment       0x00000000       0x2b Util/USB/usb_desc.o
 .comment       0x00000000       0x2b Util/USB/usb_endp.o
 .comment       0x00000000       0x2b Util/USB/usb_istr.o
 .comment       0x00000000       0x2b Util/USB/usb_prop.o
 .comment       0x00000000       0x2b Util/USB/usb_pwr.o
 .comment       0x00000000       0x2b Util/USB/usb_scsi.o
 .comment       0x00000000       0x2b Util/buffer.o
 .comment       0x00000000       0x2b Util/delay.o
 .comment       0x00000000       0x2b Util/fat_fs/option/cc932.o
 .comment       0x00000000       0x2b Util/fat_fs/option/syscall.o
 .comment       0x00000000       0x2b Util/fat_fs/src/fattime.o
 .comment       0x00000000       0x2b Util/fat_fs/src/ff.o
 .comment       0x00000000       0x2b Util/fat_fs/src/rtc.o
 .comment       0x00000000       0x2b Util/fat_fs/src/sd_spi_stm32.o
 .comment       0x00000000       0x2b Util/rprintf.o
 .comment       0x00000000       0x2b Util/stm32_eval_spi_sd.o
 .comment       0x00000000       0x2b adc.o
 .comment       0x00000000       0x2b gpio.o
 .comment       0x00000000       0x2b i2c_int.o
 .comment       0x00000000       0x2b interrupts.o
 .comment       0x00000000       0x2b lib/CMSIS_CM3/core_cm3.o
 .comment       0x00000000       0x2b lib/CMSIS_CM3/system_stm32f10x.o
 .comment       0x00000000       0x2b main.o
 .comment       0x00000000       0x2b pwr.o
 .comment       0x00000000       0x2b timer.o
 .comment       0x00000000       0x2b usart.o
 .comment       0x00000000       0x2b watchdog.o
 .comment       0x00000000       0x2b lib/STM32F10x_StdPeriph_Driver/libstm32fw.a(misc.o)
 .comment       0x00000000       0x2b lib/STM32F10x_StdPeriph_Driver/libstm32fw.a(stm32f10x_adc.o)
 .comment       0x00000000       0x2b lib/STM32F10x_StdPeriph_Driver/libstm32fw.a(stm32f10x_bkp.o)
 .comment       0x00000000       0x2b lib/STM32F10x_StdPeriph_Driver/libstm32fw.a(stm32f10x_dbgmcu.o)
 .comment       0x00000000       0x2b lib/STM32F10x_StdPeriph_Driver/libstm32fw.a(stm32f10x_dma.o)
 .comment       0x00000000       0x2b lib/STM32F10x_StdPeriph_Driver/libstm32fw.a(stm32f10x_exti.o)
 .comment       0x00000000       0x2b lib/STM32F10x_StdPeriph_Driver/libstm32fw.a(stm32f10x_gpio.o)
 .comment       0x00000000       0x2b lib/STM32F10x_StdPeriph_Driver/libstm32fw.a(stm32f10x_i2c.o)
 .comment       0x00000000       0x2b lib/STM32F10x_StdPeriph_Driver/libstm32fw.a(stm32f10x_iwdg.o)
 .comment       0x00000000       0x2b lib/STM32F10x_StdPeriph_Driver/libstm32fw.a(stm32f10x_pwr.o)
 .comment       0x00000000       0x2b lib/STM32F10x_StdPeriph_Driver/libstm32fw.a(stm32f10x_rcc.o)
 .comment       0x00000000       0x2b lib/STM32F10x_StdPeriph_Driver/libstm32fw.a(stm32f10x_rtc.o)
 .comment       0x00000000       0x2b lib/STM32F10x_StdPeriph_Driver/libstm32fw.a(stm32f10x_spi.o)
 .comment       0x00000000       0x2b lib/STM32F10x_StdPeriph_Driver/libstm32fw.a(stm32f10x_tim.o)
 .comment       0x00000000       0x2b lib/STM32F10x_StdPeriph_Driver/libstm32fw.a(stm32f10x_usart.o)
 .comment       0x00000000       0x2b lib/STM32_USB-FS-Device_Driver/libstm32usb.a(usb_core.o)
 .comment       0x00000000       0x2b lib/STM32_USB-FS-Device_Driver/libstm32usb.a(usb_init.o)
 .comment       0x00000000       0x2b lib/STM32_USB-FS-Device_Driver/libstm32usb.a(usb_int.o)
 .comment       0x00000000       0x2b lib/STM32_USB-FS-Device_Driver/libstm32usb.a(usb_mem.o)
 .comment       0x00000000       0x2b lib/STM32_USB-FS-Device_Driver/libstm32usb.a(usb_regs.o)
 .comment       0x00000000       0x2b lib/STM32_USB-FS-Device_Driver/libstm32usb.a(usb_sil.o)

.debug_aranges  0x00000000      0x428
 *(.debug_aranges)
 .debug_aranges
                0x00000000       0x20 Sensors/ppg.o
 .debug_aranges
                0x00000020       0x20 Sensors/pressure.o
 .debug_aranges
                0x00000040       0x20 Sensors/temperature.o
 .debug_aranges
                0x00000060       0x20 Util/USB/hw_config.o
 .debug_aranges
                0x00000080       0x20 Util/USB/mass_mal.o
 .debug_aranges
                0x000000a0       0x20 Util/USB/memory.o
 .debug_aranges
                0x000000c0       0x20 Util/USB/usb_bot.o
 .debug_aranges
                0x000000e0       0x20 Util/USB/usb_endp.o
 .debug_aranges
                0x00000100       0x20 Util/USB/usb_istr.o
 .debug_aranges
                0x00000120       0x20 Util/USB/usb_prop.o
 .debug_aranges
                0x00000140       0x20 Util/USB/usb_pwr.o
 .debug_aranges
                0x00000160       0x20 Util/USB/usb_scsi.o
 .debug_aranges
                0x00000180       0x20 Util/buffer.o
 .debug_aranges
                0x000001a0       0x20 Util/delay.o
 .debug_aranges
                0x000001c0       0x20 Util/fat_fs/option/cc932.o
 .debug_aranges
                0x000001e0       0x20 Util/fat_fs/src/fattime.o
 .debug_aranges
                0x00000200       0x20 Util/fat_fs/src/ff.o
 .debug_aranges
                0x00000220       0x20 Util/fat_fs/src/rtc.o
 .debug_aranges
                0x00000240       0x20 Util/fat_fs/src/sd_spi_stm32.o
 .debug_aranges
                0x00000260       0x20 Util/rprintf.o
 .debug_aranges
                0x00000280       0x20 Util/stm32_eval_spi_sd.o
 .debug_aranges
                0x000002a0       0x20 adc.o
 .debug_aranges
                0x000002c0       0x20 gpio.o
 .debug_aranges
                0x000002e0       0x20 i2c_int.o
 .debug_aranges
                0x00000300       0x20 interrupts.o
 .debug_aranges
                0x00000320       0x20 lib/CMSIS_CM3/core_cm3.o
 .debug_aranges
                0x00000340       0x28 lib/CMSIS_CM3/startup/gcc/startup_stm32f10x_md.o
 .debug_aranges
                0x00000368       0x20 lib/CMSIS_CM3/system_stm32f10x.o
 .debug_aranges
                0x00000388       0x20 main.o
 .debug_aranges
                0x000003a8       0x20 pwr.o
 .debug_aranges
                0x000003c8       0x20 timer.o
 .debug_aranges
                0x000003e8       0x20 usart.o
 .debug_aranges
                0x00000408       0x20 watchdog.o

.debug_pubnames
                0x00000000     0x16f4
 *(.debug_pubnames)
 .debug_pubnames
                0x00000000       0x8e Sensors/ppg.o
 .debug_pubnames
                0x0000008e       0x6a Sensors/pressure.o
 .debug_pubnames
                0x000000f8       0x56 Sensors/temperature.o
 .debug_pubnames
                0x0000014e      0x113 Util/USB/hw_config.o
 .debug_pubnames
                0x00000261       0xa5 Util/USB/mass_mal.o
 .debug_pubnames
                0x00000306       0x7f Util/USB/memory.o
 .debug_pubnames
                0x00000385       0xd2 Util/USB/scsi_data.o
 .debug_pubnames
                0x00000457       0xd9 Util/USB/usb_bot.o
 .debug_pubnames
                0x00000530       0xb8 Util/USB/usb_desc.o
 .debug_pubnames
                0x000005e8       0x3b Util/USB/usb_endp.o
 .debug_pubnames
                0x00000623       0x56 Util/USB/usb_istr.o
 .debug_pubnames
                0x00000679      0x1f6 Util/USB/usb_prop.o
 .debug_pubnames
                0x0000086f       0x83 Util/USB/usb_pwr.o
 .debug_pubnames
                0x000008f2      0x195 Util/USB/usb_scsi.o
 .debug_pubnames
                0x00000a87       0x48 Util/buffer.o
 .debug_pubnames
                0x00000acf       0x1c Util/delay.o
 .debug_pubnames
                0x00000aeb       0x31 Util/fat_fs/option/cc932.o
 .debug_pubnames
                0x00000b1c       0x22 Util/fat_fs/src/fattime.o
 .debug_pubnames
                0x00000b3e      0x14a Util/fat_fs/src/ff.o
 .debug_pubnames
                0x00000c88       0x55 Util/fat_fs/src/rtc.o
 .debug_pubnames
                0x00000cdd       0x75 Util/fat_fs/src/sd_spi_stm32.o
 .debug_pubnames
                0x00000d52       0xf9 Util/rprintf.o
 .debug_pubnames
                0x00000e4b      0x167 Util/stm32_eval_spi_sd.o
 .debug_pubnames
                0x00000fb2       0x66 adc.o
 .debug_pubnames
                0x00001018       0x72 gpio.o
 .debug_pubnames
                0x0000108a       0xc7 i2c_int.o
 .debug_pubnames
                0x00001151      0x108 interrupts.o
 .debug_pubnames
                0x00001259      0x159 lib/CMSIS_CM3/core_cm3.o
 .debug_pubnames
                0x000013b2       0xa3 lib/CMSIS_CM3/system_stm32f10x.o
 .debug_pubnames
                0x00001455      0x16c main.o
 .debug_pubnames
                0x000015c1       0x54 pwr.o
 .debug_pubnames
                0x00001615       0x3b timer.o
 .debug_pubnames
                0x00001650       0x64 usart.o
 .debug_pubnames
                0x000016b4       0x40 watchdog.o

.debug_info     0x00000000     0xeb84
 *(.debug_info .gnu.linkonce.wi.*)
 .debug_info    0x00000000      0x68c Sensors/ppg.o
 .debug_info    0x0000068c      0x1db Sensors/pressure.o
 .debug_info    0x00000867       0xfa Sensors/temperature.o
 .debug_info    0x00000961      0x731 Util/USB/hw_config.o
 .debug_info    0x00001092      0x302 Util/USB/mass_mal.o
 .debug_info    0x00001394      0x333 Util/USB/memory.o
 .debug_info    0x000016c7      0x16b Util/USB/scsi_data.o
 .debug_info    0x00001832      0x49d Util/USB/usb_bot.o
 .debug_info    0x00001ccf      0x187 Util/USB/usb_desc.o
 .debug_info    0x00001e56       0x98 Util/USB/usb_endp.o
 .debug_info    0x00001eee      0x311 Util/USB/usb_istr.o
 .debug_info    0x000021ff      0x9b4 Util/USB/usb_prop.o
 .debug_info    0x00002bb3      0x3c3 Util/USB/usb_pwr.o
 .debug_info    0x00002f76      0x899 Util/USB/usb_scsi.o
 .debug_info    0x0000380f      0x194 Util/buffer.o
 .debug_info    0x000039a3       0xc8 Util/delay.o
 .debug_info    0x00003a6b      0x1b9 Util/fat_fs/option/cc932.o
 .debug_info    0x00003c24       0x77 Util/fat_fs/option/syscall.o
 .debug_info    0x00003c9b      0x15a Util/fat_fs/src/fattime.o
 .debug_info    0x00003df5     0x325b Util/fat_fs/src/ff.o
 .debug_info    0x00007050      0x532 Util/fat_fs/src/rtc.o
 .debug_info    0x00007582     0x10e4 Util/fat_fs/src/sd_spi_stm32.o
 .debug_info    0x00008666      0xe1f Util/rprintf.o
 .debug_info    0x00009485     0x1a18 Util/stm32_eval_spi_sd.o
 .debug_info    0x0000ae9d      0x448 adc.o
 .debug_info    0x0000b2e5      0x2a3 gpio.o
 .debug_info    0x0000b588      0x6af i2c_int.o
 .debug_info    0x0000bc37      0xebc interrupts.o
 .debug_info    0x0000caf3      0x547 lib/CMSIS_CM3/core_cm3.o
 .debug_info    0x0000d03a       0x79 lib/CMSIS_CM3/startup/gcc/startup_stm32f10x_md.o
 .debug_info    0x0000d0b3      0x2d0 lib/CMSIS_CM3/system_stm32f10x.o
 .debug_info    0x0000d383      0xa57 main.o
 .debug_info    0x0000ddda      0x346 pwr.o
 .debug_info    0x0000e120      0x53d timer.o
 .debug_info    0x0000e65d      0x449 usart.o
 .debug_info    0x0000eaa6       0xde watchdog.o

.debug_abbrev   0x00000000     0x3230
 *(.debug_abbrev)
 .debug_abbrev  0x00000000      0x1d8 Sensors/ppg.o
 .debug_abbrev  0x000001d8      0x10a Sensors/pressure.o
 .debug_abbrev  0x000002e2       0x79 Sensors/temperature.o
 .debug_abbrev  0x0000035b      0x2d3 Util/USB/hw_config.o
 .debug_abbrev  0x0000062e      0x111 Util/USB/mass_mal.o
 .debug_abbrev  0x0000073f      0x110 Util/USB/memory.o
 .debug_abbrev  0x0000084f       0x5c Util/USB/scsi_data.o
 .debug_abbrev  0x000008ab      0x198 Util/USB/usb_bot.o
 .debug_abbrev  0x00000a43       0x63 Util/USB/usb_desc.o
 .debug_abbrev  0x00000aa6       0x41 Util/USB/usb_endp.o
 .debug_abbrev  0x00000ae7      0x113 Util/USB/usb_istr.o
 .debug_abbrev  0x00000bfa      0x1d0 Util/USB/usb_prop.o
 .debug_abbrev  0x00000dca      0x1bd Util/USB/usb_pwr.o
 .debug_abbrev  0x00000f87      0x253 Util/USB/usb_scsi.o
 .debug_abbrev  0x000011da       0xc1 Util/buffer.o
 .debug_abbrev  0x0000129b       0x7e Util/delay.o
 .debug_abbrev  0x00001319       0xd2 Util/fat_fs/option/cc932.o
 .debug_abbrev  0x000013eb       0x2c Util/fat_fs/option/syscall.o
 .debug_abbrev  0x00001417       0x97 Util/fat_fs/src/fattime.o
 .debug_abbrev  0x000014ae      0x2f7 Util/fat_fs/src/ff.o
 .debug_abbrev  0x000017a5      0x213 Util/fat_fs/src/rtc.o
 .debug_abbrev  0x000019b8      0x317 Util/fat_fs/src/sd_spi_stm32.o
 .debug_abbrev  0x00001ccf      0x2e4 Util/rprintf.o
 .debug_abbrev  0x00001fb3      0x2e8 Util/stm32_eval_spi_sd.o
 .debug_abbrev  0x0000229b      0x143 adc.o
 .debug_abbrev  0x000023de      0x158 gpio.o
 .debug_abbrev  0x00002536      0x1f5 i2c_int.o
 .debug_abbrev  0x0000272b      0x27f interrupts.o
 .debug_abbrev  0x000029aa       0xc1 lib/CMSIS_CM3/core_cm3.o
 .debug_abbrev  0x00002a6b       0x12 lib/CMSIS_CM3/startup/gcc/startup_stm32f10x_md.o
 .debug_abbrev  0x00002a7d      0x112 lib/CMSIS_CM3/system_stm32f10x.o
 .debug_abbrev  0x00002b8f      0x252 main.o
 .debug_abbrev  0x00002de1      0x10c pwr.o
 .debug_abbrev  0x00002eed      0x128 timer.o
 .debug_abbrev  0x00003015      0x186 usart.o
 .debug_abbrev  0x0000319b       0x95 watchdog.o

.debug_line     0x00000000     0xc413
 *(.debug_line)
 .debug_line    0x00000000      0x6e2 Sensors/ppg.o
 .debug_line    0x000006e2      0x336 Sensors/pressure.o
 .debug_line    0x00000a18      0x502 Sensors/temperature.o
 .debug_line    0x00000f1a      0x5fc Util/USB/hw_config.o
 .debug_line    0x00001516      0x56e Util/USB/mass_mal.o
 .debug_line    0x00001a84      0x46a Util/USB/memory.o
 .debug_line    0x00001eee      0x339 Util/USB/scsi_data.o
 .debug_line    0x00002227      0x55c Util/USB/usb_bot.o
 .debug_line    0x00002783      0x2ed Util/USB/usb_desc.o
 .debug_line    0x00002a70      0x3ba Util/USB/usb_endp.o
 .debug_line    0x00002e2a      0x3f5 Util/USB/usb_istr.o
 .debug_line    0x0000321f      0x4a9 Util/USB/usb_prop.o
 .debug_line    0x000036c8      0x452 Util/USB/usb_pwr.o
 .debug_line    0x00003b1a      0x653 Util/USB/usb_scsi.o
 .debug_line    0x0000416d      0x4ba Util/buffer.o
 .debug_line    0x00004627      0x2fd Util/delay.o
 .debug_line    0x00004924       0xd8 Util/fat_fs/option/cc932.o
 .debug_line    0x000049fc      0x2fc Util/fat_fs/option/syscall.o
 .debug_line    0x00004cf8      0x179 Util/fat_fs/src/fattime.o
 .debug_line    0x00004e71     0x1c86 Util/fat_fs/src/ff.o
 .debug_line    0x00006af7      0x47f Util/fat_fs/src/rtc.o
 .debug_line    0x00006f76      0x775 Util/fat_fs/src/sd_spi_stm32.o
 .debug_line    0x000076eb      0xcfd Util/rprintf.o
 .debug_line    0x000083e8      0x9a5 Util/stm32_eval_spi_sd.o
 .debug_line    0x00008d8d      0x6fc adc.o
 .debug_line    0x00009489      0x41f gpio.o
 .debug_line    0x000098a8      0x6bb i2c_int.o
 .debug_line    0x00009f63      0x7ac interrupts.o
 .debug_line    0x0000a70f      0x198 lib/CMSIS_CM3/core_cm3.o
 .debug_line    0x0000a8a7       0x84 lib/CMSIS_CM3/startup/gcc/startup_stm32f10x_md.o
 .debug_line    0x0000a92b      0x336 lib/CMSIS_CM3/system_stm32f10x.o
 .debug_line    0x0000ac61      0x828 main.o
 .debug_line    0x0000b489      0x393 pwr.o
 .debug_line    0x0000b81c      0x360 timer.o
 .debug_line    0x0000bb7c      0x58f usart.o
 .debug_line    0x0000c10b      0x308 watchdog.o

.debug_frame    0x00000000     0x1fa4
 *(.debug_frame)
 .debug_frame   0x00000000       0x94 Sensors/ppg.o
 .debug_frame   0x00000094       0x8c Sensors/pressure.o
 .debug_frame   0x00000120       0x40 Sensors/temperature.o
 .debug_frame   0x00000160       0xec Util/USB/hw_config.o
 .debug_frame   0x0000024c       0x80 Util/USB/mass_mal.o
 .debug_frame   0x000002cc       0x50 Util/USB/memory.o
 .debug_frame   0x0000031c       0xc0 Util/USB/usb_bot.o
 .debug_frame   0x000003dc       0x30 Util/USB/usb_endp.o
 .debug_frame   0x0000040c       0x2c Util/USB/usb_istr.o
 .debug_frame   0x00000438      0x11c Util/USB/usb_prop.o
 .debug_frame   0x00000554       0x94 Util/USB/usb_pwr.o
 .debug_frame   0x000005e8      0x180 Util/USB/usb_scsi.o
 .debug_frame   0x00000768       0x64 Util/buffer.o
 .debug_frame   0x000007cc       0x24 Util/delay.o
 .debug_frame   0x000007f0       0x3c Util/fat_fs/option/cc932.o
 .debug_frame   0x0000082c       0x2c Util/fat_fs/src/fattime.o
 .debug_frame   0x00000858      0x564 Util/fat_fs/src/ff.o
 .debug_frame   0x00000dbc       0x84 Util/fat_fs/src/rtc.o
 .debug_frame   0x00000e40      0x130 Util/fat_fs/src/sd_spi_stm32.o
 .debug_frame   0x00000f70      0x1d4 Util/rprintf.o
 .debug_frame   0x00001144      0x25c Util/stm32_eval_spi_sd.o
 .debug_frame   0x000013a0       0x78 adc.o
 .debug_frame   0x00001418       0x78 gpio.o
 .debug_frame   0x00001490       0xa0 i2c_int.o
 .debug_frame   0x00001530      0x118 interrupts.o
 .debug_frame   0x00001648      0x170 lib/CMSIS_CM3/core_cm3.o
 .debug_frame   0x000017b8       0x24 lib/CMSIS_CM3/system_stm32f10x.o
 .debug_frame   0x000017dc       0x90 main.o
 .debug_frame   0x0000186c       0x70 pwr.o
 .debug_frame   0x000018dc       0x64 timer.o
 .debug_frame   0x00001940       0x78 usart.o
 .debug_frame   0x000019b8       0x40 watchdog.o
 .debug_frame   0x000019f8       0x2c /home/laurence/CodeSourcery/Sourcery_G++_Lite/bin/../lib/gcc/arm-none-eabi/4.5.2/../../../../arm-none-eabi/lib/thumb2/libm.a(lib_a-sf_sin.o)
 .debug_frame   0x00001a24       0x38 /home/laurence/CodeSourcery/Sourcery_G++_Lite/bin/../lib/gcc/arm-none-eabi/4.5.2/../../../../arm-none-eabi/lib/thumb2/libm.a(lib_a-w_sqrt.o)
 .debug_frame   0x00001a5c       0x30 /home/laurence/CodeSourcery/Sourcery_G++_Lite/bin/../lib/gcc/arm-none-eabi/4.5.2/../../../../arm-none-eabi/lib/thumb2/libm.a(lib_a-wf_asin.o)
 .debug_frame   0x00001a8c       0x34 /home/laurence/CodeSourcery/Sourcery_G++_Lite/bin/../lib/gcc/arm-none-eabi/4.5.2/../../../../arm-none-eabi/lib/thumb2/libm.a(lib_a-e_sqrt.o)
 .debug_frame   0x00001ac0       0x34 /home/laurence/CodeSourcery/Sourcery_G++_Lite/bin/../lib/gcc/arm-none-eabi/4.5.2/../../../../arm-none-eabi/lib/thumb2/libm.a(lib_a-ef_asin.o)