Archive member included because of file (symbol)

lib/STM32F10x_StdPeriph_Driver/libstm32fw.a(misc.o)
                              interrupts.o (NVIC_PriorityGroupConfig)
lib/STM32F10x_StdPeriph_Driver/libstm32fw.a(stm32f10x_adc.o)
                              adc.o (ADC_DeInit)
lib/STM32F10x_StdPeriph_Driver/libstm32fw.a(stm32f10x_bkp.o)
                              Util/fat_fs/src/rtc.o (BKP_DeInit)
lib/STM32F10x_StdPeriph_Driver/libstm32fw.a(stm32f10x_dbgmcu.o)
                              main.o (DBGMCU_Config)
lib/STM32F10x_StdPeriph_Driver/libstm32fw.a(stm32f10x_dma.o)
                              Util/fat_fs/src/sd_spi_stm32.o (DMA_DeInit)
lib/STM32F10x_StdPeriph_Driver/libstm32fw.a(stm32f10x_exti.o)
                              interrupts.o (EXTI_DeInit)
lib/STM32F10x_StdPeriph_Driver/libstm32fw.a(stm32f10x_gpio.o)
                              Util/fat_fs/src/sd_spi_stm32.o (GPIO_Init)
lib/STM32F10x_StdPeriph_Driver/libstm32fw.a(stm32f10x_i2c.o)
                              i2c_int.o (I2C_DeInit)
lib/STM32F10x_StdPeriph_Driver/libstm32fw.a(stm32f10x_iwdg.o)
                              watchdog.o (IWDG_WriteAccessCmd)
lib/STM32F10x_StdPeriph_Driver/libstm32fw.a(stm32f10x_pwr.o)
                              pwr.o (PWR_DeInit)
lib/STM32F10x_StdPeriph_Driver/libstm32fw.a(stm32f10x_rcc.o)
                              interrupts.o (RCC_HCLKConfig)
lib/STM32F10x_StdPeriph_Driver/libstm32fw.a(stm32f10x_rtc.o)
                              Util/fat_fs/src/rtc.o (RTC_GetCounter)
lib/STM32F10x_StdPeriph_Driver/libstm32fw.a(stm32f10x_spi.o)
                              Util/fat_fs/src/sd_spi_stm32.o (SPI_I2S_DeInit)
lib/STM32F10x_StdPeriph_Driver/libstm32fw.a(stm32f10x_tim.o)
                              timer.o (TIM_DeInit)
lib/STM32F10x_StdPeriph_Driver/libstm32fw.a(stm32f10x_usart.o)
                              usart.o (USART_Init)
lib/STM32_USB-FS-Device_Driver/libstm32usb.a(usb_core.o)
                              Util/USB/usb_prop.o (Standard_GetDescriptorData)
lib/STM32_USB-FS-Device_Driver/libstm32usb.a(usb_init.o)
                              main.o (USB_Init)
lib/STM32_USB-FS-Device_Driver/libstm32usb.a(usb_int.o)
                              Util/USB/usb_istr.o (CTR_LP)
lib/STM32_USB-FS-Device_Driver/libstm32usb.a(usb_mem.o)
                              lib/STM32_USB-FS-Device_Driver/libstm32usb.a(usb_core.o) (UserToPMABufferCopy)
lib/STM32_USB-FS-Device_Driver/libstm32usb.a(usb_regs.o)
                              Util/USB/usb_prop.o (SetBTABLE)
lib/STM32_USB-FS-Device_Driver/libstm32usb.a(usb_sil.o)
                              Util/USB/usb_prop.o (USB_SIL_Init)
/home/laurence/CodeSourcery/Sourcery_G++_Lite/bin/../lib/gcc/arm-none-eabi/4.5.2/../../../../arm-none-eabi/lib/thumb2/libm.a(lib_a-sf_sin.o)
                              Sensors/ppg_new.o (sinf)
/home/laurence/CodeSourcery/Sourcery_G++_Lite/bin/../lib/gcc/arm-none-eabi/4.5.2/../../../../arm-none-eabi/lib/thumb2/libm.a(lib_a-wf_asin.o)
                              Sensors/ppg_new.o (asinf)
/home/laurence/CodeSourcery/Sourcery_G++_Lite/bin/../lib/gcc/arm-none-eabi/4.5.2/../../../../arm-none-eabi/lib/thumb2/libm.a(lib_a-wf_sqrt.o)
                              Sensors/ppg_new.o (sqrtf)
/home/laurence/CodeSourcery/Sourcery_G++_Lite/bin/../lib/gcc/arm-none-eabi/4.5.2/../../../../arm-none-eabi/lib/thumb2/libm.a(lib_a-ef_asin.o)
                              /home/laurence/CodeSourcery/Sourcery_G++_Lite/bin/../lib/gcc/arm-none-eabi/4.5.2/../../../../arm-none-eabi/lib/thumb2/libm.a(lib_a-wf_asin.o) (__ieee754_asinf)
/home/laurence/CodeSourcery/Sourcery_G++_Lite/bin/../lib/gcc/arm-none-eabi/4.5.2/../../../../arm-none-eabi/lib/thumb2/libm.a(lib_a-ef_rem_pio2.o)
                              /home/laurence/CodeSourcery/Sourcery_G++_Lite/bin/../lib/gcc/arm-none-eabi/4.5.2/../../../../arm-none-eabi/lib/thumb2/libm.a(lib_a-sf_sin.o) (__ieee754_rem_pio2f)
/home/laurence/CodeSourcery/Sourcery_G++_Lite/bin/../lib/gcc/arm-none-eabi/4.5.2/../../../../arm-none-eabi/lib/thumb2/libm.a(lib_a-ef_sqrt.o)
                              /home/laurence/CodeSourcery/Sourcery_G++_Lite/bin/../lib/gcc/arm-none-eabi/4.5.2/../../../../arm-none-eabi/lib/thumb2/libm.a(lib_a-wf_sqrt.o) (__ieee754_sqrtf)
/home/laurence/CodeSourcery/Sourcery_G++_Lite/bin/../lib/gcc/arm-none-eabi/4.5.2/../../../../arm-none-eabi/lib/thumb2/libm.a(lib_a-kf_cos.o)
                              /home/laurence/CodeSourcery/Sourcery_G++_Lite/bin/../lib/gcc/arm-none-eabi/4.5.2/../../../../arm-none-eabi/lib/thumb2/libm.a(lib_a-sf_sin.o) (__kernel_cosf)
/home/laurence/CodeSourcery/Sourcery_G++_Lite/bin/../lib/gcc/arm-none-eabi/4.5.2/../../../../arm-none-eabi/lib/thumb2/libm.a(lib_a-kf_rem_pio2.o)
                              /home/laurence/CodeSourcery/Sourcery_G++_Lite/bin/../lib/gcc/arm-none-eabi/4.5.2/../../../../arm-none-eabi/lib/thumb2/libm.a(lib_a-ef_rem_pio2.o) (__kernel_rem_pio2f)
[...]
Memory Configuration

Name             Origin             Length             Attributes
ram              0x20000000         0x00005000         xrw
rom              0x08000000         0x00020000         xr
*default*        0x00000000         0xffffffff

Linker script and memory map

LOAD /home/laurence/CodeSourcery/Sourcery_G++_Lite/bin/../lib/gcc/arm-none-eabi/4.5.2/thumb2/crti.o
LOAD /home/laurence/CodeSourcery/Sourcery_G++_Lite/bin/../lib/gcc/arm-none-eabi/4.5.2/thumb2/crtbegin.o
LOAD Sensors/ppg_new.o
LOAD Sensors/pressure.o
LOAD Sensors/temperature.o
LOAD Util/USB/hw_config.o
LOAD Util/USB/mass_mal.o
LOAD Util/USB/memory.o
LOAD Util/USB/scsi_data.o
LOAD Util/USB/usb_bot.o
LOAD Util/USB/usb_desc.o
LOAD Util/USB/usb_endp.o
LOAD Util/USB/usb_istr.o
LOAD Util/USB/usb_prop.o
LOAD Util/USB/usb_pwr.o
LOAD Util/USB/usb_scsi.o
LOAD Util/buffer.o
LOAD Util/delay.o
LOAD Util/fat_fs/option/cc932.o
LOAD Util/fat_fs/option/syscall.o
LOAD Util/fat_fs/src/fattime.o
LOAD Util/fat_fs/src/ff.o
LOAD Util/fat_fs/src/rtc.o
LOAD Util/fat_fs/src/sd_spi_stm32.o
LOAD Util/rprintf.o
LOAD adc.o
LOAD bootload.o
LOAD gpio.o
LOAD i2c_int.o
LOAD interrupts.o
LOAD lib/CMSIS_CM3/core_cm3.o
LOAD lib/CMSIS_CM3/startup/gcc/startup_stm32f10x_md.o
LOAD lib/CMSIS_CM3/system_stm32f10x.o
LOAD main.o
LOAD pwr.o
LOAD timer.o
LOAD usart.o
LOAD watchdog.o
LOAD lib/STM32F10x_StdPeriph_Driver/libstm32fw.a
LOAD lib/STM32_USB-FS-Device_Driver/libstm32usb.a
LOAD /home/laurence/CodeSourcery/Sourcery_G++_Lite/bin/../lib/gcc/arm-none-eabi/4.5.2/../../../../arm-none-eabi/lib/thumb2/libm.a
START GROUP
LOAD /home/laurence/CodeSourcery/Sourcery_G++_Lite/bin/../lib/gcc/arm-none-eabi/4.5.2/thumb2/libgcc.a
LOAD /home/laurence/CodeSourcery/Sourcery_G++_Lite/bin/../lib/gcc/arm-none-eabi/4.5.2/../../../../arm-none-eabi/lib/thumb2/libc.a
END GROUP
LOAD /home/laurence/CodeSourcery/Sourcery_G++_Lite/bin/../lib/gcc/arm-none-eabi/4.5.2/thumb2/crtend.o
LOAD /home/laurence/CodeSourcery/Sourcery_G++_Lite/bin/../lib/gcc/arm-none-eabi/4.5.2/thumb2/crtn.o
START GROUP
LOAD /home/laurence/CodeSourcery/Sourcery_G++_Lite/bin/../lib/gcc/arm-none-eabi/4.5.2/thumb2/libgcc.a
LOAD /home/laurence/CodeSourcery/Sourcery_G++_Lite/bin/../lib/gcc/arm-none-eabi/4.5.2/../../../../arm-none-eabi/lib/thumb2/libc.a
LOAD /home/laurence/CodeSourcery/Sourcery_G++_Lite/bin/../lib/gcc/arm-none-eabi/4.5.2/../../../../arm-none-eabi/lib/thumb2/libcs3.a
LOAD /home/laurence/CodeSourcery/Sourcery_G++_Lite/bin/../lib/gcc/arm-none-eabi/4.5.2/../../../../arm-none-eabi/lib/thumb2/libcs3unhosted.a
LOAD lib/libcs3-lanchon-stm32.a
END GROUP
                0x20005000                PROVIDE (__cs3_stack, (__cs3_region_start_ram + __cs3_region_size_ram))
                0x20001008                PROVIDE (__cs3_heap_start, _end)
                0x20005000                PROVIDE (__cs3_heap_end, (__cs3_region_start_ram + __cs3_region_size_ram))

.text           0x08000000    0x1a1a4
 CREATE_OBJECT_SYMBOLS
                0x08000000                __cs3_region_start_rom = .
 *(.cs3.region-head.rom)
                0x08000000                __cs3_interrupt_vector = __cs3_interrupt_vector_lanchon_stm32
 *(.cs3.interrupt_vector)
 .cs3.interrupt_vector
                0x08000000       0xec lib/libcs3-lanchon-stm32.a(lanchon-stm32-vector.o)
                0x08000000                __cs3_interrupt_vector_lanchon_stm32
                0x08000001                ASSERT ((. != __cs3_interrupt_vector_lanchon_stm32), No interrupt vector)
 *(.rom)
 *(.rom.b)
                0x0801225c                PROVIDE (__cs3_reset_lanchon_stm32, _start)
                0x0801225c                __cs3_reset = __cs3_reset_lanchon_stm32
 *(.cs3.reset)
 *(.text .text.* .gnu.linkonce.t.*)
 .text          0x080000ec       0x30 /home/laurence/CodeSourcery/Sourcery_G++_Lite/bin/../lib/gcc/arm-none-eabi/4.5.2/thumb2/crtbegin.o
 *fill*         0x0800011c        0x4 00
 .text          0x08000120      0x5d8 Sensors/ppg_new.o
                0x08000120                PPG_LO_Filter
                0x080003f0                PPG_Automatic_Brightness_Control
                0x08000634                PPG_correct_brightness
                0x080006c0                PWM_Linear
 .text          0x080006f8      0x258 Sensors/pressure.o
                0x080006f8                calibrate_sensor
                0x08000744                conv_adc_diff
                0x0800077c                conv_diff
                0x080007ac                filterloop
 .text          0x08000950       0x88 Sensors/temperature.o
                0x08000950                convert_die_temp
                0x0800096c                convert_tmp102_temp
                0x080009a0                convert_thermistor_temp
 .text          0x080009d8      0x298 Util/USB/hw_config.o
                0x080009d8                Set_System
                0x080009e0                Set_USBClock
                0x080009f8                Enter_LowPowerMode
                0x08000a04                Leave_LowPowerMode
                0x08000a24                USB_Interrupts_Config
                0x08000a60                Led_RW_ON
                0x08000a70                Led_RW_OFF
                0x08000a80                USB_Configured_LED
                0x08000a90                USB_NotConfigured_LED
                0x08000aa0                USB_Cable_Config
                0x08000aa4                Get_SerialNum
                0x08000c68                MAL_Config
 .text          0x08000c70      0x10c Util/USB/mass_mal.o
                0x08000c70                MAL_Init
                0x08000cbc                MAL_Write
                0x08000cf0                MAL_Read
                0x08000d18                MAL_GetStatus
 .text          0x08000d7c      0x230 Util/USB/memory.o
                0x08000d7c                Read_Memory
                0x08000eac                Write_Memory
 .text          0x08000fac      0x628 Util/USB/usb_bot.o
                0x08000fac                Mass_Storage_In
                0x08001034                CBW_Decode
                0x08001494                Mass_Storage_Out
                0x08001524                Transfer_Data_Request
                0x08001558                Set_CSW
                0x08001594                Bot_Abort
 .text          0x080015d4        0x8 Util/USB/usb_endp.o
                0x080015d4                EP1_IN_Callback
                0x080015d8                EP2_OUT_Callback
 .text          0x080015dc       0xf0 Util/USB/usb_istr.o
                0x080015dc                USB_Istr
 .text          0x080016cc      0x268 Util/USB/usb_prop.o
                0x080016cc                Mass_Storage_SetDeviceAddress
                0x080016d8                MASS_Status_In
                0x080016dc                MASS_Status_Out
                0x080016e0                MASS_Get_Interface_Setting
                0x080016f0                Get_Max_Lun
                0x08001708                MASS_Data_Setup
                0x0800174c                MASS_GetStringDescriptor
                0x0800176c                MASS_GetConfigDescriptor
                0x08001778                MASS_GetDeviceDescriptor
                0x08001784                MASS_NoData_Setup
                0x080017d4                Mass_Storage_SetConfiguration
                0x08001804                Mass_Storage_ClearFeature
                0x08001820                MASS_Reset
                0x08001910                MASS_init
 .text          0x08001934      0x1c8 Util/USB/usb_pwr.o
                0x08001934                PowerOn
                0x08001964                PowerOff
                0x08001988                Suspend
                0x080019cc                Resume_Init
                0x08001a0c                Resume
 .text          0x08001afc      0x44c Util/USB/usb_scsi.o
                0x08001afc                SCSI_Inquiry_Cmd
                0x08001b34                SCSI_ReadFormatCapacity_Cmd
                0x08001ba8                SCSI_ReadCapacity10_Cmd
                0x08001c24                SCSI_ModeSense6_Cmd
                0x08001c30                SCSI_ModeSense10_Cmd
                0x08001c3c                SCSI_RequestSense_Cmd
                0x08001c54                Set_Scsi_Sense_Data
                0x08001c60                SCSI_Start_Stop_Unit_Cmd
                0x08001c68                SCSI_Read10_Cmd
                0x08001d18                SCSI_Write10_Cmd
                0x08001dc4                SCSI_Verify10_Cmd
                0x08001e04                SCSI_Valid_Cmd
                0x08001e3c                SCSI_TestUnitReady_Cmd
                0x08001e70                SCSI_Format_Cmd
                0x08001e88                SCSI_Invalid_Cmd
                0x08001ec4                SCSI_Address_Management
 .text          0x08001f48       0x84 Util/buffer.o
                0x08001f48                Add_To_Buffer
                0x08001f7c                Get_From_Buffer
                0x08001fb0                Empty_Buffer
                0x08001fb8                init_buffer
 .text          0x08001fcc       0x34 Util/delay.o
                0x08001fcc                Delay
 .text          0x08002000      0x25c Util/fat_fs/option/cc932.o
                0x08002000                ff_convert
                0x0800222c                ff_wtoupper
 .text          0x0800225c       0x48 Util/fat_fs/src/fattime.o
                0x0800225c                get_fattime
 .text          0x080022a4     0x643c Util/fat_fs/src/ff.o
                0x08002b8c                clust2sect
                0x08002ba8                get_fat
                0x0800314c                put_fat
                0x08004ef0                gen_numname
                0x08005b88                f_mount
                0x08005ba8                f_open
                0x08006014                f_read
                0x080063fc                f_write
                0x08006830                f_sync
                0x08006a08                f_close
                0x08006a18                f_lseek
                0x08006be4                f_opendir
                0x08006c50                f_readdir
                0x08006cc4                f_stat
                0x08006d0c                f_getfree
                0x08006f70                f_truncate
                0x080070e0                f_unlink
                0x080071f8                f_mkdir
                0x08007620                f_chmod
                0x0800767c                f_utime
                0x080076dc                f_rename
                0x0800799c                f_gets
                0x08007ab8                f_putc
                0x08007adc                f_puts
                0x08007b18                f_printf
 .text          0x080086e0      0x484 Util/fat_fs/src/rtc.o
                0x080086e0                rtc_gettime
                0x08008860                my_RTC_SetCounter
                0x08008884                rtc_settime
                0x08008ab8                rtc_init
 .text          0x08008b64      0xe48 Util/fat_fs/src/sd_spi_stm32.o
                0x08008f94                release_spi
                0x08008fc8                wrapup_transaction
                0x08008ff4                stop_cmd
                0x08008ffc                rcvr_datablock
                0x08009098                disk_initialize
                0x08009244                disk_status
                0x08009254                disk_read
                0x080093f4                disk_write
                0x08009594                disk_ioctl
                0x08009970                disk_timerproc
 .text          0x080099ac     0x182c Util/rprintf.o
                0x080099ac                rprintfInit
                0x080099b8                rprintfChar
                0x080099e0                rprintfStr
                0x08009a18                rprintfStrLen
                0x08009bdc                rprintfCRLF
                0x08009bf4                rprintfu04
                0x08009c20                rprintfu08
                0x08009c68                rprintfu16
                0x08009d04                rprintfu32
                0x08009e50                rprintfNum
                0x0800a0c0                rprintfFloat
                0x0800a384                rprintf2RamRom
                0x0800b180                Isdigit
                0x0800b190                atoiRamRom
                0x0800b1c8                rStrLen
 .text          0x0800b1d8      0x278 adc.o
                0x0800b1d8                ADC_Configuration
                0x0800b3d0                readADC2
                0x0800b408                setADC2
                0x0800b428                getADC2
 .text          0x0800b450      0x220 gpio.o
                0x0800b450                setup_gpio
                0x0800b5e4                switch_leds_on
                0x0800b60c                switch_leds_off
                0x0800b634                red_flash
                0x0800b664                get_wkup
 .text          0x0800b670      0x884 i2c_int.o
                0x0800b670                I2C1_EV_IRQHandler
                0x0800bc08                I2C1_Request_Job
                0x0800bc5c                I2C1_Setup_Job
                0x0800bc70                I2C_Config
                0x0800bdf8                I2C1_ER_IRQHandler
 *fill*         0x0800bef4        0x4 00
 .text          0x0800bef8      0x690 interrupts.o
                0x0800bef8                ISR_Config
                0x0800bf74                EXTI_ONOFF_EN
                0x0800bfd4                DMA_ISR_Config
                0x0800bff8                SysTick_Configuration
                0x0800c024                EXTI0_IRQHandler
                0x0800c0bc                DMAChannel1_IRQHandler
                0x0800c190                ADC1_2_IRQHandler
                0x0800c224                SysTickHandler
                0x0800c568                USB_HP_CAN_TX_IRQHandler
                0x0800c56c                USB_LP_CAN_RX0_IRQHandler
                0x0800c570                NMIException
                0x0800c574                HardFaultException
                0x0800c578                MemManageException
                0x0800c57c                BusFaultException
                0x0800c580                UsageFaultException
 .text.Default_Handler
                0x0800c588        0x2 lib/CMSIS_CM3/startup/gcc/startup_stm32f10x_md.o
                0x0800c588                EXTI2_IRQHandler
                0x0800c588                DebugMon_Handler
                0x0800c588                TIM1_CC_IRQHandler
                0x0800c588                HardFault_Handler
                0x0800c588                SysTick_Handler
                0x0800c588                PVD_IRQHandler
                0x0800c588                PendSV_Handler
                0x0800c588                NMI_Handler
                0x0800c588                EXTI3_IRQHandler
                0x0800c588                I2C2_EV_IRQHandler
                0x0800c588                UsageFault_Handler
                0x0800c588                SPI1_IRQHandler
                0x0800c588                TAMPER_IRQHandler
                0x0800c588                DMA1_Channel4_IRQHandler
                0x0800c588                USART3_IRQHandler
                0x0800c588                RTC_IRQHandler
                0x0800c588                DMA1_Channel7_IRQHandler
                0x0800c588                CAN1_RX1_IRQHandler
                0x0800c588                TIM4_IRQHandler
                0x0800c588                DMA1_Channel6_IRQHandler
                0x0800c588                TIM3_IRQHandler
                0x0800c588                RCC_IRQHandler
                0x0800c588                TIM1_TRG_COM_IRQHandler
                0x0800c588                DMA1_Channel1_IRQHandler
                0x0800c588                Default_Handler
                0x0800c588                EXTI15_10_IRQHandler
                0x0800c588                EXTI9_5_IRQHandler
                0x0800c588                SPI2_IRQHandler
                0x0800c588                MemManage_Handler
                0x0800c588                SVC_Handler
                0x0800c588                DMA1_Channel5_IRQHandler
                0x0800c588                EXTI4_IRQHandler
                0x0800c588                USB_LP_CAN1_RX0_IRQHandler
                0x0800c588                USB_HP_CAN1_TX_IRQHandler
                0x0800c588                DMA1_Channel3_IRQHandler
                0x0800c588                TIM1_UP_IRQHandler
                0x0800c588                WWDG_IRQHandler
                0x0800c588                TIM2_IRQHandler
                0x0800c588                TIM1_BRK_IRQHandler
                0x0800c588                EXTI1_IRQHandler
                0x0800c588                RTCAlarm_IRQHandler
                0x0800c588                USART2_IRQHandler
                0x0800c588                I2C2_ER_IRQHandler
                0x0800c588                DMA1_Channel2_IRQHandler
                0x0800c588                CAN1_SCE_IRQHandler
                0x0800c588                FLASH_IRQHandler
                0x0800c588                BusFault_Handler
                0x0800c588                USART1_IRQHandler
                0x0800c588                USBWakeUp_IRQHandler
 *fill*         0x0800c58a        0x2 00
 .text          0x0800c58c       0xfc lib/CMSIS_CM3/system_stm32f10x.o
                0x0800c58c                SystemInit
 .text          0x0800c688      0x990 main.o
                0x0800c688                __str_print_char
                0x0800c6bc                __fat_print_char
                0x0800c6dc                detect_sensors
                0x0800c848                main
 .text          0x0800d018       0x70 pwr.o
                0x0800d018                setuppwr
                0x0800d02c                shutdown
                0x0800d03c                disable_pin
                0x0800d044                shutdown_filesystem
 .text          0x0800d088      0x294 timer.o
                0x0800d088                setup_pwm
                0x0800d2d8                Set_Motor
 .text          0x0800d31c      0x110 usart.o
                0x0800d31c                Usarts_Init
                0x0800d3c8                Default_Usart_Config
                0x0800d3e4                Usart_Send_Str
                0x0800d410                __usart_send_char
 .text          0x0800d42c       0x40 watchdog.o
                0x0800d42c                Watchdog_Config
                0x0800d458                Watchdog_Reset_Detect
 .text.NVIC_PriorityGroupConfig
                0x0800d46c       0x14 lib/STM32F10x_StdPeriph_Driver/libstm32fw.a(misc.o)
                0x0800d46c                NVIC_PriorityGroupConfig
 .text.NVIC_Init
                0x0800d480       0x60 lib/STM32F10x_StdPeriph_Driver/libstm32fw.a(misc.o)
                0x0800d480                NVIC_Init
 .text.NVIC_SetVectorTable
                0x0800d4e0       0x14 lib/STM32F10x_StdPeriph_Driver/libstm32fw.a(misc.o)
                0x0800d4e0                NVIC_SetVectorTable
 .text.SysTick_CLKSourceConfig
                0x0800d4f4       0x18 lib/STM32F10x_StdPeriph_Driver/libstm32fw.a(misc.o)
                0x0800d4f4                SysTick_CLKSourceConfig
 .text.ADC_DeInit
                0x0800d50c       0x5c lib/STM32F10x_StdPeriph_Driver/libstm32fw.a(stm32f10x_adc.o)
                0x0800d50c                ADC_DeInit
 .text.ADC_Init
                0x0800d568       0x4c lib/STM32F10x_StdPeriph_Driver/libstm32fw.a(stm32f10x_adc.o)
                0x0800d568                ADC_Init
 .text.ADC_Cmd  0x0800d5b4       0x14 lib/STM32F10x_StdPeriph_Driver/libstm32fw.a(stm32f10x_adc.o)
                0x0800d5b4                ADC_Cmd
 .text.ADC_DMACmd
                0x0800d5c8       0x14 lib/STM32F10x_StdPeriph_Driver/libstm32fw.a(stm32f10x_adc.o)
                0x0800d5c8                ADC_DMACmd
 .text.ADC_ITConfig
                0x0800d5dc       0x14 lib/STM32F10x_StdPeriph_Driver/libstm32fw.a(stm32f10x_adc.o)
                0x0800d5dc                ADC_ITConfig
 .text.ADC_ResetCalibration
                0x0800d5f0        0xa lib/STM32F10x_StdPeriph_Driver/libstm32fw.a(stm32f10x_adc.o)
                0x0800d5f0                ADC_ResetCalibration
 .text.ADC_GetResetCalibrationStatus
                0x0800d5fa        0x8 lib/STM32F10x_StdPeriph_Driver/libstm32fw.a(stm32f10x_adc.o)
                0x0800d5fa                ADC_GetResetCalibrationStatus
 .text.ADC_StartCalibration
                0x0800d602        0xa lib/STM32F10x_StdPeriph_Driver/libstm32fw.a(stm32f10x_adc.o)
                0x0800d602                ADC_StartCalibration
 .text.ADC_GetCalibrationStatus
                0x0800d60c        0x8 lib/STM32F10x_StdPeriph_Driver/libstm32fw.a(stm32f10x_adc.o)
                0x0800d60c                ADC_GetCalibrationStatus
 .text.ADC_SoftwareStartConvCmd
                0x0800d614       0x14 lib/STM32F10x_StdPeriph_Driver/libstm32fw.a(stm32f10x_adc.o)
                0x0800d614                ADC_SoftwareStartConvCmd
 .text.ADC_RegularChannelConfig
                0x0800d628       0x8e lib/STM32F10x_StdPeriph_Driver/libstm32fw.a(stm32f10x_adc.o)
                0x0800d628                ADC_RegularChannelConfig
 .text.ADC_GetConversionValue
                0x0800d6b6        0x6 lib/STM32F10x_StdPeriph_Driver/libstm32fw.a(stm32f10x_adc.o)
                0x0800d6b6                ADC_GetConversionValue
 .text.ADC_ExternalTrigInjectedConvConfig
                0x0800d6bc        0xe lib/STM32F10x_StdPeriph_Driver/libstm32fw.a(stm32f10x_adc.o)
                0x0800d6bc                ADC_ExternalTrigInjectedConvConfig
 .text.ADC_SoftwareStartInjectedConvCmd
                0x0800d6ca       0x14 lib/STM32F10x_StdPeriph_Driver/libstm32fw.a(stm32f10x_adc.o)
                0x0800d6ca                ADC_SoftwareStartInjectedConvCmd
 .text.ADC_InjectedChannelConfig
                0x0800d6de       0x5c lib/STM32F10x_StdPeriph_Driver/libstm32fw.a(stm32f10x_adc.o)
                0x0800d6de                ADC_InjectedChannelConfig
 .text.ADC_InjectedSequencerLengthConfig
                0x0800d73a       0x10 lib/STM32F10x_StdPeriph_Driver/libstm32fw.a(stm32f10x_adc.o)
                0x0800d73a                ADC_InjectedSequencerLengthConfig
 .text.ADC_GetInjectedConversionValue
                0x0800d74a       0x1a lib/STM32F10x_StdPeriph_Driver/libstm32fw.a(stm32f10x_adc.o)
                0x0800d74a                ADC_GetInjectedConversionValue
 .text.ADC_AnalogWatchdogCmd
                0x0800d764       0x12 lib/STM32F10x_StdPeriph_Driver/libstm32fw.a(stm32f10x_adc.o)
                0x0800d764                ADC_AnalogWatchdogCmd
 .text.ADC_AnalogWatchdogThresholdsConfig
                0x0800d776        0x6 lib/STM32F10x_StdPeriph_Driver/libstm32fw.a(stm32f10x_adc.o)
                0x0800d776                ADC_AnalogWatchdogThresholdsConfig
 .text.ADC_AnalogWatchdogSingleChannelConfig
                0x0800d77c        0xe lib/STM32F10x_StdPeriph_Driver/libstm32fw.a(stm32f10x_adc.o)
                0x0800d77c                ADC_AnalogWatchdogSingleChannelConfig
 .text.ADC_GetFlagStatus
                0x0800d78a        0xc lib/STM32F10x_StdPeriph_Driver/libstm32fw.a(stm32f10x_adc.o)
                0x0800d78a                ADC_GetFlagStatus
 .text.ADC_ClearFlag
                0x0800d796        0x6 lib/STM32F10x_StdPeriph_Driver/libstm32fw.a(stm32f10x_adc.o)
                0x0800d796                ADC_ClearFlag
 .text.ADC_GetITStatus
                0x0800d79c       0x16 lib/STM32F10x_StdPeriph_Driver/libstm32fw.a(stm32f10x_adc.o)
                0x0800d79c                ADC_GetITStatus
 .text.ADC_ClearITPendingBit
                0x0800d7b2        0x8 lib/STM32F10x_StdPeriph_Driver/libstm32fw.a(stm32f10x_adc.o)
                0x0800d7b2                ADC_ClearITPendingBit
 .text.BKP_DeInit
                0x0800d7ba       0x12 lib/STM32F10x_StdPeriph_Driver/libstm32fw.a(stm32f10x_bkp.o)
                0x0800d7ba                BKP_DeInit
 .text.BKP_WriteBackupRegister
                0x0800d7cc       0x1c lib/STM32F10x_StdPeriph_Driver/libstm32fw.a(stm32f10x_bkp.o)
                0x0800d7cc                BKP_WriteBackupRegister
 .text.BKP_ReadBackupRegister
                0x0800d7e8       0x20 lib/STM32F10x_StdPeriph_Driver/libstm32fw.a(stm32f10x_bkp.o)
                0x0800d7e8                BKP_ReadBackupRegister
 .text.DBGMCU_Config
                0x0800d808       0x18 lib/STM32F10x_StdPeriph_Driver/libstm32fw.a(stm32f10x_dbgmcu.o)
                0x0800d808                DBGMCU_Config
 .text.DMA_DeInit
                0x0800d820       0xfc lib/STM32F10x_StdPeriph_Driver/libstm32fw.a(stm32f10x_dma.o)
                0x0800d820                DMA_DeInit
 .text.DMA_Init
                0x0800d91c       0x40 lib/STM32F10x_StdPeriph_Driver/libstm32fw.a(stm32f10x_dma.o)
                0x0800d91c                DMA_Init
 .text.DMA_StructInit
                0x0800d95c       0x1a lib/STM32F10x_StdPeriph_Driver/libstm32fw.a(stm32f10x_dma.o)
                0x0800d95c                DMA_StructInit
 .text.DMA_Cmd  0x0800d976       0x14 lib/STM32F10x_StdPeriph_Driver/libstm32fw.a(stm32f10x_dma.o)
                0x0800d976                DMA_Cmd
 .text.DMA_ITConfig
                0x0800d98a       0x12 lib/STM32F10x_StdPeriph_Driver/libstm32fw.a(stm32f10x_dma.o)
                0x0800d98a                DMA_ITConfig
 .text.DMA_GetCurrDataCounter
                0x0800d99c        0x6 lib/STM32F10x_StdPeriph_Driver/libstm32fw.a(stm32f10x_dma.o)
                0x0800d99c                DMA_GetCurrDataCounter
 *fill*         0x0800d9a2        0x2 00
 .text.DMA_GetFlagStatus
                0x0800d9a4       0x20 lib/STM32F10x_StdPeriph_Driver/libstm32fw.a(stm32f10x_dma.o)
                0x0800d9a4                DMA_GetFlagStatus
 .text.DMA_ClearFlag
                0x0800d9c4       0x18 lib/STM32F10x_StdPeriph_Driver/libstm32fw.a(stm32f10x_dma.o)
                0x0800d9c4                DMA_ClearFlag
 .text.DMA_GetITStatus
                0x0800d9dc       0x20 lib/STM32F10x_StdPeriph_Driver/libstm32fw.a(stm32f10x_dma.o)
                0x0800d9dc                DMA_GetITStatus
 .text.DMA_ClearITPendingBit
                0x0800d9fc       0x18 lib/STM32F10x_StdPeriph_Driver/libstm32fw.a(stm32f10x_dma.o)
                0x0800d9fc                DMA_ClearITPendingBit
 .text.EXTI_DeInit
                0x0800da14       0x1c lib/STM32F10x_StdPeriph_Driver/libstm32fw.a(stm32f10x_exti.o)
                0x0800da14                EXTI_DeInit
 .text.EXTI_Init
                0x0800da30       0x84 lib/STM32F10x_StdPeriph_Driver/libstm32fw.a(stm32f10x_exti.o)
                0x0800da30                EXTI_Init
 .text.EXTI_GetITStatus
                0x0800dab4       0x1c lib/STM32F10x_StdPeriph_Driver/libstm32fw.a(stm32f10x_exti.o)
                0x0800dab4                EXTI_GetITStatus
 .text.EXTI_ClearITPendingBit
                0x0800dad0        0xc lib/STM32F10x_StdPeriph_Driver/libstm32fw.a(stm32f10x_exti.o)
                0x0800dad0                EXTI_ClearITPendingBit
 .text.GPIO_Init
                0x0800dadc       0x98 lib/STM32F10x_StdPeriph_Driver/libstm32fw.a(stm32f10x_gpio.o)
                0x0800dadc                GPIO_Init
 .text.GPIO_ReadInputDataBit
                0x0800db74        0xc lib/STM32F10x_StdPeriph_Driver/libstm32fw.a(stm32f10x_gpio.o)
                0x0800db74                GPIO_ReadInputDataBit
 .text.GPIO_SetBits
                0x0800db80        0x4 lib/STM32F10x_StdPeriph_Driver/libstm32fw.a(stm32f10x_gpio.o)
                0x0800db80                GPIO_SetBits
 .text.GPIO_ResetBits
                0x0800db84        0x4 lib/STM32F10x_StdPeriph_Driver/libstm32fw.a(stm32f10x_gpio.o)
                0x0800db84                GPIO_ResetBits
 .text.GPIO_WriteBit
                0x0800db88        0xa lib/STM32F10x_StdPeriph_Driver/libstm32fw.a(stm32f10x_gpio.o)
                0x0800db88                GPIO_WriteBit
 *fill*         0x0800db92        0x2 00
 .text.GPIO_PinRemapConfig
                0x0800db94       0x58 lib/STM32F10x_StdPeriph_Driver/libstm32fw.a(stm32f10x_gpio.o)
                0x0800db94                GPIO_PinRemapConfig
 .text.GPIO_EXTILineConfig
                0x0800dbec       0x34 lib/STM32F10x_StdPeriph_Driver/libstm32fw.a(stm32f10x_gpio.o)
                0x0800dbec                GPIO_EXTILineConfig
 .text.I2C_DeInit
                0x0800dc20       0x34 lib/STM32F10x_StdPeriph_Driver/libstm32fw.a(stm32f10x_i2c.o)
                0x0800dc20                I2C_DeInit
 .text.I2C_Init
                0x0800dc54       0xd0 lib/STM32F10x_StdPeriph_Driver/libstm32fw.a(stm32f10x_i2c.o)
                0x0800dc54                I2C_Init
 .text.I2C_Cmd  0x0800dd24       0x1a lib/STM32F10x_StdPeriph_Driver/libstm32fw.a(stm32f10x_i2c.o)
                0x0800dd24                I2C_Cmd
 .text.I2C_GenerateSTART
                0x0800dd3e       0x1a lib/STM32F10x_StdPeriph_Driver/libstm32fw.a(stm32f10x_i2c.o)
                0x0800dd3e                I2C_GenerateSTART
 .text.I2C_GenerateSTOP
                0x0800dd58       0x1a lib/STM32F10x_StdPeriph_Driver/libstm32fw.a(stm32f10x_i2c.o)
                0x0800dd58                I2C_GenerateSTOP
 .text.I2C_AcknowledgeConfig
                0x0800dd72       0x1a lib/STM32F10x_StdPeriph_Driver/libstm32fw.a(stm32f10x_i2c.o)
                0x0800dd72                I2C_AcknowledgeConfig
 .text.I2C_ITConfig
                0x0800dd8c       0x16 lib/STM32F10x_StdPeriph_Driver/libstm32fw.a(stm32f10x_i2c.o)
                0x0800dd8c                I2C_ITConfig
 .text.I2C_SendData
                0x0800dda2        0x4 lib/STM32F10x_StdPeriph_Driver/libstm32fw.a(stm32f10x_i2c.o)
                0x0800dda2                I2C_SendData
 .text.I2C_ReceiveData
                0x0800dda6        0x6 lib/STM32F10x_StdPeriph_Driver/libstm32fw.a(stm32f10x_i2c.o)
                0x0800dda6                I2C_ReceiveData
 .text.I2C_Send7bitAddress
                0x0800ddac       0x10 lib/STM32F10x_StdPeriph_Driver/libstm32fw.a(stm32f10x_i2c.o)
                0x0800ddac                I2C_Send7bitAddress
 .text.I2C_SoftwareResetCmd
                0x0800ddbc       0x18 lib/STM32F10x_StdPeriph_Driver/libstm32fw.a(stm32f10x_i2c.o)
                0x0800ddbc                I2C_SoftwareResetCmd
 .text.IWDG_WriteAccessCmd
                0x0800ddd4        0xc lib/STM32F10x_StdPeriph_Driver/libstm32fw.a(stm32f10x_iwdg.o)
                0x0800ddd4                IWDG_WriteAccessCmd
 .text.IWDG_SetPrescaler
                0x0800dde0        0xc lib/STM32F10x_StdPeriph_Driver/libstm32fw.a(stm32f10x_iwdg.o)
                0x0800dde0                IWDG_SetPrescaler
 .text.IWDG_SetReload
                0x0800ddec        0xc lib/STM32F10x_StdPeriph_Driver/libstm32fw.a(stm32f10x_iwdg.o)
                0x0800ddec                IWDG_SetReload
 .text.IWDG_ReloadCounter
                0x0800ddf8       0x10 lib/STM32F10x_StdPeriph_Driver/libstm32fw.a(stm32f10x_iwdg.o)
                0x0800ddf8                IWDG_ReloadCounter
 .text.IWDG_Enable
                0x0800de08       0x10 lib/STM32F10x_StdPeriph_Driver/libstm32fw.a(stm32f10x_iwdg.o)
                0x0800de08                IWDG_Enable
 .text.__WFI    0x0800de18        0x4 lib/STM32F10x_StdPeriph_Driver/libstm32fw.a(stm32f10x_pwr.o)
 .text.PWR_DeInit
                0x0800de1c       0x1a lib/STM32F10x_StdPeriph_Driver/libstm32fw.a(stm32f10x_pwr.o)
                0x0800de1c                PWR_DeInit
 *fill*         0x0800de36        0x2 00
 .text.PWR_BackupAccessCmd
                0x0800de38        0xc lib/STM32F10x_StdPeriph_Driver/libstm32fw.a(stm32f10x_pwr.o)
                0x0800de38                PWR_BackupAccessCmd
 .text.PWR_WakeUpPinCmd
                0x0800de44        0xc lib/STM32F10x_StdPeriph_Driver/libstm32fw.a(stm32f10x_pwr.o)
                0x0800de44                PWR_WakeUpPinCmd
 .text.PWR_EnterSTANDBYMode
                0x0800de50       0x28 lib/STM32F10x_StdPeriph_Driver/libstm32fw.a(stm32f10x_pwr.o)
                0x0800de50                PWR_EnterSTANDBYMode
 .text.RCC_HCLKConfig
                0x0800de78       0x14 lib/STM32F10x_StdPeriph_Driver/libstm32fw.a(stm32f10x_rcc.o)
                0x0800de78                RCC_HCLKConfig
 .text.RCC_USBCLKConfig
                0x0800de8c        0xc lib/STM32F10x_StdPeriph_Driver/libstm32fw.a(stm32f10x_rcc.o)
                0x0800de8c                RCC_USBCLKConfig
 .text.RCC_ADCCLKConfig
                0x0800de98       0x14 lib/STM32F10x_StdPeriph_Driver/libstm32fw.a(stm32f10x_rcc.o)
                0x0800de98                RCC_ADCCLKConfig
 .text.RCC_LSEConfig
                0x0800deac       0x20 lib/STM32F10x_StdPeriph_Driver/libstm32fw.a(stm32f10x_rcc.o)
                0x0800deac                RCC_LSEConfig
 .text.RCC_RTCCLKConfig
                0x0800decc       0x10 lib/STM32F10x_StdPeriph_Driver/libstm32fw.a(stm32f10x_rcc.o)
                0x0800decc                RCC_RTCCLKConfig
 .text.RCC_RTCCLKCmd
                0x0800dedc        0xc lib/STM32F10x_StdPeriph_Driver/libstm32fw.a(stm32f10x_rcc.o)
                0x0800dedc                RCC_RTCCLKCmd
 .text.RCC_GetClocksFreq
                0x0800dee8       0xa8 lib/STM32F10x_StdPeriph_Driver/libstm32fw.a(stm32f10x_rcc.o)
                0x0800dee8                RCC_GetClocksFreq
 .text.RCC_AHBPeriphClockCmd
                0x0800df90       0x18 lib/STM32F10x_StdPeriph_Driver/libstm32fw.a(stm32f10x_rcc.o)
                0x0800df90                RCC_AHBPeriphClockCmd
 .text.RCC_APB2PeriphClockCmd
                0x0800dfa8       0x18 lib/STM32F10x_StdPeriph_Driver/libstm32fw.a(stm32f10x_rcc.o)
                0x0800dfa8                RCC_APB2PeriphClockCmd
 .text.RCC_APB1PeriphClockCmd
                0x0800dfc0       0x18 lib/STM32F10x_StdPeriph_Driver/libstm32fw.a(stm32f10x_rcc.o)
                0x0800dfc0                RCC_APB1PeriphClockCmd
 .text.RCC_APB2PeriphResetCmd
                0x0800dfd8       0x18 lib/STM32F10x_StdPeriph_Driver/libstm32fw.a(stm32f10x_rcc.o)
                0x0800dfd8                RCC_APB2PeriphResetCmd
 .text.RCC_APB1PeriphResetCmd
                0x0800dff0       0x18 lib/STM32F10x_StdPeriph_Driver/libstm32fw.a(stm32f10x_rcc.o)
                0x0800dff0                RCC_APB1PeriphResetCmd
 .text.RCC_BackupResetCmd
                0x0800e008        0xc lib/STM32F10x_StdPeriph_Driver/libstm32fw.a(stm32f10x_rcc.o)
                0x0800e008                RCC_BackupResetCmd
 .text.RCC_GetFlagStatus
                0x0800e014       0x28 lib/STM32F10x_StdPeriph_Driver/libstm32fw.a(stm32f10x_rcc.o)
                0x0800e014                RCC_GetFlagStatus
 .text.RCC_ClearFlag
                0x0800e03c       0x10 lib/STM32F10x_StdPeriph_Driver/libstm32fw.a(stm32f10x_rcc.o)
                0x0800e03c                RCC_ClearFlag
 .text.RTC_EnterConfigMode
                0x0800e04c       0x14 lib/STM32F10x_StdPeriph_Driver/libstm32fw.a(stm32f10x_rtc.o)
                0x0800e04c                RTC_EnterConfigMode
 .text.RTC_ExitConfigMode
                0x0800e060       0x14 lib/STM32F10x_StdPeriph_Driver/libstm32fw.a(stm32f10x_rtc.o)
                0x0800e060                RTC_ExitConfigMode
 .text.RTC_GetCounter
                0x0800e074       0x14 lib/STM32F10x_StdPeriph_Driver/libstm32fw.a(stm32f10x_rtc.o)
                0x0800e074                RTC_GetCounter
 .text.RTC_SetCounter
                0x0800e088       0x1c lib/STM32F10x_StdPeriph_Driver/libstm32fw.a(stm32f10x_rtc.o)
                0x0800e088                RTC_SetCounter
 .text.RTC_SetPrescaler
                0x0800e0a4       0x20 lib/STM32F10x_StdPeriph_Driver/libstm32fw.a(stm32f10x_rtc.o)
                0x0800e0a4                RTC_SetPrescaler
 .text.RTC_WaitForLastTask
                0x0800e0c4       0x10 lib/STM32F10x_StdPeriph_Driver/libstm32fw.a(stm32f10x_rtc.o)
                0x0800e0c4                RTC_WaitForLastTask
 .text.RTC_WaitForSynchro
                0x0800e0d4       0x20 lib/STM32F10x_StdPeriph_Driver/libstm32fw.a(stm32f10x_rtc.o)
                0x0800e0d4                RTC_WaitForSynchro
 .text.SPI_I2S_DeInit
                0x0800e0f4       0x64 lib/STM32F10x_StdPeriph_Driver/libstm32fw.a(stm32f10x_spi.o)
                0x0800e0f4                SPI_I2S_DeInit
 .text.SPI_Init
                0x0800e158       0x40 lib/STM32F10x_StdPeriph_Driver/libstm32fw.a(stm32f10x_spi.o)
                0x0800e158                SPI_Init
 .text.SPI_Cmd  0x0800e198       0x1a lib/STM32F10x_StdPeriph_Driver/libstm32fw.a(stm32f10x_spi.o)
                0x0800e198                SPI_Cmd
 .text.SPI_I2S_DMACmd
                0x0800e1b2       0x16 lib/STM32F10x_StdPeriph_Driver/libstm32fw.a(stm32f10x_spi.o)
                0x0800e1b2                SPI_I2S_DMACmd
 .text.SPI_I2S_SendData
                0x0800e1c8        0x4 lib/STM32F10x_StdPeriph_Driver/libstm32fw.a(stm32f10x_spi.o)
                0x0800e1c8                SPI_I2S_SendData
 .text.SPI_I2S_ReceiveData
                0x0800e1cc        0x6 lib/STM32F10x_StdPeriph_Driver/libstm32fw.a(stm32f10x_spi.o)
                0x0800e1cc                SPI_I2S_ReceiveData
 .text.SPI_CalculateCRC
                0x0800e1d2       0x1a lib/STM32F10x_StdPeriph_Driver/libstm32fw.a(stm32f10x_spi.o)
                0x0800e1d2                SPI_CalculateCRC
 .text.SPI_I2S_GetFlagStatus
                0x0800e1ec        0xc lib/STM32F10x_StdPeriph_Driver/libstm32fw.a(stm32f10x_spi.o)
                0x0800e1ec                SPI_I2S_GetFlagStatus
 .text.TIM_DeInit
                0x0800e1f8       0xc8 lib/STM32F10x_StdPeriph_Driver/libstm32fw.a(stm32f10x_tim.o)
                0x0800e1f8                TIM_DeInit
 .text.TIM_TimeBaseInit
                0x0800e2c0       0x3c lib/STM32F10x_StdPeriph_Driver/libstm32fw.a(stm32f10x_tim.o)
                0x0800e2c0                TIM_TimeBaseInit
 .text.TIM_OC1Init
                0x0800e2fc       0x80 lib/STM32F10x_StdPeriph_Driver/libstm32fw.a(stm32f10x_tim.o)
                0x0800e2fc                TIM_OC1Init
 .text.TIM_OC2Init
                0x0800e37c       0x88 lib/STM32F10x_StdPeriph_Driver/libstm32fw.a(stm32f10x_tim.o)
                0x0800e37c                TIM_OC2Init
 .text.TIM_OC3Init
                0x0800e404       0x84 lib/STM32F10x_StdPeriph_Driver/libstm32fw.a(stm32f10x_tim.o)
                0x0800e404                TIM_OC3Init
 .text.TIM_OC4Init
                0x0800e488       0x64 lib/STM32F10x_StdPeriph_Driver/libstm32fw.a(stm32f10x_tim.o)
                0x0800e488                TIM_OC4Init
 .text.TIM_Cmd  0x0800e4ec       0x1a lib/STM32F10x_StdPeriph_Driver/libstm32fw.a(stm32f10x_tim.o)
                0x0800e4ec                TIM_Cmd
 .text.TIM_CtrlPWMOutputs
                0x0800e506       0x1e lib/STM32F10x_StdPeriph_Driver/libstm32fw.a(stm32f10x_tim.o)
                0x0800e506                TIM_CtrlPWMOutputs
 .text.TIM_SelectInputTrigger
                0x0800e524       0x12 lib/STM32F10x_StdPeriph_Driver/libstm32fw.a(stm32f10x_tim.o)
                0x0800e524                TIM_SelectInputTrigger
 .text.TIM_ARRPreloadConfig
                0x0800e536       0x1a lib/STM32F10x_StdPeriph_Driver/libstm32fw.a(stm32f10x_tim.o)
                0x0800e536                TIM_ARRPreloadConfig
 .text.TIM_OC1PreloadConfig
                0x0800e550       0x12 lib/STM32F10x_StdPeriph_Driver/libstm32fw.a(stm32f10x_tim.o)
                0x0800e550                TIM_OC1PreloadConfig
 .text.TIM_OC2PreloadConfig
                0x0800e562       0x12 lib/STM32F10x_StdPeriph_Driver/libstm32fw.a(stm32f10x_tim.o)
                0x0800e562                TIM_OC2PreloadConfig
 .text.TIM_OC3PreloadConfig
                0x0800e574       0x12 lib/STM32F10x_StdPeriph_Driver/libstm32fw.a(stm32f10x_tim.o)
                0x0800e574                TIM_OC3PreloadConfig
 .text.TIM_OC4PreloadConfig
                0x0800e586       0x12 lib/STM32F10x_StdPeriph_Driver/libstm32fw.a(stm32f10x_tim.o)
                0x0800e586                TIM_OC4PreloadConfig
 .text.TIM_SelectOutputTrigger
                0x0800e598       0x18 lib/STM32F10x_StdPeriph_Driver/libstm32fw.a(stm32f10x_tim.o)
                0x0800e598                TIM_SelectOutputTrigger
 .text.TIM_SelectSlaveMode
                0x0800e5b0       0x18 lib/STM32F10x_StdPeriph_Driver/libstm32fw.a(stm32f10x_tim.o)
                0x0800e5b0                TIM_SelectSlaveMode
 .text.TIM_SelectMasterSlaveMode
                0x0800e5c8       0x18 lib/STM32F10x_StdPeriph_Driver/libstm32fw.a(stm32f10x_tim.o)
                0x0800e5c8                TIM_SelectMasterSlaveMode
 .text.TIM_SetCompare1
                0x0800e5e0        0x4 lib/STM32F10x_StdPeriph_Driver/libstm32fw.a(stm32f10x_tim.o)
                0x0800e5e0                TIM_SetCompare1
 .text.TIM_SetCompare3
                0x0800e5e4        0x4 lib/STM32F10x_StdPeriph_Driver/libstm32fw.a(stm32f10x_tim.o)
                0x0800e5e4                TIM_SetCompare3
 .text.TIM_SetCompare4
                0x0800e5e8        0x6 lib/STM32F10x_StdPeriph_Driver/libstm32fw.a(stm32f10x_tim.o)
                0x0800e5e8                TIM_SetCompare4
 *fill*         0x0800e5ee        0x2 00
 .text.USART_Init
                0x0800e5f0       0x90 lib/STM32F10x_StdPeriph_Driver/libstm32fw.a(stm32f10x_usart.o)
                0x0800e5f0                USART_Init
 .text.USART_Cmd
                0x0800e680       0x1a lib/STM32F10x_StdPeriph_Driver/libstm32fw.a(stm32f10x_usart.o)
                0x0800e680                USART_Cmd
 .text.USART_SendData
                0x0800e69a        0x8 lib/STM32F10x_StdPeriph_Driver/libstm32fw.a(stm32f10x_usart.o)
                0x0800e69a                USART_SendData
 .text.USART_GetFlagStatus
                0x0800e6a2        0xc lib/STM32F10x_StdPeriph_Driver/libstm32fw.a(stm32f10x_usart.o)
                0x0800e6a2                USART_GetFlagStatus
 *fill*         0x0800e6ae        0x2 00
 .text.Standard_GetConfiguration
                0x0800e6b0       0x24 lib/STM32_USB-FS-Device_Driver/libstm32usb.a(usb_core.o)
                0x0800e6b0                Standard_GetConfiguration
 .text.Standard_GetInterface
                0x0800e6d4       0x24 lib/STM32_USB-FS-Device_Driver/libstm32usb.a(usb_core.o)
                0x0800e6d4                Standard_GetInterface
 .text.Standard_GetStatus
                0x0800e6f8       0xa8 lib/STM32_USB-FS-Device_Driver/libstm32usb.a(usb_core.o)
                0x0800e6f8                Standard_GetStatus
 .text.DataStageIn
                0x0800e7a0       0xa8 lib/STM32_USB-FS-Device_Driver/libstm32usb.a(usb_core.o)
 .text.Standard_SetConfiguration
                0x0800e848       0x3c lib/STM32_USB-FS-Device_Driver/libstm32usb.a(usb_core.o)
                0x0800e848                Standard_SetConfiguration
 .text.Standard_SetInterface
                0x0800e884       0x4c lib/STM32_USB-FS-Device_Driver/libstm32usb.a(usb_core.o)
                0x0800e884                Standard_SetInterface
 .text.Standard_ClearFeature
                0x0800e8d0       0xec lib/STM32_USB-FS-Device_Driver/libstm32usb.a(usb_core.o)
                0x0800e8d0                Standard_ClearFeature
 .text.Standard_SetEndPointFeature
                0x0800e9bc       0x9c lib/STM32_USB-FS-Device_Driver/libstm32usb.a(usb_core.o)
                0x0800e9bc                Standard_SetEndPointFeature
 .text.Standard_SetDeviceFeature
                0x0800ea58       0x24 lib/STM32_USB-FS-Device_Driver/libstm32usb.a(usb_core.o)
                0x0800ea58                Standard_SetDeviceFeature
 .text.Standard_GetDescriptorData
                0x0800ea7c       0x1c lib/STM32_USB-FS-Device_Driver/libstm32usb.a(usb_core.o)
                0x0800ea7c                Standard_GetDescriptorData
 .text.Post0_Process
                0x0800ea98       0x44 lib/STM32_USB-FS-Device_Driver/libstm32usb.a(usb_core.o)
                0x0800ea98                Post0_Process
 .text.Out0_Process
                0x0800eadc       0xd0 lib/STM32_USB-FS-Device_Driver/libstm32usb.a(usb_core.o)
                0x0800eadc                Out0_Process
 .text.Setup0_Process
                0x0800ebac      0x2f4 lib/STM32_USB-FS-Device_Driver/libstm32usb.a(usb_core.o)
                0x0800ebac                Setup0_Process
 .text.SetDeviceAddress
                0x0800eea0       0x48 lib/STM32_USB-FS-Device_Driver/libstm32usb.a(usb_core.o)
                0x0800eea0                SetDeviceAddress
 .text.In0_Process
                0x0800eee8       0x5c lib/STM32_USB-FS-Device_Driver/libstm32usb.a(usb_core.o)
                0x0800eee8                In0_Process
 .text.NOP_Process
                0x0800ef44        0x2 lib/STM32_USB-FS-Device_Driver/libstm32usb.a(usb_core.o)
                0x0800ef44                NOP_Process
 *fill*         0x0800ef46        0x2 00
 .text.USB_Init
                0x0800ef48       0x38 lib/STM32_USB-FS-Device_Driver/libstm32usb.a(usb_init.o)
                0x0800ef48                USB_Init
 .text.CTR_LP   0x0800ef80      0x18c lib/STM32_USB-FS-Device_Driver/libstm32usb.a(usb_int.o)
                0x0800ef80                CTR_LP
 .text.CTR_HP   0x0800f10c       0x80 lib/STM32_USB-FS-Device_Driver/libstm32usb.a(usb_int.o)
                0x0800f10c                CTR_HP
 .text.UserToPMABufferCopy
                0x0800f18c       0x2e lib/STM32_USB-FS-Device_Driver/libstm32usb.a(usb_mem.o)
                0x0800f18c                UserToPMABufferCopy
 .text.PMAToUserBufferCopy
                0x0800f1ba       0x20 lib/STM32_USB-FS-Device_Driver/libstm32usb.a(usb_mem.o)
                0x0800f1ba                PMAToUserBufferCopy
 *fill*         0x0800f1da        0x2 00
 .text.SetBTABLE
                0x0800f1dc       0x14 lib/STM32_USB-FS-Device_Driver/libstm32usb.a(usb_regs.o)
                0x0800f1dc                SetBTABLE
 .text.SetEPType
                0x0800f1f0       0x1a lib/STM32_USB-FS-Device_Driver/libstm32usb.a(usb_regs.o)
                0x0800f1f0                SetEPType
 .text.SetEPTxStatus
                0x0800f20a       0x38 lib/STM32_USB-FS-Device_Driver/libstm32usb.a(usb_regs.o)
                0x0800f20a                SetEPTxStatus
 .text.SetEPRxStatus
                0x0800f242       0x38 lib/STM32_USB-FS-Device_Driver/libstm32usb.a(usb_regs.o)
                0x0800f242                SetEPRxStatus
 .text.SetEPRxValid
                0x0800f27a       0x24 lib/STM32_USB-FS-Device_Driver/libstm32usb.a(usb_regs.o)
                0x0800f27a                SetEPRxValid
 .text.Clear_Status_Out
                0x0800f29e       0x20 lib/STM32_USB-FS-Device_Driver/libstm32usb.a(usb_regs.o)
                0x0800f29e                Clear_Status_Out
 .text.ClearDTOG_RX
                0x0800f2be       0x28 lib/STM32_USB-FS-Device_Driver/libstm32usb.a(usb_regs.o)
                0x0800f2be                ClearDTOG_RX
 .text.ClearDTOG_TX
                0x0800f2e6       0x28 lib/STM32_USB-FS-Device_Driver/libstm32usb.a(usb_regs.o)
                0x0800f2e6                ClearDTOG_TX
 *fill*         0x0800f30e        0x2 00
 .text.SetEPTxAddr
                0x0800f310       0x24 lib/STM32_USB-FS-Device_Driver/libstm32usb.a(usb_regs.o)
                0x0800f310                SetEPTxAddr
 .text.SetEPRxAddr
                0x0800f334       0x24 lib/STM32_USB-FS-Device_Driver/libstm32usb.a(usb_regs.o)
                0x0800f334                SetEPRxAddr
 .text.GetEPTxAddr
                0x0800f358       0x1c lib/STM32_USB-FS-Device_Driver/libstm32usb.a(usb_regs.o)
                0x0800f358                GetEPTxAddr
 .text.GetEPRxAddr
                0x0800f374       0x1c lib/STM32_USB-FS-Device_Driver/libstm32usb.a(usb_regs.o)
                0x0800f374                GetEPRxAddr
 .text.SetEPTxCount
                0x0800f390       0x1c lib/STM32_USB-FS-Device_Driver/libstm32usb.a(usb_regs.o)
                0x0800f390                SetEPTxCount
 .text.SetEPRxCount
                0x0800f3ac       0x40 lib/STM32_USB-FS-Device_Driver/libstm32usb.a(usb_regs.o)
                0x0800f3ac                SetEPRxCount
 .text.GetEPRxCount
                0x0800f3ec       0x20 lib/STM32_USB-FS-Device_Driver/libstm32usb.a(usb_regs.o)
                0x0800f3ec                GetEPRxCount
 .text.ByteSwap
                0x0800f40c        0xa lib/STM32_USB-FS-Device_Driver/libstm32usb.a(usb_regs.o)
                0x0800f40c                ByteSwap
 *fill*         0x0800f416        0x2 00
 .text.USB_SIL_Init
                0x0800f418       0x20 lib/STM32_USB-FS-Device_Driver/libstm32usb.a(usb_sil.o)
                0x0800f418                USB_SIL_Init
 .text.USB_SIL_Write
                0x0800f438       0x28 lib/STM32_USB-FS-Device_Driver/libstm32usb.a(usb_sil.o)
                0x0800f438                USB_SIL_Write
 .text.USB_SIL_Read
                0x0800f460       0x24 lib/STM32_USB-FS-Device_Driver/libstm32usb.a(usb_sil.o)
                0x0800f460                USB_SIL_Read
 .text          0x0800f484       0x78 /home/laurence/CodeSourcery/Sourcery_G++_Lite/bin/../lib/gcc/arm-none-eabi/4.5.2/../../../../arm-none-eabi/lib/thumb2/libm.a(lib_a-sf_sin.o)
                0x0800f484                sinf
 .text          0x0800f4fc       0xa8 /home/laurence/CodeSourcery/Sourcery_G++_Lite/bin/../lib/gcc/arm-none-eabi/4.5.2/../../../../arm-none-eabi/lib/thumb2/libm.a(lib_a-wf_asin.o)
                0x0800f4fc                asinf
 .text          0x0800f5a4       0xa4 /home/laurence/CodeSourcery/Sourcery_G++_Lite/bin/../lib/gcc/arm-none-eabi/4.5.2/../../../../arm-none-eabi/lib/thumb2/libm.a(lib_a-wf_sqrt.o)
                0x0800f5a4                sqrtf
 .text          0x0800f648      0x318 /home/laurence/CodeSourcery/Sourcery_G++_Lite/bin/../lib/gcc/arm-none-eabi/4.5.2/../../../../arm-none-eabi/lib/thumb2/libm.a(lib_a-ef_asin.o)
                0x0800f648                __ieee754_asinf
 .text          0x0800f960      0x358 /home/laurence/CodeSourcery/Sourcery_G++_Lite/bin/../lib/gcc/arm-none-eabi/4.5.2/../../../../arm-none-eabi/lib/thumb2/libm.a(lib_a-ef_rem_pio2.o)
                0x0800f960                __ieee754_rem_pio2f
 .text          0x0800fcb8       0xb0 /home/laurence/CodeSourcery/Sourcery_G++_Lite/bin/../lib/gcc/arm-none-eabi/4.5.2/../../../../arm-none-eabi/lib/thumb2/libm.a(lib_a-ef_sqrt.o)
                0x0800fcb8                __ieee754_sqrtf
 .text          0x0800fd68      0x1b8 /home/laurence/CodeSourcery/Sourcery_G++_Lite/bin/../lib/gcc/arm-none-eabi/4.5.2/../../../../arm-none-eabi/lib/thumb2/libm.a(lib_a-kf_cos.o)
                0x0800fd68                __kernel_cosf
 .text          0x0800ff20      0x63c /home/laurence/CodeSourcery/Sourcery_G++_Lite/bin/../lib/gcc/arm-none-eabi/4.5.2/../../../../arm-none-eabi/lib/thumb2/libm.a(lib_a-kf_rem_pio2.o)
                0x0800ff20                __kernel_rem_pio2f
 .text          0x0801055c      0x100 /home/laurence/CodeSourcery/Sourcery_G++_Lite/bin/../lib/gcc/arm-none-eabi/4.5.2/../../../../arm-none-eabi/lib/thumb2/libm.a(lib_a-kf_sin.o)
                0x0801055c                __kernel_sinf
 .text          0x0801065c        0x4 /home/laurence/CodeSourcery/Sourcery_G++_Lite/bin/../lib/gcc/arm-none-eabi/4.5.2/../../../../arm-none-eabi/lib/thumb2/libm.a(lib_a-s_matherr.o)
                0x0801065c                matherr
 .text          0x08010660        0xc /home/laurence/CodeSourcery/Sourcery_G++_Lite/bin/../lib/gcc/arm-none-eabi/4.5.2/../../../../arm-none-eabi/lib/thumb2/libm.a(lib_a-s_nan.o)
                0x08010660                nan
 .text          0x0801066c        0x8 /home/laurence/CodeSourcery/Sourcery_G++_Lite/bin/../lib/gcc/arm-none-eabi/4.5.2/../../../../arm-none-eabi/lib/thumb2/libm.a(lib_a-sf_fabs.o)
                0x0801066c                fabsf
 .text          0x08010674       0xa0 /home/laurence/CodeSourcery/Sourcery_G++_Lite/bin/../lib/gcc/arm-none-eabi/4.5.2/../../../../arm-none-eabi/lib/thumb2/libm.a(lib_a-sf_floor.o)
                0x08010674                floorf
 .text          0x08010714       0x7c /home/laurence/CodeSourcery/Sourcery_G++_Lite/bin/../lib/gcc/arm-none-eabi/4.5.2/../../../../arm-none-eabi/lib/thumb2/libm.a(lib_a-sf_fpclassify.o)
                0x08010714                __fpclassifyf
 .text          0x08010790       0xc0 /home/laurence/CodeSourcery/Sourcery_G++_Lite/bin/../lib/gcc/arm-none-eabi/4.5.2/../../../../arm-none-eabi/lib/thumb2/libm.a(lib_a-sf_scalbn.o)
                0x08010790                scalbnf
 .text          0x08010850       0x10 /home/laurence/CodeSourcery/Sourcery_G++_Lite/bin/../lib/gcc/arm-none-eabi/4.5.2/../../../../arm-none-eabi/lib/thumb2/libm.a(lib_a-sf_copysign.o)
                0x08010850                copysignf
 .text          0x08010860      0x370 /home/laurence/CodeSourcery/Sourcery_G++_Lite/bin/../lib/gcc/arm-none-eabi/4.5.2/thumb2/libgcc.a(_arm_addsubdf3.o)
                0x08010860                __aeabi_drsub
                0x08010868                __aeabi_dsub
                0x08010868                __subdf3
                0x0801086c                __adddf3
                0x0801086c                __aeabi_dadd
                0x08010ae4                __aeabi_ui2d
                0x08010ae4                __floatunsidf
                0x08010b04                __floatsidf
                0x08010b04                __aeabi_i2d
                0x08010b28                __extendsfdf2
                0x08010b28                __aeabi_f2d
                0x08010b64                __aeabi_ul2d
                0x08010b64                __floatundidf
                0x08010b74                __floatdidf
                0x08010b74                __aeabi_l2d
 .text          0x08010bd0      0x424 /home/laurence/CodeSourcery/Sourcery_G++_Lite/bin/../lib/gcc/arm-none-eabi/4.5.2/thumb2/libgcc.a(_arm_muldivdf3.o)
                0x08010bd0                __aeabi_dmul
                0x08010bd0                __muldf3
                0x08010e24                __aeabi_ddiv
                0x08010e24                __divdf3
 .text          0x08010ff4      0x110 /home/laurence/CodeSourcery/Sourcery_G++_Lite/bin/../lib/gcc/arm-none-eabi/4.5.2/thumb2/libgcc.a(_arm_cmpdf2.o)
                0x08010ff4                __gtdf2
                0x08010ff4                __gedf2
                0x08010ffc                __ltdf2
                0x08010ffc                __ledf2
                0x08011004                __cmpdf2
                0x08011004                __eqdf2
                0x08011004                __nedf2
                0x08011080                __aeabi_cdrcmple
                0x08011090                __aeabi_cdcmple
                0x08011090                __aeabi_cdcmpeq
                0x080110a0                __aeabi_dcmpeq
                0x080110b4                __aeabi_dcmplt
                0x080110c8                __aeabi_dcmple
                0x080110dc                __aeabi_dcmpge
                0x080110f0                __aeabi_dcmpgt
 .text          0x08011104       0x50 /home/laurence/CodeSourcery/Sourcery_G++_Lite/bin/../lib/gcc/arm-none-eabi/4.5.2/thumb2/libgcc.a(_arm_fixdfsi.o)
                0x08011104                __fixdfsi
                0x08011104                __aeabi_d2iz
 .text          0x08011154       0x40 /home/laurence/CodeSourcery/Sourcery_G++_Lite/bin/../lib/gcc/arm-none-eabi/4.5.2/thumb2/libgcc.a(_arm_fixunsdfsi.o)
                0x08011154                __fixunsdfsi
                0x08011154                __aeabi_d2uiz
 .text          0x08011194       0xa0 /home/laurence/CodeSourcery/Sourcery_G++_Lite/bin/../lib/gcc/arm-none-eabi/4.5.2/thumb2/libgcc.a(_arm_truncdfsf2.o)
                0x08011194                __aeabi_d2f
                0x08011194                __truncdfsf2
 .text          0x08011234      0x21c /home/laurence/CodeSourcery/Sourcery_G++_Lite/bin/../lib/gcc/arm-none-eabi/4.5.2/thumb2/libgcc.a(_arm_addsubsf3.o)
                0x08011234                __aeabi_frsub
                0x0801123c                __subsf3
                0x0801123c                __aeabi_fsub
                0x08011240                __aeabi_fadd
                0x08011240                __addsf3
                0x080113a0                __aeabi_ui2f
                0x080113a0                __floatunsisf
                0x080113a8                __aeabi_i2f
                0x080113a8                __floatsisf
                0x080113c4                __floatundisf
                0x080113c4                __aeabi_ul2f
                0x080113d4                __floatdisf
                0x080113d4                __aeabi_l2f
 .text          0x08011450      0x2a0 /home/laurence/CodeSourcery/Sourcery_G++_Lite/bin/../lib/gcc/arm-none-eabi/4.5.2/thumb2/libgcc.a(_arm_muldivsf3.o)
                0x08011450                __mulsf3
                0x08011450                __aeabi_fmul
                0x080115b8                __divsf3
                0x080115b8                __aeabi_fdiv
 .text          0x080116f0       0xec /home/laurence/CodeSourcery/Sourcery_G++_Lite/bin/../lib/gcc/arm-none-eabi/4.5.2/thumb2/libgcc.a(_arm_cmpsf2.o)
                0x080116f0                __gtsf2
                0x080116f0                __gesf2
                0x080116f8                __lesf2
                0x080116f8                __ltsf2
                0x08011700                __nesf2
                0x08011700                __eqsf2
                0x08011700                __cmpsf2
                0x08011760                __aeabi_cfrcmple
                0x08011768                __aeabi_cfcmple
                0x08011768                __aeabi_cfcmpeq
                0x08011778                __aeabi_fcmpeq
                0x0801178c                __aeabi_fcmplt
                0x080117a0                __aeabi_fcmple
                0x080117b4                __aeabi_fcmpge
                0x080117c8                __aeabi_fcmpgt
 .text          0x080117dc       0x4c /home/laurence/CodeSourcery/Sourcery_G++_Lite/bin/../lib/gcc/arm-none-eabi/4.5.2/thumb2/libgcc.a(_arm_fixsfsi.o)
                0x080117dc                __fixsfsi
                0x080117dc                __aeabi_f2iz
 .text          0x08011828       0x40 /home/laurence/CodeSourcery/Sourcery_G++_Lite/bin/../lib/gcc/arm-none-eabi/4.5.2/thumb2/libgcc.a(_arm_fixunssfsi.o)
                0x08011828                __aeabi_f2uiz
                0x08011828                __fixunssfsi
 .text          0x08011868        0x8 /home/laurence/CodeSourcery/Sourcery_G++_Lite/bin/../lib/gcc/arm-none-eabi/4.5.2/../../../../arm-none-eabi/lib/thumb2/libc.a(lib_a-abs.o)
                0x08011868                abs
 .text          0x08011870        0xc /home/laurence/CodeSourcery/Sourcery_G++_Lite/bin/../lib/gcc/arm-none-eabi/4.5.2/../../../../arm-none-eabi/lib/thumb2/libc.a(lib_a-errno.o)
                0x08011870                __errno
 .text          0x0801187c       0x20 /home/laurence/CodeSourcery/Sourcery_G++_Lite/bin/../lib/gcc/arm-none-eabi/4.5.2/../../../../arm-none-eabi/lib/thumb2/libc.a(lib_a-malloc.o)
                0x0801187c                malloc
                0x0801188c                free
 .text          0x0801189c      0x57c /home/laurence/CodeSourcery/Sourcery_G++_Lite/bin/../lib/gcc/arm-none-eabi/4.5.2/../../../../arm-none-eabi/lib/thumb2/libc.a(lib_a-mallocr.o)
                0x0801189c                _malloc_r
 .text          0x08011e18       0xb4 /home/laurence/CodeSourcery/Sourcery_G++_Lite/bin/../lib/gcc/arm-none-eabi/4.5.2/../../../../arm-none-eabi/lib/thumb2/libc.a(lib_a-memset.o)
                0x08011e18                memset
 .text          0x08011ecc        0x8 /home/laurence/CodeSourcery/Sourcery_G++_Lite/bin/../lib/gcc/arm-none-eabi/4.5.2/../../../../arm-none-eabi/lib/thumb2/libc.a(lib_a-mlock.o)
                0x08011ecc                __malloc_lock
                0x08011ed0                __malloc_unlock
 .text          0x08011ed4       0x28 /home/laurence/CodeSourcery/Sourcery_G++_Lite/bin/../lib/gcc/arm-none-eabi/4.5.2/../../../../arm-none-eabi/lib/thumb2/libc.a(lib_a-sbrkr.o)
                0x08011ed4                _sbrk_r
 .text          0x08011efc       0x60 /home/laurence/CodeSourcery/Sourcery_G++_Lite/bin/../lib/gcc/arm-none-eabi/4.5.2/../../../../arm-none-eabi/lib/thumb2/libc.a(lib_a-strlen.o)
                0x08011efc                strlen
 .text          0x08011f5c      0x240 /home/laurence/CodeSourcery/Sourcery_G++_Lite/bin/../lib/gcc/arm-none-eabi/4.5.2/../../../../arm-none-eabi/lib/thumb2/libc.a(lib_a-freer.o)
                0x08011f5c                _malloc_trim_r
                0x08012004                _free_r
 .text          0x0801219c       0x30 /home/laurence/CodeSourcery/Sourcery_G++_Lite/bin/../lib/gcc/arm-none-eabi/4.5.2/../../../../arm-none-eabi/lib/thumb2/libcs3.a(start_c.o)
                0x0801219c                __cs3_premain
 .text.cs3.init
                0x080121cc       0x50 /home/laurence/CodeSourcery/Sourcery_G++_Lite/bin/../lib/gcc/arm-none-eabi/4.5.2/../../../../arm-none-eabi/lib/thumb2/libcs3.a(start_c.o)
                0x080121cc                __cs3_start_c
 .text          0x0801221c       0x40 /home/laurence/CodeSourcery/Sourcery_G++_Lite/bin/../lib/gcc/arm-none-eabi/4.5.2/../../../../arm-none-eabi/lib/thumb2/libcs3unhosted.a(unhosted-sbrk.o)
                0x0801221c                _sbrk
 .text.cs3.init
                0x0801225c       0x10 /home/laurence/CodeSourcery/Sourcery_G++_Lite/bin/../lib/gcc/arm-none-eabi/4.5.2/../../../../arm-none-eabi/lib/thumb2/libcs3unhosted.a(unhosted-start.o)
                0x0801225c                _start
 .text          0x0801226c        0x2 lib/libcs3-lanchon-stm32.a(lanchon_stm32_isr_interrupt.o)
                0x0801226c                DMAChannel7_IRQHandler
                0x0801226c                DebugMonitor
                0x0801226c                SVCHandler
                0x0801226c                __STM32ReservedException8
                0x0801226c                __STM32DefaultExceptionHandler
                0x0801226c                CAN_SCE_IRQHandler
                0x0801226c                __STM32ReservedException10
                0x0801226c                __STM32ReservedException13
                0x0801226c                DMAChannel4_IRQHandler
                0x0801226c                PendSVC
                0x0801226c                CAN_RX1_IRQHandler
                0x0801226c                ADC_IRQHandler
                0x0801226c                DMAChannel5_IRQHandler
                0x0801226c                DMAChannel2_IRQHandler
                0x0801226c                __STM32ReservedException7
                0x0801226c                DMAChannel6_IRQHandler
                0x0801226c                DMAChannel3_IRQHandler
                0x0801226c                __STM32ReservedException9
 *fill*         0x0801226e        0x2 00
 .text          0x08012270       0x50 /home/laurence/CodeSourcery/Sourcery_G++_Lite/bin/../lib/gcc/arm-none-eabi/4.5.2/../../../../arm-none-eabi/lib/thumb2/libc.a(lib_a-init.o)
                0x08012270                __libc_init_array
 *(.plt)
 *(.gnu.warning)
 *(.glue_7t)
 .glue_7t       0x00000000        0x0 linker stubs
 *(.glue_7)
 .glue_7        0x00000000        0x0 linker stubs
 *(.vfp11_veneer)
 .vfp11_veneer  0x00000000        0x0 linker stubs
 *(.rodata .rodata.* .gnu.linkonce.r.*)
 .rodata        0x080122c0       0x90 Sensors/ppg_new.o
 .rodata        0x08012350       0xac Util/USB/usb_desc.o
                0x08012350                MASS_DeviceDescriptor
                0x08012364                MASS_ConfigDescriptor
                0x08012384                MASS_StringLangID
                0x08012388                MASS_StringVendor
                0x080123bc                MASS_StringProduct
                0x080123ec                MASS_StringInterface
 .rodata        0x080123fc     0x7738 Util/fat_fs/option/cc932.o
 .rodata.str1.4
                0x08019b34       0x13 Util/fat_fs/src/ff.o
                                 0x14 (size before relaxing)
 *fill*         0x08019b47        0x1 00
 .rodata        0x08019b48        0xc Util/fat_fs/src/rtc.o
 .rodata        0x08019b54       0x14 Util/rprintf.o
 .rodata.str1.4
                0x08019b68       0x1a Util/rprintf.o
                                 0x1c (size before relaxing)
 *fill*         0x08019b82        0x2 00
 .rodata        0x08019b84        0x4 i2c_int.o
                0x08019b84                TMP102_setup
 .rodata.str1.4
                0x08019b88       0x10 interrupts.o
 .rodata        0x08019b98       0x14 lib/CMSIS_CM3/system_stm32f10x.o
                0x08019b98                SystemFrequency
                0x08019b9c                SystemFrequency_SysClk
                0x08019ba0                SystemFrequency_AHBClk
                0x08019ba4                SystemFrequency_APB1Clk
                0x08019ba8                SystemFrequency_APB2Clk
 .rodata.str1.4
                0x08019bac      0x169 main.o
                                0x16c (size before relaxing)
 *fill*         0x08019d15        0x3 00
 .rodata.str1.4
                0x08019d18       0x16 pwr.o
                                 0x18 (size before relaxing)
 *fill*         0x08019d2e        0x2 00
 .rodata.str1.4
                0x08019d30        0x6 /home/laurence/CodeSourcery/Sourcery_G++_Lite/bin/../lib/gcc/arm-none-eabi/4.5.2/../../../../arm-none-eabi/lib/thumb2/libm.a(lib_a-wf_asin.o)
                                  0xc (size before relaxing)
 *fill*         0x08019d36        0x2 00
 .rodata.str1.4
                0x08019d38        0x8 /home/laurence/CodeSourcery/Sourcery_G++_Lite/bin/../lib/gcc/arm-none-eabi/4.5.2/../../../../arm-none-eabi/lib/thumb2/libm.a(lib_a-wf_sqrt.o)
 .rodata        0x08019d40      0x398 /home/laurence/CodeSourcery/Sourcery_G++_Lite/bin/../lib/gcc/arm-none-eabi/4.5.2/../../../../arm-none-eabi/lib/thumb2/libm.a(lib_a-ef_rem_pio2.o)
 .rodata        0x0801a0d8       0x38 /home/laurence/CodeSourcery/Sourcery_G++_Lite/bin/../lib/gcc/arm-none-eabi/4.5.2/../../../../arm-none-eabi/lib/thumb2/libm.a(lib_a-kf_rem_pio2.o)
 .rodata        0x0801a110       0x60 /home/laurence/CodeSourcery/Sourcery_G++_Lite/bin/../lib/gcc/arm-none-eabi/4.5.2/../../../../arm-none-eabi/lib/thumb2/libc.a(lib_a-findfp.o)
                0x0801a110                __sf_fake_stdin
                0x0801a130                __sf_fake_stdout
                0x0801a150                __sf_fake_stderr
 .rodata.str1.4
                0x00000000        0x4 /home/laurence/CodeSourcery/Sourcery_G++_Lite/bin/../lib/gcc/arm-none-eabi/4.5.2/../../../../arm-none-eabi/lib/thumb2/libc.a(lib_a-impure.o)
 *(.ARM.extab* .gnu.linkonce.armextab.*)
 *(.gcc_except_table)
 *(.eh_frame_hdr)
 *(.eh_frame)
                0x0801a170                . = ALIGN (0x4)
 *(.init)
 .init          0x0801a170        0x4 /home/laurence/CodeSourcery/Sourcery_G++_Lite/bin/../lib/gcc/arm-none-eabi/4.5.2/thumb2/crti.o
                0x0801a170                _init
 .init          0x0801a174        0x8 /home/laurence/CodeSourcery/Sourcery_G++_Lite/bin/../lib/gcc/arm-none-eabi/4.5.2/thumb2/crtn.o
                0x0801a17c                . = ALIGN (0x4)
                0x0801a17c                _sidata = .
                0x0801a17c                __preinit_array_start = .
 *(.preinit_array)
                0x0801a17c                __preinit_array_end = .
                0x0801a17c                . = ALIGN (0x4)
                0x0801a17c                __init_array_start = .
 *(SORT(.init_array.*))
 *(.init_array)
 .init_array    0x0801a17c        0x4 /home/laurence/CodeSourcery/Sourcery_G++_Lite/bin/../lib/gcc/arm-none-eabi/4.5.2/thumb2/crtbegin.o
                0x0801a180                __init_array_end = .
                0x0801a180                . = ALIGN (0x4)
 *crtbegin.o(.ctors)
 *(EXCLUDE_FILE(*crtend.o) .ctors)
 *(SORT(.ctors.*))
 *crtend.o(.ctors)
                0x0801a180                . = ALIGN (0x4)
 *(.fini)
 .fini          0x0801a180        0x4 /home/laurence/CodeSourcery/Sourcery_G++_Lite/bin/../lib/gcc/arm-none-eabi/4.5.2/thumb2/crti.o
                0x0801a180                _fini
 .fini          0x0801a184        0x8 /home/laurence/CodeSourcery/Sourcery_G++_Lite/bin/../lib/gcc/arm-none-eabi/4.5.2/thumb2/crtn.o
                0x0801a18c                . = ALIGN (0x4)
                0x0801a18c                __fini_array_start = .
 *(.fini_array)
 .fini_array    0x0801a18c        0x4 /home/laurence/CodeSourcery/Sourcery_G++_Lite/bin/../lib/gcc/arm-none-eabi/4.5.2/thumb2/crtbegin.o
 *(SORT(.fini_array.*))
                0x0801a190                __fini_array_end = .
 *crtbegin.o(.dtors)
 *(EXCLUDE_FILE(*crtend.o) .dtors)
 *(SORT(.dtors.*))
 *crtend.o(.dtors)
                0x0801a190                . = ALIGN (0x4)
                0x0801a190                __cs3_regions = .
                0x0801a190        0x4 LONG 0x0
                0x0801a194        0x4 LONG 0x801a1a8 __cs3_region_init_ram
                0x0801a198        0x4 LONG 0x20000000 __cs3_region_start_ram
                0x0801a19c        0x4 LONG 0x698 __cs3_region_init_size_ram
                0x0801a1a0        0x4 LONG 0x970 __cs3_region_zero_size_ram
                0x0801a1a4                __exidx_start = .

.v4_bx          0x0801a1a4        0x0
 .v4_bx         0x00000000        0x0 linker stubs

.ARM.exidx
 *(.ARM.exidx* .gnu.linkonce.armexidx.*)
                0x0801a1a4                __exidx_end = .

.text.align     0x0801a1a4        0x4
                0x0801a1a8                . = ALIGN (0x8)
 *fill*         0x0801a1a4        0x4 00
                0x0801a1a8                _etext = .
                0x08020000                __cs3_region_end_rom = (__cs3_region_start_rom + 0x20000)
                0x00020000                __cs3_region_size_rom = 0x20000
                0x00000001                __cs3_region_num = 0x1

.data           0x20000000      0x698 load address 0x0801a1a8
                0x20000000                __cs3_region_start_ram = .
                0x20000000                _sdata = .
 *(.cs3.region-head.ram)
 *(.jcr)
 .jcr           0x20000000        0x0 /home/laurence/CodeSourcery/Sourcery_G++_Lite/bin/../lib/gcc/arm-none-eabi/4.5.2/thumb2/crtbegin.o
 .jcr           0x20000000        0x4 /home/laurence/CodeSourcery/Sourcery_G++_Lite/bin/../lib/gcc/arm-none-eabi/4.5.2/thumb2/crtend.o
 *(.got.plt)
 *(.got)
 *(.shdata)
 *(.data .data.* .gnu.linkonce.d.*)
 .data          0x20000004       0x74 Util/USB/scsi_data.o
                0x20000004                Standard_Inquiry_Data
                0x20000028                Standard_Inquiry_Data2
                0x2000004c                Mode_Sense6_data
                0x20000050                Mode_Sense10_data
                0x20000058                Scsi_Sense_Data
                0x2000006c                ReadFormatCapacity_Data
 .data          0x20000078       0x1c Util/USB/usb_desc.o
                0x20000078                MASS_StringSerial
 .data          0x20000094       0x38 Util/USB/usb_istr.o
                0x20000094                pEpInt_IN
                0x200000b0                pEpInt_OUT
 .data          0x200000cc       0x90 Util/USB/usb_prop.o
                0x200000cc                String_Descriptor
                0x200000f4                Config_Descriptor
                0x200000fc                Device_Descriptor
                0x20000104                Device_Property
                0x20000134                Device_Table
                0x20000138                User_Standard_Requests
 .data          0x2000015c        0x1 Util/USB/usb_pwr.o
                0x2000015c                fSuspendEnabled
 *fill*         0x2000015d        0x3 00
 .data          0x20000160        0x4 Util/fat_fs/src/sd_spi_stm32.o
 .data          0x20000164       0x10 i2c_int.o
                0x20000164                I2C_jobs
 .data.ADCPrescTable
                0x20000174        0x4 lib/STM32F10x_StdPeriph_Driver/libstm32fw.a(stm32f10x_rcc.o)
 .data.APBAHBPrescTable
                0x20000178       0x10 lib/STM32F10x_StdPeriph_Driver/libstm32fw.a(stm32f10x_rcc.o)
 .data          0x20000188        0x1 /home/laurence/CodeSourcery/Sourcery_G++_Lite/bin/../lib/gcc/arm-none-eabi/4.5.2/../../../../arm-none-eabi/lib/thumb2/libm.a(lib_a-s_lib_ver.o)
                0x20000188                __fdlib_version
 *fill*         0x20000189        0x3 00
 .data          0x2000018c       0xf4 /home/laurence/CodeSourcery/Sourcery_G++_Lite/bin/../lib/gcc/arm-none-eabi/4.5.2/../../../../arm-none-eabi/lib/thumb2/libc.a(lib_a-impure.o)
                0x2000018c                _impure_ptr
 .data          0x20000280      0x410 /home/laurence/CodeSourcery/Sourcery_G++_Lite/bin/../lib/gcc/arm-none-eabi/4.5.2/../../../../arm-none-eabi/lib/thumb2/libc.a(lib_a-mallocr.o)
                0x20000280                __malloc_av_
                0x20000688                __malloc_sbrk_base
                0x2000068c                __malloc_trim_threshold
 .data          0x20000690        0x4 /home/laurence/CodeSourcery/Sourcery_G++_Lite/bin/../lib/gcc/arm-none-eabi/4.5.2/../../../../arm-none-eabi/lib/thumb2/libcs3unhosted.a(unhosted-sbrk.o)
 .data          0x20000694        0x4 /home/laurence/CodeSourcery/Sourcery_G++_Lite/bin/../lib/gcc/arm-none-eabi/4.5.2/../../../../arm-none-eabi/lib/thumb2/libcs3.a(heap.o)
                0x20000694                __cs3_heap_limit
 *(.ram)
                0x20000698                . = ALIGN (0x8)
                0x20000698                _edata = .

.bss            0x20000698      0x970 load address 0x0801a840
                0x20000698                _sbss = .
 *(.shbss)
 *(.bss .bss.* .gnu.linkonce.b.*)
 .bss           0x20000698        0x1 /home/laurence/CodeSourcery/Sourcery_G++_Lite/bin/../lib/gcc/arm-none-eabi/4.5.2/thumb2/crtbegin.o
 *fill*         0x20000699        0x3 00
 .bss           0x2000069c       0x1c Sensors/ppg_new.o
 .bss           0x200006b8       0x34 Sensors/pressure.o
 .bss           0x200006ec        0x4 Util/USB/mass_mal.o
                0x200006ec                Status
 .bss           0x200006f0       0x1c Util/USB/memory.o
                0x200006f0                TransferState
                0x200006fc                Counter
                0x20000708                Block_Read_count
 .bss           0x2000070c       0x10 Util/USB/scsi_data.o
                0x2000070c                Page00_Inquiry_Data
                0x20000714                ReadCapacity10_Data
 .bss           0x2000071c        0x1 Util/USB/usb_istr.o
                0x2000071c                bIntPackSOF
 *fill*         0x2000071d        0x3 00
 .bss           0x20000720        0x4 Util/USB/usb_prop.o
                0x20000720                Max_Lun
 .bss           0x20000724        0x4 Util/USB/usb_pwr.o
                0x20000724                bDeviceState
 .bss           0x20000728        0x8 Util/fat_fs/src/ff.o
 .bss           0x20000730       0x10 Util/fat_fs/src/sd_spi_stm32.o
 .bss           0x20000740       0x84 Util/rprintf.o
 .bss           0x200007c4        0x3 i2c_int.o
 *fill*         0x200007c7        0x1 00
 .bss           0x200007c8       0x18 interrupts.o
 .bss           0x200007e0      0x234 main.o
                0x200007e0                file_opened
 .bss.Data_Mul_MaxPacketSize
                0x20000a14        0x1 lib/STM32_USB-FS-Device_Driver/libstm32usb.a(usb_core.o)
                0x20000a14                Data_Mul_MaxPacketSize
 *fill*         0x20000a15        0x3 00
 .bss           0x20000a18       0x34 /home/laurence/CodeSourcery/Sourcery_G++_Lite/bin/../lib/gcc/arm-none-eabi/4.5.2/../../../../arm-none-eabi/lib/thumb2/libc.a(lib_a-mallocr.o)
                0x20000a18                __malloc_top_pad
                0x20000a1c                __malloc_current_mallinfo
                0x20000a44                __malloc_max_sbrked_mem
                0x20000a48                __malloc_max_total_mem
 *(COMMON)
 COMMON         0x20000a4c        0xc Sensors/ppg_new.o
                0x20000a4c                Last_PPG_Values
 COMMON         0x20000a58        0x8 Sensors/pressure.o
                0x20000a58                Reported_Pressure
                0x20000a5c                Pressure_Offset
 COMMON         0x20000a60        0xa Sensors/temperature.o
                0x20000a60                Device_Temperature
                0x20000a64                TMP102_Reported_Temperature
                0x20000a68                TMP102_Data_Buffer
 *fill*         0x20000a6a        0x2 00
 COMMON         0x20000a6c       0x1c Util/USB/mass_mal.o
                0x20000a6c                Mass_Memory_Size
                0x20000a74                Mass_Block_Size
                0x20000a7c                Mass_Block_Count
                0x20000a84                Data_Buffer
 COMMON         0x20000a88        0x8 Util/USB/memory.o
                0x20000a88                Block_offset
                0x20000a8c                Idx
 COMMON         0x20000a90       0x7c Util/USB/usb_bot.o
                0x20000a90                CBW
                0x20000ab0                Data_Len
                0x20000ab2                Bot_State
                0x20000ab4                SCSI_LBA
                0x20000ab8                CSW
                0x20000ac8                SCSI_BlkLen
                0x20000acc                Bulk_Data_Buff
 COMMON         0x20000b0c        0x2 Util/USB/usb_istr.o
                0x20000b0c                wIstr
 *fill*         0x20000b0e        0x2 00
 COMMON         0x20000b10        0x2 Util/USB/usb_pwr.o
                0x20000b10                ResumeS
 COMMON         0x20000b12        0x1 Util/fat_fs/src/sd_spi_stm32.o
                0x20000b12                Sd_Spi_Called_From_USB_MSC
 *fill*         0x20000b13        0x1 00
 COMMON         0x20000b14        0x4 adc.o
                0x20000b14                ADC1_Convertion_buff
 COMMON         0x20000b18        0x1 gpio.o
                0x20000b18                bootsource
 *fill*         0x20000b19        0x3 00
 COMMON         0x20000b1c        0xd i2c_int.o
                0x20000b1c                I2C1error
                0x20000b20                Jobs
                0x20000b24                Completed_Jobs
                0x20000b28                job
 COMMON         0x20000b29        0x1 interrupts.o
                0x20000b29                Button_hold_tim
 *fill*         0x20000b2a        0x2 00
 COMMON         0x20000b2c      0x498 main.o
                0x20000b2c                Pressure_control
                0x20000b30                Temperatures_Buffer
                0x20000b3c                f_err_code
                0x20000b40                Buff
                0x20000b64                System_state_Global
                0x20000b68                Millis
                0x20000b6c                Sensors
                0x20000b70                FATFS_info
                0x20000b90                Pressures_Buffer
                0x20000b9c                Pressure_Setpoint
                0x20000ba0                print_string
                0x20000ca0                Thermistor_Buffer
                0x20000cac                a
                0x20000cb0                FATFS_logfile
                0x20000ed4                my_reent
 COMMON         0x20000fc4        0x2 lib/STM32_USB-FS-Device_Driver/libstm32usb.a(usb_core.o)
                0x20000fc4                StatusInfo
 *fill*         0x20000fc6        0x2 00
 COMMON         0x20000fc8       0x32 lib/STM32_USB-FS-Device_Driver/libstm32usb.a(usb_init.o)
                0x20000fc8                SaveState
                0x20000fcc                pProperty
                0x20000fd0                EPindex
                0x20000fd4                Device_Info
                0x20000ff0                pUser_Standard_Requests
                0x20000ff4                pInformation
                0x20000ff8                wInterrupt_Mask
 COMMON         0x20000ffa        0x4 lib/STM32_USB-FS-Device_Driver/libstm32usb.a(usb_int.o)
                0x20000ffa                SaveRState
                0x20000ffc                SaveTState
 *fill*         0x20000ffe        0x2 00
 COMMON         0x20001000        0x4 /home/laurence/CodeSourcery/Sourcery_G++_Lite/bin/../lib/gcc/arm-none-eabi/4.5.2/../../../../arm-none-eabi/lib/thumb2/libc.a(lib_a-reent.o)
                0x20001000                errno
 *(.ram.b)
                0x20001008                . = ALIGN (0x8)
 *fill*         0x20001004        0x4 00
                0x20001008                _ebss = .

.noinit         0x20001008        0x0 load address 0x0801a840
 *(.noinit)
                0x20001008                . = ALIGN (0x8)
                0x20001008                _end = .
                0x20005000                __cs3_region_end_ram = (__cs3_region_start_ram + 0x5000)
                0x00005000                __cs3_region_size_ram = 0x5000
                0x0801a1a8                __cs3_region_init_ram = LOADADDR (.data)
                0x00000698                __cs3_region_init_size_ram = (_edata - ADDR (.data))
                0x00000970                __cs3_region_zero_size_ram = (_end - _edata)
                0x00000001                __cs3_region_num = 0x1

.stab
 *(.stab)

.stabstr
 *(.stabstr)

.debug
 *(.debug)

.line
 *(.line)

.debug_srcinfo
 *(.debug_srcinfo)

.debug_sfnames
 *(.debug_sfnames)

.comment        0x00000000       0x2a
 .comment       0x00000000       0x2a Sensors/ppg_new.o
                                 0x2b (size before relaxing)
 .comment       0x00000000       0x2b Sensors/pressure.o
 .comment       0x00000000       0x2b Sensors/temperature.o
 .comment       0x00000000       0x2b Util/USB/hw_config.o
 .comment       0x00000000       0x2b Util/USB/mass_mal.o
 .comment       0x00000000       0x2b Util/USB/memory.o
 .comment       0x00000000       0x2b Util/USB/scsi_data.o
 .comment       0x00000000       0x2b Util/USB/usb_bot.o
 .comment       0x00000000       0x2b Util/USB/usb_desc.o
 .comment       0x00000000       0x2b Util/USB/usb_endp.o
 .comment       0x00000000       0x2b Util/USB/usb_istr.o
 .comment       0x00000000       0x2b Util/USB/usb_prop.o
 .comment       0x00000000       0x2b Util/USB/usb_pwr.o
 .comment       0x00000000       0x2b Util/USB/usb_scsi.o
 .comment       0x00000000       0x2b Util/buffer.o
 .comment       0x00000000       0x2b Util/delay.o
 .comment       0x00000000       0x2b Util/fat_fs/option/cc932.o
 .comment       0x00000000       0x2b Util/fat_fs/option/syscall.o
 .comment       0x00000000       0x2b Util/fat_fs/src/fattime.o
 .comment       0x00000000       0x2b Util/fat_fs/src/ff.o
 .comment       0x00000000       0x2b Util/fat_fs/src/rtc.o
 .comment       0x00000000       0x2b Util/fat_fs/src/sd_spi_stm32.o
 .comment       0x00000000       0x2b Util/rprintf.o
 .comment       0x00000000       0x2b adc.o
 .comment       0x00000000       0x2b bootload.o
 .comment       0x00000000       0x2b gpio.o
 .comment       0x00000000       0x2b i2c_int.o
 .comment       0x00000000       0x2b interrupts.o
 .comment       0x00000000       0x2b lib/CMSIS_CM3/core_cm3.o
 .comment       0x00000000       0x2b lib/CMSIS_CM3/system_stm32f10x.o
 .comment       0x00000000       0x2b main.o
 .comment       0x00000000       0x2b pwr.o
 .comment       0x00000000       0x2b timer.o
 .comment       0x00000000       0x2b usart.o
 .comment       0x00000000       0x2b watchdog.o
 .comment       0x00000000       0x2b lib/STM32F10x_StdPeriph_Driver/libstm32fw.a(misc.o)
 .comment       0x00000000       0x2b lib/STM32F10x_StdPeriph_Driver/libstm32fw.a(stm32f10x_adc.o)
 .comment       0x00000000       0x2b lib/STM32F10x_StdPeriph_Driver/libstm32fw.a(stm32f10x_bkp.o)
 .comment       0x00000000       0x2b lib/STM32F10x_StdPeriph_Driver/libstm32fw.a(stm32f10x_dbgmcu.o)
 .comment       0x00000000       0x2b lib/STM32F10x_StdPeriph_Driver/libstm32fw.a(stm32f10x_dma.o)
 .comment       0x00000000       0x2b lib/STM32F10x_StdPeriph_Driver/libstm32fw.a(stm32f10x_exti.o)
 .comment       0x00000000       0x2b lib/STM32F10x_StdPeriph_Driver/libstm32fw.a(stm32f10x_gpio.o)
 .comment       0x00000000       0x2b lib/STM32F10x_StdPeriph_Driver/libstm32fw.a(stm32f10x_i2c.o)
 .comment       0x00000000       0x2b lib/STM32F10x_StdPeriph_Driver/libstm32fw.a(stm32f10x_iwdg.o)
 .comment       0x00000000       0x2b lib/STM32F10x_StdPeriph_Driver/libstm32fw.a(stm32f10x_pwr.o)
 .comment       0x00000000       0x2b lib/STM32F10x_StdPeriph_Driver/libstm32fw.a(stm32f10x_rcc.o)
 .comment       0x00000000       0x2b lib/STM32F10x_StdPeriph_Driver/libstm32fw.a(stm32f10x_rtc.o)
 .comment       0x00000000       0x2b lib/STM32F10x_StdPeriph_Driver/libstm32fw.a(stm32f10x_spi.o)
 .comment       0x00000000       0x2b lib/STM32F10x_StdPeriph_Driver/libstm32fw.a(stm32f10x_tim.o)
 .comment       0x00000000       0x2b lib/STM32F10x_StdPeriph_Driver/libstm32fw.a(stm32f10x_usart.o)
 .comment       0x00000000       0x2b lib/STM32_USB-FS-Device_Driver/libstm32usb.a(usb_core.o)
 .comment       0x00000000       0x2b lib/STM32_USB-FS-Device_Driver/libstm32usb.a(usb_init.o)
 .comment       0x00000000       0x2b lib/STM32_USB-FS-Device_Driver/libstm32usb.a(usb_int.o)
 .comment       0x00000000       0x2b lib/STM32_USB-FS-Device_Driver/libstm32usb.a(usb_mem.o)
 .comment       0x00000000       0x2b lib/STM32_USB-FS-Device_Driver/libstm32usb.a(usb_regs.o)
 .comment       0x00000000       0x2b lib/STM32_USB-FS-Device_Driver/libstm32usb.a(usb_sil.o)

.debug_aranges  0x00000000      0x408
 *(.debug_aranges)
 .debug_aranges
                0x00000000       0x20 Sensors/ppg_new.o
 .debug_aranges
                0x00000020       0x20 Sensors/pressure.o
 .debug_aranges
                0x00000040       0x20 Sensors/temperature.o
 .debug_aranges
                0x00000060       0x20 Util/USB/hw_config.o
 .debug_aranges
                0x00000080       0x20 Util/USB/mass_mal.o
 .debug_aranges
                0x000000a0       0x20 Util/USB/memory.o
 .debug_aranges
                0x000000c0       0x20 Util/USB/usb_bot.o
 .debug_aranges
                0x000000e0       0x20 Util/USB/usb_endp.o
 .debug_aranges
                0x00000100       0x20 Util/USB/usb_istr.o
 .debug_aranges
                0x00000120       0x20 Util/USB/usb_prop.o
 .debug_aranges
                0x00000140       0x20 Util/USB/usb_pwr.o
 .debug_aranges
                0x00000160       0x20 Util/USB/usb_scsi.o
 .debug_aranges
                0x00000180       0x20 Util/buffer.o
 .debug_aranges
                0x000001a0       0x20 Util/delay.o
 .debug_aranges
                0x000001c0       0x20 Util/fat_fs/option/cc932.o
 .debug_aranges
                0x000001e0       0x20 Util/fat_fs/src/fattime.o
 .debug_aranges
                0x00000200       0x20 Util/fat_fs/src/ff.o
 .debug_aranges
                0x00000220       0x20 Util/fat_fs/src/rtc.o
 .debug_aranges
                0x00000240       0x20 Util/fat_fs/src/sd_spi_stm32.o
 .debug_aranges
                0x00000260       0x20 Util/rprintf.o
 .debug_aranges
                0x00000280       0x20 adc.o
 .debug_aranges
                0x000002a0       0x20 gpio.o
 .debug_aranges
                0x000002c0       0x20 i2c_int.o
 .debug_aranges
                0x000002e0       0x20 interrupts.o
 .debug_aranges
                0x00000300       0x20 lib/CMSIS_CM3/core_cm3.o
 .debug_aranges
                0x00000320       0x28 lib/CMSIS_CM3/startup/gcc/startup_stm32f10x_md.o
 .debug_aranges
                0x00000348       0x20 lib/CMSIS_CM3/system_stm32f10x.o
 .debug_aranges
                0x00000368       0x20 main.o
 .debug_aranges
                0x00000388       0x20 pwr.o
 .debug_aranges
                0x000003a8       0x20 timer.o
 .debug_aranges
                0x000003c8       0x20 usart.o
 .debug_aranges
                0x000003e8       0x20 watchdog.o

.debug_pubnames
                0x00000000     0x16bc
 *(.debug_pubnames)
 .debug_pubnames
                0x00000000       0x87 Sensors/ppg_new.o
 .debug_pubnames
                0x00000087       0x80 Sensors/pressure.o
 .debug_pubnames
                0x00000107       0xa9 Sensors/temperature.o
 .debug_pubnames
                0x000001b0      0x113 Util/USB/hw_config.o
 .debug_pubnames
                0x000002c3       0xa5 Util/USB/mass_mal.o
 .debug_pubnames
                0x00000368       0x7f Util/USB/memory.o
 .debug_pubnames
                0x000003e7       0xd2 Util/USB/scsi_data.o
 .debug_pubnames
                0x000004b9       0xd9 Util/USB/usb_bot.o
 .debug_pubnames
                0x00000592       0xb8 Util/USB/usb_desc.o
 .debug_pubnames
                0x0000064a       0x3b Util/USB/usb_endp.o
 .debug_pubnames
                0x00000685       0x56 Util/USB/usb_istr.o
 .debug_pubnames
                0x000006db      0x1f6 Util/USB/usb_prop.o
 .debug_pubnames
                0x000008d1       0x83 Util/USB/usb_pwr.o
 .debug_pubnames
                0x00000954      0x195 Util/USB/usb_scsi.o
 .debug_pubnames
                0x00000ae9       0x59 Util/buffer.o
 .debug_pubnames
                0x00000b42       0x1c Util/delay.o
 .debug_pubnames
                0x00000b5e       0x31 Util/fat_fs/option/cc932.o
 .debug_pubnames
                0x00000b8f       0x22 Util/fat_fs/src/fattime.o
 .debug_pubnames
                0x00000bb1      0x14a Util/fat_fs/src/ff.o
 .debug_pubnames
                0x00000cfb       0x55 Util/fat_fs/src/rtc.o
 .debug_pubnames
                0x00000d50       0xdb Util/fat_fs/src/sd_spi_stm32.o
 .debug_pubnames
                0x00000e2b       0xf9 Util/rprintf.o
 .debug_pubnames
                0x00000f24       0x66 adc.o
 .debug_pubnames
                0x00000f8a       0x72 gpio.o
 .debug_pubnames
                0x00000ffc       0xc7 i2c_int.o
 .debug_pubnames
                0x000010c3      0x175 interrupts.o
 .debug_pubnames
                0x00001238      0x159 lib/CMSIS_CM3/core_cm3.o
 .debug_pubnames
                0x00001391       0xa3 lib/CMSIS_CM3/system_stm32f10x.o
 .debug_pubnames
                0x00001434      0x162 main.o
 .debug_pubnames
                0x00001596       0x54 pwr.o
 .debug_pubnames
                0x000015ea       0x2e timer.o
 .debug_pubnames
                0x00001618       0x64 usart.o
 .debug_pubnames
                0x0000167c       0x40 watchdog.o

.debug_info     0x00000000     0xe39d
 *(.debug_info .gnu.linkonce.wi.*)
 .debug_info    0x00000000      0x6c5 Sensors/ppg_new.o
 .debug_info    0x000006c5      0x1ed Sensors/pressure.o
 .debug_info    0x000008b2      0x150 Sensors/temperature.o
 .debug_info    0x00000a02      0x738 Util/USB/hw_config.o
 .debug_info    0x0000113a      0x331 Util/USB/mass_mal.o
 .debug_info    0x0000146b      0x3b3 Util/USB/memory.o
 .debug_info    0x0000181e      0x16b Util/USB/scsi_data.o
 .debug_info    0x00001989      0x49d Util/USB/usb_bot.o
 .debug_info    0x00001e26      0x187 Util/USB/usb_desc.o
 .debug_info    0x00001fad       0x98 Util/USB/usb_endp.o
 .debug_info    0x00002045      0x311 Util/USB/usb_istr.o
 .debug_info    0x00002356      0x9bb Util/USB/usb_prop.o
 .debug_info    0x00002d11      0x3c3 Util/USB/usb_pwr.o
 .debug_info    0x000030d4      0x87e Util/USB/usb_scsi.o
 .debug_info    0x00003952      0x1ba Util/buffer.o
 .debug_info    0x00003b0c       0xc8 Util/delay.o
 .debug_info    0x00003bd4      0x1b9 Util/fat_fs/option/cc932.o
 .debug_info    0x00003d8d       0x77 Util/fat_fs/option/syscall.o
 .debug_info    0x00003e04      0x15a Util/fat_fs/src/fattime.o
 .debug_info    0x00003f5e     0x3270 Util/fat_fs/src/ff.o
 .debug_info    0x000071ce      0x532 Util/fat_fs/src/rtc.o
 .debug_info    0x00007700     0x139d Util/fat_fs/src/sd_spi_stm32.o
 .debug_info    0x00008a9d      0xe1f Util/rprintf.o
 .debug_info    0x000098bc      0x47d adc.o
 .debug_info    0x00009d39       0x77 bootload.o
 .debug_info    0x00009db0      0x2a3 gpio.o
 .debug_info    0x0000a053      0x6ba i2c_int.o
 .debug_info    0x0000a70d      0xdf0 interrupts.o
 .debug_info    0x0000b4fd      0x543 lib/CMSIS_CM3/core_cm3.o
 .debug_info    0x0000ba40       0x79 lib/CMSIS_CM3/startup/gcc/startup_stm32f10x_md.o
 .debug_info    0x0000bab9      0x2d0 lib/CMSIS_CM3/system_stm32f10x.o
 .debug_info    0x0000bd89     0x17bf main.o
 .debug_info    0x0000d548      0x346 pwr.o
 .debug_info    0x0000d88e      0x5e8 timer.o
 .debug_info    0x0000de76      0x449 usart.o
 .debug_info    0x0000e2bf       0xde watchdog.o

.debug_abbrev   0x00000000     0x30ab
 *(.debug_abbrev)
 .debug_abbrev  0x00000000      0x1d1 Sensors/ppg_new.o
 .debug_abbrev  0x000001d1      0x10a Sensors/pressure.o
 .debug_abbrev  0x000002db       0x79 Sensors/temperature.o
 .debug_abbrev  0x00000354      0x2d3 Util/USB/hw_config.o
 .debug_abbrev  0x00000627      0x111 Util/USB/mass_mal.o
 .debug_abbrev  0x00000738      0x167 Util/USB/memory.o
 .debug_abbrev  0x0000089f       0x5c Util/USB/scsi_data.o
 .debug_abbrev  0x000008fb      0x198 Util/USB/usb_bot.o
 .debug_abbrev  0x00000a93       0x63 Util/USB/usb_desc.o
 .debug_abbrev  0x00000af6       0x41 Util/USB/usb_endp.o
 .debug_abbrev  0x00000b37      0x113 Util/USB/usb_istr.o
 .debug_abbrev  0x00000c4a      0x1d0 Util/USB/usb_prop.o
 .debug_abbrev  0x00000e1a      0x1bd Util/USB/usb_pwr.o
 .debug_abbrev  0x00000fd7      0x253 Util/USB/usb_scsi.o
 .debug_abbrev  0x0000122a       0xd8 Util/buffer.o
 .debug_abbrev  0x00001302       0x7e Util/delay.o
 .debug_abbrev  0x00001380       0xd2 Util/fat_fs/option/cc932.o
 .debug_abbrev  0x00001452       0x2c Util/fat_fs/option/syscall.o
 .debug_abbrev  0x0000147e       0x97 Util/fat_fs/src/fattime.o
 .debug_abbrev  0x00001515      0x2f7 Util/fat_fs/src/ff.o
 .debug_abbrev  0x0000180c      0x213 Util/fat_fs/src/rtc.o
 .debug_abbrev  0x00001a1f      0x37f Util/fat_fs/src/sd_spi_stm32.o
 .debug_abbrev  0x00001d9e      0x2e4 Util/rprintf.o
 .debug_abbrev  0x00002082      0x185 adc.o
 .debug_abbrev  0x00002207       0x2c bootload.o
 .debug_abbrev  0x00002233      0x158 gpio.o
 .debug_abbrev  0x0000238b      0x1f5 i2c_int.o
 .debug_abbrev  0x00002580      0x22d interrupts.o
 .debug_abbrev  0x000027ad       0xd2 lib/CMSIS_CM3/core_cm3.o